=== Full Benchmark Log: Sun Oct  4 03:24:56 UTC 2026 ===


================================================================
 Application  : opengene (/home/mpiuser/bioauto_rev/fastp_d0bromir/../fastp_opengene/fastp)
 Dataset      : WGS PE 40G (DRR216653 R1+R2)
 Files        : R1=/home/mpiuser/FASTQ/WGS/DRR216653_1.fastq.gz
               R2=/home/mpiuser/FASTQ/WGS/DRR216653_2.fastq.gz
 Type         : PE
 Threads      : 32
 Wall time    : 684.936 s
 reads_in     : 722563222
 reads_out    : 717214748
 vs_opengene  : baseline
--- Resource usage ---
 CPU avg/peak : 1803.7% / 2665.2%
 RSS peak     : 1976 MiB
 GPU util a/p : 0.0% / 0.0%
 GPU mem peak : 0 MiB
 Sample CSV   : /home/mpiuser/bioauto_rev/fastp_d0bromir/benchmark_results/20261004_032456/resources/resource_WGS_PE_40G_opengene_T32_1791084297.csv
--- Profiling output ---
[03:24:58] start to load data of read1 
[03:24:58] start to load data of read2 
[03:24:58] /dev/shm/fastp_bench_ozPMw8_R2.fq.gz writer finished 
[03:24:58] /dev/shm/fastp_bench_kYFpV5_R1.fq.gz writer finished 
[03:24:59] Read2: loaded 1M reads 
[03:24:59] Read1: loaded 1M reads 
[03:25:00] Read2: loaded 2M reads 
[03:25:00] Read1: loaded 2M reads 
[03:25:01] Read1: loaded 3M reads 
[03:25:01] Read2: loaded 3M reads 
[03:25:02] Read1: loaded 4M reads 
[03:25:02] Read2: loaded 4M reads 
[03:25:03] Read2: loaded 5M reads 
[03:25:03] Read1: loaded 5M reads 
[03:25:04] Read1: loaded 6M reads 
[03:25:04] Read2: loaded 6M reads 
[03:25:05] Read1: loaded 7M reads 
[03:25:05] Read2: loaded 7M reads 
[03:25:06] Read1: loaded 8M reads 
[03:25:06] Read2: loaded 8M reads 
[03:25:08] Read1: loaded 9M reads 
[03:25:08] Read2: loaded 9M reads 
[03:25:09] Read2: loaded 10M reads 
[03:25:09] Read1: loaded 10M reads 
[03:25:10] Read2: loaded 11M reads 
[03:25:10] Read1: loaded 11M reads 
[03:25:11] Read2: loaded 12M reads 
[03:25:11] Read1: loaded 12M reads 
[03:25:12] Read2: loaded 13M reads 
[03:25:12] Read1: loaded 13M reads 
[03:25:13] Read2: loaded 14M reads 
[03:25:13] Read1: loaded 14M reads 
[03:25:14] Read2: loaded 15M reads 
[03:25:14] Read1: loaded 15M reads 
[03:25:16] Read2: loaded 16M reads 
[03:25:16] Read1: loaded 16M reads 
[03:25:17] Read2: loaded 17M reads 
[03:25:17] Read1: loaded 17M reads 
[03:25:18] Read2: loaded 18M reads 
[03:25:18] Read1: loaded 18M reads 
[03:25:19] Read2: loaded 19M reads 
[03:25:19] Read1: loaded 19M reads 
[03:25:20] Read2: loaded 20M reads 
[03:25:20] Read1: loaded 20M reads 
[03:25:21] Read2: loaded 21M reads 
[03:25:21] Read1: loaded 21M reads 
[03:25:22] Read2: loaded 22M reads 
[03:25:22] Read1: loaded 22M reads 
[03:25:23] Read2: loaded 23M reads 
[03:25:23] Read1: loaded 23M reads 
[03:25:25] Read1: loaded 24M reads 
[03:25:25] Read2: loaded 24M reads 
[03:25:26] Read1: loaded 25M reads 
[03:25:26] Read2: loaded 25M reads 
[03:25:27] Read1: loaded 26M reads 
[03:25:27] Read2: loaded 26M reads 
[03:25:28] Read2: loaded 27M reads 
[03:25:28] Read1: loaded 27M reads 
[03:25:29] Read2: loaded 28M reads 
[03:25:29] Read1: loaded 28M reads 
[03:25:30] Read2: loaded 29M reads 
[03:25:30] Read1: loaded 29M reads 
[03:25:31] Read1: loaded 30M reads 
[03:25:31] Read2: loaded 30M reads 
[03:25:32] Read1: loaded 31M reads 
[03:25:32] Read2: loaded 31M reads 
[03:25:34] Read2: loaded 32M reads 
[03:25:34] Read1: loaded 32M reads 
[03:25:35] Read2: loaded 33M reads 
[03:25:35] Read1: loaded 33M reads 
[03:25:36] Read2: loaded 34M reads 
[03:25:36] Read1: loaded 34M reads 
[03:25:37] Read1: loaded 35M reads 
[03:25:37] Read2: loaded 35M reads 
[03:25:38] Read1: loaded 36M reads 
[03:25:38] Read2: loaded 36M reads 
[03:25:39] Read1: loaded 37M reads 
[03:25:39] Read2: loaded 37M reads 
[03:25:40] Read2: loaded 38M reads 
[03:25:40] Read1: loaded 38M reads 
[03:25:42] Read2: loaded 39M reads 
[03:25:42] Read1: loaded 39M reads 
[03:25:43] Read2: loaded 40M reads 
[03:25:43] Read1: loaded 40M reads 
[03:25:44] Read1: loaded 41M reads 
[03:25:44] Read2: loaded 41M reads 
[03:25:45] Read1: loaded 42M reads 
[03:25:45] Read2: loaded 42M reads 
[03:25:46] Read2: loaded 43M reads 
[03:25:46] Read1: loaded 43M reads 
[03:25:47] Read2: loaded 44M reads 
[03:25:47] Read1: loaded 44M reads 
[03:25:48] Read2: loaded 45M reads 
[03:25:48] Read1: loaded 45M reads 
[03:25:49] Read1: loaded 46M reads 
[03:25:49] Read2: loaded 46M reads 
[03:25:51] Read1: loaded 47M reads 
[03:25:51] Read2: loaded 47M reads 
[03:25:52] Read1: loaded 48M reads 
[03:25:52] Read2: loaded 48M reads 
[03:25:53] Read1: loaded 49M reads 
[03:25:53] Read2: loaded 49M reads 
[03:25:54] Read1: loaded 50M reads 
[03:25:54] Read2: loaded 50M reads 
[03:25:55] Read1: loaded 51M reads 
[03:25:55] Read2: loaded 51M reads 
[03:25:56] Read1: loaded 52M reads 
[03:25:56] Read2: loaded 52M reads 
[03:25:57] Read1: loaded 53M reads 
[03:25:57] Read2: loaded 53M reads 
[03:25:59] Read1: loaded 54M reads 
[03:25:59] Read2: loaded 54M reads 
[03:26:00] Read1: loaded 55M reads 
[03:26:00] Read2: loaded 55M reads 
[03:26:01] Read1: loaded 56M reads 
[03:26:01] Read2: loaded 56M reads 
[03:26:02] Read1: loaded 57M reads 
[03:26:02] Read2: loaded 57M reads 
[03:26:03] Read1: loaded 58M reads 
[03:26:03] Read2: loaded 58M reads 
[03:26:04] Read1: loaded 59M reads 
[03:26:04] Read2: loaded 59M reads 
[03:26:05] Read1: loaded 60M reads 
[03:26:05] Read2: loaded 60M reads 
[03:26:07] Read1: loaded 61M reads 
[03:26:07] Read2: loaded 61M reads 
[03:26:08] Read1: loaded 62M reads 
[03:26:08] Read2: loaded 62M reads 
[03:26:09] Read2: loaded 63M reads 
[03:26:09] Read1: loaded 63M reads 
[03:26:10] Read1: loaded 64M reads 
[03:26:10] Read2: loaded 64M reads 
[03:26:11] Read1: loaded 65M reads 
[03:26:11] Read2: loaded 65M reads 
[03:26:12] Read1: loaded 66M reads 
[03:26:12] Read2: loaded 66M reads 
[03:26:14] Read1: loaded 67M reads 
[03:26:14] Read2: loaded 67M reads 
[03:26:15] Read1: loaded 68M reads 
[03:26:15] Read2: loaded 68M reads 
[03:26:16] Read1: loaded 69M reads 
[03:26:16] Read2: loaded 69M reads 
[03:26:17] Read1: loaded 70M reads 
[03:26:17] Read2: loaded 70M reads 
[03:26:18] Read1: loaded 71M reads 
[03:26:18] Read2: loaded 71M reads 
[03:26:19] Read2: loaded 72M reads 
[03:26:19] Read1: loaded 72M reads 
[03:26:20] Read2: loaded 73M reads 
[03:26:20] Read1: loaded 73M reads 
[03:26:22] Read1: loaded 74M reads 
[03:26:22] Read2: loaded 74M reads 
[03:26:23] Read1: loaded 75M reads 
[03:26:23] Read2: loaded 75M reads 
[03:26:24] Read1: loaded 76M reads 
[03:26:24] Read2: loaded 76M reads 
[03:26:25] Read1: loaded 77M reads 
[03:26:25] Read2: loaded 77M reads 
[03:26:26] Read1: loaded 78M reads 
[03:26:26] Read2: loaded 78M reads 
[03:26:27] Read2: loaded 79M reads 
[03:26:27] Read1: loaded 79M reads 
[03:26:28] Read1: loaded 80M reads 
[03:26:28] Read2: loaded 80M reads 
[03:26:29] Read1: loaded 81M reads 
[03:26:29] Read2: loaded 81M reads 
[03:26:30] Read2: loaded 82M reads 
[03:26:30] Read1: loaded 82M reads 
[03:26:32] Read1: loaded 83M reads 
[03:26:32] Read2: loaded 83M reads 
[03:26:33] Read1: loaded 84M reads 
[03:26:33] Read2: loaded 84M reads 
[03:26:34] Read1: loaded 85M reads 
[03:26:34] Read2: loaded 85M reads 
[03:26:35] Read1: loaded 86M reads 
[03:26:35] Read2: loaded 86M reads 
[03:26:36] Read1: loaded 87M reads 
[03:26:36] Read2: loaded 87M reads 
[03:26:37] Read2: loaded 88M reads 
[03:26:37] Read1: loaded 88M reads 
[03:26:38] Read1: loaded 89M reads 
[03:26:38] Read2: loaded 89M reads 
[03:26:39] Read1: loaded 90M reads 
[03:26:39] Read2: loaded 90M reads 
[03:26:41] Read1: loaded 91M reads 
[03:26:41] Read2: loaded 91M reads 
[03:26:42] Read2: loaded 92M reads 
[03:26:42] Read1: loaded 92M reads 
[03:26:43] Read2: loaded 93M reads 
[03:26:43] Read1: loaded 93M reads 
[03:26:44] Read2: loaded 94M reads 
[03:26:44] Read1: loaded 94M reads 
[03:26:45] Read1: loaded 95M reads 
[03:26:45] Read2: loaded 95M reads 
[03:26:46] Read1: loaded 96M reads 
[03:26:46] Read2: loaded 96M reads 
[03:26:47] Read1: loaded 97M reads 
[03:26:47] Read2: loaded 97M reads 
[03:26:48] Read2: loaded 98M reads 
[03:26:48] Read1: loaded 98M reads 
[03:26:50] Read2: loaded 99M reads 
[03:26:50] Read1: loaded 99M reads 
[03:26:51] Read2: loaded 100M reads 
[03:26:51] Read1: loaded 100M reads 
[03:26:52] Read2: loaded 101M reads 
[03:26:52] Read1: loaded 101M reads 
[03:26:53] Read2: loaded 102M reads 
[03:26:53] Read1: loaded 102M reads 
[03:26:54] Read1: loaded 103M reads 
[03:26:54] Read2: loaded 103M reads 
[03:26:55] Read2: loaded 104M reads 
[03:26:55] Read1: loaded 104M reads 
[03:26:56] Read2: loaded 105M reads 
[03:26:57] Read1: loaded 105M reads 
[03:26:58] Read2: loaded 106M reads 
[03:26:58] Read1: loaded 106M reads 
[03:26:59] Read2: loaded 107M reads 
[03:26:59] Read1: loaded 107M reads 
[03:27:00] Read1: loaded 108M reads 
[03:27:00] Read2: loaded 108M reads 
[03:27:01] Read1: loaded 109M reads 
[03:27:01] Read2: loaded 109M reads 
[03:27:02] Read2: loaded 110M reads 
[03:27:02] Read1: loaded 110M reads 
[03:27:03] Read2: loaded 111M reads 
[03:27:03] Read1: loaded 111M reads 
[03:27:05] Read2: loaded 112M reads 
[03:27:05] Read1: loaded 112M reads 
[03:27:06] Read2: loaded 113M reads 
[03:27:06] Read1: loaded 113M reads 
[03:27:07] Read1: loaded 114M reads 
[03:27:07] Read2: loaded 114M reads 
[03:27:08] Read2: loaded 115M reads 
[03:27:08] Read1: loaded 115M reads 
[03:27:09] Read2: loaded 116M reads 
[03:27:09] Read1: loaded 116M reads 
[03:27:10] Read2: loaded 117M reads 
[03:27:10] Read1: loaded 117M reads 
[03:27:12] Read2: loaded 118M reads 
[03:27:12] Read1: loaded 118M reads 
[03:27:13] Read2: loaded 119M reads 
[03:27:13] Read1: loaded 119M reads 
[03:27:14] Read1: loaded 120M reads 
[03:27:14] Read2: loaded 120M reads 
[03:27:15] Read2: loaded 121M reads 
[03:27:15] Read1: loaded 121M reads 
[03:27:16] Read1: loaded 122M reads 
[03:27:16] Read2: loaded 122M reads 
[03:27:17] Read1: loaded 123M reads 
[03:27:17] Read2: loaded 123M reads 
[03:27:19] Read2: loaded 124M reads 
[03:27:19] Read1: loaded 124M reads 
[03:27:20] Read2: loaded 125M reads 
[03:27:20] Read1: loaded 125M reads 
[03:27:21] Read1: loaded 126M reads 
[03:27:21] Read2: loaded 126M reads 
[03:27:22] Read1: loaded 127M reads 
[03:27:22] Read2: loaded 127M reads 
[03:27:23] Read1: loaded 128M reads 
[03:27:23] Read2: loaded 128M reads 
[03:27:25] Read1: loaded 129M reads 
[03:27:25] Read2: loaded 129M reads 
[03:27:26] Read2: loaded 130M reads 
[03:27:26] Read1: loaded 130M reads 
[03:27:27] Read1: loaded 131M reads 
[03:27:27] Read2: loaded 131M reads 
[03:27:28] Read1: loaded 132M reads 
[03:27:28] Read2: loaded 132M reads 
[03:27:29] Read2: loaded 133M reads 
[03:27:29] Read1: loaded 133M reads 
[03:27:31] Read2: loaded 134M reads 
[03:27:31] Read1: loaded 134M reads 
[03:27:32] Read1: loaded 135M reads 
[03:27:32] Read2: loaded 135M reads 
[03:27:33] Read1: loaded 136M reads 
[03:27:33] Read2: loaded 136M reads 
[03:27:34] Read1: loaded 137M reads 
[03:27:34] Read2: loaded 137M reads 
[03:27:36] Read1: loaded 138M reads 
[03:27:36] Read2: loaded 138M reads 
[03:27:37] Read1: loaded 139M reads 
[03:27:37] Read2: loaded 139M reads 
[03:27:38] Read1: loaded 140M reads 
[03:27:38] Read2: loaded 140M reads 
[03:27:39] Read1: loaded 141M reads 
[03:27:39] Read2: loaded 141M reads 
[03:27:41] Read1: loaded 142M reads 
[03:27:41] Read2: loaded 142M reads 
[03:27:42] Read2: loaded 143M reads 
[03:27:42] Read1: loaded 143M reads 
[03:27:43] Read2: loaded 144M reads 
[03:27:43] Read1: loaded 144M reads 
[03:27:44] Read2: loaded 145M reads 
[03:27:44] Read1: loaded 145M reads 
[03:27:46] Read2: loaded 146M reads 
[03:27:46] Read1: loaded 146M reads 
[03:27:47] Read2: loaded 147M reads 
[03:27:47] Read1: loaded 147M reads 
[03:27:48] Read1: loaded 148M reads 
[03:27:48] Read2: loaded 148M reads 
[03:27:49] Read1: loaded 149M reads 
[03:27:49] Read2: loaded 149M reads 
[03:27:51] Read1: loaded 150M reads 
[03:27:51] Read2: loaded 150M reads 
[03:27:52] Read1: loaded 151M reads 
[03:27:52] Read2: loaded 151M reads 
[03:27:53] Read1: loaded 152M reads 
[03:27:53] Read2: loaded 152M reads 
[03:27:54] Read1: loaded 153M reads 
[03:27:54] Read2: loaded 153M reads 
[03:27:56] Read1: loaded 154M reads 
[03:27:56] Read2: loaded 154M reads 
[03:27:57] Read1: loaded 155M reads 
[03:27:57] Read2: loaded 155M reads 
[03:27:58] Read1: loaded 156M reads 
[03:27:58] Read2: loaded 156M reads 
[03:27:59] Read1: loaded 157M reads 
[03:27:59] Read2: loaded 157M reads 
[03:28:01] Read1: loaded 158M reads 
[03:28:01] Read2: loaded 158M reads 
[03:28:02] Read2: loaded 159M reads 
[03:28:02] Read1: loaded 159M reads 
[03:28:03] Read2: loaded 160M reads 
[03:28:03] Read1: loaded 160M reads 
[03:28:04] Read2: loaded 161M reads 
[03:28:04] Read1: loaded 161M reads 
[03:28:05] Read1: loaded 162M reads 
[03:28:06] Read2: loaded 162M reads 
[03:28:07] Read1: loaded 163M reads 
[03:28:07] Read2: loaded 163M reads 
[03:28:08] Read2: loaded 164M reads 
[03:28:08] Read1: loaded 164M reads 
[03:28:09] Read1: loaded 165M reads 
[03:28:09] Read2: loaded 165M reads 
[03:28:10] Read1: loaded 166M reads 
[03:28:10] Read2: loaded 166M reads 
[03:28:12] Read2: loaded 167M reads 
[03:28:12] Read1: loaded 167M reads 
[03:28:13] Read2: loaded 168M reads 
[03:28:13] Read1: loaded 168M reads 
[03:28:14] Read2: loaded 169M reads 
[03:28:14] Read1: loaded 169M reads 
[03:28:15] Read2: loaded 170M reads 
[03:28:15] Read1: loaded 170M reads 
[03:28:17] Read2: loaded 171M reads 
[03:28:17] Read1: loaded 171M reads 
[03:28:18] Read2: loaded 172M reads 
[03:28:18] Read1: loaded 172M reads 
[03:28:19] Read2: loaded 173M reads 
[03:28:19] Read1: loaded 173M reads 
[03:28:20] Read2: loaded 174M reads 
[03:28:20] Read1: loaded 174M reads 
[03:28:22] Read2: loaded 175M reads 
[03:28:22] Read1: loaded 175M reads 
[03:28:23] Read2: loaded 176M reads 
[03:28:23] Read1: loaded 176M reads 
[03:28:24] Read2: loaded 177M reads 
[03:28:24] Read1: loaded 177M reads 
[03:28:25] Read2: loaded 178M reads 
[03:28:25] Read1: loaded 178M reads 
[03:28:27] Read1: loaded 179M reads 
[03:28:27] Read2: loaded 179M reads 
[03:28:28] Read1: loaded 180M reads 
[03:28:28] Read2: loaded 180M reads 
[03:28:29] Read1: loaded 181M reads 
[03:28:29] Read2: loaded 181M reads 
[03:28:31] Read1: loaded 182M reads 
[03:28:31] Read2: loaded 182M reads 
[03:28:32] Read1: loaded 183M reads 
[03:28:32] Read2: loaded 183M reads 
[03:28:33] Read1: loaded 184M reads 
[03:28:33] Read2: loaded 184M reads 
[03:28:34] Read1: loaded 185M reads 
[03:28:34] Read2: loaded 185M reads 
[03:28:36] Read1: loaded 186M reads 
[03:28:36] Read2: loaded 186M reads 
[03:28:37] Read1: loaded 187M reads 
[03:28:37] Read2: loaded 187M reads 
[03:28:38] Read1: loaded 188M reads 
[03:28:38] Read2: loaded 188M reads 
[03:28:40] Read1: loaded 189M reads 
[03:28:40] Read2: loaded 189M reads 
[03:28:41] Read1: loaded 190M reads 
[03:28:41] Read2: loaded 190M reads 
[03:28:42] Read1: loaded 191M reads 
[03:28:42] Read2: loaded 191M reads 
[03:28:44] Read1: loaded 192M reads 
[03:28:44] Read2: loaded 192M reads 
[03:28:45] Read1: loaded 193M reads 
[03:28:45] Read2: loaded 193M reads 
[03:28:46] Read1: loaded 194M reads 
[03:28:46] Read2: loaded 194M reads 
[03:28:48] Read1: loaded 195M reads 
[03:28:48] Read2: loaded 195M reads 
[03:28:49] Read1: loaded 196M reads 
[03:28:49] Read2: loaded 196M reads 
[03:28:50] Read1: loaded 197M reads 
[03:28:50] Read2: loaded 197M reads 
[03:28:52] Read1: loaded 198M reads 
[03:28:52] Read2: loaded 198M reads 
[03:28:53] Read1: loaded 199M reads 
[03:28:53] Read2: loaded 199M reads 
[03:28:54] Read1: loaded 200M reads 
[03:28:54] Read2: loaded 200M reads 
[03:28:56] Read1: loaded 201M reads 
[03:28:56] Read2: loaded 201M reads 
[03:28:57] Read1: loaded 202M reads 
[03:28:57] Read2: loaded 202M reads 
[03:28:58] Read1: loaded 203M reads 
[03:28:58] Read2: loaded 203M reads 
[03:29:00] Read1: loaded 204M reads 
[03:29:00] Read2: loaded 204M reads 
[03:29:01] Read1: loaded 205M reads 
[03:29:01] Read2: loaded 205M reads 
[03:29:03] Read1: loaded 206M reads 
[03:29:03] Read2: loaded 206M reads 
[03:29:04] Read1: loaded 207M reads 
[03:29:04] Read2: loaded 207M reads 
[03:29:05] Read1: loaded 208M reads 
[03:29:05] Read2: loaded 208M reads 
[03:29:07] Read1: loaded 209M reads 
[03:29:07] Read2: loaded 209M reads 
[03:29:08] Read1: loaded 210M reads 
[03:29:08] Read2: loaded 210M reads 
[03:29:10] Read1: loaded 211M reads 
[03:29:10] Read2: loaded 211M reads 
[03:29:11] Read1: loaded 212M reads 
[03:29:11] Read2: loaded 212M reads 
[03:29:13] Read1: loaded 213M reads 
[03:29:13] Read2: loaded 213M reads 
[03:29:14] Read1: loaded 214M reads 
[03:29:14] Read2: loaded 214M reads 
[03:29:16] Read1: loaded 215M reads 
[03:29:16] Read2: loaded 215M reads 
[03:29:17] Read1: loaded 216M reads 
[03:29:17] Read2: loaded 216M reads 
[03:29:18] Read1: loaded 217M reads 
[03:29:18] Read2: loaded 217M reads 
[03:29:20] Read1: loaded 218M reads 
[03:29:20] Read2: loaded 218M reads 
[03:29:21] Read1: loaded 219M reads 
[03:29:21] Read2: loaded 219M reads 
[03:29:23] Read1: loaded 220M reads 
[03:29:23] Read2: loaded 220M reads 
[03:29:24] Read1: loaded 221M reads 
[03:29:24] Read2: loaded 221M reads 
[03:29:26] Read1: loaded 222M reads 
[03:29:26] Read2: loaded 222M reads 
[03:29:27] Read1: loaded 223M reads 
[03:29:27] Read2: loaded 223M reads 
[03:29:29] Read1: loaded 224M reads 
[03:29:29] Read2: loaded 224M reads 
[03:29:30] Read1: loaded 225M reads 
[03:29:30] Read2: loaded 225M reads 
[03:29:32] Read1: loaded 226M reads 
[03:29:32] Read2: loaded 226M reads 
[03:29:33] Read1: loaded 227M reads 
[03:29:33] Read2: loaded 227M reads 
[03:29:35] Read1: loaded 228M reads 
[03:29:35] Read2: loaded 228M reads 
[03:29:36] Read1: loaded 229M reads 
[03:29:36] Read2: loaded 229M reads 
[03:29:38] Read1: loaded 230M reads 
[03:29:38] Read2: loaded 230M reads 
[03:29:39] Read1: loaded 231M reads 
[03:29:39] Read2: loaded 231M reads 
[03:29:41] Read1: loaded 232M reads 
[03:29:41] Read2: loaded 232M reads 
[03:29:42] Read1: loaded 233M reads 
[03:29:42] Read2: loaded 233M reads 
[03:29:44] Read1: loaded 234M reads 
[03:29:44] Read2: loaded 234M reads 
[03:29:45] Read1: loaded 235M reads 
[03:29:45] Read2: loaded 235M reads 
[03:29:47] Read1: loaded 236M reads 
[03:29:47] Read2: loaded 236M reads 
[03:29:48] Read1: loaded 237M reads 
[03:29:48] Read2: loaded 237M reads 
[03:29:50] Read1: loaded 238M reads 
[03:29:50] Read2: loaded 238M reads 
[03:29:51] Read1: loaded 239M reads 
[03:29:51] Read2: loaded 239M reads 
[03:29:53] Read1: loaded 240M reads 
[03:29:53] Read2: loaded 240M reads 
[03:29:54] Read1: loaded 241M reads 
[03:29:54] Read2: loaded 241M reads 
[03:29:56] Read1: loaded 242M reads 
[03:29:56] Read2: loaded 242M reads 
[03:29:57] Read1: loaded 243M reads 
[03:29:57] Read2: loaded 243M reads 
[03:29:59] Read1: loaded 244M reads 
[03:29:59] Read2: loaded 244M reads 
[03:30:00] Read1: loaded 245M reads 
[03:30:00] Read2: loaded 245M reads 
[03:30:02] Read1: loaded 246M reads 
[03:30:02] Read2: loaded 246M reads 
[03:30:03] Read1: loaded 247M reads 
[03:30:03] Read2: loaded 247M reads 
[03:30:05] Read1: loaded 248M reads 
[03:30:05] Read2: loaded 248M reads 
[03:30:06] Read1: loaded 249M reads 
[03:30:06] Read2: loaded 249M reads 
[03:30:08] Read2: loaded 250M reads 
[03:30:08] Read1: loaded 250M reads 
[03:30:09] Read2: loaded 251M reads 
[03:30:09] Read1: loaded 251M reads 
[03:30:11] Read1: loaded 252M reads 
[03:30:11] Read2: loaded 252M reads 
[03:30:13] Read1: loaded 253M reads 
[03:30:13] Read2: loaded 253M reads 
[03:30:16] Read1: loaded 254M reads 
[03:30:16] Read2: loaded 254M reads 
[03:30:20] Read1: loaded 255M reads 
[03:30:20] Read2: loaded 255M reads 
[03:30:23] Read1: loaded 256M reads 
[03:30:23] Read2: loaded 256M reads 
[03:30:26] Read1: loaded 257M reads 
[03:30:27] Read2: loaded 257M reads 
[03:30:30] Read1: loaded 258M reads 
[03:30:30] Read2: loaded 258M reads 
[03:30:33] Read1: loaded 259M reads 
[03:30:33] Read2: loaded 259M reads 
[03:30:36] Read1: loaded 260M reads 
[03:30:37] Read2: loaded 260M reads 
[03:30:40] Read1: loaded 261M reads 
[03:30:40] Read2: loaded 261M reads 
[03:30:43] Read1: loaded 262M reads 
[03:30:43] Read2: loaded 262M reads 
[03:30:47] Read1: loaded 263M reads 
[03:30:47] Read2: loaded 263M reads 
[03:30:50] Read1: loaded 264M reads 
[03:30:50] Read2: loaded 264M reads 
[03:30:53] Read1: loaded 265M reads 
[03:30:54] Read2: loaded 265M reads 
[03:30:57] Read1: loaded 266M reads 
[03:30:57] Read2: loaded 266M reads 
[03:31:00] Read1: loaded 267M reads 
[03:31:00] Read2: loaded 267M reads 
[03:31:04] Read1: loaded 268M reads 
[03:31:04] Read2: loaded 268M reads 
[03:31:07] Read1: loaded 269M reads 
[03:31:07] Read2: loaded 269M reads 
[03:31:10] Read1: loaded 270M reads 
[03:31:10] Read2: loaded 270M reads 
[03:31:14] Read1: loaded 271M reads 
[03:31:14] Read2: loaded 271M reads 
[03:31:17] Read1: loaded 272M reads 
[03:31:18] Read2: loaded 272M reads 
[03:31:21] Read1: loaded 273M reads 
[03:31:21] Read2: loaded 273M reads 
[03:31:24] Read1: loaded 274M reads 
[03:31:24] Read2: loaded 274M reads 
[03:31:28] Read1: loaded 275M reads 
[03:31:28] Read2: loaded 275M reads 
[03:31:31] Read1: loaded 276M reads 
[03:31:31] Read2: loaded 276M reads 
[03:31:34] Read1: loaded 277M reads 
[03:31:34] Read2: loaded 277M reads 
[03:31:38] Read1: loaded 278M reads 
[03:31:38] Read2: loaded 278M reads 
[03:31:41] Read1: loaded 279M reads 
[03:31:41] Read2: loaded 279M reads 
[03:31:45] Read1: loaded 280M reads 
[03:31:45] Read2: loaded 280M reads 
[03:31:48] Read1: loaded 281M reads 
[03:31:48] Read2: loaded 281M reads 
[03:31:51] Read1: loaded 282M reads 
[03:31:51] Read2: loaded 282M reads 
[03:31:55] Read1: loaded 283M reads 
[03:31:55] Read2: loaded 283M reads 
[03:31:58] Read1: loaded 284M reads 
[03:31:58] Read2: loaded 284M reads 
[03:32:01] Read1: loaded 285M reads 
[03:32:02] Read2: loaded 285M reads 
[03:32:05] Read1: loaded 286M reads 
[03:32:05] Read2: loaded 286M reads 
[03:32:08] Read1: loaded 287M reads 
[03:32:08] Read2: loaded 287M reads 
[03:32:12] Read1: loaded 288M reads 
[03:32:12] Read2: loaded 288M reads 
[03:32:15] Read1: loaded 289M reads 
[03:32:15] Read2: loaded 289M reads 
[03:32:18] Read1: loaded 290M reads 
[03:32:18] Read2: loaded 290M reads 
[03:32:22] Read1: loaded 291M reads 
[03:32:22] Read2: loaded 291M reads 
[03:32:25] Read1: loaded 292M reads 
[03:32:25] Read2: loaded 292M reads 
[03:32:28] Read1: loaded 293M reads 
[03:32:28] Read2: loaded 293M reads 
[03:32:32] Read1: loaded 294M reads 
[03:32:32] Read2: loaded 294M reads 
[03:32:35] Read1: loaded 295M reads 
[03:32:35] Read2: loaded 295M reads 
[03:32:39] Read1: loaded 296M reads 
[03:32:39] Read2: loaded 296M reads 
[03:32:42] Read1: loaded 297M reads 
[03:32:42] Read2: loaded 297M reads 
[03:32:46] Read1: loaded 298M reads 
[03:32:46] Read2: loaded 298M reads 
[03:32:49] Read1: loaded 299M reads 
[03:32:49] Read2: loaded 299M reads 
[03:32:52] Read1: loaded 300M reads 
[03:32:52] Read2: loaded 300M reads 
[03:32:56] Read1: loaded 301M reads 
[03:32:56] Read2: loaded 301M reads 
[03:32:59] Read1: loaded 302M reads 
[03:32:59] Read2: loaded 302M reads 
[03:33:03] Read1: loaded 303M reads 
[03:33:03] Read2: loaded 303M reads 
[03:33:06] Read1: loaded 304M reads 
[03:33:06] Read2: loaded 304M reads 
[03:33:09] Read1: loaded 305M reads 
[03:33:09] Read2: loaded 305M reads 
[03:33:13] Read1: loaded 306M reads 
[03:33:13] Read2: loaded 306M reads 
[03:33:16] Read1: loaded 307M reads 
[03:33:16] Read2: loaded 307M reads 
[03:33:19] Read1: loaded 308M reads 
[03:33:20] Read2: loaded 308M reads 
[03:33:23] Read1: loaded 309M reads 
[03:33:23] Read2: loaded 309M reads 
[03:33:26] Read1: loaded 310M reads 
[03:33:26] Read2: loaded 310M reads 
[03:33:30] Read1: loaded 311M reads 
[03:33:30] Read2: loaded 311M reads 
[03:33:33] Read1: loaded 312M reads 
[03:33:33] Read2: loaded 312M reads 
[03:33:36] Read1: loaded 313M reads 
[03:33:36] Read2: loaded 313M reads 
[03:33:40] Read1: loaded 314M reads 
[03:33:40] Read2: loaded 314M reads 
[03:33:43] Read1: loaded 315M reads 
[03:33:43] Read2: loaded 315M reads 
[03:33:47] Read1: loaded 316M reads 
[03:33:47] Read2: loaded 316M reads 
[03:33:50] Read1: loaded 317M reads 
[03:33:50] Read2: loaded 317M reads 
[03:33:54] Read1: loaded 318M reads 
[03:33:54] Read2: loaded 318M reads 
[03:33:57] Read1: loaded 319M reads 
[03:33:57] Read2: loaded 319M reads 
[03:34:01] Read1: loaded 320M reads 
[03:34:01] Read2: loaded 320M reads 
[03:34:04] Read1: loaded 321M reads 
[03:34:04] Read2: loaded 321M reads 
[03:34:07] Read1: loaded 322M reads 
[03:34:08] Read2: loaded 322M reads 
[03:34:11] Read1: loaded 323M reads 
[03:34:11] Read2: loaded 323M reads 
[03:34:14] Read1: loaded 324M reads 
[03:34:14] Read2: loaded 324M reads 
[03:34:17] Read1: loaded 325M reads 
[03:34:18] Read2: loaded 325M reads 
[03:34:21] Read1: loaded 326M reads 
[03:34:21] Read2: loaded 326M reads 
[03:34:24] Read1: loaded 327M reads 
[03:34:24] Read2: loaded 327M reads 
[03:34:27] Read1: loaded 328M reads 
[03:34:28] Read2: loaded 328M reads 
[03:34:31] Read1: loaded 329M reads 
[03:34:31] Read2: loaded 329M reads 
[03:34:34] Read1: loaded 330M reads 
[03:34:34] Read2: loaded 330M reads 
[03:34:38] Read1: loaded 331M reads 
[03:34:38] Read2: loaded 331M reads 
[03:34:41] Read1: loaded 332M reads 
[03:34:41] Read2: loaded 332M reads 
[03:34:44] Read1: loaded 333M reads 
[03:34:44] Read2: loaded 333M reads 
[03:34:48] Read1: loaded 334M reads 
[03:34:48] Read2: loaded 334M reads 
[03:34:51] Read1: loaded 335M reads 
[03:34:51] Read2: loaded 335M reads 
[03:34:54] Read1: loaded 336M reads 
[03:34:55] Read2: loaded 336M reads 
[03:34:58] Read1: loaded 337M reads 
[03:34:58] Read2: loaded 337M reads 
[03:35:01] Read1: loaded 338M reads 
[03:35:01] Read2: loaded 338M reads 
[03:35:05] Read1: loaded 339M reads 
[03:35:05] Read2: loaded 339M reads 
[03:35:08] Read1: loaded 340M reads 
[03:35:08] Read2: loaded 340M reads 
[03:35:11] Read1: loaded 341M reads 
[03:35:11] Read2: loaded 341M reads 
[03:35:15] Read1: loaded 342M reads 
[03:35:15] Read2: loaded 342M reads 
[03:35:18] Read1: loaded 343M reads 
[03:35:18] Read2: loaded 343M reads 
[03:35:22] Read1: loaded 344M reads 
[03:35:22] Read2: loaded 344M reads 
[03:35:25] Read1: loaded 345M reads 
[03:35:25] Read2: loaded 345M reads 
[03:35:28] Read1: loaded 346M reads 
[03:35:28] Read2: loaded 346M reads 
[03:35:31] Read1: loaded 347M reads 
[03:35:32] Read2: loaded 347M reads 
[03:35:35] Read1: loaded 348M reads 
[03:35:35] Read2: loaded 348M reads 
[03:35:38] Read1: loaded 349M reads 
[03:35:38] Read2: loaded 349M reads 
[03:35:42] Read1: loaded 350M reads 
[03:35:42] Read2: loaded 350M reads 
[03:35:45] Read1: loaded 351M reads 
[03:35:45] Read2: loaded 351M reads 
[03:35:48] Read1: loaded 352M reads 
[03:35:48] Read2: loaded 352M reads 
[03:35:52] Read1: loaded 353M reads 
[03:35:52] Read2: loaded 353M reads 
[03:35:55] Read1: loaded 354M reads 
[03:35:55] Read2: loaded 354M reads 
[03:35:58] Read1: loaded 355M reads 
[03:35:58] Read2: loaded 355M reads 
[03:36:02] Read1: loaded 356M reads 
[03:36:02] Read2: loaded 356M reads 
[03:36:05] Read1: loaded 357M reads 
[03:36:05] Read2: loaded 357M reads 
[03:36:08] Read1: loaded 358M reads 
[03:36:08] Read2: loaded 358M reads 
[03:36:12] Read1: loaded 359M reads 
[03:36:12] Read2: loaded 359M reads 
[03:36:15] Read1: loaded 360M reads 
[03:36:15] Read2: loaded 360M reads 
[03:36:19] Read1: loaded 361M reads 
[03:36:19] Read2: loaded 361M reads 
[03:36:20] Read1: loading completed with 361282 packs 
[03:36:20] thread 3 data processing completed 
[03:36:20] thread 3 finished 
[03:36:20] thread 4 data processing completed 
[03:36:20] thread 4 finished 
[03:36:20] thread 5 data processing completed 
[03:36:20] thread 5 finished 
[03:36:20] thread 6 data processing completed 
[03:36:20] thread 6 finished 
[03:36:20] thread 7 data processing completed 
[03:36:20] thread 7 finished 
[03:36:20] thread 8 data processing completed 
[03:36:20] thread 8 finished 
[03:36:20] thread 9 data processing completed 
[03:36:20] thread 9 finished 
[03:36:20] thread 10 data processing completed 
[03:36:20] thread 10 finished 
[03:36:20] thread 11 data processing completed 
[03:36:20] thread 11 finished 
[03:36:20] thread 12 data processing completed 
[03:36:20] thread 12 finished 
[03:36:20] thread 13 data processing completed 
[03:36:20] thread 13 finished 
[03:36:20] thread 14 data processing completed 
[03:36:20] thread 14 finished 
[03:36:20] thread 15 data processing completed 
[03:36:20] thread 15 finished 
[03:36:20] thread 16 data processing completed 
[03:36:20] thread 16 finished 
[03:36:20] thread 17 data processing completed 
[03:36:20] thread 17 finished 
[03:36:20] thread 18 data processing completed 
[03:36:20] thread 18 finished 
[03:36:20] thread 19 data processing completed 
[03:36:20] thread 19 finished 
[03:36:20] thread 20 data processing completed 
[03:36:20] thread 20 finished 
[03:36:20] thread 21 data processing completed 
[03:36:20] thread 21 finished 
[03:36:20] thread 22 data processing completed 
[03:36:20] thread 22 finished 
[03:36:20] thread 23 data processing completed 
[03:36:20] thread 23 finished 
[03:36:20] Read2: loading completed with 361282 packs 
[03:36:20] thread 24 data processing completed 
[03:36:20] thread 24 finished 
[03:36:20] thread 26 data processing completed 
[03:36:20] thread 26 finished 
[03:36:20] thread 25 data processing completed 
[03:36:20] thread 25 finished 
[03:36:20] thread 27 data processing completed 
[03:36:20] thread 27 finished 
[03:36:20] thread 28 data processing completed 
[03:36:20] thread 28 finished 
[03:36:20] thread 29 data processing completed 
[03:36:20] thread 29 finished 
[03:36:20] thread 30 data processing completed 
[03:36:20] thread 30 finished 
[03:36:20] thread 31 data processing completed 
[03:36:20] thread 31 finished 
[03:36:20] thread 32 data processing completed 
[03:36:20] thread 32 finished 
[03:36:20] thread 1 data processing completed 
[03:36:20] thread 1 finished 
[03:36:20] thread 2 data processing completed 
[03:36:20] thread 2 finished 
[03:36:20] start to generate reports
 
Read1 before filtering:
total reads: 361281611
total bases: 54192241650
Q20 bases: 54123398100(99.873%)
Q30 bases: 54123398100(99.873%)
Q40 bases: 0(0%)

Read2 before filtering:
total reads: 361281611
total bases: 54192241650
Q20 bases: 53855170050(99.378%)
Q30 bases: 53855170050(99.378%)
Q40 bases: 0(0%)

Read1 after filtering:
total reads: 358607374
total bases: 53574361382
Q20 bases: 53574361382(100%)
Q30 bases: 53574361382(100%)
Q40 bases: 0(0%)

Read2 after filtering:
total reads: 358607374
total bases: 53574361382
Q20 bases: 53574361382(100%)
Q30 bases: 53574361382(100%)
Q40 bases: 0(0%)

Filtering result:
reads passed filter: 717214748
reads failed due to low quality: 5328396
reads failed due to too many N: 20078
reads failed due to too short: 0
reads failed due to adapter dimer: 0
reads with adapter trimmed: 9627740
bases trimmed due to adapters: 442711160

Duplication rate: 5.60214%

Insert size peak (evaluated by paired-end reads): 269

JSON report: /dev/shm/fastp_bench_rdnngA.json
HTML report: /dev/null

/home/mpiuser/bioauto_rev/fastp_d0bromir/../fastp_opengene/fastp -w 32 -j /dev/shm/fastp_bench_rdnngA.json -h /dev/null --verbose -i /home/mpiuser/FASTQ/WGS/DRR216653_1.fastq.gz -I /home/mpiuser/FASTQ/WGS/DRR216653_2.fastq.gz -o /dev/shm/fastp_bench_kYFpV5_R1.fq.gz -O /dev/shm/fastp_bench_ozPMw8_R2.fq.gz 
fastp v1.3.3, time used: 685 seconds
================================================================

================================================================
 Application  : d0bromir_cpu (/home/mpiuser/bioauto_rev/fastp_d0bromir/fastp-cpu)
 Dataset      : WGS PE 40G (DRR216653 R1+R2)
 Files        : R1=/home/mpiuser/FASTQ/WGS/DRR216653_1.fastq.gz
               R2=/home/mpiuser/FASTQ/WGS/DRR216653_2.fastq.gz
 Type         : PE
 Threads      : 32
 Wall time    : 243.004 s
 reads_in     : 722563222
 reads_out    : 717214748
 vs_opengene  : -64.5%
--- Resource usage ---
 CPU avg/peak : 3451.4% / 4058.4%
 RSS peak     : 3406 MiB
 GPU util a/p : 0.0% / 0.0%
 GPU mem peak : 0 MiB
 Sample CSV   : /home/mpiuser/bioauto_rev/fastp_d0bromir/benchmark_results/20261004_032456/resources/resource_WGS_PE_40G_d0bromir_cpu_T32_1791084987.csv
--- Profiling output ---
[03:36:27] fastp 1.3.3-d0bromir starting 
[03:36:28] [fastp 1.3.3-d0bromir] Stage: loading 
[03:36:28] start to load data of read1 
[03:36:28] start to load data of read2 
[03:36:29] Read2: loaded 1M reads 
[03:36:29] Read1: loaded 1M reads 
[03:36:29] Read2: loaded 2M reads 
[03:36:29] Read1: loaded 2M reads 
[03:36:30] Read2: loaded 3M reads 
[03:36:30] Read1: loaded 3M reads 
[03:36:30] Read2: loaded 4M reads 
[03:36:30] Read1: loaded 4M reads 
[03:36:31] Read2: loaded 5M reads 
[03:36:31] Read1: loaded 5M reads 
[03:36:32] Read2: loaded 6M reads 
[03:36:32] Read1: loaded 6M reads 
[03:36:32] Read2: loaded 7M reads 
[03:36:32] Read1: loaded 7M reads 
[03:36:33] Read2: loaded 8M reads 
[03:36:33] Read1: loaded 8M reads 
[03:36:34] Read2: loaded 9M reads 
[03:36:34] Read1: loaded 9M reads 
[03:36:34] Read2: loaded 10M reads 
[03:36:34] Read1: loaded 10M reads 
[03:36:35] Read2: loaded 11M reads 
[03:36:35] Read1: loaded 11M reads 
[03:36:36] Read2: loaded 12M reads 
[03:36:36] Read1: loaded 12M reads 
[03:36:36] Read2: loaded 13M reads 
[03:36:36] Read1: loaded 13M reads 
[03:36:37] Read2: loaded 14M reads 
[03:36:37] Read1: loaded 14M reads 
[03:36:38] Read2: loaded 15M reads 
[03:36:38] Read1: loaded 15M reads 
[03:36:38] Read2: loaded 16M reads 
[03:36:38] Read1: loaded 16M reads 
[03:36:39] Read2: loaded 17M reads 
[03:36:39] Read1: loaded 17M reads 
[03:36:40] Read2: loaded 18M reads 
[03:36:40] Read1: loaded 18M reads 
[03:36:40] Read2: loaded 19M reads 
[03:36:40] Read1: loaded 19M reads 
[03:36:41] Read2: loaded 20M reads 
[03:36:41] Read1: loaded 20M reads 
[03:36:41] Read2: loaded 21M reads 
[03:36:41] Read1: loaded 21M reads 
[03:36:42] Read2: loaded 22M reads 
[03:36:42] Read1: loaded 22M reads 
[03:36:43] Read2: loaded 23M reads 
[03:36:43] Read1: loaded 23M reads 
[03:36:43] Read2: loaded 24M reads 
[03:36:43] Read1: loaded 24M reads 
[03:36:44] Read2: loaded 25M reads 
[03:36:44] Read1: loaded 25M reads 
[03:36:45] Read2: loaded 26M reads 
[03:36:45] Read1: loaded 26M reads 
[03:36:45] Read2: loaded 27M reads 
[03:36:45] Read1: loaded 27M reads 
[03:36:46] Read2: loaded 28M reads 
[03:36:46] Read1: loaded 28M reads 
[03:36:47] Read2: loaded 29M reads 
[03:36:47] Read1: loaded 29M reads 
[03:36:47] Read1: loaded 30M reads 
[03:36:47] Read2: loaded 30M reads 
[03:36:48] Read1: loaded 31M reads 
[03:36:48] Read2: loaded 31M reads 
[03:36:49] Read2: loaded 32M reads 
[03:36:49] Read1: loaded 32M reads 
[03:36:49] Read2: loaded 33M reads 
[03:36:49] Read1: loaded 33M reads 
[03:36:50] Read2: loaded 34M reads 
[03:36:50] Read1: loaded 34M reads 
[03:36:50] Read2: loaded 35M reads 
[03:36:50] Read1: loaded 35M reads 
[03:36:51] Read2: loaded 36M reads 
[03:36:51] Read1: loaded 36M reads 
[03:36:52] Read2: loaded 37M reads 
[03:36:52] Read1: loaded 37M reads 
[03:36:52] Read2: loaded 38M reads 
[03:36:52] Read1: loaded 38M reads 
[03:36:53] Read2: loaded 39M reads 
[03:36:53] Read1: loaded 39M reads 
[03:36:54] Read2: loaded 40M reads 
[03:36:54] Read1: loaded 40M reads 
[03:36:54] Read2: loaded 41M reads 
[03:36:54] Read1: loaded 41M reads 
[03:36:55] Read2: loaded 42M reads 
[03:36:55] Read1: loaded 42M reads 
[03:36:56] Read2: loaded 43M reads 
[03:36:56] Read1: loaded 43M reads 
[03:36:56] Read2: loaded 44M reads 
[03:36:56] Read1: loaded 44M reads 
[03:36:57] Read2: loaded 45M reads 
[03:36:57] Read1: loaded 45M reads 
[03:36:58] Read2: loaded 46M reads 
[03:36:58] Read1: loaded 46M reads 
[03:36:58] Read2: loaded 47M reads 
[03:36:58] Read1: loaded 47M reads 
[03:36:59] Read1: loaded 48M reads 
[03:36:59] Read2: loaded 48M reads 
[03:37:00] Read2: loaded 49M reads 
[03:37:00] Read1: loaded 49M reads 
[03:37:00] Read1: loaded 50M reads 
[03:37:00] Read2: loaded 50M reads 
[03:37:01] Read2: loaded 51M reads 
[03:37:01] Read1: loaded 51M reads 
[03:37:01] Read1: loaded 52M reads 
[03:37:01] Read2: loaded 52M reads 
[03:37:02] Read2: loaded 53M reads 
[03:37:02] Read1: loaded 53M reads 
[03:37:03] Read2: loaded 54M reads 
[03:37:03] Read1: loaded 54M reads 
[03:37:03] Read1: loaded 55M reads 
[03:37:03] Read2: loaded 55M reads 
[03:37:04] Read2: loaded 56M reads 
[03:37:04] Read1: loaded 56M reads 
[03:37:05] Read1: loaded 57M reads 
[03:37:05] Read2: loaded 57M reads 
[03:37:05] Read2: loaded 58M reads 
[03:37:05] Read1: loaded 58M reads 
[03:37:06] Read2: loaded 59M reads 
[03:37:06] Read1: loaded 59M reads 
[03:37:07] Read1: loaded 60M reads 
[03:37:07] Read2: loaded 60M reads 
[03:37:07] Read2: loaded 61M reads 
[03:37:07] Read1: loaded 61M reads 
[03:37:08] Read2: loaded 62M reads 
[03:37:08] Read1: loaded 62M reads 
[03:37:09] Read2: loaded 63M reads 
[03:37:09] Read1: loaded 63M reads 
[03:37:09] Read1: loaded 64M reads 
[03:37:09] Read2: loaded 64M reads 
[03:37:10] Read2: loaded 65M reads 
[03:37:10] Read1: loaded 65M reads 
[03:37:11] Read2: loaded 66M reads 
[03:37:11] Read1: loaded 66M reads 
[03:37:11] Read1: loaded 67M reads 
[03:37:11] Read2: loaded 67M reads 
[03:37:12] Read1: loaded 68M reads 
[03:37:12] Read2: loaded 68M reads 
[03:37:13] Read1: loaded 69M reads 
[03:37:13] Read2: loaded 69M reads 
[03:37:13] Read1: loaded 70M reads 
[03:37:13] Read2: loaded 70M reads 
[03:37:14] Read1: loaded 71M reads 
[03:37:14] Read2: loaded 71M reads 
[03:37:15] Read1: loaded 72M reads 
[03:37:15] Read2: loaded 72M reads 
[03:37:15] Read1: loaded 73M reads 
[03:37:15] Read2: loaded 73M reads 
[03:37:16] Read1: loaded 74M reads 
[03:37:16] Read2: loaded 74M reads 
[03:37:16] Read1: loaded 75M reads 
[03:37:17] Read2: loaded 75M reads 
[03:37:17] Read1: loaded 76M reads 
[03:37:17] Read2: loaded 76M reads 
[03:37:18] Read1: loaded 77M reads 
[03:37:18] Read2: loaded 77M reads 
[03:37:18] Read1: loaded 78M reads 
[03:37:18] Read2: loaded 78M reads 
[03:37:19] Read1: loaded 79M reads 
[03:37:19] Read2: loaded 79M reads 
[03:37:20] Read1: loaded 80M reads 
[03:37:20] Read2: loaded 80M reads 
[03:37:20] Read1: loaded 81M reads 
[03:37:20] Read2: loaded 81M reads 
[03:37:21] Read1: loaded 82M reads 
[03:37:21] Read2: loaded 82M reads 
[03:37:22] Read1: loaded 83M reads 
[03:37:22] Read2: loaded 83M reads 
[03:37:22] Read1: loaded 84M reads 
[03:37:22] Read2: loaded 84M reads 
[03:37:23] Read1: loaded 85M reads 
[03:37:23] Read2: loaded 85M reads 
[03:37:24] Read1: loaded 86M reads 
[03:37:24] Read2: loaded 86M reads 
[03:37:24] Read1: loaded 87M reads 
[03:37:24] Read2: loaded 87M reads 
[03:37:25] Read1: loaded 88M reads 
[03:37:25] Read2: loaded 88M reads 
[03:37:26] Read1: loaded 89M reads 
[03:37:26] Read2: loaded 89M reads 
[03:37:26] Read1: loaded 90M reads 
[03:37:26] Read2: loaded 90M reads 
[03:37:27] Read1: loaded 91M reads 
[03:37:27] Read2: loaded 91M reads 
[03:37:28] Read1: loaded 92M reads 
[03:37:28] Read2: loaded 92M reads 
[03:37:28] Read1: loaded 93M reads 
[03:37:28] Read2: loaded 93M reads 
[03:37:29] Read1: loaded 94M reads 
[03:37:29] Read2: loaded 94M reads 
[03:37:30] Read1: loaded 95M reads 
[03:37:30] Read2: loaded 95M reads 
[03:37:30] Read1: loaded 96M reads 
[03:37:30] Read2: loaded 96M reads 
[03:37:31] Read1: loaded 97M reads 
[03:37:31] Read2: loaded 97M reads 
[03:37:32] Read1: loaded 98M reads 
[03:37:32] Read2: loaded 98M reads 
[03:37:32] Read1: loaded 99M reads 
[03:37:32] Read2: loaded 99M reads 
[03:37:33] Read1: loaded 100M reads 
[03:37:33] Read2: loaded 100M reads 
[03:37:33] Read1: loaded 101M reads 
[03:37:34] Read2: loaded 101M reads 
[03:37:34] Read1: loaded 102M reads 
[03:37:34] Read2: loaded 102M reads 
[03:37:35] Read1: loaded 103M reads 
[03:37:35] Read2: loaded 103M reads 
[03:37:35] Read1: loaded 104M reads 
[03:37:36] Read2: loaded 104M reads 
[03:37:36] Read1: loaded 105M reads 
[03:37:36] Read2: loaded 105M reads 
[03:37:37] Read1: loaded 106M reads 
[03:37:37] Read2: loaded 106M reads 
[03:37:37] Read1: loaded 107M reads 
[03:37:37] Read2: loaded 107M reads 
[03:37:38] Read1: loaded 108M reads 
[03:37:38] Read2: loaded 108M reads 
[03:37:39] Read1: loaded 109M reads 
[03:37:39] Read2: loaded 109M reads 
[03:37:39] Read1: loaded 110M reads 
[03:37:39] Read2: loaded 110M reads 
[03:37:40] Read1: loaded 111M reads 
[03:37:40] Read2: loaded 111M reads 
[03:37:41] Read1: loaded 112M reads 
[03:37:41] Read2: loaded 112M reads 
[03:37:41] Read1: loaded 113M reads 
[03:37:41] Read2: loaded 113M reads 
[03:37:42] Read1: loaded 114M reads 
[03:37:42] Read2: loaded 114M reads 
[03:37:43] Read1: loaded 115M reads 
[03:37:43] Read2: loaded 115M reads 
[03:37:43] Read1: loaded 116M reads 
[03:37:43] Read2: loaded 116M reads 
[03:37:44] Read1: loaded 117M reads 
[03:37:44] Read2: loaded 117M reads 
[03:37:45] Read1: loaded 118M reads 
[03:37:45] Read2: loaded 118M reads 
[03:37:45] Read1: loaded 119M reads 
[03:37:45] Read2: loaded 119M reads 
[03:37:46] Read1: loaded 120M reads 
[03:37:46] Read2: loaded 120M reads 
[03:37:47] Read1: loaded 121M reads 
[03:37:47] Read2: loaded 121M reads 
[03:37:47] Read1: loaded 122M reads 
[03:37:47] Read2: loaded 122M reads 
[03:37:48] Read1: loaded 123M reads 
[03:37:48] Read2: loaded 123M reads 
[03:37:48] Read1: loaded 124M reads 
[03:37:49] Read2: loaded 124M reads 
[03:37:49] Read1: loaded 125M reads 
[03:37:49] Read2: loaded 125M reads 
[03:37:50] Read1: loaded 126M reads 
[03:37:50] Read2: loaded 126M reads 
[03:37:50] Read1: loaded 127M reads 
[03:37:51] Read2: loaded 127M reads 
[03:37:51] Read1: loaded 128M reads 
[03:37:51] Read2: loaded 128M reads 
[03:37:52] Read1: loaded 129M reads 
[03:37:52] Read2: loaded 129M reads 
[03:37:52] Read1: loaded 130M reads 
[03:37:52] Read2: loaded 130M reads 
[03:37:53] Read1: loaded 131M reads 
[03:37:53] Read2: loaded 131M reads 
[03:37:54] Read1: loaded 132M reads 
[03:37:54] Read2: loaded 132M reads 
[03:37:54] Read1: loaded 133M reads 
[03:37:54] Read2: loaded 133M reads 
[03:37:55] Read1: loaded 134M reads 
[03:37:55] Read2: loaded 134M reads 
[03:37:56] Read1: loaded 135M reads 
[03:37:56] Read2: loaded 135M reads 
[03:37:56] Read1: loaded 136M reads 
[03:37:56] Read2: loaded 136M reads 
[03:37:57] Read1: loaded 137M reads 
[03:37:57] Read2: loaded 137M reads 
[03:37:58] Read1: loaded 138M reads 
[03:37:58] Read2: loaded 138M reads 
[03:37:58] Read1: loaded 139M reads 
[03:37:58] Read2: loaded 139M reads 
[03:37:59] Read1: loaded 140M reads 
[03:37:59] Read2: loaded 140M reads 
[03:38:00] Read1: loaded 141M reads 
[03:38:00] Read2: loaded 141M reads 
[03:38:00] Read1: loaded 142M reads 
[03:38:00] Read2: loaded 142M reads 
[03:38:01] Read1: loaded 143M reads 
[03:38:01] Read2: loaded 143M reads 
[03:38:02] Read1: loaded 144M reads 
[03:38:02] Read2: loaded 144M reads 
[03:38:02] Read1: loaded 145M reads 
[03:38:02] Read2: loaded 145M reads 
[03:38:03] Read1: loaded 146M reads 
[03:38:03] Read2: loaded 146M reads 
[03:38:04] Read1: loaded 147M reads 
[03:38:04] Read2: loaded 147M reads 
[03:38:04] Read1: loaded 148M reads 
[03:38:04] Read2: loaded 148M reads 
[03:38:05] Read1: loaded 149M reads 
[03:38:05] Read2: loaded 149M reads 
[03:38:05] Read1: loaded 150M reads 
[03:38:06] Read2: loaded 150M reads 
[03:38:06] Read1: loaded 151M reads 
[03:38:06] Read2: loaded 151M reads 
[03:38:07] Read1: loaded 152M reads 
[03:38:07] Read2: loaded 152M reads 
[03:38:07] Read1: loaded 153M reads 
[03:38:08] Read2: loaded 153M reads 
[03:38:08] Read1: loaded 154M reads 
[03:38:08] Read2: loaded 154M reads 
[03:38:09] Read1: loaded 155M reads 
[03:38:09] Read2: loaded 155M reads 
[03:38:09] Read1: loaded 156M reads 
[03:38:10] Read2: loaded 156M reads 
[03:38:10] Read1: loaded 157M reads 
[03:38:10] Read2: loaded 157M reads 
[03:38:11] Read1: loaded 158M reads 
[03:38:11] Read2: loaded 158M reads 
[03:38:11] Read1: loaded 159M reads 
[03:38:12] Read2: loaded 159M reads 
[03:38:12] Read1: loaded 160M reads 
[03:38:12] Read2: loaded 160M reads 
[03:38:13] Read1: loaded 161M reads 
[03:38:13] Read2: loaded 161M reads 
[03:38:13] Read1: loaded 162M reads 
[03:38:14] Read2: loaded 162M reads 
[03:38:14] Read1: loaded 163M reads 
[03:38:14] Read2: loaded 163M reads 
[03:38:15] Read1: loaded 164M reads 
[03:38:15] Read2: loaded 164M reads 
[03:38:15] Read1: loaded 165M reads 
[03:38:16] Read2: loaded 165M reads 
[03:38:16] Read1: loaded 166M reads 
[03:38:16] Read2: loaded 166M reads 
[03:38:16] Read1: loaded 167M reads 
[03:38:17] Read2: loaded 167M reads 
[03:38:17] Read1: loaded 168M reads 
[03:38:18] Read2: loaded 168M reads 
[03:38:18] Read1: loaded 169M reads 
[03:38:18] Read2: loaded 169M reads 
[03:38:18] Read1: loaded 170M reads 
[03:38:19] Read2: loaded 170M reads 
[03:38:19] Read1: loaded 171M reads 
[03:38:20] Read2: loaded 171M reads 
[03:38:20] Read1: loaded 172M reads 
[03:38:20] Read2: loaded 172M reads 
[03:38:20] Read1: loaded 173M reads 
[03:38:21] Read2: loaded 173M reads 
[03:38:21] Read1: loaded 174M reads 
[03:38:22] Read2: loaded 174M reads 
[03:38:22] Read1: loaded 175M reads 
[03:38:22] Read2: loaded 175M reads 
[03:38:22] Read1: loaded 176M reads 
[03:38:23] Read2: loaded 176M reads 
[03:38:23] Read1: loaded 177M reads 
[03:38:24] Read2: loaded 177M reads 
[03:38:24] Read1: loaded 178M reads 
[03:38:24] Read2: loaded 178M reads 
[03:38:24] Read1: loaded 179M reads 
[03:38:25] Read2: loaded 179M reads 
[03:38:25] Read1: loaded 180M reads 
[03:38:26] Read2: loaded 180M reads 
[03:38:26] Read1: loaded 181M reads 
[03:38:26] Read2: loaded 181M reads 
[03:38:26] Read1: loaded 182M reads 
[03:38:27] Read2: loaded 182M reads 
[03:38:27] Read1: loaded 183M reads 
[03:38:28] Read2: loaded 183M reads 
[03:38:28] Read1: loaded 184M reads 
[03:38:28] Read2: loaded 184M reads 
[03:38:28] Read1: loaded 185M reads 
[03:38:29] Read2: loaded 185M reads 
[03:38:29] Read1: loaded 186M reads 
[03:38:30] Read2: loaded 186M reads 
[03:38:30] Read1: loaded 187M reads 
[03:38:30] Read2: loaded 187M reads 
[03:38:30] Read1: loaded 188M reads 
[03:38:31] Read2: loaded 188M reads 
[03:38:31] Read1: loaded 189M reads 
[03:38:31] Read2: loaded 189M reads 
[03:38:32] Read1: loaded 190M reads 
[03:38:32] Read2: loaded 190M reads 
[03:38:32] Read1: loaded 191M reads 
[03:38:33] Read2: loaded 191M reads 
[03:38:33] Read1: loaded 192M reads 
[03:38:33] Read2: loaded 192M reads 
[03:38:34] Read1: loaded 193M reads 
[03:38:34] Read2: loaded 193M reads 
[03:38:34] Read1: loaded 194M reads 
[03:38:35] Read2: loaded 194M reads 
[03:38:35] Read1: loaded 195M reads 
[03:38:35] Read2: loaded 195M reads 
[03:38:36] Read1: loaded 196M reads 
[03:38:36] Read2: loaded 196M reads 
[03:38:36] Read1: loaded 197M reads 
[03:38:37] Read2: loaded 197M reads 
[03:38:37] Read1: loaded 198M reads 
[03:38:37] Read2: loaded 198M reads 
[03:38:38] Read1: loaded 199M reads 
[03:38:38] Read2: loaded 199M reads 
[03:38:38] Read1: loaded 200M reads 
[03:38:39] Read2: loaded 200M reads 
[03:38:39] Read1: loaded 201M reads 
[03:38:39] Read2: loaded 201M reads 
[03:38:40] Read1: loaded 202M reads 
[03:38:40] Read2: loaded 202M reads 
[03:38:40] Read1: loaded 203M reads 
[03:38:41] Read2: loaded 203M reads 
[03:38:41] Read1: loaded 204M reads 
[03:38:41] Read2: loaded 204M reads 
[03:38:41] Read1: loaded 205M reads 
[03:38:42] Read2: loaded 205M reads 
[03:38:42] Read1: loaded 206M reads 
[03:38:43] Read2: loaded 206M reads 
[03:38:43] Read1: loaded 207M reads 
[03:38:43] Read2: loaded 207M reads 
[03:38:43] Read1: loaded 208M reads 
[03:38:44] Read2: loaded 208M reads 
[03:38:44] Read1: loaded 209M reads 
[03:38:45] Read2: loaded 209M reads 
[03:38:45] Read1: loaded 210M reads 
[03:38:45] Read2: loaded 210M reads 
[03:38:45] Read1: loaded 211M reads 
[03:38:46] Read2: loaded 211M reads 
[03:38:46] Read1: loaded 212M reads 
[03:38:47] Read2: loaded 212M reads 
[03:38:47] Read1: loaded 213M reads 
[03:38:47] Read2: loaded 213M reads 
[03:38:47] Read1: loaded 214M reads 
[03:38:48] Read2: loaded 214M reads 
[03:38:48] Read1: loaded 215M reads 
[03:38:49] Read2: loaded 215M reads 
[03:38:49] Read1: loaded 216M reads 
[03:38:49] Read2: loaded 216M reads 
[03:38:49] Read1: loaded 217M reads 
[03:38:50] Read2: loaded 217M reads 
[03:38:50] Read1: loaded 218M reads 
[03:38:51] Read2: loaded 218M reads 
[03:38:51] Read1: loaded 219M reads 
[03:38:51] Read2: loaded 219M reads 
[03:38:51] Read1: loaded 220M reads 
[03:38:52] Read2: loaded 220M reads 
[03:38:52] Read1: loaded 221M reads 
[03:38:53] Read2: loaded 221M reads 
[03:38:53] Read1: loaded 222M reads 
[03:38:53] Read2: loaded 222M reads 
[03:38:53] Read1: loaded 223M reads 
[03:38:54] Read2: loaded 223M reads 
[03:38:54] Read1: loaded 224M reads 
[03:38:55] Read2: loaded 224M reads 
[03:38:55] Read1: loaded 225M reads 
[03:38:55] Read2: loaded 225M reads 
[03:38:55] Read1: loaded 226M reads 
[03:38:56] Read2: loaded 226M reads 
[03:38:56] Read1: loaded 227M reads 
[03:38:57] Read2: loaded 227M reads 
[03:38:57] Read1: loaded 228M reads 
[03:38:57] Read2: loaded 228M reads 
[03:38:57] Read1: loaded 229M reads 
[03:38:58] Read2: loaded 229M reads 
[03:38:58] Read1: loaded 230M reads 
[03:38:59] Read2: loaded 230M reads 
[03:38:59] Read1: loaded 231M reads 
[03:38:59] Read2: loaded 231M reads 
[03:38:59] Read1: loaded 232M reads 
[03:39:00] Read2: loaded 232M reads 
[03:39:00] Read1: loaded 233M reads 
[03:39:01] Read2: loaded 233M reads 
[03:39:01] Read1: loaded 234M reads 
[03:39:01] Read2: loaded 234M reads 
[03:39:01] Read1: loaded 235M reads 
[03:39:02] Read2: loaded 235M reads 
[03:39:02] Read1: loaded 236M reads 
[03:39:03] Read2: loaded 236M reads 
[03:39:03] Read1: loaded 237M reads 
[03:39:03] Read2: loaded 237M reads 
[03:39:04] Read1: loaded 238M reads 
[03:39:04] Read2: loaded 238M reads 
[03:39:04] Read1: loaded 239M reads 
[03:39:05] Read2: loaded 239M reads 
[03:39:05] Read1: loaded 240M reads 
[03:39:05] Read2: loaded 240M reads 
[03:39:05] Read1: loaded 241M reads 
[03:39:06] Read2: loaded 241M reads 
[03:39:06] Read1: loaded 242M reads 
[03:39:07] Read2: loaded 242M reads 
[03:39:07] Read1: loaded 243M reads 
[03:39:07] Read2: loaded 243M reads 
[03:39:08] Read1: loaded 244M reads 
[03:39:08] Read2: loaded 244M reads 
[03:39:08] Read1: loaded 245M reads 
[03:39:09] Read2: loaded 245M reads 
[03:39:09] Read1: loaded 246M reads 
[03:39:09] Read2: loaded 246M reads 
[03:39:09] Read1: loaded 247M reads 
[03:39:10] Read2: loaded 247M reads 
[03:39:10] Read1: loaded 248M reads 
[03:39:11] Read2: loaded 248M reads 
[03:39:11] Read1: loaded 249M reads 
[03:39:11] Read2: loaded 249M reads 
[03:39:11] Read1: loaded 250M reads 
[03:39:12] Read2: loaded 250M reads 
[03:39:12] Read1: loaded 251M reads 
[03:39:13] Read2: loaded 251M reads 
[03:39:13] Read1: loaded 252M reads 
[03:39:13] Read2: loaded 252M reads 
[03:39:13] Read1: loaded 253M reads 
[03:39:14] Read2: loaded 253M reads 
[03:39:14] Read1: loaded 254M reads 
[03:39:15] Read2: loaded 254M reads 
[03:39:15] Read1: loaded 255M reads 
[03:39:15] Read2: loaded 255M reads 
[03:39:15] Read1: loaded 256M reads 
[03:39:16] Read2: loaded 256M reads 
[03:39:16] Read1: loaded 257M reads 
[03:39:17] Read2: loaded 257M reads 
[03:39:17] Read1: loaded 258M reads 
[03:39:17] Read2: loaded 258M reads 
[03:39:17] Read1: loaded 259M reads 
[03:39:18] Read2: loaded 259M reads 
[03:39:18] Read1: loaded 260M reads 
[03:39:19] Read2: loaded 260M reads 
[03:39:19] Read1: loaded 261M reads 
[03:39:19] Read2: loaded 261M reads 
[03:39:19] Read1: loaded 262M reads 
[03:39:20] Read2: loaded 262M reads 
[03:39:20] Read1: loaded 263M reads 
[03:39:21] Read2: loaded 263M reads 
[03:39:21] Read1: loaded 264M reads 
[03:39:21] Read2: loaded 264M reads 
[03:39:21] Read1: loaded 265M reads 
[03:39:22] Read2: loaded 265M reads 
[03:39:22] Read1: loaded 266M reads 
[03:39:23] Read2: loaded 266M reads 
[03:39:23] Read1: loaded 267M reads 
[03:39:23] Read2: loaded 267M reads 
[03:39:23] Read1: loaded 268M reads 
[03:39:24] Read2: loaded 268M reads 
[03:39:24] Read1: loaded 269M reads 
[03:39:25] Read2: loaded 269M reads 
[03:39:25] Read1: loaded 270M reads 
[03:39:25] Read2: loaded 270M reads 
[03:39:25] Read1: loaded 271M reads 
[03:39:26] Read2: loaded 271M reads 
[03:39:26] Read1: loaded 272M reads 
[03:39:27] Read2: loaded 272M reads 
[03:39:27] Read1: loaded 273M reads 
[03:39:27] Read2: loaded 273M reads 
[03:39:27] Read1: loaded 274M reads 
[03:39:28] Read2: loaded 274M reads 
[03:39:28] Read1: loaded 275M reads 
[03:39:29] Read2: loaded 275M reads 
[03:39:29] Read1: loaded 276M reads 
[03:39:29] Read2: loaded 276M reads 
[03:39:29] Read1: loaded 277M reads 
[03:39:30] Read2: loaded 277M reads 
[03:39:30] Read1: loaded 278M reads 
[03:39:31] Read2: loaded 278M reads 
[03:39:31] Read1: loaded 279M reads 
[03:39:31] Read2: loaded 279M reads 
[03:39:31] Read1: loaded 280M reads 
[03:39:32] Read2: loaded 280M reads 
[03:39:32] Read1: loaded 281M reads 
[03:39:33] Read2: loaded 281M reads 
[03:39:33] Read1: loaded 282M reads 
[03:39:33] Read2: loaded 282M reads 
[03:39:33] Read1: loaded 283M reads 
[03:39:34] Read2: loaded 283M reads 
[03:39:34] Read1: loaded 284M reads 
[03:39:35] Read2: loaded 284M reads 
[03:39:35] Read1: loaded 285M reads 
[03:39:35] Read2: loaded 285M reads 
[03:39:36] Read1: loaded 286M reads 
[03:39:36] Read2: loaded 286M reads 
[03:39:36] Read1: loaded 287M reads 
[03:39:37] Read2: loaded 287M reads 
[03:39:37] Read1: loaded 288M reads 
[03:39:37] Read2: loaded 288M reads 
[03:39:37] Read1: loaded 289M reads 
[03:39:38] Read2: loaded 289M reads 
[03:39:38] Read1: loaded 290M reads 
[03:39:39] Read2: loaded 290M reads 
[03:39:39] Read1: loaded 291M reads 
[03:39:39] Read2: loaded 291M reads 
[03:39:40] Read1: loaded 292M reads 
[03:39:40] Read2: loaded 292M reads 
[03:39:40] Read1: loaded 293M reads 
[03:39:41] Read2: loaded 293M reads 
[03:39:41] Read1: loaded 294M reads 
[03:39:41] Read2: loaded 294M reads 
[03:39:42] Read1: loaded 295M reads 
[03:39:42] Read2: loaded 295M reads 
[03:39:42] Read1: loaded 296M reads 
[03:39:43] Read2: loaded 296M reads 
[03:39:43] Read1: loaded 297M reads 
[03:39:43] Read2: loaded 297M reads 
[03:39:44] Read1: loaded 298M reads 
[03:39:44] Read2: loaded 298M reads 
[03:39:44] Read1: loaded 299M reads 
[03:39:45] Read2: loaded 299M reads 
[03:39:45] Read1: loaded 300M reads 
[03:39:45] Read2: loaded 300M reads 
[03:39:46] Read1: loaded 301M reads 
[03:39:46] Read2: loaded 301M reads 
[03:39:46] Read1: loaded 302M reads 
[03:39:47] Read2: loaded 302M reads 
[03:39:47] Read1: loaded 303M reads 
[03:39:47] Read2: loaded 303M reads 
[03:39:48] Read1: loaded 304M reads 
[03:39:48] Read2: loaded 304M reads 
[03:39:48] Read1: loaded 305M reads 
[03:39:49] Read2: loaded 305M reads 
[03:39:49] Read1: loaded 306M reads 
[03:39:49] Read2: loaded 306M reads 
[03:39:50] Read1: loaded 307M reads 
[03:39:50] Read2: loaded 307M reads 
[03:39:50] Read1: loaded 308M reads 
[03:39:51] Read2: loaded 308M reads 
[03:39:51] Read1: loaded 309M reads 
[03:39:52] Read2: loaded 309M reads 
[03:39:52] Read1: loaded 310M reads 
[03:39:52] Read2: loaded 310M reads 
[03:39:52] Read1: loaded 311M reads 
[03:39:53] Read2: loaded 311M reads 
[03:39:53] Read1: loaded 312M reads 
[03:39:54] Read2: loaded 312M reads 
[03:39:54] Read1: loaded 313M reads 
[03:39:54] Read2: loaded 313M reads 
[03:39:54] Read1: loaded 314M reads 
[03:39:55] Read2: loaded 314M reads 
[03:39:55] Read1: loaded 315M reads 
[03:39:56] Read2: loaded 315M reads 
[03:39:56] Read1: loaded 316M reads 
[03:39:56] Read2: loaded 316M reads 
[03:39:56] Read1: loaded 317M reads 
[03:39:57] Read2: loaded 317M reads 
[03:39:57] Read1: loaded 318M reads 
[03:39:58] Read2: loaded 318M reads 
[03:39:58] Read1: loaded 319M reads 
[03:39:58] Read2: loaded 319M reads 
[03:39:58] Read1: loaded 320M reads 
[03:39:59] Read2: loaded 320M reads 
[03:39:59] Read1: loaded 321M reads 
[03:40:00] Read2: loaded 321M reads 
[03:40:00] Read1: loaded 322M reads 
[03:40:00] Read2: loaded 322M reads 
[03:40:00] Read1: loaded 323M reads 
[03:40:01] Read2: loaded 323M reads 
[03:40:01] Read1: loaded 324M reads 
[03:40:02] Read2: loaded 324M reads 
[03:40:02] Read1: loaded 325M reads 
[03:40:02] Read2: loaded 325M reads 
[03:40:02] Read1: loaded 326M reads 
[03:40:03] Read2: loaded 326M reads 
[03:40:03] Read1: loaded 327M reads 
[03:40:04] Read2: loaded 327M reads 
[03:40:04] Read1: loaded 328M reads 
[03:40:04] Read2: loaded 328M reads 
[03:40:04] Read1: loaded 329M reads 
[03:40:05] Read2: loaded 329M reads 
[03:40:05] Read1: loaded 330M reads 
[03:40:06] Read2: loaded 330M reads 
[03:40:06] Read1: loaded 331M reads 
[03:40:06] Read2: loaded 331M reads 
[03:40:06] Read1: loaded 332M reads 
[03:40:07] Read2: loaded 332M reads 
[03:40:07] Read1: loaded 333M reads 
[03:40:07] Read2: loaded 333M reads 
[03:40:08] Read1: loaded 334M reads 
[03:40:08] Read2: loaded 334M reads 
[03:40:08] Read1: loaded 335M reads 
[03:40:09] Read2: loaded 335M reads 
[03:40:09] Read1: loaded 336M reads 
[03:40:09] Read2: loaded 336M reads 
[03:40:10] Read1: loaded 337M reads 
[03:40:10] Read2: loaded 337M reads 
[03:40:10] Read1: loaded 338M reads 
[03:40:11] Read2: loaded 338M reads 
[03:40:11] Read1: loaded 339M reads 
[03:40:11] Read2: loaded 339M reads 
[03:40:12] Read1: loaded 340M reads 
[03:40:12] Read2: loaded 340M reads 
[03:40:12] Read1: loaded 341M reads 
[03:40:13] Read2: loaded 341M reads 
[03:40:13] Read1: loaded 342M reads 
[03:40:13] Read2: loaded 342M reads 
[03:40:14] Read1: loaded 343M reads 
[03:40:14] Read2: loaded 343M reads 
[03:40:14] Read1: loaded 344M reads 
[03:40:15] Read2: loaded 344M reads 
[03:40:15] Read1: loaded 345M reads 
[03:40:16] Read2: loaded 345M reads 
[03:40:16] Read1: loaded 346M reads 
[03:40:16] Read2: loaded 346M reads 
[03:40:16] Read1: loaded 347M reads 
[03:40:17] Read2: loaded 347M reads 
[03:40:17] Read1: loaded 348M reads 
[03:40:18] Read2: loaded 348M reads 
[03:40:18] Read1: loaded 349M reads 
[03:40:18] Read2: loaded 349M reads 
[03:40:18] Read1: loaded 350M reads 
[03:40:19] Read2: loaded 350M reads 
[03:40:19] Read1: loaded 351M reads 
[03:40:20] Read2: loaded 351M reads 
[03:40:20] Read1: loaded 352M reads 
[03:40:20] Read2: loaded 352M reads 
[03:40:20] Read1: loaded 353M reads 
[03:40:21] Read2: loaded 353M reads 
[03:40:21] Read1: loaded 354M reads 
[03:40:22] Read2: loaded 354M reads 
[03:40:22] Read1: loaded 355M reads 
[03:40:22] Read2: loaded 355M reads 
[03:40:22] Read1: loaded 356M reads 
[03:40:23] Read2: loaded 356M reads 
[03:40:23] Read1: loaded 357M reads 
[03:40:24] Read2: loaded 357M reads 
[03:40:24] Read1: loaded 358M reads 
[03:40:24] Read2: loaded 358M reads 
[03:40:24] Read1: loaded 359M reads 
[03:40:25] Read2: loaded 359M reads 
[03:40:25] Read1: loaded 360M reads 
[03:40:26] Read2: loaded 360M reads 
[03:40:26] Read1: loaded 361M reads 
[03:40:26] Read1: loading completed with 44102 packs 
[03:40:26] Read2: loaded 361M reads 
[03:40:27] Read2: loading completed with 44102 packs 
[03:40:27] [fastp 1.3.3-d0bromir] Stage: loading (238830 ms) 
[03:40:27] [fastp 1.3.3-d0bromir] Stage: filtering 
[03:40:27] thread 2 data processing completed 
[03:40:27] thread 2 finished 
[03:40:27] thread 3 data processing completed 
[03:40:27] thread 3 finished 
[03:40:27] thread 13 data processing completed 
[03:40:27] thread 13 finished 
[03:40:27] thread 28 data processing completed 
[03:40:27] thread 28 finished 
[03:40:27] thread 24 data processing completed 
[03:40:27] thread 24 finished 
[03:40:27] thread 1 data processing completed 
[03:40:27] thread 1 finished 
[03:40:27] thread 21 data processing completed 
[03:40:27] thread 21 finished 
[03:40:27] thread 19 data processing completed 
[03:40:27] thread 19 finished 
[03:40:27] thread 32 data processing completed 
[03:40:27] thread 32 finished 
[03:40:27] thread 4 data processing completed 
[03:40:27] thread 4 finished 
[03:40:27] thread 12 data processing completed 
[03:40:27] thread 12 finished 
[03:40:27] thread 5 data processing completed 
[03:40:27] thread 5 finished 
[03:40:27] thread 17 data processing completed 
[03:40:27] thread 17 finished 
[03:40:27] thread 7 data processing completed 
[03:40:27] thread 7 finished 
[03:40:27] thread 22 data processing completed 
[03:40:27] thread 22 finished 
[03:40:27] thread 16 data processing completed 
[03:40:27] thread 16 finished 
[03:40:27] thread 14 data processing completed 
[03:40:27] thread 14 finished 
[03:40:27] thread 11 data processing completed 
[03:40:27] thread 11 finished 
[03:40:27] thread 6 data processing completed 
[03:40:27] thread 6 finished 
[03:40:27] thread 23 data processing completed 
[03:40:27] thread 23 finished 
[03:40:27] thread 30 data processing completed 
[03:40:27] thread 30 finished 
[03:40:27] thread 26 data processing completed 
[03:40:27] thread 26 finished 
[03:40:27] thread 10 data processing completed 
[03:40:27] thread 10 finished 
[03:40:27] thread 15 data processing completed 
[03:40:27] thread 15 finished 
[03:40:27] thread 29 data processing completed 
[03:40:27] thread 29 finished 
[03:40:27] thread 9 data processing completed 
[03:40:27] thread 9 finished 
[03:40:27] thread 25 data processing completed 
[03:40:27] thread 25 finished 
[03:40:27] thread 27 data processing completed 
[03:40:27] thread 27 finished 
[03:40:27] thread 31 data processing completed 
[03:40:27] thread 31 finished 
[03:40:27] thread 8 data processing completed 
[03:40:27] thread 8 finished 
[03:40:27] thread 20 data processing completed 
[03:40:27] thread 20 finished 
[03:40:27] thread 18 data processing completed 
[03:40:27] thread 18 finished 
[03:40:27] [fastp 1.3.3-d0bromir] Stage: filtering (575 ms) 
[03:40:27] [fastp 1.3.3-d0bromir] Stage: writing 
[03:40:27] /dev/shm/fastp_bench_Y7xLfs_R2.fq.gz writer finished 
[03:40:27] /dev/shm/fastp_bench_v3dOJm_R1.fq.gz writer finished 
[03:40:27] [fastp 1.3.3-d0bromir] Stage: writing (29 ms) 
[03:40:27] start to generate reports
 
Read1 before filtering:
total reads: 361281611
total bases: 54192241650
Q20 bases: 54123398100(99.873%)
Q30 bases: 54123398100(99.873%)
Q40 bases: 0(0%)

Read2 before filtering:
total reads: 361281611
total bases: 54192241650
Q20 bases: 53855170050(99.378%)
Q30 bases: 53855170050(99.378%)
Q40 bases: 0(0%)

Read1 after filtering:
total reads: 358607374
total bases: 53574361382
Q20 bases: 53574361382(100%)
Q30 bases: 53574361382(100%)
Q40 bases: 0(0%)

Read2 after filtering:
total reads: 358607374
total bases: 53574361382
Q20 bases: 53574361382(100%)
Q30 bases: 53574361382(100%)
Q40 bases: 0(0%)

Filtering result:
reads passed filter: 717214748
reads failed due to low quality: 5328396
reads failed due to too many N: 20078
reads failed due to too short: 0
reads failed due to adapter dimer: 0
reads with adapter trimmed: 9627740
bases trimmed due to adapters: 442711160

Duplication rate: 5.60214%

Insert size peak (evaluated by paired-end reads): 269

JSON report: /dev/shm/fastp_bench_UAkT7t.json
HTML report: /dev/null

/home/mpiuser/bioauto_rev/fastp_d0bromir/fastp-cpu -w 32 -j /dev/shm/fastp_bench_UAkT7t.json -h /dev/null --verbose -i /home/mpiuser/FASTQ/WGS/DRR216653_1.fastq.gz -I /home/mpiuser/FASTQ/WGS/DRR216653_2.fastq.gz -o /dev/shm/fastp_bench_v3dOJm_R1.fq.gz -O /dev/shm/fastp_bench_Y7xLfs_R2.fq.gz 
fastp v1.3.3-d0bromir, time used: 243 seconds
================================================================

================================================================
 Application  : d0bromir_gpu (/home/mpiuser/bioauto_rev/fastp_d0bromir/fastp)
 Dataset      : WGS PE 40G (DRR216653 R1+R2)
 Files        : R1=/home/mpiuser/FASTQ/WGS/DRR216653_1.fastq.gz
               R2=/home/mpiuser/FASTQ/WGS/DRR216653_2.fastq.gz
 Type         : PE
 Threads      : 32
 Wall time    : 245.274 s
 reads_in     : 722563222
 reads_out    : 717214748
 vs_opengene  : -64.2%
--- Resource usage ---
 CPU avg/peak : 3236.3% / 3835.2%
 RSS peak     : 4135 MiB
 GPU util a/p : 26.1% / 29.0%
 GPU mem peak : 1360 MiB
 Sample CSV   : /home/mpiuser/bioauto_rev/fastp_d0bromir/benchmark_results/20261004_032456/resources/resource_WGS_PE_40G_d0bromir_gpu_T32_1791085235.csv
--- Profiling output ---
[03:40:35] fastp 1.3.3-d0bromir starting 
[03:40:35] [GPU] CUDA GPU available (Device 0) - statistics GPU-accelerated (slots=8) 
[03:40:36] [fastp 1.3.3-d0bromir] Stage: loading 
[03:40:36] [GPU] CUDA GPU available (Device 1) - statistics GPU-accelerated (slots=8) 
[03:40:36] [GPU] Dual-GPU mode: Device 0 + Device 1 active 
[03:40:36] start to load data of read1 
[03:40:36] start to load data of read2 
[03:40:37] Read2: loaded 1M reads 
[03:40:37] Read1: loaded 1M reads 
[03:40:37] Read2: loaded 2M reads 
[03:40:37] Read1: loaded 2M reads 
[03:40:38] Read1: loaded 3M reads 
[03:40:38] Read2: loaded 3M reads 
[03:40:38] Read2: loaded 4M reads 
[03:40:38] Read1: loaded 4M reads 
[03:40:39] Read2: loaded 5M reads 
[03:40:39] Read1: loaded 5M reads 
[03:40:40] Read1: loaded 6M reads 
[03:40:40] Read2: loaded 6M reads 
[03:40:40] Read1: loaded 7M reads 
[03:40:40] Read2: loaded 7M reads 
[03:40:41] Read1: loaded 8M reads 
[03:40:41] Read2: loaded 8M reads 
[03:40:42] Read1: loaded 9M reads 
[03:40:42] Read2: loaded 9M reads 
[03:40:42] Read2: loaded 10M reads 
[03:40:42] Read1: loaded 10M reads 
[03:40:43] Read1: loaded 11M reads 
[03:40:43] Read2: loaded 11M reads 
[03:40:44] Read2: loaded 12M reads 
[03:40:44] Read1: loaded 12M reads 
[03:40:44] Read1: loaded 13M reads 
[03:40:44] Read2: loaded 13M reads 
[03:40:45] Read1: loaded 14M reads 
[03:40:45] Read2: loaded 14M reads 
[03:40:46] Read1: loaded 15M reads 
[03:40:46] Read2: loaded 15M reads 
[03:40:46] Read1: loaded 16M reads 
[03:40:46] Read2: loaded 16M reads 
[03:40:47] Read1: loaded 17M reads 
[03:40:47] Read2: loaded 17M reads 
[03:40:48] Read1: loaded 18M reads 
[03:40:48] Read2: loaded 18M reads 
[03:40:48] Read1: loaded 19M reads 
[03:40:48] Read2: loaded 19M reads 
[03:40:49] Read1: loaded 20M reads 
[03:40:49] Read2: loaded 20M reads 
[03:40:49] Read1: loaded 21M reads 
[03:40:49] Read2: loaded 21M reads 
[03:40:50] Read1: loaded 22M reads 
[03:40:50] Read2: loaded 22M reads 
[03:40:51] Read1: loaded 23M reads 
[03:40:51] Read2: loaded 23M reads 
[03:40:51] Read1: loaded 24M reads 
[03:40:51] Read2: loaded 24M reads 
[03:40:52] Read1: loaded 25M reads 
[03:40:52] Read2: loaded 25M reads 
[03:40:53] Read1: loaded 26M reads 
[03:40:53] Read2: loaded 26M reads 
[03:40:53] Read1: loaded 27M reads 
[03:40:53] Read2: loaded 27M reads 
[03:40:54] Read1: loaded 28M reads 
[03:40:54] Read2: loaded 28M reads 
[03:40:55] Read1: loaded 29M reads 
[03:40:55] Read2: loaded 29M reads 
[03:40:55] Read1: loaded 30M reads 
[03:40:55] Read2: loaded 30M reads 
[03:40:56] Read1: loaded 31M reads 
[03:40:56] Read2: loaded 31M reads 
[03:40:57] Read1: loaded 32M reads 
[03:40:57] Read2: loaded 32M reads 
[03:40:57] Read1: loaded 33M reads 
[03:40:57] Read2: loaded 33M reads 
[03:40:58] Read1: loaded 34M reads 
[03:40:58] Read2: loaded 34M reads 
[03:40:59] Read1: loaded 35M reads 
[03:40:59] Read2: loaded 35M reads 
[03:40:59] Read1: loaded 36M reads 
[03:40:59] Read2: loaded 36M reads 
[03:41:00] Read1: loaded 37M reads 
[03:41:00] Read2: loaded 37M reads 
[03:41:00] Read1: loaded 38M reads 
[03:41:01] Read2: loaded 38M reads 
[03:41:01] Read1: loaded 39M reads 
[03:41:01] Read2: loaded 39M reads 
[03:41:02] Read1: loaded 40M reads 
[03:41:02] Read2: loaded 40M reads 
[03:41:02] Read1: loaded 41M reads 
[03:41:03] Read2: loaded 41M reads 
[03:41:03] Read1: loaded 42M reads 
[03:41:03] Read2: loaded 42M reads 
[03:41:04] Read1: loaded 43M reads 
[03:41:04] Read2: loaded 43M reads 
[03:41:04] Read1: loaded 44M reads 
[03:41:04] Read2: loaded 44M reads 
[03:41:05] Read1: loaded 45M reads 
[03:41:05] Read2: loaded 45M reads 
[03:41:06] Read1: loaded 46M reads 
[03:41:06] Read2: loaded 46M reads 
[03:41:06] Read1: loaded 47M reads 
[03:41:06] Read2: loaded 47M reads 
[03:41:07] Read1: loaded 48M reads 
[03:41:07] Read2: loaded 48M reads 
[03:41:08] Read1: loaded 49M reads 
[03:41:08] Read2: loaded 49M reads 
[03:41:08] Read1: loaded 50M reads 
[03:41:08] Read2: loaded 50M reads 
[03:41:09] Read1: loaded 51M reads 
[03:41:09] Read2: loaded 51M reads 
[03:41:10] Read1: loaded 52M reads 
[03:41:10] Read2: loaded 52M reads 
[03:41:10] Read1: loaded 53M reads 
[03:41:10] Read2: loaded 53M reads 
[03:41:11] Read1: loaded 54M reads 
[03:41:11] Read2: loaded 54M reads 
[03:41:11] Read1: loaded 55M reads 
[03:41:12] Read2: loaded 55M reads 
[03:41:12] Read1: loaded 56M reads 
[03:41:12] Read2: loaded 56M reads 
[03:41:13] Read1: loaded 57M reads 
[03:41:13] Read2: loaded 57M reads 
[03:41:13] Read1: loaded 58M reads 
[03:41:14] Read2: loaded 58M reads 
[03:41:14] Read1: loaded 59M reads 
[03:41:14] Read2: loaded 59M reads 
[03:41:15] Read1: loaded 60M reads 
[03:41:15] Read2: loaded 60M reads 
[03:41:15] Read1: loaded 61M reads 
[03:41:16] Read2: loaded 61M reads 
[03:41:16] Read1: loaded 62M reads 
[03:41:16] Read2: loaded 62M reads 
[03:41:17] Read1: loaded 63M reads 
[03:41:17] Read2: loaded 63M reads 
[03:41:17] Read1: loaded 64M reads 
[03:41:18] Read2: loaded 64M reads 
[03:41:18] Read1: loaded 65M reads 
[03:41:18] Read2: loaded 65M reads 
[03:41:19] Read1: loaded 66M reads 
[03:41:19] Read2: loaded 66M reads 
[03:41:19] Read1: loaded 67M reads 
[03:41:19] Read2: loaded 67M reads 
[03:41:20] Read1: loaded 68M reads 
[03:41:20] Read2: loaded 68M reads 
[03:41:21] Read1: loaded 69M reads 
[03:41:21] Read2: loaded 69M reads 
[03:41:21] Read1: loaded 70M reads 
[03:41:21] Read2: loaded 70M reads 
[03:41:22] Read1: loaded 71M reads 
[03:41:22] Read2: loaded 71M reads 
[03:41:23] Read1: loaded 72M reads 
[03:41:23] Read2: loaded 72M reads 
[03:41:23] Read1: loaded 73M reads 
[03:41:23] Read2: loaded 73M reads 
[03:41:24] Read1: loaded 74M reads 
[03:41:24] Read2: loaded 74M reads 
[03:41:24] Read1: loaded 75M reads 
[03:41:25] Read2: loaded 75M reads 
[03:41:25] Read1: loaded 76M reads 
[03:41:25] Read2: loaded 76M reads 
[03:41:26] Read1: loaded 77M reads 
[03:41:26] Read2: loaded 77M reads 
[03:41:26] Read1: loaded 78M reads 
[03:41:27] Read2: loaded 78M reads 
[03:41:27] Read1: loaded 79M reads 
[03:41:27] Read2: loaded 79M reads 
[03:41:28] Read1: loaded 80M reads 
[03:41:28] Read2: loaded 80M reads 
[03:41:28] Read1: loaded 81M reads 
[03:41:29] Read2: loaded 81M reads 
[03:41:29] Read1: loaded 82M reads 
[03:41:29] Read2: loaded 82M reads 
[03:41:30] Read1: loaded 83M reads 
[03:41:30] Read2: loaded 83M reads 
[03:41:30] Read1: loaded 84M reads 
[03:41:31] Read2: loaded 84M reads 
[03:41:31] Read1: loaded 85M reads 
[03:41:31] Read2: loaded 85M reads 
[03:41:32] Read1: loaded 86M reads 
[03:41:32] Read2: loaded 86M reads 
[03:41:32] Read1: loaded 87M reads 
[03:41:33] Read2: loaded 87M reads 
[03:41:33] Read1: loaded 88M reads 
[03:41:33] Read2: loaded 88M reads 
[03:41:33] Read1: loaded 89M reads 
[03:41:34] Read2: loaded 89M reads 
[03:41:34] Read1: loaded 90M reads 
[03:41:35] Read2: loaded 90M reads 
[03:41:35] Read1: loaded 91M reads 
[03:41:35] Read2: loaded 91M reads 
[03:41:35] Read1: loaded 92M reads 
[03:41:36] Read2: loaded 92M reads 
[03:41:36] Read1: loaded 93M reads 
[03:41:37] Read2: loaded 93M reads 
[03:41:37] Read1: loaded 94M reads 
[03:41:37] Read2: loaded 94M reads 
[03:41:37] Read1: loaded 95M reads 
[03:41:38] Read2: loaded 95M reads 
[03:41:38] Read1: loaded 96M reads 
[03:41:39] Read2: loaded 96M reads 
[03:41:39] Read1: loaded 97M reads 
[03:41:39] Read2: loaded 97M reads 
[03:41:39] Read1: loaded 98M reads 
[03:41:40] Read2: loaded 98M reads 
[03:41:40] Read1: loaded 99M reads 
[03:41:40] Read2: loaded 99M reads 
[03:41:41] Read1: loaded 100M reads 
[03:41:41] Read2: loaded 100M reads 
[03:41:41] Read1: loaded 101M reads 
[03:41:42] Read2: loaded 101M reads 
[03:41:42] Read1: loaded 102M reads 
[03:41:42] Read2: loaded 102M reads 
[03:41:43] Read1: loaded 103M reads 
[03:41:43] Read2: loaded 103M reads 
[03:41:43] Read1: loaded 104M reads 
[03:41:44] Read2: loaded 104M reads 
[03:41:44] Read1: loaded 105M reads 
[03:41:44] Read2: loaded 105M reads 
[03:41:45] Read1: loaded 106M reads 
[03:41:45] Read2: loaded 106M reads 
[03:41:45] Read1: loaded 107M reads 
[03:41:46] Read2: loaded 107M reads 
[03:41:46] Read1: loaded 108M reads 
[03:41:46] Read2: loaded 108M reads 
[03:41:46] Read1: loaded 109M reads 
[03:41:47] Read2: loaded 109M reads 
[03:41:47] Read1: loaded 110M reads 
[03:41:48] Read2: loaded 110M reads 
[03:41:48] Read1: loaded 111M reads 
[03:41:48] Read2: loaded 111M reads 
[03:41:48] Read1: loaded 112M reads 
[03:41:49] Read2: loaded 112M reads 
[03:41:49] Read1: loaded 113M reads 
[03:41:50] Read2: loaded 113M reads 
[03:41:50] Read1: loaded 114M reads 
[03:41:50] Read2: loaded 114M reads 
[03:41:50] Read1: loaded 115M reads 
[03:41:51] Read2: loaded 115M reads 
[03:41:51] Read1: loaded 116M reads 
[03:41:52] Read2: loaded 116M reads 
[03:41:52] Read1: loaded 117M reads 
[03:41:52] Read2: loaded 117M reads 
[03:41:52] Read1: loaded 118M reads 
[03:41:53] Read2: loaded 118M reads 
[03:41:53] Read1: loaded 119M reads 
[03:41:54] Read2: loaded 119M reads 
[03:41:54] Read1: loaded 120M reads 
[03:41:54] Read2: loaded 120M reads 
[03:41:54] Read1: loaded 121M reads 
[03:41:55] Read2: loaded 121M reads 
[03:41:55] Read1: loaded 122M reads 
[03:41:56] Read2: loaded 122M reads 
[03:41:56] Read1: loaded 123M reads 
[03:41:56] Read2: loaded 123M reads 
[03:41:56] Read1: loaded 124M reads 
[03:41:57] Read2: loaded 124M reads 
[03:41:57] Read1: loaded 125M reads 
[03:41:58] Read2: loaded 125M reads 
[03:41:58] Read1: loaded 126M reads 
[03:41:58] Read2: loaded 126M reads 
[03:41:58] Read1: loaded 127M reads 
[03:41:59] Read2: loaded 127M reads 
[03:41:59] Read1: loaded 128M reads 
[03:42:00] Read2: loaded 128M reads 
[03:42:00] Read1: loaded 129M reads 
[03:42:00] Read2: loaded 129M reads 
[03:42:00] Read1: loaded 130M reads 
[03:42:01] Read2: loaded 130M reads 
[03:42:01] Read1: loaded 131M reads 
[03:42:02] Read2: loaded 131M reads 
[03:42:02] Read1: loaded 132M reads 
[03:42:02] Read2: loaded 132M reads 
[03:42:02] Read1: loaded 133M reads 
[03:42:03] Read2: loaded 133M reads 
[03:42:03] Read1: loaded 134M reads 
[03:42:04] Read2: loaded 134M reads 
[03:42:04] Read1: loaded 135M reads 
[03:42:04] Read2: loaded 135M reads 
[03:42:04] Read1: loaded 136M reads 
[03:42:05] Read2: loaded 136M reads 
[03:42:05] Read1: loaded 137M reads 
[03:42:06] Read2: loaded 137M reads 
[03:42:06] Read1: loaded 138M reads 
[03:42:06] Read2: loaded 138M reads 
[03:42:06] Read1: loaded 139M reads 
[03:42:07] Read2: loaded 139M reads 
[03:42:07] Read1: loaded 140M reads 
[03:42:08] Read2: loaded 140M reads 
[03:42:08] Read1: loaded 141M reads 
[03:42:08] Read2: loaded 141M reads 
[03:42:08] Read1: loaded 142M reads 
[03:42:09] Read2: loaded 142M reads 
[03:42:09] Read1: loaded 143M reads 
[03:42:10] Read2: loaded 143M reads 
[03:42:10] Read1: loaded 144M reads 
[03:42:10] Read2: loaded 144M reads 
[03:42:10] Read1: loaded 145M reads 
[03:42:11] Read2: loaded 145M reads 
[03:42:11] Read1: loaded 146M reads 
[03:42:12] Read2: loaded 146M reads 
[03:42:12] Read1: loaded 147M reads 
[03:42:12] Read2: loaded 147M reads 
[03:42:12] Read1: loaded 148M reads 
[03:42:13] Read2: loaded 148M reads 
[03:42:13] Read1: loaded 149M reads 
[03:42:13] Read2: loaded 149M reads 
[03:42:14] Read1: loaded 150M reads 
[03:42:14] Read2: loaded 150M reads 
[03:42:14] Read1: loaded 151M reads 
[03:42:15] Read2: loaded 151M reads 
[03:42:15] Read1: loaded 152M reads 
[03:42:15] Read2: loaded 152M reads 
[03:42:16] Read1: loaded 153M reads 
[03:42:16] Read2: loaded 153M reads 
[03:42:16] Read1: loaded 154M reads 
[03:42:17] Read2: loaded 154M reads 
[03:42:17] Read1: loaded 155M reads 
[03:42:17] Read2: loaded 155M reads 
[03:42:18] Read1: loaded 156M reads 
[03:42:18] Read2: loaded 156M reads 
[03:42:18] Read1: loaded 157M reads 
[03:42:19] Read2: loaded 157M reads 
[03:42:19] Read1: loaded 158M reads 
[03:42:19] Read2: loaded 158M reads 
[03:42:20] Read1: loaded 159M reads 
[03:42:20] Read2: loaded 159M reads 
[03:42:20] Read1: loaded 160M reads 
[03:42:21] Read2: loaded 160M reads 
[03:42:21] Read1: loaded 161M reads 
[03:42:21] Read2: loaded 161M reads 
[03:42:22] Read1: loaded 162M reads 
[03:42:22] Read2: loaded 162M reads 
[03:42:22] Read1: loaded 163M reads 
[03:42:23] Read2: loaded 163M reads 
[03:42:23] Read1: loaded 164M reads 
[03:42:23] Read2: loaded 164M reads 
[03:42:24] Read1: loaded 165M reads 
[03:42:24] Read2: loaded 165M reads 
[03:42:24] Read1: loaded 166M reads 
[03:42:25] Read2: loaded 166M reads 
[03:42:25] Read1: loaded 167M reads 
[03:42:25] Read2: loaded 167M reads 
[03:42:26] Read1: loaded 168M reads 
[03:42:26] Read2: loaded 168M reads 
[03:42:26] Read1: loaded 169M reads 
[03:42:27] Read2: loaded 169M reads 
[03:42:27] Read1: loaded 170M reads 
[03:42:27] Read2: loaded 170M reads 
[03:42:27] Read1: loaded 171M reads 
[03:42:28] Read2: loaded 171M reads 
[03:42:28] Read1: loaded 172M reads 
[03:42:29] Read2: loaded 172M reads 
[03:42:29] Read1: loaded 173M reads 
[03:42:29] Read2: loaded 173M reads 
[03:42:30] Read1: loaded 174M reads 
[03:42:30] Read2: loaded 174M reads 
[03:42:30] Read1: loaded 175M reads 
[03:42:31] Read2: loaded 175M reads 
[03:42:31] Read1: loaded 176M reads 
[03:42:31] Read2: loaded 176M reads 
[03:42:31] Read1: loaded 177M reads 
[03:42:32] Read2: loaded 177M reads 
[03:42:32] Read1: loaded 178M reads 
[03:42:33] Read2: loaded 178M reads 
[03:42:33] Read1: loaded 179M reads 
[03:42:33] Read2: loaded 179M reads 
[03:42:34] Read1: loaded 180M reads 
[03:42:34] Read2: loaded 180M reads 
[03:42:34] Read1: loaded 181M reads 
[03:42:35] Read2: loaded 181M reads 
[03:42:35] Read1: loaded 182M reads 
[03:42:35] Read2: loaded 182M reads 
[03:42:35] Read1: loaded 183M reads 
[03:42:36] Read2: loaded 183M reads 
[03:42:36] Read1: loaded 184M reads 
[03:42:37] Read2: loaded 184M reads 
[03:42:37] Read1: loaded 185M reads 
[03:42:37] Read2: loaded 185M reads 
[03:42:37] Read1: loaded 186M reads 
[03:42:38] Read2: loaded 186M reads 
[03:42:38] Read1: loaded 187M reads 
[03:42:39] Read2: loaded 187M reads 
[03:42:39] Read1: loaded 188M reads 
[03:42:39] Read2: loaded 188M reads 
[03:42:39] Read1: loaded 189M reads 
[03:42:40] Read2: loaded 189M reads 
[03:42:40] Read1: loaded 190M reads 
[03:42:41] Read2: loaded 190M reads 
[03:42:41] Read1: loaded 191M reads 
[03:42:41] Read2: loaded 191M reads 
[03:42:41] Read1: loaded 192M reads 
[03:42:42] Read2: loaded 192M reads 
[03:42:42] Read1: loaded 193M reads 
[03:42:43] Read2: loaded 193M reads 
[03:42:43] Read1: loaded 194M reads 
[03:42:43] Read2: loaded 194M reads 
[03:42:43] Read1: loaded 195M reads 
[03:42:44] Read2: loaded 195M reads 
[03:42:44] Read1: loaded 196M reads 
[03:42:45] Read2: loaded 196M reads 
[03:42:45] Read1: loaded 197M reads 
[03:42:45] Read2: loaded 197M reads 
[03:42:45] Read1: loaded 198M reads 
[03:42:46] Read2: loaded 198M reads 
[03:42:46] Read1: loaded 199M reads 
[03:42:47] Read2: loaded 199M reads 
[03:42:47] Read1: loaded 200M reads 
[03:42:47] Read2: loaded 200M reads 
[03:42:47] Read1: loaded 201M reads 
[03:42:48] Read2: loaded 201M reads 
[03:42:48] Read1: loaded 202M reads 
[03:42:49] Read2: loaded 202M reads 
[03:42:49] Read1: loaded 203M reads 
[03:42:49] Read2: loaded 203M reads 
[03:42:49] Read1: loaded 204M reads 
[03:42:50] Read2: loaded 204M reads 
[03:42:50] Read1: loaded 205M reads 
[03:42:51] Read2: loaded 205M reads 
[03:42:51] Read1: loaded 206M reads 
[03:42:51] Read2: loaded 206M reads 
[03:42:51] Read1: loaded 207M reads 
[03:42:52] Read2: loaded 207M reads 
[03:42:52] Read1: loaded 208M reads 
[03:42:53] Read2: loaded 208M reads 
[03:42:53] Read1: loaded 209M reads 
[03:42:53] Read2: loaded 209M reads 
[03:42:54] Read1: loaded 210M reads 
[03:42:54] Read2: loaded 210M reads 
[03:42:54] Read1: loaded 211M reads 
[03:42:55] Read2: loaded 211M reads 
[03:42:55] Read1: loaded 212M reads 
[03:42:55] Read2: loaded 212M reads 
[03:42:56] Read1: loaded 213M reads 
[03:42:56] Read2: loaded 213M reads 
[03:42:56] Read1: loaded 214M reads 
[03:42:57] Read2: loaded 214M reads 
[03:42:57] Read1: loaded 215M reads 
[03:42:57] Read2: loaded 215M reads 
[03:42:58] Read1: loaded 216M reads 
[03:42:58] Read2: loaded 216M reads 
[03:42:58] Read1: loaded 217M reads 
[03:42:59] Read2: loaded 217M reads 
[03:42:59] Read1: loaded 218M reads 
[03:42:59] Read2: loaded 218M reads 
[03:43:00] Read1: loaded 219M reads 
[03:43:00] Read2: loaded 219M reads 
[03:43:00] Read1: loaded 220M reads 
[03:43:01] Read2: loaded 220M reads 
[03:43:01] Read1: loaded 221M reads 
[03:43:01] Read2: loaded 221M reads 
[03:43:02] Read1: loaded 222M reads 
[03:43:02] Read2: loaded 222M reads 
[03:43:02] Read1: loaded 223M reads 
[03:43:03] Read2: loaded 223M reads 
[03:43:03] Read1: loaded 224M reads 
[03:43:03] Read2: loaded 224M reads 
[03:43:04] Read1: loaded 225M reads 
[03:43:04] Read2: loaded 225M reads 
[03:43:04] Read1: loaded 226M reads 
[03:43:05] Read2: loaded 226M reads 
[03:43:05] Read1: loaded 227M reads 
[03:43:06] Read2: loaded 227M reads 
[03:43:06] Read1: loaded 228M reads 
[03:43:06] Read2: loaded 228M reads 
[03:43:06] Read1: loaded 229M reads 
[03:43:07] Read2: loaded 229M reads 
[03:43:07] Read1: loaded 230M reads 
[03:43:08] Read2: loaded 230M reads 
[03:43:08] Read1: loaded 231M reads 
[03:43:08] Read2: loaded 231M reads 
[03:43:08] Read1: loaded 232M reads 
[03:43:09] Read2: loaded 232M reads 
[03:43:09] Read1: loaded 233M reads 
[03:43:10] Read2: loaded 233M reads 
[03:43:10] Read1: loaded 234M reads 
[03:43:10] Read2: loaded 234M reads 
[03:43:10] Read1: loaded 235M reads 
[03:43:11] Read2: loaded 235M reads 
[03:43:11] Read1: loaded 236M reads 
[03:43:12] Read2: loaded 236M reads 
[03:43:12] Read1: loaded 237M reads 
[03:43:12] Read2: loaded 237M reads 
[03:43:12] Read1: loaded 238M reads 
[03:43:13] Read2: loaded 238M reads 
[03:43:13] Read1: loaded 239M reads 
[03:43:14] Read2: loaded 239M reads 
[03:43:14] Read1: loaded 240M reads 
[03:43:14] Read2: loaded 240M reads 
[03:43:14] Read1: loaded 241M reads 
[03:43:15] Read2: loaded 241M reads 
[03:43:15] Read1: loaded 242M reads 
[03:43:16] Read2: loaded 242M reads 
[03:43:16] Read1: loaded 243M reads 
[03:43:16] Read2: loaded 243M reads 
[03:43:16] Read1: loaded 244M reads 
[03:43:17] Read2: loaded 244M reads 
[03:43:17] Read1: loaded 245M reads 
[03:43:18] Read2: loaded 245M reads 
[03:43:18] Read1: loaded 246M reads 
[03:43:18] Read2: loaded 246M reads 
[03:43:18] Read1: loaded 247M reads 
[03:43:19] Read2: loaded 247M reads 
[03:43:19] Read1: loaded 248M reads 
[03:43:20] Read2: loaded 248M reads 
[03:43:20] Read1: loaded 249M reads 
[03:43:20] Read2: loaded 249M reads 
[03:43:20] Read1: loaded 250M reads 
[03:43:21] Read2: loaded 250M reads 
[03:43:21] Read1: loaded 251M reads 
[03:43:22] Read2: loaded 251M reads 
[03:43:22] Read1: loaded 252M reads 
[03:43:22] Read2: loaded 252M reads 
[03:43:22] Read1: loaded 253M reads 
[03:43:23] Read2: loaded 253M reads 
[03:43:23] Read1: loaded 254M reads 
[03:43:24] Read2: loaded 254M reads 
[03:43:24] Read1: loaded 255M reads 
[03:43:24] Read2: loaded 255M reads 
[03:43:24] Read1: loaded 256M reads 
[03:43:25] Read2: loaded 256M reads 
[03:43:25] Read1: loaded 257M reads 
[03:43:26] Read2: loaded 257M reads 
[03:43:26] Read1: loaded 258M reads 
[03:43:26] Read2: loaded 258M reads 
[03:43:26] Read1: loaded 259M reads 
[03:43:27] Read2: loaded 259M reads 
[03:43:27] Read1: loaded 260M reads 
[03:43:28] Read2: loaded 260M reads 
[03:43:28] Read1: loaded 261M reads 
[03:43:28] Read2: loaded 261M reads 
[03:43:29] Read1: loaded 262M reads 
[03:43:29] Read2: loaded 262M reads 
[03:43:29] Read1: loaded 263M reads 
[03:43:30] Read2: loaded 263M reads 
[03:43:30] Read1: loaded 264M reads 
[03:43:31] Read2: loaded 264M reads 
[03:43:31] Read1: loaded 265M reads 
[03:43:31] Read2: loaded 265M reads 
[03:43:31] Read1: loaded 266M reads 
[03:43:32] Read2: loaded 266M reads 
[03:43:32] Read1: loaded 267M reads 
[03:43:33] Read2: loaded 267M reads 
[03:43:33] Read1: loaded 268M reads 
[03:43:33] Read2: loaded 268M reads 
[03:43:33] Read1: loaded 269M reads 
[03:43:34] Read2: loaded 269M reads 
[03:43:34] Read1: loaded 270M reads 
[03:43:35] Read2: loaded 270M reads 
[03:43:35] Read1: loaded 271M reads 
[03:43:35] Read2: loaded 271M reads 
[03:43:35] Read1: loaded 272M reads 
[03:43:36] Read2: loaded 272M reads 
[03:43:36] Read1: loaded 273M reads 
[03:43:37] Read2: loaded 273M reads 
[03:43:37] Read1: loaded 274M reads 
[03:43:37] Read2: loaded 274M reads 
[03:43:37] Read1: loaded 275M reads 
[03:43:38] Read2: loaded 275M reads 
[03:43:38] Read1: loaded 276M reads 
[03:43:39] Read2: loaded 276M reads 
[03:43:39] Read1: loaded 277M reads 
[03:43:39] Read2: loaded 277M reads 
[03:43:39] Read1: loaded 278M reads 
[03:43:40] Read2: loaded 278M reads 
[03:43:40] Read1: loaded 279M reads 
[03:43:41] Read2: loaded 279M reads 
[03:43:41] Read1: loaded 280M reads 
[03:43:41] Read2: loaded 280M reads 
[03:43:41] Read1: loaded 281M reads 
[03:43:42] Read2: loaded 281M reads 
[03:43:42] Read1: loaded 282M reads 
[03:43:43] Read2: loaded 282M reads 
[03:43:43] Read1: loaded 283M reads 
[03:43:43] Read2: loaded 283M reads 
[03:43:43] Read1: loaded 284M reads 
[03:43:44] Read2: loaded 284M reads 
[03:43:44] Read1: loaded 285M reads 
[03:43:45] Read2: loaded 285M reads 
[03:43:45] Read1: loaded 286M reads 
[03:43:45] Read2: loaded 286M reads 
[03:43:45] Read1: loaded 287M reads 
[03:43:46] Read2: loaded 287M reads 
[03:43:46] Read1: loaded 288M reads 
[03:43:47] Read2: loaded 288M reads 
[03:43:47] Read1: loaded 289M reads 
[03:43:47] Read2: loaded 289M reads 
[03:43:47] Read1: loaded 290M reads 
[03:43:48] Read2: loaded 290M reads 
[03:43:48] Read1: loaded 291M reads 
[03:43:49] Read2: loaded 291M reads 
[03:43:49] Read1: loaded 292M reads 
[03:43:49] Read2: loaded 292M reads 
[03:43:49] Read1: loaded 293M reads 
[03:43:50] Read2: loaded 293M reads 
[03:43:50] Read1: loaded 294M reads 
[03:43:51] Read2: loaded 294M reads 
[03:43:51] Read1: loaded 295M reads 
[03:43:51] Read2: loaded 295M reads 
[03:43:51] Read1: loaded 296M reads 
[03:43:52] Read2: loaded 296M reads 
[03:43:52] Read1: loaded 297M reads 
[03:43:53] Read2: loaded 297M reads 
[03:43:53] Read1: loaded 298M reads 
[03:43:53] Read2: loaded 298M reads 
[03:43:53] Read1: loaded 299M reads 
[03:43:54] Read2: loaded 299M reads 
[03:43:54] Read1: loaded 300M reads 
[03:43:55] Read2: loaded 300M reads 
[03:43:55] Read1: loaded 301M reads 
[03:43:55] Read2: loaded 301M reads 
[03:43:55] Read1: loaded 302M reads 
[03:43:56] Read2: loaded 302M reads 
[03:43:56] Read1: loaded 303M reads 
[03:43:57] Read2: loaded 303M reads 
[03:43:57] Read1: loaded 304M reads 
[03:43:57] Read2: loaded 304M reads 
[03:43:58] Read1: loaded 305M reads 
[03:43:58] Read2: loaded 305M reads 
[03:43:58] Read1: loaded 306M reads 
[03:43:59] Read2: loaded 306M reads 
[03:43:59] Read1: loaded 307M reads 
[03:43:59] Read2: loaded 307M reads 
[03:44:00] Read1: loaded 308M reads 
[03:44:00] Read2: loaded 308M reads 
[03:44:00] Read1: loaded 309M reads 
[03:44:01] Read2: loaded 309M reads 
[03:44:01] Read1: loaded 310M reads 
[03:44:01] Read2: loaded 310M reads 
[03:44:02] Read1: loaded 311M reads 
[03:44:02] Read2: loaded 311M reads 
[03:44:02] Read1: loaded 312M reads 
[03:44:03] Read2: loaded 312M reads 
[03:44:03] Read1: loaded 313M reads 
[03:44:03] Read2: loaded 313M reads 
[03:44:04] Read1: loaded 314M reads 
[03:44:04] Read2: loaded 314M reads 
[03:44:04] Read1: loaded 315M reads 
[03:44:05] Read2: loaded 315M reads 
[03:44:05] Read1: loaded 316M reads 
[03:44:06] Read2: loaded 316M reads 
[03:44:06] Read1: loaded 317M reads 
[03:44:06] Read2: loaded 317M reads 
[03:44:06] Read1: loaded 318M reads 
[03:44:07] Read2: loaded 318M reads 
[03:44:07] Read1: loaded 319M reads 
[03:44:08] Read2: loaded 319M reads 
[03:44:08] Read1: loaded 320M reads 
[03:44:08] Read2: loaded 320M reads 
[03:44:08] Read1: loaded 321M reads 
[03:44:09] Read2: loaded 321M reads 
[03:44:09] Read1: loaded 322M reads 
[03:44:10] Read2: loaded 322M reads 
[03:44:10] Read1: loaded 323M reads 
[03:44:10] Read2: loaded 323M reads 
[03:44:10] Read1: loaded 324M reads 
[03:44:11] Read2: loaded 324M reads 
[03:44:11] Read1: loaded 325M reads 
[03:44:12] Read2: loaded 325M reads 
[03:44:12] Read1: loaded 326M reads 
[03:44:12] Read2: loaded 326M reads 
[03:44:12] Read1: loaded 327M reads 
[03:44:13] Read2: loaded 327M reads 
[03:44:13] Read1: loaded 328M reads 
[03:44:14] Read2: loaded 328M reads 
[03:44:14] Read1: loaded 329M reads 
[03:44:14] Read2: loaded 329M reads 
[03:44:14] Read1: loaded 330M reads 
[03:44:15] Read2: loaded 330M reads 
[03:44:15] Read1: loaded 331M reads 
[03:44:16] Read2: loaded 331M reads 
[03:44:16] Read1: loaded 332M reads 
[03:44:16] Read2: loaded 332M reads 
[03:44:16] Read1: loaded 333M reads 
[03:44:17] Read2: loaded 333M reads 
[03:44:17] Read1: loaded 334M reads 
[03:44:18] Read2: loaded 334M reads 
[03:44:18] Read1: loaded 335M reads 
[03:44:18] Read2: loaded 335M reads 
[03:44:18] Read1: loaded 336M reads 
[03:44:19] Read2: loaded 336M reads 
[03:44:19] Read1: loaded 337M reads 
[03:44:20] Read2: loaded 337M reads 
[03:44:20] Read1: loaded 338M reads 
[03:44:20] Read2: loaded 338M reads 
[03:44:20] Read1: loaded 339M reads 
[03:44:21] Read2: loaded 339M reads 
[03:44:21] Read1: loaded 340M reads 
[03:44:22] Read2: loaded 340M reads 
[03:44:22] Read1: loaded 341M reads 
[03:44:22] Read2: loaded 341M reads 
[03:44:22] Read1: loaded 342M reads 
[03:44:23] Read2: loaded 342M reads 
[03:44:23] Read1: loaded 343M reads 
[03:44:24] Read2: loaded 343M reads 
[03:44:24] Read1: loaded 344M reads 
[03:44:24] Read2: loaded 344M reads 
[03:44:25] Read1: loaded 345M reads 
[03:44:25] Read2: loaded 345M reads 
[03:44:25] Read1: loaded 346M reads 
[03:44:26] Read2: loaded 346M reads 
[03:44:26] Read1: loaded 347M reads 
[03:44:26] Read2: loaded 347M reads 
[03:44:27] Read1: loaded 348M reads 
[03:44:27] Read2: loaded 348M reads 
[03:44:27] Read1: loaded 349M reads 
[03:44:28] Read2: loaded 349M reads 
[03:44:28] Read1: loaded 350M reads 
[03:44:29] Read2: loaded 350M reads 
[03:44:29] Read1: loaded 351M reads 
[03:44:29] Read2: loaded 351M reads 
[03:44:29] Read1: loaded 352M reads 
[03:44:30] Read2: loaded 352M reads 
[03:44:30] Read1: loaded 353M reads 
[03:44:31] Read2: loaded 353M reads 
[03:44:31] Read1: loaded 354M reads 
[03:44:31] Read2: loaded 354M reads 
[03:44:31] Read1: loaded 355M reads 
[03:44:32] Read2: loaded 355M reads 
[03:44:32] Read1: loaded 356M reads 
[03:44:33] Read2: loaded 356M reads 
[03:44:33] Read1: loaded 357M reads 
[03:44:33] Read2: loaded 357M reads 
[03:44:33] Read1: loaded 358M reads 
[03:44:34] Read2: loaded 358M reads 
[03:44:34] Read1: loaded 359M reads 
[03:44:35] Read2: loaded 359M reads 
[03:44:35] Read1: loaded 360M reads 
[03:44:35] Read2: loaded 360M reads 
[03:44:35] Read1: loaded 361M reads 
[03:44:36] Read1: loading completed with 44102 packs 
[03:44:36] Read2: loaded 361M reads 
[03:44:36] Read2: loading completed with 44102 packs 
[03:44:36] [fastp 1.3.3-d0bromir] Stage: loading (240692 ms) 
[03:44:36] [fastp 1.3.3-d0bromir] Stage: filtering 
[03:44:37] thread 14 data processing completed 
[03:44:37] thread 14 finished 
[03:44:37] thread 6 data processing completed 
[03:44:37] thread 6 finished 
[03:44:37] thread 21 data processing completed 
[03:44:37] thread 21 finished 
[03:44:37] thread 19 data processing completed 
[03:44:37] thread 19 finished 
[03:44:37] thread 31 data processing completed 
[03:44:37] thread 31 finished 
[03:44:37] thread 11 data processing completed 
[03:44:37] thread 11 finished 
[03:44:37] thread 9 data processing completed 
[03:44:37] thread 9 finished 
[03:44:37] thread 32 data processing completed 
[03:44:37] thread 32 finished 
[03:44:37] thread 27 data processing completed 
[03:44:37] thread 27 finished 
[03:44:37] thread 28 data processing completed 
[03:44:37] thread 28 finished 
[03:44:37] thread 5 data processing completed 
[03:44:37] thread 5 finished 
[03:44:37] thread 17 data processing completed 
[03:44:37] thread 17 finished 
[03:44:37] thread 12 data processing completed 
[03:44:37] thread 12 finished 
[03:44:37] thread 3 data processing completed 
[03:44:37] thread 3 finished 
[03:44:37] thread 15 data processing completed 
[03:44:37] thread 15 finished 
[03:44:37] thread 29 data processing completed 
[03:44:37] thread 29 finished 
[03:44:37] thread 22 data processing completed 
[03:44:37] thread 22 finished 
[03:44:37] thread 18 data processing completed 
[03:44:37] thread 18 finished 
[03:44:37] thread 16 data processing completed 
[03:44:37] thread 16 finished 
[03:44:37] thread 25 data processing completed 
[03:44:37] thread 25 finished 
[03:44:37] thread 30 data processing completed 
[03:44:37] thread 30 finished 
[03:44:37] thread 8 data processing completed 
[03:44:37] thread 8 finished 
[03:44:37] thread 10 data processing completed 
[03:44:37] thread 10 finished 
[03:44:37] thread 23 data processing completed 
[03:44:37] thread 23 finished 
[03:44:37] thread 7 data processing completed 
[03:44:37] thread 7 finished 
[03:44:37] thread 1 data processing completed 
[03:44:37] thread 1 finished 
[03:44:37] thread 13 data processing completed 
[03:44:37] thread 13 finished 
[03:44:37] thread 20 data processing completed 
[03:44:37] thread 20 finished 
[03:44:37] thread 4 data processing completed 
[03:44:37] thread 4 finished 
[03:44:37] thread 26 data processing completed 
[03:44:37] thread 26 finished 
[03:44:37] thread 2 data processing completed 
[03:44:37] thread 2 finished 
[03:44:37] thread 24 data processing completed 
[03:44:37] thread 24 finished 
[03:44:37] [fastp 1.3.3-d0bromir] Stage: filtering (649 ms) 
[03:44:37] [fastp 1.3.3-d0bromir] Stage: writing 
[03:44:37] /dev/shm/fastp_bench_4ix9rV_R1.fq.gz writer finished 
[03:44:37] /dev/shm/fastp_bench_5oukK1_R2.fq.gz writer finished 
[03:44:37] [fastp 1.3.3-d0bromir] Stage: writing (28 ms) 
[03:44:37] [GPU] Device 0: batches=44102 reads=361281611 
[03:44:37] [GPU] Device 1: batches=44102 reads=361281611 
[03:44:37] start to generate reports
 
Read1 before filtering:
total reads: 361281611
total bases: 54192241650
Q20 bases: 54123398100(99.873%)
Q30 bases: 54123398100(99.873%)
Q40 bases: 0(0%)

Read2 before filtering:
total reads: 361281611
total bases: 54192241650
Q20 bases: 53855170050(99.378%)
Q30 bases: 53855170050(99.378%)
Q40 bases: 0(0%)

Read1 after filtering:
total reads: 358607374
total bases: 53574361382
Q20 bases: 53574361382(100%)
Q30 bases: 53574361382(100%)
Q40 bases: 0(0%)

Read2 after filtering:
total reads: 358607374
total bases: 53574361382
Q20 bases: 53574361382(100%)
Q30 bases: 53574361382(100%)
Q40 bases: 0(0%)

Filtering result:
reads passed filter: 717214748
reads failed due to low quality: 5328396
reads failed due to too many N: 20078
reads failed due to too short: 0
reads failed due to adapter dimer: 0
reads with adapter trimmed: 9627740
bases trimmed due to adapters: 442711160

Duplication rate: 5.60214%

Insert size peak (evaluated by paired-end reads): 269

JSON report: /dev/shm/fastp_bench_Hg5M9O.json
HTML report: /dev/null

/home/mpiuser/bioauto_rev/fastp_d0bromir/fastp -w 32 -j /dev/shm/fastp_bench_Hg5M9O.json -h /dev/null --verbose -i /home/mpiuser/FASTQ/WGS/DRR216653_1.fastq.gz -I /home/mpiuser/FASTQ/WGS/DRR216653_2.fastq.gz -o /dev/shm/fastp_bench_4ix9rV_R1.fq.gz -O /dev/shm/fastp_bench_5oukK1_R2.fq.gz 
fastp v1.3.3-d0bromir, time used: 245 seconds
================================================================
