=== Full Benchmark Log: Sat Oct  3 22:45:50 UTC 2026 ===


================================================================
 Application  : opengene (/home/mpiuser/bioauto_rev/fastp_d0bromir/../fastp_opengene/fastp)
 Dataset      : WGS PE 40G (DRR216653 R1+R2)
 Files        : R1=/home/mpiuser/FASTQ/WGS/DRR216653_1.fastq.gz
               R2=/home/mpiuser/FASTQ/WGS/DRR216653_2.fastq.gz
 Type         : PE
 Threads      : 8
 Wall time    : 693.367 s
 reads_in     : 722563222
 reads_out    : 717214748
 vs_opengene  : baseline
--- Resource usage ---
 CPU avg/peak : 1181.0% / 1617.5%
 RSS peak     : 1307 MiB
 GPU util a/p : 0.0% / 0.0%
 GPU mem peak : 0 MiB
 Sample CSV   : /home/mpiuser/bioauto_rev/fastp_d0bromir/benchmark_results/20261003_224550/resources/resource_WGS_PE_40G_opengene_T8_1791067551.csv
--- Profiling output ---
[22:45:51] start to load data of read1 
[22:45:51] start to load data of read2 
[22:45:51] /dev/shm/fastp_bench_nAq4yh_R2.fq.gz writer finished 
[22:45:51] /dev/shm/fastp_bench_2xFNS7_R1.fq.gz writer finished 
[22:45:53] Read2: loaded 1M reads 
[22:45:53] Read1: loaded 1M reads 
[22:45:55] Read1: loaded 2M reads 
[22:45:55] Read2: loaded 2M reads 
[22:45:57] Read2: loaded 3M reads 
[22:45:57] Read1: loaded 3M reads 
[22:45:59] Read2: loaded 4M reads 
[22:45:59] Read1: loaded 4M reads 
[22:46:01] Read2: loaded 5M reads 
[22:46:01] Read1: loaded 5M reads 
[22:46:03] Read2: loaded 6M reads 
[22:46:03] Read1: loaded 6M reads 
[22:46:05] Read1: loaded 7M reads 
[22:46:05] Read2: loaded 7M reads 
[22:46:07] Read1: loaded 8M reads 
[22:46:07] Read2: loaded 8M reads 
[22:46:09] Read1: loaded 9M reads 
[22:46:09] Read2: loaded 9M reads 
[22:46:10] Read2: loaded 10M reads 
[22:46:11] Read1: loaded 10M reads 
[22:46:12] Read2: loaded 11M reads 
[22:46:12] Read1: loaded 11M reads 
[22:46:14] Read1: loaded 12M reads 
[22:46:14] Read2: loaded 12M reads 
[22:46:16] Read1: loaded 13M reads 
[22:46:16] Read2: loaded 13M reads 
[22:46:18] Read1: loaded 14M reads 
[22:46:18] Read2: loaded 14M reads 
[22:46:20] Read1: loaded 15M reads 
[22:46:20] Read2: loaded 15M reads 
[22:46:22] Read2: loaded 16M reads 
[22:46:22] Read1: loaded 16M reads 
[22:46:24] Read1: loaded 17M reads 
[22:46:24] Read2: loaded 17M reads 
[22:46:26] Read1: loaded 18M reads 
[22:46:26] Read2: loaded 18M reads 
[22:46:28] Read1: loaded 19M reads 
[22:46:28] Read2: loaded 19M reads 
[22:46:30] Read1: loaded 20M reads 
[22:46:30] Read2: loaded 20M reads 
[22:46:32] Read1: loaded 21M reads 
[22:46:32] Read2: loaded 21M reads 
[22:46:34] Read2: loaded 22M reads 
[22:46:34] Read1: loaded 22M reads 
[22:46:35] Read2: loaded 23M reads 
[22:46:35] Read1: loaded 23M reads 
[22:46:37] Read2: loaded 24M reads 
[22:46:37] Read1: loaded 24M reads 
[22:46:39] Read1: loaded 25M reads 
[22:46:39] Read2: loaded 25M reads 
[22:46:41] Read1: loaded 26M reads 
[22:46:41] Read2: loaded 26M reads 
[22:46:43] Read2: loaded 27M reads 
[22:46:43] Read1: loaded 27M reads 
[22:46:45] Read2: loaded 28M reads 
[22:46:45] Read1: loaded 28M reads 
[22:46:47] Read2: loaded 29M reads 
[22:46:47] Read1: loaded 29M reads 
[22:46:49] Read1: loaded 30M reads 
[22:46:49] Read2: loaded 30M reads 
[22:46:51] Read1: loaded 31M reads 
[22:46:51] Read2: loaded 31M reads 
[22:46:53] Read2: loaded 32M reads 
[22:46:53] Read1: loaded 32M reads 
[22:46:55] Read2: loaded 33M reads 
[22:46:55] Read1: loaded 33M reads 
[22:46:56] Read2: loaded 34M reads 
[22:46:56] Read1: loaded 34M reads 
[22:46:58] Read1: loaded 35M reads 
[22:46:58] Read2: loaded 35M reads 
[22:47:00] Read1: loaded 36M reads 
[22:47:00] Read2: loaded 36M reads 
[22:47:02] Read1: loaded 37M reads 
[22:47:02] Read2: loaded 37M reads 
[22:47:04] Read2: loaded 38M reads 
[22:47:04] Read1: loaded 38M reads 
[22:47:06] Read2: loaded 39M reads 
[22:47:06] Read1: loaded 39M reads 
[22:47:08] Read2: loaded 40M reads 
[22:47:08] Read1: loaded 40M reads 
[22:47:10] Read2: loaded 41M reads 
[22:47:10] Read1: loaded 41M reads 
[22:47:12] Read1: loaded 42M reads 
[22:47:12] Read2: loaded 42M reads 
[22:47:14] Read1: loaded 43M reads 
[22:47:14] Read2: loaded 43M reads 
[22:47:16] Read1: loaded 44M reads 
[22:47:16] Read2: loaded 44M reads 
[22:47:18] Read2: loaded 45M reads 
[22:47:18] Read1: loaded 45M reads 
[22:47:20] Read1: loaded 46M reads 
[22:47:20] Read2: loaded 46M reads 
[22:47:21] Read1: loaded 47M reads 
[22:47:21] Read2: loaded 47M reads 
[22:47:23] Read1: loaded 48M reads 
[22:47:23] Read2: loaded 48M reads 
[22:47:25] Read1: loaded 49M reads 
[22:47:25] Read2: loaded 49M reads 
[22:47:27] Read2: loaded 50M reads 
[22:47:27] Read1: loaded 50M reads 
[22:47:29] Read2: loaded 51M reads 
[22:47:29] Read1: loaded 51M reads 
[22:47:31] Read2: loaded 52M reads 
[22:47:31] Read1: loaded 52M reads 
[22:47:33] Read1: loaded 53M reads 
[22:47:33] Read2: loaded 53M reads 
[22:47:35] Read2: loaded 54M reads 
[22:47:35] Read1: loaded 54M reads 
[22:47:37] Read2: loaded 55M reads 
[22:47:37] Read1: loaded 55M reads 
[22:47:39] Read2: loaded 56M reads 
[22:47:39] Read1: loaded 56M reads 
[22:47:41] Read1: loaded 57M reads 
[22:47:41] Read2: loaded 57M reads 
[22:47:43] Read2: loaded 58M reads 
[22:47:43] Read1: loaded 58M reads 
[22:47:45] Read1: loaded 59M reads 
[22:47:45] Read2: loaded 59M reads 
[22:47:46] Read2: loaded 60M reads 
[22:47:46] Read1: loaded 60M reads 
[22:47:48] Read2: loaded 61M reads 
[22:47:48] Read1: loaded 61M reads 
[22:47:50] Read1: loaded 62M reads 
[22:47:50] Read2: loaded 62M reads 
[22:47:52] Read2: loaded 63M reads 
[22:47:52] Read1: loaded 63M reads 
[22:47:54] Read1: loaded 64M reads 
[22:47:54] Read2: loaded 64M reads 
[22:47:56] Read2: loaded 65M reads 
[22:47:56] Read1: loaded 65M reads 
[22:47:58] Read1: loaded 66M reads 
[22:47:58] Read2: loaded 66M reads 
[22:48:00] Read1: loaded 67M reads 
[22:48:00] Read2: loaded 67M reads 
[22:48:02] Read1: loaded 68M reads 
[22:48:02] Read2: loaded 68M reads 
[22:48:04] Read1: loaded 69M reads 
[22:48:04] Read2: loaded 69M reads 
[22:48:06] Read1: loaded 70M reads 
[22:48:06] Read2: loaded 70M reads 
[22:48:08] Read1: loaded 71M reads 
[22:48:08] Read2: loaded 71M reads 
[22:48:10] Read2: loaded 72M reads 
[22:48:10] Read1: loaded 72M reads 
[22:48:12] Read2: loaded 73M reads 
[22:48:12] Read1: loaded 73M reads 
[22:48:13] Read2: loaded 74M reads 
[22:48:13] Read1: loaded 74M reads 
[22:48:15] Read2: loaded 75M reads 
[22:48:15] Read1: loaded 75M reads 
[22:48:17] Read2: loaded 76M reads 
[22:48:17] Read1: loaded 76M reads 
[22:48:19] Read1: loaded 77M reads 
[22:48:19] Read2: loaded 77M reads 
[22:48:21] Read1: loaded 78M reads 
[22:48:21] Read2: loaded 78M reads 
[22:48:23] Read1: loaded 79M reads 
[22:48:23] Read2: loaded 79M reads 
[22:48:25] Read1: loaded 80M reads 
[22:48:25] Read2: loaded 80M reads 
[22:48:27] Read1: loaded 81M reads 
[22:48:27] Read2: loaded 81M reads 
[22:48:29] Read2: loaded 82M reads 
[22:48:29] Read1: loaded 82M reads 
[22:48:31] Read2: loaded 83M reads 
[22:48:31] Read1: loaded 83M reads 
[22:48:33] Read1: loaded 84M reads 
[22:48:33] Read2: loaded 84M reads 
[22:48:35] Read1: loaded 85M reads 
[22:48:35] Read2: loaded 85M reads 
[22:48:36] Read1: loaded 86M reads 
[22:48:36] Read2: loaded 86M reads 
[22:48:38] Read1: loaded 87M reads 
[22:48:38] Read2: loaded 87M reads 
[22:48:40] Read2: loaded 88M reads 
[22:48:40] Read1: loaded 88M reads 
[22:48:42] Read2: loaded 89M reads 
[22:48:42] Read1: loaded 89M reads 
[22:48:44] Read1: loaded 90M reads 
[22:48:44] Read2: loaded 90M reads 
[22:48:46] Read1: loaded 91M reads 
[22:48:46] Read2: loaded 91M reads 
[22:48:48] Read1: loaded 92M reads 
[22:48:48] Read2: loaded 92M reads 
[22:48:50] Read2: loaded 93M reads 
[22:48:50] Read1: loaded 93M reads 
[22:48:52] Read2: loaded 94M reads 
[22:48:52] Read1: loaded 94M reads 
[22:48:54] Read1: loaded 95M reads 
[22:48:54] Read2: loaded 95M reads 
[22:48:56] Read1: loaded 96M reads 
[22:48:56] Read2: loaded 96M reads 
[22:48:58] Read1: loaded 97M reads 
[22:48:58] Read2: loaded 97M reads 
[22:48:59] Read2: loaded 98M reads 
[22:48:59] Read1: loaded 98M reads 
[22:49:01] Read2: loaded 99M reads 
[22:49:01] Read1: loaded 99M reads 
[22:49:03] Read2: loaded 100M reads 
[22:49:03] Read1: loaded 100M reads 
[22:49:05] Read2: loaded 101M reads 
[22:49:05] Read1: loaded 101M reads 
[22:49:07] Read1: loaded 102M reads 
[22:49:07] Read2: loaded 102M reads 
[22:49:09] Read1: loaded 103M reads 
[22:49:09] Read2: loaded 103M reads 
[22:49:11] Read2: loaded 104M reads 
[22:49:11] Read1: loaded 104M reads 
[22:49:13] Read2: loaded 105M reads 
[22:49:13] Read1: loaded 105M reads 
[22:49:15] Read2: loaded 106M reads 
[22:49:15] Read1: loaded 106M reads 
[22:49:17] Read2: loaded 107M reads 
[22:49:17] Read1: loaded 107M reads 
[22:49:19] Read1: loaded 108M reads 
[22:49:19] Read2: loaded 108M reads 
[22:49:21] Read1: loaded 109M reads 
[22:49:21] Read2: loaded 109M reads 
[22:49:23] Read1: loaded 110M reads 
[22:49:23] Read2: loaded 110M reads 
[22:49:25] Read2: loaded 111M reads 
[22:49:25] Read1: loaded 111M reads 
[22:49:26] Read2: loaded 112M reads 
[22:49:26] Read1: loaded 112M reads 
[22:49:28] Read2: loaded 113M reads 
[22:49:28] Read1: loaded 113M reads 
[22:49:30] Read1: loaded 114M reads 
[22:49:30] Read2: loaded 114M reads 
[22:49:32] Read2: loaded 115M reads 
[22:49:32] Read1: loaded 115M reads 
[22:49:34] Read2: loaded 116M reads 
[22:49:34] Read1: loaded 116M reads 
[22:49:36] Read2: loaded 117M reads 
[22:49:36] Read1: loaded 117M reads 
[22:49:38] Read2: loaded 118M reads 
[22:49:38] Read1: loaded 118M reads 
[22:49:40] Read2: loaded 119M reads 
[22:49:40] Read1: loaded 119M reads 
[22:49:42] Read1: loaded 120M reads 
[22:49:42] Read2: loaded 120M reads 
[22:49:44] Read2: loaded 121M reads 
[22:49:44] Read1: loaded 121M reads 
[22:49:46] Read1: loaded 122M reads 
[22:49:46] Read2: loaded 122M reads 
[22:49:48] Read1: loaded 123M reads 
[22:49:48] Read2: loaded 123M reads 
[22:49:50] Read2: loaded 124M reads 
[22:49:50] Read1: loaded 124M reads 
[22:49:51] Read1: loaded 125M reads 
[22:49:51] Read2: loaded 125M reads 
[22:49:53] Read1: loaded 126M reads 
[22:49:53] Read2: loaded 126M reads 
[22:49:55] Read1: loaded 127M reads 
[22:49:55] Read2: loaded 127M reads 
[22:49:57] Read2: loaded 128M reads 
[22:49:57] Read1: loaded 128M reads 
[22:49:59] Read1: loaded 129M reads 
[22:49:59] Read2: loaded 129M reads 
[22:50:01] Read2: loaded 130M reads 
[22:50:01] Read1: loaded 130M reads 
[22:50:03] Read1: loaded 131M reads 
[22:50:03] Read2: loaded 131M reads 
[22:50:05] Read1: loaded 132M reads 
[22:50:05] Read2: loaded 132M reads 
[22:50:07] Read2: loaded 133M reads 
[22:50:07] Read1: loaded 133M reads 
[22:50:09] Read2: loaded 134M reads 
[22:50:09] Read1: loaded 134M reads 
[22:50:11] Read2: loaded 135M reads 
[22:50:11] Read1: loaded 135M reads 
[22:50:12] Read1: loaded 136M reads 
[22:50:12] Read2: loaded 136M reads 
[22:50:14] Read1: loaded 137M reads 
[22:50:14] Read2: loaded 137M reads 
[22:50:16] Read2: loaded 138M reads 
[22:50:16] Read1: loaded 138M reads 
[22:50:18] Read1: loaded 139M reads 
[22:50:18] Read2: loaded 139M reads 
[22:50:20] Read2: loaded 140M reads 
[22:50:20] Read1: loaded 140M reads 
[22:50:22] Read2: loaded 141M reads 
[22:50:22] Read1: loaded 141M reads 
[22:50:24] Read1: loaded 142M reads 
[22:50:24] Read2: loaded 142M reads 
[22:50:26] Read2: loaded 143M reads 
[22:50:26] Read1: loaded 143M reads 
[22:50:28] Read2: loaded 144M reads 
[22:50:28] Read1: loaded 144M reads 
[22:50:30] Read2: loaded 145M reads 
[22:50:30] Read1: loaded 145M reads 
[22:50:32] Read2: loaded 146M reads 
[22:50:32] Read1: loaded 146M reads 
[22:50:33] Read2: loaded 147M reads 
[22:50:33] Read1: loaded 147M reads 
[22:50:35] Read2: loaded 148M reads 
[22:50:35] Read1: loaded 148M reads 
[22:50:37] Read1: loaded 149M reads 
[22:50:37] Read2: loaded 149M reads 
[22:50:39] Read2: loaded 150M reads 
[22:50:39] Read1: loaded 150M reads 
[22:50:41] Read1: loaded 151M reads 
[22:50:41] Read2: loaded 151M reads 
[22:50:43] Read1: loaded 152M reads 
[22:50:43] Read2: loaded 152M reads 
[22:50:45] Read1: loaded 153M reads 
[22:50:45] Read2: loaded 153M reads 
[22:50:47] Read1: loaded 154M reads 
[22:50:47] Read2: loaded 154M reads 
[22:50:49] Read1: loaded 155M reads 
[22:50:49] Read2: loaded 155M reads 
[22:50:51] Read1: loaded 156M reads 
[22:50:51] Read2: loaded 156M reads 
[22:50:53] Read1: loaded 157M reads 
[22:50:53] Read2: loaded 157M reads 
[22:50:55] Read1: loaded 158M reads 
[22:50:55] Read2: loaded 158M reads 
[22:50:57] Read1: loaded 159M reads 
[22:50:57] Read2: loaded 159M reads 
[22:50:58] Read1: loaded 160M reads 
[22:50:58] Read2: loaded 160M reads 
[22:51:00] Read2: loaded 161M reads 
[22:51:00] Read1: loaded 161M reads 
[22:51:02] Read1: loaded 162M reads 
[22:51:02] Read2: loaded 162M reads 
[22:51:04] Read2: loaded 163M reads 
[22:51:04] Read1: loaded 163M reads 
[22:51:06] Read2: loaded 164M reads 
[22:51:06] Read1: loaded 164M reads 
[22:51:08] Read2: loaded 165M reads 
[22:51:08] Read1: loaded 165M reads 
[22:51:10] Read2: loaded 166M reads 
[22:51:10] Read1: loaded 166M reads 
[22:51:12] Read2: loaded 167M reads 
[22:51:12] Read1: loaded 167M reads 
[22:51:14] Read2: loaded 168M reads 
[22:51:14] Read1: loaded 168M reads 
[22:51:16] Read2: loaded 169M reads 
[22:51:16] Read1: loaded 169M reads 
[22:51:18] Read2: loaded 170M reads 
[22:51:18] Read1: loaded 170M reads 
[22:51:19] Read2: loaded 171M reads 
[22:51:19] Read1: loaded 171M reads 
[22:51:21] Read2: loaded 172M reads 
[22:51:21] Read1: loaded 172M reads 
[22:51:23] Read1: loaded 173M reads 
[22:51:23] Read2: loaded 173M reads 
[22:51:25] Read2: loaded 174M reads 
[22:51:25] Read1: loaded 174M reads 
[22:51:27] Read2: loaded 175M reads 
[22:51:27] Read1: loaded 175M reads 
[22:51:29] Read1: loaded 176M reads 
[22:51:29] Read2: loaded 176M reads 
[22:51:31] Read2: loaded 177M reads 
[22:51:31] Read1: loaded 177M reads 
[22:51:33] Read2: loaded 178M reads 
[22:51:33] Read1: loaded 178M reads 
[22:51:35] Read1: loaded 179M reads 
[22:51:35] Read2: loaded 179M reads 
[22:51:37] Read2: loaded 180M reads 
[22:51:37] Read1: loaded 180M reads 
[22:51:39] Read1: loaded 181M reads 
[22:51:39] Read2: loaded 181M reads 
[22:51:40] Read2: loaded 182M reads 
[22:51:40] Read1: loaded 182M reads 
[22:51:42] Read1: loaded 183M reads 
[22:51:42] Read2: loaded 183M reads 
[22:51:44] Read2: loaded 184M reads 
[22:51:44] Read1: loaded 184M reads 
[22:51:46] Read1: loaded 185M reads 
[22:51:46] Read2: loaded 185M reads 
[22:51:48] Read1: loaded 186M reads 
[22:51:48] Read2: loaded 186M reads 
[22:51:50] Read2: loaded 187M reads 
[22:51:50] Read1: loaded 187M reads 
[22:51:52] Read2: loaded 188M reads 
[22:51:52] Read1: loaded 188M reads 
[22:51:54] Read2: loaded 189M reads 
[22:51:54] Read1: loaded 189M reads 
[22:51:56] Read1: loaded 190M reads 
[22:51:56] Read2: loaded 190M reads 
[22:51:58] Read2: loaded 191M reads 
[22:51:58] Read1: loaded 191M reads 
[22:51:59] Read2: loaded 192M reads 
[22:51:59] Read1: loaded 192M reads 
[22:52:01] Read2: loaded 193M reads 
[22:52:01] Read1: loaded 193M reads 
[22:52:03] Read1: loaded 194M reads 
[22:52:03] Read2: loaded 194M reads 
[22:52:05] Read2: loaded 195M reads 
[22:52:05] Read1: loaded 195M reads 
[22:52:07] Read2: loaded 196M reads 
[22:52:07] Read1: loaded 196M reads 
[22:52:09] Read1: loaded 197M reads 
[22:52:09] Read2: loaded 197M reads 
[22:52:11] Read2: loaded 198M reads 
[22:52:11] Read1: loaded 198M reads 
[22:52:13] Read2: loaded 199M reads 
[22:52:13] Read1: loaded 199M reads 
[22:52:15] Read2: loaded 200M reads 
[22:52:15] Read1: loaded 200M reads 
[22:52:17] Read2: loaded 201M reads 
[22:52:17] Read1: loaded 201M reads 
[22:52:19] Read1: loaded 202M reads 
[22:52:19] Read2: loaded 202M reads 
[22:52:21] Read1: loaded 203M reads 
[22:52:21] Read2: loaded 203M reads 
[22:52:22] Read1: loaded 204M reads 
[22:52:22] Read2: loaded 204M reads 
[22:52:24] Read1: loaded 205M reads 
[22:52:24] Read2: loaded 205M reads 
[22:52:26] Read1: loaded 206M reads 
[22:52:26] Read2: loaded 206M reads 
[22:52:28] Read1: loaded 207M reads 
[22:52:28] Read2: loaded 207M reads 
[22:52:30] Read1: loaded 208M reads 
[22:52:30] Read2: loaded 208M reads 
[22:52:32] Read1: loaded 209M reads 
[22:52:32] Read2: loaded 209M reads 
[22:52:34] Read2: loaded 210M reads 
[22:52:34] Read1: loaded 210M reads 
[22:52:36] Read1: loaded 211M reads 
[22:52:36] Read2: loaded 211M reads 
[22:52:38] Read1: loaded 212M reads 
[22:52:38] Read2: loaded 212M reads 
[22:52:40] Read2: loaded 213M reads 
[22:52:40] Read1: loaded 213M reads 
[22:52:42] Read2: loaded 214M reads 
[22:52:42] Read1: loaded 214M reads 
[22:52:44] Read2: loaded 215M reads 
[22:52:44] Read1: loaded 215M reads 
[22:52:45] Read2: loaded 216M reads 
[22:52:45] Read1: loaded 216M reads 
[22:52:47] Read2: loaded 217M reads 
[22:52:47] Read1: loaded 217M reads 
[22:52:49] Read2: loaded 218M reads 
[22:52:49] Read1: loaded 218M reads 
[22:52:51] Read1: loaded 219M reads 
[22:52:51] Read2: loaded 219M reads 
[22:52:53] Read1: loaded 220M reads 
[22:52:53] Read2: loaded 220M reads 
[22:52:55] Read1: loaded 221M reads 
[22:52:55] Read2: loaded 221M reads 
[22:52:57] Read2: loaded 222M reads 
[22:52:57] Read1: loaded 222M reads 
[22:52:59] Read1: loaded 223M reads 
[22:52:59] Read2: loaded 223M reads 
[22:53:01] Read2: loaded 224M reads 
[22:53:01] Read1: loaded 224M reads 
[22:53:03] Read1: loaded 225M reads 
[22:53:03] Read2: loaded 225M reads 
[22:53:05] Read1: loaded 226M reads 
[22:53:05] Read2: loaded 226M reads 
[22:53:06] Read1: loaded 227M reads 
[22:53:06] Read2: loaded 227M reads 
[22:53:08] Read1: loaded 228M reads 
[22:53:08] Read2: loaded 228M reads 
[22:53:10] Read1: loaded 229M reads 
[22:53:10] Read2: loaded 229M reads 
[22:53:12] Read1: loaded 230M reads 
[22:53:12] Read2: loaded 230M reads 
[22:53:14] Read1: loaded 231M reads 
[22:53:14] Read2: loaded 231M reads 
[22:53:16] Read1: loaded 232M reads 
[22:53:16] Read2: loaded 232M reads 
[22:53:18] Read2: loaded 233M reads 
[22:53:18] Read1: loaded 233M reads 
[22:53:20] Read1: loaded 234M reads 
[22:53:20] Read2: loaded 234M reads 
[22:53:22] Read1: loaded 235M reads 
[22:53:22] Read2: loaded 235M reads 
[22:53:24] Read1: loaded 236M reads 
[22:53:24] Read2: loaded 236M reads 
[22:53:26] Read1: loaded 237M reads 
[22:53:26] Read2: loaded 237M reads 
[22:53:28] Read1: loaded 238M reads 
[22:53:28] Read2: loaded 238M reads 
[22:53:29] Read1: loaded 239M reads 
[22:53:29] Read2: loaded 239M reads 
[22:53:31] Read1: loaded 240M reads 
[22:53:31] Read2: loaded 240M reads 
[22:53:33] Read1: loaded 241M reads 
[22:53:33] Read2: loaded 241M reads 
[22:53:35] Read1: loaded 242M reads 
[22:53:35] Read2: loaded 242M reads 
[22:53:37] Read1: loaded 243M reads 
[22:53:37] Read2: loaded 243M reads 
[22:53:39] Read1: loaded 244M reads 
[22:53:39] Read2: loaded 244M reads 
[22:53:41] Read1: loaded 245M reads 
[22:53:41] Read2: loaded 245M reads 
[22:53:43] Read2: loaded 246M reads 
[22:53:43] Read1: loaded 246M reads 
[22:53:45] Read1: loaded 247M reads 
[22:53:45] Read2: loaded 247M reads 
[22:53:47] Read2: loaded 248M reads 
[22:53:47] Read1: loaded 248M reads 
[22:53:49] Read2: loaded 249M reads 
[22:53:49] Read1: loaded 249M reads 
[22:53:51] Read2: loaded 250M reads 
[22:53:51] Read1: loaded 250M reads 
[22:53:52] Read2: loaded 251M reads 
[22:53:52] Read1: loaded 251M reads 
[22:53:54] Read2: loaded 252M reads 
[22:53:54] Read1: loaded 252M reads 
[22:53:56] Read2: loaded 253M reads 
[22:53:56] Read1: loaded 253M reads 
[22:53:58] Read2: loaded 254M reads 
[22:53:58] Read1: loaded 254M reads 
[22:54:00] Read2: loaded 255M reads 
[22:54:00] Read1: loaded 255M reads 
[22:54:02] Read2: loaded 256M reads 
[22:54:02] Read1: loaded 256M reads 
[22:54:04] Read1: loaded 257M reads 
[22:54:04] Read2: loaded 257M reads 
[22:54:06] Read2: loaded 258M reads 
[22:54:06] Read1: loaded 258M reads 
[22:54:08] Read2: loaded 259M reads 
[22:54:08] Read1: loaded 259M reads 
[22:54:10] Read2: loaded 260M reads 
[22:54:10] Read1: loaded 260M reads 
[22:54:12] Read1: loaded 261M reads 
[22:54:12] Read2: loaded 261M reads 
[22:54:13] Read2: loaded 262M reads 
[22:54:13] Read1: loaded 262M reads 
[22:54:15] Read2: loaded 263M reads 
[22:54:15] Read1: loaded 263M reads 
[22:54:17] Read1: loaded 264M reads 
[22:54:17] Read2: loaded 264M reads 
[22:54:19] Read1: loaded 265M reads 
[22:54:19] Read2: loaded 265M reads 
[22:54:21] Read1: loaded 266M reads 
[22:54:21] Read2: loaded 266M reads 
[22:54:23] Read1: loaded 267M reads 
[22:54:23] Read2: loaded 267M reads 
[22:54:25] Read1: loaded 268M reads 
[22:54:25] Read2: loaded 268M reads 
[22:54:27] Read2: loaded 269M reads 
[22:54:27] Read1: loaded 269M reads 
[22:54:29] Read2: loaded 270M reads 
[22:54:29] Read1: loaded 270M reads 
[22:54:31] Read2: loaded 271M reads 
[22:54:31] Read1: loaded 271M reads 
[22:54:33] Read1: loaded 272M reads 
[22:54:33] Read2: loaded 272M reads 
[22:54:34] Read2: loaded 273M reads 
[22:54:34] Read1: loaded 273M reads 
[22:54:36] Read2: loaded 274M reads 
[22:54:36] Read1: loaded 274M reads 
[22:54:38] Read2: loaded 275M reads 
[22:54:38] Read1: loaded 275M reads 
[22:54:40] Read1: loaded 276M reads 
[22:54:40] Read2: loaded 276M reads 
[22:54:42] Read2: loaded 277M reads 
[22:54:42] Read1: loaded 277M reads 
[22:54:44] Read1: loaded 278M reads 
[22:54:44] Read2: loaded 278M reads 
[22:54:46] Read1: loaded 279M reads 
[22:54:46] Read2: loaded 279M reads 
[22:54:48] Read1: loaded 280M reads 
[22:54:48] Read2: loaded 280M reads 
[22:54:50] Read1: loaded 281M reads 
[22:54:50] Read2: loaded 281M reads 
[22:54:52] Read1: loaded 282M reads 
[22:54:52] Read2: loaded 282M reads 
[22:54:54] Read1: loaded 283M reads 
[22:54:54] Read2: loaded 283M reads 
[22:54:55] Read1: loaded 284M reads 
[22:54:55] Read2: loaded 284M reads 
[22:54:57] Read1: loaded 285M reads 
[22:54:57] Read2: loaded 285M reads 
[22:54:59] Read1: loaded 286M reads 
[22:54:59] Read2: loaded 286M reads 
[22:55:01] Read1: loaded 287M reads 
[22:55:01] Read2: loaded 287M reads 
[22:55:03] Read1: loaded 288M reads 
[22:55:03] Read2: loaded 288M reads 
[22:55:05] Read1: loaded 289M reads 
[22:55:05] Read2: loaded 289M reads 
[22:55:07] Read1: loaded 290M reads 
[22:55:07] Read2: loaded 290M reads 
[22:55:09] Read1: loaded 291M reads 
[22:55:09] Read2: loaded 291M reads 
[22:55:11] Read1: loaded 292M reads 
[22:55:11] Read2: loaded 292M reads 
[22:55:13] Read1: loaded 293M reads 
[22:55:13] Read2: loaded 293M reads 
[22:55:15] Read1: loaded 294M reads 
[22:55:15] Read2: loaded 294M reads 
[22:55:17] Read1: loaded 295M reads 
[22:55:17] Read2: loaded 295M reads 
[22:55:19] Read1: loaded 296M reads 
[22:55:19] Read2: loaded 296M reads 
[22:55:20] Read1: loaded 297M reads 
[22:55:20] Read2: loaded 297M reads 
[22:55:22] Read2: loaded 298M reads 
[22:55:22] Read1: loaded 298M reads 
[22:55:24] Read1: loaded 299M reads 
[22:55:24] Read2: loaded 299M reads 
[22:55:26] Read1: loaded 300M reads 
[22:55:26] Read2: loaded 300M reads 
[22:55:28] Read1: loaded 301M reads 
[22:55:28] Read2: loaded 301M reads 
[22:55:30] Read1: loaded 302M reads 
[22:55:30] Read2: loaded 302M reads 
[22:55:32] Read1: loaded 303M reads 
[22:55:32] Read2: loaded 303M reads 
[22:55:34] Read2: loaded 304M reads 
[22:55:34] Read1: loaded 304M reads 
[22:55:36] Read2: loaded 305M reads 
[22:55:36] Read1: loaded 305M reads 
[22:55:38] Read2: loaded 306M reads 
[22:55:38] Read1: loaded 306M reads 
[22:55:40] Read1: loaded 307M reads 
[22:55:40] Read2: loaded 307M reads 
[22:55:41] Read1: loaded 308M reads 
[22:55:41] Read2: loaded 308M reads 
[22:55:43] Read2: loaded 309M reads 
[22:55:43] Read1: loaded 309M reads 
[22:55:45] Read2: loaded 310M reads 
[22:55:45] Read1: loaded 310M reads 
[22:55:47] Read2: loaded 311M reads 
[22:55:47] Read1: loaded 311M reads 
[22:55:49] Read2: loaded 312M reads 
[22:55:49] Read1: loaded 312M reads 
[22:55:51] Read1: loaded 313M reads 
[22:55:51] Read2: loaded 313M reads 
[22:55:53] Read1: loaded 314M reads 
[22:55:53] Read2: loaded 314M reads 
[22:55:55] Read1: loaded 315M reads 
[22:55:55] Read2: loaded 315M reads 
[22:55:57] Read1: loaded 316M reads 
[22:55:57] Read2: loaded 316M reads 
[22:55:59] Read2: loaded 317M reads 
[22:55:59] Read1: loaded 317M reads 
[22:56:01] Read2: loaded 318M reads 
[22:56:01] Read1: loaded 318M reads 
[22:56:02] Read1: loaded 319M reads 
[22:56:02] Read2: loaded 319M reads 
[22:56:04] Read1: loaded 320M reads 
[22:56:04] Read2: loaded 320M reads 
[22:56:06] Read1: loaded 321M reads 
[22:56:06] Read2: loaded 321M reads 
[22:56:08] Read2: loaded 322M reads 
[22:56:08] Read1: loaded 322M reads 
[22:56:10] Read2: loaded 323M reads 
[22:56:10] Read1: loaded 323M reads 
[22:56:12] Read1: loaded 324M reads 
[22:56:12] Read2: loaded 324M reads 
[22:56:14] Read1: loaded 325M reads 
[22:56:14] Read2: loaded 325M reads 
[22:56:16] Read1: loaded 326M reads 
[22:56:16] Read2: loaded 326M reads 
[22:56:18] Read2: loaded 327M reads 
[22:56:18] Read1: loaded 327M reads 
[22:56:20] Read2: loaded 328M reads 
[22:56:20] Read1: loaded 328M reads 
[22:56:22] Read1: loaded 329M reads 
[22:56:22] Read2: loaded 329M reads 
[22:56:24] Read1: loaded 330M reads 
[22:56:24] Read2: loaded 330M reads 
[22:56:26] Read1: loaded 331M reads 
[22:56:26] Read2: loaded 331M reads 
[22:56:27] Read2: loaded 332M reads 
[22:56:27] Read1: loaded 332M reads 
[22:56:29] Read1: loaded 333M reads 
[22:56:29] Read2: loaded 333M reads 
[22:56:31] Read2: loaded 334M reads 
[22:56:31] Read1: loaded 334M reads 
[22:56:33] Read1: loaded 335M reads 
[22:56:33] Read2: loaded 335M reads 
[22:56:35] Read1: loaded 336M reads 
[22:56:35] Read2: loaded 336M reads 
[22:56:37] Read1: loaded 337M reads 
[22:56:37] Read2: loaded 337M reads 
[22:56:39] Read2: loaded 338M reads 
[22:56:39] Read1: loaded 338M reads 
[22:56:41] Read1: loaded 339M reads 
[22:56:41] Read2: loaded 339M reads 
[22:56:43] Read1: loaded 340M reads 
[22:56:43] Read2: loaded 340M reads 
[22:56:45] Read1: loaded 341M reads 
[22:56:45] Read2: loaded 341M reads 
[22:56:47] Read2: loaded 342M reads 
[22:56:47] Read1: loaded 342M reads 
[22:56:49] Read2: loaded 343M reads 
[22:56:49] Read1: loaded 343M reads 
[22:56:50] Read2: loaded 344M reads 
[22:56:50] Read1: loaded 344M reads 
[22:56:52] Read2: loaded 345M reads 
[22:56:52] Read1: loaded 345M reads 
[22:56:54] Read1: loaded 346M reads 
[22:56:54] Read2: loaded 346M reads 
[22:56:56] Read1: loaded 347M reads 
[22:56:56] Read2: loaded 347M reads 
[22:56:58] Read1: loaded 348M reads 
[22:56:58] Read2: loaded 348M reads 
[22:57:00] Read2: loaded 349M reads 
[22:57:00] Read1: loaded 349M reads 
[22:57:02] Read2: loaded 350M reads 
[22:57:02] Read1: loaded 350M reads 
[22:57:04] Read2: loaded 351M reads 
[22:57:04] Read1: loaded 351M reads 
[22:57:06] Read1: loaded 352M reads 
[22:57:06] Read2: loaded 352M reads 
[22:57:08] Read1: loaded 353M reads 
[22:57:08] Read2: loaded 353M reads 
[22:57:10] Read1: loaded 354M reads 
[22:57:10] Read2: loaded 354M reads 
[22:57:12] Read2: loaded 355M reads 
[22:57:12] Read1: loaded 355M reads 
[22:57:13] Read2: loaded 356M reads 
[22:57:13] Read1: loaded 356M reads 
[22:57:15] Read2: loaded 357M reads 
[22:57:15] Read1: loaded 357M reads 
[22:57:17] Read1: loaded 358M reads 
[22:57:17] Read2: loaded 358M reads 
[22:57:19] Read1: loaded 359M reads 
[22:57:19] Read2: loaded 359M reads 
[22:57:21] Read1: loaded 360M reads 
[22:57:21] Read2: loaded 360M reads 
[22:57:23] Read2: loaded 361M reads 
[22:57:23] Read1: loaded 361M reads 
[22:57:24] Read2: loading completed with 361282 packs 
[22:57:24] Read1: loading completed with 361282 packs 
[22:57:24] thread 3 data processing completed 
[22:57:24] thread 3 finished 
[22:57:24] thread 4 data processing completed 
[22:57:24] thread 4 finished 
[22:57:24] thread 5 data processing completed 
[22:57:24] thread 5 finished 
[22:57:24] thread 6 data processing completed 
[22:57:24] thread 6 finished 
[22:57:24] thread 7 data processing completed 
[22:57:24] thread 7 finished 
[22:57:24] thread 8 data processing completed 
[22:57:24] thread 8 finished 
[22:57:24] thread 1 data processing completed 
[22:57:24] thread 2 data processing completed 
[22:57:24] thread 1 finished 
[22:57:24] thread 2 finished 
[22:57:24] start to generate reports
 
Read1 before filtering:
total reads: 361281611
total bases: 54192241650
Q20 bases: 54123398100(99.873%)
Q30 bases: 54123398100(99.873%)
Q40 bases: 0(0%)

Read2 before filtering:
total reads: 361281611
total bases: 54192241650
Q20 bases: 53855170050(99.378%)
Q30 bases: 53855170050(99.378%)
Q40 bases: 0(0%)

Read1 after filtering:
total reads: 358607374
total bases: 53574361382
Q20 bases: 53574361382(100%)
Q30 bases: 53574361382(100%)
Q40 bases: 0(0%)

Read2 after filtering:
total reads: 358607374
total bases: 53574361382
Q20 bases: 53574361382(100%)
Q30 bases: 53574361382(100%)
Q40 bases: 0(0%)

Filtering result:
reads passed filter: 717214748
reads failed due to low quality: 5328396
reads failed due to too many N: 20078
reads failed due to too short: 0
reads failed due to adapter dimer: 0
reads with adapter trimmed: 9627740
bases trimmed due to adapters: 442711160

Duplication rate: 5.60214%

Insert size peak (evaluated by paired-end reads): 269

JSON report: /dev/shm/fastp_bench_cyfbRi.json
HTML report: /dev/null

/home/mpiuser/bioauto_rev/fastp_d0bromir/../fastp_opengene/fastp -w 8 -j /dev/shm/fastp_bench_cyfbRi.json -h /dev/null --verbose -i /home/mpiuser/FASTQ/WGS/DRR216653_1.fastq.gz -I /home/mpiuser/FASTQ/WGS/DRR216653_2.fastq.gz -o /dev/shm/fastp_bench_2xFNS7_R1.fq.gz -O /dev/shm/fastp_bench_nAq4yh_R2.fq.gz 
fastp v1.3.3, time used: 693 seconds
================================================================

================================================================
 Application  : d0bromir_cpu (/home/mpiuser/bioauto_rev/fastp_d0bromir/fastp-cpu)
 Dataset      : WGS PE 40G (DRR216653 R1+R2)
 Files        : R1=/home/mpiuser/FASTQ/WGS/DRR216653_1.fastq.gz
               R2=/home/mpiuser/FASTQ/WGS/DRR216653_2.fastq.gz
 Type         : PE
 Threads      : 8
 Wall time    : 532.325 s
 reads_in     : 722563222
 reads_out    : 717214748
 vs_opengene  : -23.2%
--- Resource usage ---
 CPU avg/peak : 1619.4% / 2275.5%
 RSS peak     : 2263 MiB
 GPU util a/p : 0.0% / 0.0%
 GPU mem peak : 0 MiB
 Sample CSV   : /home/mpiuser/bioauto_rev/fastp_d0bromir/benchmark_results/20261003_224550/resources/resource_WGS_PE_40G_d0bromir_cpu_T8_1791069508.csv
--- Profiling output ---
[23:18:27] fastp 1.3.3-d0bromir starting 
[23:18:28] [fastp 1.3.3-d0bromir] Stage: loading 
[23:18:28] start to load data of read2 
[23:18:28] start to load data of read1 
[23:18:29] Read1: loaded 1M reads 
[23:18:29] Read2: loaded 1M reads 
[23:18:30] Read1: loaded 2M reads 
[23:18:30] Read2: loaded 2M reads 
[23:18:32] Read1: loaded 3M reads 
[23:18:32] Read2: loaded 3M reads 
[23:18:33] Read2: loaded 4M reads 
[23:18:33] Read1: loaded 4M reads 
[23:18:35] Read2: loaded 5M reads 
[23:18:35] Read1: loaded 5M reads 
[23:18:36] Read2: loaded 6M reads 
[23:18:36] Read1: loaded 6M reads 
[23:18:38] Read2: loaded 7M reads 
[23:18:38] Read1: loaded 7M reads 
[23:18:39] Read2: loaded 8M reads 
[23:18:39] Read1: loaded 8M reads 
[23:18:41] Read1: loaded 9M reads 
[23:18:41] Read2: loaded 9M reads 
[23:18:42] Read2: loaded 10M reads 
[23:18:42] Read1: loaded 10M reads 
[23:18:44] Read1: loaded 11M reads 
[23:18:44] Read2: loaded 11M reads 
[23:18:45] Read1: loaded 12M reads 
[23:18:45] Read2: loaded 12M reads 
[23:18:47] Read2: loaded 13M reads 
[23:18:47] Read1: loaded 13M reads 
[23:18:48] Read2: loaded 14M reads 
[23:18:48] Read1: loaded 14M reads 
[23:18:50] Read2: loaded 15M reads 
[23:18:50] Read1: loaded 15M reads 
[23:18:51] Read2: loaded 16M reads 
[23:18:51] Read1: loaded 16M reads 
[23:18:53] Read2: loaded 17M reads 
[23:18:53] Read1: loaded 17M reads 
[23:18:54] Read1: loaded 18M reads 
[23:18:54] Read2: loaded 18M reads 
[23:18:55] Read1: loaded 19M reads 
[23:18:55] Read2: loaded 19M reads 
[23:18:57] Read1: loaded 20M reads 
[23:18:57] Read2: loaded 20M reads 
[23:18:58] Read1: loaded 21M reads 
[23:18:58] Read2: loaded 21M reads 
[23:19:00] Read2: loaded 22M reads 
[23:19:00] Read1: loaded 22M reads 
[23:19:01] Read1: loaded 23M reads 
[23:19:01] Read2: loaded 23M reads 
[23:19:03] Read2: loaded 24M reads 
[23:19:03] Read1: loaded 24M reads 
[23:19:04] Read1: loaded 25M reads 
[23:19:04] Read2: loaded 25M reads 
[23:19:06] Read1: loaded 26M reads 
[23:19:06] Read2: loaded 26M reads 
[23:19:07] Read1: loaded 27M reads 
[23:19:07] Read2: loaded 27M reads 
[23:19:09] Read1: loaded 28M reads 
[23:19:09] Read2: loaded 28M reads 
[23:19:10] Read1: loaded 29M reads 
[23:19:10] Read2: loaded 29M reads 
[23:19:12] Read1: loaded 30M reads 
[23:19:12] Read2: loaded 30M reads 
[23:19:13] Read2: loaded 31M reads 
[23:19:13] Read1: loaded 31M reads 
[23:19:15] Read1: loaded 32M reads 
[23:19:15] Read2: loaded 32M reads 
[23:19:16] Read1: loaded 33M reads 
[23:19:16] Read2: loaded 33M reads 
[23:19:18] Read2: loaded 34M reads 
[23:19:18] Read1: loaded 34M reads 
[23:19:19] Read1: loaded 35M reads 
[23:19:19] Read2: loaded 35M reads 
[23:19:21] Read2: loaded 36M reads 
[23:19:21] Read1: loaded 36M reads 
[23:19:22] Read2: loaded 37M reads 
[23:19:22] Read1: loaded 37M reads 
[23:19:24] Read2: loaded 38M reads 
[23:19:24] Read1: loaded 38M reads 
[23:19:25] Read2: loaded 39M reads 
[23:19:25] Read1: loaded 39M reads 
[23:19:27] Read1: loaded 40M reads 
[23:19:27] Read2: loaded 40M reads 
[23:19:28] Read2: loaded 41M reads 
[23:19:28] Read1: loaded 41M reads 
[23:19:29] Read2: loaded 42M reads 
[23:19:29] Read1: loaded 42M reads 
[23:19:31] Read1: loaded 43M reads 
[23:19:31] Read2: loaded 43M reads 
[23:19:32] Read1: loaded 44M reads 
[23:19:32] Read2: loaded 44M reads 
[23:19:34] Read1: loaded 45M reads 
[23:19:34] Read2: loaded 45M reads 
[23:19:35] Read1: loaded 46M reads 
[23:19:35] Read2: loaded 46M reads 
[23:19:37] Read2: loaded 47M reads 
[23:19:37] Read1: loaded 47M reads 
[23:19:38] Read2: loaded 48M reads 
[23:19:38] Read1: loaded 48M reads 
[23:19:40] Read1: loaded 49M reads 
[23:19:40] Read2: loaded 49M reads 
[23:19:41] Read2: loaded 50M reads 
[23:19:41] Read1: loaded 50M reads 
[23:19:43] Read2: loaded 51M reads 
[23:19:43] Read1: loaded 51M reads 
[23:19:44] Read1: loaded 52M reads 
[23:19:44] Read2: loaded 52M reads 
[23:19:46] Read2: loaded 53M reads 
[23:19:46] Read1: loaded 53M reads 
[23:19:47] Read1: loaded 54M reads 
[23:19:47] Read2: loaded 54M reads 
[23:19:49] Read1: loaded 55M reads 
[23:19:49] Read2: loaded 55M reads 
[23:19:50] Read2: loaded 56M reads 
[23:19:50] Read1: loaded 56M reads 
[23:19:52] Read1: loaded 57M reads 
[23:19:52] Read2: loaded 57M reads 
[23:19:53] Read2: loaded 58M reads 
[23:19:53] Read1: loaded 58M reads 
[23:19:55] Read2: loaded 59M reads 
[23:19:55] Read1: loaded 59M reads 
[23:19:56] Read2: loaded 60M reads 
[23:19:56] Read1: loaded 60M reads 
[23:19:58] Read2: loaded 61M reads 
[23:19:58] Read1: loaded 61M reads 
[23:19:59] Read2: loaded 62M reads 
[23:19:59] Read1: loaded 62M reads 
[23:20:00] Read2: loaded 63M reads 
[23:20:00] Read1: loaded 63M reads 
[23:20:02] Read2: loaded 64M reads 
[23:20:02] Read1: loaded 64M reads 
[23:20:03] Read1: loaded 65M reads 
[23:20:03] Read2: loaded 65M reads 
[23:20:05] Read1: loaded 66M reads 
[23:20:05] Read2: loaded 66M reads 
[23:20:06] Read2: loaded 67M reads 
[23:20:06] Read1: loaded 67M reads 
[23:20:08] Read1: loaded 68M reads 
[23:20:08] Read2: loaded 68M reads 
[23:20:09] Read2: loaded 69M reads 
[23:20:09] Read1: loaded 69M reads 
[23:20:11] Read2: loaded 70M reads 
[23:20:11] Read1: loaded 70M reads 
[23:20:12] Read1: loaded 71M reads 
[23:20:12] Read2: loaded 71M reads 
[23:20:14] Read1: loaded 72M reads 
[23:20:14] Read2: loaded 72M reads 
[23:20:15] Read2: loaded 73M reads 
[23:20:15] Read1: loaded 73M reads 
[23:20:17] Read2: loaded 74M reads 
[23:20:17] Read1: loaded 74M reads 
[23:20:18] Read2: loaded 75M reads 
[23:20:18] Read1: loaded 75M reads 
[23:20:20] Read1: loaded 76M reads 
[23:20:20] Read2: loaded 76M reads 
[23:20:21] Read1: loaded 77M reads 
[23:20:21] Read2: loaded 77M reads 
[23:20:23] Read2: loaded 78M reads 
[23:20:23] Read1: loaded 78M reads 
[23:20:24] Read1: loaded 79M reads 
[23:20:24] Read2: loaded 79M reads 
[23:20:26] Read2: loaded 80M reads 
[23:20:26] Read1: loaded 80M reads 
[23:20:27] Read1: loaded 81M reads 
[23:20:27] Read2: loaded 81M reads 
[23:20:29] Read2: loaded 82M reads 
[23:20:29] Read1: loaded 82M reads 
[23:20:30] Read2: loaded 83M reads 
[23:20:30] Read1: loaded 83M reads 
[23:20:32] Read2: loaded 84M reads 
[23:20:32] Read1: loaded 84M reads 
[23:20:33] Read1: loaded 85M reads 
[23:20:33] Read2: loaded 85M reads 
[23:20:35] Read2: loaded 86M reads 
[23:20:35] Read1: loaded 86M reads 
[23:20:36] Read1: loaded 87M reads 
[23:20:36] Read2: loaded 87M reads 
[23:20:38] Read2: loaded 88M reads 
[23:20:38] Read1: loaded 88M reads 
[23:20:39] Read1: loaded 89M reads 
[23:20:39] Read2: loaded 89M reads 
[23:20:40] Read2: loaded 90M reads 
[23:20:40] Read1: loaded 90M reads 
[23:20:42] Read2: loaded 91M reads 
[23:20:42] Read1: loaded 91M reads 
[23:20:43] Read1: loaded 92M reads 
[23:20:43] Read2: loaded 92M reads 
[23:20:45] Read2: loaded 93M reads 
[23:20:45] Read1: loaded 93M reads 
[23:20:46] Read2: loaded 94M reads 
[23:20:46] Read1: loaded 94M reads 
[23:20:48] Read2: loaded 95M reads 
[23:20:48] Read1: loaded 95M reads 
[23:20:49] Read2: loaded 96M reads 
[23:20:49] Read1: loaded 96M reads 
[23:20:51] Read1: loaded 97M reads 
[23:20:51] Read2: loaded 97M reads 
[23:20:52] Read1: loaded 98M reads 
[23:20:52] Read2: loaded 98M reads 
[23:20:54] Read2: loaded 99M reads 
[23:20:54] Read1: loaded 99M reads 
[23:20:55] Read1: loaded 100M reads 
[23:20:55] Read2: loaded 100M reads 
[23:20:57] Read1: loaded 101M reads 
[23:20:57] Read2: loaded 101M reads 
[23:20:58] Read1: loaded 102M reads 
[23:20:58] Read2: loaded 102M reads 
[23:21:00] Read1: loaded 103M reads 
[23:21:00] Read2: loaded 103M reads 
[23:21:01] Read2: loaded 104M reads 
[23:21:01] Read1: loaded 104M reads 
[23:21:03] Read1: loaded 105M reads 
[23:21:03] Read2: loaded 105M reads 
[23:21:04] Read2: loaded 106M reads 
[23:21:04] Read1: loaded 106M reads 
[23:21:06] Read2: loaded 107M reads 
[23:21:06] Read1: loaded 107M reads 
[23:21:07] Read1: loaded 108M reads 
[23:21:07] Read2: loaded 108M reads 
[23:21:09] Read1: loaded 109M reads 
[23:21:09] Read2: loaded 109M reads 
[23:21:10] Read1: loaded 110M reads 
[23:21:10] Read2: loaded 110M reads 
[23:21:12] Read1: loaded 111M reads 
[23:21:12] Read2: loaded 111M reads 
[23:21:13] Read1: loaded 112M reads 
[23:21:13] Read2: loaded 112M reads 
[23:21:15] Read1: loaded 113M reads 
[23:21:15] Read2: loaded 113M reads 
[23:21:16] Read2: loaded 114M reads 
[23:21:16] Read1: loaded 114M reads 
[23:21:17] Read1: loaded 115M reads 
[23:21:17] Read2: loaded 115M reads 
[23:21:19] Read2: loaded 116M reads 
[23:21:19] Read1: loaded 116M reads 
[23:21:20] Read1: loaded 117M reads 
[23:21:20] Read2: loaded 117M reads 
[23:21:22] Read1: loaded 118M reads 
[23:21:22] Read2: loaded 118M reads 
[23:21:23] Read1: loaded 119M reads 
[23:21:23] Read2: loaded 119M reads 
[23:21:25] Read1: loaded 120M reads 
[23:21:25] Read2: loaded 120M reads 
[23:21:26] Read1: loaded 121M reads 
[23:21:26] Read2: loaded 121M reads 
[23:21:28] Read2: loaded 122M reads 
[23:21:28] Read1: loaded 122M reads 
[23:21:29] Read1: loaded 123M reads 
[23:21:29] Read2: loaded 123M reads 
[23:21:31] Read2: loaded 124M reads 
[23:21:31] Read1: loaded 124M reads 
[23:21:32] Read1: loaded 125M reads 
[23:21:32] Read2: loaded 125M reads 
[23:21:34] Read1: loaded 126M reads 
[23:21:34] Read2: loaded 126M reads 
[23:21:35] Read1: loaded 127M reads 
[23:21:35] Read2: loaded 127M reads 
[23:21:37] Read1: loaded 128M reads 
[23:21:37] Read2: loaded 128M reads 
[23:21:38] Read1: loaded 129M reads 
[23:21:38] Read2: loaded 129M reads 
[23:21:40] Read1: loaded 130M reads 
[23:21:40] Read2: loaded 130M reads 
[23:21:41] Read2: loaded 131M reads 
[23:21:41] Read1: loaded 131M reads 
[23:21:42] Read1: loaded 132M reads 
[23:21:42] Read2: loaded 132M reads 
[23:21:44] Read2: loaded 133M reads 
[23:21:44] Read1: loaded 133M reads 
[23:21:45] Read1: loaded 134M reads 
[23:21:45] Read2: loaded 134M reads 
[23:21:47] Read2: loaded 135M reads 
[23:21:47] Read1: loaded 135M reads 
[23:21:48] Read1: loaded 136M reads 
[23:21:48] Read2: loaded 136M reads 
[23:21:50] Read2: loaded 137M reads 
[23:21:50] Read1: loaded 137M reads 
[23:21:51] Read2: loaded 138M reads 
[23:21:51] Read1: loaded 138M reads 
[23:21:53] Read1: loaded 139M reads 
[23:21:53] Read2: loaded 139M reads 
[23:21:54] Read2: loaded 140M reads 
[23:21:54] Read1: loaded 140M reads 
[23:21:56] Read2: loaded 141M reads 
[23:21:56] Read1: loaded 141M reads 
[23:21:57] Read1: loaded 142M reads 
[23:21:57] Read2: loaded 142M reads 
[23:21:58] Read2: loaded 143M reads 
[23:21:58] Read1: loaded 143M reads 
[23:22:00] Read1: loaded 144M reads 
[23:22:00] Read2: loaded 144M reads 
[23:22:01] Read1: loaded 145M reads 
[23:22:01] Read2: loaded 145M reads 
[23:22:03] Read1: loaded 146M reads 
[23:22:03] Read2: loaded 146M reads 
[23:22:04] Read2: loaded 147M reads 
[23:22:04] Read1: loaded 147M reads 
[23:22:06] Read2: loaded 148M reads 
[23:22:06] Read1: loaded 148M reads 
[23:22:07] Read1: loaded 149M reads 
[23:22:07] Read2: loaded 149M reads 
[23:22:09] Read1: loaded 150M reads 
[23:22:09] Read2: loaded 150M reads 
[23:22:10] Read1: loaded 151M reads 
[23:22:10] Read2: loaded 151M reads 
[23:22:12] Read2: loaded 152M reads 
[23:22:12] Read1: loaded 152M reads 
[23:22:13] Read1: loaded 153M reads 
[23:22:13] Read2: loaded 153M reads 
[23:22:14] Read2: loaded 154M reads 
[23:22:14] Read1: loaded 154M reads 
[23:22:16] Read1: loaded 155M reads 
[23:22:16] Read2: loaded 155M reads 
[23:22:17] Read2: loaded 156M reads 
[23:22:17] Read1: loaded 156M reads 
[23:22:19] Read2: loaded 157M reads 
[23:22:19] Read1: loaded 157M reads 
[23:22:20] Read2: loaded 158M reads 
[23:22:20] Read1: loaded 158M reads 
[23:22:22] Read1: loaded 159M reads 
[23:22:22] Read2: loaded 159M reads 
[23:22:23] Read2: loaded 160M reads 
[23:22:23] Read1: loaded 160M reads 
[23:22:25] Read2: loaded 161M reads 
[23:22:25] Read1: loaded 161M reads 
[23:22:26] Read2: loaded 162M reads 
[23:22:26] Read1: loaded 162M reads 
[23:22:28] Read1: loaded 163M reads 
[23:22:28] Read2: loaded 163M reads 
[23:22:29] Read2: loaded 164M reads 
[23:22:29] Read1: loaded 164M reads 
[23:22:31] Read2: loaded 165M reads 
[23:22:31] Read1: loaded 165M reads 
[23:22:32] Read2: loaded 166M reads 
[23:22:32] Read1: loaded 166M reads 
[23:22:33] Read1: loaded 167M reads 
[23:22:33] Read2: loaded 167M reads 
[23:22:35] Read1: loaded 168M reads 
[23:22:35] Read2: loaded 168M reads 
[23:22:36] Read1: loaded 169M reads 
[23:22:36] Read2: loaded 169M reads 
[23:22:38] Read2: loaded 170M reads 
[23:22:38] Read1: loaded 170M reads 
[23:22:39] Read2: loaded 171M reads 
[23:22:39] Read1: loaded 171M reads 
[23:22:41] Read1: loaded 172M reads 
[23:22:41] Read2: loaded 172M reads 
[23:22:42] Read2: loaded 173M reads 
[23:22:42] Read1: loaded 173M reads 
[23:22:44] Read2: loaded 174M reads 
[23:22:44] Read1: loaded 174M reads 
[23:22:45] Read2: loaded 175M reads 
[23:22:45] Read1: loaded 175M reads 
[23:22:46] Read1: loaded 176M reads 
[23:22:46] Read2: loaded 176M reads 
[23:22:48] Read2: loaded 177M reads 
[23:22:48] Read1: loaded 177M reads 
[23:22:49] Read2: loaded 178M reads 
[23:22:49] Read1: loaded 178M reads 
[23:22:51] Read1: loaded 179M reads 
[23:22:51] Read2: loaded 179M reads 
[23:22:52] Read2: loaded 180M reads 
[23:22:52] Read1: loaded 180M reads 
[23:22:54] Read1: loaded 181M reads 
[23:22:54] Read2: loaded 181M reads 
[23:22:55] Read2: loaded 182M reads 
[23:22:55] Read1: loaded 182M reads 
[23:22:57] Read1: loaded 183M reads 
[23:22:57] Read2: loaded 183M reads 
[23:22:58] Read2: loaded 184M reads 
[23:22:58] Read1: loaded 184M reads 
[23:23:00] Read1: loaded 185M reads 
[23:23:00] Read2: loaded 185M reads 
[23:23:01] Read1: loaded 186M reads 
[23:23:01] Read2: loaded 186M reads 
[23:23:03] Read2: loaded 187M reads 
[23:23:03] Read1: loaded 187M reads 
[23:23:04] Read1: loaded 188M reads 
[23:23:04] Read2: loaded 188M reads 
[23:23:05] Read1: loaded 189M reads 
[23:23:05] Read2: loaded 189M reads 
[23:23:07] Read1: loaded 190M reads 
[23:23:07] Read2: loaded 190M reads 
[23:23:08] Read2: loaded 191M reads 
[23:23:08] Read1: loaded 191M reads 
[23:23:10] Read1: loaded 192M reads 
[23:23:10] Read2: loaded 192M reads 
[23:23:11] Read2: loaded 193M reads 
[23:23:11] Read1: loaded 193M reads 
[23:23:13] Read1: loaded 194M reads 
[23:23:13] Read2: loaded 194M reads 
[23:23:14] Read1: loaded 195M reads 
[23:23:14] Read2: loaded 195M reads 
[23:23:16] Read2: loaded 196M reads 
[23:23:16] Read1: loaded 196M reads 
[23:23:17] Read2: loaded 197M reads 
[23:23:17] Read1: loaded 197M reads 
[23:23:19] Read1: loaded 198M reads 
[23:23:19] Read2: loaded 198M reads 
[23:23:20] Read1: loaded 199M reads 
[23:23:20] Read2: loaded 199M reads 
[23:23:21] Read2: loaded 200M reads 
[23:23:21] Read1: loaded 200M reads 
[23:23:23] Read2: loaded 201M reads 
[23:23:23] Read1: loaded 201M reads 
[23:23:24] Read2: loaded 202M reads 
[23:23:24] Read1: loaded 202M reads 
[23:23:26] Read2: loaded 203M reads 
[23:23:26] Read1: loaded 203M reads 
[23:23:27] Read1: loaded 204M reads 
[23:23:27] Read2: loaded 204M reads 
[23:23:29] Read1: loaded 205M reads 
[23:23:29] Read2: loaded 205M reads 
[23:23:30] Read1: loaded 206M reads 
[23:23:30] Read2: loaded 206M reads 
[23:23:32] Read1: loaded 207M reads 
[23:23:32] Read2: loaded 207M reads 
[23:23:33] Read2: loaded 208M reads 
[23:23:33] Read1: loaded 208M reads 
[23:23:35] Read2: loaded 209M reads 
[23:23:35] Read1: loaded 209M reads 
[23:23:36] Read2: loaded 210M reads 
[23:23:36] Read1: loaded 210M reads 
[23:23:38] Read2: loaded 211M reads 
[23:23:38] Read1: loaded 211M reads 
[23:23:39] Read2: loaded 212M reads 
[23:23:39] Read1: loaded 212M reads 
[23:23:40] Read1: loaded 213M reads 
[23:23:40] Read2: loaded 213M reads 
[23:23:42] Read1: loaded 214M reads 
[23:23:42] Read2: loaded 214M reads 
[23:23:43] Read2: loaded 215M reads 
[23:23:43] Read1: loaded 215M reads 
[23:23:45] Read2: loaded 216M reads 
[23:23:45] Read1: loaded 216M reads 
[23:23:46] Read2: loaded 217M reads 
[23:23:46] Read1: loaded 217M reads 
[23:23:48] Read1: loaded 218M reads 
[23:23:48] Read2: loaded 218M reads 
[23:23:49] Read1: loaded 219M reads 
[23:23:49] Read2: loaded 219M reads 
[23:23:51] Read1: loaded 220M reads 
[23:23:51] Read2: loaded 220M reads 
[23:23:52] Read1: loaded 221M reads 
[23:23:52] Read2: loaded 221M reads 
[23:23:54] Read2: loaded 222M reads 
[23:23:54] Read1: loaded 222M reads 
[23:23:55] Read2: loaded 223M reads 
[23:23:55] Read1: loaded 223M reads 
[23:23:57] Read1: loaded 224M reads 
[23:23:57] Read2: loaded 224M reads 
[23:23:58] Read2: loaded 225M reads 
[23:23:58] Read1: loaded 225M reads 
[23:23:59] Read1: loaded 226M reads 
[23:23:59] Read2: loaded 226M reads 
[23:24:01] Read1: loaded 227M reads 
[23:24:01] Read2: loaded 227M reads 
[23:24:02] Read2: loaded 228M reads 
[23:24:02] Read1: loaded 228M reads 
[23:24:04] Read2: loaded 229M reads 
[23:24:04] Read1: loaded 229M reads 
[23:24:05] Read1: loaded 230M reads 
[23:24:05] Read2: loaded 230M reads 
[23:24:07] Read1: loaded 231M reads 
[23:24:07] Read2: loaded 231M reads 
[23:24:08] Read1: loaded 232M reads 
[23:24:08] Read2: loaded 232M reads 
[23:24:10] Read1: loaded 233M reads 
[23:24:10] Read2: loaded 233M reads 
[23:24:11] Read2: loaded 234M reads 
[23:24:11] Read1: loaded 234M reads 
[23:24:13] Read2: loaded 235M reads 
[23:24:13] Read1: loaded 235M reads 
[23:24:14] Read2: loaded 236M reads 
[23:24:14] Read1: loaded 236M reads 
[23:24:16] Read2: loaded 237M reads 
[23:24:16] Read1: loaded 237M reads 
[23:24:17] Read1: loaded 238M reads 
[23:24:17] Read2: loaded 238M reads 
[23:24:18] Read1: loaded 239M reads 
[23:24:18] Read2: loaded 239M reads 
[23:24:20] Read2: loaded 240M reads 
[23:24:20] Read1: loaded 240M reads 
[23:24:21] Read2: loaded 241M reads 
[23:24:21] Read1: loaded 241M reads 
[23:24:23] Read1: loaded 242M reads 
[23:24:23] Read2: loaded 242M reads 
[23:24:24] Read1: loaded 243M reads 
[23:24:24] Read2: loaded 243M reads 
[23:24:26] Read1: loaded 244M reads 
[23:24:26] Read2: loaded 244M reads 
[23:24:27] Read2: loaded 245M reads 
[23:24:27] Read1: loaded 245M reads 
[23:24:29] Read2: loaded 246M reads 
[23:24:29] Read1: loaded 246M reads 
[23:24:30] Read1: loaded 247M reads 
[23:24:30] Read2: loaded 247M reads 
[23:24:32] Read2: loaded 248M reads 
[23:24:32] Read1: loaded 248M reads 
[23:24:33] Read2: loaded 249M reads 
[23:24:33] Read1: loaded 249M reads 
[23:24:35] Read2: loaded 250M reads 
[23:24:35] Read1: loaded 250M reads 
[23:24:36] Read1: loaded 251M reads 
[23:24:36] Read2: loaded 251M reads 
[23:24:37] Read2: loaded 252M reads 
[23:24:37] Read1: loaded 252M reads 
[23:24:39] Read2: loaded 253M reads 
[23:24:39] Read1: loaded 253M reads 
[23:24:40] Read2: loaded 254M reads 
[23:24:40] Read1: loaded 254M reads 
[23:24:42] Read2: loaded 255M reads 
[23:24:42] Read1: loaded 255M reads 
[23:24:43] Read2: loaded 256M reads 
[23:24:43] Read1: loaded 256M reads 
[23:24:45] Read1: loaded 257M reads 
[23:24:45] Read2: loaded 257M reads 
[23:24:46] Read1: loaded 258M reads 
[23:24:46] Read2: loaded 258M reads 
[23:24:48] Read1: loaded 259M reads 
[23:24:48] Read2: loaded 259M reads 
[23:24:49] Read2: loaded 260M reads 
[23:24:49] Read1: loaded 260M reads 
[23:24:51] Read2: loaded 261M reads 
[23:24:51] Read1: loaded 261M reads 
[23:24:52] Read2: loaded 262M reads 
[23:24:52] Read1: loaded 262M reads 
[23:24:54] Read2: loaded 263M reads 
[23:24:54] Read1: loaded 263M reads 
[23:24:55] Read1: loaded 264M reads 
[23:24:55] Read2: loaded 264M reads 
[23:24:56] Read1: loaded 265M reads 
[23:24:56] Read2: loaded 265M reads 
[23:24:58] Read1: loaded 266M reads 
[23:24:58] Read2: loaded 266M reads 
[23:24:59] Read2: loaded 267M reads 
[23:24:59] Read1: loaded 267M reads 
[23:25:01] Read1: loaded 268M reads 
[23:25:01] Read2: loaded 268M reads 
[23:25:02] Read2: loaded 269M reads 
[23:25:02] Read1: loaded 269M reads 
[23:25:04] Read1: loaded 270M reads 
[23:25:04] Read2: loaded 270M reads 
[23:25:05] Read1: loaded 271M reads 
[23:25:05] Read2: loaded 271M reads 
[23:25:07] Read1: loaded 272M reads 
[23:25:07] Read2: loaded 272M reads 
[23:25:08] Read1: loaded 273M reads 
[23:25:08] Read2: loaded 273M reads 
[23:25:10] Read1: loaded 274M reads 
[23:25:10] Read2: loaded 274M reads 
[23:25:11] Read1: loaded 275M reads 
[23:25:11] Read2: loaded 275M reads 
[23:25:13] Read1: loaded 276M reads 
[23:25:13] Read2: loaded 276M reads 
[23:25:14] Read2: loaded 277M reads 
[23:25:14] Read1: loaded 277M reads 
[23:25:15] Read1: loaded 278M reads 
[23:25:15] Read2: loaded 278M reads 
[23:25:17] Read1: loaded 279M reads 
[23:25:17] Read2: loaded 279M reads 
[23:25:18] Read2: loaded 280M reads 
[23:25:18] Read1: loaded 280M reads 
[23:25:20] Read1: loaded 281M reads 
[23:25:20] Read2: loaded 281M reads 
[23:25:21] Read2: loaded 282M reads 
[23:25:21] Read1: loaded 282M reads 
[23:25:23] Read1: loaded 283M reads 
[23:25:23] Read2: loaded 283M reads 
[23:25:24] Read1: loaded 284M reads 
[23:25:24] Read2: loaded 284M reads 
[23:25:26] Read1: loaded 285M reads 
[23:25:26] Read2: loaded 285M reads 
[23:25:27] Read1: loaded 286M reads 
[23:25:27] Read2: loaded 286M reads 
[23:25:29] Read1: loaded 287M reads 
[23:25:29] Read2: loaded 287M reads 
[23:25:30] Read1: loaded 288M reads 
[23:25:30] Read2: loaded 288M reads 
[23:25:32] Read1: loaded 289M reads 
[23:25:32] Read2: loaded 289M reads 
[23:25:33] Read2: loaded 290M reads 
[23:25:33] Read1: loaded 290M reads 
[23:25:34] Read2: loaded 291M reads 
[23:25:34] Read1: loaded 291M reads 
[23:25:36] Read2: loaded 292M reads 
[23:25:36] Read1: loaded 292M reads 
[23:25:37] Read1: loaded 293M reads 
[23:25:37] Read2: loaded 293M reads 
[23:25:39] Read1: loaded 294M reads 
[23:25:39] Read2: loaded 294M reads 
[23:25:40] Read1: loaded 295M reads 
[23:25:40] Read2: loaded 295M reads 
[23:25:42] Read2: loaded 296M reads 
[23:25:42] Read1: loaded 296M reads 
[23:25:43] Read2: loaded 297M reads 
[23:25:43] Read1: loaded 297M reads 
[23:25:45] Read2: loaded 298M reads 
[23:25:45] Read1: loaded 298M reads 
[23:25:46] Read1: loaded 299M reads 
[23:25:46] Read2: loaded 299M reads 
[23:25:48] Read2: loaded 300M reads 
[23:25:48] Read1: loaded 300M reads 
[23:25:49] Read1: loaded 301M reads 
[23:25:49] Read2: loaded 301M reads 
[23:25:51] Read1: loaded 302M reads 
[23:25:51] Read2: loaded 302M reads 
[23:25:52] Read1: loaded 303M reads 
[23:25:52] Read2: loaded 303M reads 
[23:25:53] Read2: loaded 304M reads 
[23:25:53] Read1: loaded 304M reads 
[23:25:55] Read2: loaded 305M reads 
[23:25:55] Read1: loaded 305M reads 
[23:25:56] Read2: loaded 306M reads 
[23:25:56] Read1: loaded 306M reads 
[23:25:58] Read2: loaded 307M reads 
[23:25:58] Read1: loaded 307M reads 
[23:25:59] Read2: loaded 308M reads 
[23:25:59] Read1: loaded 308M reads 
[23:26:01] Read1: loaded 309M reads 
[23:26:01] Read2: loaded 309M reads 
[23:26:02] Read1: loaded 310M reads 
[23:26:02] Read2: loaded 310M reads 
[23:26:04] Read2: loaded 311M reads 
[23:26:04] Read1: loaded 311M reads 
[23:26:05] Read2: loaded 312M reads 
[23:26:05] Read1: loaded 312M reads 
[23:26:07] Read1: loaded 313M reads 
[23:26:07] Read2: loaded 313M reads 
[23:26:08] Read2: loaded 314M reads 
[23:26:08] Read1: loaded 314M reads 
[23:26:10] Read2: loaded 315M reads 
[23:26:10] Read1: loaded 315M reads 
[23:26:11] Read1: loaded 316M reads 
[23:26:11] Read2: loaded 316M reads 
[23:26:13] Read2: loaded 317M reads 
[23:26:13] Read1: loaded 317M reads 
[23:26:14] Read2: loaded 318M reads 
[23:26:14] Read1: loaded 318M reads 
[23:26:16] Read1: loaded 319M reads 
[23:26:16] Read2: loaded 319M reads 
[23:26:17] Read2: loaded 320M reads 
[23:26:17] Read1: loaded 320M reads 
[23:26:19] Read2: loaded 321M reads 
[23:26:19] Read1: loaded 321M reads 
[23:26:20] Read1: loaded 322M reads 
[23:26:20] Read2: loaded 322M reads 
[23:26:21] Read1: loaded 323M reads 
[23:26:21] Read2: loaded 323M reads 
[23:26:23] Read2: loaded 324M reads 
[23:26:23] Read1: loaded 324M reads 
[23:26:24] Read2: loaded 325M reads 
[23:26:24] Read1: loaded 325M reads 
[23:26:26] Read2: loaded 326M reads 
[23:26:26] Read1: loaded 326M reads 
[23:26:27] Read2: loaded 327M reads 
[23:26:27] Read1: loaded 327M reads 
[23:26:29] Read1: loaded 328M reads 
[23:26:29] Read2: loaded 328M reads 
[23:26:30] Read2: loaded 329M reads 
[23:26:30] Read1: loaded 329M reads 
[23:26:32] Read1: loaded 330M reads 
[23:26:32] Read2: loaded 330M reads 
[23:26:33] Read1: loaded 331M reads 
[23:26:33] Read2: loaded 331M reads 
[23:26:35] Read1: loaded 332M reads 
[23:26:35] Read2: loaded 332M reads 
[23:26:36] Read2: loaded 333M reads 
[23:26:36] Read1: loaded 333M reads 
[23:26:38] Read1: loaded 334M reads 
[23:26:38] Read2: loaded 334M reads 
[23:26:39] Read2: loaded 335M reads 
[23:26:39] Read1: loaded 335M reads 
[23:26:41] Read1: loaded 336M reads 
[23:26:41] Read2: loaded 336M reads 
[23:26:42] Read1: loaded 337M reads 
[23:26:42] Read2: loaded 337M reads 
[23:26:44] Read2: loaded 338M reads 
[23:26:44] Read1: loaded 338M reads 
[23:26:45] Read1: loaded 339M reads 
[23:26:45] Read2: loaded 339M reads 
[23:26:47] Read1: loaded 340M reads 
[23:26:47] Read2: loaded 340M reads 
[23:26:48] Read1: loaded 341M reads 
[23:26:48] Read2: loaded 341M reads 
[23:26:50] Read1: loaded 342M reads 
[23:26:50] Read2: loaded 342M reads 
[23:26:51] Read1: loaded 343M reads 
[23:26:51] Read2: loaded 343M reads 
[23:26:53] Read2: loaded 344M reads 
[23:26:53] Read1: loaded 344M reads 
[23:26:54] Read2: loaded 345M reads 
[23:26:54] Read1: loaded 345M reads 
[23:26:55] Read1: loaded 346M reads 
[23:26:55] Read2: loaded 346M reads 
[23:26:57] Read1: loaded 347M reads 
[23:26:57] Read2: loaded 347M reads 
[23:26:58] Read2: loaded 348M reads 
[23:26:58] Read1: loaded 348M reads 
[23:27:00] Read1: loaded 349M reads 
[23:27:00] Read2: loaded 349M reads 
[23:27:01] Read2: loaded 350M reads 
[23:27:01] Read1: loaded 350M reads 
[23:27:03] Read2: loaded 351M reads 
[23:27:03] Read1: loaded 351M reads 
[23:27:04] Read1: loaded 352M reads 
[23:27:04] Read2: loaded 352M reads 
[23:27:06] Read2: loaded 353M reads 
[23:27:06] Read1: loaded 353M reads 
[23:27:07] Read1: loaded 354M reads 
[23:27:07] Read2: loaded 354M reads 
[23:27:09] Read2: loaded 355M reads 
[23:27:09] Read1: loaded 355M reads 
[23:27:10] Read2: loaded 356M reads 
[23:27:10] Read1: loaded 356M reads 
[23:27:12] Read1: loaded 357M reads 
[23:27:12] Read2: loaded 357M reads 
[23:27:13] Read1: loaded 358M reads 
[23:27:13] Read2: loaded 358M reads 
[23:27:15] Read2: loaded 359M reads 
[23:27:15] Read1: loaded 359M reads 
[23:27:16] Read1: loaded 360M reads 
[23:27:16] Read2: loaded 360M reads 
[23:27:18] Read2: loaded 361M reads 
[23:27:18] Read1: loaded 361M reads 
[23:27:18] Read1: loading completed with 44102 packs 
[23:27:18] Read2: loading completed with 44102 packs 
[23:27:18] [fastp 1.3.3-d0bromir] Stage: loading (530049 ms) 
[23:27:18] [fastp 1.3.3-d0bromir] Stage: filtering 
[23:27:19] thread 4 data processing completed 
[23:27:19] thread 4 finished 
[23:27:19] thread 3 data processing completed 
[23:27:19] thread 3 finished 
[23:27:19] thread 2 data processing completed 
[23:27:19] thread 2 finished 
[23:27:19] thread 7 data processing completed 
[23:27:19] thread 7 finished 
[23:27:19] thread 1 data processing completed 
[23:27:19] thread 1 finished 
[23:27:19] thread 6 data processing completed 
[23:27:19] thread 6 finished 
[23:27:19] thread 8 data processing completed 
[23:27:19] thread 8 finished 
[23:27:19] thread 5 data processing completed 
[23:27:19] thread 5 finished 
[23:27:19] [fastp 1.3.3-d0bromir] Stage: filtering (780 ms) 
[23:27:19] [fastp 1.3.3-d0bromir] Stage: writing 
[23:27:19] /dev/shm/fastp_bench_Xw6LOi_R1.fq.gz writer finished 
[23:27:19] /dev/shm/fastp_bench_Dc0Yep_R2.fq.gz writer finished 
[23:27:19] [fastp 1.3.3-d0bromir] Stage: writing (30 ms) 
[23:27:19] start to generate reports
 
Read1 before filtering:
total reads: 361281611
total bases: 54192241650
Q20 bases: 54123398100(99.873%)
Q30 bases: 54123398100(99.873%)
Q40 bases: 0(0%)

Read2 before filtering:
total reads: 361281611
total bases: 54192241650
Q20 bases: 53855170050(99.378%)
Q30 bases: 53855170050(99.378%)
Q40 bases: 0(0%)

Read1 after filtering:
total reads: 358607374
total bases: 53574361382
Q20 bases: 53574361382(100%)
Q30 bases: 53574361382(100%)
Q40 bases: 0(0%)

Read2 after filtering:
total reads: 358607374
total bases: 53574361382
Q20 bases: 53574361382(100%)
Q30 bases: 53574361382(100%)
Q40 bases: 0(0%)

Filtering result:
reads passed filter: 717214748
reads failed due to low quality: 5328396
reads failed due to too many N: 20078
reads failed due to too short: 0
reads failed due to adapter dimer: 0
reads with adapter trimmed: 9627740
bases trimmed due to adapters: 442711160

Duplication rate: 5.60214%

Insert size peak (evaluated by paired-end reads): 269

JSON report: /dev/shm/fastp_bench_Y6pPfh.json
HTML report: /dev/null

/home/mpiuser/bioauto_rev/fastp_d0bromir/fastp-cpu -w 8 -j /dev/shm/fastp_bench_Y6pPfh.json -h /dev/null --verbose -i /home/mpiuser/FASTQ/WGS/DRR216653_1.fastq.gz -I /home/mpiuser/FASTQ/WGS/DRR216653_2.fastq.gz -o /dev/shm/fastp_bench_Xw6LOi_R1.fq.gz -O /dev/shm/fastp_bench_Dc0Yep_R2.fq.gz 
fastp v1.3.3-d0bromir, time used: 533 seconds
================================================================

================================================================
 Application  : d0bromir_gpu (/home/mpiuser/bioauto_rev/fastp_d0bromir/fastp)
 Dataset      : WGS PE 40G (DRR216653 R1+R2)
 Files        : R1=/home/mpiuser/FASTQ/WGS/DRR216653_1.fastq.gz
               R2=/home/mpiuser/FASTQ/WGS/DRR216653_2.fastq.gz
 Type         : PE
 Threads      : 8
 Wall time    : 469.232 s
 reads_in     : 722563222
 reads_out    : 717214748
 vs_opengene  : -32.3%
--- Resource usage ---
 CPU avg/peak : 1646.4% / 2148.5%
 RSS peak     : 2943 MiB
 GPU util a/p : 13.7% / 16.0%
 GPU mem peak : 1360 MiB
 Sample CSV   : /home/mpiuser/bioauto_rev/fastp_d0bromir/benchmark_results/20261003_224550/resources/resource_WGS_PE_40G_d0bromir_gpu_T8_1791071322.csv
--- Profiling output ---
[23:48:42] fastp 1.3.3-d0bromir starting 
[23:48:42] [GPU] CUDA GPU available (Device 0) - statistics GPU-accelerated (slots=8) 
[23:48:42] [fastp 1.3.3-d0bromir] Stage: loading 
[23:48:42] start to load data of read1 
[23:48:42] start to load data of read2 
[23:48:42] [GPU] CUDA GPU available (Device 1) - statistics GPU-accelerated (slots=8) 
[23:48:43] [GPU] Dual-GPU mode: Device 0 + Device 1 active 
[23:48:43] Read1: loaded 1M reads 
[23:48:43] Read2: loaded 1M reads 
[23:48:45] Read2: loaded 2M reads 
[23:48:45] Read1: loaded 2M reads 
[23:48:46] Read1: loaded 3M reads 
[23:48:46] Read2: loaded 3M reads 
[23:48:47] Read1: loaded 4M reads 
[23:48:47] Read2: loaded 4M reads 
[23:48:48] Read2: loaded 5M reads 
[23:48:48] Read1: loaded 5M reads 
[23:48:50] Read2: loaded 6M reads 
[23:48:50] Read1: loaded 6M reads 
[23:48:51] Read1: loaded 7M reads 
[23:48:51] Read2: loaded 7M reads 
[23:48:52] Read1: loaded 8M reads 
[23:48:52] Read2: loaded 8M reads 
[23:48:54] Read1: loaded 9M reads 
[23:48:54] Read2: loaded 9M reads 
[23:48:55] Read2: loaded 10M reads 
[23:48:55] Read1: loaded 10M reads 
[23:48:56] Read2: loaded 11M reads 
[23:48:56] Read1: loaded 11M reads 
[23:48:58] Read1: loaded 12M reads 
[23:48:58] Read2: loaded 12M reads 
[23:48:59] Read2: loaded 13M reads 
[23:48:59] Read1: loaded 13M reads 
[23:49:00] Read1: loaded 14M reads 
[23:49:00] Read2: loaded 14M reads 
[23:49:02] Read2: loaded 15M reads 
[23:49:02] Read1: loaded 15M reads 
[23:49:03] Read1: loaded 16M reads 
[23:49:03] Read2: loaded 16M reads 
[23:49:04] Read2: loaded 17M reads 
[23:49:04] Read1: loaded 17M reads 
[23:49:05] Read1: loaded 18M reads 
[23:49:05] Read2: loaded 18M reads 
[23:49:07] Read2: loaded 19M reads 
[23:49:07] Read1: loaded 19M reads 
[23:49:08] Read1: loaded 20M reads 
[23:49:08] Read2: loaded 20M reads 
[23:49:09] Read1: loaded 21M reads 
[23:49:09] Read2: loaded 21M reads 
[23:49:11] Read1: loaded 22M reads 
[23:49:11] Read2: loaded 22M reads 
[23:49:12] Read1: loaded 23M reads 
[23:49:12] Read2: loaded 23M reads 
[23:49:13] Read1: loaded 24M reads 
[23:49:13] Read2: loaded 24M reads 
[23:49:15] Read1: loaded 25M reads 
[23:49:15] Read2: loaded 25M reads 
[23:49:16] Read2: loaded 26M reads 
[23:49:16] Read1: loaded 26M reads 
[23:49:17] Read1: loaded 27M reads 
[23:49:17] Read2: loaded 27M reads 
[23:49:18] Read2: loaded 28M reads 
[23:49:18] Read1: loaded 28M reads 
[23:49:20] Read2: loaded 29M reads 
[23:49:20] Read1: loaded 29M reads 
[23:49:21] Read1: loaded 30M reads 
[23:49:21] Read2: loaded 30M reads 
[23:49:22] Read2: loaded 31M reads 
[23:49:22] Read1: loaded 31M reads 
[23:49:24] Read2: loaded 32M reads 
[23:49:24] Read1: loaded 32M reads 
[23:49:25] Read1: loaded 33M reads 
[23:49:25] Read2: loaded 33M reads 
[23:49:26] Read2: loaded 34M reads 
[23:49:26] Read1: loaded 34M reads 
[23:49:28] Read1: loaded 35M reads 
[23:49:28] Read2: loaded 35M reads 
[23:49:29] Read1: loaded 36M reads 
[23:49:29] Read2: loaded 36M reads 
[23:49:30] Read2: loaded 37M reads 
[23:49:30] Read1: loaded 37M reads 
[23:49:31] Read1: loaded 38M reads 
[23:49:31] Read2: loaded 38M reads 
[23:49:33] Read2: loaded 39M reads 
[23:49:33] Read1: loaded 39M reads 
[23:49:34] Read1: loaded 40M reads 
[23:49:34] Read2: loaded 40M reads 
[23:49:35] Read2: loaded 41M reads 
[23:49:35] Read1: loaded 41M reads 
[23:49:37] Read2: loaded 42M reads 
[23:49:37] Read1: loaded 42M reads 
[23:49:38] Read2: loaded 43M reads 
[23:49:38] Read1: loaded 43M reads 
[23:49:39] Read2: loaded 44M reads 
[23:49:39] Read1: loaded 44M reads 
[23:49:41] Read1: loaded 45M reads 
[23:49:41] Read2: loaded 45M reads 
[23:49:42] Read1: loaded 46M reads 
[23:49:42] Read2: loaded 46M reads 
[23:49:43] Read2: loaded 47M reads 
[23:49:43] Read1: loaded 47M reads 
[23:49:45] Read2: loaded 48M reads 
[23:49:45] Read1: loaded 48M reads 
[23:49:46] Read1: loaded 49M reads 
[23:49:46] Read2: loaded 49M reads 
[23:49:47] Read2: loaded 50M reads 
[23:49:47] Read1: loaded 50M reads 
[23:49:48] Read2: loaded 51M reads 
[23:49:48] Read1: loaded 51M reads 
[23:49:50] Read1: loaded 52M reads 
[23:49:50] Read2: loaded 52M reads 
[23:49:51] Read2: loaded 53M reads 
[23:49:51] Read1: loaded 53M reads 
[23:49:52] Read1: loaded 54M reads 
[23:49:52] Read2: loaded 54M reads 
[23:49:54] Read1: loaded 55M reads 
[23:49:54] Read2: loaded 55M reads 
[23:49:55] Read2: loaded 56M reads 
[23:49:55] Read1: loaded 56M reads 
[23:49:56] Read1: loaded 57M reads 
[23:49:56] Read2: loaded 57M reads 
[23:49:58] Read2: loaded 58M reads 
[23:49:58] Read1: loaded 58M reads 
[23:49:59] Read2: loaded 59M reads 
[23:49:59] Read1: loaded 59M reads 
[23:50:00] Read1: loaded 60M reads 
[23:50:00] Read2: loaded 60M reads 
[23:50:01] Read2: loaded 61M reads 
[23:50:01] Read1: loaded 61M reads 
[23:50:03] Read1: loaded 62M reads 
[23:50:03] Read2: loaded 62M reads 
[23:50:04] Read1: loaded 63M reads 
[23:50:04] Read2: loaded 63M reads 
[23:50:05] Read1: loaded 64M reads 
[23:50:05] Read2: loaded 64M reads 
[23:50:07] Read1: loaded 65M reads 
[23:50:07] Read2: loaded 65M reads 
[23:50:08] Read2: loaded 66M reads 
[23:50:08] Read1: loaded 66M reads 
[23:50:09] Read2: loaded 67M reads 
[23:50:09] Read1: loaded 67M reads 
[23:50:11] Read2: loaded 68M reads 
[23:50:11] Read1: loaded 68M reads 
[23:50:12] Read2: loaded 69M reads 
[23:50:12] Read1: loaded 69M reads 
[23:50:13] Read2: loaded 70M reads 
[23:50:13] Read1: loaded 70M reads 
[23:50:14] Read1: loaded 71M reads 
[23:50:14] Read2: loaded 71M reads 
[23:50:16] Read2: loaded 72M reads 
[23:50:16] Read1: loaded 72M reads 
[23:50:17] Read2: loaded 73M reads 
[23:50:17] Read1: loaded 73M reads 
[23:50:18] Read1: loaded 74M reads 
[23:50:18] Read2: loaded 74M reads 
[23:50:20] Read2: loaded 75M reads 
[23:50:20] Read1: loaded 75M reads 
[23:50:21] Read1: loaded 76M reads 
[23:50:21] Read2: loaded 76M reads 
[23:50:22] Read1: loaded 77M reads 
[23:50:22] Read2: loaded 77M reads 
[23:50:24] Read2: loaded 78M reads 
[23:50:24] Read1: loaded 78M reads 
[23:50:25] Read2: loaded 79M reads 
[23:50:25] Read1: loaded 79M reads 
[23:50:26] Read1: loaded 80M reads 
[23:50:26] Read2: loaded 80M reads 
[23:50:27] Read1: loaded 81M reads 
[23:50:27] Read2: loaded 81M reads 
[23:50:29] Read1: loaded 82M reads 
[23:50:29] Read2: loaded 82M reads 
[23:50:30] Read1: loaded 83M reads 
[23:50:30] Read2: loaded 83M reads 
[23:50:31] Read2: loaded 84M reads 
[23:50:31] Read1: loaded 84M reads 
[23:50:33] Read1: loaded 85M reads 
[23:50:33] Read2: loaded 85M reads 
[23:50:34] Read1: loaded 86M reads 
[23:50:34] Read2: loaded 86M reads 
[23:50:35] Read1: loaded 87M reads 
[23:50:35] Read2: loaded 87M reads 
[23:50:37] Read2: loaded 88M reads 
[23:50:37] Read1: loaded 88M reads 
[23:50:38] Read2: loaded 89M reads 
[23:50:38] Read1: loaded 89M reads 
[23:50:39] Read2: loaded 90M reads 
[23:50:39] Read1: loaded 90M reads 
[23:50:41] Read1: loaded 91M reads 
[23:50:41] Read2: loaded 91M reads 
[23:50:42] Read2: loaded 92M reads 
[23:50:42] Read1: loaded 92M reads 
[23:50:43] Read2: loaded 93M reads 
[23:50:43] Read1: loaded 93M reads 
[23:50:44] Read2: loaded 94M reads 
[23:50:44] Read1: loaded 94M reads 
[23:50:46] Read1: loaded 95M reads 
[23:50:46] Read2: loaded 95M reads 
[23:50:47] Read1: loaded 96M reads 
[23:50:47] Read2: loaded 96M reads 
[23:50:48] Read1: loaded 97M reads 
[23:50:48] Read2: loaded 97M reads 
[23:50:50] Read2: loaded 98M reads 
[23:50:50] Read1: loaded 98M reads 
[23:50:51] Read2: loaded 99M reads 
[23:50:51] Read1: loaded 99M reads 
[23:50:52] Read2: loaded 100M reads 
[23:50:52] Read1: loaded 100M reads 
[23:50:54] Read2: loaded 101M reads 
[23:50:54] Read1: loaded 101M reads 
[23:50:55] Read1: loaded 102M reads 
[23:50:55] Read2: loaded 102M reads 
[23:50:56] Read1: loaded 103M reads 
[23:50:56] Read2: loaded 103M reads 
[23:50:57] Read1: loaded 104M reads 
[23:50:57] Read2: loaded 104M reads 
[23:50:59] Read1: loaded 105M reads 
[23:50:59] Read2: loaded 105M reads 
[23:51:00] Read1: loaded 106M reads 
[23:51:00] Read2: loaded 106M reads 
[23:51:01] Read1: loaded 107M reads 
[23:51:01] Read2: loaded 107M reads 
[23:51:03] Read1: loaded 108M reads 
[23:51:03] Read2: loaded 108M reads 
[23:51:04] Read2: loaded 109M reads 
[23:51:04] Read1: loaded 109M reads 
[23:51:05] Read1: loaded 110M reads 
[23:51:05] Read2: loaded 110M reads 
[23:51:07] Read2: loaded 111M reads 
[23:51:07] Read1: loaded 111M reads 
[23:51:08] Read1: loaded 112M reads 
[23:51:08] Read2: loaded 112M reads 
[23:51:09] Read1: loaded 113M reads 
[23:51:09] Read2: loaded 113M reads 
[23:51:10] Read1: loaded 114M reads 
[23:51:10] Read2: loaded 114M reads 
[23:51:12] Read2: loaded 115M reads 
[23:51:12] Read1: loaded 115M reads 
[23:51:13] Read1: loaded 116M reads 
[23:51:13] Read2: loaded 116M reads 
[23:51:14] Read2: loaded 117M reads 
[23:51:14] Read1: loaded 117M reads 
[23:51:16] Read1: loaded 118M reads 
[23:51:16] Read2: loaded 118M reads 
[23:51:17] Read2: loaded 119M reads 
[23:51:17] Read1: loaded 119M reads 
[23:51:18] Read2: loaded 120M reads 
[23:51:18] Read1: loaded 120M reads 
[23:51:20] Read2: loaded 121M reads 
[23:51:20] Read1: loaded 121M reads 
[23:51:21] Read2: loaded 122M reads 
[23:51:21] Read1: loaded 122M reads 
[23:51:22] Read1: loaded 123M reads 
[23:51:22] Read2: loaded 123M reads 
[23:51:24] Read2: loaded 124M reads 
[23:51:24] Read1: loaded 124M reads 
[23:51:25] Read1: loaded 125M reads 
[23:51:25] Read2: loaded 125M reads 
[23:51:26] Read2: loaded 126M reads 
[23:51:26] Read1: loaded 126M reads 
[23:51:27] Read2: loaded 127M reads 
[23:51:27] Read1: loaded 127M reads 
[23:51:29] Read1: loaded 128M reads 
[23:51:29] Read2: loaded 128M reads 
[23:51:30] Read2: loaded 129M reads 
[23:51:30] Read1: loaded 129M reads 
[23:51:31] Read2: loaded 130M reads 
[23:51:31] Read1: loaded 130M reads 
[23:51:32] Read1: loaded 131M reads 
[23:51:32] Read2: loaded 131M reads 
[23:51:34] Read1: loaded 132M reads 
[23:51:34] Read2: loaded 132M reads 
[23:51:35] Read1: loaded 133M reads 
[23:51:35] Read2: loaded 133M reads 
[23:51:36] Read1: loaded 134M reads 
[23:51:36] Read2: loaded 134M reads 
[23:51:38] Read2: loaded 135M reads 
[23:51:38] Read1: loaded 135M reads 
[23:51:39] Read1: loaded 136M reads 
[23:51:39] Read2: loaded 136M reads 
[23:51:40] Read2: loaded 137M reads 
[23:51:40] Read1: loaded 137M reads 
[23:51:41] Read1: loaded 138M reads 
[23:51:41] Read2: loaded 138M reads 
[23:51:43] Read2: loaded 139M reads 
[23:51:43] Read1: loaded 139M reads 
[23:51:44] Read1: loaded 140M reads 
[23:51:44] Read2: loaded 140M reads 
[23:51:45] Read2: loaded 141M reads 
[23:51:45] Read1: loaded 141M reads 
[23:51:47] Read1: loaded 142M reads 
[23:51:47] Read2: loaded 142M reads 
[23:51:48] Read1: loaded 143M reads 
[23:51:48] Read2: loaded 143M reads 
[23:51:49] Read2: loaded 144M reads 
[23:51:49] Read1: loaded 144M reads 
[23:51:50] Read1: loaded 145M reads 
[23:51:50] Read2: loaded 145M reads 
[23:51:52] Read1: loaded 146M reads 
[23:51:52] Read2: loaded 146M reads 
[23:51:53] Read2: loaded 147M reads 
[23:51:53] Read1: loaded 147M reads 
[23:51:54] Read1: loaded 148M reads 
[23:51:54] Read2: loaded 148M reads 
[23:51:55] Read2: loaded 149M reads 
[23:51:55] Read1: loaded 149M reads 
[23:51:57] Read1: loaded 150M reads 
[23:51:57] Read2: loaded 150M reads 
[23:51:58] Read2: loaded 151M reads 
[23:51:58] Read1: loaded 151M reads 
[23:51:59] Read1: loaded 152M reads 
[23:51:59] Read2: loaded 152M reads 
[23:52:01] Read1: loaded 153M reads 
[23:52:01] Read2: loaded 153M reads 
[23:52:02] Read1: loaded 154M reads 
[23:52:02] Read2: loaded 154M reads 
[23:52:03] Read2: loaded 155M reads 
[23:52:03] Read1: loaded 155M reads 
[23:52:04] Read1: loaded 156M reads 
[23:52:04] Read2: loaded 156M reads 
[23:52:06] Read1: loaded 157M reads 
[23:52:06] Read2: loaded 157M reads 
[23:52:07] Read1: loaded 158M reads 
[23:52:07] Read2: loaded 158M reads 
[23:52:08] Read1: loaded 159M reads 
[23:52:08] Read2: loaded 159M reads 
[23:52:10] Read2: loaded 160M reads 
[23:52:10] Read1: loaded 160M reads 
[23:52:11] Read1: loaded 161M reads 
[23:52:11] Read2: loaded 161M reads 
[23:52:12] Read1: loaded 162M reads 
[23:52:12] Read2: loaded 162M reads 
[23:52:13] Read1: loaded 163M reads 
[23:52:13] Read2: loaded 163M reads 
[23:52:15] Read2: loaded 164M reads 
[23:52:15] Read1: loaded 164M reads 
[23:52:16] Read2: loaded 165M reads 
[23:52:16] Read1: loaded 165M reads 
[23:52:17] Read2: loaded 166M reads 
[23:52:17] Read1: loaded 166M reads 
[23:52:19] Read2: loaded 167M reads 
[23:52:19] Read1: loaded 167M reads 
[23:52:20] Read1: loaded 168M reads 
[23:52:20] Read2: loaded 168M reads 
[23:52:21] Read2: loaded 169M reads 
[23:52:21] Read1: loaded 169M reads 
[23:52:22] Read2: loaded 170M reads 
[23:52:22] Read1: loaded 170M reads 
[23:52:24] Read1: loaded 171M reads 
[23:52:24] Read2: loaded 171M reads 
[23:52:25] Read1: loaded 172M reads 
[23:52:25] Read2: loaded 172M reads 
[23:52:26] Read1: loaded 173M reads 
[23:52:26] Read2: loaded 173M reads 
[23:52:28] Read2: loaded 174M reads 
[23:52:28] Read1: loaded 174M reads 
[23:52:29] Read2: loaded 175M reads 
[23:52:29] Read1: loaded 175M reads 
[23:52:30] Read2: loaded 176M reads 
[23:52:30] Read1: loaded 176M reads 
[23:52:31] Read1: loaded 177M reads 
[23:52:31] Read2: loaded 177M reads 
[23:52:33] Read1: loaded 178M reads 
[23:52:33] Read2: loaded 178M reads 
[23:52:34] Read2: loaded 179M reads 
[23:52:34] Read1: loaded 179M reads 
[23:52:35] Read1: loaded 180M reads 
[23:52:35] Read2: loaded 180M reads 
[23:52:36] Read1: loaded 181M reads 
[23:52:36] Read2: loaded 181M reads 
[23:52:38] Read1: loaded 182M reads 
[23:52:38] Read2: loaded 182M reads 
[23:52:39] Read1: loaded 183M reads 
[23:52:39] Read2: loaded 183M reads 
[23:52:40] Read2: loaded 184M reads 
[23:52:40] Read1: loaded 184M reads 
[23:52:42] Read1: loaded 185M reads 
[23:52:42] Read2: loaded 185M reads 
[23:52:43] Read2: loaded 186M reads 
[23:52:43] Read1: loaded 186M reads 
[23:52:44] Read1: loaded 187M reads 
[23:52:44] Read2: loaded 187M reads 
[23:52:45] Read2: loaded 188M reads 
[23:52:45] Read1: loaded 188M reads 
[23:52:47] Read1: loaded 189M reads 
[23:52:47] Read2: loaded 189M reads 
[23:52:48] Read2: loaded 190M reads 
[23:52:48] Read1: loaded 190M reads 
[23:52:49] Read1: loaded 191M reads 
[23:52:49] Read2: loaded 191M reads 
[23:52:51] Read2: loaded 192M reads 
[23:52:51] Read1: loaded 192M reads 
[23:52:52] Read1: loaded 193M reads 
[23:52:52] Read2: loaded 193M reads 
[23:52:53] Read2: loaded 194M reads 
[23:52:53] Read1: loaded 194M reads 
[23:52:54] Read2: loaded 195M reads 
[23:52:54] Read1: loaded 195M reads 
[23:52:56] Read2: loaded 196M reads 
[23:52:56] Read1: loaded 196M reads 
[23:52:57] Read1: loaded 197M reads 
[23:52:57] Read2: loaded 197M reads 
[23:52:58] Read1: loaded 198M reads 
[23:52:58] Read2: loaded 198M reads 
[23:53:00] Read2: loaded 199M reads 
[23:53:00] Read1: loaded 199M reads 
[23:53:01] Read2: loaded 200M reads 
[23:53:01] Read1: loaded 200M reads 
[23:53:02] Read1: loaded 201M reads 
[23:53:02] Read2: loaded 201M reads 
[23:53:03] Read1: loaded 202M reads 
[23:53:03] Read2: loaded 202M reads 
[23:53:05] Read2: loaded 203M reads 
[23:53:05] Read1: loaded 203M reads 
[23:53:06] Read2: loaded 204M reads 
[23:53:06] Read1: loaded 204M reads 
[23:53:07] Read1: loaded 205M reads 
[23:53:07] Read2: loaded 205M reads 
[23:53:09] Read1: loaded 206M reads 
[23:53:09] Read2: loaded 206M reads 
[23:53:10] Read1: loaded 207M reads 
[23:53:10] Read2: loaded 207M reads 
[23:53:11] Read1: loaded 208M reads 
[23:53:11] Read2: loaded 208M reads 
[23:53:12] Read1: loaded 209M reads 
[23:53:12] Read2: loaded 209M reads 
[23:53:14] Read2: loaded 210M reads 
[23:53:14] Read1: loaded 210M reads 
[23:53:15] Read1: loaded 211M reads 
[23:53:15] Read2: loaded 211M reads 
[23:53:16] Read1: loaded 212M reads 
[23:53:16] Read2: loaded 212M reads 
[23:53:17] Read1: loaded 213M reads 
[23:53:17] Read2: loaded 213M reads 
[23:53:19] Read2: loaded 214M reads 
[23:53:19] Read1: loaded 214M reads 
[23:53:20] Read2: loaded 215M reads 
[23:53:20] Read1: loaded 215M reads 
[23:53:21] Read1: loaded 216M reads 
[23:53:21] Read2: loaded 216M reads 
[23:53:23] Read1: loaded 217M reads 
[23:53:23] Read2: loaded 217M reads 
[23:53:24] Read2: loaded 218M reads 
[23:53:24] Read1: loaded 218M reads 
[23:53:25] Read2: loaded 219M reads 
[23:53:25] Read1: loaded 219M reads 
[23:53:26] Read2: loaded 220M reads 
[23:53:26] Read1: loaded 220M reads 
[23:53:28] Read2: loaded 221M reads 
[23:53:28] Read1: loaded 221M reads 
[23:53:29] Read2: loaded 222M reads 
[23:53:29] Read1: loaded 222M reads 
[23:53:30] Read1: loaded 223M reads 
[23:53:30] Read2: loaded 223M reads 
[23:53:32] Read2: loaded 224M reads 
[23:53:32] Read1: loaded 224M reads 
[23:53:33] Read1: loaded 225M reads 
[23:53:33] Read2: loaded 225M reads 
[23:53:34] Read1: loaded 226M reads 
[23:53:34] Read2: loaded 226M reads 
[23:53:35] Read2: loaded 227M reads 
[23:53:35] Read1: loaded 227M reads 
[23:53:37] Read2: loaded 228M reads 
[23:53:37] Read1: loaded 228M reads 
[23:53:38] Read1: loaded 229M reads 
[23:53:38] Read2: loaded 229M reads 
[23:53:39] Read2: loaded 230M reads 
[23:53:39] Read1: loaded 230M reads 
[23:53:41] Read1: loaded 231M reads 
[23:53:41] Read2: loaded 231M reads 
[23:53:42] Read1: loaded 232M reads 
[23:53:42] Read2: loaded 232M reads 
[23:53:43] Read2: loaded 233M reads 
[23:53:43] Read1: loaded 233M reads 
[23:53:45] Read1: loaded 234M reads 
[23:53:45] Read2: loaded 234M reads 
[23:53:46] Read2: loaded 235M reads 
[23:53:46] Read1: loaded 235M reads 
[23:53:47] Read2: loaded 236M reads 
[23:53:47] Read1: loaded 236M reads 
[23:53:48] Read1: loaded 237M reads 
[23:53:48] Read2: loaded 237M reads 
[23:53:50] Read2: loaded 238M reads 
[23:53:50] Read1: loaded 238M reads 
[23:53:51] Read2: loaded 239M reads 
[23:53:51] Read1: loaded 239M reads 
[23:53:52] Read2: loaded 240M reads 
[23:53:52] Read1: loaded 240M reads 
[23:53:53] Read2: loaded 241M reads 
[23:53:53] Read1: loaded 241M reads 
[23:53:55] Read2: loaded 242M reads 
[23:53:55] Read1: loaded 242M reads 
[23:53:56] Read2: loaded 243M reads 
[23:53:56] Read1: loaded 243M reads 
[23:53:57] Read1: loaded 244M reads 
[23:53:57] Read2: loaded 244M reads 
[23:53:59] Read2: loaded 245M reads 
[23:53:59] Read1: loaded 245M reads 
[23:54:00] Read2: loaded 246M reads 
[23:54:00] Read1: loaded 246M reads 
[23:54:01] Read2: loaded 247M reads 
[23:54:01] Read1: loaded 247M reads 
[23:54:02] Read1: loaded 248M reads 
[23:54:02] Read2: loaded 248M reads 
[23:54:04] Read1: loaded 249M reads 
[23:54:04] Read2: loaded 249M reads 
[23:54:05] Read2: loaded 250M reads 
[23:54:05] Read1: loaded 250M reads 
[23:54:06] Read2: loaded 251M reads 
[23:54:06] Read1: loaded 251M reads 
[23:54:08] Read2: loaded 252M reads 
[23:54:08] Read1: loaded 252M reads 
[23:54:09] Read1: loaded 253M reads 
[23:54:09] Read2: loaded 253M reads 
[23:54:10] Read2: loaded 254M reads 
[23:54:10] Read1: loaded 254M reads 
[23:54:11] Read1: loaded 255M reads 
[23:54:11] Read2: loaded 255M reads 
[23:54:13] Read1: loaded 256M reads 
[23:54:13] Read2: loaded 256M reads 
[23:54:14] Read2: loaded 257M reads 
[23:54:14] Read1: loaded 257M reads 
[23:54:15] Read1: loaded 258M reads 
[23:54:15] Read2: loaded 258M reads 
[23:54:17] Read2: loaded 259M reads 
[23:54:17] Read1: loaded 259M reads 
[23:54:18] Read1: loaded 260M reads 
[23:54:18] Read2: loaded 260M reads 
[23:54:19] Read1: loaded 261M reads 
[23:54:19] Read2: loaded 261M reads 
[23:54:20] Read2: loaded 262M reads 
[23:54:20] Read1: loaded 262M reads 
[23:54:22] Read2: loaded 263M reads 
[23:54:22] Read1: loaded 263M reads 
[23:54:23] Read2: loaded 264M reads 
[23:54:23] Read1: loaded 264M reads 
[23:54:24] Read1: loaded 265M reads 
[23:54:24] Read2: loaded 265M reads 
[23:54:26] Read2: loaded 266M reads 
[23:54:26] Read1: loaded 266M reads 
[23:54:27] Read1: loaded 267M reads 
[23:54:27] Read2: loaded 267M reads 
[23:54:28] Read1: loaded 268M reads 
[23:54:28] Read2: loaded 268M reads 
[23:54:29] Read1: loaded 269M reads 
[23:54:29] Read2: loaded 269M reads 
[23:54:31] Read1: loaded 270M reads 
[23:54:31] Read2: loaded 270M reads 
[23:54:32] Read2: loaded 271M reads 
[23:54:32] Read1: loaded 271M reads 
[23:54:33] Read2: loaded 272M reads 
[23:54:33] Read1: loaded 272M reads 
[23:54:35] Read2: loaded 273M reads 
[23:54:35] Read1: loaded 273M reads 
[23:54:36] Read2: loaded 274M reads 
[23:54:36] Read1: loaded 274M reads 
[23:54:37] Read2: loaded 275M reads 
[23:54:37] Read1: loaded 275M reads 
[23:54:38] Read1: loaded 276M reads 
[23:54:38] Read2: loaded 276M reads 
[23:54:40] Read1: loaded 277M reads 
[23:54:40] Read2: loaded 277M reads 
[23:54:41] Read2: loaded 278M reads 
[23:54:41] Read1: loaded 278M reads 
[23:54:42] Read1: loaded 279M reads 
[23:54:42] Read2: loaded 279M reads 
[23:54:44] Read1: loaded 280M reads 
[23:54:44] Read2: loaded 280M reads 
[23:54:45] Read1: loaded 281M reads 
[23:54:45] Read2: loaded 281M reads 
[23:54:46] Read2: loaded 282M reads 
[23:54:46] Read1: loaded 282M reads 
[23:54:47] Read2: loaded 283M reads 
[23:54:47] Read1: loaded 283M reads 
[23:54:49] Read2: loaded 284M reads 
[23:54:49] Read1: loaded 284M reads 
[23:54:50] Read2: loaded 285M reads 
[23:54:50] Read1: loaded 285M reads 
[23:54:51] Read1: loaded 286M reads 
[23:54:51] Read2: loaded 286M reads 
[23:54:53] Read2: loaded 287M reads 
[23:54:53] Read1: loaded 287M reads 
[23:54:54] Read2: loaded 288M reads 
[23:54:54] Read1: loaded 288M reads 
[23:54:55] Read2: loaded 289M reads 
[23:54:55] Read1: loaded 289M reads 
[23:54:56] Read2: loaded 290M reads 
[23:54:56] Read1: loaded 290M reads 
[23:54:58] Read2: loaded 291M reads 
[23:54:58] Read1: loaded 291M reads 
[23:54:59] Read1: loaded 292M reads 
[23:54:59] Read2: loaded 292M reads 
[23:55:00] Read2: loaded 293M reads 
[23:55:00] Read1: loaded 293M reads 
[23:55:02] Read2: loaded 294M reads 
[23:55:02] Read1: loaded 294M reads 
[23:55:03] Read1: loaded 295M reads 
[23:55:03] Read2: loaded 295M reads 
[23:55:04] Read1: loaded 296M reads 
[23:55:04] Read2: loaded 296M reads 
[23:55:05] Read2: loaded 297M reads 
[23:55:05] Read1: loaded 297M reads 
[23:55:07] Read2: loaded 298M reads 
[23:55:07] Read1: loaded 298M reads 
[23:55:08] Read2: loaded 299M reads 
[23:55:08] Read1: loaded 299M reads 
[23:55:09] Read1: loaded 300M reads 
[23:55:09] Read2: loaded 300M reads 
[23:55:11] Read2: loaded 301M reads 
[23:55:11] Read1: loaded 301M reads 
[23:55:12] Read1: loaded 302M reads 
[23:55:12] Read2: loaded 302M reads 
[23:55:13] Read1: loaded 303M reads 
[23:55:13] Read2: loaded 303M reads 
[23:55:14] Read2: loaded 304M reads 
[23:55:14] Read1: loaded 304M reads 
[23:55:16] Read1: loaded 305M reads 
[23:55:16] Read2: loaded 305M reads 
[23:55:17] Read2: loaded 306M reads 
[23:55:17] Read1: loaded 306M reads 
[23:55:18] Read2: loaded 307M reads 
[23:55:18] Read1: loaded 307M reads 
[23:55:20] Read1: loaded 308M reads 
[23:55:20] Read2: loaded 308M reads 
[23:55:21] Read2: loaded 309M reads 
[23:55:21] Read1: loaded 309M reads 
[23:55:22] Read2: loaded 310M reads 
[23:55:22] Read1: loaded 310M reads 
[23:55:24] Read2: loaded 311M reads 
[23:55:24] Read1: loaded 311M reads 
[23:55:25] Read1: loaded 312M reads 
[23:55:25] Read2: loaded 312M reads 
[23:55:26] Read1: loaded 313M reads 
[23:55:26] Read2: loaded 313M reads 
[23:55:27] Read2: loaded 314M reads 
[23:55:27] Read1: loaded 314M reads 
[23:55:29] Read2: loaded 315M reads 
[23:55:29] Read1: loaded 315M reads 
[23:55:30] Read2: loaded 316M reads 
[23:55:30] Read1: loaded 316M reads 
[23:55:31] Read1: loaded 317M reads 
[23:55:31] Read2: loaded 317M reads 
[23:55:33] Read2: loaded 318M reads 
[23:55:33] Read1: loaded 318M reads 
[23:55:34] Read2: loaded 319M reads 
[23:55:34] Read1: loaded 319M reads 
[23:55:35] Read2: loaded 320M reads 
[23:55:35] Read1: loaded 320M reads 
[23:55:37] Read1: loaded 321M reads 
[23:55:37] Read2: loaded 321M reads 
[23:55:38] Read1: loaded 322M reads 
[23:55:38] Read2: loaded 322M reads 
[23:55:39] Read2: loaded 323M reads 
[23:55:39] Read1: loaded 323M reads 
[23:55:41] Read2: loaded 324M reads 
[23:55:41] Read1: loaded 324M reads 
[23:55:42] Read2: loaded 325M reads 
[23:55:42] Read1: loaded 325M reads 
[23:55:43] Read2: loaded 326M reads 
[23:55:43] Read1: loaded 326M reads 
[23:55:44] Read1: loaded 327M reads 
[23:55:44] Read2: loaded 327M reads 
[23:55:46] Read2: loaded 328M reads 
[23:55:46] Read1: loaded 328M reads 
[23:55:47] Read2: loaded 329M reads 
[23:55:47] Read1: loaded 329M reads 
[23:55:48] Read1: loaded 330M reads 
[23:55:48] Read2: loaded 330M reads 
[23:55:50] Read1: loaded 331M reads 
[23:55:50] Read2: loaded 331M reads 
[23:55:51] Read2: loaded 332M reads 
[23:55:51] Read1: loaded 332M reads 
[23:55:52] Read1: loaded 333M reads 
[23:55:52] Read2: loaded 333M reads 
[23:55:54] Read1: loaded 334M reads 
[23:55:54] Read2: loaded 334M reads 
[23:55:55] Read2: loaded 335M reads 
[23:55:55] Read1: loaded 335M reads 
[23:55:56] Read2: loaded 336M reads 
[23:55:56] Read1: loaded 336M reads 
[23:55:57] Read1: loaded 337M reads 
[23:55:57] Read2: loaded 337M reads 
[23:55:59] Read1: loaded 338M reads 
[23:55:59] Read2: loaded 338M reads 
[23:56:00] Read2: loaded 339M reads 
[23:56:00] Read1: loaded 339M reads 
[23:56:01] Read2: loaded 340M reads 
[23:56:01] Read1: loaded 340M reads 
[23:56:03] Read1: loaded 341M reads 
[23:56:03] Read2: loaded 341M reads 
[23:56:04] Read2: loaded 342M reads 
[23:56:04] Read1: loaded 342M reads 
[23:56:05] Read2: loaded 343M reads 
[23:56:05] Read1: loaded 343M reads 
[23:56:07] Read2: loaded 344M reads 
[23:56:07] Read1: loaded 344M reads 
[23:56:08] Read2: loaded 345M reads 
[23:56:08] Read1: loaded 345M reads 
[23:56:09] Read1: loaded 346M reads 
[23:56:09] Read2: loaded 346M reads 
[23:56:10] Read2: loaded 347M reads 
[23:56:10] Read1: loaded 347M reads 
[23:56:12] Read1: loaded 348M reads 
[23:56:12] Read2: loaded 348M reads 
[23:56:13] Read2: loaded 349M reads 
[23:56:13] Read1: loaded 349M reads 
[23:56:14] Read2: loaded 350M reads 
[23:56:14] Read1: loaded 350M reads 
[23:56:16] Read1: loaded 351M reads 
[23:56:16] Read2: loaded 351M reads 
[23:56:17] Read1: loaded 352M reads 
[23:56:17] Read2: loaded 352M reads 
[23:56:18] Read1: loaded 353M reads 
[23:56:18] Read2: loaded 353M reads 
[23:56:20] Read1: loaded 354M reads 
[23:56:20] Read2: loaded 354M reads 
[23:56:21] Read2: loaded 355M reads 
[23:56:21] Read1: loaded 355M reads 
[23:56:22] Read2: loaded 356M reads 
[23:56:22] Read1: loaded 356M reads 
[23:56:24] Read1: loaded 357M reads 
[23:56:24] Read2: loaded 357M reads 
[23:56:25] Read2: loaded 358M reads 
[23:56:25] Read1: loaded 358M reads 
[23:56:26] Read1: loaded 359M reads 
[23:56:26] Read2: loaded 359M reads 
[23:56:27] Read1: loaded 360M reads 
[23:56:27] Read2: loaded 360M reads 
[23:56:29] Read2: loaded 361M reads 
[23:56:29] Read1: loaded 361M reads 
[23:56:29] Read1: loading completed with 44102 packs 
[23:56:29] Read2: loading completed with 44102 packs 
[23:56:29] [fastp 1.3.3-d0bromir] Stage: loading (466747 ms) 
[23:56:29] [fastp 1.3.3-d0bromir] Stage: filtering 
[23:56:30] thread 6 data processing completed 
[23:56:30] thread 6 finished 
[23:56:30] thread 3 data processing completed 
[23:56:30] thread 3 finished 
[23:56:30] thread 2 data processing completed 
[23:56:30] thread 2 finished 
[23:56:30] thread 5 data processing completed 
[23:56:30] thread 5 finished 
[23:56:30] thread 7 data processing completed 
[23:56:30] thread 7 finished 
[23:56:30] thread 1 data processing completed 
[23:56:30] thread 1 finished 
[23:56:30] thread 8 data processing completed 
[23:56:30] thread 8 finished 
[23:56:30] thread 4 data processing completed 
[23:56:30] thread 4 finished 
[23:56:30] [fastp 1.3.3-d0bromir] Stage: filtering (680 ms) 
[23:56:30] [fastp 1.3.3-d0bromir] Stage: writing 
[23:56:30] /dev/shm/fastp_bench_m0Nybq_R1.fq.gz writer finished 
[23:56:30] /dev/shm/fastp_bench_jYMRZl_R2.fq.gz writer finished 
[23:56:30] [fastp 1.3.3-d0bromir] Stage: writing (25 ms) 
[23:56:30] [GPU] Device 0: batches=44102 reads=361281611 
[23:56:30] [GPU] Device 1: batches=44102 reads=361281611 
[23:56:30] start to generate reports
 
Read1 before filtering:
total reads: 361281611
total bases: 54192241650
Q20 bases: 54123398100(99.873%)
Q30 bases: 54123398100(99.873%)
Q40 bases: 0(0%)

Read2 before filtering:
total reads: 361281611
total bases: 54192241650
Q20 bases: 53855170050(99.378%)
Q30 bases: 53855170050(99.378%)
Q40 bases: 0(0%)

Read1 after filtering:
total reads: 358607374
total bases: 53574361382
Q20 bases: 53574361382(100%)
Q30 bases: 53574361382(100%)
Q40 bases: 0(0%)

Read2 after filtering:
total reads: 358607374
total bases: 53574361382
Q20 bases: 53574361382(100%)
Q30 bases: 53574361382(100%)
Q40 bases: 0(0%)

Filtering result:
reads passed filter: 717214748
reads failed due to low quality: 5328396
reads failed due to too many N: 20078
reads failed due to too short: 0
reads failed due to adapter dimer: 0
reads with adapter trimmed: 9627740
bases trimmed due to adapters: 442711160

Duplication rate: 5.60214%

Insert size peak (evaluated by paired-end reads): 269

JSON report: /dev/shm/fastp_bench_f1tU10.json
HTML report: /dev/null

/home/mpiuser/bioauto_rev/fastp_d0bromir/fastp -w 8 -j /dev/shm/fastp_bench_f1tU10.json -h /dev/null --verbose -i /home/mpiuser/FASTQ/WGS/DRR216653_1.fastq.gz -I /home/mpiuser/FASTQ/WGS/DRR216653_2.fastq.gz -o /dev/shm/fastp_bench_m0Nybq_R1.fq.gz -O /dev/shm/fastp_bench_jYMRZl_R2.fq.gz 
fastp v1.3.3-d0bromir, time used: 469 seconds
================================================================
