=== Full Benchmark Log: Sun Oct  4 10:21:14 AM UTC 2026 ===


================================================================
 Application  : opengene (/home/mpiuser/bioauto_rev/fastp_d0bromir/../fastp_opengene/fastp)
 Dataset      : WGS PE 18.2G (ERR1044319 R1+R2)
 Files        : R1=/home/mpiuser/FASTQ/WGS/ERR1044319_1.fastq.gz
               R2=/home/mpiuser/FASTQ/WGS/ERR1044319_2.fastq.gz
 Type         : PE
 Threads      : 32
 Wall time    : 274.108 s
 reads_in     : 234238034
 reads_out    : 217840930
 vs_opengene  : baseline
--- Resource usage ---
 CPU avg/peak : 1932.0% / 2137.3%
 RSS peak     : 1651 MiB
 GPU util a/p : 0.0% / 0.0%
 GPU mem peak : 0 MiB
 Sample CSV   : /home/mpiuser/bioauto_rev/fastp_d0bromir/benchmark_results/20261004_102114/resources/resource_WGS_PE_18.2G_opengene_T32_1791109274.csv
--- Profiling output ---
[10:21:15] start to load data of read1 
[10:21:15] start to load data of read2 
[10:21:15] /dev/shm/fastp_bench_AiQohd_R2.fq.gz writer finished 
[10:21:15] /dev/shm/fastp_bench_aSEqQr_R1.fq.gz writer finished 
[10:21:18] Read1: loaded 1M reads 
[10:21:18] Read2: loaded 1M reads 
[10:21:20] Read1: loaded 2M reads 
[10:21:20] Read2: loaded 2M reads 
[10:21:22] Read1: loaded 3M reads 
[10:21:22] Read2: loaded 3M reads 
[10:21:24] Read2: loaded 4M reads 
[10:21:24] Read1: loaded 4M reads 
[10:21:26] Read2: loaded 5M reads 
[10:21:26] Read1: loaded 5M reads 
[10:21:29] Read1: loaded 6M reads 
[10:21:29] Read2: loaded 6M reads 
[10:21:31] Read1: loaded 7M reads 
[10:21:31] Read2: loaded 7M reads 
[10:21:33] Read2: loaded 8M reads 
[10:21:33] Read1: loaded 8M reads 
[10:21:36] Read2: loaded 9M reads 
[10:21:36] Read1: loaded 9M reads 
[10:21:38] Read2: loaded 10M reads 
[10:21:38] Read1: loaded 10M reads 
[10:21:40] Read2: loaded 11M reads 
[10:21:40] Read1: loaded 11M reads 
[10:21:43] Read1: loaded 12M reads 
[10:21:43] Read2: loaded 12M reads 
[10:21:45] Read2: loaded 13M reads 
[10:21:45] Read1: loaded 13M reads 
[10:21:47] Read1: loaded 14M reads 
[10:21:47] Read2: loaded 14M reads 
[10:21:50] Read1: loaded 15M reads 
[10:21:50] Read2: loaded 15M reads 
[10:21:52] Read2: loaded 16M reads 
[10:21:52] Read1: loaded 16M reads 
[10:21:54] Read2: loaded 17M reads 
[10:21:54] Read1: loaded 17M reads 
[10:21:56] Read1: loaded 18M reads 
[10:21:56] Read2: loaded 18M reads 
[10:21:59] Read2: loaded 19M reads 
[10:21:59] Read1: loaded 19M reads 
[10:22:01] Read2: loaded 20M reads 
[10:22:01] Read1: loaded 20M reads 
[10:22:03] Read2: loaded 21M reads 
[10:22:03] Read1: loaded 21M reads 
[10:22:05] Read2: loaded 22M reads 
[10:22:06] Read1: loaded 22M reads 
[10:22:08] Read1: loaded 23M reads 
[10:22:08] Read2: loaded 23M reads 
[10:22:10] Read1: loaded 24M reads 
[10:22:10] Read2: loaded 24M reads 
[10:22:12] Read1: loaded 25M reads 
[10:22:12] Read2: loaded 25M reads 
[10:22:15] Read2: loaded 26M reads 
[10:22:15] Read1: loaded 26M reads 
[10:22:17] Read1: loaded 27M reads 
[10:22:17] Read2: loaded 27M reads 
[10:22:19] Read2: loaded 28M reads 
[10:22:19] Read1: loaded 28M reads 
[10:22:22] Read1: loaded 29M reads 
[10:22:22] Read2: loaded 29M reads 
[10:22:24] Read2: loaded 30M reads 
[10:22:24] Read1: loaded 30M reads 
[10:22:26] Read2: loaded 31M reads 
[10:22:26] Read1: loaded 31M reads 
[10:22:28] Read1: loaded 32M reads 
[10:22:28] Read2: loaded 32M reads 
[10:22:30] Read2: loaded 33M reads 
[10:22:30] Read1: loaded 33M reads 
[10:22:33] Read2: loaded 34M reads 
[10:22:33] Read1: loaded 34M reads 
[10:22:35] Read1: loaded 35M reads 
[10:22:35] Read2: loaded 35M reads 
[10:22:38] Read1: loaded 36M reads 
[10:22:38] Read2: loaded 36M reads 
[10:22:40] Read2: loaded 37M reads 
[10:22:40] Read1: loaded 37M reads 
[10:22:42] Read2: loaded 38M reads 
[10:22:42] Read1: loaded 38M reads 
[10:22:44] Read1: loaded 39M reads 
[10:22:44] Read2: loaded 39M reads 
[10:22:46] Read2: loaded 40M reads 
[10:22:46] Read1: loaded 40M reads 
[10:22:49] Read2: loaded 41M reads 
[10:22:49] Read1: loaded 41M reads 
[10:22:51] Read1: loaded 42M reads 
[10:22:51] Read2: loaded 42M reads 
[10:22:53] Read2: loaded 43M reads 
[10:22:53] Read1: loaded 43M reads 
[10:22:55] Read2: loaded 44M reads 
[10:22:55] Read1: loaded 44M reads 
[10:22:58] Read2: loaded 45M reads 
[10:22:58] Read1: loaded 45M reads 
[10:23:00] Read1: loaded 46M reads 
[10:23:00] Read2: loaded 46M reads 
[10:23:02] Read2: loaded 47M reads 
[10:23:02] Read1: loaded 47M reads 
[10:23:04] Read2: loaded 48M reads 
[10:23:04] Read1: loaded 48M reads 
[10:23:07] Read2: loaded 49M reads 
[10:23:07] Read1: loaded 49M reads 
[10:23:09] Read2: loaded 50M reads 
[10:23:09] Read1: loaded 50M reads 
[10:23:11] Read2: loaded 51M reads 
[10:23:11] Read1: loaded 51M reads 
[10:23:13] Read2: loaded 52M reads 
[10:23:14] Read1: loaded 52M reads 
[10:23:16] Read2: loaded 53M reads 
[10:23:16] Read1: loaded 53M reads 
[10:23:18] Read2: loaded 54M reads 
[10:23:18] Read1: loaded 54M reads 
[10:23:20] Read2: loaded 55M reads 
[10:23:20] Read1: loaded 55M reads 
[10:23:23] Read1: loaded 56M reads 
[10:23:23] Read2: loaded 56M reads 
[10:23:25] Read1: loaded 57M reads 
[10:23:25] Read2: loaded 57M reads 
[10:23:28] Read1: loaded 58M reads 
[10:23:28] Read2: loaded 58M reads 
[10:23:30] Read2: loaded 59M reads 
[10:23:30] Read1: loaded 59M reads 
[10:23:32] Read2: loaded 60M reads 
[10:23:32] Read1: loaded 60M reads 
[10:23:35] Read1: loaded 61M reads 
[10:23:35] Read2: loaded 61M reads 
[10:23:37] Read1: loaded 62M reads 
[10:23:37] Read2: loaded 62M reads 
[10:23:39] Read2: loaded 63M reads 
[10:23:39] Read1: loaded 63M reads 
[10:23:42] Read2: loaded 64M reads 
[10:23:42] Read1: loaded 64M reads 
[10:23:44] Read2: loaded 65M reads 
[10:23:44] Read1: loaded 65M reads 
[10:23:46] Read2: loaded 66M reads 
[10:23:46] Read1: loaded 66M reads 
[10:23:49] Read2: loaded 67M reads 
[10:23:49] Read1: loaded 67M reads 
[10:23:51] Read1: loaded 68M reads 
[10:23:51] Read2: loaded 68M reads 
[10:23:53] Read2: loaded 69M reads 
[10:23:53] Read1: loaded 69M reads 
[10:23:56] Read2: loaded 70M reads 
[10:23:56] Read1: loaded 70M reads 
[10:23:58] Read1: loaded 71M reads 
[10:23:58] Read2: loaded 71M reads 
[10:24:00] Read1: loaded 72M reads 
[10:24:00] Read2: loaded 72M reads 
[10:24:03] Read2: loaded 73M reads 
[10:24:03] Read1: loaded 73M reads 
[10:24:05] Read1: loaded 74M reads 
[10:24:05] Read2: loaded 74M reads 
[10:24:08] Read1: loaded 75M reads 
[10:24:08] Read2: loaded 75M reads 
[10:24:10] Read2: loaded 76M reads 
[10:24:10] Read1: loaded 76M reads 
[10:24:12] Read2: loaded 77M reads 
[10:24:12] Read1: loaded 77M reads 
[10:24:15] Read1: loaded 78M reads 
[10:24:15] Read2: loaded 78M reads 
[10:24:17] Read1: loaded 79M reads 
[10:24:17] Read2: loaded 79M reads 
[10:24:20] Read1: loaded 80M reads 
[10:24:20] Read2: loaded 80M reads 
[10:24:22] Read2: loaded 81M reads 
[10:24:22] Read1: loaded 81M reads 
[10:24:24] Read1: loaded 82M reads 
[10:24:24] Read2: loaded 82M reads 
[10:24:27] Read2: loaded 83M reads 
[10:24:27] Read1: loaded 83M reads 
[10:24:29] Read2: loaded 84M reads 
[10:24:29] Read1: loaded 84M reads 
[10:24:31] Read2: loaded 85M reads 
[10:24:31] Read1: loaded 85M reads 
[10:24:34] Read2: loaded 86M reads 
[10:24:34] Read1: loaded 86M reads 
[10:24:36] Read2: loaded 87M reads 
[10:24:36] Read1: loaded 87M reads 
[10:24:38] Read2: loaded 88M reads 
[10:24:38] Read1: loaded 88M reads 
[10:24:40] Read2: loaded 89M reads 
[10:24:40] Read1: loaded 89M reads 
[10:24:43] Read1: loaded 90M reads 
[10:24:43] Read2: loaded 90M reads 
[10:24:45] Read2: loaded 91M reads 
[10:24:45] Read1: loaded 91M reads 
[10:24:47] Read2: loaded 92M reads 
[10:24:47] Read1: loaded 92M reads 
[10:24:50] Read2: loaded 93M reads 
[10:24:50] Read1: loaded 93M reads 
[10:24:52] Read2: loaded 94M reads 
[10:24:52] Read1: loaded 94M reads 
[10:24:54] Read1: loaded 95M reads 
[10:24:54] Read2: loaded 95M reads 
[10:24:57] Read2: loaded 96M reads 
[10:24:57] Read1: loaded 96M reads 
[10:24:59] Read1: loaded 97M reads 
[10:24:59] Read2: loaded 97M reads 
[10:25:01] Read1: loaded 98M reads 
[10:25:01] Read2: loaded 98M reads 
[10:25:03] Read1: loaded 99M reads 
[10:25:03] Read2: loaded 99M reads 
[10:25:06] Read2: loaded 100M reads 
[10:25:06] Read1: loaded 100M reads 
[10:25:08] Read1: loaded 101M reads 
[10:25:08] Read2: loaded 101M reads 
[10:25:10] Read2: loaded 102M reads 
[10:25:10] Read1: loaded 102M reads 
[10:25:13] Read1: loaded 103M reads 
[10:25:13] Read2: loaded 103M reads 
[10:25:15] Read2: loaded 104M reads 
[10:25:15] Read1: loaded 104M reads 
[10:25:17] Read1: loaded 105M reads 
[10:25:18] Read2: loaded 105M reads 
[10:25:20] Read2: loaded 106M reads 
[10:25:20] Read1: loaded 106M reads 
[10:25:22] Read2: loaded 107M reads 
[10:25:22] Read1: loaded 107M reads 
[10:25:25] Read2: loaded 108M reads 
[10:25:25] Read1: loaded 108M reads 
[10:25:27] Read1: loaded 109M reads 
[10:25:27] Read2: loaded 109M reads 
[10:25:29] Read2: loaded 110M reads 
[10:25:29] Read1: loaded 110M reads 
[10:25:32] Read1: loaded 111M reads 
[10:25:32] Read2: loaded 111M reads 
[10:25:34] Read2: loaded 112M reads 
[10:25:34] Read1: loaded 112M reads 
[10:25:37] Read1: loaded 113M reads 
[10:25:37] Read2: loaded 113M reads 
[10:25:39] Read2: loaded 114M reads 
[10:25:39] Read1: loaded 114M reads 
[10:25:41] Read1: loaded 115M reads 
[10:25:41] Read2: loaded 115M reads 
[10:25:44] Read1: loaded 116M reads 
[10:25:44] Read2: loaded 116M reads 
[10:25:46] Read2: loaded 117M reads 
[10:25:46] Read1: loaded 117M reads 
[10:25:46] thread 1 data processing completed 
[10:25:46] thread 1 finished 
[10:25:46] Read2: loading completed with 117120 packs 
[10:25:46] thread 3 data processing completed 
[10:25:46] thread 3 finished 
[10:25:46] thread 4 data processing completed 
[10:25:46] thread 4 finished 
[10:25:46] thread 6 data processing completed 
[10:25:46] thread 6 finished 
[10:25:46] thread 2 data processing completed 
[10:25:46] thread 2 finished 
[10:25:46] thread 5 data processing completed 
[10:25:46] thread 5 finished 
[10:25:46] Read1: loading completed with 117120 packs 
[10:25:46] thread 7 data processing completed 
[10:25:46] thread 7 finished 
[10:25:46] thread 8 data processing completed 
[10:25:46] thread 8 finished 
[10:25:46] thread 9 data processing completed 
[10:25:46] thread 9 finished 
[10:25:46] thread 10 data processing completed 
[10:25:46] thread 10 finished 
[10:25:46] thread 11 data processing completed 
[10:25:46] thread 11 finished 
[10:25:46] thread 12 data processing completed 
[10:25:46] thread 12 finished 
[10:25:46] thread 13 data processing completed 
[10:25:46] thread 13 finished 
[10:25:46] thread 14 data processing completed 
[10:25:46] thread 14 finished 
[10:25:46] thread 15 data processing completed 
[10:25:46] thread 15 finished 
[10:25:46] thread 16 data processing completed 
[10:25:46] thread 16 finished 
[10:25:46] thread 17 data processing completed 
[10:25:46] thread 17 finished 
[10:25:46] thread 18 data processing completed 
[10:25:46] thread 18 finished 
[10:25:46] thread 19 data processing completed 
[10:25:46] thread 19 finished 
[10:25:46] thread 20 data processing completed 
[10:25:46] thread 20 finished 
[10:25:46] thread 21 data processing completed 
[10:25:46] thread 21 finished 
[10:25:46] thread 23 data processing completed 
[10:25:46] thread 23 finished 
[10:25:46] thread 22 data processing completed 
[10:25:46] thread 22 finished 
[10:25:46] thread 25 data processing completed 
[10:25:46] thread 25 finished 
[10:25:46] thread 27 data processing completed 
[10:25:46] thread 27 finished 
[10:25:46] thread 24 data processing completed 
[10:25:46] thread 24 finished 
[10:25:46] thread 29 data processing completed 
[10:25:46] thread 29 finished 
[10:25:46] thread 26 data processing completed 
[10:25:46] thread 26 finished 
[10:25:46] thread 31 data processing completed 
[10:25:46] thread 31 finished 
[10:25:46] thread 28 data processing completed 
[10:25:46] thread 28 finished 
[10:25:46] thread 32 data processing completed 
[10:25:46] thread 30 data processing completed 
[10:25:46] thread 30 finished 
[10:25:46] thread 32 finished 
[10:25:46] start to generate reports
 
Read1 before filtering:
total reads: 117119017
total bases: 11711901700
Q20 bases: 11040848879(94.2703%)
Q30 bases: 10362226195(88.476%)
Q40 bases: 1948657(0.0166383%)

Read2 before filtering:
total reads: 117119017
total bases: 11711901700
Q20 bases: 10988642082(93.8246%)
Q30 bases: 10314076255(88.0649%)
Q40 bases: 28413202(0.242601%)

Read1 after filtering:
total reads: 108920465
total bases: 10873757549
Q20 bases: 10544216033(96.9694%)
Q30 bases: 9961660084(91.6119%)
Q40 bases: 1912694(0.01759%)

Read2 after filtering:
total reads: 108920465
total bases: 10873757549
Q20 bases: 10557960992(97.0958%)
Q30 bases: 9979237841(91.7736%)
Q40 bases: 27481072(0.252728%)

Filtering result:
reads passed filter: 217840930
reads failed due to low quality: 16397104
reads failed due to too many N: 0
reads failed due to too short: 0
reads failed due to adapter dimer: 0
reads with adapter trimmed: 882278
bases trimmed due to adapters: 37595560

Duplication rate: 1.16051%

Insert size peak (evaluated by paired-end reads): 169

JSON report: /dev/shm/fastp_bench_38nF1z.json
HTML report: /dev/null

/home/mpiuser/bioauto_rev/fastp_d0bromir/../fastp_opengene/fastp -w 32 -j /dev/shm/fastp_bench_38nF1z.json -h /dev/null --verbose -i /home/mpiuser/FASTQ/WGS/ERR1044319_1.fastq.gz -I /home/mpiuser/FASTQ/WGS/ERR1044319_2.fastq.gz -o /dev/shm/fastp_bench_aSEqQr_R1.fq.gz -O /dev/shm/fastp_bench_AiQohd_R2.fq.gz 
fastp v1.3.3, time used: 274 seconds
================================================================

================================================================
 Application  : d0bromir_cpu (/home/mpiuser/bioauto_rev/fastp_d0bromir/fastp-cpu)
 Dataset      : WGS PE 18.2G (ERR1044319 R1+R2)
 Files        : R1=/home/mpiuser/FASTQ/WGS/ERR1044319_1.fastq.gz
               R2=/home/mpiuser/FASTQ/WGS/ERR1044319_2.fastq.gz
 Type         : PE
 Threads      : 32
 Wall time    : 161.060 s
 reads_in     : 234238034
 reads_out    : 217840930
 vs_opengene  : -41.2%
--- Resource usage ---
 CPU avg/peak : 2054.8% / 2250.3%
 RSS peak     : 2689 MiB
 GPU util a/p : 0.0% / 0.0%
 GPU mem peak : 0 MiB
 Sample CSV   : /home/mpiuser/bioauto_rev/fastp_d0bromir/benchmark_results/20261004_102114/resources/resource_WGS_PE_18.2G_d0bromir_cpu_T32_1791109551.csv
--- Profiling output ---
[10:25:51] fastp 1.3.3-d0bromir starting 
[10:25:52] [fastp 1.3.3-d0bromir] Stage: loading 
[10:25:53] start to load data of read1 
[10:25:53] start to load data of read2 
[10:25:54] Read2: loaded 1M reads 
[10:25:54] Read1: loaded 1M reads 
[10:25:55] Read2: loaded 2M reads 
[10:25:55] Read1: loaded 2M reads 
[10:25:56] Read2: loaded 3M reads 
[10:25:56] Read1: loaded 3M reads 
[10:25:57] Read2: loaded 4M reads 
[10:25:58] Read1: loaded 4M reads 
[10:25:59] Read2: loaded 5M reads 
[10:25:59] Read1: loaded 5M reads 
[10:26:00] Read2: loaded 6M reads 
[10:26:00] Read1: loaded 6M reads 
[10:26:01] Read2: loaded 7M reads 
[10:26:01] Read1: loaded 7M reads 
[10:26:02] Read2: loaded 8M reads 
[10:26:02] Read1: loaded 8M reads 
[10:26:04] Read2: loaded 9M reads 
[10:26:04] Read1: loaded 9M reads 
[10:26:05] Read2: loaded 10M reads 
[10:26:05] Read1: loaded 10M reads 
[10:26:06] Read2: loaded 11M reads 
[10:26:06] Read1: loaded 11M reads 
[10:26:07] Read2: loaded 12M reads 
[10:26:07] Read1: loaded 12M reads 
[10:26:08] Read2: loaded 13M reads 
[10:26:09] Read1: loaded 13M reads 
[10:26:10] Read2: loaded 14M reads 
[10:26:10] Read1: loaded 14M reads 
[10:26:11] Read2: loaded 15M reads 
[10:26:11] Read1: loaded 15M reads 
[10:26:12] Read2: loaded 16M reads 
[10:26:12] Read1: loaded 16M reads 
[10:26:13] Read2: loaded 17M reads 
[10:26:14] Read1: loaded 17M reads 
[10:26:14] Read2: loaded 18M reads 
[10:26:15] Read1: loaded 18M reads 
[10:26:16] Read2: loaded 19M reads 
[10:26:16] Read1: loaded 19M reads 
[10:26:17] Read2: loaded 20M reads 
[10:26:17] Read1: loaded 20M reads 
[10:26:18] Read2: loaded 21M reads 
[10:26:19] Read1: loaded 21M reads 
[10:26:19] Read2: loaded 22M reads 
[10:26:20] Read1: loaded 22M reads 
[10:26:21] Read2: loaded 23M reads 
[10:26:21] Read1: loaded 23M reads 
[10:26:22] Read2: loaded 24M reads 
[10:26:22] Read1: loaded 24M reads 
[10:26:23] Read2: loaded 25M reads 
[10:26:24] Read1: loaded 25M reads 
[10:26:24] Read2: loaded 26M reads 
[10:26:25] Read1: loaded 26M reads 
[10:26:26] Read2: loaded 27M reads 
[10:26:26] Read1: loaded 27M reads 
[10:26:27] Read2: loaded 28M reads 
[10:26:28] Read1: loaded 28M reads 
[10:26:28] Read2: loaded 29M reads 
[10:26:29] Read1: loaded 29M reads 
[10:26:30] Read2: loaded 30M reads 
[10:26:30] Read1: loaded 30M reads 
[10:26:31] Read2: loaded 31M reads 
[10:26:31] Read1: loaded 31M reads 
[10:26:32] Read2: loaded 32M reads 
[10:26:33] Read1: loaded 32M reads 
[10:26:33] Read2: loaded 33M reads 
[10:26:34] Read1: loaded 33M reads 
[10:26:34] Read2: loaded 34M reads 
[10:26:35] Read1: loaded 34M reads 
[10:26:36] Read2: loaded 35M reads 
[10:26:36] Read1: loaded 35M reads 
[10:26:37] Read2: loaded 36M reads 
[10:26:38] Read1: loaded 36M reads 
[10:26:38] Read2: loaded 37M reads 
[10:26:39] Read1: loaded 37M reads 
[10:26:39] Read2: loaded 38M reads 
[10:26:40] Read1: loaded 38M reads 
[10:26:41] Read2: loaded 39M reads 
[10:26:41] Read1: loaded 39M reads 
[10:26:42] Read2: loaded 40M reads 
[10:26:43] Read1: loaded 40M reads 
[10:26:43] Read2: loaded 41M reads 
[10:26:44] Read1: loaded 41M reads 
[10:26:44] Read2: loaded 42M reads 
[10:26:45] Read1: loaded 42M reads 
[10:26:46] Read2: loaded 43M reads 
[10:26:46] Read1: loaded 43M reads 
[10:26:47] Read2: loaded 44M reads 
[10:26:48] Read1: loaded 44M reads 
[10:26:48] Read2: loaded 45M reads 
[10:26:49] Read1: loaded 45M reads 
[10:26:49] Read2: loaded 46M reads 
[10:26:50] Read1: loaded 46M reads 
[10:26:50] Read2: loaded 47M reads 
[10:26:51] Read1: loaded 47M reads 
[10:26:52] Read2: loaded 48M reads 
[10:26:53] Read1: loaded 48M reads 
[10:26:53] Read2: loaded 49M reads 
[10:26:54] Read1: loaded 49M reads 
[10:26:54] Read2: loaded 50M reads 
[10:26:55] Read1: loaded 50M reads 
[10:26:55] Read2: loaded 51M reads 
[10:26:56] Read1: loaded 51M reads 
[10:26:57] Read2: loaded 52M reads 
[10:26:58] Read1: loaded 52M reads 
[10:26:58] Read2: loaded 53M reads 
[10:26:59] Read1: loaded 53M reads 
[10:26:59] Read2: loaded 54M reads 
[10:27:00] Read1: loaded 54M reads 
[10:27:00] Read2: loaded 55M reads 
[10:27:02] Read1: loaded 55M reads 
[10:27:02] Read2: loaded 56M reads 
[10:27:03] Read1: loaded 56M reads 
[10:27:03] Read2: loaded 57M reads 
[10:27:04] Read1: loaded 57M reads 
[10:27:04] Read2: loaded 58M reads 
[10:27:06] Read1: loaded 58M reads 
[10:27:06] Read2: loaded 59M reads 
[10:27:07] Read1: loaded 59M reads 
[10:27:07] Read2: loaded 60M reads 
[10:27:09] Read1: loaded 60M reads 
[10:27:09] Read2: loaded 61M reads 
[10:27:10] Read1: loaded 61M reads 
[10:27:10] Read2: loaded 62M reads 
[10:27:12] Read1: loaded 62M reads 
[10:27:12] Read2: loaded 63M reads 
[10:27:13] Read1: loaded 63M reads 
[10:27:13] Read2: loaded 64M reads 
[10:27:14] Read1: loaded 64M reads 
[10:27:14] Read2: loaded 65M reads 
[10:27:16] Read1: loaded 65M reads 
[10:27:16] Read2: loaded 66M reads 
[10:27:17] Read1: loaded 66M reads 
[10:27:17] Read2: loaded 67M reads 
[10:27:19] Read1: loaded 67M reads 
[10:27:19] Read2: loaded 68M reads 
[10:27:20] Read1: loaded 68M reads 
[10:27:20] Read2: loaded 69M reads 
[10:27:21] Read1: loaded 69M reads 
[10:27:21] Read2: loaded 70M reads 
[10:27:23] Read1: loaded 70M reads 
[10:27:23] Read2: loaded 71M reads 
[10:27:24] Read1: loaded 71M reads 
[10:27:24] Read2: loaded 72M reads 
[10:27:25] Read1: loaded 72M reads 
[10:27:26] Read2: loaded 73M reads 
[10:27:27] Read2: loaded 74M reads 
[10:27:27] Read1: loaded 73M reads 
[10:27:29] Read2: loaded 75M reads 
[10:27:29] Read1: loaded 74M reads 
[10:27:30] Read1: loaded 75M reads 
[10:27:30] Read2: loaded 76M reads 
[10:27:32] Read1: loaded 76M reads 
[10:27:32] Read2: loaded 77M reads 
[10:27:33] Read1: loaded 77M reads 
[10:27:33] Read2: loaded 78M reads 
[10:27:34] Read1: loaded 78M reads 
[10:27:35] Read2: loaded 79M reads 
[10:27:36] Read1: loaded 79M reads 
[10:27:36] Read2: loaded 80M reads 
[10:27:38] Read1: loaded 80M reads 
[10:27:38] Read2: loaded 81M reads 
[10:27:39] Read1: loaded 81M reads 
[10:27:39] Read2: loaded 82M reads 
[10:27:40] Read1: loaded 82M reads 
[10:27:40] Read2: loaded 83M reads 
[10:27:42] Read1: loaded 83M reads 
[10:27:42] Read2: loaded 84M reads 
[10:27:43] Read1: loaded 84M reads 
[10:27:43] Read2: loaded 85M reads 
[10:27:44] Read1: loaded 85M reads 
[10:27:44] Read2: loaded 86M reads 
[10:27:46] Read1: loaded 86M reads 
[10:27:46] Read2: loaded 87M reads 
[10:27:47] Read1: loaded 87M reads 
[10:27:47] Read2: loaded 88M reads 
[10:27:48] Read1: loaded 88M reads 
[10:27:48] Read2: loaded 89M reads 
[10:27:50] Read1: loaded 89M reads 
[10:27:50] Read2: loaded 90M reads 
[10:27:51] Read1: loaded 90M reads 
[10:27:52] Read2: loaded 91M reads 
[10:27:53] Read1: loaded 91M reads 
[10:27:53] Read2: loaded 92M reads 
[10:27:54] Read1: loaded 92M reads 
[10:27:54] Read2: loaded 93M reads 
[10:27:56] Read1: loaded 93M reads 
[10:27:56] Read2: loaded 94M reads 
[10:27:57] Read1: loaded 94M reads 
[10:27:57] Read2: loaded 95M reads 
[10:27:58] Read1: loaded 95M reads 
[10:27:58] Read2: loaded 96M reads 
[10:28:00] Read1: loaded 96M reads 
[10:28:00] Read2: loaded 97M reads 
[10:28:01] Read1: loaded 97M reads 
[10:28:01] Read2: loaded 98M reads 
[10:28:02] Read1: loaded 98M reads 
[10:28:02] Read2: loaded 99M reads 
[10:28:03] Read1: loaded 99M reads 
[10:28:04] Read2: loaded 100M reads 
[10:28:05] Read1: loaded 100M reads 
[10:28:05] Read2: loaded 101M reads 
[10:28:06] Read1: loaded 101M reads 
[10:28:06] Read2: loaded 102M reads 
[10:28:08] Read2: loaded 103M reads 
[10:28:08] Read1: loaded 102M reads 
[10:28:09] Read1: loaded 103M reads 
[10:28:10] Read2: loaded 104M reads 
[10:28:11] Read1: loaded 104M reads 
[10:28:11] Read2: loaded 105M reads 
[10:28:12] Read1: loaded 105M reads 
[10:28:12] Read2: loaded 106M reads 
[10:28:14] Read2: loaded 107M reads 
[10:28:14] Read1: loaded 106M reads 
[10:28:15] Read2: loaded 108M reads 
[10:28:15] Read1: loaded 107M reads 
[10:28:17] Read1: loaded 108M reads 
[10:28:17] Read2: loaded 109M reads 
[10:28:18] Read2: loaded 110M reads 
[10:28:18] Read1: loaded 109M reads 
[10:28:20] Read1: loaded 110M reads 
[10:28:20] Read2: loaded 111M reads 
[10:28:21] Read1: loaded 111M reads 
[10:28:21] Read2: loaded 112M reads 
[10:28:22] Read1: loaded 112M reads 
[10:28:22] Read2: loaded 113M reads 
[10:28:24] Read1: loaded 113M reads 
[10:28:24] Read2: loaded 114M reads 
[10:28:25] Read1: loaded 114M reads 
[10:28:25] Read2: loaded 115M reads 
[10:28:26] Read1: loaded 115M reads 
[10:28:26] Read2: loaded 116M reads 
[10:28:28] Read1: loaded 116M reads 
[10:28:28] Read2: loaded 117M reads 
[10:28:28] Read2: loading completed with 14297 packs 
[10:28:29] Read1: loaded 117M reads 
[10:28:29] Read1: loading completed with 14297 packs 
[10:28:29] thread 1 data processing completed 
[10:28:29] thread 1 finished 
[10:28:29] thread 30 data processing completed 
[10:28:29] thread 30 finished 
[10:28:29] thread 26 data processing completed 
[10:28:29] thread 26 finished 
[10:28:29] thread 12 data processing completed 
[10:28:29] thread 12 finished 
[10:28:29] thread 9 data processing completed 
[10:28:29] thread 9 finished 
[10:28:29] thread 32 data processing completed 
[10:28:29] thread 32 finished 
[10:28:29] thread 31 data processing completed 
[10:28:29] thread 31 finished 
[10:28:29] thread 24 data processing completed 
[10:28:29] thread 24 finished 
[10:28:29] thread 29 data processing completed 
[10:28:29] thread 29 finished 
[10:28:29] thread 23 data processing completed 
[10:28:29] thread 23 finished 
[10:28:29] thread 16 data processing completed 
[10:28:29] thread 16 finished 
[10:28:29] thread 27 data processing completed 
[10:28:29] thread 27 finished 
[10:28:29] thread 8 data processing completed 
[10:28:29] thread 8 finished 
[10:28:29] thread 25 data processing completed 
[10:28:29] thread 25 finished 
[10:28:29] thread 28 data processing completed 
[10:28:29] thread 28 finished 
[10:28:29] thread 2 data processing completed 
[10:28:29] thread 2 finished 
[10:28:29] [fastp 1.3.3-d0bromir] Stage: loading (156730 ms) 
[10:28:29] [fastp 1.3.3-d0bromir] Stage: filtering 
[10:28:29] thread 15 data processing completed 
[10:28:29] thread 15 finished 
[10:28:29] thread 7 data processing completed 
[10:28:29] thread 7 finished 
[10:28:29] thread 3 data processing completed 
[10:28:29] thread 3 finished 
[10:28:29] thread 22 data processing completed 
[10:28:29] thread 22 finished 
[10:28:29] thread 10 data processing completed 
[10:28:29] thread 10 finished 
[10:28:29] thread 11 data processing completed 
[10:28:29] thread 11 finished 
[10:28:29] thread 17 data processing completed 
[10:28:29] thread 17 finished 
[10:28:29] thread 4 data processing completed 
[10:28:29] thread 4 finished 
[10:28:29] thread 20 data processing completed 
[10:28:29] thread 20 finished 
[10:28:29] thread 6 data processing completed 
[10:28:29] thread 6 finished 
[10:28:29] thread 14 data processing completed 
[10:28:29] thread 14 finished 
[10:28:29] thread 19 data processing completed 
[10:28:29] thread 19 finished 
[10:28:29] thread 18 data processing completed 
[10:28:29] thread 18 finished 
[10:28:29] thread 21 data processing completed 
[10:28:29] thread 21 finished 
[10:28:29] thread 13 data processing completed 
[10:28:29] thread 13 finished 
[10:28:29] thread 5 data processing completed 
[10:28:29] thread 5 finished 
[10:28:29] [fastp 1.3.3-d0bromir] Stage: filtering (131 ms) 
[10:28:29] [fastp 1.3.3-d0bromir] Stage: writing 
[10:28:29] /dev/shm/fastp_bench_53f6s4_R2.fq.gz writer finished 
[10:28:29] /dev/shm/fastp_bench_yz4Tk1_R1.fq.gz writer finished 
[10:28:29] [fastp 1.3.3-d0bromir] Stage: writing (46 ms) 
[10:28:29] start to generate reports
 
Read1 before filtering:
total reads: 117119017
total bases: 11711901700
Q20 bases: 11040848879(94.2703%)
Q30 bases: 10362226195(88.476%)
Q40 bases: 1948657(0.0166383%)

Read2 before filtering:
total reads: 117119017
total bases: 11711901700
Q20 bases: 10988642082(93.8246%)
Q30 bases: 10314076255(88.0649%)
Q40 bases: 28413202(0.242601%)

Read1 after filtering:
total reads: 108920465
total bases: 10873757549
Q20 bases: 10544216033(96.9694%)
Q30 bases: 9961660084(91.6119%)
Q40 bases: 1912694(0.01759%)

Read2 after filtering:
total reads: 108920465
total bases: 10873757549
Q20 bases: 10557960992(97.0958%)
Q30 bases: 9979237841(91.7736%)
Q40 bases: 27481072(0.252728%)

Filtering result:
reads passed filter: 217840930
reads failed due to low quality: 16397104
reads failed due to too many N: 0
reads failed due to too short: 0
reads failed due to adapter dimer: 0
reads with adapter trimmed: 882278
bases trimmed due to adapters: 37595560

Duplication rate: 1.16051%

Insert size peak (evaluated by paired-end reads): 169

JSON report: /dev/shm/fastp_bench_0sFNiG.json
HTML report: /dev/null

/home/mpiuser/bioauto_rev/fastp_d0bromir/fastp-cpu -w 32 -j /dev/shm/fastp_bench_0sFNiG.json -h /dev/null --verbose -i /home/mpiuser/FASTQ/WGS/ERR1044319_1.fastq.gz -I /home/mpiuser/FASTQ/WGS/ERR1044319_2.fastq.gz -o /dev/shm/fastp_bench_yz4Tk1_R1.fq.gz -O /dev/shm/fastp_bench_53f6s4_R2.fq.gz 
fastp v1.3.3-d0bromir, time used: 161 seconds
================================================================
