=== Full Benchmark Log: Sun Oct  4 14:46:51 UTC 2026 ===


================================================================
 Application  : opengene (/home/mpiuser/bioauto_rev/fastp_d0bromir/../fastp_opengene/fastp)
 Dataset      : WGS PE 40G (DRR216653 R1+R2)
 Files        : R1=/home/mpiuser/FASTQ/WGS/DRR216653_1.fastq.gz
               R2=/home/mpiuser/FASTQ/WGS/DRR216653_2.fastq.gz
 Type         : PE
 Threads      : 16
 Wall time    : 407.740 s
 reads_in     : 722563222
 reads_out    : 717214748
 vs_opengene  : baseline
--- Resource usage ---
 CPU avg/peak : 1856.3% / 2445.4%
 RSS peak     : 1533 MiB
 GPU util a/p : 12.5% / 44.0%
 GPU mem peak : 0 MiB
 Sample CSV   : /home/mpiuser/bioauto_rev/fastp_d0bromir/benchmark_results/20261004_144651/resources/resource_WGS_PE_40G_opengene_T16_1791125212.csv
--- Profiling output ---
[14:46:52] start to load data of read2 
[14:46:52] start to load data of read1 
[14:46:52] /dev/shm/fastp_bench_NKNB4L_R1.fq.gz writer finished 
[14:46:52] /dev/shm/fastp_bench_LZHYuO_R2.fq.gz writer finished 
[14:46:53] Read1: loaded 1M reads 
[14:46:53] Read2: loaded 1M reads 
[14:46:54] Read1: loaded 2M reads 
[14:46:54] Read2: loaded 2M reads 
[14:46:55] Read1: loaded 3M reads 
[14:46:55] Read2: loaded 3M reads 
[14:46:57] Read2: loaded 4M reads 
[14:46:57] Read1: loaded 4M reads 
[14:46:58] Read2: loaded 5M reads 
[14:46:58] Read1: loaded 5M reads 
[14:46:59] Read2: loaded 6M reads 
[14:46:59] Read1: loaded 6M reads 
[14:47:00] Read1: loaded 7M reads 
[14:47:00] Read2: loaded 7M reads 
[14:47:01] Read1: loaded 8M reads 
[14:47:01] Read2: loaded 8M reads 
[14:47:02] Read1: loaded 9M reads 
[14:47:02] Read2: loaded 9M reads 
[14:47:03] Read2: loaded 10M reads 
[14:47:03] Read1: loaded 10M reads 
[14:47:04] Read2: loaded 11M reads 
[14:47:04] Read1: loaded 11M reads 
[14:47:05] Read1: loaded 12M reads 
[14:47:05] Read2: loaded 12M reads 
[14:47:06] Read1: loaded 13M reads 
[14:47:06] Read2: loaded 13M reads 
[14:47:07] Read1: loaded 14M reads 
[14:47:07] Read2: loaded 14M reads 
[14:47:08] Read1: loaded 15M reads 
[14:47:08] Read2: loaded 15M reads 
[14:47:10] Read2: loaded 16M reads 
[14:47:10] Read1: loaded 16M reads 
[14:47:11] Read1: loaded 17M reads 
[14:47:11] Read2: loaded 17M reads 
[14:47:12] Read1: loaded 18M reads 
[14:47:12] Read2: loaded 18M reads 
[14:47:13] Read2: loaded 19M reads 
[14:47:13] Read1: loaded 19M reads 
[14:47:14] Read1: loaded 20M reads 
[14:47:14] Read2: loaded 20M reads 
[14:47:15] Read1: loaded 21M reads 
[14:47:15] Read2: loaded 21M reads 
[14:47:16] Read2: loaded 22M reads 
[14:47:16] Read1: loaded 22M reads 
[14:47:17] Read2: loaded 23M reads 
[14:47:17] Read1: loaded 23M reads 
[14:47:18] Read2: loaded 24M reads 
[14:47:18] Read1: loaded 24M reads 
[14:47:19] Read1: loaded 25M reads 
[14:47:19] Read2: loaded 25M reads 
[14:47:21] Read2: loaded 26M reads 
[14:47:21] Read1: loaded 26M reads 
[14:47:22] Read2: loaded 27M reads 
[14:47:22] Read1: loaded 27M reads 
[14:47:23] Read2: loaded 28M reads 
[14:47:23] Read1: loaded 28M reads 
[14:47:24] Read2: loaded 29M reads 
[14:47:24] Read1: loaded 29M reads 
[14:47:25] Read1: loaded 30M reads 
[14:47:25] Read2: loaded 30M reads 
[14:47:26] Read1: loaded 31M reads 
[14:47:26] Read2: loaded 31M reads 
[14:47:27] Read2: loaded 32M reads 
[14:47:27] Read1: loaded 32M reads 
[14:47:28] Read2: loaded 33M reads 
[14:47:28] Read1: loaded 33M reads 
[14:47:29] Read2: loaded 34M reads 
[14:47:29] Read1: loaded 34M reads 
[14:47:30] Read1: loaded 35M reads 
[14:47:30] Read2: loaded 35M reads 
[14:47:32] Read1: loaded 36M reads 
[14:47:32] Read2: loaded 36M reads 
[14:47:33] Read1: loaded 37M reads 
[14:47:33] Read2: loaded 37M reads 
[14:47:34] Read2: loaded 38M reads 
[14:47:34] Read1: loaded 38M reads 
[14:47:35] Read2: loaded 39M reads 
[14:47:35] Read1: loaded 39M reads 
[14:47:36] Read2: loaded 40M reads 
[14:47:36] Read1: loaded 40M reads 
[14:47:37] Read2: loaded 41M reads 
[14:47:37] Read1: loaded 41M reads 
[14:47:38] Read1: loaded 42M reads 
[14:47:38] Read2: loaded 42M reads 
[14:47:39] Read2: loaded 43M reads 
[14:47:39] Read1: loaded 43M reads 
[14:47:40] Read2: loaded 44M reads 
[14:47:40] Read1: loaded 44M reads 
[14:47:41] Read2: loaded 45M reads 
[14:47:41] Read1: loaded 45M reads 
[14:47:42] Read1: loaded 46M reads 
[14:47:42] Read2: loaded 46M reads 
[14:47:44] Read1: loaded 47M reads 
[14:47:44] Read2: loaded 47M reads 
[14:47:45] Read1: loaded 48M reads 
[14:47:45] Read2: loaded 48M reads 
[14:47:46] Read1: loaded 49M reads 
[14:47:46] Read2: loaded 49M reads 
[14:47:47] Read1: loaded 50M reads 
[14:47:47] Read2: loaded 50M reads 
[14:47:48] Read1: loaded 51M reads 
[14:47:48] Read2: loaded 51M reads 
[14:47:49] Read1: loaded 52M reads 
[14:47:49] Read2: loaded 52M reads 
[14:47:50] Read1: loaded 53M reads 
[14:47:50] Read2: loaded 53M reads 
[14:47:51] Read2: loaded 54M reads 
[14:47:51] Read1: loaded 54M reads 
[14:47:52] Read2: loaded 55M reads 
[14:47:53] Read1: loaded 55M reads 
[14:47:54] Read2: loaded 56M reads 
[14:47:54] Read1: loaded 56M reads 
[14:47:55] Read2: loaded 57M reads 
[14:47:55] Read1: loaded 57M reads 
[14:47:56] Read2: loaded 58M reads 
[14:47:56] Read1: loaded 58M reads 
[14:47:57] Read1: loaded 59M reads 
[14:47:57] Read2: loaded 59M reads 
[14:47:58] Read1: loaded 60M reads 
[14:47:58] Read2: loaded 60M reads 
[14:47:59] Read2: loaded 61M reads 
[14:47:59] Read1: loaded 61M reads 
[14:48:00] Read2: loaded 62M reads 
[14:48:00] Read1: loaded 62M reads 
[14:48:01] Read2: loaded 63M reads 
[14:48:01] Read1: loaded 63M reads 
[14:48:02] Read1: loaded 64M reads 
[14:48:02] Read2: loaded 64M reads 
[14:48:04] Read1: loaded 65M reads 
[14:48:04] Read2: loaded 65M reads 
[14:48:05] Read2: loaded 66M reads 
[14:48:05] Read1: loaded 66M reads 
[14:48:06] Read1: loaded 67M reads 
[14:48:06] Read2: loaded 67M reads 
[14:48:07] Read1: loaded 68M reads 
[14:48:07] Read2: loaded 68M reads 
[14:48:08] Read1: loaded 69M reads 
[14:48:08] Read2: loaded 69M reads 
[14:48:09] Read1: loaded 70M reads 
[14:48:09] Read2: loaded 70M reads 
[14:48:10] Read1: loaded 71M reads 
[14:48:10] Read2: loaded 71M reads 
[14:48:11] Read2: loaded 72M reads 
[14:48:11] Read1: loaded 72M reads 
[14:48:12] Read2: loaded 73M reads 
[14:48:12] Read1: loaded 73M reads 
[14:48:13] Read2: loaded 74M reads 
[14:48:13] Read1: loaded 74M reads 
[14:48:15] Read2: loaded 75M reads 
[14:48:15] Read1: loaded 75M reads 
[14:48:16] Read1: loaded 76M reads 
[14:48:16] Read2: loaded 76M reads 
[14:48:17] Read2: loaded 77M reads 
[14:48:17] Read1: loaded 77M reads 
[14:48:18] Read1: loaded 78M reads 
[14:48:18] Read2: loaded 78M reads 
[14:48:19] Read1: loaded 79M reads 
[14:48:19] Read2: loaded 79M reads 
[14:48:20] Read1: loaded 80M reads 
[14:48:20] Read2: loaded 80M reads 
[14:48:21] Read1: loaded 81M reads 
[14:48:21] Read2: loaded 81M reads 
[14:48:22] Read2: loaded 82M reads 
[14:48:22] Read1: loaded 82M reads 
[14:48:23] Read1: loaded 83M reads 
[14:48:23] Read2: loaded 83M reads 
[14:48:24] Read1: loaded 84M reads 
[14:48:24] Read2: loaded 84M reads 
[14:48:25] Read1: loaded 85M reads 
[14:48:25] Read2: loaded 85M reads 
[14:48:27] Read1: loaded 86M reads 
[14:48:27] Read2: loaded 86M reads 
[14:48:28] Read1: loaded 87M reads 
[14:48:28] Read2: loaded 87M reads 
[14:48:29] Read2: loaded 88M reads 
[14:48:29] Read1: loaded 88M reads 
[14:48:30] Read1: loaded 89M reads 
[14:48:30] Read2: loaded 89M reads 
[14:48:31] Read1: loaded 90M reads 
[14:48:31] Read2: loaded 90M reads 
[14:48:32] Read1: loaded 91M reads 
[14:48:32] Read2: loaded 91M reads 
[14:48:33] Read1: loaded 92M reads 
[14:48:33] Read2: loaded 92M reads 
[14:48:34] Read2: loaded 93M reads 
[14:48:34] Read1: loaded 93M reads 
[14:48:35] Read2: loaded 94M reads 
[14:48:35] Read1: loaded 94M reads 
[14:48:36] Read1: loaded 95M reads 
[14:48:36] Read2: loaded 95M reads 
[14:48:38] Read1: loaded 96M reads 
[14:48:38] Read2: loaded 96M reads 
[14:48:39] Read1: loaded 97M reads 
[14:48:39] Read2: loaded 97M reads 
[14:48:40] Read2: loaded 98M reads 
[14:48:40] Read1: loaded 98M reads 
[14:48:41] Read2: loaded 99M reads 
[14:48:41] Read1: loaded 99M reads 
[14:48:42] Read2: loaded 100M reads 
[14:48:42] Read1: loaded 100M reads 
[14:48:43] Read2: loaded 101M reads 
[14:48:43] Read1: loaded 101M reads 
[14:48:44] Read1: loaded 102M reads 
[14:48:44] Read2: loaded 102M reads 
[14:48:45] Read1: loaded 103M reads 
[14:48:45] Read2: loaded 103M reads 
[14:48:46] Read2: loaded 104M reads 
[14:48:46] Read1: loaded 104M reads 
[14:48:47] Read2: loaded 105M reads 
[14:48:47] Read1: loaded 105M reads 
[14:48:49] Read2: loaded 106M reads 
[14:48:49] Read1: loaded 106M reads 
[14:48:50] Read2: loaded 107M reads 
[14:48:50] Read1: loaded 107M reads 
[14:48:51] Read1: loaded 108M reads 
[14:48:51] Read2: loaded 108M reads 
[14:48:52] Read1: loaded 109M reads 
[14:48:52] Read2: loaded 109M reads 
[14:48:53] Read2: loaded 110M reads 
[14:48:53] Read1: loaded 110M reads 
[14:48:54] Read2: loaded 111M reads 
[14:48:54] Read1: loaded 111M reads 
[14:48:55] Read2: loaded 112M reads 
[14:48:55] Read1: loaded 112M reads 
[14:48:56] Read2: loaded 113M reads 
[14:48:56] Read1: loaded 113M reads 
[14:48:57] Read1: loaded 114M reads 
[14:48:57] Read2: loaded 114M reads 
[14:48:58] Read2: loaded 115M reads 
[14:48:58] Read1: loaded 115M reads 
[14:48:59] Read2: loaded 116M reads 
[14:48:59] Read1: loaded 116M reads 
[14:49:01] Read2: loaded 117M reads 
[14:49:01] Read1: loaded 117M reads 
[14:49:02] Read2: loaded 118M reads 
[14:49:02] Read1: loaded 118M reads 
[14:49:03] Read1: loaded 119M reads 
[14:49:03] Read2: loaded 119M reads 
[14:49:04] Read1: loaded 120M reads 
[14:49:04] Read2: loaded 120M reads 
[14:49:05] Read1: loaded 121M reads 
[14:49:05] Read2: loaded 121M reads 
[14:49:06] Read1: loaded 122M reads 
[14:49:06] Read2: loaded 122M reads 
[14:49:07] Read1: loaded 123M reads 
[14:49:07] Read2: loaded 123M reads 
[14:49:08] Read1: loaded 124M reads 
[14:49:08] Read2: loaded 124M reads 
[14:49:09] Read1: loaded 125M reads 
[14:49:09] Read2: loaded 125M reads 
[14:49:10] Read1: loaded 126M reads 
[14:49:10] Read2: loaded 126M reads 
[14:49:12] Read1: loaded 127M reads 
[14:49:12] Read2: loaded 127M reads 
[14:49:13] Read1: loaded 128M reads 
[14:49:13] Read2: loaded 128M reads 
[14:49:14] Read1: loaded 129M reads 
[14:49:14] Read2: loaded 129M reads 
[14:49:15] Read1: loaded 130M reads 
[14:49:15] Read2: loaded 130M reads 
[14:49:16] Read2: loaded 131M reads 
[14:49:16] Read1: loaded 131M reads 
[14:49:17] Read2: loaded 132M reads 
[14:49:17] Read1: loaded 132M reads 
[14:49:18] Read2: loaded 133M reads 
[14:49:18] Read1: loaded 133M reads 
[14:49:20] Read2: loaded 134M reads 
[14:49:20] Read1: loaded 134M reads 
[14:49:21] Read2: loaded 135M reads 
[14:49:21] Read1: loaded 135M reads 
[14:49:22] Read2: loaded 136M reads 
[14:49:22] Read1: loaded 136M reads 
[14:49:23] Read2: loaded 137M reads 
[14:49:23] Read1: loaded 137M reads 
[14:49:24] Read2: loaded 138M reads 
[14:49:24] Read1: loaded 138M reads 
[14:49:25] Read2: loaded 139M reads 
[14:49:25] Read1: loaded 139M reads 
[14:49:26] Read2: loaded 140M reads 
[14:49:26] Read1: loaded 140M reads 
[14:49:27] Read2: loaded 141M reads 
[14:49:28] Read1: loaded 141M reads 
[14:49:29] Read2: loaded 142M reads 
[14:49:29] Read1: loaded 142M reads 
[14:49:30] Read2: loaded 143M reads 
[14:49:30] Read1: loaded 143M reads 
[14:49:31] Read2: loaded 144M reads 
[14:49:31] Read1: loaded 144M reads 
[14:49:32] Read2: loaded 145M reads 
[14:49:32] Read1: loaded 145M reads 
[14:49:33] Read2: loaded 146M reads 
[14:49:33] Read1: loaded 146M reads 
[14:49:34] Read2: loaded 147M reads 
[14:49:34] Read1: loaded 147M reads 
[14:49:35] Read2: loaded 148M reads 
[14:49:35] Read1: loaded 148M reads 
[14:49:36] Read2: loaded 149M reads 
[14:49:36] Read1: loaded 149M reads 
[14:49:38] Read1: loaded 150M reads 
[14:49:38] Read2: loaded 150M reads 
[14:49:39] Read1: loaded 151M reads 
[14:49:39] Read2: loaded 151M reads 
[14:49:40] Read1: loaded 152M reads 
[14:49:40] Read2: loaded 152M reads 
[14:49:41] Read1: loaded 153M reads 
[14:49:41] Read2: loaded 153M reads 
[14:49:42] Read1: loaded 154M reads 
[14:49:42] Read2: loaded 154M reads 
[14:49:43] Read1: loaded 155M reads 
[14:49:43] Read2: loaded 155M reads 
[14:49:44] Read1: loaded 156M reads 
[14:49:44] Read2: loaded 156M reads 
[14:49:45] Read1: loaded 157M reads 
[14:49:45] Read2: loaded 157M reads 
[14:49:47] Read1: loaded 158M reads 
[14:49:47] Read2: loaded 158M reads 
[14:49:48] Read1: loaded 159M reads 
[14:49:48] Read2: loaded 159M reads 
[14:49:49] Read1: loaded 160M reads 
[14:49:49] Read2: loaded 160M reads 
[14:49:50] Read2: loaded 161M reads 
[14:49:50] Read1: loaded 161M reads 
[14:49:51] Read1: loaded 162M reads 
[14:49:51] Read2: loaded 162M reads 
[14:49:52] Read2: loaded 163M reads 
[14:49:52] Read1: loaded 163M reads 
[14:49:53] Read2: loaded 164M reads 
[14:49:53] Read1: loaded 164M reads 
[14:49:54] Read1: loaded 165M reads 
[14:49:54] Read2: loaded 165M reads 
[14:49:56] Read1: loaded 166M reads 
[14:49:56] Read2: loaded 166M reads 
[14:49:57] Read2: loaded 167M reads 
[14:49:57] Read1: loaded 167M reads 
[14:49:58] Read2: loaded 168M reads 
[14:49:58] Read1: loaded 168M reads 
[14:49:59] Read2: loaded 169M reads 
[14:49:59] Read1: loaded 169M reads 
[14:50:00] Read2: loaded 170M reads 
[14:50:00] Read1: loaded 170M reads 
[14:50:01] Read2: loaded 171M reads 
[14:50:01] Read1: loaded 171M reads 
[14:50:02] Read2: loaded 172M reads 
[14:50:02] Read1: loaded 172M reads 
[14:50:03] Read1: loaded 173M reads 
[14:50:03] Read2: loaded 173M reads 
[14:50:05] Read2: loaded 174M reads 
[14:50:05] Read1: loaded 174M reads 
[14:50:06] Read2: loaded 175M reads 
[14:50:06] Read1: loaded 175M reads 
[14:50:07] Read1: loaded 176M reads 
[14:50:07] Read2: loaded 176M reads 
[14:50:08] Read2: loaded 177M reads 
[14:50:08] Read1: loaded 177M reads 
[14:50:09] Read2: loaded 178M reads 
[14:50:09] Read1: loaded 178M reads 
[14:50:10] Read2: loaded 179M reads 
[14:50:10] Read1: loaded 179M reads 
[14:50:11] Read2: loaded 180M reads 
[14:50:11] Read1: loaded 180M reads 
[14:50:12] Read1: loaded 181M reads 
[14:50:12] Read2: loaded 181M reads 
[14:50:14] Read1: loaded 182M reads 
[14:50:14] Read2: loaded 182M reads 
[14:50:15] Read1: loaded 183M reads 
[14:50:15] Read2: loaded 183M reads 
[14:50:16] Read1: loaded 184M reads 
[14:50:16] Read2: loaded 184M reads 
[14:50:17] Read1: loaded 185M reads 
[14:50:17] Read2: loaded 185M reads 
[14:50:18] Read1: loaded 186M reads 
[14:50:18] Read2: loaded 186M reads 
[14:50:19] Read2: loaded 187M reads 
[14:50:19] Read1: loaded 187M reads 
[14:50:20] Read2: loaded 188M reads 
[14:50:20] Read1: loaded 188M reads 
[14:50:21] Read2: loaded 189M reads 
[14:50:21] Read1: loaded 189M reads 
[14:50:22] Read2: loaded 190M reads 
[14:50:22] Read1: loaded 190M reads 
[14:50:23] Read2: loaded 191M reads 
[14:50:23] Read1: loaded 191M reads 
[14:50:25] Read2: loaded 192M reads 
[14:50:25] Read1: loaded 192M reads 
[14:50:26] Read1: loaded 193M reads 
[14:50:26] Read2: loaded 193M reads 
[14:50:27] Read2: loaded 194M reads 
[14:50:27] Read1: loaded 194M reads 
[14:50:28] Read1: loaded 195M reads 
[14:50:28] Read2: loaded 195M reads 
[14:50:29] Read2: loaded 196M reads 
[14:50:29] Read1: loaded 196M reads 
[14:50:30] Read2: loaded 197M reads 
[14:50:30] Read1: loaded 197M reads 
[14:50:31] Read1: loaded 198M reads 
[14:50:31] Read2: loaded 198M reads 
[14:50:32] Read2: loaded 199M reads 
[14:50:32] Read1: loaded 199M reads 
[14:50:33] Read2: loaded 200M reads 
[14:50:33] Read1: loaded 200M reads 
[14:50:34] Read2: loaded 201M reads 
[14:50:34] Read1: loaded 201M reads 
[14:50:35] Read1: loaded 202M reads 
[14:50:35] Read2: loaded 202M reads 
[14:50:37] Read1: loaded 203M reads 
[14:50:37] Read2: loaded 203M reads 
[14:50:38] Read1: loaded 204M reads 
[14:50:38] Read2: loaded 204M reads 
[14:50:39] Read1: loaded 205M reads 
[14:50:39] Read2: loaded 205M reads 
[14:50:40] Read1: loaded 206M reads 
[14:50:40] Read2: loaded 206M reads 
[14:50:41] Read1: loaded 207M reads 
[14:50:41] Read2: loaded 207M reads 
[14:50:42] Read1: loaded 208M reads 
[14:50:42] Read2: loaded 208M reads 
[14:50:43] Read1: loaded 209M reads 
[14:50:43] Read2: loaded 209M reads 
[14:50:44] Read2: loaded 210M reads 
[14:50:44] Read1: loaded 210M reads 
[14:50:45] Read1: loaded 211M reads 
[14:50:45] Read2: loaded 211M reads 
[14:50:46] Read2: loaded 212M reads 
[14:50:46] Read1: loaded 212M reads 
[14:50:48] Read2: loaded 213M reads 
[14:50:48] Read1: loaded 213M reads 
[14:50:49] Read2: loaded 214M reads 
[14:50:49] Read1: loaded 214M reads 
[14:50:50] Read2: loaded 215M reads 
[14:50:50] Read1: loaded 215M reads 
[14:50:51] Read2: loaded 216M reads 
[14:50:51] Read1: loaded 216M reads 
[14:50:52] Read2: loaded 217M reads 
[14:50:52] Read1: loaded 217M reads 
[14:50:53] Read2: loaded 218M reads 
[14:50:53] Read1: loaded 218M reads 
[14:50:54] Read1: loaded 219M reads 
[14:50:54] Read2: loaded 219M reads 
[14:50:55] Read1: loaded 220M reads 
[14:50:55] Read2: loaded 220M reads 
[14:50:56] Read1: loaded 221M reads 
[14:50:56] Read2: loaded 221M reads 
[14:50:58] Read2: loaded 222M reads 
[14:50:58] Read1: loaded 222M reads 
[14:50:59] Read2: loaded 223M reads 
[14:50:59] Read1: loaded 223M reads 
[14:51:00] Read2: loaded 224M reads 
[14:51:00] Read1: loaded 224M reads 
[14:51:01] Read1: loaded 225M reads 
[14:51:01] Read2: loaded 225M reads 
[14:51:02] Read1: loaded 226M reads 
[14:51:02] Read2: loaded 226M reads 
[14:51:03] Read1: loaded 227M reads 
[14:51:03] Read2: loaded 227M reads 
[14:51:04] Read2: loaded 228M reads 
[14:51:04] Read1: loaded 228M reads 
[14:51:05] Read2: loaded 229M reads 
[14:51:05] Read1: loaded 229M reads 
[14:51:06] Read1: loaded 230M reads 
[14:51:06] Read2: loaded 230M reads 
[14:51:08] Read1: loaded 231M reads 
[14:51:08] Read2: loaded 231M reads 
[14:51:09] Read1: loaded 232M reads 
[14:51:09] Read2: loaded 232M reads 
[14:51:10] Read1: loaded 233M reads 
[14:51:10] Read2: loaded 233M reads 
[14:51:11] Read2: loaded 234M reads 
[14:51:11] Read1: loaded 234M reads 
[14:51:12] Read1: loaded 235M reads 
[14:51:12] Read2: loaded 235M reads 
[14:51:13] Read1: loaded 236M reads 
[14:51:13] Read2: loaded 236M reads 
[14:51:14] Read1: loaded 237M reads 
[14:51:14] Read2: loaded 237M reads 
[14:51:15] Read1: loaded 238M reads 
[14:51:15] Read2: loaded 238M reads 
[14:51:17] Read1: loaded 239M reads 
[14:51:17] Read2: loaded 239M reads 
[14:51:18] Read1: loaded 240M reads 
[14:51:18] Read2: loaded 240M reads 
[14:51:19] Read1: loaded 241M reads 
[14:51:19] Read2: loaded 241M reads 
[14:51:20] Read2: loaded 242M reads 
[14:51:20] Read1: loaded 242M reads 
[14:51:21] Read2: loaded 243M reads 
[14:51:21] Read1: loaded 243M reads 
[14:51:22] Read2: loaded 244M reads 
[14:51:22] Read1: loaded 244M reads 
[14:51:23] Read2: loaded 245M reads 
[14:51:23] Read1: loaded 245M reads 
[14:51:24] Read2: loaded 246M reads 
[14:51:24] Read1: loaded 246M reads 
[14:51:26] Read2: loaded 247M reads 
[14:51:26] Read1: loaded 247M reads 
[14:51:27] Read2: loaded 248M reads 
[14:51:27] Read1: loaded 248M reads 
[14:51:28] Read2: loaded 249M reads 
[14:51:28] Read1: loaded 249M reads 
[14:51:29] Read2: loaded 250M reads 
[14:51:29] Read1: loaded 250M reads 
[14:51:30] Read2: loaded 251M reads 
[14:51:30] Read1: loaded 251M reads 
[14:51:31] Read2: loaded 252M reads 
[14:51:31] Read1: loaded 252M reads 
[14:51:33] Read2: loaded 253M reads 
[14:51:33] Read1: loaded 253M reads 
[14:51:34] Read2: loaded 254M reads 
[14:51:34] Read1: loaded 254M reads 
[14:51:35] Read2: loaded 255M reads 
[14:51:35] Read1: loaded 255M reads 
[14:51:36] Read2: loaded 256M reads 
[14:51:36] Read1: loaded 256M reads 
[14:51:37] Read2: loaded 257M reads 
[14:51:37] Read1: loaded 257M reads 
[14:51:38] Read2: loaded 258M reads 
[14:51:38] Read1: loaded 258M reads 
[14:51:39] Read1: loaded 259M reads 
[14:51:39] Read2: loaded 259M reads 
[14:51:41] Read1: loaded 260M reads 
[14:51:41] Read2: loaded 260M reads 
[14:51:42] Read1: loaded 261M reads 
[14:51:42] Read2: loaded 261M reads 
[14:51:43] Read2: loaded 262M reads 
[14:51:43] Read1: loaded 262M reads 
[14:51:44] Read2: loaded 263M reads 
[14:51:44] Read1: loaded 263M reads 
[14:51:45] Read1: loaded 264M reads 
[14:51:45] Read2: loaded 264M reads 
[14:51:46] Read1: loaded 265M reads 
[14:51:46] Read2: loaded 265M reads 
[14:51:48] Read1: loaded 266M reads 
[14:51:48] Read2: loaded 266M reads 
[14:51:49] Read1: loaded 267M reads 
[14:51:49] Read2: loaded 267M reads 
[14:51:50] Read1: loaded 268M reads 
[14:51:50] Read2: loaded 268M reads 
[14:51:51] Read2: loaded 269M reads 
[14:51:51] Read1: loaded 269M reads 
[14:51:52] Read1: loaded 270M reads 
[14:51:52] Read2: loaded 270M reads 
[14:51:53] Read1: loaded 271M reads 
[14:51:53] Read2: loaded 271M reads 
[14:51:54] Read2: loaded 272M reads 
[14:51:54] Read1: loaded 272M reads 
[14:51:56] Read1: loaded 273M reads 
[14:51:56] Read2: loaded 273M reads 
[14:51:57] Read1: loaded 274M reads 
[14:51:57] Read2: loaded 274M reads 
[14:51:58] Read2: loaded 275M reads 
[14:51:58] Read1: loaded 275M reads 
[14:51:59] Read1: loaded 276M reads 
[14:51:59] Read2: loaded 276M reads 
[14:52:00] Read2: loaded 277M reads 
[14:52:00] Read1: loaded 277M reads 
[14:52:01] Read2: loaded 278M reads 
[14:52:01] Read1: loaded 278M reads 
[14:52:03] Read1: loaded 279M reads 
[14:52:03] Read2: loaded 279M reads 
[14:52:04] Read1: loaded 280M reads 
[14:52:04] Read2: loaded 280M reads 
[14:52:05] Read1: loaded 281M reads 
[14:52:05] Read2: loaded 281M reads 
[14:52:06] Read1: loaded 282M reads 
[14:52:06] Read2: loaded 282M reads 
[14:52:07] Read1: loaded 283M reads 
[14:52:07] Read2: loaded 283M reads 
[14:52:08] Read1: loaded 284M reads 
[14:52:08] Read2: loaded 284M reads 
[14:52:10] Read2: loaded 285M reads 
[14:52:10] Read1: loaded 285M reads 
[14:52:11] Read1: loaded 286M reads 
[14:52:11] Read2: loaded 286M reads 
[14:52:12] Read2: loaded 287M reads 
[14:52:12] Read1: loaded 287M reads 
[14:52:13] Read1: loaded 288M reads 
[14:52:13] Read2: loaded 288M reads 
[14:52:14] Read1: loaded 289M reads 
[14:52:14] Read2: loaded 289M reads 
[14:52:15] Read1: loaded 290M reads 
[14:52:15] Read2: loaded 290M reads 
[14:52:17] Read2: loaded 291M reads 
[14:52:17] Read1: loaded 291M reads 
[14:52:18] Read1: loaded 292M reads 
[14:52:18] Read2: loaded 292M reads 
[14:52:19] Read1: loaded 293M reads 
[14:52:19] Read2: loaded 293M reads 
[14:52:20] Read2: loaded 294M reads 
[14:52:20] Read1: loaded 294M reads 
[14:52:21] Read2: loaded 295M reads 
[14:52:21] Read1: loaded 295M reads 
[14:52:22] Read1: loaded 296M reads 
[14:52:22] Read2: loaded 296M reads 
[14:52:23] Read2: loaded 297M reads 
[14:52:23] Read1: loaded 297M reads 
[14:52:25] Read2: loaded 298M reads 
[14:52:25] Read1: loaded 298M reads 
[14:52:26] Read2: loaded 299M reads 
[14:52:26] Read1: loaded 299M reads 
[14:52:27] Read1: loaded 300M reads 
[14:52:27] Read2: loaded 300M reads 
[14:52:28] Read1: loaded 301M reads 
[14:52:28] Read2: loaded 301M reads 
[14:52:29] Read1: loaded 302M reads 
[14:52:29] Read2: loaded 302M reads 
[14:52:30] Read1: loaded 303M reads 
[14:52:30] Read2: loaded 303M reads 
[14:52:31] Read1: loaded 304M reads 
[14:52:31] Read2: loaded 304M reads 
[14:52:32] Read1: loaded 305M reads 
[14:52:33] Read2: loaded 305M reads 
[14:52:34] Read1: loaded 306M reads 
[14:52:34] Read2: loaded 306M reads 
[14:52:35] Read1: loaded 307M reads 
[14:52:35] Read2: loaded 307M reads 
[14:52:36] Read1: loaded 308M reads 
[14:52:36] Read2: loaded 308M reads 
[14:52:37] Read1: loaded 309M reads 
[14:52:37] Read2: loaded 309M reads 
[14:52:38] Read1: loaded 310M reads 
[14:52:38] Read2: loaded 310M reads 
[14:52:39] Read1: loaded 311M reads 
[14:52:39] Read2: loaded 311M reads 
[14:52:40] Read2: loaded 312M reads 
[14:52:40] Read1: loaded 312M reads 
[14:52:41] Read1: loaded 313M reads 
[14:52:41] Read2: loaded 313M reads 
[14:52:43] Read2: loaded 314M reads 
[14:52:43] Read1: loaded 314M reads 
[14:52:44] Read2: loaded 315M reads 
[14:52:44] Read1: loaded 315M reads 
[14:52:45] Read2: loaded 316M reads 
[14:52:45] Read1: loaded 316M reads 
[14:52:46] Read2: loaded 317M reads 
[14:52:46] Read1: loaded 317M reads 
[14:52:47] Read2: loaded 318M reads 
[14:52:47] Read1: loaded 318M reads 
[14:52:48] Read2: loaded 319M reads 
[14:52:48] Read1: loaded 319M reads 
[14:52:50] Read1: loaded 320M reads 
[14:52:50] Read2: loaded 320M reads 
[14:52:51] Read1: loaded 321M reads 
[14:52:51] Read2: loaded 321M reads 
[14:52:52] Read2: loaded 322M reads 
[14:52:52] Read1: loaded 322M reads 
[14:52:53] Read2: loaded 323M reads 
[14:52:53] Read1: loaded 323M reads 
[14:52:54] Read2: loaded 324M reads 
[14:52:54] Read1: loaded 324M reads 
[14:52:55] Read1: loaded 325M reads 
[14:52:55] Read2: loaded 325M reads 
[14:52:57] Read1: loaded 326M reads 
[14:52:57] Read2: loaded 326M reads 
[14:52:58] Read1: loaded 327M reads 
[14:52:58] Read2: loaded 327M reads 
[14:52:59] Read1: loaded 328M reads 
[14:52:59] Read2: loaded 328M reads 
[14:53:00] Read1: loaded 329M reads 
[14:53:00] Read2: loaded 329M reads 
[14:53:01] Read2: loaded 330M reads 
[14:53:01] Read1: loaded 330M reads 
[14:53:03] Read1: loaded 331M reads 
[14:53:03] Read2: loaded 331M reads 
[14:53:04] Read1: loaded 332M reads 
[14:53:04] Read2: loaded 332M reads 
[14:53:05] Read1: loaded 333M reads 
[14:53:05] Read2: loaded 333M reads 
[14:53:06] Read2: loaded 334M reads 
[14:53:06] Read1: loaded 334M reads 
[14:53:07] Read2: loaded 335M reads 
[14:53:07] Read1: loaded 335M reads 
[14:53:09] Read1: loaded 336M reads 
[14:53:09] Read2: loaded 336M reads 
[14:53:10] Read1: loaded 337M reads 
[14:53:10] Read2: loaded 337M reads 
[14:53:11] Read2: loaded 338M reads 
[14:53:11] Read1: loaded 338M reads 
[14:53:12] Read2: loaded 339M reads 
[14:53:12] Read1: loaded 339M reads 
[14:53:13] Read1: loaded 340M reads 
[14:53:13] Read2: loaded 340M reads 
[14:53:14] Read1: loaded 341M reads 
[14:53:14] Read2: loaded 341M reads 
[14:53:16] Read2: loaded 342M reads 
[14:53:16] Read1: loaded 342M reads 
[14:53:17] Read2: loaded 343M reads 
[14:53:17] Read1: loaded 343M reads 
[14:53:18] Read2: loaded 344M reads 
[14:53:18] Read1: loaded 344M reads 
[14:53:19] Read1: loaded 345M reads 
[14:53:19] Read2: loaded 345M reads 
[14:53:20] Read1: loaded 346M reads 
[14:53:20] Read2: loaded 346M reads 
[14:53:21] Read1: loaded 347M reads 
[14:53:21] Read2: loaded 347M reads 
[14:53:23] Read1: loaded 348M reads 
[14:53:23] Read2: loaded 348M reads 
[14:53:24] Read1: loaded 349M reads 
[14:53:24] Read2: loaded 349M reads 
[14:53:25] Read2: loaded 350M reads 
[14:53:25] Read1: loaded 350M reads 
[14:53:26] Read1: loaded 351M reads 
[14:53:26] Read2: loaded 351M reads 
[14:53:27] Read1: loaded 352M reads 
[14:53:27] Read2: loaded 352M reads 
[14:53:29] Read1: loaded 353M reads 
[14:53:29] Read2: loaded 353M reads 
[14:53:30] Read2: loaded 354M reads 
[14:53:30] Read1: loaded 354M reads 
[14:53:31] Read2: loaded 355M reads 
[14:53:31] Read1: loaded 355M reads 
[14:53:32] Read2: loaded 356M reads 
[14:53:32] Read1: loaded 356M reads 
[14:53:33] Read2: loaded 357M reads 
[14:53:33] Read1: loaded 357M reads 
[14:53:34] Read1: loaded 358M reads 
[14:53:34] Read2: loaded 358M reads 
[14:53:36] Read1: loaded 359M reads 
[14:53:36] Read2: loaded 359M reads 
[14:53:37] Read1: loaded 360M reads 
[14:53:37] Read2: loaded 360M reads 
[14:53:38] Read2: loaded 361M reads 
[14:53:38] Read1: loaded 361M reads 
[14:53:38] Read2: loading completed with 361282 packs 
[14:53:38] Read1: loading completed with 361282 packs 
[14:53:38] thread 3 data processing completed 
[14:53:38] thread 3 finished 
[14:53:38] thread 4 data processing completed 
[14:53:38] thread 4 finished 
[14:53:38] thread 5 data processing completed 
[14:53:38] thread 5 finished 
[14:53:38] thread 6 data processing completed 
[14:53:38] thread 6 finished 
[14:53:38] thread 7 data processing completed 
[14:53:38] thread 7 finished 
[14:53:38] thread 8 data processing completed 
[14:53:38] thread 8 finished 
[14:53:38] thread 9 data processing completed 
[14:53:38] thread 9 finished 
[14:53:38] thread 10 data processing completed 
[14:53:38] thread 10 finished 
[14:53:38] thread 11 data processing completed 
[14:53:38] thread 11 finished 
[14:53:38] thread 12 data processing completed 
[14:53:38] thread 12 finished 
[14:53:38] thread 13 data processing completed 
[14:53:38] thread 13 finished 
[14:53:38] thread 14 data processing completed 
[14:53:38] thread 14 finished 
[14:53:38] thread 15 data processing completed 
[14:53:38] thread 15 finished 
[14:53:38] thread 16 data processing completed 
[14:53:38] thread 16 finished 
[14:53:38] thread 1 data processing completed 
[14:53:38] thread 1 finished 
[14:53:38] thread 2 data processing completed 
[14:53:38] thread 2 finished 
[14:53:38] start to generate reports
 
Read1 before filtering:
total reads: 361281611
total bases: 54192241650
Q20 bases: 54123398100(99.873%)
Q30 bases: 54123398100(99.873%)
Q40 bases: 0(0%)

Read2 before filtering:
total reads: 361281611
total bases: 54192241650
Q20 bases: 53855170050(99.378%)
Q30 bases: 53855170050(99.378%)
Q40 bases: 0(0%)

Read1 after filtering:
total reads: 358607374
total bases: 53574361382
Q20 bases: 53574361382(100%)
Q30 bases: 53574361382(100%)
Q40 bases: 0(0%)

Read2 after filtering:
total reads: 358607374
total bases: 53574361382
Q20 bases: 53574361382(100%)
Q30 bases: 53574361382(100%)
Q40 bases: 0(0%)

Filtering result:
reads passed filter: 717214748
reads failed due to low quality: 5328396
reads failed due to too many N: 20078
reads failed due to too short: 0
reads failed due to adapter dimer: 0
reads with adapter trimmed: 9627740
bases trimmed due to adapters: 442711160

Duplication rate: 5.60214%

Insert size peak (evaluated by paired-end reads): 269

JSON report: /dev/shm/fastp_bench_0EBKHU.json
HTML report: /dev/null

/home/mpiuser/bioauto_rev/fastp_d0bromir/../fastp_opengene/fastp -w 16 -j /dev/shm/fastp_bench_0EBKHU.json -h /dev/null --verbose -i /home/mpiuser/FASTQ/WGS/DRR216653_1.fastq.gz -I /home/mpiuser/FASTQ/WGS/DRR216653_2.fastq.gz -o /dev/shm/fastp_bench_NKNB4L_R1.fq.gz -O /dev/shm/fastp_bench_LZHYuO_R2.fq.gz 
fastp v1.3.3, time used: 407 seconds
================================================================

================================================================
 Application  : d0bromir_cpu (/home/mpiuser/bioauto_rev/fastp_d0bromir/fastp-cpu)
 Dataset      : WGS PE 40G (DRR216653 R1+R2)
 Files        : R1=/home/mpiuser/FASTQ/WGS/DRR216653_1.fastq.gz
               R2=/home/mpiuser/FASTQ/WGS/DRR216653_2.fastq.gz
 Type         : PE
 Threads      : 16
 Wall time    : 239.899 s
 reads_in     : 722563222
 reads_out    : 717214748
 vs_opengene  : -41.2%
--- Resource usage ---
 CPU avg/peak : 3140.7% / 3722.4%
 RSS peak     : 2375 MiB
 GPU util a/p : 10.3% / 50.0%
 GPU mem peak : 0 MiB
 Sample CSV   : /home/mpiuser/bioauto_rev/fastp_d0bromir/benchmark_results/20261004_144651/resources/resource_WGS_PE_40G_d0bromir_cpu_T16_1791125624.csv
--- Profiling output ---
[14:53:44] fastp 1.3.3-d0bromir starting 
[14:53:45] [fastp 1.3.3-d0bromir] Stage: loading 
[14:53:45] start to load data of read1 
[14:53:45] start to load data of read2 
[14:53:46] Read1: loaded 1M reads 
[14:53:46] Read2: loaded 1M reads 
[14:53:46] Read1: loaded 2M reads 
[14:53:46] Read2: loaded 2M reads 
[14:53:47] Read2: loaded 3M reads 
[14:53:47] Read1: loaded 3M reads 
[14:53:48] Read2: loaded 4M reads 
[14:53:48] Read1: loaded 4M reads 
[14:53:48] Read2: loaded 5M reads 
[14:53:48] Read1: loaded 5M reads 
[14:53:49] Read2: loaded 6M reads 
[14:53:49] Read1: loaded 6M reads 
[14:53:50] Read2: loaded 7M reads 
[14:53:50] Read1: loaded 7M reads 
[14:53:50] Read1: loaded 8M reads 
[14:53:50] Read2: loaded 8M reads 
[14:53:51] Read2: loaded 9M reads 
[14:53:51] Read1: loaded 9M reads 
[14:53:52] Read2: loaded 10M reads 
[14:53:52] Read1: loaded 10M reads 
[14:53:52] Read2: loaded 11M reads 
[14:53:52] Read1: loaded 11M reads 
[14:53:53] Read2: loaded 12M reads 
[14:53:53] Read1: loaded 12M reads 
[14:53:54] Read2: loaded 13M reads 
[14:53:54] Read1: loaded 13M reads 
[14:53:54] Read2: loaded 14M reads 
[14:53:54] Read1: loaded 14M reads 
[14:53:55] Read2: loaded 15M reads 
[14:53:55] Read1: loaded 15M reads 
[14:53:56] Read2: loaded 16M reads 
[14:53:56] Read1: loaded 16M reads 
[14:53:56] Read2: loaded 17M reads 
[14:53:56] Read1: loaded 17M reads 
[14:53:57] Read2: loaded 18M reads 
[14:53:57] Read1: loaded 18M reads 
[14:53:57] Read2: loaded 19M reads 
[14:53:58] Read1: loaded 19M reads 
[14:53:58] Read2: loaded 20M reads 
[14:53:58] Read1: loaded 20M reads 
[14:53:59] Read2: loaded 21M reads 
[14:53:59] Read1: loaded 21M reads 
[14:53:59] Read2: loaded 22M reads 
[14:53:59] Read1: loaded 22M reads 
[14:54:00] Read2: loaded 23M reads 
[14:54:00] Read1: loaded 23M reads 
[14:54:01] Read2: loaded 24M reads 
[14:54:01] Read1: loaded 24M reads 
[14:54:01] Read1: loaded 25M reads 
[14:54:01] Read2: loaded 25M reads 
[14:54:02] Read1: loaded 26M reads 
[14:54:02] Read2: loaded 26M reads 
[14:54:03] Read1: loaded 27M reads 
[14:54:03] Read2: loaded 27M reads 
[14:54:03] Read1: loaded 28M reads 
[14:54:03] Read2: loaded 28M reads 
[14:54:04] Read1: loaded 29M reads 
[14:54:04] Read2: loaded 29M reads 
[14:54:05] Read1: loaded 30M reads 
[14:54:05] Read2: loaded 30M reads 
[14:54:05] Read1: loaded 31M reads 
[14:54:05] Read2: loaded 31M reads 
[14:54:06] Read1: loaded 32M reads 
[14:54:06] Read2: loaded 32M reads 
[14:54:07] Read2: loaded 33M reads 
[14:54:07] Read1: loaded 33M reads 
[14:54:07] Read2: loaded 34M reads 
[14:54:07] Read1: loaded 34M reads 
[14:54:08] Read1: loaded 35M reads 
[14:54:08] Read2: loaded 35M reads 
[14:54:09] Read1: loaded 36M reads 
[14:54:09] Read2: loaded 36M reads 
[14:54:09] Read1: loaded 37M reads 
[14:54:09] Read2: loaded 37M reads 
[14:54:10] Read1: loaded 38M reads 
[14:54:10] Read2: loaded 38M reads 
[14:54:11] Read1: loaded 39M reads 
[14:54:11] Read2: loaded 39M reads 
[14:54:11] Read1: loaded 40M reads 
[14:54:11] Read2: loaded 40M reads 
[14:54:12] Read1: loaded 41M reads 
[14:54:12] Read2: loaded 41M reads 
[14:54:13] Read1: loaded 42M reads 
[14:54:13] Read2: loaded 42M reads 
[14:54:13] Read1: loaded 43M reads 
[14:54:13] Read2: loaded 43M reads 
[14:54:14] Read1: loaded 44M reads 
[14:54:14] Read2: loaded 44M reads 
[14:54:15] Read1: loaded 45M reads 
[14:54:15] Read2: loaded 45M reads 
[14:54:15] Read1: loaded 46M reads 
[14:54:15] Read2: loaded 46M reads 
[14:54:16] Read1: loaded 47M reads 
[14:54:16] Read2: loaded 47M reads 
[14:54:17] Read1: loaded 48M reads 
[14:54:17] Read2: loaded 48M reads 
[14:54:17] Read1: loaded 49M reads 
[14:54:17] Read2: loaded 49M reads 
[14:54:18] Read1: loaded 50M reads 
[14:54:18] Read2: loaded 50M reads 
[14:54:19] Read1: loaded 51M reads 
[14:54:19] Read2: loaded 51M reads 
[14:54:19] Read1: loaded 52M reads 
[14:54:19] Read2: loaded 52M reads 
[14:54:20] Read1: loaded 53M reads 
[14:54:20] Read2: loaded 53M reads 
[14:54:21] Read2: loaded 54M reads 
[14:54:21] Read1: loaded 54M reads 
[14:54:21] Read2: loaded 55M reads 
[14:54:21] Read1: loaded 55M reads 
[14:54:22] Read2: loaded 56M reads 
[14:54:22] Read1: loaded 56M reads 
[14:54:23] Read2: loaded 57M reads 
[14:54:23] Read1: loaded 57M reads 
[14:54:23] Read2: loaded 58M reads 
[14:54:23] Read1: loaded 58M reads 
[14:54:24] Read1: loaded 59M reads 
[14:54:24] Read2: loaded 59M reads 
[14:54:25] Read1: loaded 60M reads 
[14:54:25] Read2: loaded 60M reads 
[14:54:25] Read1: loaded 61M reads 
[14:54:25] Read2: loaded 61M reads 
[14:54:26] Read1: loaded 62M reads 
[14:54:26] Read2: loaded 62M reads 
[14:54:27] Read1: loaded 63M reads 
[14:54:27] Read2: loaded 63M reads 
[14:54:27] Read1: loaded 64M reads 
[14:54:27] Read2: loaded 64M reads 
[14:54:28] Read1: loaded 65M reads 
[14:54:28] Read2: loaded 65M reads 
[14:54:29] Read1: loaded 66M reads 
[14:54:29] Read2: loaded 66M reads 
[14:54:29] Read1: loaded 67M reads 
[14:54:29] Read2: loaded 67M reads 
[14:54:30] Read1: loaded 68M reads 
[14:54:30] Read2: loaded 68M reads 
[14:54:31] Read1: loaded 69M reads 
[14:54:31] Read2: loaded 69M reads 
[14:54:31] Read1: loaded 70M reads 
[14:54:31] Read2: loaded 70M reads 
[14:54:32] Read1: loaded 71M reads 
[14:54:32] Read2: loaded 71M reads 
[14:54:33] Read1: loaded 72M reads 
[14:54:33] Read2: loaded 72M reads 
[14:54:33] Read1: loaded 73M reads 
[14:54:33] Read2: loaded 73M reads 
[14:54:34] Read1: loaded 74M reads 
[14:54:34] Read2: loaded 74M reads 
[14:54:35] Read1: loaded 75M reads 
[14:54:35] Read2: loaded 75M reads 
[14:54:35] Read1: loaded 76M reads 
[14:54:35] Read2: loaded 76M reads 
[14:54:36] Read1: loaded 77M reads 
[14:54:36] Read2: loaded 77M reads 
[14:54:37] Read1: loaded 78M reads 
[14:54:37] Read2: loaded 78M reads 
[14:54:37] Read1: loaded 79M reads 
[14:54:37] Read2: loaded 79M reads 
[14:54:38] Read1: loaded 80M reads 
[14:54:38] Read2: loaded 80M reads 
[14:54:39] Read1: loaded 81M reads 
[14:54:39] Read2: loaded 81M reads 
[14:54:39] Read1: loaded 82M reads 
[14:54:39] Read2: loaded 82M reads 
[14:54:40] Read1: loaded 83M reads 
[14:54:40] Read2: loaded 83M reads 
[14:54:41] Read1: loaded 84M reads 
[14:54:41] Read2: loaded 84M reads 
[14:54:41] Read1: loaded 85M reads 
[14:54:41] Read2: loaded 85M reads 
[14:54:42] Read1: loaded 86M reads 
[14:54:42] Read2: loaded 86M reads 
[14:54:42] Read1: loaded 87M reads 
[14:54:43] Read2: loaded 87M reads 
[14:54:43] Read1: loaded 88M reads 
[14:54:43] Read2: loaded 88M reads 
[14:54:44] Read1: loaded 89M reads 
[14:54:44] Read2: loaded 89M reads 
[14:54:44] Read1: loaded 90M reads 
[14:54:45] Read2: loaded 90M reads 
[14:54:45] Read1: loaded 91M reads 
[14:54:45] Read2: loaded 91M reads 
[14:54:46] Read1: loaded 92M reads 
[14:54:46] Read2: loaded 92M reads 
[14:54:46] Read1: loaded 93M reads 
[14:54:47] Read2: loaded 93M reads 
[14:54:47] Read1: loaded 94M reads 
[14:54:47] Read2: loaded 94M reads 
[14:54:48] Read1: loaded 95M reads 
[14:54:48] Read2: loaded 95M reads 
[14:54:48] Read1: loaded 96M reads 
[14:54:49] Read2: loaded 96M reads 
[14:54:49] Read1: loaded 97M reads 
[14:54:49] Read2: loaded 97M reads 
[14:54:50] Read1: loaded 98M reads 
[14:54:50] Read2: loaded 98M reads 
[14:54:50] Read1: loaded 99M reads 
[14:54:50] Read2: loaded 99M reads 
[14:54:51] Read1: loaded 100M reads 
[14:54:51] Read2: loaded 100M reads 
[14:54:52] Read1: loaded 101M reads 
[14:54:52] Read2: loaded 101M reads 
[14:54:52] Read1: loaded 102M reads 
[14:54:52] Read2: loaded 102M reads 
[14:54:53] Read1: loaded 103M reads 
[14:54:53] Read2: loaded 103M reads 
[14:54:53] Read1: loaded 104M reads 
[14:54:54] Read2: loaded 104M reads 
[14:54:54] Read1: loaded 105M reads 
[14:54:54] Read2: loaded 105M reads 
[14:54:55] Read1: loaded 106M reads 
[14:54:55] Read2: loaded 106M reads 
[14:54:55] Read1: loaded 107M reads 
[14:54:56] Read2: loaded 107M reads 
[14:54:56] Read1: loaded 108M reads 
[14:54:56] Read2: loaded 108M reads 
[14:54:57] Read1: loaded 109M reads 
[14:54:57] Read2: loaded 109M reads 
[14:54:57] Read1: loaded 110M reads 
[14:54:58] Read2: loaded 110M reads 
[14:54:58] Read1: loaded 111M reads 
[14:54:58] Read2: loaded 111M reads 
[14:54:59] Read1: loaded 112M reads 
[14:54:59] Read2: loaded 112M reads 
[14:54:59] Read1: loaded 113M reads 
[14:55:00] Read2: loaded 113M reads 
[14:55:00] Read1: loaded 114M reads 
[14:55:00] Read2: loaded 114M reads 
[14:55:01] Read1: loaded 115M reads 
[14:55:01] Read2: loaded 115M reads 
[14:55:01] Read1: loaded 116M reads 
[14:55:02] Read2: loaded 116M reads 
[14:55:02] Read1: loaded 117M reads 
[14:55:02] Read2: loaded 117M reads 
[14:55:03] Read1: loaded 118M reads 
[14:55:03] Read2: loaded 118M reads 
[14:55:03] Read1: loaded 119M reads 
[14:55:03] Read2: loaded 119M reads 
[14:55:04] Read1: loaded 120M reads 
[14:55:04] Read2: loaded 120M reads 
[14:55:05] Read1: loaded 121M reads 
[14:55:05] Read2: loaded 121M reads 
[14:55:05] Read1: loaded 122M reads 
[14:55:05] Read2: loaded 122M reads 
[14:55:06] Read1: loaded 123M reads 
[14:55:06] Read2: loaded 123M reads 
[14:55:06] Read1: loaded 124M reads 
[14:55:07] Read2: loaded 124M reads 
[14:55:07] Read1: loaded 125M reads 
[14:55:07] Read2: loaded 125M reads 
[14:55:08] Read1: loaded 126M reads 
[14:55:08] Read2: loaded 126M reads 
[14:55:08] Read1: loaded 127M reads 
[14:55:09] Read2: loaded 127M reads 
[14:55:09] Read1: loaded 128M reads 
[14:55:09] Read2: loaded 128M reads 
[14:55:10] Read1: loaded 129M reads 
[14:55:10] Read2: loaded 129M reads 
[14:55:10] Read1: loaded 130M reads 
[14:55:11] Read2: loaded 130M reads 
[14:55:11] Read1: loaded 131M reads 
[14:55:11] Read2: loaded 131M reads 
[14:55:12] Read1: loaded 132M reads 
[14:55:12] Read2: loaded 132M reads 
[14:55:12] Read1: loaded 133M reads 
[14:55:13] Read2: loaded 133M reads 
[14:55:13] Read1: loaded 134M reads 
[14:55:13] Read2: loaded 134M reads 
[14:55:14] Read1: loaded 135M reads 
[14:55:14] Read2: loaded 135M reads 
[14:55:14] Read1: loaded 136M reads 
[14:55:15] Read2: loaded 136M reads 
[14:55:15] Read1: loaded 137M reads 
[14:55:15] Read2: loaded 137M reads 
[14:55:16] Read1: loaded 138M reads 
[14:55:16] Read2: loaded 138M reads 
[14:55:16] Read1: loaded 139M reads 
[14:55:16] Read2: loaded 139M reads 
[14:55:17] Read1: loaded 140M reads 
[14:55:17] Read2: loaded 140M reads 
[14:55:18] Read1: loaded 141M reads 
[14:55:18] Read2: loaded 141M reads 
[14:55:18] Read1: loaded 142M reads 
[14:55:18] Read2: loaded 142M reads 
[14:55:19] Read1: loaded 143M reads 
[14:55:19] Read2: loaded 143M reads 
[14:55:19] Read1: loaded 144M reads 
[14:55:20] Read2: loaded 144M reads 
[14:55:20] Read1: loaded 145M reads 
[14:55:20] Read2: loaded 145M reads 
[14:55:21] Read1: loaded 146M reads 
[14:55:21] Read2: loaded 146M reads 
[14:55:21] Read1: loaded 147M reads 
[14:55:22] Read2: loaded 147M reads 
[14:55:22] Read1: loaded 148M reads 
[14:55:22] Read2: loaded 148M reads 
[14:55:23] Read1: loaded 149M reads 
[14:55:23] Read2: loaded 149M reads 
[14:55:23] Read1: loaded 150M reads 
[14:55:24] Read2: loaded 150M reads 
[14:55:24] Read1: loaded 151M reads 
[14:55:24] Read2: loaded 151M reads 
[14:55:25] Read1: loaded 152M reads 
[14:55:25] Read2: loaded 152M reads 
[14:55:25] Read1: loaded 153M reads 
[14:55:26] Read2: loaded 153M reads 
[14:55:26] Read1: loaded 154M reads 
[14:55:26] Read2: loaded 154M reads 
[14:55:27] Read1: loaded 155M reads 
[14:55:27] Read2: loaded 155M reads 
[14:55:27] Read1: loaded 156M reads 
[14:55:28] Read2: loaded 156M reads 
[14:55:28] Read1: loaded 157M reads 
[14:55:28] Read2: loaded 157M reads 
[14:55:29] Read1: loaded 158M reads 
[14:55:29] Read2: loaded 158M reads 
[14:55:29] Read1: loaded 159M reads 
[14:55:30] Read2: loaded 159M reads 
[14:55:30] Read1: loaded 160M reads 
[14:55:30] Read2: loaded 160M reads 
[14:55:31] Read1: loaded 161M reads 
[14:55:31] Read2: loaded 161M reads 
[14:55:31] Read1: loaded 162M reads 
[14:55:31] Read2: loaded 162M reads 
[14:55:32] Read1: loaded 163M reads 
[14:55:32] Read2: loaded 163M reads 
[14:55:33] Read1: loaded 164M reads 
[14:55:33] Read2: loaded 164M reads 
[14:55:33] Read1: loaded 165M reads 
[14:55:33] Read2: loaded 165M reads 
[14:55:34] Read1: loaded 166M reads 
[14:55:34] Read2: loaded 166M reads 
[14:55:35] Read1: loaded 167M reads 
[14:55:35] Read2: loaded 167M reads 
[14:55:35] Read1: loaded 168M reads 
[14:55:35] Read2: loaded 168M reads 
[14:55:36] Read1: loaded 169M reads 
[14:55:36] Read2: loaded 169M reads 
[14:55:36] Read1: loaded 170M reads 
[14:55:37] Read2: loaded 170M reads 
[14:55:37] Read1: loaded 171M reads 
[14:55:37] Read2: loaded 171M reads 
[14:55:38] Read1: loaded 172M reads 
[14:55:38] Read2: loaded 172M reads 
[14:55:38] Read1: loaded 173M reads 
[14:55:39] Read2: loaded 173M reads 
[14:55:39] Read1: loaded 174M reads 
[14:55:39] Read2: loaded 174M reads 
[14:55:40] Read1: loaded 175M reads 
[14:55:40] Read2: loaded 175M reads 
[14:55:40] Read1: loaded 176M reads 
[14:55:41] Read2: loaded 176M reads 
[14:55:41] Read1: loaded 177M reads 
[14:55:41] Read2: loaded 177M reads 
[14:55:42] Read1: loaded 178M reads 
[14:55:42] Read2: loaded 178M reads 
[14:55:42] Read1: loaded 179M reads 
[14:55:43] Read2: loaded 179M reads 
[14:55:43] Read1: loaded 180M reads 
[14:55:43] Read2: loaded 180M reads 
[14:55:44] Read1: loaded 181M reads 
[14:55:44] Read2: loaded 181M reads 
[14:55:44] Read1: loaded 182M reads 
[14:55:45] Read2: loaded 182M reads 
[14:55:45] Read1: loaded 183M reads 
[14:55:45] Read2: loaded 183M reads 
[14:55:46] Read1: loaded 184M reads 
[14:55:46] Read2: loaded 184M reads 
[14:55:46] Read1: loaded 185M reads 
[14:55:47] Read2: loaded 185M reads 
[14:55:47] Read1: loaded 186M reads 
[14:55:47] Read2: loaded 186M reads 
[14:55:48] Read1: loaded 187M reads 
[14:55:48] Read2: loaded 187M reads 
[14:55:48] Read1: loaded 188M reads 
[14:55:48] Read2: loaded 188M reads 
[14:55:49] Read1: loaded 189M reads 
[14:55:49] Read2: loaded 189M reads 
[14:55:50] Read1: loaded 190M reads 
[14:55:50] Read2: loaded 190M reads 
[14:55:50] Read1: loaded 191M reads 
[14:55:50] Read2: loaded 191M reads 
[14:55:51] Read1: loaded 192M reads 
[14:55:51] Read2: loaded 192M reads 
[14:55:52] Read1: loaded 193M reads 
[14:55:52] Read2: loaded 193M reads 
[14:55:52] Read1: loaded 194M reads 
[14:55:52] Read2: loaded 194M reads 
[14:55:53] Read1: loaded 195M reads 
[14:55:53] Read2: loaded 195M reads 
[14:55:53] Read1: loaded 196M reads 
[14:55:54] Read2: loaded 196M reads 
[14:55:54] Read1: loaded 197M reads 
[14:55:54] Read2: loaded 197M reads 
[14:55:55] Read1: loaded 198M reads 
[14:55:55] Read2: loaded 198M reads 
[14:55:55] Read1: loaded 199M reads 
[14:55:56] Read2: loaded 199M reads 
[14:55:56] Read1: loaded 200M reads 
[14:55:56] Read2: loaded 200M reads 
[14:55:57] Read1: loaded 201M reads 
[14:55:57] Read2: loaded 201M reads 
[14:55:57] Read1: loaded 202M reads 
[14:55:58] Read2: loaded 202M reads 
[14:55:58] Read1: loaded 203M reads 
[14:55:58] Read2: loaded 203M reads 
[14:55:59] Read1: loaded 204M reads 
[14:55:59] Read2: loaded 204M reads 
[14:55:59] Read1: loaded 205M reads 
[14:56:00] Read2: loaded 205M reads 
[14:56:00] Read1: loaded 206M reads 
[14:56:00] Read2: loaded 206M reads 
[14:56:01] Read1: loaded 207M reads 
[14:56:01] Read2: loaded 207M reads 
[14:56:01] Read1: loaded 208M reads 
[14:56:02] Read2: loaded 208M reads 
[14:56:02] Read1: loaded 209M reads 
[14:56:02] Read2: loaded 209M reads 
[14:56:03] Read1: loaded 210M reads 
[14:56:03] Read2: loaded 210M reads 
[14:56:03] Read1: loaded 211M reads 
[14:56:03] Read2: loaded 211M reads 
[14:56:04] Read1: loaded 212M reads 
[14:56:04] Read2: loaded 212M reads 
[14:56:05] Read1: loaded 213M reads 
[14:56:05] Read2: loaded 213M reads 
[14:56:05] Read1: loaded 214M reads 
[14:56:05] Read2: loaded 214M reads 
[14:56:06] Read1: loaded 215M reads 
[14:56:06] Read2: loaded 215M reads 
[14:56:07] Read1: loaded 216M reads 
[14:56:07] Read2: loaded 216M reads 
[14:56:07] Read1: loaded 217M reads 
[14:56:07] Read2: loaded 217M reads 
[14:56:08] Read1: loaded 218M reads 
[14:56:08] Read2: loaded 218M reads 
[14:56:08] Read1: loaded 219M reads 
[14:56:09] Read2: loaded 219M reads 
[14:56:09] Read1: loaded 220M reads 
[14:56:09] Read2: loaded 220M reads 
[14:56:10] Read1: loaded 221M reads 
[14:56:10] Read2: loaded 221M reads 
[14:56:10] Read1: loaded 222M reads 
[14:56:11] Read2: loaded 222M reads 
[14:56:11] Read1: loaded 223M reads 
[14:56:11] Read2: loaded 223M reads 
[14:56:12] Read1: loaded 224M reads 
[14:56:12] Read2: loaded 224M reads 
[14:56:12] Read1: loaded 225M reads 
[14:56:13] Read2: loaded 225M reads 
[14:56:13] Read1: loaded 226M reads 
[14:56:13] Read2: loaded 226M reads 
[14:56:14] Read1: loaded 227M reads 
[14:56:14] Read2: loaded 227M reads 
[14:56:14] Read1: loaded 228M reads 
[14:56:15] Read2: loaded 228M reads 
[14:56:15] Read1: loaded 229M reads 
[14:56:15] Read2: loaded 229M reads 
[14:56:16] Read1: loaded 230M reads 
[14:56:16] Read2: loaded 230M reads 
[14:56:16] Read1: loaded 231M reads 
[14:56:17] Read2: loaded 231M reads 
[14:56:17] Read1: loaded 232M reads 
[14:56:17] Read2: loaded 232M reads 
[14:56:18] Read1: loaded 233M reads 
[14:56:18] Read2: loaded 233M reads 
[14:56:18] Read1: loaded 234M reads 
[14:56:19] Read2: loaded 234M reads 
[14:56:19] Read1: loaded 235M reads 
[14:56:19] Read2: loaded 235M reads 
[14:56:20] Read1: loaded 236M reads 
[14:56:20] Read2: loaded 236M reads 
[14:56:20] Read1: loaded 237M reads 
[14:56:21] Read2: loaded 237M reads 
[14:56:21] Read1: loaded 238M reads 
[14:56:21] Read2: loaded 238M reads 
[14:56:22] Read1: loaded 239M reads 
[14:56:22] Read2: loaded 239M reads 
[14:56:22] Read1: loaded 240M reads 
[14:56:23] Read2: loaded 240M reads 
[14:56:23] Read1: loaded 241M reads 
[14:56:23] Read2: loaded 241M reads 
[14:56:24] Read1: loaded 242M reads 
[14:56:24] Read2: loaded 242M reads 
[14:56:24] Read1: loaded 243M reads 
[14:56:25] Read2: loaded 243M reads 
[14:56:25] Read1: loaded 244M reads 
[14:56:25] Read2: loaded 244M reads 
[14:56:26] Read1: loaded 245M reads 
[14:56:26] Read2: loaded 245M reads 
[14:56:26] Read1: loaded 246M reads 
[14:56:27] Read2: loaded 246M reads 
[14:56:27] Read1: loaded 247M reads 
[14:56:27] Read2: loaded 247M reads 
[14:56:28] Read1: loaded 248M reads 
[14:56:28] Read2: loaded 248M reads 
[14:56:28] Read1: loaded 249M reads 
[14:56:29] Read2: loaded 249M reads 
[14:56:29] Read1: loaded 250M reads 
[14:56:29] Read2: loaded 250M reads 
[14:56:30] Read1: loaded 251M reads 
[14:56:30] Read2: loaded 251M reads 
[14:56:30] Read1: loaded 252M reads 
[14:56:31] Read2: loaded 252M reads 
[14:56:31] Read1: loaded 253M reads 
[14:56:31] Read2: loaded 253M reads 
[14:56:32] Read1: loaded 254M reads 
[14:56:32] Read2: loaded 254M reads 
[14:56:32] Read1: loaded 255M reads 
[14:56:32] Read2: loaded 255M reads 
[14:56:33] Read1: loaded 256M reads 
[14:56:33] Read2: loaded 256M reads 
[14:56:34] Read1: loaded 257M reads 
[14:56:34] Read2: loaded 257M reads 
[14:56:34] Read1: loaded 258M reads 
[14:56:34] Read2: loaded 258M reads 
[14:56:35] Read1: loaded 259M reads 
[14:56:35] Read2: loaded 259M reads 
[14:56:36] Read1: loaded 260M reads 
[14:56:36] Read2: loaded 260M reads 
[14:56:36] Read1: loaded 261M reads 
[14:56:36] Read2: loaded 261M reads 
[14:56:37] Read1: loaded 262M reads 
[14:56:37] Read2: loaded 262M reads 
[14:56:38] Read1: loaded 263M reads 
[14:56:38] Read2: loaded 263M reads 
[14:56:38] Read1: loaded 264M reads 
[14:56:38] Read2: loaded 264M reads 
[14:56:39] Read1: loaded 265M reads 
[14:56:39] Read2: loaded 265M reads 
[14:56:40] Read1: loaded 266M reads 
[14:56:40] Read2: loaded 266M reads 
[14:56:40] Read1: loaded 267M reads 
[14:56:40] Read2: loaded 267M reads 
[14:56:41] Read1: loaded 268M reads 
[14:56:41] Read2: loaded 268M reads 
[14:56:41] Read1: loaded 269M reads 
[14:56:42] Read2: loaded 269M reads 
[14:56:42] Read1: loaded 270M reads 
[14:56:42] Read2: loaded 270M reads 
[14:56:43] Read1: loaded 271M reads 
[14:56:43] Read2: loaded 271M reads 
[14:56:43] Read1: loaded 272M reads 
[14:56:44] Read2: loaded 272M reads 
[14:56:44] Read1: loaded 273M reads 
[14:56:44] Read2: loaded 273M reads 
[14:56:45] Read1: loaded 274M reads 
[14:56:45] Read2: loaded 274M reads 
[14:56:45] Read1: loaded 275M reads 
[14:56:46] Read2: loaded 275M reads 
[14:56:46] Read1: loaded 276M reads 
[14:56:46] Read2: loaded 276M reads 
[14:56:47] Read1: loaded 277M reads 
[14:56:47] Read2: loaded 277M reads 
[14:56:47] Read1: loaded 278M reads 
[14:56:48] Read2: loaded 278M reads 
[14:56:48] Read1: loaded 279M reads 
[14:56:48] Read2: loaded 279M reads 
[14:56:49] Read1: loaded 280M reads 
[14:56:49] Read2: loaded 280M reads 
[14:56:49] Read1: loaded 281M reads 
[14:56:50] Read2: loaded 281M reads 
[14:56:50] Read1: loaded 282M reads 
[14:56:50] Read2: loaded 282M reads 
[14:56:51] Read1: loaded 283M reads 
[14:56:51] Read2: loaded 283M reads 
[14:56:51] Read1: loaded 284M reads 
[14:56:52] Read2: loaded 284M reads 
[14:56:52] Read1: loaded 285M reads 
[14:56:52] Read2: loaded 285M reads 
[14:56:53] Read1: loaded 286M reads 
[14:56:53] Read2: loaded 286M reads 
[14:56:53] Read1: loaded 287M reads 
[14:56:54] Read2: loaded 287M reads 
[14:56:54] Read1: loaded 288M reads 
[14:56:54] Read2: loaded 288M reads 
[14:56:55] Read1: loaded 289M reads 
[14:56:55] Read2: loaded 289M reads 
[14:56:55] Read1: loaded 290M reads 
[14:56:56] Read2: loaded 290M reads 
[14:56:56] Read1: loaded 291M reads 
[14:56:56] Read2: loaded 291M reads 
[14:56:57] Read1: loaded 292M reads 
[14:56:57] Read2: loaded 292M reads 
[14:56:57] Read1: loaded 293M reads 
[14:56:58] Read2: loaded 293M reads 
[14:56:58] Read1: loaded 294M reads 
[14:56:58] Read2: loaded 294M reads 
[14:56:59] Read1: loaded 295M reads 
[14:56:59] Read2: loaded 295M reads 
[14:56:59] Read1: loaded 296M reads 
[14:57:00] Read2: loaded 296M reads 
[14:57:00] Read1: loaded 297M reads 
[14:57:00] Read2: loaded 297M reads 
[14:57:01] Read1: loaded 298M reads 
[14:57:01] Read2: loaded 298M reads 
[14:57:01] Read1: loaded 299M reads 
[14:57:02] Read2: loaded 299M reads 
[14:57:02] Read1: loaded 300M reads 
[14:57:02] Read2: loaded 300M reads 
[14:57:03] Read1: loaded 301M reads 
[14:57:03] Read2: loaded 301M reads 
[14:57:03] Read1: loaded 302M reads 
[14:57:03] Read2: loaded 302M reads 
[14:57:04] Read1: loaded 303M reads 
[14:57:04] Read2: loaded 303M reads 
[14:57:05] Read1: loaded 304M reads 
[14:57:05] Read2: loaded 304M reads 
[14:57:05] Read1: loaded 305M reads 
[14:57:05] Read2: loaded 305M reads 
[14:57:06] Read1: loaded 306M reads 
[14:57:06] Read2: loaded 306M reads 
[14:57:07] Read1: loaded 307M reads 
[14:57:07] Read2: loaded 307M reads 
[14:57:07] Read1: loaded 308M reads 
[14:57:07] Read2: loaded 308M reads 
[14:57:08] Read1: loaded 309M reads 
[14:57:08] Read2: loaded 309M reads 
[14:57:09] Read1: loaded 310M reads 
[14:57:09] Read2: loaded 310M reads 
[14:57:09] Read1: loaded 311M reads 
[14:57:09] Read2: loaded 311M reads 
[14:57:10] Read1: loaded 312M reads 
[14:57:10] Read2: loaded 312M reads 
[14:57:11] Read1: loaded 313M reads 
[14:57:11] Read2: loaded 313M reads 
[14:57:11] Read1: loaded 314M reads 
[14:57:11] Read2: loaded 314M reads 
[14:57:12] Read1: loaded 315M reads 
[14:57:12] Read2: loaded 315M reads 
[14:57:13] Read1: loaded 316M reads 
[14:57:13] Read2: loaded 316M reads 
[14:57:13] Read1: loaded 317M reads 
[14:57:13] Read2: loaded 317M reads 
[14:57:14] Read1: loaded 318M reads 
[14:57:14] Read2: loaded 318M reads 
[14:57:15] Read1: loaded 319M reads 
[14:57:15] Read2: loaded 319M reads 
[14:57:15] Read1: loaded 320M reads 
[14:57:15] Read2: loaded 320M reads 
[14:57:16] Read1: loaded 321M reads 
[14:57:16] Read2: loaded 321M reads 
[14:57:17] Read1: loaded 322M reads 
[14:57:17] Read2: loaded 322M reads 
[14:57:17] Read1: loaded 323M reads 
[14:57:17] Read2: loaded 323M reads 
[14:57:18] Read1: loaded 324M reads 
[14:57:18] Read2: loaded 324M reads 
[14:57:19] Read1: loaded 325M reads 
[14:57:19] Read2: loaded 325M reads 
[14:57:19] Read1: loaded 326M reads 
[14:57:19] Read2: loaded 326M reads 
[14:57:20] Read1: loaded 327M reads 
[14:57:20] Read2: loaded 327M reads 
[14:57:20] Read1: loaded 328M reads 
[14:57:21] Read2: loaded 328M reads 
[14:57:21] Read1: loaded 329M reads 
[14:57:21] Read2: loaded 329M reads 
[14:57:22] Read1: loaded 330M reads 
[14:57:22] Read2: loaded 330M reads 
[14:57:22] Read1: loaded 331M reads 
[14:57:23] Read2: loaded 331M reads 
[14:57:23] Read1: loaded 332M reads 
[14:57:23] Read2: loaded 332M reads 
[14:57:24] Read1: loaded 333M reads 
[14:57:24] Read2: loaded 333M reads 
[14:57:24] Read1: loaded 334M reads 
[14:57:25] Read2: loaded 334M reads 
[14:57:25] Read1: loaded 335M reads 
[14:57:25] Read2: loaded 335M reads 
[14:57:26] Read1: loaded 336M reads 
[14:57:26] Read2: loaded 336M reads 
[14:57:26] Read1: loaded 337M reads 
[14:57:27] Read2: loaded 337M reads 
[14:57:27] Read1: loaded 338M reads 
[14:57:27] Read2: loaded 338M reads 
[14:57:28] Read1: loaded 339M reads 
[14:57:28] Read2: loaded 339M reads 
[14:57:28] Read1: loaded 340M reads 
[14:57:29] Read2: loaded 340M reads 
[14:57:29] Read1: loaded 341M reads 
[14:57:29] Read2: loaded 341M reads 
[14:57:30] Read1: loaded 342M reads 
[14:57:30] Read2: loaded 342M reads 
[14:57:30] Read1: loaded 343M reads 
[14:57:31] Read2: loaded 343M reads 
[14:57:31] Read1: loaded 344M reads 
[14:57:31] Read2: loaded 344M reads 
[14:57:32] Read1: loaded 345M reads 
[14:57:32] Read2: loaded 345M reads 
[14:57:32] Read1: loaded 346M reads 
[14:57:33] Read2: loaded 346M reads 
[14:57:33] Read1: loaded 347M reads 
[14:57:33] Read2: loaded 347M reads 
[14:57:34] Read1: loaded 348M reads 
[14:57:34] Read2: loaded 348M reads 
[14:57:34] Read1: loaded 349M reads 
[14:57:34] Read2: loaded 349M reads 
[14:57:35] Read1: loaded 350M reads 
[14:57:35] Read2: loaded 350M reads 
[14:57:36] Read1: loaded 351M reads 
[14:57:36] Read2: loaded 351M reads 
[14:57:36] Read1: loaded 352M reads 
[14:57:36] Read2: loaded 352M reads 
[14:57:37] Read1: loaded 353M reads 
[14:57:37] Read2: loaded 353M reads 
[14:57:38] Read1: loaded 354M reads 
[14:57:38] Read2: loaded 354M reads 
[14:57:38] Read1: loaded 355M reads 
[14:57:38] Read2: loaded 355M reads 
[14:57:39] Read1: loaded 356M reads 
[14:57:39] Read2: loaded 356M reads 
[14:57:40] Read1: loaded 357M reads 
[14:57:40] Read2: loaded 357M reads 
[14:57:40] Read1: loaded 358M reads 
[14:57:40] Read2: loaded 358M reads 
[14:57:41] Read1: loaded 359M reads 
[14:57:41] Read2: loaded 359M reads 
[14:57:42] Read1: loaded 360M reads 
[14:57:42] Read2: loaded 360M reads 
[14:57:42] Read1: loaded 361M reads 
[14:57:42] Read2: loaded 361M reads 
[14:57:42] Read1: loading completed with 44102 packs 
[14:57:43] Read2: loading completed with 44102 packs 
[14:57:43] [fastp 1.3.3-d0bromir] Stage: loading (237590 ms) 
[14:57:43] [fastp 1.3.3-d0bromir] Stage: filtering 
[14:57:43] thread 5 data processing completed 
[14:57:43] thread 5 finished 
[14:57:43] thread 8 data processing completed 
[14:57:43] thread 8 finished 
[14:57:43] thread 2 data processing completed 
[14:57:43] thread 2 finished 
[14:57:43] thread 9 data processing completed 
[14:57:43] thread 9 finished 
[14:57:43] thread 4 data processing completed 
[14:57:43] thread 4 finished 
[14:57:43] thread 15 data processing completed 
[14:57:43] thread 15 finished 
[14:57:43] thread 12 data processing completed 
[14:57:43] thread 12 finished 
[14:57:43] thread 14 data processing completed 
[14:57:43] thread 14 finished 
[14:57:43] thread 16 data processing completed 
[14:57:43] thread 16 finished 
[14:57:43] thread 10 data processing completed 
[14:57:43] thread 10 finished 
[14:57:43] thread 11 data processing completed 
[14:57:43] thread 11 finished 
[14:57:43] thread 7 data processing completed 
[14:57:43] thread 7 finished 
[14:57:43] thread 13 data processing completed 
[14:57:43] thread 13 finished 
[14:57:43] thread 1 data processing completed 
[14:57:43] thread 1 finished 
[14:57:43] thread 3 data processing completed 
[14:57:43] thread 3 finished 
[14:57:43] thread 6 data processing completed 
[14:57:43] thread 6 finished 
[14:57:43] [fastp 1.3.3-d0bromir] Stage: filtering (248 ms) 
[14:57:43] [fastp 1.3.3-d0bromir] Stage: writing 
[14:57:43] /dev/shm/fastp_bench_E758nx_R2.fq.gz writer finished 
[14:57:43] /dev/shm/fastp_bench_hxtZix_R1.fq.gz writer finished 
[14:57:43] [fastp 1.3.3-d0bromir] Stage: writing (26 ms) 
[14:57:43] start to generate reports
 
Read1 before filtering:
total reads: 361281611
total bases: 54192241650
Q20 bases: 54123398100(99.873%)
Q30 bases: 54123398100(99.873%)
Q40 bases: 0(0%)

Read2 before filtering:
total reads: 361281611
total bases: 54192241650
Q20 bases: 53855170050(99.378%)
Q30 bases: 53855170050(99.378%)
Q40 bases: 0(0%)

Read1 after filtering:
total reads: 358607374
total bases: 53574361382
Q20 bases: 53574361382(100%)
Q30 bases: 53574361382(100%)
Q40 bases: 0(0%)

Read2 after filtering:
total reads: 358607374
total bases: 53574361382
Q20 bases: 53574361382(100%)
Q30 bases: 53574361382(100%)
Q40 bases: 0(0%)

Filtering result:
reads passed filter: 717214748
reads failed due to low quality: 5328396
reads failed due to too many N: 20078
reads failed due to too short: 0
reads failed due to adapter dimer: 0
reads with adapter trimmed: 9627740
bases trimmed due to adapters: 442711160

Duplication rate: 5.60214%

Insert size peak (evaluated by paired-end reads): 269

JSON report: /dev/shm/fastp_bench_gc5JrV.json
HTML report: /dev/null

/home/mpiuser/bioauto_rev/fastp_d0bromir/fastp-cpu -w 16 -j /dev/shm/fastp_bench_gc5JrV.json -h /dev/null --verbose -i /home/mpiuser/FASTQ/WGS/DRR216653_1.fastq.gz -I /home/mpiuser/FASTQ/WGS/DRR216653_2.fastq.gz -o /dev/shm/fastp_bench_hxtZix_R1.fq.gz -O /dev/shm/fastp_bench_E758nx_R2.fq.gz 
fastp v1.3.3-d0bromir, time used: 240 seconds
================================================================

================================================================
 Application  : d0bromir_gpu (/home/mpiuser/bioauto_rev/fastp_d0bromir/fastp)
 Dataset      : WGS PE 40G (DRR216653 R1+R2)
 Files        : R1=/home/mpiuser/FASTQ/WGS/DRR216653_1.fastq.gz
               R2=/home/mpiuser/FASTQ/WGS/DRR216653_2.fastq.gz
 Type         : PE
 Threads      : 16
 Wall time    : 242.017 s
 reads_in     : 722563222
 reads_out    : 717214748
 vs_opengene  : -40.6%
--- Resource usage ---
 CPU avg/peak : 2886.5% / 3471.4%
 RSS peak     : 3026 MiB
 GPU util a/p : 29.8% / 64.0%
 GPU mem peak : 1360 MiB
 Sample CSV   : /home/mpiuser/bioauto_rev/fastp_d0bromir/benchmark_results/20261004_144651/resources/resource_WGS_PE_40G_d0bromir_gpu_T16_1791125869.csv
--- Profiling output ---
[14:57:49] fastp 1.3.3-d0bromir starting 
[14:57:49] [GPU] CUDA GPU available (Device 0) - statistics GPU-accelerated (slots=8) 
[14:57:50] [fastp 1.3.3-d0bromir] Stage: loading 
[14:57:50] start to load data of read1 
[14:57:50] start to load data of read2 
[14:57:50] [GPU] CUDA GPU available (Device 1) - statistics GPU-accelerated (slots=8) 
[14:57:50] [GPU] Dual-GPU mode: Device 0 + Device 1 active 
[14:57:51] Read2: loaded 1M reads 
[14:57:51] Read1: loaded 1M reads 
[14:57:51] Read2: loaded 2M reads 
[14:57:51] Read1: loaded 2M reads 
[14:57:52] Read2: loaded 3M reads 
[14:57:52] Read1: loaded 3M reads 
[14:57:52] Read2: loaded 4M reads 
[14:57:53] Read1: loaded 4M reads 
[14:57:53] Read2: loaded 5M reads 
[14:57:53] Read1: loaded 5M reads 
[14:57:54] Read2: loaded 6M reads 
[14:57:54] Read1: loaded 6M reads 
[14:57:54] Read2: loaded 7M reads 
[14:57:54] Read1: loaded 7M reads 
[14:57:55] Read2: loaded 8M reads 
[14:57:55] Read1: loaded 8M reads 
[14:57:56] Read2: loaded 9M reads 
[14:57:56] Read1: loaded 9M reads 
[14:57:56] Read2: loaded 10M reads 
[14:57:56] Read1: loaded 10M reads 
[14:57:57] Read2: loaded 11M reads 
[14:57:57] Read1: loaded 11M reads 
[14:57:58] Read2: loaded 12M reads 
[14:57:58] Read1: loaded 12M reads 
[14:57:58] Read1: loaded 13M reads 
[14:57:58] Read2: loaded 13M reads 
[14:57:59] Read1: loaded 14M reads 
[14:57:59] Read2: loaded 14M reads 
[14:58:00] Read1: loaded 15M reads 
[14:58:00] Read2: loaded 15M reads 
[14:58:00] Read1: loaded 16M reads 
[14:58:00] Read2: loaded 16M reads 
[14:58:01] Read2: loaded 17M reads 
[14:58:01] Read1: loaded 17M reads 
[14:58:01] Read1: loaded 18M reads 
[14:58:02] Read2: loaded 18M reads 
[14:58:02] Read1: loaded 19M reads 
[14:58:02] Read2: loaded 19M reads 
[14:58:03] Read1: loaded 20M reads 
[14:58:03] Read2: loaded 20M reads 
[14:58:03] Read1: loaded 21M reads 
[14:58:03] Read2: loaded 21M reads 
[14:58:04] Read2: loaded 22M reads 
[14:58:04] Read1: loaded 22M reads 
[14:58:05] Read1: loaded 23M reads 
[14:58:05] Read2: loaded 23M reads 
[14:58:05] Read1: loaded 24M reads 
[14:58:05] Read2: loaded 24M reads 
[14:58:06] Read1: loaded 25M reads 
[14:58:06] Read2: loaded 25M reads 
[14:58:07] Read1: loaded 26M reads 
[14:58:07] Read2: loaded 26M reads 
[14:58:07] Read1: loaded 27M reads 
[14:58:07] Read2: loaded 27M reads 
[14:58:08] Read1: loaded 28M reads 
[14:58:08] Read2: loaded 28M reads 
[14:58:09] Read1: loaded 29M reads 
[14:58:09] Read2: loaded 29M reads 
[14:58:09] Read1: loaded 30M reads 
[14:58:09] Read2: loaded 30M reads 
[14:58:10] Read1: loaded 31M reads 
[14:58:10] Read2: loaded 31M reads 
[14:58:11] Read1: loaded 32M reads 
[14:58:11] Read2: loaded 32M reads 
[14:58:11] Read1: loaded 33M reads 
[14:58:11] Read2: loaded 33M reads 
[14:58:12] Read1: loaded 34M reads 
[14:58:12] Read2: loaded 34M reads 
[14:58:12] Read1: loaded 35M reads 
[14:58:13] Read2: loaded 35M reads 
[14:58:13] Read1: loaded 36M reads 
[14:58:13] Read2: loaded 36M reads 
[14:58:14] Read1: loaded 37M reads 
[14:58:14] Read2: loaded 37M reads 
[14:58:14] Read1: loaded 38M reads 
[14:58:14] Read2: loaded 38M reads 
[14:58:15] Read2: loaded 39M reads 
[14:58:15] Read1: loaded 39M reads 
[14:58:16] Read1: loaded 40M reads 
[14:58:16] Read2: loaded 40M reads 
[14:58:16] Read1: loaded 41M reads 
[14:58:16] Read2: loaded 41M reads 
[14:58:17] Read1: loaded 42M reads 
[14:58:17] Read2: loaded 42M reads 
[14:58:18] Read1: loaded 43M reads 
[14:58:18] Read2: loaded 43M reads 
[14:58:18] Read1: loaded 44M reads 
[14:58:18] Read2: loaded 44M reads 
[14:58:19] Read1: loaded 45M reads 
[14:58:19] Read2: loaded 45M reads 
[14:58:20] Read1: loaded 46M reads 
[14:58:20] Read2: loaded 46M reads 
[14:58:20] Read1: loaded 47M reads 
[14:58:20] Read2: loaded 47M reads 
[14:58:21] Read1: loaded 48M reads 
[14:58:21] Read2: loaded 48M reads 
[14:58:22] Read1: loaded 49M reads 
[14:58:22] Read2: loaded 49M reads 
[14:58:22] Read1: loaded 50M reads 
[14:58:22] Read2: loaded 50M reads 
[14:58:23] Read1: loaded 51M reads 
[14:58:23] Read2: loaded 51M reads 
[14:58:24] Read1: loaded 52M reads 
[14:58:24] Read2: loaded 52M reads 
[14:58:24] Read1: loaded 53M reads 
[14:58:24] Read2: loaded 53M reads 
[14:58:25] Read1: loaded 54M reads 
[14:58:25] Read2: loaded 54M reads 
[14:58:25] Read1: loaded 55M reads 
[14:58:26] Read2: loaded 55M reads 
[14:58:26] Read1: loaded 56M reads 
[14:58:26] Read2: loaded 56M reads 
[14:58:27] Read1: loaded 57M reads 
[14:58:27] Read2: loaded 57M reads 
[14:58:27] Read1: loaded 58M reads 
[14:58:27] Read2: loaded 58M reads 
[14:58:28] Read1: loaded 59M reads 
[14:58:28] Read2: loaded 59M reads 
[14:58:29] Read1: loaded 60M reads 
[14:58:29] Read2: loaded 60M reads 
[14:58:29] Read1: loaded 61M reads 
[14:58:29] Read2: loaded 61M reads 
[14:58:30] Read1: loaded 62M reads 
[14:58:30] Read2: loaded 62M reads 
[14:58:31] Read1: loaded 63M reads 
[14:58:31] Read2: loaded 63M reads 
[14:58:31] Read1: loaded 64M reads 
[14:58:31] Read2: loaded 64M reads 
[14:58:32] Read1: loaded 65M reads 
[14:58:32] Read2: loaded 65M reads 
[14:58:33] Read2: loaded 66M reads 
[14:58:33] Read1: loaded 66M reads 
[14:58:33] Read1: loaded 67M reads 
[14:58:33] Read2: loaded 67M reads 
[14:58:34] Read1: loaded 68M reads 
[14:58:34] Read2: loaded 68M reads 
[14:58:35] Read1: loaded 69M reads 
[14:58:35] Read2: loaded 69M reads 
[14:58:35] Read1: loaded 70M reads 
[14:58:35] Read2: loaded 70M reads 
[14:58:36] Read1: loaded 71M reads 
[14:58:36] Read2: loaded 71M reads 
[14:58:37] Read1: loaded 72M reads 
[14:58:37] Read2: loaded 72M reads 
[14:58:37] Read1: loaded 73M reads 
[14:58:37] Read2: loaded 73M reads 
[14:58:38] Read1: loaded 74M reads 
[14:58:38] Read2: loaded 74M reads 
[14:58:39] Read1: loaded 75M reads 
[14:58:39] Read2: loaded 75M reads 
[14:58:39] Read1: loaded 76M reads 
[14:58:39] Read2: loaded 76M reads 
[14:58:40] Read1: loaded 77M reads 
[14:58:40] Read2: loaded 77M reads 
[14:58:40] Read1: loaded 78M reads 
[14:58:41] Read2: loaded 78M reads 
[14:58:41] Read1: loaded 79M reads 
[14:58:41] Read2: loaded 79M reads 
[14:58:42] Read1: loaded 80M reads 
[14:58:42] Read2: loaded 80M reads 
[14:58:42] Read1: loaded 81M reads 
[14:58:42] Read2: loaded 81M reads 
[14:58:43] Read1: loaded 82M reads 
[14:58:43] Read2: loaded 82M reads 
[14:58:44] Read1: loaded 83M reads 
[14:58:44] Read2: loaded 83M reads 
[14:58:44] Read1: loaded 84M reads 
[14:58:44] Read2: loaded 84M reads 
[14:58:45] Read1: loaded 85M reads 
[14:58:45] Read2: loaded 85M reads 
[14:58:46] Read1: loaded 86M reads 
[14:58:46] Read2: loaded 86M reads 
[14:58:46] Read1: loaded 87M reads 
[14:58:46] Read2: loaded 87M reads 
[14:58:47] Read2: loaded 88M reads 
[14:58:47] Read1: loaded 88M reads 
[14:58:48] Read1: loaded 89M reads 
[14:58:48] Read2: loaded 89M reads 
[14:58:48] Read1: loaded 90M reads 
[14:58:48] Read2: loaded 90M reads 
[14:58:49] Read1: loaded 91M reads 
[14:58:49] Read2: loaded 91M reads 
[14:58:50] Read1: loaded 92M reads 
[14:58:50] Read2: loaded 92M reads 
[14:58:50] Read2: loaded 93M reads 
[14:58:50] Read1: loaded 93M reads 
[14:58:51] Read1: loaded 94M reads 
[14:58:51] Read2: loaded 94M reads 
[14:58:52] Read1: loaded 95M reads 
[14:58:52] Read2: loaded 95M reads 
[14:58:52] Read1: loaded 96M reads 
[14:58:52] Read2: loaded 96M reads 
[14:58:53] Read1: loaded 97M reads 
[14:58:53] Read2: loaded 97M reads 
[14:58:54] Read2: loaded 98M reads 
[14:58:54] Read1: loaded 98M reads 
[14:58:54] Read1: loaded 99M reads 
[14:58:54] Read2: loaded 99M reads 
[14:58:55] Read1: loaded 100M reads 
[14:58:55] Read2: loaded 100M reads 
[14:58:56] Read1: loaded 101M reads 
[14:58:56] Read2: loaded 101M reads 
[14:58:56] Read1: loaded 102M reads 
[14:58:56] Read2: loaded 102M reads 
[14:58:57] Read1: loaded 103M reads 
[14:58:57] Read2: loaded 103M reads 
[14:58:58] Read1: loaded 104M reads 
[14:58:58] Read2: loaded 104M reads 
[14:58:58] Read1: loaded 105M reads 
[14:58:58] Read2: loaded 105M reads 
[14:58:59] Read1: loaded 106M reads 
[14:58:59] Read2: loaded 106M reads 
[14:58:59] Read1: loaded 107M reads 
[14:58:59] Read2: loaded 107M reads 
[14:59:00] Read1: loaded 108M reads 
[14:59:00] Read2: loaded 108M reads 
[14:59:01] Read1: loaded 109M reads 
[14:59:01] Read2: loaded 109M reads 
[14:59:01] Read1: loaded 110M reads 
[14:59:01] Read2: loaded 110M reads 
[14:59:02] Read1: loaded 111M reads 
[14:59:02] Read2: loaded 111M reads 
[14:59:03] Read1: loaded 112M reads 
[14:59:03] Read2: loaded 112M reads 
[14:59:03] Read1: loaded 113M reads 
[14:59:03] Read2: loaded 113M reads 
[14:59:04] Read1: loaded 114M reads 
[14:59:04] Read2: loaded 114M reads 
[14:59:05] Read1: loaded 115M reads 
[14:59:05] Read2: loaded 115M reads 
[14:59:05] Read1: loaded 116M reads 
[14:59:05] Read2: loaded 116M reads 
[14:59:06] Read1: loaded 117M reads 
[14:59:06] Read2: loaded 117M reads 
[14:59:07] Read1: loaded 118M reads 
[14:59:07] Read2: loaded 118M reads 
[14:59:07] Read1: loaded 119M reads 
[14:59:07] Read2: loaded 119M reads 
[14:59:08] Read1: loaded 120M reads 
[14:59:08] Read2: loaded 120M reads 
[14:59:09] Read1: loaded 121M reads 
[14:59:09] Read2: loaded 121M reads 
[14:59:09] Read1: loaded 122M reads 
[14:59:09] Read2: loaded 122M reads 
[14:59:10] Read1: loaded 123M reads 
[14:59:10] Read2: loaded 123M reads 
[14:59:11] Read1: loaded 124M reads 
[14:59:11] Read2: loaded 124M reads 
[14:59:11] Read1: loaded 125M reads 
[14:59:11] Read2: loaded 125M reads 
[14:59:12] Read1: loaded 126M reads 
[14:59:12] Read2: loaded 126M reads 
[14:59:13] Read1: loaded 127M reads 
[14:59:13] Read2: loaded 127M reads 
[14:59:13] Read1: loaded 128M reads 
[14:59:13] Read2: loaded 128M reads 
[14:59:14] Read1: loaded 129M reads 
[14:59:14] Read2: loaded 129M reads 
[14:59:14] Read1: loaded 130M reads 
[14:59:15] Read2: loaded 130M reads 
[14:59:15] Read1: loaded 131M reads 
[14:59:15] Read2: loaded 131M reads 
[14:59:16] Read1: loaded 132M reads 
[14:59:16] Read2: loaded 132M reads 
[14:59:16] Read1: loaded 133M reads 
[14:59:17] Read2: loaded 133M reads 
[14:59:17] Read1: loaded 134M reads 
[14:59:17] Read2: loaded 134M reads 
[14:59:18] Read1: loaded 135M reads 
[14:59:18] Read2: loaded 135M reads 
[14:59:18] Read1: loaded 136M reads 
[14:59:19] Read2: loaded 136M reads 
[14:59:19] Read1: loaded 137M reads 
[14:59:19] Read2: loaded 137M reads 
[14:59:20] Read1: loaded 138M reads 
[14:59:20] Read2: loaded 138M reads 
[14:59:20] Read1: loaded 139M reads 
[14:59:20] Read2: loaded 139M reads 
[14:59:21] Read1: loaded 140M reads 
[14:59:21] Read2: loaded 140M reads 
[14:59:22] Read1: loaded 141M reads 
[14:59:22] Read2: loaded 141M reads 
[14:59:22] Read1: loaded 142M reads 
[14:59:22] Read2: loaded 142M reads 
[14:59:23] Read1: loaded 143M reads 
[14:59:23] Read2: loaded 143M reads 
[14:59:24] Read1: loaded 144M reads 
[14:59:24] Read2: loaded 144M reads 
[14:59:24] Read1: loaded 145M reads 
[14:59:24] Read2: loaded 145M reads 
[14:59:25] Read1: loaded 146M reads 
[14:59:25] Read2: loaded 146M reads 
[14:59:26] Read1: loaded 147M reads 
[14:59:26] Read2: loaded 147M reads 
[14:59:26] Read1: loaded 148M reads 
[14:59:26] Read2: loaded 148M reads 
[14:59:27] Read1: loaded 149M reads 
[14:59:27] Read2: loaded 149M reads 
[14:59:28] Read1: loaded 150M reads 
[14:59:28] Read2: loaded 150M reads 
[14:59:28] Read1: loaded 151M reads 
[14:59:28] Read2: loaded 151M reads 
[14:59:29] Read1: loaded 152M reads 
[14:59:29] Read2: loaded 152M reads 
[14:59:30] Read1: loaded 153M reads 
[14:59:30] Read2: loaded 153M reads 
[14:59:30] Read1: loaded 154M reads 
[14:59:31] Read2: loaded 154M reads 
[14:59:31] Read1: loaded 155M reads 
[14:59:31] Read2: loaded 155M reads 
[14:59:32] Read1: loaded 156M reads 
[14:59:32] Read2: loaded 156M reads 
[14:59:32] Read1: loaded 157M reads 
[14:59:33] Read2: loaded 157M reads 
[14:59:33] Read1: loaded 158M reads 
[14:59:33] Read2: loaded 158M reads 
[14:59:34] Read1: loaded 159M reads 
[14:59:34] Read2: loaded 159M reads 
[14:59:34] Read1: loaded 160M reads 
[14:59:35] Read2: loaded 160M reads 
[14:59:35] Read1: loaded 161M reads 
[14:59:35] Read2: loaded 161M reads 
[14:59:36] Read1: loaded 162M reads 
[14:59:36] Read2: loaded 162M reads 
[14:59:36] Read1: loaded 163M reads 
[14:59:37] Read2: loaded 163M reads 
[14:59:37] Read1: loaded 164M reads 
[14:59:37] Read2: loaded 164M reads 
[14:59:38] Read1: loaded 165M reads 
[14:59:38] Read2: loaded 165M reads 
[14:59:38] Read1: loaded 166M reads 
[14:59:39] Read2: loaded 166M reads 
[14:59:39] Read1: loaded 167M reads 
[14:59:39] Read2: loaded 167M reads 
[14:59:40] Read1: loaded 168M reads 
[14:59:40] Read2: loaded 168M reads 
[14:59:40] Read1: loaded 169M reads 
[14:59:41] Read2: loaded 169M reads 
[14:59:41] Read1: loaded 170M reads 
[14:59:41] Read2: loaded 170M reads 
[14:59:42] Read1: loaded 171M reads 
[14:59:42] Read2: loaded 171M reads 
[14:59:42] Read1: loaded 172M reads 
[14:59:42] Read2: loaded 172M reads 
[14:59:43] Read1: loaded 173M reads 
[14:59:43] Read2: loaded 173M reads 
[14:59:44] Read1: loaded 174M reads 
[14:59:44] Read2: loaded 174M reads 
[14:59:44] Read1: loaded 175M reads 
[14:59:44] Read2: loaded 175M reads 
[14:59:45] Read1: loaded 176M reads 
[14:59:45] Read2: loaded 176M reads 
[14:59:46] Read1: loaded 177M reads 
[14:59:46] Read2: loaded 177M reads 
[14:59:46] Read1: loaded 178M reads 
[14:59:46] Read2: loaded 178M reads 
[14:59:47] Read1: loaded 179M reads 
[14:59:47] Read2: loaded 179M reads 
[14:59:48] Read1: loaded 180M reads 
[14:59:48] Read2: loaded 180M reads 
[14:59:48] Read1: loaded 181M reads 
[14:59:48] Read2: loaded 181M reads 
[14:59:49] Read1: loaded 182M reads 
[14:59:49] Read2: loaded 182M reads 
[14:59:50] Read1: loaded 183M reads 
[14:59:50] Read2: loaded 183M reads 
[14:59:50] Read1: loaded 184M reads 
[14:59:50] Read2: loaded 184M reads 
[14:59:51] Read1: loaded 185M reads 
[14:59:51] Read2: loaded 185M reads 
[14:59:52] Read1: loaded 186M reads 
[14:59:52] Read2: loaded 186M reads 
[14:59:52] Read1: loaded 187M reads 
[14:59:52] Read2: loaded 187M reads 
[14:59:53] Read1: loaded 188M reads 
[14:59:53] Read2: loaded 188M reads 
[14:59:53] Read1: loaded 189M reads 
[14:59:54] Read2: loaded 189M reads 
[14:59:54] Read1: loaded 190M reads 
[14:59:54] Read2: loaded 190M reads 
[14:59:55] Read1: loaded 191M reads 
[14:59:55] Read2: loaded 191M reads 
[14:59:55] Read1: loaded 192M reads 
[14:59:56] Read2: loaded 192M reads 
[14:59:56] Read1: loaded 193M reads 
[14:59:56] Read2: loaded 193M reads 
[14:59:57] Read1: loaded 194M reads 
[14:59:57] Read2: loaded 194M reads 
[14:59:57] Read1: loaded 195M reads 
[14:59:58] Read2: loaded 195M reads 
[14:59:58] Read1: loaded 196M reads 
[14:59:58] Read2: loaded 196M reads 
[14:59:59] Read1: loaded 197M reads 
[14:59:59] Read2: loaded 197M reads 
[14:59:59] Read1: loaded 198M reads 
[15:00:00] Read2: loaded 198M reads 
[15:00:00] Read1: loaded 199M reads 
[15:00:00] Read2: loaded 199M reads 
[15:00:01] Read1: loaded 200M reads 
[15:00:01] Read2: loaded 200M reads 
[15:00:01] Read1: loaded 201M reads 
[15:00:02] Read2: loaded 201M reads 
[15:00:02] Read1: loaded 202M reads 
[15:00:02] Read2: loaded 202M reads 
[15:00:03] Read1: loaded 203M reads 
[15:00:03] Read2: loaded 203M reads 
[15:00:03] Read1: loaded 204M reads 
[15:00:04] Read2: loaded 204M reads 
[15:00:04] Read1: loaded 205M reads 
[15:00:04] Read2: loaded 205M reads 
[15:00:05] Read1: loaded 206M reads 
[15:00:05] Read2: loaded 206M reads 
[15:00:05] Read1: loaded 207M reads 
[15:00:06] Read2: loaded 207M reads 
[15:00:06] Read1: loaded 208M reads 
[15:00:06] Read2: loaded 208M reads 
[15:00:07] Read1: loaded 209M reads 
[15:00:07] Read2: loaded 209M reads 
[15:00:07] Read1: loaded 210M reads 
[15:00:08] Read2: loaded 210M reads 
[15:00:08] Read1: loaded 211M reads 
[15:00:08] Read2: loaded 211M reads 
[15:00:09] Read1: loaded 212M reads 
[15:00:09] Read2: loaded 212M reads 
[15:00:09] Read1: loaded 213M reads 
[15:00:10] Read2: loaded 213M reads 
[15:00:10] Read1: loaded 214M reads 
[15:00:10] Read2: loaded 214M reads 
[15:00:11] Read1: loaded 215M reads 
[15:00:11] Read2: loaded 215M reads 
[15:00:11] Read1: loaded 216M reads 
[15:00:12] Read2: loaded 216M reads 
[15:00:12] Read1: loaded 217M reads 
[15:00:12] Read2: loaded 217M reads 
[15:00:13] Read1: loaded 218M reads 
[15:00:13] Read2: loaded 218M reads 
[15:00:13] Read1: loaded 219M reads 
[15:00:14] Read2: loaded 219M reads 
[15:00:14] Read1: loaded 220M reads 
[15:00:14] Read2: loaded 220M reads 
[15:00:15] Read1: loaded 221M reads 
[15:00:15] Read2: loaded 221M reads 
[15:00:15] Read1: loaded 222M reads 
[15:00:16] Read2: loaded 222M reads 
[15:00:16] Read1: loaded 223M reads 
[15:00:16] Read2: loaded 223M reads 
[15:00:17] Read1: loaded 224M reads 
[15:00:17] Read2: loaded 224M reads 
[15:00:17] Read1: loaded 225M reads 
[15:00:18] Read2: loaded 225M reads 
[15:00:18] Read1: loaded 226M reads 
[15:00:18] Read2: loaded 226M reads 
[15:00:19] Read1: loaded 227M reads 
[15:00:19] Read2: loaded 227M reads 
[15:00:19] Read1: loaded 228M reads 
[15:00:20] Read2: loaded 228M reads 
[15:00:20] Read1: loaded 229M reads 
[15:00:20] Read2: loaded 229M reads 
[15:00:21] Read1: loaded 230M reads 
[15:00:21] Read2: loaded 230M reads 
[15:00:21] Read1: loaded 231M reads 
[15:00:22] Read2: loaded 231M reads 
[15:00:22] Read1: loaded 232M reads 
[15:00:22] Read2: loaded 232M reads 
[15:00:23] Read1: loaded 233M reads 
[15:00:23] Read2: loaded 233M reads 
[15:00:23] Read1: loaded 234M reads 
[15:00:24] Read2: loaded 234M reads 
[15:00:24] Read1: loaded 235M reads 
[15:00:24] Read2: loaded 235M reads 
[15:00:25] Read1: loaded 236M reads 
[15:00:25] Read2: loaded 236M reads 
[15:00:25] Read1: loaded 237M reads 
[15:00:26] Read2: loaded 237M reads 
[15:00:26] Read1: loaded 238M reads 
[15:00:26] Read2: loaded 238M reads 
[15:00:27] Read1: loaded 239M reads 
[15:00:27] Read2: loaded 239M reads 
[15:00:27] Read1: loaded 240M reads 
[15:00:28] Read2: loaded 240M reads 
[15:00:28] Read1: loaded 241M reads 
[15:00:28] Read2: loaded 241M reads 
[15:00:29] Read1: loaded 242M reads 
[15:00:29] Read2: loaded 242M reads 
[15:00:29] Read1: loaded 243M reads 
[15:00:30] Read2: loaded 243M reads 
[15:00:30] Read1: loaded 244M reads 
[15:00:30] Read2: loaded 244M reads 
[15:00:31] Read1: loaded 245M reads 
[15:00:31] Read2: loaded 245M reads 
[15:00:31] Read1: loaded 246M reads 
[15:00:32] Read2: loaded 246M reads 
[15:00:32] Read1: loaded 247M reads 
[15:00:32] Read2: loaded 247M reads 
[15:00:33] Read1: loaded 248M reads 
[15:00:33] Read2: loaded 248M reads 
[15:00:33] Read1: loaded 249M reads 
[15:00:34] Read2: loaded 249M reads 
[15:00:34] Read1: loaded 250M reads 
[15:00:34] Read2: loaded 250M reads 
[15:00:35] Read1: loaded 251M reads 
[15:00:35] Read2: loaded 251M reads 
[15:00:35] Read1: loaded 252M reads 
[15:00:36] Read2: loaded 252M reads 
[15:00:36] Read1: loaded 253M reads 
[15:00:36] Read2: loaded 253M reads 
[15:00:37] Read1: loaded 254M reads 
[15:00:37] Read2: loaded 254M reads 
[15:00:37] Read1: loaded 255M reads 
[15:00:38] Read2: loaded 255M reads 
[15:00:38] Read1: loaded 256M reads 
[15:00:38] Read2: loaded 256M reads 
[15:00:39] Read1: loaded 257M reads 
[15:00:39] Read2: loaded 257M reads 
[15:00:39] Read1: loaded 258M reads 
[15:00:40] Read2: loaded 258M reads 
[15:00:40] Read1: loaded 259M reads 
[15:00:40] Read2: loaded 259M reads 
[15:00:41] Read1: loaded 260M reads 
[15:00:41] Read2: loaded 260M reads 
[15:00:41] Read1: loaded 261M reads 
[15:00:42] Read2: loaded 261M reads 
[15:00:42] Read1: loaded 262M reads 
[15:00:42] Read2: loaded 262M reads 
[15:00:43] Read1: loaded 263M reads 
[15:00:43] Read2: loaded 263M reads 
[15:00:43] Read1: loaded 264M reads 
[15:00:44] Read2: loaded 264M reads 
[15:00:44] Read1: loaded 265M reads 
[15:00:44] Read2: loaded 265M reads 
[15:00:45] Read1: loaded 266M reads 
[15:00:45] Read2: loaded 266M reads 
[15:00:45] Read1: loaded 267M reads 
[15:00:46] Read2: loaded 267M reads 
[15:00:46] Read1: loaded 268M reads 
[15:00:46] Read2: loaded 268M reads 
[15:00:47] Read1: loaded 269M reads 
[15:00:47] Read2: loaded 269M reads 
[15:00:47] Read1: loaded 270M reads 
[15:00:48] Read2: loaded 270M reads 
[15:00:48] Read1: loaded 271M reads 
[15:00:48] Read2: loaded 271M reads 
[15:00:49] Read1: loaded 272M reads 
[15:00:49] Read2: loaded 272M reads 
[15:00:49] Read1: loaded 273M reads 
[15:00:50] Read2: loaded 273M reads 
[15:00:50] Read1: loaded 274M reads 
[15:00:50] Read2: loaded 274M reads 
[15:00:51] Read1: loaded 275M reads 
[15:00:51] Read2: loaded 275M reads 
[15:00:51] Read1: loaded 276M reads 
[15:00:52] Read2: loaded 276M reads 
[15:00:52] Read1: loaded 277M reads 
[15:00:52] Read2: loaded 277M reads 
[15:00:53] Read1: loaded 278M reads 
[15:00:53] Read2: loaded 278M reads 
[15:00:53] Read1: loaded 279M reads 
[15:00:54] Read2: loaded 279M reads 
[15:00:54] Read1: loaded 280M reads 
[15:00:54] Read2: loaded 280M reads 
[15:00:55] Read1: loaded 281M reads 
[15:00:55] Read2: loaded 281M reads 
[15:00:55] Read1: loaded 282M reads 
[15:00:56] Read2: loaded 282M reads 
[15:00:56] Read1: loaded 283M reads 
[15:00:56] Read2: loaded 283M reads 
[15:00:57] Read1: loaded 284M reads 
[15:00:57] Read2: loaded 284M reads 
[15:00:57] Read1: loaded 285M reads 
[15:00:58] Read2: loaded 285M reads 
[15:00:58] Read1: loaded 286M reads 
[15:00:58] Read2: loaded 286M reads 
[15:00:59] Read1: loaded 287M reads 
[15:00:59] Read2: loaded 287M reads 
[15:00:59] Read1: loaded 288M reads 
[15:01:00] Read2: loaded 288M reads 
[15:01:00] Read1: loaded 289M reads 
[15:01:00] Read2: loaded 289M reads 
[15:01:01] Read1: loaded 290M reads 
[15:01:01] Read2: loaded 290M reads 
[15:01:02] Read1: loaded 291M reads 
[15:01:02] Read2: loaded 291M reads 
[15:01:02] Read1: loaded 292M reads 
[15:01:02] Read2: loaded 292M reads 
[15:01:03] Read1: loaded 293M reads 
[15:01:03] Read2: loaded 293M reads 
[15:01:04] Read1: loaded 294M reads 
[15:01:04] Read2: loaded 294M reads 
[15:01:04] Read1: loaded 295M reads 
[15:01:04] Read2: loaded 295M reads 
[15:01:05] Read1: loaded 296M reads 
[15:01:05] Read2: loaded 296M reads 
[15:01:06] Read1: loaded 297M reads 
[15:01:06] Read2: loaded 297M reads 
[15:01:06] Read1: loaded 298M reads 
[15:01:06] Read2: loaded 298M reads 
[15:01:07] Read1: loaded 299M reads 
[15:01:07] Read2: loaded 299M reads 
[15:01:08] Read1: loaded 300M reads 
[15:01:08] Read2: loaded 300M reads 
[15:01:08] Read1: loaded 301M reads 
[15:01:08] Read2: loaded 301M reads 
[15:01:09] Read1: loaded 302M reads 
[15:01:09] Read2: loaded 302M reads 
[15:01:10] Read1: loaded 303M reads 
[15:01:10] Read2: loaded 303M reads 
[15:01:10] Read1: loaded 304M reads 
[15:01:10] Read2: loaded 304M reads 
[15:01:11] Read1: loaded 305M reads 
[15:01:11] Read2: loaded 305M reads 
[15:01:12] Read1: loaded 306M reads 
[15:01:12] Read2: loaded 306M reads 
[15:01:12] Read1: loaded 307M reads 
[15:01:12] Read2: loaded 307M reads 
[15:01:13] Read1: loaded 308M reads 
[15:01:13] Read2: loaded 308M reads 
[15:01:14] Read1: loaded 309M reads 
[15:01:14] Read2: loaded 309M reads 
[15:01:14] Read1: loaded 310M reads 
[15:01:14] Read2: loaded 310M reads 
[15:01:15] Read1: loaded 311M reads 
[15:01:15] Read2: loaded 311M reads 
[15:01:16] Read1: loaded 312M reads 
[15:01:16] Read2: loaded 312M reads 
[15:01:16] Read1: loaded 313M reads 
[15:01:17] Read2: loaded 313M reads 
[15:01:17] Read1: loaded 314M reads 
[15:01:17] Read2: loaded 314M reads 
[15:01:18] Read1: loaded 315M reads 
[15:01:18] Read2: loaded 315M reads 
[15:01:18] Read1: loaded 316M reads 
[15:01:19] Read2: loaded 316M reads 
[15:01:19] Read1: loaded 317M reads 
[15:01:19] Read2: loaded 317M reads 
[15:01:20] Read1: loaded 318M reads 
[15:01:20] Read2: loaded 318M reads 
[15:01:20] Read1: loaded 319M reads 
[15:01:21] Read2: loaded 319M reads 
[15:01:21] Read1: loaded 320M reads 
[15:01:21] Read2: loaded 320M reads 
[15:01:22] Read1: loaded 321M reads 
[15:01:22] Read2: loaded 321M reads 
[15:01:22] Read1: loaded 322M reads 
[15:01:23] Read2: loaded 322M reads 
[15:01:23] Read1: loaded 323M reads 
[15:01:23] Read2: loaded 323M reads 
[15:01:24] Read1: loaded 324M reads 
[15:01:24] Read2: loaded 324M reads 
[15:01:24] Read1: loaded 325M reads 
[15:01:25] Read2: loaded 325M reads 
[15:01:25] Read1: loaded 326M reads 
[15:01:25] Read2: loaded 326M reads 
[15:01:26] Read1: loaded 327M reads 
[15:01:26] Read2: loaded 327M reads 
[15:01:26] Read1: loaded 328M reads 
[15:01:27] Read2: loaded 328M reads 
[15:01:27] Read1: loaded 329M reads 
[15:01:27] Read2: loaded 329M reads 
[15:01:28] Read1: loaded 330M reads 
[15:01:28] Read2: loaded 330M reads 
[15:01:28] Read1: loaded 331M reads 
[15:01:29] Read2: loaded 331M reads 
[15:01:29] Read1: loaded 332M reads 
[15:01:29] Read2: loaded 332M reads 
[15:01:30] Read1: loaded 333M reads 
[15:01:30] Read2: loaded 333M reads 
[15:01:30] Read1: loaded 334M reads 
[15:01:31] Read2: loaded 334M reads 
[15:01:31] Read1: loaded 335M reads 
[15:01:31] Read2: loaded 335M reads 
[15:01:32] Read1: loaded 336M reads 
[15:01:32] Read2: loaded 336M reads 
[15:01:32] Read1: loaded 337M reads 
[15:01:33] Read2: loaded 337M reads 
[15:01:33] Read1: loaded 338M reads 
[15:01:33] Read2: loaded 338M reads 
[15:01:34] Read1: loaded 339M reads 
[15:01:34] Read2: loaded 339M reads 
[15:01:34] Read1: loaded 340M reads 
[15:01:35] Read2: loaded 340M reads 
[15:01:35] Read1: loaded 341M reads 
[15:01:35] Read2: loaded 341M reads 
[15:01:36] Read1: loaded 342M reads 
[15:01:36] Read2: loaded 342M reads 
[15:01:37] Read1: loaded 343M reads 
[15:01:37] Read2: loaded 343M reads 
[15:01:37] Read1: loaded 344M reads 
[15:01:37] Read2: loaded 344M reads 
[15:01:38] Read1: loaded 345M reads 
[15:01:38] Read2: loaded 345M reads 
[15:01:39] Read1: loaded 346M reads 
[15:01:39] Read2: loaded 346M reads 
[15:01:39] Read1: loaded 347M reads 
[15:01:40] Read2: loaded 347M reads 
[15:01:40] Read1: loaded 348M reads 
[15:01:40] Read2: loaded 348M reads 
[15:01:41] Read1: loaded 349M reads 
[15:01:41] Read2: loaded 349M reads 
[15:01:41] Read1: loaded 350M reads 
[15:01:42] Read2: loaded 350M reads 
[15:01:42] Read1: loaded 351M reads 
[15:01:42] Read2: loaded 351M reads 
[15:01:43] Read1: loaded 352M reads 
[15:01:43] Read2: loaded 352M reads 
[15:01:43] Read1: loaded 353M reads 
[15:01:44] Read2: loaded 353M reads 
[15:01:44] Read1: loaded 354M reads 
[15:01:44] Read2: loaded 354M reads 
[15:01:45] Read1: loaded 355M reads 
[15:01:45] Read2: loaded 355M reads 
[15:01:45] Read1: loaded 356M reads 
[15:01:46] Read2: loaded 356M reads 
[15:01:46] Read1: loaded 357M reads 
[15:01:46] Read2: loaded 357M reads 
[15:01:47] Read1: loaded 358M reads 
[15:01:47] Read2: loaded 358M reads 
[15:01:47] Read1: loaded 359M reads 
[15:01:48] Read2: loaded 359M reads 
[15:01:48] Read1: loaded 360M reads 
[15:01:48] Read2: loaded 360M reads 
[15:01:49] Read1: loaded 361M reads 
[15:01:49] Read1: loading completed with 44102 packs 
[15:01:49] Read2: loaded 361M reads 
[15:01:49] Read2: loading completed with 44102 packs 
[15:01:49] [fastp 1.3.3-d0bromir] Stage: loading (239580 ms) 
[15:01:49] [fastp 1.3.3-d0bromir] Stage: filtering 
[15:01:49] thread 6 data processing completed 
[15:01:49] thread 6 finished 
[15:01:49] thread 13 data processing completed 
[15:01:49] thread 13 finished 
[15:01:49] thread 5 data processing completed 
[15:01:49] thread 5 finished 
[15:01:49] thread 10 data processing completed 
[15:01:49] thread 10 finished 
[15:01:49] thread 9 data processing completed 
[15:01:49] thread 9 finished 
[15:01:49] thread 16 data processing completed 
[15:01:49] thread 16 finished 
[15:01:49] thread 11 data processing completed 
[15:01:49] thread 11 finished 
[15:01:49] thread 14 data processing completed 
[15:01:49] thread 14 finished 
[15:01:49] thread 2 data processing completed 
[15:01:49] thread 2 finished 
[15:01:49] thread 12 data processing completed 
[15:01:49] thread 12 finished 
[15:01:49] thread 8 data processing completed 
[15:01:49] thread 8 finished 
[15:01:49] thread 1 data processing completed 
[15:01:49] thread 1 finished 
[15:01:49] thread 3 data processing completed 
[15:01:49] thread 3 finished 
[15:01:49] thread 7 data processing completed 
[15:01:49] thread 7 finished 
[15:01:49] thread 4 data processing completed 
[15:01:49] thread 4 finished 
[15:01:49] thread 15 data processing completed 
[15:01:49] thread 15 finished 
[15:01:49] [fastp 1.3.3-d0bromir] Stage: filtering (79 ms) 
[15:01:49] [fastp 1.3.3-d0bromir] Stage: writing 
[15:01:49] /dev/shm/fastp_bench_LECtUc_R1.fq.gz writer finished 
[15:01:49] /dev/shm/fastp_bench_E2cbpM_R2.fq.gz writer finished 
[15:01:49] [fastp 1.3.3-d0bromir] Stage: writing (26 ms) 
[15:01:49] [GPU] Device 0: batches=44102 reads=361281611 
[15:01:49] [GPU] Device 1: batches=44102 reads=361281611 
[15:01:49] start to generate reports
 
Read1 before filtering:
total reads: 361281611
total bases: 54192241650
Q20 bases: 54123398100(99.873%)
Q30 bases: 54123398100(99.873%)
Q40 bases: 0(0%)

Read2 before filtering:
total reads: 361281611
total bases: 54192241650
Q20 bases: 53855170050(99.378%)
Q30 bases: 53855170050(99.378%)
Q40 bases: 0(0%)

Read1 after filtering:
total reads: 358607374
total bases: 53574361382
Q20 bases: 53574361382(100%)
Q30 bases: 53574361382(100%)
Q40 bases: 0(0%)

Read2 after filtering:
total reads: 358607374
total bases: 53574361382
Q20 bases: 53574361382(100%)
Q30 bases: 53574361382(100%)
Q40 bases: 0(0%)

Filtering result:
reads passed filter: 717214748
reads failed due to low quality: 5328396
reads failed due to too many N: 20078
reads failed due to too short: 0
reads failed due to adapter dimer: 0
reads with adapter trimmed: 9627740
bases trimmed due to adapters: 442711160

Duplication rate: 5.60214%

Insert size peak (evaluated by paired-end reads): 269

JSON report: /dev/shm/fastp_bench_jfKn9r.json
HTML report: /dev/null

/home/mpiuser/bioauto_rev/fastp_d0bromir/fastp -w 16 -j /dev/shm/fastp_bench_jfKn9r.json -h /dev/null --verbose -i /home/mpiuser/FASTQ/WGS/DRR216653_1.fastq.gz -I /home/mpiuser/FASTQ/WGS/DRR216653_2.fastq.gz -o /dev/shm/fastp_bench_LECtUc_R1.fq.gz -O /dev/shm/fastp_bench_E2cbpM_R2.fq.gz 
fastp v1.3.3-d0bromir, time used: 242 seconds
================================================================
