=== Full Benchmark Log: Mon Oct  5 03:42:35 UTC 2026 ===


================================================================
 Application  : d0bromir_cpu (/home/mpiuser/bioauto_rev/fastp_d0bromir/fastp-cpu)
 Dataset      : WGS PE 12.8G (ERR1044780 R1+R2)
 Files        : R1=/home/mpiuser/FASTQ/WGS/ERR1044780_1.fastq.gz
               R2=/home/mpiuser/FASTQ/WGS/ERR1044780_2.fastq.gz
 Type         : PE
 Threads      : 16
 Wall time    : 70.647 s
 reads_in     : 160629528
 reads_out    : 147153690
 vs_opengene  : N/A
--- Resource usage ---
 CPU avg/peak : 2153.1% / 2689.2%
 RSS peak     : 1940 MiB
 GPU util a/p : 0.0% / 0.0%
 GPU mem peak : 0 MiB
 Sample CSV   : /home/mpiuser/bioauto_rev/fastp_d0bromir/benchmark_results/20261005_034235/resources/resource_WGS_PE_12.8G_d0bromir_cpu_T16_1791172176.csv
--- Profiling output ---
[03:49:36] fastp 1.3.3-d0bromir starting 
[03:49:37] [fastp 1.3.3-d0bromir] Stage: loading 
[03:49:37] start to load data of read1 
[03:49:37] start to load data of read2 
[03:49:38] Read1: loaded 1M reads 
[03:49:38] Read2: loaded 1M reads 
[03:49:38] Read1: loaded 2M reads 
[03:49:38] Read2: loaded 2M reads 
[03:49:39] Read1: loaded 3M reads 
[03:49:39] Read2: loaded 3M reads 
[03:49:40] Read1: loaded 4M reads 
[03:49:40] Read2: loaded 4M reads 
[03:49:41] Read1: loaded 5M reads 
[03:49:41] Read2: loaded 5M reads 
[03:49:42] Read1: loaded 6M reads 
[03:49:42] Read2: loaded 6M reads 
[03:49:43] Read1: loaded 7M reads 
[03:49:43] Read2: loaded 7M reads 
[03:49:43] Read1: loaded 8M reads 
[03:49:44] Read2: loaded 8M reads 
[03:49:44] Read1: loaded 9M reads 
[03:49:44] Read2: loaded 9M reads 
[03:49:45] Read1: loaded 10M reads 
[03:49:45] Read2: loaded 10M reads 
[03:49:46] Read1: loaded 11M reads 
[03:49:46] Read2: loaded 11M reads 
[03:49:47] Read1: loaded 12M reads 
[03:49:47] Read2: loaded 12M reads 
[03:49:48] Read1: loaded 13M reads 
[03:49:48] Read2: loaded 13M reads 
[03:49:48] Read1: loaded 14M reads 
[03:49:49] Read2: loaded 14M reads 
[03:49:49] Read1: loaded 15M reads 
[03:49:50] Read2: loaded 15M reads 
[03:49:50] Read1: loaded 16M reads 
[03:49:51] Read2: loaded 16M reads 
[03:49:51] Read1: loaded 17M reads 
[03:49:51] Read2: loaded 17M reads 
[03:49:52] Read1: loaded 18M reads 
[03:49:52] Read2: loaded 18M reads 
[03:49:53] Read1: loaded 19M reads 
[03:49:53] Read2: loaded 19M reads 
[03:49:54] Read1: loaded 20M reads 
[03:49:54] Read2: loaded 20M reads 
[03:49:54] Read1: loaded 21M reads 
[03:49:55] Read2: loaded 21M reads 
[03:49:55] Read1: loaded 22M reads 
[03:49:56] Read2: loaded 22M reads 
[03:49:56] Read1: loaded 23M reads 
[03:49:57] Read2: loaded 23M reads 
[03:49:57] Read1: loaded 24M reads 
[03:49:57] Read2: loaded 24M reads 
[03:49:58] Read1: loaded 25M reads 
[03:49:58] Read2: loaded 25M reads 
[03:49:59] Read1: loaded 26M reads 
[03:49:59] Read2: loaded 26M reads 
[03:50:00] Read1: loaded 27M reads 
[03:50:00] Read2: loaded 27M reads 
[03:50:00] Read1: loaded 28M reads 
[03:50:01] Read2: loaded 28M reads 
[03:50:01] Read1: loaded 29M reads 
[03:50:02] Read2: loaded 29M reads 
[03:50:02] Read1: loaded 30M reads 
[03:50:03] Read2: loaded 30M reads 
[03:50:03] Read1: loaded 31M reads 
[03:50:03] Read2: loaded 31M reads 
[03:50:04] Read1: loaded 32M reads 
[03:50:04] Read2: loaded 32M reads 
[03:50:05] Read1: loaded 33M reads 
[03:50:05] Read2: loaded 33M reads 
[03:50:06] Read1: loaded 34M reads 
[03:50:06] Read2: loaded 34M reads 
[03:50:06] Read1: loaded 35M reads 
[03:50:07] Read2: loaded 35M reads 
[03:50:07] Read1: loaded 36M reads 
[03:50:08] Read2: loaded 36M reads 
[03:50:08] Read1: loaded 37M reads 
[03:50:09] Read2: loaded 37M reads 
[03:50:09] Read1: loaded 38M reads 
[03:50:09] Read2: loaded 38M reads 
[03:50:10] Read1: loaded 39M reads 
[03:50:10] Read2: loaded 39M reads 
[03:50:11] Read1: loaded 40M reads 
[03:50:11] Read2: loaded 40M reads 
[03:50:12] Read1: loaded 41M reads 
[03:50:12] Read2: loaded 41M reads 
[03:50:13] Read1: loaded 42M reads 
[03:50:13] Read2: loaded 42M reads 
[03:50:13] Read1: loaded 43M reads 
[03:50:14] Read2: loaded 43M reads 
[03:50:14] Read1: loaded 44M reads 
[03:50:15] Read2: loaded 44M reads 
[03:50:15] Read1: loaded 45M reads 
[03:50:15] Read2: loaded 45M reads 
[03:50:16] Read1: loaded 46M reads 
[03:50:16] Read2: loaded 46M reads 
[03:50:17] Read1: loaded 47M reads 
[03:50:17] Read2: loaded 47M reads 
[03:50:18] Read1: loaded 48M reads 
[03:50:18] Read2: loaded 48M reads 
[03:50:18] Read1: loaded 49M reads 
[03:50:19] Read2: loaded 49M reads 
[03:50:19] Read1: loaded 50M reads 
[03:50:20] Read2: loaded 50M reads 
[03:50:20] Read1: loaded 51M reads 
[03:50:21] Read2: loaded 51M reads 
[03:50:21] Read1: loaded 52M reads 
[03:50:21] Read2: loaded 52M reads 
[03:50:22] Read1: loaded 53M reads 
[03:50:22] Read2: loaded 53M reads 
[03:50:23] Read1: loaded 54M reads 
[03:50:23] Read2: loaded 54M reads 
[03:50:24] Read1: loaded 55M reads 
[03:50:24] Read2: loaded 55M reads 
[03:50:24] Read1: loaded 56M reads 
[03:50:25] Read2: loaded 56M reads 
[03:50:25] Read1: loaded 57M reads 
[03:50:26] Read2: loaded 57M reads 
[03:50:26] Read1: loaded 58M reads 
[03:50:26] Read2: loaded 58M reads 
[03:50:27] Read1: loaded 59M reads 
[03:50:27] Read2: loaded 59M reads 
[03:50:28] Read1: loaded 60M reads 
[03:50:28] Read2: loaded 60M reads 
[03:50:29] Read1: loaded 61M reads 
[03:50:29] Read2: loaded 61M reads 
[03:50:29] Read1: loaded 62M reads 
[03:50:30] Read2: loaded 62M reads 
[03:50:30] Read1: loaded 63M reads 
[03:50:31] Read2: loaded 63M reads 
[03:50:31] Read1: loaded 64M reads 
[03:50:32] Read2: loaded 64M reads 
[03:50:32] Read1: loaded 65M reads 
[03:50:32] Read2: loaded 65M reads 
[03:50:33] Read1: loaded 66M reads 
[03:50:33] Read2: loaded 66M reads 
[03:50:34] Read1: loaded 67M reads 
[03:50:34] Read2: loaded 67M reads 
[03:50:35] Read1: loaded 68M reads 
[03:50:35] Read2: loaded 68M reads 
[03:50:35] Read1: loaded 69M reads 
[03:50:36] Read2: loaded 69M reads 
[03:50:36] Read1: loaded 70M reads 
[03:50:37] Read2: loaded 70M reads 
[03:50:37] Read1: loaded 71M reads 
[03:50:37] Read2: loaded 71M reads 
[03:50:38] Read1: loaded 72M reads 
[03:50:38] Read2: loaded 72M reads 
[03:50:39] Read1: loaded 73M reads 
[03:50:39] Read2: loaded 73M reads 
[03:50:40] Read1: loaded 74M reads 
[03:50:40] Read2: loaded 74M reads 
[03:50:40] Read1: loaded 75M reads 
[03:50:41] Read2: loaded 75M reads 
[03:50:41] Read1: loaded 76M reads 
[03:50:42] Read2: loaded 76M reads 
[03:50:42] Read1: loaded 77M reads 
[03:50:43] Read2: loaded 77M reads 
[03:50:43] Read1: loaded 78M reads 
[03:50:43] Read2: loaded 78M reads 
[03:50:44] Read1: loaded 79M reads 
[03:50:44] Read2: loaded 79M reads 
[03:50:45] Read1: loaded 80M reads 
[03:50:45] Read1: loading completed with 9805 packs 
[03:50:45] Read2: loaded 80M reads 
[03:50:45] Read2: loading completed with 9805 packs 
[03:50:45] thread 13 data processing completed 
[03:50:45] thread 13 finished 
[03:50:45] thread 3 data processing completed 
[03:50:45] thread 3 finished 
[03:50:45] thread 6 data processing completed 
[03:50:45] thread 6 finished 
[03:50:45] thread 12 data processing completed 
[03:50:45] thread 12 finished 
[03:50:45] thread 11 data processing completed 
[03:50:45] thread 11 finished 
[03:50:45] thread 4 data processing completed 
[03:50:45] thread 4 finished 
[03:50:45] [fastp 1.3.3-d0bromir] Stage: loading (68707 ms) 
[03:50:45] [fastp 1.3.3-d0bromir] Stage: filtering 
[03:50:45] thread 15 data processing completed 
[03:50:45] thread 15 finished 
[03:50:45] thread 7 data processing completed 
[03:50:45] thread 7 finished 
[03:50:45] thread 8 data processing completed 
[03:50:45] thread 8 finished 
[03:50:45] thread 9 data processing completed 
[03:50:45] thread 9 finished 
[03:50:45] thread 14 data processing completed 
[03:50:45] thread 14 finished 
[03:50:45] thread 1 data processing completed 
[03:50:45] thread 1 finished 
[03:50:45] thread 16 data processing completed 
[03:50:45] thread 16 finished 
[03:50:45] thread 2 data processing completed 
[03:50:45] thread 2 finished 
[03:50:45] thread 5 data processing completed 
[03:50:45] thread 5 finished 
[03:50:45] thread 10 data processing completed 
[03:50:45] thread 10 finished 
[03:50:45] [fastp 1.3.3-d0bromir] Stage: filtering (58 ms) 
[03:50:45] [fastp 1.3.3-d0bromir] Stage: writing 
[03:50:45] /dev/shm/fastp_bench_R2XLDf_R1.fq.gz writer finished 
[03:50:45] /dev/shm/fastp_bench_wNcv2s_R2.fq.gz writer finished 
[03:50:45] [fastp 1.3.3-d0bromir] Stage: writing (29 ms) 
[03:50:45] start to generate reports
 
Read1 before filtering:
total reads: 80314764
total bases: 8031476400
Q20 bases: 7618398149(94.8568%)
Q30 bases: 7189780467(89.52%)
Q40 bases: 1372019(0.017083%)

Read2 before filtering:
total reads: 80314764
total bases: 8031476400
Q20 bases: 7301776236(90.9145%)
Q30 bases: 6735240270(83.8605%)
Q40 bases: 14983216(0.186556%)

Read1 after filtering:
total reads: 73576845
total bases: 7332470906
Q20 bases: 7132277963(97.2698%)
Q30 bases: 6786262173(92.5508%)
Q40 bases: 1340969(0.0182881%)

Read2 after filtering:
total reads: 73576845
total bases: 7332470906
Q20 bases: 6987054543(95.2892%)
Q30 bases: 6494309731(88.5692%)
Q40 bases: 14400882(0.196399%)

Filtering result:
reads passed filter: 147153690
reads failed due to low quality: 13450996
reads failed due to too many N: 24842
reads failed due to too short: 0
reads failed due to adapter dimer: 0
reads with adapter trimmed: 1431652
bases trimmed due to adapters: 51264566

Duplication rate: 0.459637%

Insert size peak (evaluated by paired-end reads): 169

JSON report: /dev/shm/fastp_bench_NPYL0P.json
HTML report: /dev/null

/home/mpiuser/bioauto_rev/fastp_d0bromir/fastp-cpu -w 16 -j /dev/shm/fastp_bench_NPYL0P.json -h /dev/null --verbose -i /home/mpiuser/FASTQ/WGS/ERR1044780_1.fastq.gz -I /home/mpiuser/FASTQ/WGS/ERR1044780_2.fastq.gz -o /dev/shm/fastp_bench_R2XLDf_R1.fq.gz -O /dev/shm/fastp_bench_wNcv2s_R2.fq.gz 
fastp v1.3.3-d0bromir, time used: 71 seconds
================================================================

================================================================
 Application  : d0bromir_gpu (/home/mpiuser/bioauto_rev/fastp_d0bromir/fastp)
 Dataset      : WGS PE 12.8G (ERR1044780 R1+R2)
 Files        : R1=/home/mpiuser/FASTQ/WGS/ERR1044780_1.fastq.gz
               R2=/home/mpiuser/FASTQ/WGS/ERR1044780_2.fastq.gz
 Type         : PE
 Threads      : 16
 Wall time    : 70.963 s
 reads_in     : 160629528
 reads_out    : 147153690
 vs_opengene  : N/A
--- Resource usage ---
 CPU avg/peak : 1952.9% / 2599.3%
 RSS peak     : 2673 MiB
 GPU util a/p : 9.3% / 12.0%
 GPU mem peak : 1360 MiB
 Sample CSV   : /home/mpiuser/bioauto_rev/fastp_d0bromir/benchmark_results/20261005_034235/resources/resource_WGS_PE_12.8G_d0bromir_gpu_T16_1791172248.csv
--- Profiling output ---
[03:50:48] fastp 1.3.3-d0bromir starting 
[03:50:49] [GPU] CUDA GPU available (Device 0) - statistics GPU-accelerated (slots=8) 
[03:50:49] [fastp 1.3.3-d0bromir] Stage: loading 
[03:50:49] start to load data of read1 
[03:50:49] start to load data of read2 
[03:50:49] [GPU] CUDA GPU available (Device 1) - statistics GPU-accelerated (slots=8) 
[03:50:49] [GPU] Dual-GPU mode: Device 0 + Device 1 active 
[03:50:50] Read1: loaded 1M reads 
[03:50:50] Read2: loaded 1M reads 
[03:50:51] Read1: loaded 2M reads 
[03:50:51] Read2: loaded 2M reads 
[03:50:52] Read1: loaded 3M reads 
[03:50:52] Read2: loaded 3M reads 
[03:50:53] Read1: loaded 4M reads 
[03:50:53] Read2: loaded 4M reads 
[03:50:53] Read1: loaded 5M reads 
[03:50:54] Read2: loaded 5M reads 
[03:50:54] Read1: loaded 6M reads 
[03:50:54] Read2: loaded 6M reads 
[03:50:55] Read1: loaded 7M reads 
[03:50:55] Read2: loaded 7M reads 
[03:50:56] Read1: loaded 8M reads 
[03:50:56] Read2: loaded 8M reads 
[03:50:57] Read1: loaded 9M reads 
[03:50:57] Read2: loaded 9M reads 
[03:50:58] Read1: loaded 10M reads 
[03:50:58] Read2: loaded 10M reads 
[03:50:58] Read1: loaded 11M reads 
[03:50:59] Read2: loaded 11M reads 
[03:50:59] Read1: loaded 12M reads 
[03:51:00] Read2: loaded 12M reads 
[03:51:00] Read1: loaded 13M reads 
[03:51:00] Read2: loaded 13M reads 
[03:51:01] Read1: loaded 14M reads 
[03:51:01] Read2: loaded 14M reads 
[03:51:02] Read1: loaded 15M reads 
[03:51:02] Read2: loaded 15M reads 
[03:51:03] Read1: loaded 16M reads 
[03:51:03] Read2: loaded 16M reads 
[03:51:04] Read1: loaded 17M reads 
[03:51:04] Read2: loaded 17M reads 
[03:51:04] Read1: loaded 18M reads 
[03:51:05] Read2: loaded 18M reads 
[03:51:05] Read1: loaded 19M reads 
[03:51:06] Read2: loaded 19M reads 
[03:51:06] Read1: loaded 20M reads 
[03:51:06] Read2: loaded 20M reads 
[03:51:07] Read1: loaded 21M reads 
[03:51:07] Read2: loaded 21M reads 
[03:51:08] Read1: loaded 22M reads 
[03:51:08] Read2: loaded 22M reads 
[03:51:09] Read1: loaded 23M reads 
[03:51:09] Read2: loaded 23M reads 
[03:51:10] Read1: loaded 24M reads 
[03:51:10] Read2: loaded 24M reads 
[03:51:10] Read1: loaded 25M reads 
[03:51:11] Read2: loaded 25M reads 
[03:51:11] Read1: loaded 26M reads 
[03:51:12] Read2: loaded 26M reads 
[03:51:12] Read1: loaded 27M reads 
[03:51:13] Read2: loaded 27M reads 
[03:51:13] Read1: loaded 28M reads 
[03:51:13] Read2: loaded 28M reads 
[03:51:14] Read1: loaded 29M reads 
[03:51:14] Read2: loaded 29M reads 
[03:51:15] Read1: loaded 30M reads 
[03:51:15] Read2: loaded 30M reads 
[03:51:16] Read1: loaded 31M reads 
[03:51:16] Read2: loaded 31M reads 
[03:51:16] Read1: loaded 32M reads 
[03:51:17] Read2: loaded 32M reads 
[03:51:17] Read1: loaded 33M reads 
[03:51:18] Read2: loaded 33M reads 
[03:51:18] Read1: loaded 34M reads 
[03:51:19] Read2: loaded 34M reads 
[03:51:19] Read1: loaded 35M reads 
[03:51:19] Read2: loaded 35M reads 
[03:51:20] Read1: loaded 36M reads 
[03:51:20] Read2: loaded 36M reads 
[03:51:21] Read1: loaded 37M reads 
[03:51:21] Read2: loaded 37M reads 
[03:51:22] Read1: loaded 38M reads 
[03:51:22] Read2: loaded 38M reads 
[03:51:22] Read1: loaded 39M reads 
[03:51:23] Read2: loaded 39M reads 
[03:51:23] Read1: loaded 40M reads 
[03:51:24] Read2: loaded 40M reads 
[03:51:24] Read1: loaded 41M reads 
[03:51:25] Read2: loaded 41M reads 
[03:51:25] Read1: loaded 42M reads 
[03:51:25] Read2: loaded 42M reads 
[03:51:26] Read1: loaded 43M reads 
[03:51:26] Read2: loaded 43M reads 
[03:51:27] Read1: loaded 44M reads 
[03:51:27] Read2: loaded 44M reads 
[03:51:28] Read1: loaded 45M reads 
[03:51:28] Read2: loaded 45M reads 
[03:51:28] Read1: loaded 46M reads 
[03:51:29] Read2: loaded 46M reads 
[03:51:29] Read1: loaded 47M reads 
[03:51:30] Read2: loaded 47M reads 
[03:51:30] Read1: loaded 48M reads 
[03:51:30] Read2: loaded 48M reads 
[03:51:31] Read1: loaded 49M reads 
[03:51:31] Read2: loaded 49M reads 
[03:51:32] Read1: loaded 50M reads 
[03:51:32] Read2: loaded 50M reads 
[03:51:33] Read1: loaded 51M reads 
[03:51:33] Read2: loaded 51M reads 
[03:51:33] Read1: loaded 52M reads 
[03:51:34] Read2: loaded 52M reads 
[03:51:34] Read1: loaded 53M reads 
[03:51:35] Read2: loaded 53M reads 
[03:51:35] Read1: loaded 54M reads 
[03:51:36] Read2: loaded 54M reads 
[03:51:36] Read1: loaded 55M reads 
[03:51:36] Read2: loaded 55M reads 
[03:51:37] Read1: loaded 56M reads 
[03:51:37] Read2: loaded 56M reads 
[03:51:38] Read1: loaded 57M reads 
[03:51:38] Read2: loaded 57M reads 
[03:51:39] Read1: loaded 58M reads 
[03:51:39] Read2: loaded 58M reads 
[03:51:39] Read1: loaded 59M reads 
[03:51:40] Read2: loaded 59M reads 
[03:51:40] Read1: loaded 60M reads 
[03:51:41] Read2: loaded 60M reads 
[03:51:41] Read1: loaded 61M reads 
[03:51:41] Read2: loaded 61M reads 
[03:51:42] Read1: loaded 62M reads 
[03:51:42] Read2: loaded 62M reads 
[03:51:43] Read1: loaded 63M reads 
[03:51:43] Read2: loaded 63M reads 
[03:51:44] Read1: loaded 64M reads 
[03:51:44] Read2: loaded 64M reads 
[03:51:45] Read1: loaded 65M reads 
[03:51:45] Read2: loaded 65M reads 
[03:51:45] Read1: loaded 66M reads 
[03:51:46] Read2: loaded 66M reads 
[03:51:46] Read1: loaded 67M reads 
[03:51:47] Read2: loaded 67M reads 
[03:51:47] Read1: loaded 68M reads 
[03:51:47] Read2: loaded 68M reads 
[03:51:48] Read1: loaded 69M reads 
[03:51:48] Read2: loaded 69M reads 
[03:51:49] Read1: loaded 70M reads 
[03:51:49] Read2: loaded 70M reads 
[03:51:50] Read1: loaded 71M reads 
[03:51:50] Read2: loaded 71M reads 
[03:51:50] Read1: loaded 72M reads 
[03:51:51] Read2: loaded 72M reads 
[03:51:51] Read1: loaded 73M reads 
[03:51:52] Read2: loaded 73M reads 
[03:51:52] Read1: loaded 74M reads 
[03:51:53] Read2: loaded 74M reads 
[03:51:53] Read1: loaded 75M reads 
[03:51:53] Read2: loaded 75M reads 
[03:51:54] Read1: loaded 76M reads 
[03:51:54] Read2: loaded 76M reads 
[03:51:55] Read1: loaded 77M reads 
[03:51:55] Read2: loaded 77M reads 
[03:51:55] Read1: loaded 78M reads 
[03:51:56] Read2: loaded 78M reads 
[03:51:56] Read1: loaded 79M reads 
[03:51:57] Read2: loaded 79M reads 
[03:51:57] Read1: loaded 80M reads 
[03:51:57] Read1: loading completed with 9805 packs 
[03:51:58] Read2: loaded 80M reads 
[03:51:58] Read2: loading completed with 9805 packs 
[03:51:58] thread 2 data processing completed 
[03:51:58] thread 2 finished 
[03:51:58] thread 12 data processing completed 
[03:51:58] thread 12 finished 
[03:51:58] thread 11 data processing completed 
[03:51:58] thread 11 finished 
[03:51:58] [fastp 1.3.3-d0bromir] Stage: loading (68788 ms) 
[03:51:58] [fastp 1.3.3-d0bromir] Stage: filtering 
[03:51:58] thread 6 data processing completed 
[03:51:58] thread 6 finished 
[03:51:58] thread 10 data processing completed 
[03:51:58] thread 10 finished 
[03:51:58] thread 8 data processing completed 
[03:51:58] thread 8 finished 
[03:51:58] thread 3 data processing completed 
[03:51:58] thread 3 finished 
[03:51:58] thread 14 data processing completed 
[03:51:58] thread 14 finished 
[03:51:58] thread 1 data processing completed 
[03:51:58] thread 1 finished 
[03:51:58] thread 4 data processing completed 
[03:51:58] thread 4 finished 
[03:51:58] thread 13 data processing completed 
[03:51:58] thread 13 finished 
[03:51:58] thread 16 data processing completed 
[03:51:58] thread 16 finished 
[03:51:58] thread 15 data processing completed 
[03:51:58] thread 15 finished 
[03:51:58] thread 7 data processing completed 
[03:51:58] thread 7 finished 
[03:51:58] thread 5 data processing completed 
[03:51:58] thread 5 finished 
[03:51:58] thread 9 data processing completed 
[03:51:58] thread 9 finished 
[03:51:58] [fastp 1.3.3-d0bromir] Stage: filtering (53 ms) 
[03:51:58] [fastp 1.3.3-d0bromir] Stage: writing 
[03:51:58] /dev/shm/fastp_bench_RmUAh3_R2.fq.gz writer finished 
[03:51:58] /dev/shm/fastp_bench_NsO8wo_R1.fq.gz writer finished 
[03:51:58] [fastp 1.3.3-d0bromir] Stage: writing (32 ms) 
[03:51:58] [GPU] Device 0: batches=9805 reads=80314764 
[03:51:58] [GPU] Device 1: batches=9805 reads=80314764 
[03:51:58] start to generate reports
 
Read1 before filtering:
total reads: 80314764
total bases: 8031476400
Q20 bases: 7618398149(94.8568%)
Q30 bases: 7189780467(89.52%)
Q40 bases: 1372019(0.017083%)

Read2 before filtering:
total reads: 80314764
total bases: 8031476400
Q20 bases: 7301776236(90.9145%)
Q30 bases: 6735240270(83.8605%)
Q40 bases: 14983216(0.186556%)

Read1 after filtering:
total reads: 73576845
total bases: 7332470906
Q20 bases: 7132277963(97.2698%)
Q30 bases: 6786262173(92.5508%)
Q40 bases: 1340969(0.0182881%)

Read2 after filtering:
total reads: 73576845
total bases: 7332470906
Q20 bases: 6987054543(95.2892%)
Q30 bases: 6494309731(88.5692%)
Q40 bases: 14400882(0.196399%)

Filtering result:
reads passed filter: 147153690
reads failed due to low quality: 13450996
reads failed due to too many N: 24842
reads failed due to too short: 0
reads failed due to adapter dimer: 0
reads with adapter trimmed: 1431652
bases trimmed due to adapters: 51264566

Duplication rate: 0.459637%

Insert size peak (evaluated by paired-end reads): 169

JSON report: /dev/shm/fastp_bench_eFygdg.json
HTML report: /dev/null

/home/mpiuser/bioauto_rev/fastp_d0bromir/fastp -w 16 -j /dev/shm/fastp_bench_eFygdg.json -h /dev/null --verbose -i /home/mpiuser/FASTQ/WGS/ERR1044780_1.fastq.gz -I /home/mpiuser/FASTQ/WGS/ERR1044780_2.fastq.gz -o /dev/shm/fastp_bench_NsO8wo_R1.fq.gz -O /dev/shm/fastp_bench_RmUAh3_R2.fq.gz 
fastp v1.3.3-d0bromir, time used: 71 seconds
================================================================
