[16:08:32] fastp 1.3.3-d0bromir starting 
[16:08:32] [GPU] CUDA GPU available (Device 0) - statistics GPU-accelerated (slots=8) 
[16:08:32] [GPU] CUDA GPU available (Device 1) - statistics GPU-accelerated (slots=8) 
[16:08:33] [GPU] Dual-GPU mode: Device 0 + Device 1 active 
[16:08:36] [GPU] Device 0: batches=169 reads=1381894 
[16:08:36] [GPU] Device 1: batches=169 reads=1381894 
[16:08:36] [PROFILE] Filter batches=169 gpu_reads=2763788 cpu_reads=0 gpu_filter_time=632.764568ms cpu_filter_time=0.000000ms 
Read1 before filtering:
total reads: 1381894
total bases: 208665994
Q20 bases: 197000126(94.4093%)
Q30 bases: 194261258(93.0967%)
Q40 bases: 245896(0.117842%)

Read2 before filtering:
total reads: 1381894
total bases: 208665994
Q20 bases: 190729002(91.404%)
Q30 bases: 187203500(89.7144%)
Q40 bases: 157403(0.075433%)

Read1 after filtering:
total reads: 1380622
total bases: 196369521
Q20 bases: 187657842(95.5636%)
Q30 bases: 185591533(94.5114%)
Q40 bases: 245660(0.125101%)

Read2 after filtering:
total reads: 1380622
total bases: 196369521
Q20 bases: 182745838(93.0622%)
Q30 bases: 180221709(91.7768%)
Q40 bases: 157403(0.0801565%)

Filtering result:
reads passed filter: 2761244
reads failed due to low quality: 2544
reads failed due to too many N: 0
reads failed due to too short: 0
reads failed due to adapter dimer: 0
reads with adapter trimmed: 580240
bases trimmed due to adapters: 24208824

Duplication rate: 76.789%

Insert size peak (evaluated by paired-end reads): 170

╔══════════════════════════════════════════════════════════════╗
║              PROFILING SUMMARY (FASTP_PROFILING)            ║
╠══════════════════════════════════════════════════════════════╣
║ Total wall time:              3954.6 ms                     ║
║ Total reads:                 1381894                        ║
║ I/O bytes (compressed):            0                        ║
╠══════════════════════════════════════════════════════════════╣
║ I/O (disk read):              3458.8 ms  ( 87.5%)           ║
║ Decompression:                4274.5 ms  (108.1%)           ║
║ CPU trim+adapter:             2674.6 ms  ( 67.6%)           ║
║ CPU statRead:                 2321.5 ms  ( 58.7%)           ║
║ CPU unstatRead:                  0.0 ms  (  0.0%)           ║
║ filter calls (incl. GPU):      633.1 ms  ( 16.0%)           ║
║ CPU output format:             571.2 ms  ( 14.4%)           ║
║ Output compression:          11325.7 ms  (286.4%)           ║
║ Output write (fwrite):         119.8 ms  (  3.0%)           ║
╠══════════════════════════════════════════════════════════════╣
║ (GPU breakdown printed by CudaStatsWrapper above)          ║
╚══════════════════════════════════════════════════════════════╝
[PROF_CSV] wall_ms,io_ms,decomp_ms,cpu_trim_ms,cpu_stat_ms,cpu_unstat_ms,filter_calls_ms,cpu_output_ms,compress_ms,write_ms,reads,io_bytes
[PROF_CSV] 3954.6,3458.8,4274.5,2674.6,2321.5,0.0,633.1,571.2,11325.7,119.8,1381894,0

JSON report: /tmp/subwarp_bench/t4_tile16.json
HTML report: /dev/null

./fastp -w 4 -i /home/mpiuser/FASTQ/Panel_private/S1A_S1_L001_R1_001.fastq.gz -I /home/mpiuser/FASTQ/Panel_private/S1A_S1_L001_R2_001.fastq.gz -o /tmp/subwarp_bench/t4_tile16_R1.fq.gz -O /tmp/subwarp_bench/t4_tile16_R2.fq.gz -j /tmp/subwarp_bench/t4_tile16.json -h /dev/null 
fastp v1.3.3-d0bromir, time used: 4 seconds
