=== Full Benchmark Log: Mon Oct  5 04:02:41 UTC 2026 ===


================================================================
 Application  : d0bromir_cpu (/home/mpiuser/bioauto_rev/fastp_d0bromir/fastp-cpu)
 Dataset      : WGS PE 18.2G (ERR1044319 R1+R2)
 Files        : R1=/home/mpiuser/FASTQ/WGS/ERR1044319_1.fastq.gz
               R2=/home/mpiuser/FASTQ/WGS/ERR1044319_2.fastq.gz
 Type         : PE
 Threads      : 16
 Wall time    : 99.046 s
 reads_in     : 234238034
 reads_out    : 217840930
 vs_opengene  : N/A
--- Resource usage ---
 CPU avg/peak : 2226.6% / 2739.3%
 RSS peak     : 1952 MiB
 GPU util a/p : 0.0% / 0.0%
 GPU mem peak : 0 MiB
 Sample CSV   : /home/mpiuser/bioauto_rev/fastp_d0bromir/benchmark_results/20261005_040241/resources/resource_WGS_PE_18.2G_d0bromir_cpu_T16_1791173450.csv
--- Profiling output ---
[04:10:50] fastp 1.3.3-d0bromir starting 
[04:10:51] [fastp 1.3.3-d0bromir] Stage: loading 
[04:10:51] start to load data of read1 
[04:10:51] start to load data of read2 
[04:10:52] Read2: loaded 1M reads 
[04:10:52] Read1: loaded 1M reads 
[04:10:53] Read2: loaded 2M reads 
[04:10:53] Read1: loaded 2M reads 
[04:10:53] Read2: loaded 3M reads 
[04:10:53] Read1: loaded 3M reads 
[04:10:54] Read2: loaded 4M reads 
[04:10:54] Read1: loaded 4M reads 
[04:10:55] Read2: loaded 5M reads 
[04:10:55] Read1: loaded 5M reads 
[04:10:56] Read2: loaded 6M reads 
[04:10:56] Read1: loaded 6M reads 
[04:10:57] Read1: loaded 7M reads 
[04:10:57] Read2: loaded 7M reads 
[04:10:57] Read2: loaded 8M reads 
[04:10:58] Read1: loaded 8M reads 
[04:10:58] Read2: loaded 9M reads 
[04:10:58] Read1: loaded 9M reads 
[04:10:59] Read2: loaded 10M reads 
[04:10:59] Read1: loaded 10M reads 
[04:11:00] Read2: loaded 11M reads 
[04:11:00] Read1: loaded 11M reads 
[04:11:01] Read2: loaded 12M reads 
[04:11:01] Read1: loaded 12M reads 
[04:11:02] Read2: loaded 13M reads 
[04:11:02] Read1: loaded 13M reads 
[04:11:02] Read2: loaded 14M reads 
[04:11:02] Read1: loaded 14M reads 
[04:11:03] Read2: loaded 15M reads 
[04:11:03] Read1: loaded 15M reads 
[04:11:04] Read2: loaded 16M reads 
[04:11:04] Read1: loaded 16M reads 
[04:11:05] Read2: loaded 17M reads 
[04:11:05] Read1: loaded 17M reads 
[04:11:06] Read2: loaded 18M reads 
[04:11:06] Read1: loaded 18M reads 
[04:11:06] Read2: loaded 19M reads 
[04:11:07] Read1: loaded 19M reads 
[04:11:07] Read2: loaded 20M reads 
[04:11:07] Read1: loaded 20M reads 
[04:11:08] Read2: loaded 21M reads 
[04:11:08] Read1: loaded 21M reads 
[04:11:09] Read2: loaded 22M reads 
[04:11:09] Read1: loaded 22M reads 
[04:11:10] Read2: loaded 23M reads 
[04:11:10] Read1: loaded 23M reads 
[04:11:11] Read2: loaded 24M reads 
[04:11:11] Read1: loaded 24M reads 
[04:11:11] Read2: loaded 25M reads 
[04:11:12] Read1: loaded 25M reads 
[04:11:12] Read2: loaded 26M reads 
[04:11:12] Read1: loaded 26M reads 
[04:11:13] Read2: loaded 27M reads 
[04:11:13] Read1: loaded 27M reads 
[04:11:14] Read2: loaded 28M reads 
[04:11:14] Read1: loaded 28M reads 
[04:11:15] Read2: loaded 29M reads 
[04:11:15] Read1: loaded 29M reads 
[04:11:16] Read2: loaded 30M reads 
[04:11:16] Read1: loaded 30M reads 
[04:11:16] Read2: loaded 31M reads 
[04:11:17] Read1: loaded 31M reads 
[04:11:17] Read2: loaded 32M reads 
[04:11:17] Read1: loaded 32M reads 
[04:11:18] Read2: loaded 33M reads 
[04:11:18] Read1: loaded 33M reads 
[04:11:19] Read2: loaded 34M reads 
[04:11:19] Read1: loaded 34M reads 
[04:11:20] Read2: loaded 35M reads 
[04:11:20] Read1: loaded 35M reads 
[04:11:20] Read2: loaded 36M reads 
[04:11:21] Read1: loaded 36M reads 
[04:11:21] Read2: loaded 37M reads 
[04:11:21] Read1: loaded 37M reads 
[04:11:22] Read2: loaded 38M reads 
[04:11:22] Read1: loaded 38M reads 
[04:11:23] Read2: loaded 39M reads 
[04:11:23] Read1: loaded 39M reads 
[04:11:24] Read2: loaded 40M reads 
[04:11:24] Read1: loaded 40M reads 
[04:11:24] Read2: loaded 41M reads 
[04:11:25] Read1: loaded 41M reads 
[04:11:25] Read2: loaded 42M reads 
[04:11:26] Read1: loaded 42M reads 
[04:11:26] Read2: loaded 43M reads 
[04:11:26] Read1: loaded 43M reads 
[04:11:27] Read2: loaded 44M reads 
[04:11:27] Read1: loaded 44M reads 
[04:11:28] Read2: loaded 45M reads 
[04:11:28] Read1: loaded 45M reads 
[04:11:29] Read2: loaded 46M reads 
[04:11:29] Read1: loaded 46M reads 
[04:11:29] Read2: loaded 47M reads 
[04:11:30] Read1: loaded 47M reads 
[04:11:30] Read2: loaded 48M reads 
[04:11:31] Read1: loaded 48M reads 
[04:11:31] Read2: loaded 49M reads 
[04:11:31] Read1: loaded 49M reads 
[04:11:32] Read2: loaded 50M reads 
[04:11:32] Read1: loaded 50M reads 
[04:11:33] Read2: loaded 51M reads 
[04:11:33] Read1: loaded 51M reads 
[04:11:34] Read2: loaded 52M reads 
[04:11:34] Read1: loaded 52M reads 
[04:11:34] Read2: loaded 53M reads 
[04:11:35] Read1: loaded 53M reads 
[04:11:35] Read2: loaded 54M reads 
[04:11:36] Read1: loaded 54M reads 
[04:11:36] Read2: loaded 55M reads 
[04:11:36] Read1: loaded 55M reads 
[04:11:37] Read2: loaded 56M reads 
[04:11:37] Read1: loaded 56M reads 
[04:11:38] Read2: loaded 57M reads 
[04:11:38] Read1: loaded 57M reads 
[04:11:39] Read2: loaded 58M reads 
[04:11:39] Read1: loaded 58M reads 
[04:11:39] Read2: loaded 59M reads 
[04:11:40] Read1: loaded 59M reads 
[04:11:40] Read2: loaded 60M reads 
[04:11:41] Read1: loaded 60M reads 
[04:11:41] Read2: loaded 61M reads 
[04:11:41] Read1: loaded 61M reads 
[04:11:42] Read2: loaded 62M reads 
[04:11:42] Read1: loaded 62M reads 
[04:11:43] Read2: loaded 63M reads 
[04:11:43] Read1: loaded 63M reads 
[04:11:43] Read2: loaded 64M reads 
[04:11:44] Read1: loaded 64M reads 
[04:11:44] Read2: loaded 65M reads 
[04:11:45] Read1: loaded 65M reads 
[04:11:45] Read2: loaded 66M reads 
[04:11:45] Read1: loaded 66M reads 
[04:11:46] Read2: loaded 67M reads 
[04:11:46] Read1: loaded 67M reads 
[04:11:47] Read2: loaded 68M reads 
[04:11:47] Read1: loaded 68M reads 
[04:11:48] Read2: loaded 69M reads 
[04:11:48] Read1: loaded 69M reads 
[04:11:48] Read2: loaded 70M reads 
[04:11:49] Read1: loaded 70M reads 
[04:11:49] Read2: loaded 71M reads 
[04:11:50] Read1: loaded 71M reads 
[04:11:50] Read2: loaded 72M reads 
[04:11:50] Read1: loaded 72M reads 
[04:11:51] Read2: loaded 73M reads 
[04:11:51] Read1: loaded 73M reads 
[04:11:52] Read2: loaded 74M reads 
[04:11:52] Read1: loaded 74M reads 
[04:11:53] Read2: loaded 75M reads 
[04:11:53] Read1: loaded 75M reads 
[04:11:53] Read2: loaded 76M reads 
[04:11:54] Read1: loaded 76M reads 
[04:11:54] Read2: loaded 77M reads 
[04:11:55] Read1: loaded 77M reads 
[04:11:55] Read2: loaded 78M reads 
[04:11:55] Read1: loaded 78M reads 
[04:11:56] Read2: loaded 79M reads 
[04:11:56] Read1: loaded 79M reads 
[04:11:57] Read2: loaded 80M reads 
[04:11:57] Read1: loaded 80M reads 
[04:11:57] Read2: loaded 81M reads 
[04:11:58] Read1: loaded 81M reads 
[04:11:58] Read2: loaded 82M reads 
[04:11:59] Read1: loaded 82M reads 
[04:11:59] Read2: loaded 83M reads 
[04:12:00] Read1: loaded 83M reads 
[04:12:00] Read2: loaded 84M reads 
[04:12:00] Read1: loaded 84M reads 
[04:12:01] Read2: loaded 85M reads 
[04:12:01] Read1: loaded 85M reads 
[04:12:02] Read2: loaded 86M reads 
[04:12:02] Read1: loaded 86M reads 
[04:12:03] Read2: loaded 87M reads 
[04:12:03] Read1: loaded 87M reads 
[04:12:03] Read2: loaded 88M reads 
[04:12:04] Read1: loaded 88M reads 
[04:12:04] Read2: loaded 89M reads 
[04:12:05] Read1: loaded 89M reads 
[04:12:05] Read2: loaded 90M reads 
[04:12:05] Read1: loaded 90M reads 
[04:12:06] Read2: loaded 91M reads 
[04:12:06] Read1: loaded 91M reads 
[04:12:07] Read2: loaded 92M reads 
[04:12:07] Read1: loaded 92M reads 
[04:12:08] Read2: loaded 93M reads 
[04:12:08] Read1: loaded 93M reads 
[04:12:08] Read2: loaded 94M reads 
[04:12:09] Read1: loaded 94M reads 
[04:12:09] Read2: loaded 95M reads 
[04:12:10] Read1: loaded 95M reads 
[04:12:10] Read2: loaded 96M reads 
[04:12:10] Read1: loaded 96M reads 
[04:12:11] Read2: loaded 97M reads 
[04:12:11] Read1: loaded 97M reads 
[04:12:12] Read2: loaded 98M reads 
[04:12:12] Read1: loaded 98M reads 
[04:12:12] Read2: loaded 99M reads 
[04:12:13] Read1: loaded 99M reads 
[04:12:13] Read2: loaded 100M reads 
[04:12:14] Read1: loaded 100M reads 
[04:12:14] Read2: loaded 101M reads 
[04:12:15] Read1: loaded 101M reads 
[04:12:15] Read2: loaded 102M reads 
[04:12:15] Read1: loaded 102M reads 
[04:12:16] Read2: loaded 103M reads 
[04:12:16] Read1: loaded 103M reads 
[04:12:17] Read2: loaded 104M reads 
[04:12:17] Read1: loaded 104M reads 
[04:12:17] Read2: loaded 105M reads 
[04:12:18] Read1: loaded 105M reads 
[04:12:18] Read2: loaded 106M reads 
[04:12:19] Read1: loaded 106M reads 
[04:12:19] Read2: loaded 107M reads 
[04:12:19] Read1: loaded 107M reads 
[04:12:20] Read2: loaded 108M reads 
[04:12:20] Read1: loaded 108M reads 
[04:12:21] Read2: loaded 109M reads 
[04:12:21] Read1: loaded 109M reads 
[04:12:22] Read2: loaded 110M reads 
[04:12:22] Read1: loaded 110M reads 
[04:12:22] Read2: loaded 111M reads 
[04:12:23] Read1: loaded 111M reads 
[04:12:23] Read2: loaded 112M reads 
[04:12:24] Read1: loaded 112M reads 
[04:12:24] Read2: loaded 113M reads 
[04:12:24] Read1: loaded 113M reads 
[04:12:25] Read2: loaded 114M reads 
[04:12:25] Read1: loaded 114M reads 
[04:12:26] Read2: loaded 115M reads 
[04:12:26] Read1: loaded 115M reads 
[04:12:27] Read2: loaded 116M reads 
[04:12:27] Read1: loaded 116M reads 
[04:12:28] Read2: loaded 117M reads 
[04:12:28] Read2: loading completed with 14297 packs 
[04:12:28] Read1: loaded 117M reads 
[04:12:28] Read1: loading completed with 14297 packs 
[04:12:28] thread 1 data processing completed 
[04:12:28] thread 1 finished 
[04:12:28] thread 3 data processing completed 
[04:12:28] thread 3 finished 
[04:12:28] thread 4 data processing completed 
[04:12:28] thread 4 finished 
[04:12:28] thread 15 data processing completed 
[04:12:28] thread 15 finished 
[04:12:28] thread 7 data processing completed 
[04:12:28] thread 7 finished 
[04:12:28] thread 13 data processing completed 
[04:12:28] thread 13 finished 
[04:12:28] thread 12 data processing completed 
[04:12:28] thread 12 finished 
[04:12:28] [fastp 1.3.3-d0bromir] Stage: loading (97159 ms) 
[04:12:28] [fastp 1.3.3-d0bromir] Stage: filtering 
[04:12:28] thread 5 data processing completed 
[04:12:28] thread 5 finished 
[04:12:28] thread 9 data processing completed 
[04:12:28] thread 9 finished 
[04:12:28] thread 16 data processing completed 
[04:12:28] thread 16 finished 
[04:12:28] thread 6 data processing completed 
[04:12:28] thread 6 finished 
[04:12:28] thread 8 data processing completed 
[04:12:28] thread 8 finished 
[04:12:28] thread 14 data processing completed 
[04:12:28] thread 14 finished 
[04:12:28] thread 11 data processing completed 
[04:12:28] thread 11 finished 
[04:12:28] thread 2 data processing completed 
[04:12:28] thread 2 finished 
[04:12:28] thread 10 data processing completed 
[04:12:28] thread 10 finished 
[04:12:28] [fastp 1.3.3-d0bromir] Stage: filtering (53 ms) 
[04:12:28] [fastp 1.3.3-d0bromir] Stage: writing 
[04:12:28] /dev/shm/fastp_bench_jl879r_R2.fq.gz writer finished 
[04:12:28] /dev/shm/fastp_bench_keuOsN_R1.fq.gz writer finished 
[04:12:28] [fastp 1.3.3-d0bromir] Stage: writing (24 ms) 
[04:12:28] start to generate reports
 
Read1 before filtering:
total reads: 117119017
total bases: 11711901700
Q20 bases: 11040848879(94.2703%)
Q30 bases: 10362226195(88.476%)
Q40 bases: 1948657(0.0166383%)

Read2 before filtering:
total reads: 117119017
total bases: 11711901700
Q20 bases: 10988642082(93.8246%)
Q30 bases: 10314076255(88.0649%)
Q40 bases: 28413202(0.242601%)

Read1 after filtering:
total reads: 108920465
total bases: 10873757549
Q20 bases: 10544216033(96.9694%)
Q30 bases: 9961660084(91.6119%)
Q40 bases: 1912694(0.01759%)

Read2 after filtering:
total reads: 108920465
total bases: 10873757549
Q20 bases: 10557960992(97.0958%)
Q30 bases: 9979237841(91.7736%)
Q40 bases: 27481072(0.252728%)

Filtering result:
reads passed filter: 217840930
reads failed due to low quality: 16397104
reads failed due to too many N: 0
reads failed due to too short: 0
reads failed due to adapter dimer: 0
reads with adapter trimmed: 882278
bases trimmed due to adapters: 37595560

Duplication rate: 1.16051%

Insert size peak (evaluated by paired-end reads): 169

JSON report: /dev/shm/fastp_bench_h0GPpr.json
HTML report: /dev/null

/home/mpiuser/bioauto_rev/fastp_d0bromir/fastp-cpu -w 16 -j /dev/shm/fastp_bench_h0GPpr.json -h /dev/null --verbose -i /home/mpiuser/FASTQ/WGS/ERR1044319_1.fastq.gz -I /home/mpiuser/FASTQ/WGS/ERR1044319_2.fastq.gz -o /dev/shm/fastp_bench_keuOsN_R1.fq.gz -O /dev/shm/fastp_bench_jl879r_R2.fq.gz 
fastp v1.3.3-d0bromir, time used: 99 seconds
================================================================

================================================================
 Application  : d0bromir_gpu (/home/mpiuser/bioauto_rev/fastp_d0bromir/fastp)
 Dataset      : WGS PE 18.2G (ERR1044319 R1+R2)
 Files        : R1=/home/mpiuser/FASTQ/WGS/ERR1044319_1.fastq.gz
               R2=/home/mpiuser/FASTQ/WGS/ERR1044319_2.fastq.gz
 Type         : PE
 Threads      : 16
 Wall time    : 99.380 s
 reads_in     : 234238034
 reads_out    : 217840930
 vs_opengene  : N/A
--- Resource usage ---
 CPU avg/peak : 2059.3% / 2626.4%
 RSS peak     : 2718 MiB
 GPU util a/p : 10.0% / 12.0%
 GPU mem peak : 1360 MiB
 Sample CSV   : /home/mpiuser/bioauto_rev/fastp_d0bromir/benchmark_results/20261005_040241/resources/resource_WGS_PE_18.2G_d0bromir_gpu_T16_1791173552.csv
--- Profiling output ---
[04:12:32] fastp 1.3.3-d0bromir starting 
[04:12:32] [GPU] CUDA GPU available (Device 0) - statistics GPU-accelerated (slots=8) 
[04:12:32] [fastp 1.3.3-d0bromir] Stage: loading 
[04:12:32] start to load data of read1 
[04:12:32] start to load data of read2 
[04:12:32] [GPU] CUDA GPU available (Device 1) - statistics GPU-accelerated (slots=8) 
[04:12:33] [GPU] Dual-GPU mode: Device 0 + Device 1 active 
[04:12:33] Read1: loaded 1M reads 
[04:12:33] Read2: loaded 1M reads 
[04:12:34] Read1: loaded 2M reads 
[04:12:34] Read2: loaded 2M reads 
[04:12:35] Read1: loaded 3M reads 
[04:12:35] Read2: loaded 3M reads 
[04:12:36] Read2: loaded 4M reads 
[04:12:36] Read1: loaded 4M reads 
[04:12:37] Read1: loaded 5M reads 
[04:12:37] Read2: loaded 5M reads 
[04:12:37] Read1: loaded 6M reads 
[04:12:37] Read2: loaded 6M reads 
[04:12:38] Read1: loaded 7M reads 
[04:12:38] Read2: loaded 7M reads 
[04:12:39] Read2: loaded 8M reads 
[04:12:39] Read1: loaded 8M reads 
[04:12:40] Read2: loaded 9M reads 
[04:12:40] Read1: loaded 9M reads 
[04:12:41] Read2: loaded 10M reads 
[04:12:41] Read1: loaded 10M reads 
[04:12:41] Read2: loaded 11M reads 
[04:12:42] Read1: loaded 11M reads 
[04:12:42] Read2: loaded 12M reads 
[04:12:42] Read1: loaded 12M reads 
[04:12:43] Read2: loaded 13M reads 
[04:12:43] Read1: loaded 13M reads 
[04:12:44] Read2: loaded 14M reads 
[04:12:44] Read1: loaded 14M reads 
[04:12:45] Read2: loaded 15M reads 
[04:12:45] Read1: loaded 15M reads 
[04:12:46] Read2: loaded 16M reads 
[04:12:46] Read1: loaded 16M reads 
[04:12:46] Read2: loaded 17M reads 
[04:12:46] Read1: loaded 17M reads 
[04:12:47] Read2: loaded 18M reads 
[04:12:47] Read1: loaded 18M reads 
[04:12:48] Read2: loaded 19M reads 
[04:12:48] Read1: loaded 19M reads 
[04:12:49] Read2: loaded 20M reads 
[04:12:49] Read1: loaded 20M reads 
[04:12:50] Read2: loaded 21M reads 
[04:12:50] Read1: loaded 21M reads 
[04:12:50] Read2: loaded 22M reads 
[04:12:51] Read1: loaded 22M reads 
[04:12:51] Read2: loaded 23M reads 
[04:12:51] Read1: loaded 23M reads 
[04:12:52] Read2: loaded 24M reads 
[04:12:52] Read1: loaded 24M reads 
[04:12:53] Read2: loaded 25M reads 
[04:12:53] Read1: loaded 25M reads 
[04:12:54] Read2: loaded 26M reads 
[04:12:54] Read1: loaded 26M reads 
[04:12:55] Read2: loaded 27M reads 
[04:12:55] Read1: loaded 27M reads 
[04:12:55] Read2: loaded 28M reads 
[04:12:56] Read1: loaded 28M reads 
[04:12:56] Read2: loaded 29M reads 
[04:12:56] Read1: loaded 29M reads 
[04:12:57] Read2: loaded 30M reads 
[04:12:57] Read1: loaded 30M reads 
[04:12:58] Read2: loaded 31M reads 
[04:12:58] Read1: loaded 31M reads 
[04:12:59] Read2: loaded 32M reads 
[04:12:59] Read1: loaded 32M reads 
[04:13:00] Read2: loaded 33M reads 
[04:13:00] Read1: loaded 33M reads 
[04:13:00] Read2: loaded 34M reads 
[04:13:01] Read1: loaded 34M reads 
[04:13:01] Read2: loaded 35M reads 
[04:13:01] Read1: loaded 35M reads 
[04:13:02] Read2: loaded 36M reads 
[04:13:02] Read1: loaded 36M reads 
[04:13:03] Read2: loaded 37M reads 
[04:13:03] Read1: loaded 37M reads 
[04:13:04] Read2: loaded 38M reads 
[04:13:04] Read1: loaded 38M reads 
[04:13:04] Read2: loaded 39M reads 
[04:13:05] Read1: loaded 39M reads 
[04:13:05] Read2: loaded 40M reads 
[04:13:05] Read1: loaded 40M reads 
[04:13:06] Read2: loaded 41M reads 
[04:13:06] Read1: loaded 41M reads 
[04:13:07] Read2: loaded 42M reads 
[04:13:07] Read1: loaded 42M reads 
[04:13:08] Read2: loaded 43M reads 
[04:13:08] Read1: loaded 43M reads 
[04:13:09] Read2: loaded 44M reads 
[04:13:09] Read1: loaded 44M reads 
[04:13:09] Read2: loaded 45M reads 
[04:13:10] Read1: loaded 45M reads 
[04:13:10] Read2: loaded 46M reads 
[04:13:10] Read1: loaded 46M reads 
[04:13:11] Read2: loaded 47M reads 
[04:13:11] Read1: loaded 47M reads 
[04:13:12] Read2: loaded 48M reads 
[04:13:12] Read1: loaded 48M reads 
[04:13:13] Read2: loaded 49M reads 
[04:13:13] Read1: loaded 49M reads 
[04:13:13] Read2: loaded 50M reads 
[04:13:14] Read1: loaded 50M reads 
[04:13:14] Read2: loaded 51M reads 
[04:13:15] Read1: loaded 51M reads 
[04:13:15] Read2: loaded 52M reads 
[04:13:15] Read1: loaded 52M reads 
[04:13:16] Read2: loaded 53M reads 
[04:13:16] Read1: loaded 53M reads 
[04:13:17] Read2: loaded 54M reads 
[04:13:17] Read1: loaded 54M reads 
[04:13:17] Read2: loaded 55M reads 
[04:13:18] Read1: loaded 55M reads 
[04:13:18] Read2: loaded 56M reads 
[04:13:19] Read1: loaded 56M reads 
[04:13:19] Read2: loaded 57M reads 
[04:13:20] Read1: loaded 57M reads 
[04:13:20] Read2: loaded 58M reads 
[04:13:20] Read1: loaded 58M reads 
[04:13:21] Read2: loaded 59M reads 
[04:13:21] Read1: loaded 59M reads 
[04:13:22] Read2: loaded 60M reads 
[04:13:22] Read1: loaded 60M reads 
[04:13:23] Read2: loaded 61M reads 
[04:13:23] Read1: loaded 61M reads 
[04:13:23] Read2: loaded 62M reads 
[04:13:24] Read1: loaded 62M reads 
[04:13:24] Read2: loaded 63M reads 
[04:13:25] Read1: loaded 63M reads 
[04:13:25] Read2: loaded 64M reads 
[04:13:25] Read1: loaded 64M reads 
[04:13:26] Read2: loaded 65M reads 
[04:13:26] Read1: loaded 65M reads 
[04:13:27] Read2: loaded 66M reads 
[04:13:27] Read1: loaded 66M reads 
[04:13:27] Read2: loaded 67M reads 
[04:13:28] Read1: loaded 67M reads 
[04:13:28] Read2: loaded 68M reads 
[04:13:29] Read1: loaded 68M reads 
[04:13:29] Read2: loaded 69M reads 
[04:13:29] Read1: loaded 69M reads 
[04:13:30] Read2: loaded 70M reads 
[04:13:30] Read1: loaded 70M reads 
[04:13:31] Read2: loaded 71M reads 
[04:13:31] Read1: loaded 71M reads 
[04:13:32] Read2: loaded 72M reads 
[04:13:32] Read1: loaded 72M reads 
[04:13:32] Read2: loaded 73M reads 
[04:13:33] Read1: loaded 73M reads 
[04:13:33] Read2: loaded 74M reads 
[04:13:34] Read1: loaded 74M reads 
[04:13:34] Read2: loaded 75M reads 
[04:13:34] Read1: loaded 75M reads 
[04:13:35] Read2: loaded 76M reads 
[04:13:35] Read1: loaded 76M reads 
[04:13:36] Read2: loaded 77M reads 
[04:13:36] Read1: loaded 77M reads 
[04:13:37] Read2: loaded 78M reads 
[04:13:37] Read1: loaded 78M reads 
[04:13:37] Read2: loaded 79M reads 
[04:13:38] Read1: loaded 79M reads 
[04:13:38] Read2: loaded 80M reads 
[04:13:39] Read1: loaded 80M reads 
[04:13:39] Read2: loaded 81M reads 
[04:13:39] Read1: loaded 81M reads 
[04:13:40] Read2: loaded 82M reads 
[04:13:40] Read1: loaded 82M reads 
[04:13:41] Read2: loaded 83M reads 
[04:13:41] Read1: loaded 83M reads 
[04:13:41] Read2: loaded 84M reads 
[04:13:42] Read1: loaded 84M reads 
[04:13:42] Read2: loaded 85M reads 
[04:13:43] Read1: loaded 85M reads 
[04:13:43] Read2: loaded 86M reads 
[04:13:44] Read1: loaded 86M reads 
[04:13:44] Read2: loaded 87M reads 
[04:13:44] Read1: loaded 87M reads 
[04:13:45] Read2: loaded 88M reads 
[04:13:45] Read1: loaded 88M reads 
[04:13:46] Read2: loaded 89M reads 
[04:13:46] Read1: loaded 89M reads 
[04:13:47] Read2: loaded 90M reads 
[04:13:47] Read1: loaded 90M reads 
[04:13:47] Read2: loaded 91M reads 
[04:13:48] Read1: loaded 91M reads 
[04:13:48] Read2: loaded 92M reads 
[04:13:49] Read1: loaded 92M reads 
[04:13:49] Read2: loaded 93M reads 
[04:13:49] Read1: loaded 93M reads 
[04:13:50] Read2: loaded 94M reads 
[04:13:50] Read1: loaded 94M reads 
[04:13:51] Read2: loaded 95M reads 
[04:13:51] Read1: loaded 95M reads 
[04:13:52] Read2: loaded 96M reads 
[04:13:52] Read1: loaded 96M reads 
[04:13:52] Read2: loaded 97M reads 
[04:13:53] Read1: loaded 97M reads 
[04:13:53] Read2: loaded 98M reads 
[04:13:54] Read1: loaded 98M reads 
[04:13:54] Read2: loaded 99M reads 
[04:13:54] Read1: loaded 99M reads 
[04:13:55] Read2: loaded 100M reads 
[04:13:55] Read1: loaded 100M reads 
[04:13:56] Read2: loaded 101M reads 
[04:13:56] Read1: loaded 101M reads 
[04:13:56] Read2: loaded 102M reads 
[04:13:57] Read1: loaded 102M reads 
[04:13:57] Read2: loaded 103M reads 
[04:13:58] Read1: loaded 103M reads 
[04:13:58] Read2: loaded 104M reads 
[04:13:59] Read1: loaded 104M reads 
[04:13:59] Read2: loaded 105M reads 
[04:13:59] Read1: loaded 105M reads 
[04:14:00] Read2: loaded 106M reads 
[04:14:00] Read1: loaded 106M reads 
[04:14:01] Read2: loaded 107M reads 
[04:14:01] Read1: loaded 107M reads 
[04:14:01] Read2: loaded 108M reads 
[04:14:02] Read1: loaded 108M reads 
[04:14:02] Read2: loaded 109M reads 
[04:14:03] Read1: loaded 109M reads 
[04:14:03] Read2: loaded 110M reads 
[04:14:04] Read1: loaded 110M reads 
[04:14:04] Read2: loaded 111M reads 
[04:14:04] Read1: loaded 111M reads 
[04:14:05] Read2: loaded 112M reads 
[04:14:05] Read1: loaded 112M reads 
[04:14:06] Read2: loaded 113M reads 
[04:14:06] Read1: loaded 113M reads 
[04:14:06] Read2: loaded 114M reads 
[04:14:07] Read1: loaded 114M reads 
[04:14:07] Read2: loaded 115M reads 
[04:14:08] Read1: loaded 115M reads 
[04:14:08] Read2: loaded 116M reads 
[04:14:09] Read1: loaded 116M reads 
[04:14:09] Read2: loaded 117M reads 
[04:14:09] Read2: loading completed with 14297 packs 
[04:14:09] Read1: loaded 117M reads 
[04:14:10] Read1: loading completed with 14297 packs 
[04:14:10] thread 10 data processing completed 
[04:14:10] thread 10 finished 
[04:14:10] thread 8 data processing completed 
[04:14:10] thread 8 finished 
[04:14:10] thread 1 data processing completed 
[04:14:10] [fastp 1.3.3-d0bromir] Stage: loading (97178 ms) 
[04:14:10] [fastp 1.3.3-d0bromir] Stage: filtering 
[04:14:10] thread 12 data processing completed 
[04:14:10] thread 12 finished 
[04:14:10] thread 16 data processing completed 
[04:14:10] thread 16 finished 
[04:14:10] thread 13 data processing completed 
[04:14:10] thread 13 finished 
[04:14:10] thread 2 data processing completed 
[04:14:10] thread 2 finished 
[04:14:10] thread 1 finished 
[04:14:10] thread 14 data processing completed 
[04:14:10] thread 14 finished 
[04:14:10] thread 11 data processing completed 
[04:14:10] thread 11 finished 
[04:14:10] thread 7 data processing completed 
[04:14:10] thread 7 finished 
[04:14:10] thread 6 data processing completed 
[04:14:10] thread 6 finished 
[04:14:10] thread 15 data processing completed 
[04:14:10] thread 15 finished 
[04:14:10] thread 9 data processing completed 
[04:14:10] thread 9 finished 
[04:14:10] thread 5 data processing completed 
[04:14:10] thread 5 finished 
[04:14:10] thread 3 data processing completed 
[04:14:10] thread 3 finished 
[04:14:10] thread 4 data processing completed 
[04:14:10] thread 4 finished 
[04:14:10] [fastp 1.3.3-d0bromir] Stage: filtering (47 ms) 
[04:14:10] [fastp 1.3.3-d0bromir] Stage: writing 
[04:14:10] /dev/shm/fastp_bench_iH1tbm_R1.fq.gz writer finished 
[04:14:10] /dev/shm/fastp_bench_vxStr6_R2.fq.gz writer finished 
[04:14:10] [fastp 1.3.3-d0bromir] Stage: writing (26 ms) 
[04:14:10] [GPU] Device 0: batches=14297 reads=117119017 
[04:14:10] [GPU] Device 1: batches=14297 reads=117119017 
[04:14:10] start to generate reports
 
Read1 before filtering:
total reads: 117119017
total bases: 11711901700
Q20 bases: 11040848879(94.2703%)
Q30 bases: 10362226195(88.476%)
Q40 bases: 1948657(0.0166383%)

Read2 before filtering:
total reads: 117119017
total bases: 11711901700
Q20 bases: 10988642082(93.8246%)
Q30 bases: 10314076255(88.0649%)
Q40 bases: 28413202(0.242601%)

Read1 after filtering:
total reads: 108920465
total bases: 10873757549
Q20 bases: 10544216033(96.9694%)
Q30 bases: 9961660084(91.6119%)
Q40 bases: 1912694(0.01759%)

Read2 after filtering:
total reads: 108920465
total bases: 10873757549
Q20 bases: 10557960992(97.0958%)
Q30 bases: 9979237841(91.7736%)
Q40 bases: 27481072(0.252728%)

Filtering result:
reads passed filter: 217840930
reads failed due to low quality: 16397104
reads failed due to too many N: 0
reads failed due to too short: 0
reads failed due to adapter dimer: 0
reads with adapter trimmed: 882278
bases trimmed due to adapters: 37595560

Duplication rate: 1.16051%

Insert size peak (evaluated by paired-end reads): 169

JSON report: /dev/shm/fastp_bench_Ku1fE0.json
HTML report: /dev/null

/home/mpiuser/bioauto_rev/fastp_d0bromir/fastp -w 16 -j /dev/shm/fastp_bench_Ku1fE0.json -h /dev/null --verbose -i /home/mpiuser/FASTQ/WGS/ERR1044319_1.fastq.gz -I /home/mpiuser/FASTQ/WGS/ERR1044319_2.fastq.gz -o /dev/shm/fastp_bench_iH1tbm_R1.fq.gz -O /dev/shm/fastp_bench_vxStr6_R2.fq.gz 
fastp v1.3.3-d0bromir, time used: 99 seconds
================================================================
