=== Full Benchmark Log: Sun Oct  4 08:09:31 UTC 2026 ===


================================================================
 Application  : opengene (/home/mpiuser/bioauto_rev/fastp_d0bromir/../fastp_opengene/fastp)
 Dataset      : WGS SE 6.3G (ERR1044780_1)
 Files        : R1=/home/mpiuser/FASTQ/WGS/ERR1044780_1.fastq.gz
 Type         : SE
 Threads      : 16
 Wall time    : 197.080 s
 reads_in     : 80314764
 reads_out    : 77515798
 vs_opengene  : baseline
--- Resource usage ---
 CPU avg/peak : 685.2% / 1257.3%
 RSS peak     : 1295 MiB
 GPU util a/p : 0.0% / 0.0%
 GPU mem peak : 0 MiB
 Sample CSV   : /home/mpiuser/bioauto_rev/fastp_d0bromir/benchmark_results/20261004_080931/resources/resource_WGS_SE_6.3G_opengene_T16_1791101372.csv
--- Profiling output ---
Detecting adapter sequence for read1...
No adapter detected for read1

[08:09:45] start to load data 
[08:09:45] /dev/shm/fastp_bench_MtJnGH_R1.fq.gz writer finished 
[08:09:46] loaded 1M reads 
[08:09:47] loaded 2M reads 
[08:09:48] loaded 3M reads 
[08:09:50] loaded 4M reads 
[08:09:51] loaded 5M reads 
[08:09:52] loaded 6M reads 
[08:09:53] loaded 7M reads 
[08:09:55] loaded 8M reads 
[08:09:56] loaded 9M reads 
[08:09:57] loaded 10M reads 
[08:09:59] loaded 11M reads 
[08:10:00] loaded 12M reads 
[08:10:01] loaded 13M reads 
[08:10:02] loaded 14M reads 
[08:10:04] loaded 15M reads 
[08:10:05] loaded 16M reads 
[08:10:06] loaded 17M reads 
[08:10:08] loaded 18M reads 
[08:10:09] loaded 19M reads 
[08:10:10] loaded 20M reads 
[08:10:12] loaded 21M reads 
[08:10:13] loaded 22M reads 
[08:10:14] loaded 23M reads 
[08:10:16] loaded 24M reads 
[08:10:19] loaded 25M reads 
[08:10:21] loaded 26M reads 
[08:10:24] loaded 27M reads 
[08:10:27] loaded 28M reads 
[08:10:30] loaded 29M reads 
[08:10:32] loaded 30M reads 
[08:10:35] loaded 31M reads 
[08:10:38] loaded 32M reads 
[08:10:41] loaded 33M reads 
[08:10:43] loaded 34M reads 
[08:10:46] loaded 35M reads 
[08:10:49] loaded 36M reads 
[08:10:51] loaded 37M reads 
[08:10:54] loaded 38M reads 
[08:10:57] loaded 39M reads 
[08:11:00] loaded 40M reads 
[08:11:02] loaded 41M reads 
[08:11:05] loaded 42M reads 
[08:11:08] loaded 43M reads 
[08:11:11] loaded 44M reads 
[08:11:13] loaded 45M reads 
[08:11:16] loaded 46M reads 
[08:11:19] loaded 47M reads 
[08:11:21] loaded 48M reads 
[08:11:24] loaded 49M reads 
[08:11:27] loaded 50M reads 
[08:11:29] loaded 51M reads 
[08:11:32] loaded 52M reads 
[08:11:35] loaded 53M reads 
[08:11:37] loaded 54M reads 
[08:11:40] loaded 55M reads 
[08:11:43] loaded 56M reads 
[08:11:46] loaded 57M reads 
[08:11:48] loaded 58M reads 
[08:11:51] loaded 59M reads 
[08:11:54] loaded 60M reads 
[08:11:56] loaded 61M reads 
[08:11:59] loaded 62M reads 
[08:12:02] loaded 63M reads 
[08:12:05] loaded 64M reads 
[08:12:07] loaded 65M reads 
[08:12:10] loaded 66M reads 
[08:12:13] loaded 67M reads 
[08:12:16] loaded 68M reads 
[08:12:18] loaded 69M reads 
[08:12:21] loaded 70M reads 
[08:12:24] loaded 71M reads 
[08:12:26] loaded 72M reads 
[08:12:29] loaded 73M reads 
[08:12:32] loaded 74M reads 
[08:12:34] loaded 75M reads 
[08:12:37] loaded 76M reads 
[08:12:40] loaded 77M reads 
[08:12:43] loaded 78M reads 
[08:12:45] loaded 79M reads 
[08:12:48] loaded 80M reads 
[08:12:49] Loading completed with 80315 packs 
[08:12:49] thread 16 data processing completed 
[08:12:49] thread 16 finished 
[08:12:49] thread 14 data processing completed 
[08:12:49] thread 14 finished 
[08:12:49] thread 3 data processing completed 
[08:12:49] thread 3 finished 
[08:12:49] thread 4 data processing completed 
[08:12:49] thread 4 finished 
[08:12:49] thread 15 data processing completed 
[08:12:49] thread 15 finished 
[08:12:49] thread 13 data processing completed 
[08:12:49] thread 13 finished 
[08:12:49] thread 5 data processing completed 
[08:12:49] thread 5 finished 
[08:12:49] thread 1 data processing completed 
[08:12:49] thread 1 finished 
[08:12:49] thread 12 data processing completed 
[08:12:49] thread 12 finished 
[08:12:49] thread 2 data processing completed 
[08:12:49] thread 2 finished 
[08:12:49] thread 6 data processing completed 
[08:12:49] thread 6 finished 
[08:12:49] thread 7 data processing completed 
[08:12:49] thread 7 finished 
[08:12:49] thread 8 data processing completed 
[08:12:49] thread 8 finished 
[08:12:49] thread 9 data processing completed 
[08:12:49] thread 9 finished 
[08:12:49] thread 11 data processing completed 
[08:12:49] thread 11 finished 
[08:12:49] thread 10 data processing completed 
[08:12:49] thread 10 finished 
[08:12:49] start to generate reports
 
Read1 before filtering:
total reads: 80314764
total bases: 8031476400
Q20 bases: 7618398149(94.8568%)
Q30 bases: 7189780467(89.52%)
Q40 bases: 1372019(0.017083%)

Read1 after filtering:
total reads: 77515798
total bases: 7751579800
Q20 bases: 7501957244(96.7797%)
Q30 bases: 7095114113(91.5312%)
Q40 bases: 1364356(0.017601%)

Filtering result:
reads passed filter: 77515798
reads failed due to low quality: 2793133
reads failed due to too many N: 5833
reads failed due to too short: 0
reads failed due to adapter dimer: 0
reads with adapter trimmed: 0
bases trimmed due to adapters: 0

Duplication rate (may be overestimated since this is SE data): 3.81534%

JSON report: /dev/shm/fastp_bench_VgmZbV.json
HTML report: /dev/null

/home/mpiuser/bioauto_rev/fastp_d0bromir/../fastp_opengene/fastp -w 16 -j /dev/shm/fastp_bench_VgmZbV.json -h /dev/null --verbose -i /home/mpiuser/FASTQ/WGS/ERR1044780_1.fastq.gz -o /dev/shm/fastp_bench_MtJnGH_R1.fq.gz 
fastp v1.3.3, time used: 197 seconds
================================================================

================================================================
 Application  : d0bromir_cpu (/home/mpiuser/bioauto_rev/fastp_d0bromir/fastp-cpu)
 Dataset      : WGS SE 6.3G (ERR1044780_1)
 Files        : R1=/home/mpiuser/FASTQ/WGS/ERR1044780_1.fastq.gz
 Type         : SE
 Threads      : 16
 Wall time    : 79.340 s
 reads_in     : 80314764
 reads_out    : 77515798
 vs_opengene  : -59.7%
--- Resource usage ---
 CPU avg/peak : 709.4% / 1585.2%
 RSS peak     : 1491 MiB
 GPU util a/p : 0.0% / 0.0%
 GPU mem peak : 0 MiB
 Sample CSV   : /home/mpiuser/bioauto_rev/fastp_d0bromir/benchmark_results/20261004_080931/resources/resource_WGS_SE_6.3G_d0bromir_cpu_T16_1791101570.csv
--- Profiling output ---
[08:12:50] fastp 1.3.3-d0bromir starting 
Detecting adapter sequence for read1...
No adapter detected for read1

[08:13:03] [fastp 1.3.3-d0bromir] Stage: loading 
[08:13:03] start to load data 
[08:13:03] loaded 1M reads 
[08:13:04] loaded 2M reads 
[08:13:05] loaded 3M reads 
[08:13:06] loaded 4M reads 
[08:13:07] loaded 5M reads 
[08:13:08] loaded 6M reads 
[08:13:08] loaded 7M reads 
[08:13:09] loaded 8M reads 
[08:13:10] loaded 9M reads 
[08:13:11] loaded 10M reads 
[08:13:12] loaded 11M reads 
[08:13:13] loaded 12M reads 
[08:13:13] loaded 13M reads 
[08:13:14] loaded 14M reads 
[08:13:15] loaded 15M reads 
[08:13:16] loaded 16M reads 
[08:13:17] loaded 17M reads 
[08:13:18] loaded 18M reads 
[08:13:19] loaded 19M reads 
[08:13:19] loaded 20M reads 
[08:13:20] loaded 21M reads 
[08:13:21] loaded 22M reads 
[08:13:22] loaded 23M reads 
[08:13:23] loaded 24M reads 
[08:13:24] loaded 25M reads 
[08:13:24] loaded 26M reads 
[08:13:25] loaded 27M reads 
[08:13:26] loaded 28M reads 
[08:13:27] loaded 29M reads 
[08:13:28] loaded 30M reads 
[08:13:29] loaded 31M reads 
[08:13:29] loaded 32M reads 
[08:13:30] loaded 33M reads 
[08:13:31] loaded 34M reads 
[08:13:32] loaded 35M reads 
[08:13:33] loaded 36M reads 
[08:13:34] loaded 37M reads 
[08:13:35] loaded 38M reads 
[08:13:35] loaded 39M reads 
[08:13:36] loaded 40M reads 
[08:13:37] loaded 41M reads 
[08:13:38] loaded 42M reads 
[08:13:39] loaded 43M reads 
[08:13:40] loaded 44M reads 
[08:13:40] loaded 45M reads 
[08:13:41] loaded 46M reads 
[08:13:42] loaded 47M reads 
[08:13:43] loaded 48M reads 
[08:13:44] loaded 49M reads 
[08:13:44] loaded 50M reads 
[08:13:45] loaded 51M reads 
[08:13:46] loaded 52M reads 
[08:13:47] loaded 53M reads 
[08:13:48] loaded 54M reads 
[08:13:49] loaded 55M reads 
[08:13:49] loaded 56M reads 
[08:13:50] loaded 57M reads 
[08:13:51] loaded 58M reads 
[08:13:52] loaded 59M reads 
[08:13:53] loaded 60M reads 
[08:13:54] loaded 61M reads 
[08:13:54] loaded 62M reads 
[08:13:55] loaded 63M reads 
[08:13:56] loaded 64M reads 
[08:13:57] loaded 65M reads 
[08:13:58] loaded 66M reads 
[08:13:58] loaded 67M reads 
[08:13:59] loaded 68M reads 
[08:14:00] loaded 69M reads 
[08:14:01] loaded 70M reads 
[08:14:02] loaded 71M reads 
[08:14:02] loaded 72M reads 
[08:14:03] loaded 73M reads 
[08:14:04] loaded 74M reads 
[08:14:05] loaded 75M reads 
[08:14:06] loaded 76M reads 
[08:14:07] loaded 77M reads 
[08:14:07] loaded 78M reads 
[08:14:08] loaded 79M reads 
[08:14:09] loaded 80M reads 
[08:14:09] Loading completed with 9805 packs 
[08:14:09] thread 5 data processing completed 
[08:14:09] thread 5 finished 
[08:14:09] thread 6 data processing completed 
[08:14:09] [fastp 1.3.3-d0bromir] Stage: loading (66767 ms) 
[08:14:09] [fastp 1.3.3-d0bromir] Stage: filtering 
[08:14:09] thread 13 data processing completed 
[08:14:09] thread 13 finished 
[08:14:09] thread 4 data processing completed 
[08:14:09] thread 4 finished 
[08:14:09] thread 14 data processing completed 
[08:14:09] thread 14 finished 
[08:14:09] thread 7 data processing completed 
[08:14:09] thread 7 finished 
[08:14:09] thread 6 finished 
[08:14:09] thread 3 data processing completed 
[08:14:09] thread 3 finished 
[08:14:09] thread 2 data processing completed 
[08:14:09] thread 2 finished 
[08:14:09] thread 8 data processing completed 
[08:14:09] thread 8 finished 
[08:14:09] thread 16 data processing completed 
[08:14:09] thread 16 finished 
[08:14:09] thread 1 data processing completed 
[08:14:09] thread 1 finished 
[08:14:09] thread 9 data processing completed 
[08:14:09] thread 9 finished 
[08:14:09] thread 12 data processing completed 
[08:14:09] thread 12 finished 
[08:14:09] thread 10 data processing completed 
[08:14:09] thread 10 finished 
[08:14:09] thread 15 data processing completed 
[08:14:09] thread 15 finished 
[08:14:09] thread 11 data processing completed 
[08:14:09] thread 11 finished 
[08:14:09] [fastp 1.3.3-d0bromir] Stage: filtering (20 ms) 
[08:14:09] [fastp 1.3.3-d0bromir] Stage: writing 
[08:14:09] /dev/shm/fastp_bench_JTJfO4_R1.fq.gz writer finished 
[08:14:09] [fastp 1.3.3-d0bromir] Stage: writing (30 ms) 
[08:14:09] start to generate reports
 
Read1 before filtering:
total reads: 80314764
total bases: 8031476400
Q20 bases: 7618398149(94.8568%)
Q30 bases: 7189780467(89.52%)
Q40 bases: 1372019(0.017083%)

Read1 after filtering:
total reads: 77515798
total bases: 7751579800
Q20 bases: 7501957244(96.7797%)
Q30 bases: 7095114113(91.5312%)
Q40 bases: 1364356(0.017601%)

Filtering result:
reads passed filter: 77515798
reads failed due to low quality: 2793133
reads failed due to too many N: 5833
reads failed due to too short: 0
reads failed due to adapter dimer: 0
reads with adapter trimmed: 0
bases trimmed due to adapters: 0

Duplication rate (may be overestimated since this is SE data): 3.81535%

JSON report: /dev/shm/fastp_bench_pewPzG.json
HTML report: /dev/null

/home/mpiuser/bioauto_rev/fastp_d0bromir/fastp-cpu -w 16 -j /dev/shm/fastp_bench_pewPzG.json -h /dev/null --verbose -i /home/mpiuser/FASTQ/WGS/ERR1044780_1.fastq.gz -o /dev/shm/fastp_bench_JTJfO4_R1.fq.gz 
fastp v1.3.3-d0bromir, time used: 79 seconds
================================================================

================================================================
 Application  : d0bromir_gpu (/home/mpiuser/bioauto_rev/fastp_d0bromir/fastp)
 Dataset      : WGS SE 6.3G (ERR1044780_1)
 Files        : R1=/home/mpiuser/FASTQ/WGS/ERR1044780_1.fastq.gz
 Type         : SE
 Threads      : 16
 Wall time    : 79.778 s
 reads_in     : 80314764
 reads_out    : 77515798
 vs_opengene  : -59.5%
--- Resource usage ---
 CPU avg/peak : 842.3% / 1544.3%
 RSS peak     : 2221 MiB
 GPU util a/p : 4.4% / 6.0%
 GPU mem peak : 1360 MiB
 Sample CSV   : /home/mpiuser/bioauto_rev/fastp_d0bromir/benchmark_results/20261004_080931/resources/resource_WGS_SE_6.3G_d0bromir_gpu_T16_1791101651.csv
--- Profiling output ---
[08:14:11] fastp 1.3.3-d0bromir starting 
Detecting adapter sequence for read1...
No adapter detected for read1

[08:14:23] [GPU] CUDA GPU available (Device 0) - statistics GPU-accelerated (slots=8) 
[08:14:23] [fastp 1.3.3-d0bromir] Stage: loading 
[08:14:23] start to load data 
[08:14:23] [GPU] CUDA GPU available (Device 1) - statistics GPU-accelerated (slots=8) 
[08:14:23] [GPU] Dual-GPU mode: Device 0 + Device 1 active 
[08:14:24] loaded 1M reads 
[08:14:25] loaded 2M reads 
[08:14:26] loaded 3M reads 
[08:14:27] loaded 4M reads 
[08:14:27] loaded 5M reads 
[08:14:28] loaded 6M reads 
[08:14:29] loaded 7M reads 
[08:14:30] loaded 8M reads 
[08:14:31] loaded 9M reads 
[08:14:32] loaded 10M reads 
[08:14:32] loaded 11M reads 
[08:14:33] loaded 12M reads 
[08:14:34] loaded 13M reads 
[08:14:35] loaded 14M reads 
[08:14:36] loaded 15M reads 
[08:14:37] loaded 16M reads 
[08:14:38] loaded 17M reads 
[08:14:38] loaded 18M reads 
[08:14:39] loaded 19M reads 
[08:14:40] loaded 20M reads 
[08:14:41] loaded 21M reads 
[08:14:42] loaded 22M reads 
[08:14:43] loaded 23M reads 
[08:14:44] loaded 24M reads 
[08:14:44] loaded 25M reads 
[08:14:45] loaded 26M reads 
[08:14:46] loaded 27M reads 
[08:14:47] loaded 28M reads 
[08:14:48] loaded 29M reads 
[08:14:49] loaded 30M reads 
[08:14:49] loaded 31M reads 
[08:14:50] loaded 32M reads 
[08:14:51] loaded 33M reads 
[08:14:52] loaded 34M reads 
[08:14:53] loaded 35M reads 
[08:14:54] loaded 36M reads 
[08:14:54] loaded 37M reads 
[08:14:55] loaded 38M reads 
[08:14:56] loaded 39M reads 
[08:14:57] loaded 40M reads 
[08:14:58] loaded 41M reads 
[08:14:59] loaded 42M reads 
[08:14:59] loaded 43M reads 
[08:15:00] loaded 44M reads 
[08:15:01] loaded 45M reads 
[08:15:02] loaded 46M reads 
[08:15:03] loaded 47M reads 
[08:15:04] loaded 48M reads 
[08:15:04] loaded 49M reads 
[08:15:05] loaded 50M reads 
[08:15:06] loaded 51M reads 
[08:15:07] loaded 52M reads 
[08:15:08] loaded 53M reads 
[08:15:08] loaded 54M reads 
[08:15:09] loaded 55M reads 
[08:15:10] loaded 56M reads 
[08:15:11] loaded 57M reads 
[08:15:12] loaded 58M reads 
[08:15:13] loaded 59M reads 
[08:15:13] loaded 60M reads 
[08:15:14] loaded 61M reads 
[08:15:15] loaded 62M reads 
[08:15:16] loaded 63M reads 
[08:15:17] loaded 64M reads 
[08:15:18] loaded 65M reads 
[08:15:18] loaded 66M reads 
[08:15:19] loaded 67M reads 
[08:15:20] loaded 68M reads 
[08:15:21] loaded 69M reads 
[08:15:22] loaded 70M reads 
[08:15:22] loaded 71M reads 
[08:15:23] loaded 72M reads 
[08:15:24] loaded 73M reads 
[08:15:25] loaded 74M reads 
[08:15:26] loaded 75M reads 
[08:15:27] loaded 76M reads 
[08:15:27] loaded 77M reads 
[08:15:28] loaded 78M reads 
[08:15:29] loaded 79M reads 
[08:15:30] loaded 80M reads 
[08:15:30] Loading completed with 9805 packs 
[08:15:30] thread 10 data processing completed 
[08:15:30] thread 10 finished 
[08:15:30] thread 11 data processing completed 
[08:15:30] thread 11 finished 
[08:15:30] [fastp 1.3.3-d0bromir] Stage: loading (66995 ms) 
[08:15:30] [fastp 1.3.3-d0bromir] Stage: filtering 
[08:15:30] thread 9 data processing completed 
[08:15:30] thread 9 finished 
[08:15:30] thread 16 data processing completed 
[08:15:30] thread 16 finished 
[08:15:30] thread 13 data processing completed 
[08:15:30] thread 13 finished 
[08:15:30] thread 5 data processing completed 
[08:15:30] thread 5 finished 
[08:15:30] thread 2 data processing completed 
[08:15:30] thread 2 finished 
[08:15:30] thread 7 data processing completed 
[08:15:30] thread 7 finished 
[08:15:30] thread 3 data processing completed 
[08:15:30] thread 3 finished 
[08:15:30] thread 12 data processing completed 
[08:15:30] thread 12 finished 
[08:15:30] thread 8 data processing completed 
[08:15:30] thread 8 finished 
[08:15:30] thread 1 data processing completed 
[08:15:30] thread 1 finished 
[08:15:30] thread 15 data processing completed 
[08:15:30] thread 15 finished 
[08:15:30] thread 6 data processing completed 
[08:15:30] thread 6 finished 
[08:15:30] thread 14 data processing completed 
[08:15:30] thread 14 finished 
[08:15:30] thread 4 data processing completed 
[08:15:30] thread 4 finished 
[08:15:30] [fastp 1.3.3-d0bromir] Stage: filtering (17 ms) 
[08:15:30] [fastp 1.3.3-d0bromir] Stage: writing 
[08:15:30] /dev/shm/fastp_bench_7ZDOGd_R1.fq.gz writer finished 
[08:15:30] [fastp 1.3.3-d0bromir] Stage: writing (30 ms) 
[08:15:30] [GPU] Device 0: batches=4903 reads=40157580 
[08:15:30] [GPU] Device 1: batches=4902 reads=40157184 
[08:15:30] start to generate reports
 
Read1 before filtering:
total reads: 80314764
total bases: 8031476400
Q20 bases: 7618398149(94.8568%)
Q30 bases: 7189780467(89.52%)
Q40 bases: 1372019(0.017083%)

Read1 after filtering:
total reads: 77515798
total bases: 7751579800
Q20 bases: 7501957244(96.7797%)
Q30 bases: 7095114113(91.5312%)
Q40 bases: 1364356(0.017601%)

Filtering result:
reads passed filter: 77515798
reads failed due to low quality: 2793133
reads failed due to too many N: 5833
reads failed due to too short: 0
reads failed due to adapter dimer: 0
reads with adapter trimmed: 0
bases trimmed due to adapters: 0

Duplication rate (may be overestimated since this is SE data): 3.81535%

JSON report: /dev/shm/fastp_bench_y7JVaQ.json
HTML report: /dev/null

/home/mpiuser/bioauto_rev/fastp_d0bromir/fastp -w 16 -j /dev/shm/fastp_bench_y7JVaQ.json -h /dev/null --verbose -i /home/mpiuser/FASTQ/WGS/ERR1044780_1.fastq.gz -o /dev/shm/fastp_bench_7ZDOGd_R1.fq.gz 
fastp v1.3.3-d0bromir, time used: 79 seconds
================================================================
