=== Full Benchmark Log: Sun Oct  4 16:09:32 UTC 2026 ===


================================================================
 Application  : opengene (/home/mpiuser/bioauto_rev/fastp_d0bromir/../fastp_opengene/fastp)
 Dataset      : WGS SE 6.3G (ERR1044780_1)
 Files        : R1=/home/mpiuser/FASTQ/WGS/ERR1044780_1.fastq.gz
 Type         : SE
 Threads      : 16
 Wall time    : 192.767 s
 reads_in     : 80314764
 reads_out    : 77515798
 vs_opengene  : baseline
--- Resource usage ---
 CPU avg/peak : 723.4% / 1291.2%
 RSS peak     : 1299 MiB
 GPU util a/p : 0.0% / 0.0%
 GPU mem peak : 0 MiB
 Sample CSV   : /home/mpiuser/bioauto_rev/fastp_d0bromir/benchmark_results/20261004_160932/resources/resource_WGS_SE_6.3G_opengene_T16_1791130172.csv
--- Profiling output ---
Detecting adapter sequence for read1...
No adapter detected for read1

[16:09:45] start to load data 
[16:09:45] /dev/shm/fastp_bench_cH9qFe_R1.fq.gz writer finished 
[16:09:46] loaded 1M reads 
[16:09:47] loaded 2M reads 
[16:09:49] loaded 3M reads 
[16:09:50] loaded 4M reads 
[16:09:51] loaded 5M reads 
[16:09:52] loaded 6M reads 
[16:09:54] loaded 7M reads 
[16:09:55] loaded 8M reads 
[16:09:56] loaded 9M reads 
[16:09:57] loaded 10M reads 
[16:09:59] loaded 11M reads 
[16:10:00] loaded 12M reads 
[16:10:01] loaded 13M reads 
[16:10:02] loaded 14M reads 
[16:10:04] loaded 15M reads 
[16:10:05] loaded 16M reads 
[16:10:06] loaded 17M reads 
[16:10:07] loaded 18M reads 
[16:10:09] loaded 19M reads 
[16:10:10] loaded 20M reads 
[16:10:11] loaded 21M reads 
[16:10:13] loaded 22M reads 
[16:10:14] loaded 23M reads 
[16:10:15] loaded 24M reads 
[16:10:17] loaded 25M reads 
[16:10:19] loaded 26M reads 
[16:10:21] loaded 27M reads 
[16:10:24] loaded 28M reads 
[16:10:27] loaded 29M reads 
[16:10:29] loaded 30M reads 
[16:10:32] loaded 31M reads 
[16:10:35] loaded 32M reads 
[16:10:37] loaded 33M reads 
[16:10:40] loaded 34M reads 
[16:10:43] loaded 35M reads 
[16:10:45] loaded 36M reads 
[16:10:48] loaded 37M reads 
[16:10:51] loaded 38M reads 
[16:10:54] loaded 39M reads 
[16:10:57] loaded 40M reads 
[16:10:59] loaded 41M reads 
[16:11:02] loaded 42M reads 
[16:11:05] loaded 43M reads 
[16:11:07] loaded 44M reads 
[16:11:10] loaded 45M reads 
[16:11:13] loaded 46M reads 
[16:11:15] loaded 47M reads 
[16:11:18] loaded 48M reads 
[16:11:21] loaded 49M reads 
[16:11:23] loaded 50M reads 
[16:11:26] loaded 51M reads 
[16:11:28] loaded 52M reads 
[16:11:31] loaded 53M reads 
[16:11:34] loaded 54M reads 
[16:11:37] loaded 55M reads 
[16:11:39] loaded 56M reads 
[16:11:42] loaded 57M reads 
[16:11:45] loaded 58M reads 
[16:11:47] loaded 59M reads 
[16:11:50] loaded 60M reads 
[16:11:53] loaded 61M reads 
[16:11:55] loaded 62M reads 
[16:11:58] loaded 63M reads 
[16:12:01] loaded 64M reads 
[16:12:03] loaded 65M reads 
[16:12:06] loaded 66M reads 
[16:12:09] loaded 67M reads 
[16:12:12] loaded 68M reads 
[16:12:14] loaded 69M reads 
[16:12:17] loaded 70M reads 
[16:12:20] loaded 71M reads 
[16:12:22] loaded 72M reads 
[16:12:25] loaded 73M reads 
[16:12:28] loaded 74M reads 
[16:12:30] loaded 75M reads 
[16:12:33] loaded 76M reads 
[16:12:36] loaded 77M reads 
[16:12:38] loaded 78M reads 
[16:12:41] loaded 79M reads 
[16:12:44] loaded 80M reads 
[16:12:45] Loading completed with 80315 packs 
[16:12:45] thread 7 data processing completed 
[16:12:45] thread 7 finished 
[16:12:45] thread 14 data processing completed 
[16:12:45] thread 14 finished 
[16:12:45] thread 12 data processing completed 
[16:12:45] thread 12 finished 
[16:12:45] thread 4 data processing completed 
[16:12:45] thread 4 finished 
[16:12:45] thread 1 data processing completed 
[16:12:45] thread 1 finished 
[16:12:45] thread 2 data processing completed 
[16:12:45] thread 2 finished 
[16:12:45] thread 16 data processing completed 
[16:12:45] thread 16 finished 
[16:12:45] thread 6 data processing completed 
[16:12:45] thread 6 finished 
[16:12:45] thread 13 data processing completed 
[16:12:45] thread 13 finished 
[16:12:45] thread 15 data processing completed 
[16:12:45] thread 15 finished 
[16:12:45] thread 3 data processing completed 
[16:12:45] thread 3 finished 
[16:12:45] thread 5 data processing completed 
[16:12:45] thread 5 finished 
[16:12:45] thread 8 data processing completed 
[16:12:45] thread 8 finished 
[16:12:45] thread 9 data processing completed 
[16:12:45] thread 9 finished 
[16:12:45] thread 10 data processing completed 
[16:12:45] thread 10 finished 
[16:12:45] thread 11 data processing completed 
[16:12:45] thread 11 finished 
[16:12:45] start to generate reports
 
Read1 before filtering:
total reads: 80314764
total bases: 8031476400
Q20 bases: 7618398149(94.8568%)
Q30 bases: 7189780467(89.52%)
Q40 bases: 1372019(0.017083%)

Read1 after filtering:
total reads: 77515798
total bases: 7751579800
Q20 bases: 7501957244(96.7797%)
Q30 bases: 7095114113(91.5312%)
Q40 bases: 1364356(0.017601%)

Filtering result:
reads passed filter: 77515798
reads failed due to low quality: 2793133
reads failed due to too many N: 5833
reads failed due to too short: 0
reads failed due to adapter dimer: 0
reads with adapter trimmed: 0
bases trimmed due to adapters: 0

Duplication rate (may be overestimated since this is SE data): 3.81534%

JSON report: /dev/shm/fastp_bench_nwUTZV.json
HTML report: /dev/null

/home/mpiuser/bioauto_rev/fastp_d0bromir/../fastp_opengene/fastp -w 16 -j /dev/shm/fastp_bench_nwUTZV.json -h /dev/null --verbose -i /home/mpiuser/FASTQ/WGS/ERR1044780_1.fastq.gz -o /dev/shm/fastp_bench_cH9qFe_R1.fq.gz 
fastp v1.3.3, time used: 193 seconds
================================================================

================================================================
 Application  : d0bromir_cpu (/home/mpiuser/bioauto_rev/fastp_d0bromir/fastp-cpu)
 Dataset      : WGS SE 6.3G (ERR1044780_1)
 Files        : R1=/home/mpiuser/FASTQ/WGS/ERR1044780_1.fastq.gz
 Type         : SE
 Threads      : 16
 Wall time    : 79.261 s
 reads_in     : 80314764
 reads_out    : 77515798
 vs_opengene  : -58.9%
--- Resource usage ---
 CPU avg/peak : 943.7% / 1574.3%
 RSS peak     : 1490 MiB
 GPU util a/p : 0.0% / 0.0%
 GPU mem peak : 0 MiB
 Sample CSV   : /home/mpiuser/bioauto_rev/fastp_d0bromir/benchmark_results/20261004_160932/resources/resource_WGS_SE_6.3G_d0bromir_cpu_T16_1791130366.csv
--- Profiling output ---
[16:12:46] fastp 1.3.3-d0bromir starting 
Detecting adapter sequence for read1...
No adapter detected for read1

[16:12:58] [fastp 1.3.3-d0bromir] Stage: loading 
[16:12:58] start to load data 
[16:12:59] loaded 1M reads 
[16:13:00] loaded 2M reads 
[16:13:01] loaded 3M reads 
[16:13:02] loaded 4M reads 
[16:13:03] loaded 5M reads 
[16:13:03] loaded 6M reads 
[16:13:04] loaded 7M reads 
[16:13:05] loaded 8M reads 
[16:13:06] loaded 9M reads 
[16:13:07] loaded 10M reads 
[16:13:08] loaded 11M reads 
[16:13:09] loaded 12M reads 
[16:13:09] loaded 13M reads 
[16:13:10] loaded 14M reads 
[16:13:11] loaded 15M reads 
[16:13:12] loaded 16M reads 
[16:13:13] loaded 17M reads 
[16:13:14] loaded 18M reads 
[16:13:14] loaded 19M reads 
[16:13:15] loaded 20M reads 
[16:13:16] loaded 21M reads 
[16:13:17] loaded 22M reads 
[16:13:18] loaded 23M reads 
[16:13:19] loaded 24M reads 
[16:13:20] loaded 25M reads 
[16:13:20] loaded 26M reads 
[16:13:21] loaded 27M reads 
[16:13:22] loaded 28M reads 
[16:13:23] loaded 29M reads 
[16:13:24] loaded 30M reads 
[16:13:25] loaded 31M reads 
[16:13:25] loaded 32M reads 
[16:13:26] loaded 33M reads 
[16:13:27] loaded 34M reads 
[16:13:28] loaded 35M reads 
[16:13:29] loaded 36M reads 
[16:13:30] loaded 37M reads 
[16:13:30] loaded 38M reads 
[16:13:31] loaded 39M reads 
[16:13:32] loaded 40M reads 
[16:13:33] loaded 41M reads 
[16:13:34] loaded 42M reads 
[16:13:35] loaded 43M reads 
[16:13:35] loaded 44M reads 
[16:13:36] loaded 45M reads 
[16:13:37] loaded 46M reads 
[16:13:38] loaded 47M reads 
[16:13:39] loaded 48M reads 
[16:13:40] loaded 49M reads 
[16:13:40] loaded 50M reads 
[16:13:41] loaded 51M reads 
[16:13:42] loaded 52M reads 
[16:13:43] loaded 53M reads 
[16:13:44] loaded 54M reads 
[16:13:44] loaded 55M reads 
[16:13:45] loaded 56M reads 
[16:13:46] loaded 57M reads 
[16:13:47] loaded 58M reads 
[16:13:48] loaded 59M reads 
[16:13:49] loaded 60M reads 
[16:13:49] loaded 61M reads 
[16:13:50] loaded 62M reads 
[16:13:51] loaded 63M reads 
[16:13:52] loaded 64M reads 
[16:13:53] loaded 65M reads 
[16:13:53] loaded 66M reads 
[16:13:54] loaded 67M reads 
[16:13:55] loaded 68M reads 
[16:13:56] loaded 69M reads 
[16:13:57] loaded 70M reads 
[16:13:57] loaded 71M reads 
[16:13:58] loaded 72M reads 
[16:13:59] loaded 73M reads 
[16:14:00] loaded 74M reads 
[16:14:01] loaded 75M reads 
[16:14:02] loaded 76M reads 
[16:14:02] loaded 77M reads 
[16:14:03] loaded 78M reads 
[16:14:04] loaded 79M reads 
[16:14:05] loaded 80M reads 
[16:14:05] Loading completed with 9805 packs 
[16:14:05] thread 13 data processing completed 
[16:14:05] thread 13 finished 
[16:14:05] thread 11 data processing completed 
[16:14:05] [fastp 1.3.3-d0bromir] Stage: loading (66737 ms) 
[16:14:05] [fastp 1.3.3-d0bromir] Stage: filtering 
[16:14:05] thread 14 data processing completed 
[16:14:05] thread 14 finished 
[16:14:05] thread 15 data processing completed 
[16:14:05] thread 15 finished 
[16:14:05] thread 2 data processing completed 
[16:14:05] thread 2 finished 
[16:14:05] thread 3 data processing completed 
[16:14:05] thread 3 finished 
[16:14:05] thread 11 finished 
[16:14:05] thread 16 data processing completed 
[16:14:05] thread 16 finished 
[16:14:05] thread 5 data processing completed 
[16:14:05] thread 5 finished 
[16:14:05] thread 12 data processing completed 
[16:14:05] thread 12 finished 
[16:14:05] thread 6 data processing completed 
[16:14:05] thread 6 finished 
[16:14:05] thread 1 data processing completed 
[16:14:05] thread 1 finished 
[16:14:05] thread 10 data processing completed 
[16:14:05] thread 10 finished 
[16:14:05] thread 8 data processing completed 
[16:14:05] thread 8 finished 
[16:14:05] thread 4 data processing completed 
[16:14:05] thread 4 finished 
[16:14:05] thread 9 data processing completed 
[16:14:05] thread 9 finished 
[16:14:05] thread 7 data processing completed 
[16:14:05] thread 7 finished 
[16:14:05] [fastp 1.3.3-d0bromir] Stage: filtering (21 ms) 
[16:14:05] [fastp 1.3.3-d0bromir] Stage: writing 
[16:14:05] /dev/shm/fastp_bench_muN2Zb_R1.fq.gz writer finished 
[16:14:05] [fastp 1.3.3-d0bromir] Stage: writing (29 ms) 
[16:14:05] start to generate reports
 
Read1 before filtering:
total reads: 80314764
total bases: 8031476400
Q20 bases: 7618398149(94.8568%)
Q30 bases: 7189780467(89.52%)
Q40 bases: 1372019(0.017083%)

Read1 after filtering:
total reads: 77515798
total bases: 7751579800
Q20 bases: 7501957244(96.7797%)
Q30 bases: 7095114113(91.5312%)
Q40 bases: 1364356(0.017601%)

Filtering result:
reads passed filter: 77515798
reads failed due to low quality: 2793133
reads failed due to too many N: 5833
reads failed due to too short: 0
reads failed due to adapter dimer: 0
reads with adapter trimmed: 0
bases trimmed due to adapters: 0

Duplication rate (may be overestimated since this is SE data): 3.81535%

JSON report: /dev/shm/fastp_bench_Wp4GxX.json
HTML report: /dev/null

/home/mpiuser/bioauto_rev/fastp_d0bromir/fastp-cpu -w 16 -j /dev/shm/fastp_bench_Wp4GxX.json -h /dev/null --verbose -i /home/mpiuser/FASTQ/WGS/ERR1044780_1.fastq.gz -o /dev/shm/fastp_bench_muN2Zb_R1.fq.gz 
fastp v1.3.3-d0bromir, time used: 79 seconds
================================================================

================================================================
 Application  : d0bromir_gpu (/home/mpiuser/bioauto_rev/fastp_d0bromir/fastp)
 Dataset      : WGS SE 6.3G (ERR1044780_1)
 Files        : R1=/home/mpiuser/FASTQ/WGS/ERR1044780_1.fastq.gz
 Type         : SE
 Threads      : 16
 Wall time    : 79.545 s
 reads_in     : 80314764
 reads_out    : 77515798
 vs_opengene  : -58.7%
--- Resource usage ---
 CPU avg/peak : 792.3% / 1495.2%
 RSS peak     : 2222 MiB
 GPU util a/p : 4.4% / 6.0%
 GPU mem peak : 1360 MiB
 Sample CSV   : /home/mpiuser/bioauto_rev/fastp_d0bromir/benchmark_results/20261004_160932/resources/resource_WGS_SE_6.3G_d0bromir_gpu_T16_1791130447.csv
--- Profiling output ---
[16:14:07] fastp 1.3.3-d0bromir starting 
Detecting adapter sequence for read1...
No adapter detected for read1

[16:14:19] [GPU] CUDA GPU available (Device 0) - statistics GPU-accelerated (slots=8) 
[16:14:19] [fastp 1.3.3-d0bromir] Stage: loading 
[16:14:19] start to load data 
[16:14:19] [GPU] CUDA GPU available (Device 1) - statistics GPU-accelerated (slots=8) 
[16:14:19] [GPU] Dual-GPU mode: Device 0 + Device 1 active 
[16:14:20] loaded 1M reads 
[16:14:21] loaded 2M reads 
[16:14:22] loaded 3M reads 
[16:14:22] loaded 4M reads 
[16:14:23] loaded 5M reads 
[16:14:24] loaded 6M reads 
[16:14:25] loaded 7M reads 
[16:14:26] loaded 8M reads 
[16:14:27] loaded 9M reads 
[16:14:27] loaded 10M reads 
[16:14:28] loaded 11M reads 
[16:14:29] loaded 12M reads 
[16:14:30] loaded 13M reads 
[16:14:31] loaded 14M reads 
[16:14:32] loaded 15M reads 
[16:14:33] loaded 16M reads 
[16:14:33] loaded 17M reads 
[16:14:34] loaded 18M reads 
[16:14:35] loaded 19M reads 
[16:14:36] loaded 20M reads 
[16:14:37] loaded 21M reads 
[16:14:38] loaded 22M reads 
[16:14:38] loaded 23M reads 
[16:14:39] loaded 24M reads 
[16:14:40] loaded 25M reads 
[16:14:41] loaded 26M reads 
[16:14:42] loaded 27M reads 
[16:14:43] loaded 28M reads 
[16:14:43] loaded 29M reads 
[16:14:44] loaded 30M reads 
[16:14:45] loaded 31M reads 
[16:14:46] loaded 32M reads 
[16:14:47] loaded 33M reads 
[16:14:48] loaded 34M reads 
[16:14:48] loaded 35M reads 
[16:14:49] loaded 36M reads 
[16:14:50] loaded 37M reads 
[16:14:51] loaded 38M reads 
[16:14:52] loaded 39M reads 
[16:14:53] loaded 40M reads 
[16:14:54] loaded 41M reads 
[16:14:54] loaded 42M reads 
[16:14:55] loaded 43M reads 
[16:14:56] loaded 44M reads 
[16:14:57] loaded 45M reads 
[16:14:58] loaded 46M reads 
[16:14:58] loaded 47M reads 
[16:14:59] loaded 48M reads 
[16:15:00] loaded 49M reads 
[16:15:01] loaded 50M reads 
[16:15:02] loaded 51M reads 
[16:15:03] loaded 52M reads 
[16:15:03] loaded 53M reads 
[16:15:04] loaded 54M reads 
[16:15:05] loaded 55M reads 
[16:15:06] loaded 56M reads 
[16:15:07] loaded 57M reads 
[16:15:08] loaded 58M reads 
[16:15:08] loaded 59M reads 
[16:15:09] loaded 60M reads 
[16:15:10] loaded 61M reads 
[16:15:11] loaded 62M reads 
[16:15:12] loaded 63M reads 
[16:15:12] loaded 64M reads 
[16:15:13] loaded 65M reads 
[16:15:14] loaded 66M reads 
[16:15:15] loaded 67M reads 
[16:15:16] loaded 68M reads 
[16:15:16] loaded 69M reads 
[16:15:17] loaded 70M reads 
[16:15:18] loaded 71M reads 
[16:15:19] loaded 72M reads 
[16:15:20] loaded 73M reads 
[16:15:21] loaded 74M reads 
[16:15:21] loaded 75M reads 
[16:15:22] loaded 76M reads 
[16:15:23] loaded 77M reads 
[16:15:24] loaded 78M reads 
[16:15:25] loaded 79M reads 
[16:15:26] loaded 80M reads 
[16:15:26] Loading completed with 9805 packs 
[16:15:26] thread 13 data processing completed 
[16:15:26] thread 16 data processing completed 
[16:15:26] thread 16 finished 
[16:15:26] thread 7 data processing completed 
[16:15:26] thread 7 finished 
[16:15:26] thread 6 data processing completed 
[16:15:26] thread 6 finished 
[16:15:26] thread 14 data processing completed 
[16:15:26] thread 14 finished 
[16:15:26] thread 8 data processing completed 
[16:15:26] thread 8 finished 
[16:15:26] thread 9 data processing completed 
[16:15:26] thread 9 finished 
[16:15:26] thread 13 finished 
[16:15:26] [fastp 1.3.3-d0bromir] Stage: loading (66811 ms) 
[16:15:26] [fastp 1.3.3-d0bromir] Stage: filtering 
[16:15:26] thread 15 data processing completed 
[16:15:26] thread 15 finished 
[16:15:26] thread 10 data processing completed 
[16:15:26] thread 10 finished 
[16:15:26] thread 3 data processing completed 
[16:15:26] thread 3 finished 
[16:15:26] thread 12 data processing completed 
[16:15:26] thread 12 finished 
[16:15:26] thread 2 data processing completed 
[16:15:26] thread 2 finished 
[16:15:26] thread 1 data processing completed 
[16:15:26] thread 1 finished 
[16:15:26] thread 4 data processing completed 
[16:15:26] thread 4 finished 
[16:15:26] thread 11 data processing completed 
[16:15:26] thread 11 finished 
[16:15:26] thread 5 data processing completed 
[16:15:26] thread 5 finished 
[16:15:26] [fastp 1.3.3-d0bromir] Stage: filtering (16 ms) 
[16:15:26] [fastp 1.3.3-d0bromir] Stage: writing 
[16:15:26] /dev/shm/fastp_bench_0VCPiI_R1.fq.gz writer finished 
[16:15:26] [fastp 1.3.3-d0bromir] Stage: writing (30 ms) 
[16:15:26] [GPU] Device 0: batches=4903 reads=40157580 
[16:15:26] [GPU] Device 1: batches=4902 reads=40157184 
[16:15:26] start to generate reports
 
Read1 before filtering:
total reads: 80314764
total bases: 8031476400
Q20 bases: 7618398149(94.8568%)
Q30 bases: 7189780467(89.52%)
Q40 bases: 1372019(0.017083%)

Read1 after filtering:
total reads: 77515798
total bases: 7751579800
Q20 bases: 7501957244(96.7797%)
Q30 bases: 7095114113(91.5312%)
Q40 bases: 1364356(0.017601%)

Filtering result:
reads passed filter: 77515798
reads failed due to low quality: 2793133
reads failed due to too many N: 5833
reads failed due to too short: 0
reads failed due to adapter dimer: 0
reads with adapter trimmed: 0
bases trimmed due to adapters: 0

Duplication rate (may be overestimated since this is SE data): 3.81535%

JSON report: /dev/shm/fastp_bench_p0wDE9.json
HTML report: /dev/null

/home/mpiuser/bioauto_rev/fastp_d0bromir/fastp -w 16 -j /dev/shm/fastp_bench_p0wDE9.json -h /dev/null --verbose -i /home/mpiuser/FASTQ/WGS/ERR1044780_1.fastq.gz -o /dev/shm/fastp_bench_0VCPiI_R1.fq.gz 
fastp v1.3.3-d0bromir, time used: 79 seconds
================================================================
