============================================================
 Full Benchmark — Three-tool fastp comparison
 Started   : Mon Oct  5 04:14:21 UTC 2026
 Datasets  : WGS_SE_6.3G
 Threads   : 16
 Scenario  : default  opts=''
 CPU-only  : 0  (GPU build/tests/runs skipped when 1)
 Total runs: 3
 CSV       : /home/mpiuser/bioauto_rev/fastp_final_gx/benchmark_results/20261005_041421/full_benchmark_20261005_041421.csv
 Profile   : /home/mpiuser/bioauto_rev/fastp_final_gx/benchmark_results/20261005_041421/full_profiling_20261005_041421.log
 Validation: /home/mpiuser/bioauto_rev/fastp_final_gx/benchmark_results/20261005_041421/full_validation_20261005_041421.log
 Status    : /home/mpiuser/bioauto_rev/fastp_final_gx/benchmark_results/20261005_041421/full_status_20261005_041421.txt
 Validation: read-count at every T; full FASTQ+JSON at T=16
============================================================

Binary check:
  [OK] opengene  11M Oct 3 10:46  /home/mpiuser/bioauto_rev/fastp_final_gx/../fastp_opengene/fastp
  [OK] d0bromir_cpu  8.9M Oct 4 07:02  /home/mpiuser/bioauto_rev/fastp_final_gx/fastp-cpu
  [OK] d0bromir_gpu  9.4M Oct 4 07:02  /home/mpiuser/bioauto_rev/fastp_final_gx/fastp

Dataset check:
  [OK] WGS_SE_6.3G  SE  R1=ERR1044780_1.fastq.gz (0)

All checks passed. Starting 3 runs...


=== Dataset: WGS_SE_6.3G (SE) — WGS SE 6.3G (ERR1044780_1) ===
--- Threads: 16 ---
  [ 1/ 3] opengene        WGS_SE_6.3G            T=16  195.791s  reads_in=80314764  reads_out=77515798
  [ 2/ 3] d0bromir_cpu    WGS_SE_6.3G            T=16  [SIZE] d0bromir_cpu WGS_SE_6.3G T=16 R1 compressed: 6688151119B vs opengene 6626121859B  delta=0.9%
[PASS+FQ] d0bromir_cpu WGS_SE_6.3G T=16  md5(R1)=b9eab0b00381508a24d17df717c80ca2  + 14 JSON fields equal
79.190s  vs_opengene=-59.6%  PASS+FQ  attempts=1
  [ 3/ 3] d0bromir_gpu    WGS_SE_6.3G            T=16  [SIZE] d0bromir_gpu WGS_SE_6.3G T=16 R1 compressed: 6688151119B vs opengene 6626121859B  delta=0.9%
[PASS+FQ] d0bromir_gpu WGS_SE_6.3G T=16  md5(R1)=b9eab0b00381508a24d17df717c80ca2  + 14 JSON fields equal
79.666s  vs_opengene=-59.3%  PASS+FQ  attempts=1

============================================================
 BENCHMARK COMPLETE — Mon Oct  5 04:26:33 UTC 2026
 CSV       : /home/mpiuser/bioauto_rev/fastp_final_gx/benchmark_results/20261005_041421/full_benchmark_20261005_041421.csv
 Profile   : /home/mpiuser/bioauto_rev/fastp_final_gx/benchmark_results/20261005_041421/full_profiling_20261005_041421.log
 Validation: /home/mpiuser/bioauto_rev/fastp_final_gx/benchmark_results/20261005_041421/full_validation_20261005_041421.log
 Status    : /home/mpiuser/bioauto_rev/fastp_final_gx/benchmark_results/20261005_041421/full_status_20261005_041421.txt
============================================================

dataset                 type  tool                 T      wall_s      reads_in     reads_out   vs_opengene  valid
---------------------------------------------------------------------------------------------------------
WGS_SE_6.3G             SE    opengene            16       195.8      80314764      77515798      baseline  baseline
WGS_SE_6.3G             SE    d0bromir_cpu        16        79.2      80314764      77515798        -59.6%  PASS+FQ
WGS_SE_6.3G             SE    d0bromir_gpu        16        79.7      80314764      77515798        -59.3%  PASS+FQ

Done.
