=== Full Benchmark Log: Sun Oct  4 17:12:51 UTC 2026 ===


================================================================
 Application  : opengene (/home/mpiuser/bioauto_rev/fastp_d0bromir/../fastp_opengene/fastp)
 Dataset      : WGS PE 40G (DRR216653 R1+R2)
 Files        : R1=/home/mpiuser/FASTQ/WGS/DRR216653_1.fastq.gz
               R2=/home/mpiuser/FASTQ/WGS/DRR216653_2.fastq.gz
 Type         : PE
 Threads      : 8
 Wall time    : 689.857 s
 reads_in     : 722563222
 reads_out    : 717214748
 vs_opengene  : baseline
--- Resource usage ---
 CPU avg/peak : 1193.0% / 1817.4%
 RSS peak     : 1353 MiB
 GPU util a/p : 1.7% / 44.0%
 GPU mem peak : 0 MiB
 Sample CSV   : /home/mpiuser/bioauto_rev/fastp_d0bromir/benchmark_results/20261004_171251/resources/resource_WGS_PE_40G_opengene_T8_1791133972.csv
--- Profiling output ---
[17:12:52] start to load data of read1 
[17:12:52] start to load data of read2 
[17:12:52] /dev/shm/fastp_bench_fbUdxf_R1.fq.gz writer finished 
[17:12:52] /dev/shm/fastp_bench_ui7jWU_R2.fq.gz writer finished 
[17:12:54] Read2: loaded 1M reads 
[17:12:54] Read1: loaded 1M reads 
[17:12:56] Read1: loaded 2M reads 
[17:12:56] Read2: loaded 2M reads 
[17:12:58] Read1: loaded 3M reads 
[17:12:58] Read2: loaded 3M reads 
[17:13:00] Read1: loaded 4M reads 
[17:13:00] Read2: loaded 4M reads 
[17:13:02] Read2: loaded 5M reads 
[17:13:02] Read1: loaded 5M reads 
[17:13:04] Read2: loaded 6M reads 
[17:13:04] Read1: loaded 6M reads 
[17:13:06] Read1: loaded 7M reads 
[17:13:06] Read2: loaded 7M reads 
[17:13:07] Read1: loaded 8M reads 
[17:13:07] Read2: loaded 8M reads 
[17:13:09] Read1: loaded 9M reads 
[17:13:09] Read2: loaded 9M reads 
[17:13:11] Read2: loaded 10M reads 
[17:13:11] Read1: loaded 10M reads 
[17:13:13] Read2: loaded 11M reads 
[17:13:13] Read1: loaded 11M reads 
[17:13:15] Read2: loaded 12M reads 
[17:13:15] Read1: loaded 12M reads 
[17:13:17] Read1: loaded 13M reads 
[17:13:17] Read2: loaded 13M reads 
[17:13:19] Read1: loaded 14M reads 
[17:13:19] Read2: loaded 14M reads 
[17:13:21] Read1: loaded 15M reads 
[17:13:21] Read2: loaded 15M reads 
[17:13:23] Read2: loaded 16M reads 
[17:13:23] Read1: loaded 16M reads 
[17:13:25] Read2: loaded 17M reads 
[17:13:25] Read1: loaded 17M reads 
[17:13:27] Read1: loaded 18M reads 
[17:13:27] Read2: loaded 18M reads 
[17:13:29] Read1: loaded 19M reads 
[17:13:29] Read2: loaded 19M reads 
[17:13:30] Read1: loaded 20M reads 
[17:13:30] Read2: loaded 20M reads 
[17:13:32] Read1: loaded 21M reads 
[17:13:32] Read2: loaded 21M reads 
[17:13:34] Read2: loaded 22M reads 
[17:13:34] Read1: loaded 22M reads 
[17:13:36] Read2: loaded 23M reads 
[17:13:36] Read1: loaded 23M reads 
[17:13:38] Read1: loaded 24M reads 
[17:13:38] Read2: loaded 24M reads 
[17:13:40] Read1: loaded 25M reads 
[17:13:40] Read2: loaded 25M reads 
[17:13:42] Read1: loaded 26M reads 
[17:13:42] Read2: loaded 26M reads 
[17:13:44] Read2: loaded 27M reads 
[17:13:44] Read1: loaded 27M reads 
[17:13:46] Read2: loaded 28M reads 
[17:13:46] Read1: loaded 28M reads 
[17:13:48] Read2: loaded 29M reads 
[17:13:48] Read1: loaded 29M reads 
[17:13:49] Read1: loaded 30M reads 
[17:13:50] Read2: loaded 30M reads 
[17:13:51] Read1: loaded 31M reads 
[17:13:51] Read2: loaded 31M reads 
[17:13:53] Read2: loaded 32M reads 
[17:13:53] Read1: loaded 32M reads 
[17:13:55] Read2: loaded 33M reads 
[17:13:55] Read1: loaded 33M reads 
[17:13:57] Read2: loaded 34M reads 
[17:13:57] Read1: loaded 34M reads 
[17:13:59] Read1: loaded 35M reads 
[17:13:59] Read2: loaded 35M reads 
[17:14:01] Read1: loaded 36M reads 
[17:14:01] Read2: loaded 36M reads 
[17:14:03] Read1: loaded 37M reads 
[17:14:03] Read2: loaded 37M reads 
[17:14:05] Read2: loaded 38M reads 
[17:14:05] Read1: loaded 38M reads 
[17:14:07] Read2: loaded 39M reads 
[17:14:07] Read1: loaded 39M reads 
[17:14:09] Read2: loaded 40M reads 
[17:14:09] Read1: loaded 40M reads 
[17:14:10] Read2: loaded 41M reads 
[17:14:10] Read1: loaded 41M reads 
[17:14:12] Read1: loaded 42M reads 
[17:14:12] Read2: loaded 42M reads 
[17:14:14] Read1: loaded 43M reads 
[17:14:14] Read2: loaded 43M reads 
[17:14:16] Read1: loaded 44M reads 
[17:14:16] Read2: loaded 44M reads 
[17:14:18] Read2: loaded 45M reads 
[17:14:18] Read1: loaded 45M reads 
[17:14:20] Read1: loaded 46M reads 
[17:14:20] Read2: loaded 46M reads 
[17:14:22] Read1: loaded 47M reads 
[17:14:22] Read2: loaded 47M reads 
[17:14:24] Read1: loaded 48M reads 
[17:14:24] Read2: loaded 48M reads 
[17:14:26] Read2: loaded 49M reads 
[17:14:26] Read1: loaded 49M reads 
[17:14:28] Read1: loaded 50M reads 
[17:14:28] Read2: loaded 50M reads 
[17:14:29] Read2: loaded 51M reads 
[17:14:29] Read1: loaded 51M reads 
[17:14:31] Read2: loaded 52M reads 
[17:14:31] Read1: loaded 52M reads 
[17:14:33] Read1: loaded 53M reads 
[17:14:33] Read2: loaded 53M reads 
[17:14:35] Read1: loaded 54M reads 
[17:14:35] Read2: loaded 54M reads 
[17:14:37] Read1: loaded 55M reads 
[17:14:37] Read2: loaded 55M reads 
[17:14:39] Read2: loaded 56M reads 
[17:14:39] Read1: loaded 56M reads 
[17:14:41] Read1: loaded 57M reads 
[17:14:41] Read2: loaded 57M reads 
[17:14:43] Read1: loaded 58M reads 
[17:14:43] Read2: loaded 58M reads 
[17:14:45] Read1: loaded 59M reads 
[17:14:45] Read2: loaded 59M reads 
[17:14:47] Read2: loaded 60M reads 
[17:14:47] Read1: loaded 60M reads 
[17:14:49] Read1: loaded 61M reads 
[17:14:49] Read2: loaded 61M reads 
[17:14:50] Read2: loaded 62M reads 
[17:14:50] Read1: loaded 62M reads 
[17:14:52] Read2: loaded 63M reads 
[17:14:52] Read1: loaded 63M reads 
[17:14:54] Read1: loaded 64M reads 
[17:14:54] Read2: loaded 64M reads 
[17:14:56] Read2: loaded 65M reads 
[17:14:56] Read1: loaded 65M reads 
[17:14:58] Read1: loaded 66M reads 
[17:14:58] Read2: loaded 66M reads 
[17:15:00] Read1: loaded 67M reads 
[17:15:00] Read2: loaded 67M reads 
[17:15:02] Read1: loaded 68M reads 
[17:15:02] Read2: loaded 68M reads 
[17:15:04] Read1: loaded 69M reads 
[17:15:04] Read2: loaded 69M reads 
[17:15:06] Read1: loaded 70M reads 
[17:15:06] Read2: loaded 70M reads 
[17:15:08] Read1: loaded 71M reads 
[17:15:08] Read2: loaded 71M reads 
[17:15:10] Read2: loaded 72M reads 
[17:15:10] Read1: loaded 72M reads 
[17:15:11] Read2: loaded 73M reads 
[17:15:11] Read1: loaded 73M reads 
[17:15:13] Read2: loaded 74M reads 
[17:15:13] Read1: loaded 74M reads 
[17:15:15] Read2: loaded 75M reads 
[17:15:15] Read1: loaded 75M reads 
[17:15:17] Read1: loaded 76M reads 
[17:15:17] Read2: loaded 76M reads 
[17:15:19] Read1: loaded 77M reads 
[17:15:19] Read2: loaded 77M reads 
[17:15:21] Read1: loaded 78M reads 
[17:15:21] Read2: loaded 78M reads 
[17:15:23] Read1: loaded 79M reads 
[17:15:23] Read2: loaded 79M reads 
[17:15:25] Read1: loaded 80M reads 
[17:15:25] Read2: loaded 80M reads 
[17:15:27] Read2: loaded 81M reads 
[17:15:27] Read1: loaded 81M reads 
[17:15:29] Read2: loaded 82M reads 
[17:15:29] Read1: loaded 82M reads 
[17:15:31] Read2: loaded 83M reads 
[17:15:31] Read1: loaded 83M reads 
[17:15:32] Read1: loaded 84M reads 
[17:15:32] Read2: loaded 84M reads 
[17:15:34] Read1: loaded 85M reads 
[17:15:34] Read2: loaded 85M reads 
[17:15:36] Read1: loaded 86M reads 
[17:15:36] Read2: loaded 86M reads 
[17:15:38] Read1: loaded 87M reads 
[17:15:38] Read2: loaded 87M reads 
[17:15:40] Read2: loaded 88M reads 
[17:15:40] Read1: loaded 88M reads 
[17:15:42] Read1: loaded 89M reads 
[17:15:42] Read2: loaded 89M reads 
[17:15:44] Read1: loaded 90M reads 
[17:15:44] Read2: loaded 90M reads 
[17:15:46] Read1: loaded 91M reads 
[17:15:46] Read2: loaded 91M reads 
[17:15:48] Read1: loaded 92M reads 
[17:15:48] Read2: loaded 92M reads 
[17:15:50] Read2: loaded 93M reads 
[17:15:50] Read1: loaded 93M reads 
[17:15:52] Read2: loaded 94M reads 
[17:15:52] Read1: loaded 94M reads 
[17:15:53] Read1: loaded 95M reads 
[17:15:53] Read2: loaded 95M reads 
[17:15:55] Read1: loaded 96M reads 
[17:15:55] Read2: loaded 96M reads 
[17:15:57] Read1: loaded 97M reads 
[17:15:57] Read2: loaded 97M reads 
[17:15:59] Read2: loaded 98M reads 
[17:15:59] Read1: loaded 98M reads 
[17:16:01] Read2: loaded 99M reads 
[17:16:01] Read1: loaded 99M reads 
[17:16:03] Read2: loaded 100M reads 
[17:16:03] Read1: loaded 100M reads 
[17:16:05] Read2: loaded 101M reads 
[17:16:05] Read1: loaded 101M reads 
[17:16:07] Read1: loaded 102M reads 
[17:16:07] Read2: loaded 102M reads 
[17:16:09] Read1: loaded 103M reads 
[17:16:09] Read2: loaded 103M reads 
[17:16:11] Read2: loaded 104M reads 
[17:16:11] Read1: loaded 104M reads 
[17:16:13] Read2: loaded 105M reads 
[17:16:13] Read1: loaded 105M reads 
[17:16:14] Read2: loaded 106M reads 
[17:16:14] Read1: loaded 106M reads 
[17:16:16] Read2: loaded 107M reads 
[17:16:16] Read1: loaded 107M reads 
[17:16:18] Read1: loaded 108M reads 
[17:16:18] Read2: loaded 108M reads 
[17:16:20] Read1: loaded 109M reads 
[17:16:20] Read2: loaded 109M reads 
[17:16:22] Read2: loaded 110M reads 
[17:16:22] Read1: loaded 110M reads 
[17:16:24] Read2: loaded 111M reads 
[17:16:24] Read1: loaded 111M reads 
[17:16:26] Read2: loaded 112M reads 
[17:16:26] Read1: loaded 112M reads 
[17:16:28] Read2: loaded 113M reads 
[17:16:28] Read1: loaded 113M reads 
[17:16:30] Read1: loaded 114M reads 
[17:16:30] Read2: loaded 114M reads 
[17:16:32] Read2: loaded 115M reads 
[17:16:32] Read1: loaded 115M reads 
[17:16:34] Read1: loaded 116M reads 
[17:16:34] Read2: loaded 116M reads 
[17:16:36] Read2: loaded 117M reads 
[17:16:36] Read1: loaded 117M reads 
[17:16:37] Read1: loaded 118M reads 
[17:16:37] Read2: loaded 118M reads 
[17:16:39] Read1: loaded 119M reads 
[17:16:39] Read2: loaded 119M reads 
[17:16:41] Read1: loaded 120M reads 
[17:16:41] Read2: loaded 120M reads 
[17:16:43] Read1: loaded 121M reads 
[17:16:43] Read2: loaded 121M reads 
[17:16:45] Read1: loaded 122M reads 
[17:16:45] Read2: loaded 122M reads 
[17:16:47] Read1: loaded 123M reads 
[17:16:47] Read2: loaded 123M reads 
[17:16:49] Read2: loaded 124M reads 
[17:16:49] Read1: loaded 124M reads 
[17:16:51] Read1: loaded 125M reads 
[17:16:51] Read2: loaded 125M reads 
[17:16:53] Read1: loaded 126M reads 
[17:16:53] Read2: loaded 126M reads 
[17:16:55] Read1: loaded 127M reads 
[17:16:55] Read2: loaded 127M reads 
[17:16:57] Read2: loaded 128M reads 
[17:16:57] Read1: loaded 128M reads 
[17:16:58] Read1: loaded 129M reads 
[17:16:58] Read2: loaded 129M reads 
[17:17:00] Read2: loaded 130M reads 
[17:17:00] Read1: loaded 130M reads 
[17:17:02] Read1: loaded 131M reads 
[17:17:02] Read2: loaded 131M reads 
[17:17:04] Read1: loaded 132M reads 
[17:17:04] Read2: loaded 132M reads 
[17:17:06] Read2: loaded 133M reads 
[17:17:06] Read1: loaded 133M reads 
[17:17:08] Read1: loaded 134M reads 
[17:17:08] Read2: loaded 134M reads 
[17:17:10] Read1: loaded 135M reads 
[17:17:10] Read2: loaded 135M reads 
[17:17:12] Read2: loaded 136M reads 
[17:17:12] Read1: loaded 136M reads 
[17:17:14] Read2: loaded 137M reads 
[17:17:14] Read1: loaded 137M reads 
[17:17:16] Read2: loaded 138M reads 
[17:17:16] Read1: loaded 138M reads 
[17:17:18] Read2: loaded 139M reads 
[17:17:18] Read1: loaded 139M reads 
[17:17:19] Read1: loaded 140M reads 
[17:17:19] Read2: loaded 140M reads 
[17:17:21] Read2: loaded 141M reads 
[17:17:21] Read1: loaded 141M reads 
[17:17:23] Read1: loaded 142M reads 
[17:17:23] Read2: loaded 142M reads 
[17:17:25] Read2: loaded 143M reads 
[17:17:25] Read1: loaded 143M reads 
[17:17:27] Read2: loaded 144M reads 
[17:17:27] Read1: loaded 144M reads 
[17:17:29] Read2: loaded 145M reads 
[17:17:29] Read1: loaded 145M reads 
[17:17:31] Read2: loaded 146M reads 
[17:17:31] Read1: loaded 146M reads 
[17:17:33] Read2: loaded 147M reads 
[17:17:33] Read1: loaded 147M reads 
[17:17:35] Read2: loaded 148M reads 
[17:17:35] Read1: loaded 148M reads 
[17:17:37] Read2: loaded 149M reads 
[17:17:37] Read1: loaded 149M reads 
[17:17:39] Read2: loaded 150M reads 
[17:17:39] Read1: loaded 150M reads 
[17:17:40] Read1: loaded 151M reads 
[17:17:40] Read2: loaded 151M reads 
[17:17:42] Read1: loaded 152M reads 
[17:17:42] Read2: loaded 152M reads 
[17:17:44] Read1: loaded 153M reads 
[17:17:44] Read2: loaded 153M reads 
[17:17:46] Read1: loaded 154M reads 
[17:17:46] Read2: loaded 154M reads 
[17:17:48] Read1: loaded 155M reads 
[17:17:48] Read2: loaded 155M reads 
[17:17:50] Read1: loaded 156M reads 
[17:17:50] Read2: loaded 156M reads 
[17:17:52] Read1: loaded 157M reads 
[17:17:52] Read2: loaded 157M reads 
[17:17:54] Read1: loaded 158M reads 
[17:17:54] Read2: loaded 158M reads 
[17:17:56] Read1: loaded 159M reads 
[17:17:56] Read2: loaded 159M reads 
[17:17:58] Read1: loaded 160M reads 
[17:17:58] Read2: loaded 160M reads 
[17:18:00] Read2: loaded 161M reads 
[17:18:00] Read1: loaded 161M reads 
[17:18:01] Read1: loaded 162M reads 
[17:18:01] Read2: loaded 162M reads 
[17:18:03] Read2: loaded 163M reads 
[17:18:03] Read1: loaded 163M reads 
[17:18:05] Read2: loaded 164M reads 
[17:18:05] Read1: loaded 164M reads 
[17:18:07] Read2: loaded 165M reads 
[17:18:07] Read1: loaded 165M reads 
[17:18:09] Read2: loaded 166M reads 
[17:18:09] Read1: loaded 166M reads 
[17:18:11] Read2: loaded 167M reads 
[17:18:11] Read1: loaded 167M reads 
[17:18:13] Read2: loaded 168M reads 
[17:18:13] Read1: loaded 168M reads 
[17:18:15] Read2: loaded 169M reads 
[17:18:15] Read1: loaded 169M reads 
[17:18:17] Read2: loaded 170M reads 
[17:18:17] Read1: loaded 170M reads 
[17:18:19] Read2: loaded 171M reads 
[17:18:19] Read1: loaded 171M reads 
[17:18:21] Read2: loaded 172M reads 
[17:18:21] Read1: loaded 172M reads 
[17:18:23] Read2: loaded 173M reads 
[17:18:23] Read1: loaded 173M reads 
[17:18:24] Read2: loaded 174M reads 
[17:18:24] Read1: loaded 174M reads 
[17:18:26] Read2: loaded 175M reads 
[17:18:26] Read1: loaded 175M reads 
[17:18:28] Read1: loaded 176M reads 
[17:18:28] Read2: loaded 176M reads 
[17:18:30] Read2: loaded 177M reads 
[17:18:30] Read1: loaded 177M reads 
[17:18:32] Read2: loaded 178M reads 
[17:18:32] Read1: loaded 178M reads 
[17:18:34] Read2: loaded 179M reads 
[17:18:34] Read1: loaded 179M reads 
[17:18:36] Read2: loaded 180M reads 
[17:18:36] Read1: loaded 180M reads 
[17:18:38] Read1: loaded 181M reads 
[17:18:38] Read2: loaded 181M reads 
[17:18:40] Read2: loaded 182M reads 
[17:18:40] Read1: loaded 182M reads 
[17:18:42] Read1: loaded 183M reads 
[17:18:42] Read2: loaded 183M reads 
[17:18:43] Read1: loaded 184M reads 
[17:18:43] Read2: loaded 184M reads 
[17:18:45] Read2: loaded 185M reads 
[17:18:45] Read1: loaded 185M reads 
[17:18:47] Read2: loaded 186M reads 
[17:18:47] Read1: loaded 186M reads 
[17:18:49] Read1: loaded 187M reads 
[17:18:49] Read2: loaded 187M reads 
[17:18:51] Read2: loaded 188M reads 
[17:18:51] Read1: loaded 188M reads 
[17:18:53] Read2: loaded 189M reads 
[17:18:53] Read1: loaded 189M reads 
[17:18:55] Read1: loaded 190M reads 
[17:18:55] Read2: loaded 190M reads 
[17:18:57] Read1: loaded 191M reads 
[17:18:57] Read2: loaded 191M reads 
[17:18:59] Read2: loaded 192M reads 
[17:18:59] Read1: loaded 192M reads 
[17:19:01] Read2: loaded 193M reads 
[17:19:01] Read1: loaded 193M reads 
[17:19:03] Read2: loaded 194M reads 
[17:19:03] Read1: loaded 194M reads 
[17:19:04] Read2: loaded 195M reads 
[17:19:04] Read1: loaded 195M reads 
[17:19:06] Read2: loaded 196M reads 
[17:19:06] Read1: loaded 196M reads 
[17:19:08] Read2: loaded 197M reads 
[17:19:08] Read1: loaded 197M reads 
[17:19:10] Read2: loaded 198M reads 
[17:19:10] Read1: loaded 198M reads 
[17:19:12] Read2: loaded 199M reads 
[17:19:12] Read1: loaded 199M reads 
[17:19:14] Read2: loaded 200M reads 
[17:19:14] Read1: loaded 200M reads 
[17:19:16] Read2: loaded 201M reads 
[17:19:16] Read1: loaded 201M reads 
[17:19:18] Read1: loaded 202M reads 
[17:19:18] Read2: loaded 202M reads 
[17:19:20] Read1: loaded 203M reads 
[17:19:20] Read2: loaded 203M reads 
[17:19:22] Read1: loaded 204M reads 
[17:19:22] Read2: loaded 204M reads 
[17:19:23] Read1: loaded 205M reads 
[17:19:23] Read2: loaded 205M reads 
[17:19:25] Read1: loaded 206M reads 
[17:19:25] Read2: loaded 206M reads 
[17:19:27] Read1: loaded 207M reads 
[17:19:27] Read2: loaded 207M reads 
[17:19:29] Read1: loaded 208M reads 
[17:19:29] Read2: loaded 208M reads 
[17:19:31] Read1: loaded 209M reads 
[17:19:31] Read2: loaded 209M reads 
[17:19:33] Read1: loaded 210M reads 
[17:19:33] Read2: loaded 210M reads 
[17:19:35] Read1: loaded 211M reads 
[17:19:35] Read2: loaded 211M reads 
[17:19:37] Read2: loaded 212M reads 
[17:19:37] Read1: loaded 212M reads 
[17:19:39] Read2: loaded 213M reads 
[17:19:39] Read1: loaded 213M reads 
[17:19:41] Read2: loaded 214M reads 
[17:19:41] Read1: loaded 214M reads 
[17:19:42] Read2: loaded 215M reads 
[17:19:42] Read1: loaded 215M reads 
[17:19:44] Read2: loaded 216M reads 
[17:19:44] Read1: loaded 216M reads 
[17:19:46] Read2: loaded 217M reads 
[17:19:46] Read1: loaded 217M reads 
[17:19:48] Read2: loaded 218M reads 
[17:19:48] Read1: loaded 218M reads 
[17:19:50] Read2: loaded 219M reads 
[17:19:50] Read1: loaded 219M reads 
[17:19:52] Read1: loaded 220M reads 
[17:19:52] Read2: loaded 220M reads 
[17:19:54] Read2: loaded 221M reads 
[17:19:54] Read1: loaded 221M reads 
[17:19:56] Read2: loaded 222M reads 
[17:19:56] Read1: loaded 222M reads 
[17:19:58] Read1: loaded 223M reads 
[17:19:58] Read2: loaded 223M reads 
[17:20:00] Read2: loaded 224M reads 
[17:20:00] Read1: loaded 224M reads 
[17:20:01] Read1: loaded 225M reads 
[17:20:01] Read2: loaded 225M reads 
[17:20:03] Read2: loaded 226M reads 
[17:20:03] Read1: loaded 226M reads 
[17:20:05] Read1: loaded 227M reads 
[17:20:05] Read2: loaded 227M reads 
[17:20:07] Read2: loaded 228M reads 
[17:20:07] Read1: loaded 228M reads 
[17:20:09] Read2: loaded 229M reads 
[17:20:09] Read1: loaded 229M reads 
[17:20:11] Read1: loaded 230M reads 
[17:20:11] Read2: loaded 230M reads 
[17:20:13] Read1: loaded 231M reads 
[17:20:13] Read2: loaded 231M reads 
[17:20:15] Read2: loaded 232M reads 
[17:20:15] Read1: loaded 232M reads 
[17:20:17] Read2: loaded 233M reads 
[17:20:17] Read1: loaded 233M reads 
[17:20:18] Read2: loaded 234M reads 
[17:20:18] Read1: loaded 234M reads 
[17:20:20] Read1: loaded 235M reads 
[17:20:20] Read2: loaded 235M reads 
[17:20:22] Read1: loaded 236M reads 
[17:20:22] Read2: loaded 236M reads 
[17:20:24] Read1: loaded 237M reads 
[17:20:24] Read2: loaded 237M reads 
[17:20:26] Read1: loaded 238M reads 
[17:20:26] Read2: loaded 238M reads 
[17:20:28] Read1: loaded 239M reads 
[17:20:28] Read2: loaded 239M reads 
[17:20:30] Read1: loaded 240M reads 
[17:20:30] Read2: loaded 240M reads 
[17:20:32] Read1: loaded 241M reads 
[17:20:32] Read2: loaded 241M reads 
[17:20:34] Read1: loaded 242M reads 
[17:20:34] Read2: loaded 242M reads 
[17:20:36] Read1: loaded 243M reads 
[17:20:36] Read2: loaded 243M reads 
[17:20:38] Read1: loaded 244M reads 
[17:20:38] Read2: loaded 244M reads 
[17:20:40] Read1: loaded 245M reads 
[17:20:40] Read2: loaded 245M reads 
[17:20:41] Read1: loaded 246M reads 
[17:20:41] Read2: loaded 246M reads 
[17:20:43] Read1: loaded 247M reads 
[17:20:43] Read2: loaded 247M reads 
[17:20:45] Read1: loaded 248M reads 
[17:20:45] Read2: loaded 248M reads 
[17:20:47] Read2: loaded 249M reads 
[17:20:47] Read1: loaded 249M reads 
[17:20:49] Read1: loaded 250M reads 
[17:20:49] Read2: loaded 250M reads 
[17:20:51] Read2: loaded 251M reads 
[17:20:51] Read1: loaded 251M reads 
[17:20:53] Read2: loaded 252M reads 
[17:20:53] Read1: loaded 252M reads 
[17:20:55] Read2: loaded 253M reads 
[17:20:55] Read1: loaded 253M reads 
[17:20:57] Read2: loaded 254M reads 
[17:20:57] Read1: loaded 254M reads 
[17:20:59] Read2: loaded 255M reads 
[17:20:59] Read1: loaded 255M reads 
[17:21:00] Read2: loaded 256M reads 
[17:21:00] Read1: loaded 256M reads 
[17:21:02] Read1: loaded 257M reads 
[17:21:02] Read2: loaded 257M reads 
[17:21:04] Read2: loaded 258M reads 
[17:21:04] Read1: loaded 258M reads 
[17:21:06] Read2: loaded 259M reads 
[17:21:06] Read1: loaded 259M reads 
[17:21:08] Read1: loaded 260M reads 
[17:21:08] Read2: loaded 260M reads 
[17:21:10] Read1: loaded 261M reads 
[17:21:10] Read2: loaded 261M reads 
[17:21:12] Read1: loaded 262M reads 
[17:21:12] Read2: loaded 262M reads 
[17:21:14] Read1: loaded 263M reads 
[17:21:14] Read2: loaded 263M reads 
[17:21:16] Read1: loaded 264M reads 
[17:21:16] Read2: loaded 264M reads 
[17:21:18] Read1: loaded 265M reads 
[17:21:18] Read2: loaded 265M reads 
[17:21:19] Read1: loaded 266M reads 
[17:21:19] Read2: loaded 266M reads 
[17:21:21] Read1: loaded 267M reads 
[17:21:21] Read2: loaded 267M reads 
[17:21:23] Read1: loaded 268M reads 
[17:21:23] Read2: loaded 268M reads 
[17:21:25] Read2: loaded 269M reads 
[17:21:25] Read1: loaded 269M reads 
[17:21:27] Read1: loaded 270M reads 
[17:21:27] Read2: loaded 270M reads 
[17:21:29] Read1: loaded 271M reads 
[17:21:29] Read2: loaded 271M reads 
[17:21:31] Read2: loaded 272M reads 
[17:21:31] Read1: loaded 272M reads 
[17:21:33] Read1: loaded 273M reads 
[17:21:33] Read2: loaded 273M reads 
[17:21:35] Read1: loaded 274M reads 
[17:21:35] Read2: loaded 274M reads 
[17:21:36] Read2: loaded 275M reads 
[17:21:36] Read1: loaded 275M reads 
[17:21:38] Read2: loaded 276M reads 
[17:21:38] Read1: loaded 276M reads 
[17:21:40] Read1: loaded 277M reads 
[17:21:40] Read2: loaded 277M reads 
[17:21:42] Read1: loaded 278M reads 
[17:21:42] Read2: loaded 278M reads 
[17:21:44] Read1: loaded 279M reads 
[17:21:44] Read2: loaded 279M reads 
[17:21:46] Read1: loaded 280M reads 
[17:21:46] Read2: loaded 280M reads 
[17:21:48] Read1: loaded 281M reads 
[17:21:48] Read2: loaded 281M reads 
[17:21:50] Read1: loaded 282M reads 
[17:21:50] Read2: loaded 282M reads 
[17:21:52] Read1: loaded 283M reads 
[17:21:52] Read2: loaded 283M reads 
[17:21:54] Read1: loaded 284M reads 
[17:21:54] Read2: loaded 284M reads 
[17:21:55] Read1: loaded 285M reads 
[17:21:55] Read2: loaded 285M reads 
[17:21:57] Read1: loaded 286M reads 
[17:21:57] Read2: loaded 286M reads 
[17:21:59] Read1: loaded 287M reads 
[17:21:59] Read2: loaded 287M reads 
[17:22:01] Read1: loaded 288M reads 
[17:22:01] Read2: loaded 288M reads 
[17:22:03] Read1: loaded 289M reads 
[17:22:03] Read2: loaded 289M reads 
[17:22:05] Read1: loaded 290M reads 
[17:22:05] Read2: loaded 290M reads 
[17:22:07] Read1: loaded 291M reads 
[17:22:07] Read2: loaded 291M reads 
[17:22:09] Read1: loaded 292M reads 
[17:22:09] Read2: loaded 292M reads 
[17:22:11] Read1: loaded 293M reads 
[17:22:11] Read2: loaded 293M reads 
[17:22:13] Read1: loaded 294M reads 
[17:22:13] Read2: loaded 294M reads 
[17:22:15] Read1: loaded 295M reads 
[17:22:15] Read2: loaded 295M reads 
[17:22:17] Read1: loaded 296M reads 
[17:22:17] Read2: loaded 296M reads 
[17:22:18] Read1: loaded 297M reads 
[17:22:18] Read2: loaded 297M reads 
[17:22:20] Read1: loaded 298M reads 
[17:22:20] Read2: loaded 298M reads 
[17:22:22] Read1: loaded 299M reads 
[17:22:22] Read2: loaded 299M reads 
[17:22:24] Read1: loaded 300M reads 
[17:22:24] Read2: loaded 300M reads 
[17:22:26] Read1: loaded 301M reads 
[17:22:26] Read2: loaded 301M reads 
[17:22:28] Read1: loaded 302M reads 
[17:22:28] Read2: loaded 302M reads 
[17:22:30] Read2: loaded 303M reads 
[17:22:30] Read1: loaded 303M reads 
[17:22:32] Read2: loaded 304M reads 
[17:22:32] Read1: loaded 304M reads 
[17:22:34] Read1: loaded 305M reads 
[17:22:34] Read2: loaded 305M reads 
[17:22:36] Read2: loaded 306M reads 
[17:22:36] Read1: loaded 306M reads 
[17:22:38] Read1: loaded 307M reads 
[17:22:38] Read2: loaded 307M reads 
[17:22:39] Read1: loaded 308M reads 
[17:22:39] Read2: loaded 308M reads 
[17:22:41] Read2: loaded 309M reads 
[17:22:41] Read1: loaded 309M reads 
[17:22:43] Read2: loaded 310M reads 
[17:22:43] Read1: loaded 310M reads 
[17:22:45] Read2: loaded 311M reads 
[17:22:45] Read1: loaded 311M reads 
[17:22:47] Read2: loaded 312M reads 
[17:22:47] Read1: loaded 312M reads 
[17:22:49] Read1: loaded 313M reads 
[17:22:49] Read2: loaded 313M reads 
[17:22:51] Read1: loaded 314M reads 
[17:22:51] Read2: loaded 314M reads 
[17:22:53] Read1: loaded 315M reads 
[17:22:53] Read2: loaded 315M reads 
[17:22:55] Read1: loaded 316M reads 
[17:22:55] Read2: loaded 316M reads 
[17:22:57] Read2: loaded 317M reads 
[17:22:57] Read1: loaded 317M reads 
[17:22:58] Read2: loaded 318M reads 
[17:22:58] Read1: loaded 318M reads 
[17:23:00] Read1: loaded 319M reads 
[17:23:00] Read2: loaded 319M reads 
[17:23:02] Read1: loaded 320M reads 
[17:23:02] Read2: loaded 320M reads 
[17:23:04] Read1: loaded 321M reads 
[17:23:04] Read2: loaded 321M reads 
[17:23:06] Read1: loaded 322M reads 
[17:23:06] Read2: loaded 322M reads 
[17:23:08] Read2: loaded 323M reads 
[17:23:08] Read1: loaded 323M reads 
[17:23:10] Read1: loaded 324M reads 
[17:23:10] Read2: loaded 324M reads 
[17:23:12] Read1: loaded 325M reads 
[17:23:12] Read2: loaded 325M reads 
[17:23:14] Read1: loaded 326M reads 
[17:23:14] Read2: loaded 326M reads 
[17:23:16] Read1: loaded 327M reads 
[17:23:16] Read2: loaded 327M reads 
[17:23:18] Read2: loaded 328M reads 
[17:23:18] Read1: loaded 328M reads 
[17:23:19] Read1: loaded 329M reads 
[17:23:20] Read2: loaded 329M reads 
[17:23:21] Read2: loaded 330M reads 
[17:23:21] Read1: loaded 330M reads 
[17:23:23] Read1: loaded 331M reads 
[17:23:23] Read2: loaded 331M reads 
[17:23:25] Read2: loaded 332M reads 
[17:23:25] Read1: loaded 332M reads 
[17:23:27] Read1: loaded 333M reads 
[17:23:27] Read2: loaded 333M reads 
[17:23:29] Read1: loaded 334M reads 
[17:23:29] Read2: loaded 334M reads 
[17:23:31] Read2: loaded 335M reads 
[17:23:31] Read1: loaded 335M reads 
[17:23:33] Read1: loaded 336M reads 
[17:23:33] Read2: loaded 336M reads 
[17:23:35] Read2: loaded 337M reads 
[17:23:35] Read1: loaded 337M reads 
[17:23:37] Read2: loaded 338M reads 
[17:23:37] Read1: loaded 338M reads 
[17:23:39] Read1: loaded 339M reads 
[17:23:39] Read2: loaded 339M reads 
[17:23:40] Read2: loaded 340M reads 
[17:23:40] Read1: loaded 340M reads 
[17:23:42] Read1: loaded 341M reads 
[17:23:42] Read2: loaded 341M reads 
[17:23:44] Read2: loaded 342M reads 
[17:23:44] Read1: loaded 342M reads 
[17:23:46] Read2: loaded 343M reads 
[17:23:46] Read1: loaded 343M reads 
[17:23:48] Read2: loaded 344M reads 
[17:23:48] Read1: loaded 344M reads 
[17:23:50] Read1: loaded 345M reads 
[17:23:50] Read2: loaded 345M reads 
[17:23:52] Read2: loaded 346M reads 
[17:23:52] Read1: loaded 346M reads 
[17:23:54] Read1: loaded 347M reads 
[17:23:54] Read2: loaded 347M reads 
[17:23:56] Read1: loaded 348M reads 
[17:23:56] Read2: loaded 348M reads 
[17:23:58] Read2: loaded 349M reads 
[17:23:58] Read1: loaded 349M reads 
[17:23:59] Read2: loaded 350M reads 
[17:23:59] Read1: loaded 350M reads 
[17:24:01] Read2: loaded 351M reads 
[17:24:01] Read1: loaded 351M reads 
[17:24:03] Read1: loaded 352M reads 
[17:24:03] Read2: loaded 352M reads 
[17:24:05] Read1: loaded 353M reads 
[17:24:05] Read2: loaded 353M reads 
[17:24:07] Read1: loaded 354M reads 
[17:24:07] Read2: loaded 354M reads 
[17:24:09] Read2: loaded 355M reads 
[17:24:09] Read1: loaded 355M reads 
[17:24:11] Read2: loaded 356M reads 
[17:24:11] Read1: loaded 356M reads 
[17:24:13] Read2: loaded 357M reads 
[17:24:13] Read1: loaded 357M reads 
[17:24:15] Read1: loaded 358M reads 
[17:24:15] Read2: loaded 358M reads 
[17:24:17] Read1: loaded 359M reads 
[17:24:17] Read2: loaded 359M reads 
[17:24:19] Read1: loaded 360M reads 
[17:24:19] Read2: loaded 360M reads 
[17:24:21] Read2: loaded 361M reads 
[17:24:21] Read1: loaded 361M reads 
[17:24:21] Read2: loading completed with 361282 packs 
[17:24:21] Read1: loading completed with 361282 packs 
[17:24:21] thread 3 data processing completed 
[17:24:21] thread 3 finished 
[17:24:21] thread 4 data processing completed 
[17:24:21] thread 4 finished 
[17:24:21] thread 5 data processing completed 
[17:24:21] thread 5 finished 
[17:24:21] thread 6 data processing completed 
[17:24:21] thread 6 finished 
[17:24:21] thread 7 data processing completed 
[17:24:21] thread 7 finished 
[17:24:21] thread 8 data processing completed 
[17:24:21] thread 8 finished 
[17:24:21] thread 1 data processing completed 
[17:24:21] thread 1 finished 
[17:24:21] thread 2 data processing completed 
[17:24:21] thread 2 finished 
[17:24:21] start to generate reports
 
Read1 before filtering:
total reads: 361281611
total bases: 54192241650
Q20 bases: 54123398100(99.873%)
Q30 bases: 54123398100(99.873%)
Q40 bases: 0(0%)

Read2 before filtering:
total reads: 361281611
total bases: 54192241650
Q20 bases: 53855170050(99.378%)
Q30 bases: 53855170050(99.378%)
Q40 bases: 0(0%)

Read1 after filtering:
total reads: 358607374
total bases: 53574361382
Q20 bases: 53574361382(100%)
Q30 bases: 53574361382(100%)
Q40 bases: 0(0%)

Read2 after filtering:
total reads: 358607374
total bases: 53574361382
Q20 bases: 53574361382(100%)
Q30 bases: 53574361382(100%)
Q40 bases: 0(0%)

Filtering result:
reads passed filter: 717214748
reads failed due to low quality: 5328396
reads failed due to too many N: 20078
reads failed due to too short: 0
reads failed due to adapter dimer: 0
reads with adapter trimmed: 9627740
bases trimmed due to adapters: 442711160

Duplication rate: 5.60214%

Insert size peak (evaluated by paired-end reads): 269

JSON report: /dev/shm/fastp_bench_egKnOl.json
HTML report: /dev/null

/home/mpiuser/bioauto_rev/fastp_d0bromir/../fastp_opengene/fastp -w 8 -j /dev/shm/fastp_bench_egKnOl.json -h /dev/null --verbose -i /home/mpiuser/FASTQ/WGS/DRR216653_1.fastq.gz -I /home/mpiuser/FASTQ/WGS/DRR216653_2.fastq.gz -o /dev/shm/fastp_bench_fbUdxf_R1.fq.gz -O /dev/shm/fastp_bench_ui7jWU_R2.fq.gz 
fastp v1.3.3, time used: 690 seconds
================================================================

================================================================
 Application  : d0bromir_cpu (/home/mpiuser/bioauto_rev/fastp_d0bromir/fastp-cpu)
 Dataset      : WGS PE 40G (DRR216653 R1+R2)
 Files        : R1=/home/mpiuser/FASTQ/WGS/DRR216653_1.fastq.gz
               R2=/home/mpiuser/FASTQ/WGS/DRR216653_2.fastq.gz
 Type         : PE
 Threads      : 8
 Wall time    : 447.610 s
 reads_in     : 722563222
 reads_out    : 717214748
 vs_opengene  : -35.1%
--- Resource usage ---
 CPU avg/peak : 1736.4% / 2362.3%
 RSS peak     : 2215 MiB
 GPU util a/p : 1.0% / 44.0%
 GPU mem peak : 0 MiB
 Sample CSV   : /home/mpiuser/bioauto_rev/fastp_d0bromir/benchmark_results/20261004_171251/resources/resource_WGS_PE_40G_d0bromir_cpu_T8_1791134667.csv
--- Profiling output ---
[17:24:27] fastp 1.3.3-d0bromir starting 
[17:24:27] [fastp 1.3.3-d0bromir] Stage: loading 
[17:24:27] start to load data of read1 
[17:24:27] start to load data of read2 
[17:24:28] Read1: loaded 1M reads 
[17:24:28] Read2: loaded 1M reads 
[17:24:29] Read2: loaded 2M reads 
[17:24:29] Read1: loaded 2M reads 
[17:24:30] Read1: loaded 3M reads 
[17:24:30] Read2: loaded 3M reads 
[17:24:32] Read1: loaded 4M reads 
[17:24:32] Read2: loaded 4M reads 
[17:24:33] Read2: loaded 5M reads 
[17:24:33] Read1: loaded 5M reads 
[17:24:34] Read2: loaded 6M reads 
[17:24:34] Read1: loaded 6M reads 
[17:24:35] Read1: loaded 7M reads 
[17:24:35] Read2: loaded 7M reads 
[17:24:37] Read2: loaded 8M reads 
[17:24:37] Read1: loaded 8M reads 
[17:24:38] Read1: loaded 9M reads 
[17:24:38] Read2: loaded 9M reads 
[17:24:39] Read2: loaded 10M reads 
[17:24:39] Read1: loaded 10M reads 
[17:24:40] Read2: loaded 11M reads 
[17:24:40] Read1: loaded 11M reads 
[17:24:41] Read2: loaded 12M reads 
[17:24:41] Read1: loaded 12M reads 
[17:24:43] Read1: loaded 13M reads 
[17:24:43] Read2: loaded 13M reads 
[17:24:44] Read2: loaded 14M reads 
[17:24:44] Read1: loaded 14M reads 
[17:24:45] Read2: loaded 15M reads 
[17:24:45] Read1: loaded 15M reads 
[17:24:46] Read1: loaded 16M reads 
[17:24:46] Read2: loaded 16M reads 
[17:24:48] Read2: loaded 17M reads 
[17:24:48] Read1: loaded 17M reads 
[17:24:49] Read2: loaded 18M reads 
[17:24:49] Read1: loaded 18M reads 
[17:24:50] Read2: loaded 19M reads 
[17:24:50] Read1: loaded 19M reads 
[17:24:51] Read1: loaded 20M reads 
[17:24:51] Read2: loaded 20M reads 
[17:24:53] Read1: loaded 21M reads 
[17:24:53] Read2: loaded 21M reads 
[17:24:54] Read1: loaded 22M reads 
[17:24:54] Read2: loaded 22M reads 
[17:24:55] Read2: loaded 23M reads 
[17:24:55] Read1: loaded 23M reads 
[17:24:56] Read2: loaded 24M reads 
[17:24:56] Read1: loaded 24M reads 
[17:24:58] Read1: loaded 25M reads 
[17:24:58] Read2: loaded 25M reads 
[17:24:59] Read2: loaded 26M reads 
[17:24:59] Read1: loaded 26M reads 
[17:25:00] Read2: loaded 27M reads 
[17:25:00] Read1: loaded 27M reads 
[17:25:01] Read1: loaded 28M reads 
[17:25:01] Read2: loaded 28M reads 
[17:25:03] Read2: loaded 29M reads 
[17:25:03] Read1: loaded 29M reads 
[17:25:04] Read1: loaded 30M reads 
[17:25:04] Read2: loaded 30M reads 
[17:25:05] Read1: loaded 31M reads 
[17:25:05] Read2: loaded 31M reads 
[17:25:06] Read2: loaded 32M reads 
[17:25:06] Read1: loaded 32M reads 
[17:25:07] Read1: loaded 33M reads 
[17:25:07] Read2: loaded 33M reads 
[17:25:09] Read1: loaded 34M reads 
[17:25:09] Read2: loaded 34M reads 
[17:25:10] Read2: loaded 35M reads 
[17:25:10] Read1: loaded 35M reads 
[17:25:11] Read1: loaded 36M reads 
[17:25:11] Read2: loaded 36M reads 
[17:25:12] Read1: loaded 37M reads 
[17:25:12] Read2: loaded 37M reads 
[17:25:14] Read1: loaded 38M reads 
[17:25:14] Read2: loaded 38M reads 
[17:25:15] Read2: loaded 39M reads 
[17:25:15] Read1: loaded 39M reads 
[17:25:16] Read1: loaded 40M reads 
[17:25:16] Read2: loaded 40M reads 
[17:25:17] Read1: loaded 41M reads 
[17:25:17] Read2: loaded 41M reads 
[17:25:19] Read1: loaded 42M reads 
[17:25:19] Read2: loaded 42M reads 
[17:25:20] Read2: loaded 43M reads 
[17:25:20] Read1: loaded 43M reads 
[17:25:21] Read1: loaded 44M reads 
[17:25:21] Read2: loaded 44M reads 
[17:25:22] Read1: loaded 45M reads 
[17:25:22] Read2: loaded 45M reads 
[17:25:23] Read2: loaded 46M reads 
[17:25:23] Read1: loaded 46M reads 
[17:25:25] Read1: loaded 47M reads 
[17:25:25] Read2: loaded 47M reads 
[17:25:26] Read2: loaded 48M reads 
[17:25:26] Read1: loaded 48M reads 
[17:25:27] Read2: loaded 49M reads 
[17:25:27] Read1: loaded 49M reads 
[17:25:28] Read1: loaded 50M reads 
[17:25:28] Read2: loaded 50M reads 
[17:25:30] Read1: loaded 51M reads 
[17:25:30] Read2: loaded 51M reads 
[17:25:31] Read2: loaded 52M reads 
[17:25:31] Read1: loaded 52M reads 
[17:25:32] Read1: loaded 53M reads 
[17:25:32] Read2: loaded 53M reads 
[17:25:33] Read1: loaded 54M reads 
[17:25:33] Read2: loaded 54M reads 
[17:25:35] Read2: loaded 55M reads 
[17:25:35] Read1: loaded 55M reads 
[17:25:36] Read2: loaded 56M reads 
[17:25:36] Read1: loaded 56M reads 
[17:25:37] Read2: loaded 57M reads 
[17:25:37] Read1: loaded 57M reads 
[17:25:38] Read2: loaded 58M reads 
[17:25:38] Read1: loaded 58M reads 
[17:25:40] Read2: loaded 59M reads 
[17:25:40] Read1: loaded 59M reads 
[17:25:41] Read1: loaded 60M reads 
[17:25:41] Read2: loaded 60M reads 
[17:25:42] Read2: loaded 61M reads 
[17:25:42] Read1: loaded 61M reads 
[17:25:43] Read1: loaded 62M reads 
[17:25:43] Read2: loaded 62M reads 
[17:25:45] Read1: loaded 63M reads 
[17:25:45] Read2: loaded 63M reads 
[17:25:46] Read2: loaded 64M reads 
[17:25:46] Read1: loaded 64M reads 
[17:25:47] Read1: loaded 65M reads 
[17:25:47] Read2: loaded 65M reads 
[17:25:48] Read2: loaded 66M reads 
[17:25:48] Read1: loaded 66M reads 
[17:25:50] Read2: loaded 67M reads 
[17:25:50] Read1: loaded 67M reads 
[17:25:51] Read2: loaded 68M reads 
[17:25:51] Read1: loaded 68M reads 
[17:25:52] Read1: loaded 69M reads 
[17:25:52] Read2: loaded 69M reads 
[17:25:53] Read1: loaded 70M reads 
[17:25:53] Read2: loaded 70M reads 
[17:25:54] Read1: loaded 71M reads 
[17:25:54] Read2: loaded 71M reads 
[17:25:56] Read2: loaded 72M reads 
[17:25:56] Read1: loaded 72M reads 
[17:25:57] Read1: loaded 73M reads 
[17:25:57] Read2: loaded 73M reads 
[17:25:58] Read2: loaded 74M reads 
[17:25:58] Read1: loaded 74M reads 
[17:25:59] Read1: loaded 75M reads 
[17:25:59] Read2: loaded 75M reads 
[17:26:01] Read1: loaded 76M reads 
[17:26:01] Read2: loaded 76M reads 
[17:26:02] Read2: loaded 77M reads 
[17:26:02] Read1: loaded 77M reads 
[17:26:03] Read1: loaded 78M reads 
[17:26:03] Read2: loaded 78M reads 
[17:26:04] Read2: loaded 79M reads 
[17:26:04] Read1: loaded 79M reads 
[17:26:06] Read2: loaded 80M reads 
[17:26:06] Read1: loaded 80M reads 
[17:26:07] Read1: loaded 81M reads 
[17:26:07] Read2: loaded 81M reads 
[17:26:08] Read2: loaded 82M reads 
[17:26:08] Read1: loaded 82M reads 
[17:26:09] Read2: loaded 83M reads 
[17:26:09] Read1: loaded 83M reads 
[17:26:11] Read1: loaded 84M reads 
[17:26:11] Read2: loaded 84M reads 
[17:26:12] Read2: loaded 85M reads 
[17:26:12] Read1: loaded 85M reads 
[17:26:13] Read2: loaded 86M reads 
[17:26:13] Read1: loaded 86M reads 
[17:26:14] Read1: loaded 87M reads 
[17:26:14] Read2: loaded 87M reads 
[17:26:16] Read2: loaded 88M reads 
[17:26:16] Read1: loaded 88M reads 
[17:26:17] Read2: loaded 89M reads 
[17:26:17] Read1: loaded 89M reads 
[17:26:18] Read1: loaded 90M reads 
[17:26:18] Read2: loaded 90M reads 
[17:26:19] Read2: loaded 91M reads 
[17:26:19] Read1: loaded 91M reads 
[17:26:21] Read1: loaded 92M reads 
[17:26:21] Read2: loaded 92M reads 
[17:26:22] Read2: loaded 93M reads 
[17:26:22] Read1: loaded 93M reads 
[17:26:23] Read1: loaded 94M reads 
[17:26:23] Read2: loaded 94M reads 
[17:26:24] Read2: loaded 95M reads 
[17:26:24] Read1: loaded 95M reads 
[17:26:25] Read1: loaded 96M reads 
[17:26:25] Read2: loaded 96M reads 
[17:26:27] Read1: loaded 97M reads 
[17:26:27] Read2: loaded 97M reads 
[17:26:28] Read1: loaded 98M reads 
[17:26:28] Read2: loaded 98M reads 
[17:26:29] Read2: loaded 99M reads 
[17:26:29] Read1: loaded 99M reads 
[17:26:30] Read2: loaded 100M reads 
[17:26:30] Read1: loaded 100M reads 
[17:26:32] Read1: loaded 101M reads 
[17:26:32] Read2: loaded 101M reads 
[17:26:33] Read2: loaded 102M reads 
[17:26:33] Read1: loaded 102M reads 
[17:26:34] Read1: loaded 103M reads 
[17:26:34] Read2: loaded 103M reads 
[17:26:35] Read1: loaded 104M reads 
[17:26:35] Read2: loaded 104M reads 
[17:26:37] Read2: loaded 105M reads 
[17:26:37] Read1: loaded 105M reads 
[17:26:38] Read1: loaded 106M reads 
[17:26:38] Read2: loaded 106M reads 
[17:26:39] Read1: loaded 107M reads 
[17:26:39] Read2: loaded 107M reads 
[17:26:40] Read1: loaded 108M reads 
[17:26:40] Read2: loaded 108M reads 
[17:26:42] Read2: loaded 109M reads 
[17:26:42] Read1: loaded 109M reads 
[17:26:43] Read2: loaded 110M reads 
[17:26:43] Read1: loaded 110M reads 
[17:26:44] Read1: loaded 111M reads 
[17:26:44] Read2: loaded 111M reads 
[17:26:45] Read1: loaded 112M reads 
[17:26:45] Read2: loaded 112M reads 
[17:26:47] Read1: loaded 113M reads 
[17:26:47] Read2: loaded 113M reads 
[17:26:48] Read1: loaded 114M reads 
[17:26:48] Read2: loaded 114M reads 
[17:26:49] Read2: loaded 115M reads 
[17:26:49] Read1: loaded 115M reads 
[17:26:50] Read1: loaded 116M reads 
[17:26:50] Read2: loaded 116M reads 
[17:26:51] Read2: loaded 117M reads 
[17:26:51] Read1: loaded 117M reads 
[17:26:53] Read1: loaded 118M reads 
[17:26:53] Read2: loaded 118M reads 
[17:26:54] Read1: loaded 119M reads 
[17:26:54] Read2: loaded 119M reads 
[17:26:55] Read1: loaded 120M reads 
[17:26:55] Read2: loaded 120M reads 
[17:26:56] Read2: loaded 121M reads 
[17:26:56] Read1: loaded 121M reads 
[17:26:58] Read1: loaded 122M reads 
[17:26:58] Read2: loaded 122M reads 
[17:26:59] Read1: loaded 123M reads 
[17:26:59] Read2: loaded 123M reads 
[17:27:00] Read2: loaded 124M reads 
[17:27:00] Read1: loaded 124M reads 
[17:27:01] Read1: loaded 125M reads 
[17:27:01] Read2: loaded 125M reads 
[17:27:03] Read2: loaded 126M reads 
[17:27:03] Read1: loaded 126M reads 
[17:27:04] Read2: loaded 127M reads 
[17:27:04] Read1: loaded 127M reads 
[17:27:05] Read1: loaded 128M reads 
[17:27:05] Read2: loaded 128M reads 
[17:27:06] Read2: loaded 129M reads 
[17:27:06] Read1: loaded 129M reads 
[17:27:07] Read1: loaded 130M reads 
[17:27:07] Read2: loaded 130M reads 
[17:27:09] Read1: loaded 131M reads 
[17:27:09] Read2: loaded 131M reads 
[17:27:10] Read2: loaded 132M reads 
[17:27:10] Read1: loaded 132M reads 
[17:27:11] Read2: loaded 133M reads 
[17:27:11] Read1: loaded 133M reads 
[17:27:12] Read1: loaded 134M reads 
[17:27:12] Read2: loaded 134M reads 
[17:27:14] Read2: loaded 135M reads 
[17:27:14] Read1: loaded 135M reads 
[17:27:15] Read2: loaded 136M reads 
[17:27:15] Read1: loaded 136M reads 
[17:27:16] Read1: loaded 137M reads 
[17:27:16] Read2: loaded 137M reads 
[17:27:17] Read2: loaded 138M reads 
[17:27:17] Read1: loaded 138M reads 
[17:27:18] Read2: loaded 139M reads 
[17:27:18] Read1: loaded 139M reads 
[17:27:20] Read2: loaded 140M reads 
[17:27:20] Read1: loaded 140M reads 
[17:27:21] Read2: loaded 141M reads 
[17:27:21] Read1: loaded 141M reads 
[17:27:22] Read1: loaded 142M reads 
[17:27:22] Read2: loaded 142M reads 
[17:27:23] Read2: loaded 143M reads 
[17:27:23] Read1: loaded 143M reads 
[17:27:25] Read1: loaded 144M reads 
[17:27:25] Read2: loaded 144M reads 
[17:27:26] Read2: loaded 145M reads 
[17:27:26] Read1: loaded 145M reads 
[17:27:27] Read1: loaded 146M reads 
[17:27:27] Read2: loaded 146M reads 
[17:27:28] Read2: loaded 147M reads 
[17:27:28] Read1: loaded 147M reads 
[17:27:29] Read1: loaded 148M reads 
[17:27:29] Read2: loaded 148M reads 
[17:27:31] Read2: loaded 149M reads 
[17:27:31] Read1: loaded 149M reads 
[17:27:32] Read2: loaded 150M reads 
[17:27:32] Read1: loaded 150M reads 
[17:27:33] Read2: loaded 151M reads 
[17:27:33] Read1: loaded 151M reads 
[17:27:34] Read1: loaded 152M reads 
[17:27:34] Read2: loaded 152M reads 
[17:27:36] Read2: loaded 153M reads 
[17:27:36] Read1: loaded 153M reads 
[17:27:37] Read1: loaded 154M reads 
[17:27:37] Read2: loaded 154M reads 
[17:27:38] Read1: loaded 155M reads 
[17:27:38] Read2: loaded 155M reads 
[17:27:39] Read2: loaded 156M reads 
[17:27:39] Read1: loaded 156M reads 
[17:27:40] Read1: loaded 157M reads 
[17:27:40] Read2: loaded 157M reads 
[17:27:42] Read2: loaded 158M reads 
[17:27:42] Read1: loaded 158M reads 
[17:27:43] Read1: loaded 159M reads 
[17:27:43] Read2: loaded 159M reads 
[17:27:44] Read1: loaded 160M reads 
[17:27:44] Read2: loaded 160M reads 
[17:27:45] Read2: loaded 161M reads 
[17:27:45] Read1: loaded 161M reads 
[17:27:47] Read1: loaded 162M reads 
[17:27:47] Read2: loaded 162M reads 
[17:27:48] Read1: loaded 163M reads 
[17:27:48] Read2: loaded 163M reads 
[17:27:49] Read2: loaded 164M reads 
[17:27:49] Read1: loaded 164M reads 
[17:27:50] Read1: loaded 165M reads 
[17:27:50] Read2: loaded 165M reads 
[17:27:52] Read2: loaded 166M reads 
[17:27:52] Read1: loaded 166M reads 
[17:27:53] Read1: loaded 167M reads 
[17:27:53] Read2: loaded 167M reads 
[17:27:54] Read2: loaded 168M reads 
[17:27:54] Read1: loaded 168M reads 
[17:27:55] Read1: loaded 169M reads 
[17:27:55] Read2: loaded 169M reads 
[17:27:56] Read2: loaded 170M reads 
[17:27:56] Read1: loaded 170M reads 
[17:27:58] Read2: loaded 171M reads 
[17:27:58] Read1: loaded 171M reads 
[17:27:59] Read1: loaded 172M reads 
[17:27:59] Read2: loaded 172M reads 
[17:28:00] Read1: loaded 173M reads 
[17:28:00] Read2: loaded 173M reads 
[17:28:01] Read2: loaded 174M reads 
[17:28:01] Read1: loaded 174M reads 
[17:28:03] Read2: loaded 175M reads 
[17:28:03] Read1: loaded 175M reads 
[17:28:04] Read1: loaded 176M reads 
[17:28:04] Read2: loaded 176M reads 
[17:28:05] Read2: loaded 177M reads 
[17:28:05] Read1: loaded 177M reads 
[17:28:06] Read1: loaded 178M reads 
[17:28:06] Read2: loaded 178M reads 
[17:28:07] Read1: loaded 179M reads 
[17:28:07] Read2: loaded 179M reads 
[17:28:09] Read1: loaded 180M reads 
[17:28:09] Read2: loaded 180M reads 
[17:28:10] Read2: loaded 181M reads 
[17:28:10] Read1: loaded 181M reads 
[17:28:11] Read1: loaded 182M reads 
[17:28:11] Read2: loaded 182M reads 
[17:28:12] Read1: loaded 183M reads 
[17:28:12] Read2: loaded 183M reads 
[17:28:14] Read1: loaded 184M reads 
[17:28:14] Read2: loaded 184M reads 
[17:28:15] Read2: loaded 185M reads 
[17:28:15] Read1: loaded 185M reads 
[17:28:16] Read1: loaded 186M reads 
[17:28:16] Read2: loaded 186M reads 
[17:28:17] Read2: loaded 187M reads 
[17:28:17] Read1: loaded 187M reads 
[17:28:19] Read1: loaded 188M reads 
[17:28:19] Read2: loaded 188M reads 
[17:28:20] Read1: loaded 189M reads 
[17:28:20] Read2: loaded 189M reads 
[17:28:21] Read2: loaded 190M reads 
[17:28:21] Read1: loaded 190M reads 
[17:28:22] Read1: loaded 191M reads 
[17:28:22] Read2: loaded 191M reads 
[17:28:23] Read1: loaded 192M reads 
[17:28:23] Read2: loaded 192M reads 
[17:28:25] Read1: loaded 193M reads 
[17:28:25] Read2: loaded 193M reads 
[17:28:26] Read2: loaded 194M reads 
[17:28:26] Read1: loaded 194M reads 
[17:28:27] Read1: loaded 195M reads 
[17:28:27] Read2: loaded 195M reads 
[17:28:28] Read2: loaded 196M reads 
[17:28:28] Read1: loaded 196M reads 
[17:28:30] Read2: loaded 197M reads 
[17:28:30] Read1: loaded 197M reads 
[17:28:31] Read2: loaded 198M reads 
[17:28:31] Read1: loaded 198M reads 
[17:28:32] Read1: loaded 199M reads 
[17:28:32] Read2: loaded 199M reads 
[17:28:33] Read1: loaded 200M reads 
[17:28:33] Read2: loaded 200M reads 
[17:28:35] Read2: loaded 201M reads 
[17:28:35] Read1: loaded 201M reads 
[17:28:36] Read2: loaded 202M reads 
[17:28:36] Read1: loaded 202M reads 
[17:28:37] Read1: loaded 203M reads 
[17:28:37] Read2: loaded 203M reads 
[17:28:38] Read2: loaded 204M reads 
[17:28:38] Read1: loaded 204M reads 
[17:28:39] Read1: loaded 205M reads 
[17:28:39] Read2: loaded 205M reads 
[17:28:41] Read1: loaded 206M reads 
[17:28:41] Read2: loaded 206M reads 
[17:28:42] Read2: loaded 207M reads 
[17:28:42] Read1: loaded 207M reads 
[17:28:43] Read1: loaded 208M reads 
[17:28:43] Read2: loaded 208M reads 
[17:28:44] Read1: loaded 209M reads 
[17:28:44] Read2: loaded 209M reads 
[17:28:46] Read2: loaded 210M reads 
[17:28:46] Read1: loaded 210M reads 
[17:28:47] Read2: loaded 211M reads 
[17:28:47] Read1: loaded 211M reads 
[17:28:48] Read1: loaded 212M reads 
[17:28:48] Read2: loaded 212M reads 
[17:28:49] Read1: loaded 213M reads 
[17:28:49] Read2: loaded 213M reads 
[17:28:50] Read2: loaded 214M reads 
[17:28:50] Read1: loaded 214M reads 
[17:28:52] Read2: loaded 215M reads 
[17:28:52] Read1: loaded 215M reads 
[17:28:53] Read1: loaded 216M reads 
[17:28:53] Read2: loaded 216M reads 
[17:28:54] Read2: loaded 217M reads 
[17:28:54] Read1: loaded 217M reads 
[17:28:55] Read1: loaded 218M reads 
[17:28:55] Read2: loaded 218M reads 
[17:28:57] Read1: loaded 219M reads 
[17:28:57] Read2: loaded 219M reads 
[17:28:58] Read2: loaded 220M reads 
[17:28:58] Read1: loaded 220M reads 
[17:28:59] Read1: loaded 221M reads 
[17:28:59] Read2: loaded 221M reads 
[17:29:00] Read2: loaded 222M reads 
[17:29:00] Read1: loaded 222M reads 
[17:29:02] Read1: loaded 223M reads 
[17:29:02] Read2: loaded 223M reads 
[17:29:03] Read2: loaded 224M reads 
[17:29:03] Read1: loaded 224M reads 
[17:29:04] Read2: loaded 225M reads 
[17:29:04] Read1: loaded 225M reads 
[17:29:05] Read2: loaded 226M reads 
[17:29:05] Read1: loaded 226M reads 
[17:29:06] Read2: loaded 227M reads 
[17:29:06] Read1: loaded 227M reads 
[17:29:08] Read2: loaded 228M reads 
[17:29:08] Read1: loaded 228M reads 
[17:29:09] Read1: loaded 229M reads 
[17:29:09] Read2: loaded 229M reads 
[17:29:10] Read1: loaded 230M reads 
[17:29:10] Read2: loaded 230M reads 
[17:29:11] Read1: loaded 231M reads 
[17:29:11] Read2: loaded 231M reads 
[17:29:13] Read1: loaded 232M reads 
[17:29:13] Read2: loaded 232M reads 
[17:29:14] Read1: loaded 233M reads 
[17:29:14] Read2: loaded 233M reads 
[17:29:15] Read2: loaded 234M reads 
[17:29:15] Read1: loaded 234M reads 
[17:29:16] Read2: loaded 235M reads 
[17:29:16] Read1: loaded 235M reads 
[17:29:18] Read1: loaded 236M reads 
[17:29:18] Read2: loaded 236M reads 
[17:29:19] Read2: loaded 237M reads 
[17:29:19] Read1: loaded 237M reads 
[17:29:20] Read1: loaded 238M reads 
[17:29:20] Read2: loaded 238M reads 
[17:29:21] Read1: loaded 239M reads 
[17:29:21] Read2: loaded 239M reads 
[17:29:22] Read2: loaded 240M reads 
[17:29:22] Read1: loaded 240M reads 
[17:29:24] Read2: loaded 241M reads 
[17:29:24] Read1: loaded 241M reads 
[17:29:25] Read1: loaded 242M reads 
[17:29:25] Read2: loaded 242M reads 
[17:29:26] Read1: loaded 243M reads 
[17:29:26] Read2: loaded 243M reads 
[17:29:27] Read2: loaded 244M reads 
[17:29:27] Read1: loaded 244M reads 
[17:29:29] Read2: loaded 245M reads 
[17:29:29] Read1: loaded 245M reads 
[17:29:30] Read2: loaded 246M reads 
[17:29:30] Read1: loaded 246M reads 
[17:29:31] Read1: loaded 247M reads 
[17:29:31] Read2: loaded 247M reads 
[17:29:32] Read2: loaded 248M reads 
[17:29:32] Read1: loaded 248M reads 
[17:29:34] Read1: loaded 249M reads 
[17:29:34] Read2: loaded 249M reads 
[17:29:35] Read2: loaded 250M reads 
[17:29:35] Read1: loaded 250M reads 
[17:29:36] Read1: loaded 251M reads 
[17:29:36] Read2: loaded 251M reads 
[17:29:37] Read2: loaded 252M reads 
[17:29:37] Read1: loaded 252M reads 
[17:29:39] Read1: loaded 253M reads 
[17:29:39] Read2: loaded 253M reads 
[17:29:40] Read2: loaded 254M reads 
[17:29:40] Read1: loaded 254M reads 
[17:29:41] Read1: loaded 255M reads 
[17:29:41] Read2: loaded 255M reads 
[17:29:42] Read2: loaded 256M reads 
[17:29:42] Read1: loaded 256M reads 
[17:29:43] Read2: loaded 257M reads 
[17:29:43] Read1: loaded 257M reads 
[17:29:45] Read1: loaded 258M reads 
[17:29:45] Read2: loaded 258M reads 
[17:29:46] Read2: loaded 259M reads 
[17:29:46] Read1: loaded 259M reads 
[17:29:47] Read2: loaded 260M reads 
[17:29:47] Read1: loaded 260M reads 
[17:29:48] Read1: loaded 261M reads 
[17:29:48] Read2: loaded 261M reads 
[17:29:50] Read2: loaded 262M reads 
[17:29:50] Read1: loaded 262M reads 
[17:29:51] Read2: loaded 263M reads 
[17:29:51] Read1: loaded 263M reads 
[17:29:52] Read2: loaded 264M reads 
[17:29:52] Read1: loaded 264M reads 
[17:29:53] Read2: loaded 265M reads 
[17:29:53] Read1: loaded 265M reads 
[17:29:54] Read1: loaded 266M reads 
[17:29:55] Read2: loaded 266M reads 
[17:29:56] Read2: loaded 267M reads 
[17:29:56] Read1: loaded 267M reads 
[17:29:57] Read1: loaded 268M reads 
[17:29:57] Read2: loaded 268M reads 
[17:29:58] Read2: loaded 269M reads 
[17:29:58] Read1: loaded 269M reads 
[17:29:59] Read2: loaded 270M reads 
[17:29:59] Read1: loaded 270M reads 
[17:30:01] Read2: loaded 271M reads 
[17:30:01] Read1: loaded 271M reads 
[17:30:02] Read1: loaded 272M reads 
[17:30:02] Read2: loaded 272M reads 
[17:30:03] Read1: loaded 273M reads 
[17:30:03] Read2: loaded 273M reads 
[17:30:04] Read2: loaded 274M reads 
[17:30:04] Read1: loaded 274M reads 
[17:30:06] Read2: loaded 275M reads 
[17:30:06] Read1: loaded 275M reads 
[17:30:07] Read1: loaded 276M reads 
[17:30:07] Read2: loaded 276M reads 
[17:30:08] Read1: loaded 277M reads 
[17:30:08] Read2: loaded 277M reads 
[17:30:09] Read1: loaded 278M reads 
[17:30:09] Read2: loaded 278M reads 
[17:30:11] Read2: loaded 279M reads 
[17:30:11] Read1: loaded 279M reads 
[17:30:12] Read1: loaded 280M reads 
[17:30:12] Read2: loaded 280M reads 
[17:30:13] Read1: loaded 281M reads 
[17:30:13] Read2: loaded 281M reads 
[17:30:14] Read1: loaded 282M reads 
[17:30:14] Read2: loaded 282M reads 
[17:30:16] Read2: loaded 283M reads 
[17:30:16] Read1: loaded 283M reads 
[17:30:17] Read2: loaded 284M reads 
[17:30:17] Read1: loaded 284M reads 
[17:30:18] Read1: loaded 285M reads 
[17:30:18] Read2: loaded 285M reads 
[17:30:19] Read2: loaded 286M reads 
[17:30:19] Read1: loaded 286M reads 
[17:30:20] Read1: loaded 287M reads 
[17:30:20] Read2: loaded 287M reads 
[17:30:22] Read2: loaded 288M reads 
[17:30:22] Read1: loaded 288M reads 
[17:30:23] Read1: loaded 289M reads 
[17:30:23] Read2: loaded 289M reads 
[17:30:24] Read2: loaded 290M reads 
[17:30:24] Read1: loaded 290M reads 
[17:30:25] Read2: loaded 291M reads 
[17:30:25] Read1: loaded 291M reads 
[17:30:27] Read1: loaded 292M reads 
[17:30:27] Read2: loaded 292M reads 
[17:30:28] Read1: loaded 293M reads 
[17:30:28] Read2: loaded 293M reads 
[17:30:29] Read2: loaded 294M reads 
[17:30:29] Read1: loaded 294M reads 
[17:30:30] Read2: loaded 295M reads 
[17:30:30] Read1: loaded 295M reads 
[17:30:32] Read2: loaded 296M reads 
[17:30:32] Read1: loaded 296M reads 
[17:30:33] Read2: loaded 297M reads 
[17:30:33] Read1: loaded 297M reads 
[17:30:34] Read2: loaded 298M reads 
[17:30:34] Read1: loaded 298M reads 
[17:30:35] Read2: loaded 299M reads 
[17:30:35] Read1: loaded 299M reads 
[17:30:36] Read1: loaded 300M reads 
[17:30:36] Read2: loaded 300M reads 
[17:30:38] Read2: loaded 301M reads 
[17:30:38] Read1: loaded 301M reads 
[17:30:39] Read1: loaded 302M reads 
[17:30:39] Read2: loaded 302M reads 
[17:30:40] Read2: loaded 303M reads 
[17:30:40] Read1: loaded 303M reads 
[17:30:41] Read1: loaded 304M reads 
[17:30:41] Read2: loaded 304M reads 
[17:30:43] Read1: loaded 305M reads 
[17:30:43] Read2: loaded 305M reads 
[17:30:44] Read1: loaded 306M reads 
[17:30:44] Read2: loaded 306M reads 
[17:30:45] Read2: loaded 307M reads 
[17:30:45] Read1: loaded 307M reads 
[17:30:46] Read1: loaded 308M reads 
[17:30:46] Read2: loaded 308M reads 
[17:30:48] Read2: loaded 309M reads 
[17:30:48] Read1: loaded 309M reads 
[17:30:49] Read2: loaded 310M reads 
[17:30:49] Read1: loaded 310M reads 
[17:30:50] Read1: loaded 311M reads 
[17:30:50] Read2: loaded 311M reads 
[17:30:51] Read2: loaded 312M reads 
[17:30:51] Read1: loaded 312M reads 
[17:30:53] Read2: loaded 313M reads 
[17:30:53] Read1: loaded 313M reads 
[17:30:54] Read2: loaded 314M reads 
[17:30:54] Read1: loaded 314M reads 
[17:30:55] Read2: loaded 315M reads 
[17:30:55] Read1: loaded 315M reads 
[17:30:56] Read1: loaded 316M reads 
[17:30:56] Read2: loaded 316M reads 
[17:30:57] Read1: loaded 317M reads 
[17:30:57] Read2: loaded 317M reads 
[17:30:59] Read1: loaded 318M reads 
[17:30:59] Read2: loaded 318M reads 
[17:31:00] Read2: loaded 319M reads 
[17:31:00] Read1: loaded 319M reads 
[17:31:01] Read2: loaded 320M reads 
[17:31:01] Read1: loaded 320M reads 
[17:31:02] Read1: loaded 321M reads 
[17:31:02] Read2: loaded 321M reads 
[17:31:04] Read2: loaded 322M reads 
[17:31:04] Read1: loaded 322M reads 
[17:31:05] Read1: loaded 323M reads 
[17:31:05] Read2: loaded 323M reads 
[17:31:06] Read1: loaded 324M reads 
[17:31:06] Read2: loaded 324M reads 
[17:31:07] Read2: loaded 325M reads 
[17:31:07] Read1: loaded 325M reads 
[17:31:09] Read1: loaded 326M reads 
[17:31:09] Read2: loaded 326M reads 
[17:31:10] Read1: loaded 327M reads 
[17:31:10] Read2: loaded 327M reads 
[17:31:11] Read2: loaded 328M reads 
[17:31:11] Read1: loaded 328M reads 
[17:31:12] Read1: loaded 329M reads 
[17:31:12] Read2: loaded 329M reads 
[17:31:14] Read1: loaded 330M reads 
[17:31:14] Read2: loaded 330M reads 
[17:31:15] Read1: loaded 331M reads 
[17:31:15] Read2: loaded 331M reads 
[17:31:16] Read2: loaded 332M reads 
[17:31:16] Read1: loaded 332M reads 
[17:31:17] Read2: loaded 333M reads 
[17:31:17] Read1: loaded 333M reads 
[17:31:19] Read1: loaded 334M reads 
[17:31:19] Read2: loaded 334M reads 
[17:31:20] Read2: loaded 335M reads 
[17:31:20] Read1: loaded 335M reads 
[17:31:21] Read1: loaded 336M reads 
[17:31:21] Read2: loaded 336M reads 
[17:31:22] Read1: loaded 337M reads 
[17:31:22] Read2: loaded 337M reads 
[17:31:24] Read2: loaded 338M reads 
[17:31:24] Read1: loaded 338M reads 
[17:31:25] Read1: loaded 339M reads 
[17:31:25] Read2: loaded 339M reads 
[17:31:26] Read2: loaded 340M reads 
[17:31:26] Read1: loaded 340M reads 
[17:31:27] Read1: loaded 341M reads 
[17:31:27] Read2: loaded 341M reads 
[17:31:29] Read1: loaded 342M reads 
[17:31:29] Read2: loaded 342M reads 
[17:31:30] Read1: loaded 343M reads 
[17:31:30] Read2: loaded 343M reads 
[17:31:31] Read2: loaded 344M reads 
[17:31:31] Read1: loaded 344M reads 
[17:31:32] Read2: loaded 345M reads 
[17:31:32] Read1: loaded 345M reads 
[17:31:34] Read1: loaded 346M reads 
[17:31:34] Read2: loaded 346M reads 
[17:31:35] Read1: loaded 347M reads 
[17:31:35] Read2: loaded 347M reads 
[17:31:36] Read2: loaded 348M reads 
[17:31:36] Read1: loaded 348M reads 
[17:31:37] Read2: loaded 349M reads 
[17:31:37] Read1: loaded 349M reads 
[17:31:39] Read2: loaded 350M reads 
[17:31:39] Read1: loaded 350M reads 
[17:31:40] Read1: loaded 351M reads 
[17:31:40] Read2: loaded 351M reads 
[17:31:41] Read1: loaded 352M reads 
[17:31:41] Read2: loaded 352M reads 
[17:31:42] Read2: loaded 353M reads 
[17:31:42] Read1: loaded 353M reads 
[17:31:44] Read1: loaded 354M reads 
[17:31:44] Read2: loaded 354M reads 
[17:31:45] Read2: loaded 355M reads 
[17:31:45] Read1: loaded 355M reads 
[17:31:46] Read1: loaded 356M reads 
[17:31:46] Read2: loaded 356M reads 
[17:31:47] Read1: loaded 357M reads 
[17:31:47] Read2: loaded 357M reads 
[17:31:49] Read2: loaded 358M reads 
[17:31:49] Read1: loaded 358M reads 
[17:31:50] Read2: loaded 359M reads 
[17:31:50] Read1: loaded 359M reads 
[17:31:51] Read2: loaded 360M reads 
[17:31:51] Read1: loaded 360M reads 
[17:31:52] Read2: loaded 361M reads 
[17:31:52] Read1: loaded 361M reads 
[17:31:53] Read2: loading completed with 44102 packs 
[17:31:53] Read1: loading completed with 44102 packs 
[17:31:53] [fastp 1.3.3-d0bromir] Stage: loading (445418 ms) 
[17:31:53] [fastp 1.3.3-d0bromir] Stage: filtering 
[17:31:53] thread 4 data processing completed 
[17:31:53] thread 4 finished 
[17:31:53] thread 2 data processing completed 
[17:31:53] thread 2 finished 
[17:31:53] thread 8 data processing completed 
[17:31:53] thread 8 finished 
[17:31:53] thread 5 data processing completed 
[17:31:53] thread 5 finished 
[17:31:53] thread 3 data processing completed 
[17:31:53] thread 3 finished 
[17:31:53] thread 6 data processing completed 
[17:31:53] thread 6 finished 
[17:31:53] thread 7 data processing completed 
[17:31:53] thread 7 finished 
[17:31:53] thread 1 data processing completed 
[17:31:53] thread 1 finished 
[17:31:53] [fastp 1.3.3-d0bromir] Stage: filtering (653 ms) 
[17:31:53] [fastp 1.3.3-d0bromir] Stage: writing 
[17:31:53] /dev/shm/fastp_bench_rL8QJ9_R1.fq.gz writer finished 
[17:31:53] /dev/shm/fastp_bench_e0uI8p_R2.fq.gz writer finished 
[17:31:53] [fastp 1.3.3-d0bromir] Stage: writing (27 ms) 
[17:31:53] start to generate reports
 
Read1 before filtering:
total reads: 361281611
total bases: 54192241650
Q20 bases: 54123398100(99.873%)
Q30 bases: 54123398100(99.873%)
Q40 bases: 0(0%)

Read2 before filtering:
total reads: 361281611
total bases: 54192241650
Q20 bases: 53855170050(99.378%)
Q30 bases: 53855170050(99.378%)
Q40 bases: 0(0%)

Read1 after filtering:
total reads: 358607374
total bases: 53574361382
Q20 bases: 53574361382(100%)
Q30 bases: 53574361382(100%)
Q40 bases: 0(0%)

Read2 after filtering:
total reads: 358607374
total bases: 53574361382
Q20 bases: 53574361382(100%)
Q30 bases: 53574361382(100%)
Q40 bases: 0(0%)

Filtering result:
reads passed filter: 717214748
reads failed due to low quality: 5328396
reads failed due to too many N: 20078
reads failed due to too short: 0
reads failed due to adapter dimer: 0
reads with adapter trimmed: 9627740
bases trimmed due to adapters: 442711160

Duplication rate: 5.60214%

Insert size peak (evaluated by paired-end reads): 269

JSON report: /dev/shm/fastp_bench_SQoXHh.json
HTML report: /dev/null

/home/mpiuser/bioauto_rev/fastp_d0bromir/fastp-cpu -w 8 -j /dev/shm/fastp_bench_SQoXHh.json -h /dev/null --verbose -i /home/mpiuser/FASTQ/WGS/DRR216653_1.fastq.gz -I /home/mpiuser/FASTQ/WGS/DRR216653_2.fastq.gz -o /dev/shm/fastp_bench_rL8QJ9_R1.fq.gz -O /dev/shm/fastp_bench_e0uI8p_R2.fq.gz 
fastp v1.3.3-d0bromir, time used: 447 seconds
================================================================

================================================================
 Application  : d0bromir_gpu (/home/mpiuser/bioauto_rev/fastp_d0bromir/fastp)
 Dataset      : WGS PE 40G (DRR216653 R1+R2)
 Files        : R1=/home/mpiuser/FASTQ/WGS/DRR216653_1.fastq.gz
               R2=/home/mpiuser/FASTQ/WGS/DRR216653_2.fastq.gz
 Type         : PE
 Threads      : 8
 Wall time    : 388.302 s
 reads_in     : 722563222
 reads_out    : 717214748
 vs_opengene  : -43.7%
--- Resource usage ---
 CPU avg/peak : 1819.6% / 2371.5%
 RSS peak     : 2932 MiB
 GPU util a/p : 16.6% / 18.0%
 GPU mem peak : 1360 MiB
 Sample CSV   : /home/mpiuser/bioauto_rev/fastp_d0bromir/benchmark_results/20261004_171251/resources/resource_WGS_PE_40G_d0bromir_gpu_T8_1791135119.csv
--- Profiling output ---
[17:31:59] fastp 1.3.3-d0bromir starting 
[17:31:59] [GPU] CUDA GPU available (Device 0) - statistics GPU-accelerated (slots=8) 
[17:32:00] [fastp 1.3.3-d0bromir] Stage: loading 
[17:32:00] start to load data of read1 
[17:32:00] start to load data of read2 
[17:32:00] [GPU] CUDA GPU available (Device 1) - statistics GPU-accelerated (slots=8) 
[17:32:00] [GPU] Dual-GPU mode: Device 0 + Device 1 active 
[17:32:00] Read2: loaded 1M reads 
[17:32:00] Read1: loaded 1M reads 
[17:32:01] Read1: loaded 2M reads 
[17:32:01] Read2: loaded 2M reads 
[17:32:02] Read2: loaded 3M reads 
[17:32:02] Read1: loaded 3M reads 
[17:32:04] Read2: loaded 4M reads 
[17:32:04] Read1: loaded 4M reads 
[17:32:05] Read2: loaded 5M reads 
[17:32:05] Read1: loaded 5M reads 
[17:32:06] Read1: loaded 6M reads 
[17:32:06] Read2: loaded 6M reads 
[17:32:07] Read1: loaded 7M reads 
[17:32:07] Read2: loaded 7M reads 
[17:32:08] Read1: loaded 8M reads 
[17:32:08] Read2: loaded 8M reads 
[17:32:09] Read1: loaded 9M reads 
[17:32:09] Read2: loaded 9M reads 
[17:32:10] Read2: loaded 10M reads 
[17:32:10] Read1: loaded 10M reads 
[17:32:11] Read1: loaded 11M reads 
[17:32:11] Read2: loaded 11M reads 
[17:32:12] Read1: loaded 12M reads 
[17:32:12] Read2: loaded 12M reads 
[17:32:13] Read2: loaded 13M reads 
[17:32:13] Read1: loaded 13M reads 
[17:32:14] Read1: loaded 14M reads 
[17:32:14] Read2: loaded 14M reads 
[17:32:15] Read2: loaded 15M reads 
[17:32:15] Read1: loaded 15M reads 
[17:32:16] Read2: loaded 16M reads 
[17:32:16] Read1: loaded 16M reads 
[17:32:17] Read1: loaded 17M reads 
[17:32:17] Read2: loaded 17M reads 
[17:32:19] Read1: loaded 18M reads 
[17:32:19] Read2: loaded 18M reads 
[17:32:20] Read1: loaded 19M reads 
[17:32:20] Read2: loaded 19M reads 
[17:32:21] Read1: loaded 20M reads 
[17:32:21] Read2: loaded 20M reads 
[17:32:22] Read2: loaded 21M reads 
[17:32:22] Read1: loaded 21M reads 
[17:32:23] Read1: loaded 22M reads 
[17:32:23] Read2: loaded 22M reads 
[17:32:24] Read2: loaded 23M reads 
[17:32:24] Read1: loaded 23M reads 
[17:32:25] Read2: loaded 24M reads 
[17:32:25] Read1: loaded 24M reads 
[17:32:26] Read1: loaded 25M reads 
[17:32:26] Read2: loaded 25M reads 
[17:32:27] Read1: loaded 26M reads 
[17:32:27] Read2: loaded 26M reads 
[17:32:28] Read2: loaded 27M reads 
[17:32:28] Read1: loaded 27M reads 
[17:32:29] Read2: loaded 28M reads 
[17:32:29] Read1: loaded 28M reads 
[17:32:30] Read2: loaded 29M reads 
[17:32:30] Read1: loaded 29M reads 
[17:32:31] Read1: loaded 30M reads 
[17:32:31] Read2: loaded 30M reads 
[17:32:32] Read2: loaded 31M reads 
[17:32:32] Read1: loaded 31M reads 
[17:32:34] Read1: loaded 32M reads 
[17:32:34] Read2: loaded 32M reads 
[17:32:35] Read1: loaded 33M reads 
[17:32:35] Read2: loaded 33M reads 
[17:32:36] Read1: loaded 34M reads 
[17:32:36] Read2: loaded 34M reads 
[17:32:37] Read2: loaded 35M reads 
[17:32:37] Read1: loaded 35M reads 
[17:32:38] Read1: loaded 36M reads 
[17:32:38] Read2: loaded 36M reads 
[17:32:39] Read2: loaded 37M reads 
[17:32:39] Read1: loaded 37M reads 
[17:32:40] Read2: loaded 38M reads 
[17:32:40] Read1: loaded 38M reads 
[17:32:41] Read2: loaded 39M reads 
[17:32:41] Read1: loaded 39M reads 
[17:32:42] Read1: loaded 40M reads 
[17:32:42] Read2: loaded 40M reads 
[17:32:43] Read2: loaded 41M reads 
[17:32:43] Read1: loaded 41M reads 
[17:32:44] Read1: loaded 42M reads 
[17:32:44] Read2: loaded 42M reads 
[17:32:45] Read2: loaded 43M reads 
[17:32:45] Read1: loaded 43M reads 
[17:32:46] Read2: loaded 44M reads 
[17:32:46] Read1: loaded 44M reads 
[17:32:47] Read1: loaded 45M reads 
[17:32:47] Read2: loaded 45M reads 
[17:32:48] Read2: loaded 46M reads 
[17:32:48] Read1: loaded 46M reads 
[17:32:50] Read1: loaded 47M reads 
[17:32:50] Read2: loaded 47M reads 
[17:32:51] Read1: loaded 48M reads 
[17:32:51] Read2: loaded 48M reads 
[17:32:52] Read2: loaded 49M reads 
[17:32:52] Read1: loaded 49M reads 
[17:32:53] Read1: loaded 50M reads 
[17:32:53] Read2: loaded 50M reads 
[17:32:54] Read2: loaded 51M reads 
[17:32:54] Read1: loaded 51M reads 
[17:32:55] Read2: loaded 52M reads 
[17:32:55] Read1: loaded 52M reads 
[17:32:56] Read2: loaded 53M reads 
[17:32:56] Read1: loaded 53M reads 
[17:32:57] Read1: loaded 54M reads 
[17:32:57] Read2: loaded 54M reads 
[17:32:58] Read1: loaded 55M reads 
[17:32:58] Read2: loaded 55M reads 
[17:32:59] Read2: loaded 56M reads 
[17:32:59] Read1: loaded 56M reads 
[17:33:00] Read2: loaded 57M reads 
[17:33:00] Read1: loaded 57M reads 
[17:33:01] Read2: loaded 58M reads 
[17:33:01] Read1: loaded 58M reads 
[17:33:02] Read1: loaded 59M reads 
[17:33:02] Read2: loaded 59M reads 
[17:33:03] Read1: loaded 60M reads 
[17:33:03] Read2: loaded 60M reads 
[17:33:05] Read2: loaded 61M reads 
[17:33:05] Read1: loaded 61M reads 
[17:33:06] Read1: loaded 62M reads 
[17:33:06] Read2: loaded 62M reads 
[17:33:07] Read1: loaded 63M reads 
[17:33:07] Read2: loaded 63M reads 
[17:33:08] Read2: loaded 64M reads 
[17:33:08] Read1: loaded 64M reads 
[17:33:09] Read1: loaded 65M reads 
[17:33:09] Read2: loaded 65M reads 
[17:33:10] Read2: loaded 66M reads 
[17:33:10] Read1: loaded 66M reads 
[17:33:11] Read2: loaded 67M reads 
[17:33:11] Read1: loaded 67M reads 
[17:33:12] Read1: loaded 68M reads 
[17:33:12] Read2: loaded 68M reads 
[17:33:13] Read1: loaded 69M reads 
[17:33:13] Read2: loaded 69M reads 
[17:33:14] Read1: loaded 70M reads 
[17:33:14] Read2: loaded 70M reads 
[17:33:15] Read2: loaded 71M reads 
[17:33:15] Read1: loaded 71M reads 
[17:33:16] Read2: loaded 72M reads 
[17:33:16] Read1: loaded 72M reads 
[17:33:17] Read2: loaded 73M reads 
[17:33:17] Read1: loaded 73M reads 
[17:33:19] Read2: loaded 74M reads 
[17:33:19] Read1: loaded 74M reads 
[17:33:20] Read1: loaded 75M reads 
[17:33:20] Read2: loaded 75M reads 
[17:33:21] Read1: loaded 76M reads 
[17:33:21] Read2: loaded 76M reads 
[17:33:22] Read1: loaded 77M reads 
[17:33:22] Read2: loaded 77M reads 
[17:33:23] Read2: loaded 78M reads 
[17:33:23] Read1: loaded 78M reads 
[17:33:24] Read1: loaded 79M reads 
[17:33:24] Read2: loaded 79M reads 
[17:33:25] Read1: loaded 80M reads 
[17:33:25] Read2: loaded 80M reads 
[17:33:26] Read1: loaded 81M reads 
[17:33:26] Read2: loaded 81M reads 
[17:33:27] Read1: loaded 82M reads 
[17:33:27] Read2: loaded 82M reads 
[17:33:28] Read1: loaded 83M reads 
[17:33:28] Read2: loaded 83M reads 
[17:33:29] Read2: loaded 84M reads 
[17:33:29] Read1: loaded 84M reads 
[17:33:30] Read1: loaded 85M reads 
[17:33:30] Read2: loaded 85M reads 
[17:33:31] Read2: loaded 86M reads 
[17:33:31] Read1: loaded 86M reads 
[17:33:32] Read1: loaded 87M reads 
[17:33:32] Read2: loaded 87M reads 
[17:33:34] Read2: loaded 88M reads 
[17:33:34] Read1: loaded 88M reads 
[17:33:35] Read2: loaded 89M reads 
[17:33:35] Read1: loaded 89M reads 
[17:33:36] Read2: loaded 90M reads 
[17:33:36] Read1: loaded 90M reads 
[17:33:37] Read2: loaded 91M reads 
[17:33:37] Read1: loaded 91M reads 
[17:33:38] Read2: loaded 92M reads 
[17:33:38] Read1: loaded 92M reads 
[17:33:39] Read2: loaded 93M reads 
[17:33:39] Read1: loaded 93M reads 
[17:33:40] Read1: loaded 94M reads 
[17:33:40] Read2: loaded 94M reads 
[17:33:41] Read1: loaded 95M reads 
[17:33:41] Read2: loaded 95M reads 
[17:33:42] Read2: loaded 96M reads 
[17:33:42] Read1: loaded 96M reads 
[17:33:43] Read2: loaded 97M reads 
[17:33:43] Read1: loaded 97M reads 
[17:33:44] Read1: loaded 98M reads 
[17:33:44] Read2: loaded 98M reads 
[17:33:45] Read2: loaded 99M reads 
[17:33:45] Read1: loaded 99M reads 
[17:33:46] Read1: loaded 100M reads 
[17:33:46] Read2: loaded 100M reads 
[17:33:47] Read1: loaded 101M reads 
[17:33:47] Read2: loaded 101M reads 
[17:33:49] Read1: loaded 102M reads 
[17:33:49] Read2: loaded 102M reads 
[17:33:50] Read1: loaded 103M reads 
[17:33:50] Read2: loaded 103M reads 
[17:33:51] Read1: loaded 104M reads 
[17:33:51] Read2: loaded 104M reads 
[17:33:52] Read1: loaded 105M reads 
[17:33:52] Read2: loaded 105M reads 
[17:33:53] Read1: loaded 106M reads 
[17:33:53] Read2: loaded 106M reads 
[17:33:54] Read2: loaded 107M reads 
[17:33:54] Read1: loaded 107M reads 
[17:33:55] Read1: loaded 108M reads 
[17:33:55] Read2: loaded 108M reads 
[17:33:56] Read1: loaded 109M reads 
[17:33:56] Read2: loaded 109M reads 
[17:33:57] Read2: loaded 110M reads 
[17:33:57] Read1: loaded 110M reads 
[17:33:58] Read2: loaded 111M reads 
[17:33:58] Read1: loaded 111M reads 
[17:33:59] Read1: loaded 112M reads 
[17:33:59] Read2: loaded 112M reads 
[17:34:00] Read1: loaded 113M reads 
[17:34:00] Read2: loaded 113M reads 
[17:34:01] Read2: loaded 114M reads 
[17:34:01] Read1: loaded 114M reads 
[17:34:02] Read1: loaded 115M reads 
[17:34:02] Read2: loaded 115M reads 
[17:34:04] Read2: loaded 116M reads 
[17:34:04] Read1: loaded 116M reads 
[17:34:05] Read1: loaded 117M reads 
[17:34:05] Read2: loaded 117M reads 
[17:34:06] Read1: loaded 118M reads 
[17:34:06] Read2: loaded 118M reads 
[17:34:07] Read2: loaded 119M reads 
[17:34:07] Read1: loaded 119M reads 
[17:34:08] Read1: loaded 120M reads 
[17:34:08] Read2: loaded 120M reads 
[17:34:09] Read2: loaded 121M reads 
[17:34:09] Read1: loaded 121M reads 
[17:34:10] Read2: loaded 122M reads 
[17:34:10] Read1: loaded 122M reads 
[17:34:11] Read1: loaded 123M reads 
[17:34:11] Read2: loaded 123M reads 
[17:34:12] Read1: loaded 124M reads 
[17:34:12] Read2: loaded 124M reads 
[17:34:13] Read1: loaded 125M reads 
[17:34:13] Read2: loaded 125M reads 
[17:34:14] Read2: loaded 126M reads 
[17:34:14] Read1: loaded 126M reads 
[17:34:15] Read2: loaded 127M reads 
[17:34:15] Read1: loaded 127M reads 
[17:34:16] Read1: loaded 128M reads 
[17:34:16] Read2: loaded 128M reads 
[17:34:17] Read2: loaded 129M reads 
[17:34:17] Read1: loaded 129M reads 
[17:34:19] Read2: loaded 130M reads 
[17:34:19] Read1: loaded 130M reads 
[17:34:20] Read2: loaded 131M reads 
[17:34:20] Read1: loaded 131M reads 
[17:34:21] Read1: loaded 132M reads 
[17:34:21] Read2: loaded 132M reads 
[17:34:22] Read2: loaded 133M reads 
[17:34:22] Read1: loaded 133M reads 
[17:34:23] Read1: loaded 134M reads 
[17:34:23] Read2: loaded 134M reads 
[17:34:24] Read2: loaded 135M reads 
[17:34:24] Read1: loaded 135M reads 
[17:34:25] Read2: loaded 136M reads 
[17:34:25] Read1: loaded 136M reads 
[17:34:26] Read1: loaded 137M reads 
[17:34:26] Read2: loaded 137M reads 
[17:34:27] Read1: loaded 138M reads 
[17:34:27] Read2: loaded 138M reads 
[17:34:28] Read1: loaded 139M reads 
[17:34:28] Read2: loaded 139M reads 
[17:34:29] Read1: loaded 140M reads 
[17:34:29] Read2: loaded 140M reads 
[17:34:30] Read2: loaded 141M reads 
[17:34:30] Read1: loaded 141M reads 
[17:34:31] Read1: loaded 142M reads 
[17:34:31] Read2: loaded 142M reads 
[17:34:32] Read2: loaded 143M reads 
[17:34:32] Read1: loaded 143M reads 
[17:34:33] Read1: loaded 144M reads 
[17:34:33] Read2: loaded 144M reads 
[17:34:34] Read1: loaded 145M reads 
[17:34:34] Read2: loaded 145M reads 
[17:34:35] Read1: loaded 146M reads 
[17:34:35] Read2: loaded 146M reads 
[17:34:37] Read2: loaded 147M reads 
[17:34:37] Read1: loaded 147M reads 
[17:34:38] Read2: loaded 148M reads 
[17:34:38] Read1: loaded 148M reads 
[17:34:39] Read1: loaded 149M reads 
[17:34:39] Read2: loaded 149M reads 
[17:34:40] Read1: loaded 150M reads 
[17:34:40] Read2: loaded 150M reads 
[17:34:41] Read1: loaded 151M reads 
[17:34:41] Read2: loaded 151M reads 
[17:34:42] Read1: loaded 152M reads 
[17:34:42] Read2: loaded 152M reads 
[17:34:43] Read1: loaded 153M reads 
[17:34:43] Read2: loaded 153M reads 
[17:34:44] Read2: loaded 154M reads 
[17:34:44] Read1: loaded 154M reads 
[17:34:45] Read2: loaded 155M reads 
[17:34:45] Read1: loaded 155M reads 
[17:34:46] Read1: loaded 156M reads 
[17:34:46] Read2: loaded 156M reads 
[17:34:47] Read2: loaded 157M reads 
[17:34:47] Read1: loaded 157M reads 
[17:34:48] Read1: loaded 158M reads 
[17:34:48] Read2: loaded 158M reads 
[17:34:49] Read2: loaded 159M reads 
[17:34:49] Read1: loaded 159M reads 
[17:34:50] Read1: loaded 160M reads 
[17:34:50] Read2: loaded 160M reads 
[17:34:51] Read1: loaded 161M reads 
[17:34:51] Read2: loaded 161M reads 
[17:34:52] Read1: loaded 162M reads 
[17:34:52] Read2: loaded 162M reads 
[17:34:53] Read2: loaded 163M reads 
[17:34:53] Read1: loaded 163M reads 
[17:34:54] Read2: loaded 164M reads 
[17:34:55] Read1: loaded 164M reads 
[17:34:56] Read2: loaded 165M reads 
[17:34:56] Read1: loaded 165M reads 
[17:34:57] Read2: loaded 166M reads 
[17:34:57] Read1: loaded 166M reads 
[17:34:58] Read1: loaded 167M reads 
[17:34:58] Read2: loaded 167M reads 
[17:34:59] Read1: loaded 168M reads 
[17:34:59] Read2: loaded 168M reads 
[17:35:00] Read1: loaded 169M reads 
[17:35:00] Read2: loaded 169M reads 
[17:35:01] Read2: loaded 170M reads 
[17:35:01] Read1: loaded 170M reads 
[17:35:02] Read1: loaded 171M reads 
[17:35:02] Read2: loaded 171M reads 
[17:35:03] Read2: loaded 172M reads 
[17:35:03] Read1: loaded 172M reads 
[17:35:04] Read2: loaded 173M reads 
[17:35:04] Read1: loaded 173M reads 
[17:35:05] Read2: loaded 174M reads 
[17:35:05] Read1: loaded 174M reads 
[17:35:06] Read2: loaded 175M reads 
[17:35:06] Read1: loaded 175M reads 
[17:35:07] Read1: loaded 176M reads 
[17:35:07] Read2: loaded 176M reads 
[17:35:08] Read1: loaded 177M reads 
[17:35:08] Read2: loaded 177M reads 
[17:35:09] Read1: loaded 178M reads 
[17:35:09] Read2: loaded 178M reads 
[17:35:10] Read2: loaded 179M reads 
[17:35:10] Read1: loaded 179M reads 
[17:35:11] Read2: loaded 180M reads 
[17:35:11] Read1: loaded 180M reads 
[17:35:13] Read1: loaded 181M reads 
[17:35:13] Read2: loaded 181M reads 
[17:35:14] Read2: loaded 182M reads 
[17:35:14] Read1: loaded 182M reads 
[17:35:15] Read1: loaded 183M reads 
[17:35:15] Read2: loaded 183M reads 
[17:35:16] Read2: loaded 184M reads 
[17:35:16] Read1: loaded 184M reads 
[17:35:17] Read1: loaded 185M reads 
[17:35:17] Read2: loaded 185M reads 
[17:35:18] Read2: loaded 186M reads 
[17:35:18] Read1: loaded 186M reads 
[17:35:19] Read2: loaded 187M reads 
[17:35:19] Read1: loaded 187M reads 
[17:35:20] Read2: loaded 188M reads 
[17:35:20] Read1: loaded 188M reads 
[17:35:21] Read2: loaded 189M reads 
[17:35:21] Read1: loaded 189M reads 
[17:35:22] Read2: loaded 190M reads 
[17:35:22] Read1: loaded 190M reads 
[17:35:23] Read1: loaded 191M reads 
[17:35:23] Read2: loaded 191M reads 
[17:35:24] Read2: loaded 192M reads 
[17:35:24] Read1: loaded 192M reads 
[17:35:25] Read2: loaded 193M reads 
[17:35:25] Read1: loaded 193M reads 
[17:35:26] Read1: loaded 194M reads 
[17:35:26] Read2: loaded 194M reads 
[17:35:27] Read2: loaded 195M reads 
[17:35:27] Read1: loaded 195M reads 
[17:35:28] Read2: loaded 196M reads 
[17:35:28] Read1: loaded 196M reads 
[17:35:30] Read2: loaded 197M reads 
[17:35:30] Read1: loaded 197M reads 
[17:35:31] Read1: loaded 198M reads 
[17:35:31] Read2: loaded 198M reads 
[17:35:32] Read1: loaded 199M reads 
[17:35:32] Read2: loaded 199M reads 
[17:35:33] Read2: loaded 200M reads 
[17:35:33] Read1: loaded 200M reads 
[17:35:34] Read1: loaded 201M reads 
[17:35:34] Read2: loaded 201M reads 
[17:35:35] Read2: loaded 202M reads 
[17:35:35] Read1: loaded 202M reads 
[17:35:36] Read2: loaded 203M reads 
[17:35:36] Read1: loaded 203M reads 
[17:35:37] Read1: loaded 204M reads 
[17:35:37] Read2: loaded 204M reads 
[17:35:38] Read1: loaded 205M reads 
[17:35:38] Read2: loaded 205M reads 
[17:35:39] Read1: loaded 206M reads 
[17:35:39] Read2: loaded 206M reads 
[17:35:40] Read1: loaded 207M reads 
[17:35:40] Read2: loaded 207M reads 
[17:35:41] Read1: loaded 208M reads 
[17:35:41] Read2: loaded 208M reads 
[17:35:42] Read2: loaded 209M reads 
[17:35:42] Read1: loaded 209M reads 
[17:35:43] Read2: loaded 210M reads 
[17:35:43] Read1: loaded 210M reads 
[17:35:44] Read1: loaded 211M reads 
[17:35:44] Read2: loaded 211M reads 
[17:35:46] Read2: loaded 212M reads 
[17:35:46] Read1: loaded 212M reads 
[17:35:47] Read1: loaded 213M reads 
[17:35:47] Read2: loaded 213M reads 
[17:35:48] Read1: loaded 214M reads 
[17:35:48] Read2: loaded 214M reads 
[17:35:49] Read1: loaded 215M reads 
[17:35:49] Read2: loaded 215M reads 
[17:35:50] Read2: loaded 216M reads 
[17:35:50] Read1: loaded 216M reads 
[17:35:51] Read1: loaded 217M reads 
[17:35:51] Read2: loaded 217M reads 
[17:35:52] Read1: loaded 218M reads 
[17:35:52] Read2: loaded 218M reads 
[17:35:53] Read1: loaded 219M reads 
[17:35:53] Read2: loaded 219M reads 
[17:35:54] Read1: loaded 220M reads 
[17:35:54] Read2: loaded 220M reads 
[17:35:55] Read2: loaded 221M reads 
[17:35:55] Read1: loaded 221M reads 
[17:35:56] Read2: loaded 222M reads 
[17:35:56] Read1: loaded 222M reads 
[17:35:57] Read1: loaded 223M reads 
[17:35:57] Read2: loaded 223M reads 
[17:35:58] Read1: loaded 224M reads 
[17:35:58] Read2: loaded 224M reads 
[17:35:59] Read2: loaded 225M reads 
[17:35:59] Read1: loaded 225M reads 
[17:36:00] Read1: loaded 226M reads 
[17:36:00] Read2: loaded 226M reads 
[17:36:02] Read2: loaded 227M reads 
[17:36:02] Read1: loaded 227M reads 
[17:36:03] Read2: loaded 228M reads 
[17:36:03] Read1: loaded 228M reads 
[17:36:04] Read1: loaded 229M reads 
[17:36:04] Read2: loaded 229M reads 
[17:36:05] Read1: loaded 230M reads 
[17:36:05] Read2: loaded 230M reads 
[17:36:06] Read1: loaded 231M reads 
[17:36:06] Read2: loaded 231M reads 
[17:36:07] Read2: loaded 232M reads 
[17:36:07] Read1: loaded 232M reads 
[17:36:08] Read2: loaded 233M reads 
[17:36:08] Read1: loaded 233M reads 
[17:36:09] Read2: loaded 234M reads 
[17:36:09] Read1: loaded 234M reads 
[17:36:10] Read2: loaded 235M reads 
[17:36:10] Read1: loaded 235M reads 
[17:36:11] Read1: loaded 236M reads 
[17:36:11] Read2: loaded 236M reads 
[17:36:12] Read1: loaded 237M reads 
[17:36:12] Read2: loaded 237M reads 
[17:36:13] Read1: loaded 238M reads 
[17:36:13] Read2: loaded 238M reads 
[17:36:14] Read1: loaded 239M reads 
[17:36:14] Read2: loaded 239M reads 
[17:36:15] Read2: loaded 240M reads 
[17:36:15] Read1: loaded 240M reads 
[17:36:16] Read2: loaded 241M reads 
[17:36:16] Read1: loaded 241M reads 
[17:36:17] Read1: loaded 242M reads 
[17:36:17] Read2: loaded 242M reads 
[17:36:19] Read1: loaded 243M reads 
[17:36:19] Read2: loaded 243M reads 
[17:36:20] Read2: loaded 244M reads 
[17:36:20] Read1: loaded 244M reads 
[17:36:21] Read2: loaded 245M reads 
[17:36:21] Read1: loaded 245M reads 
[17:36:22] Read2: loaded 246M reads 
[17:36:22] Read1: loaded 246M reads 
[17:36:23] Read1: loaded 247M reads 
[17:36:23] Read2: loaded 247M reads 
[17:36:24] Read1: loaded 248M reads 
[17:36:24] Read2: loaded 248M reads 
[17:36:25] Read1: loaded 249M reads 
[17:36:25] Read2: loaded 249M reads 
[17:36:26] Read1: loaded 250M reads 
[17:36:26] Read2: loaded 250M reads 
[17:36:27] Read2: loaded 251M reads 
[17:36:27] Read1: loaded 251M reads 
[17:36:28] Read1: loaded 252M reads 
[17:36:28] Read2: loaded 252M reads 
[17:36:29] Read1: loaded 253M reads 
[17:36:29] Read2: loaded 253M reads 
[17:36:30] Read2: loaded 254M reads 
[17:36:30] Read1: loaded 254M reads 
[17:36:31] Read1: loaded 255M reads 
[17:36:31] Read2: loaded 255M reads 
[17:36:32] Read1: loaded 256M reads 
[17:36:32] Read2: loaded 256M reads 
[17:36:34] Read1: loaded 257M reads 
[17:36:34] Read2: loaded 257M reads 
[17:36:35] Read2: loaded 258M reads 
[17:36:35] Read1: loaded 258M reads 
[17:36:36] Read1: loaded 259M reads 
[17:36:36] Read2: loaded 259M reads 
[17:36:37] Read1: loaded 260M reads 
[17:36:37] Read2: loaded 260M reads 
[17:36:38] Read1: loaded 261M reads 
[17:36:38] Read2: loaded 261M reads 
[17:36:39] Read1: loaded 262M reads 
[17:36:39] Read2: loaded 262M reads 
[17:36:40] Read1: loaded 263M reads 
[17:36:40] Read2: loaded 263M reads 
[17:36:41] Read2: loaded 264M reads 
[17:36:41] Read1: loaded 264M reads 
[17:36:42] Read2: loaded 265M reads 
[17:36:42] Read1: loaded 265M reads 
[17:36:43] Read1: loaded 266M reads 
[17:36:43] Read2: loaded 266M reads 
[17:36:44] Read2: loaded 267M reads 
[17:36:44] Read1: loaded 267M reads 
[17:36:45] Read1: loaded 268M reads 
[17:36:45] Read2: loaded 268M reads 
[17:36:46] Read2: loaded 269M reads 
[17:36:46] Read1: loaded 269M reads 
[17:36:47] Read1: loaded 270M reads 
[17:36:47] Read2: loaded 270M reads 
[17:36:48] Read2: loaded 271M reads 
[17:36:48] Read1: loaded 271M reads 
[17:36:50] Read1: loaded 272M reads 
[17:36:50] Read2: loaded 272M reads 
[17:36:51] Read2: loaded 273M reads 
[17:36:51] Read1: loaded 273M reads 
[17:36:52] Read2: loaded 274M reads 
[17:36:52] Read1: loaded 274M reads 
[17:36:53] Read2: loaded 275M reads 
[17:36:53] Read1: loaded 275M reads 
[17:36:54] Read2: loaded 276M reads 
[17:36:54] Read1: loaded 276M reads 
[17:36:55] Read2: loaded 277M reads 
[17:36:55] Read1: loaded 277M reads 
[17:36:56] Read2: loaded 278M reads 
[17:36:56] Read1: loaded 278M reads 
[17:36:57] Read1: loaded 279M reads 
[17:36:57] Read2: loaded 279M reads 
[17:36:58] Read1: loaded 280M reads 
[17:36:58] Read2: loaded 280M reads 
[17:36:59] Read2: loaded 281M reads 
[17:36:59] Read1: loaded 281M reads 
[17:37:00] Read2: loaded 282M reads 
[17:37:00] Read1: loaded 282M reads 
[17:37:01] Read2: loaded 283M reads 
[17:37:01] Read1: loaded 283M reads 
[17:37:02] Read1: loaded 284M reads 
[17:37:02] Read2: loaded 284M reads 
[17:37:03] Read2: loaded 285M reads 
[17:37:03] Read1: loaded 285M reads 
[17:37:05] Read1: loaded 286M reads 
[17:37:05] Read2: loaded 286M reads 
[17:37:06] Read1: loaded 287M reads 
[17:37:06] Read2: loaded 287M reads 
[17:37:07] Read2: loaded 288M reads 
[17:37:07] Read1: loaded 288M reads 
[17:37:08] Read2: loaded 289M reads 
[17:37:08] Read1: loaded 289M reads 
[17:37:09] Read2: loaded 290M reads 
[17:37:09] Read1: loaded 290M reads 
[17:37:10] Read2: loaded 291M reads 
[17:37:10] Read1: loaded 291M reads 
[17:37:11] Read1: loaded 292M reads 
[17:37:11] Read2: loaded 292M reads 
[17:37:12] Read2: loaded 293M reads 
[17:37:12] Read1: loaded 293M reads 
[17:37:13] Read1: loaded 294M reads 
[17:37:13] Read2: loaded 294M reads 
[17:37:14] Read1: loaded 295M reads 
[17:37:14] Read2: loaded 295M reads 
[17:37:15] Read2: loaded 296M reads 
[17:37:15] Read1: loaded 296M reads 
[17:37:16] Read1: loaded 297M reads 
[17:37:16] Read2: loaded 297M reads 
[17:37:17] Read1: loaded 298M reads 
[17:37:17] Read2: loaded 298M reads 
[17:37:18] Read1: loaded 299M reads 
[17:37:18] Read2: loaded 299M reads 
[17:37:19] Read1: loaded 300M reads 
[17:37:19] Read2: loaded 300M reads 
[17:37:20] Read2: loaded 301M reads 
[17:37:20] Read1: loaded 301M reads 
[17:37:22] Read2: loaded 302M reads 
[17:37:22] Read1: loaded 302M reads 
[17:37:23] Read1: loaded 303M reads 
[17:37:23] Read2: loaded 303M reads 
[17:37:24] Read2: loaded 304M reads 
[17:37:24] Read1: loaded 304M reads 
[17:37:25] Read1: loaded 305M reads 
[17:37:25] Read2: loaded 305M reads 
[17:37:26] Read2: loaded 306M reads 
[17:37:26] Read1: loaded 306M reads 
[17:37:27] Read2: loaded 307M reads 
[17:37:27] Read1: loaded 307M reads 
[17:37:28] Read1: loaded 308M reads 
[17:37:28] Read2: loaded 308M reads 
[17:37:29] Read1: loaded 309M reads 
[17:37:29] Read2: loaded 309M reads 
[17:37:30] Read1: loaded 310M reads 
[17:37:30] Read2: loaded 310M reads 
[17:37:31] Read1: loaded 311M reads 
[17:37:31] Read2: loaded 311M reads 
[17:37:32] Read1: loaded 312M reads 
[17:37:32] Read2: loaded 312M reads 
[17:37:33] Read1: loaded 313M reads 
[17:37:33] Read2: loaded 313M reads 
[17:37:34] Read1: loaded 314M reads 
[17:37:34] Read2: loaded 314M reads 
[17:37:36] Read2: loaded 315M reads 
[17:37:36] Read1: loaded 315M reads 
[17:37:37] Read1: loaded 316M reads 
[17:37:37] Read2: loaded 316M reads 
[17:37:38] Read1: loaded 317M reads 
[17:37:38] Read2: loaded 317M reads 
[17:37:39] Read2: loaded 318M reads 
[17:37:39] Read1: loaded 318M reads 
[17:37:40] Read2: loaded 319M reads 
[17:37:40] Read1: loaded 319M reads 
[17:37:41] Read1: loaded 320M reads 
[17:37:41] Read2: loaded 320M reads 
[17:37:42] Read1: loaded 321M reads 
[17:37:42] Read2: loaded 321M reads 
[17:37:43] Read1: loaded 322M reads 
[17:37:43] Read2: loaded 322M reads 
[17:37:44] Read1: loaded 323M reads 
[17:37:44] Read2: loaded 323M reads 
[17:37:45] Read2: loaded 324M reads 
[17:37:45] Read1: loaded 324M reads 
[17:37:46] Read1: loaded 325M reads 
[17:37:46] Read2: loaded 325M reads 
[17:37:47] Read1: loaded 326M reads 
[17:37:47] Read2: loaded 326M reads 
[17:37:48] Read1: loaded 327M reads 
[17:37:48] Read2: loaded 327M reads 
[17:37:50] Read1: loaded 328M reads 
[17:37:50] Read2: loaded 328M reads 
[17:37:51] Read2: loaded 329M reads 
[17:37:51] Read1: loaded 329M reads 
[17:37:52] Read2: loaded 330M reads 
[17:37:52] Read1: loaded 330M reads 
[17:37:53] Read1: loaded 331M reads 
[17:37:53] Read2: loaded 331M reads 
[17:37:54] Read2: loaded 332M reads 
[17:37:54] Read1: loaded 332M reads 
[17:37:55] Read2: loaded 333M reads 
[17:37:55] Read1: loaded 333M reads 
[17:37:56] Read1: loaded 334M reads 
[17:37:56] Read2: loaded 334M reads 
[17:37:57] Read2: loaded 335M reads 
[17:37:57] Read1: loaded 335M reads 
[17:37:58] Read1: loaded 336M reads 
[17:37:58] Read2: loaded 336M reads 
[17:37:59] Read1: loaded 337M reads 
[17:37:59] Read2: loaded 337M reads 
[17:38:00] Read1: loaded 338M reads 
[17:38:00] Read2: loaded 338M reads 
[17:38:01] Read1: loaded 339M reads 
[17:38:01] Read2: loaded 339M reads 
[17:38:03] Read2: loaded 340M reads 
[17:38:03] Read1: loaded 340M reads 
[17:38:04] Read1: loaded 341M reads 
[17:38:04] Read2: loaded 341M reads 
[17:38:05] Read2: loaded 342M reads 
[17:38:05] Read1: loaded 342M reads 
[17:38:06] Read1: loaded 343M reads 
[17:38:06] Read2: loaded 343M reads 
[17:38:07] Read2: loaded 344M reads 
[17:38:07] Read1: loaded 344M reads 
[17:38:08] Read1: loaded 345M reads 
[17:38:08] Read2: loaded 345M reads 
[17:38:09] Read1: loaded 346M reads 
[17:38:09] Read2: loaded 346M reads 
[17:38:10] Read1: loaded 347M reads 
[17:38:10] Read2: loaded 347M reads 
[17:38:11] Read2: loaded 348M reads 
[17:38:11] Read1: loaded 348M reads 
[17:38:12] Read1: loaded 349M reads 
[17:38:12] Read2: loaded 349M reads 
[17:38:13] Read2: loaded 350M reads 
[17:38:13] Read1: loaded 350M reads 
[17:38:14] Read1: loaded 351M reads 
[17:38:14] Read2: loaded 351M reads 
[17:38:15] Read1: loaded 352M reads 
[17:38:15] Read2: loaded 352M reads 
[17:38:16] Read1: loaded 353M reads 
[17:38:16] Read2: loaded 353M reads 
[17:38:18] Read2: loaded 354M reads 
[17:38:18] Read1: loaded 354M reads 
[17:38:19] Read2: loaded 355M reads 
[17:38:19] Read1: loaded 355M reads 
[17:38:20] Read2: loaded 356M reads 
[17:38:20] Read1: loaded 356M reads 
[17:38:21] Read1: loaded 357M reads 
[17:38:21] Read2: loaded 357M reads 
[17:38:22] Read2: loaded 358M reads 
[17:38:22] Read1: loaded 358M reads 
[17:38:23] Read1: loaded 359M reads 
[17:38:23] Read2: loaded 359M reads 
[17:38:24] Read1: loaded 360M reads 
[17:38:24] Read2: loaded 360M reads 
[17:38:25] Read2: loaded 361M reads 
[17:38:25] Read1: loaded 361M reads 
[17:38:25] Read1: loading completed with 44102 packs 
[17:38:25] Read2: loading completed with 44102 packs 
[17:38:25] [fastp 1.3.3-d0bromir] Stage: loading (385866 ms) 
[17:38:25] [fastp 1.3.3-d0bromir] Stage: filtering 
[17:38:26] thread 6 data processing completed 
[17:38:26] thread 6 finished 
[17:38:26] thread 4 data processing completed 
[17:38:26] thread 4 finished 
[17:38:26] thread 1 data processing completed 
[17:38:26] thread 1 finished 
[17:38:26] thread 5 data processing completed 
[17:38:26] thread 5 finished 
[17:38:26] thread 7 data processing completed 
[17:38:26] thread 7 finished 
[17:38:26] thread 2 data processing completed 
[17:38:26] thread 2 finished 
[17:38:26] thread 8 data processing completed 
[17:38:26] thread 8 finished 
[17:38:26] thread 3 data processing completed 
[17:38:26] thread 3 finished 
[17:38:26] [fastp 1.3.3-d0bromir] Stage: filtering (564 ms) 
[17:38:26] [fastp 1.3.3-d0bromir] Stage: writing 
[17:38:26] /dev/shm/fastp_bench_N7CqHI_R2.fq.gz writer finished 
[17:38:26] /dev/shm/fastp_bench_3bfXRk_R1.fq.gz writer finished 
[17:38:26] [fastp 1.3.3-d0bromir] Stage: writing (25 ms) 
[17:38:26] [GPU] Device 0: batches=44102 reads=361283584 
[17:38:26] [GPU] Device 1: batches=44102 reads=361279638 
[17:38:26] start to generate reports
 
Read1 before filtering:
total reads: 361281611
total bases: 54192241650
Q20 bases: 54123398100(99.873%)
Q30 bases: 54123398100(99.873%)
Q40 bases: 0(0%)

Read2 before filtering:
total reads: 361281611
total bases: 54192241650
Q20 bases: 53855170050(99.378%)
Q30 bases: 53855170050(99.378%)
Q40 bases: 0(0%)

Read1 after filtering:
total reads: 358607374
total bases: 53574361382
Q20 bases: 53574361382(100%)
Q30 bases: 53574361382(100%)
Q40 bases: 0(0%)

Read2 after filtering:
total reads: 358607374
total bases: 53574361382
Q20 bases: 53574361382(100%)
Q30 bases: 53574361382(100%)
Q40 bases: 0(0%)

Filtering result:
reads passed filter: 717214748
reads failed due to low quality: 5328396
reads failed due to too many N: 20078
reads failed due to too short: 0
reads failed due to adapter dimer: 0
reads with adapter trimmed: 9627740
bases trimmed due to adapters: 442711160

Duplication rate: 5.60214%

Insert size peak (evaluated by paired-end reads): 269

JSON report: /dev/shm/fastp_bench_olGUeD.json
HTML report: /dev/null

/home/mpiuser/bioauto_rev/fastp_d0bromir/fastp -w 8 -j /dev/shm/fastp_bench_olGUeD.json -h /dev/null --verbose -i /home/mpiuser/FASTQ/WGS/DRR216653_1.fastq.gz -I /home/mpiuser/FASTQ/WGS/DRR216653_2.fastq.gz -o /dev/shm/fastp_bench_3bfXRk_R1.fq.gz -O /dev/shm/fastp_bench_N7CqHI_R2.fq.gz 
fastp v1.3.3-d0bromir, time used: 388 seconds
================================================================
