=== Full Benchmark Log: Mon Oct  5 04:14:21 UTC 2026 ===


================================================================
 Application  : opengene (/home/mpiuser/bioauto_rev/fastp_final_gx/../fastp_opengene/fastp)
 Dataset      : WGS SE 6.3G (ERR1044780_1)
 Files        : R1=/home/mpiuser/FASTQ/WGS/ERR1044780_1.fastq.gz
 Type         : SE
 Threads      : 16
 Wall time    : 195.791 s
 reads_in     : 80314764
 reads_out    : 77515798
 vs_opengene  : baseline
--- Resource usage ---
 CPU avg/peak : 714.1% / 1296.2%
 RSS peak     : 1291 MiB
 GPU util a/p : 0.0% / 0.0%
 GPU mem peak : 0 MiB
 Sample CSV   : /home/mpiuser/bioauto_rev/fastp_final_gx/benchmark_results/20261005_041421/resources/resource_WGS_SE_6.3G_opengene_T16_1791173662.csv
--- Profiling output ---
Detecting adapter sequence for read1...
No adapter detected for read1

[04:14:34] start to load data 
[04:14:34] /dev/shm/fastp_bench_sJE2cM_R1.fq.gz writer finished 
[04:14:36] loaded 1M reads 
[04:14:37] loaded 2M reads 
[04:14:38] loaded 3M reads 
[04:14:39] loaded 4M reads 
[04:14:41] loaded 5M reads 
[04:14:42] loaded 6M reads 
[04:14:43] loaded 7M reads 
[04:14:44] loaded 8M reads 
[04:14:46] loaded 9M reads 
[04:14:47] loaded 10M reads 
[04:14:48] loaded 11M reads 
[04:14:49] loaded 12M reads 
[04:14:51] loaded 13M reads 
[04:14:52] loaded 14M reads 
[04:14:53] loaded 15M reads 
[04:14:55] loaded 16M reads 
[04:14:56] loaded 17M reads 
[04:14:57] loaded 18M reads 
[04:14:59] loaded 19M reads 
[04:15:00] loaded 20M reads 
[04:15:01] loaded 21M reads 
[04:15:03] loaded 22M reads 
[04:15:04] loaded 23M reads 
[04:15:05] loaded 24M reads 
[04:15:07] loaded 25M reads 
[04:15:10] loaded 26M reads 
[04:15:13] loaded 27M reads 
[04:15:15] loaded 28M reads 
[04:15:18] loaded 29M reads 
[04:15:21] loaded 30M reads 
[04:15:23] loaded 31M reads 
[04:15:26] loaded 32M reads 
[04:15:29] loaded 33M reads 
[04:15:32] loaded 34M reads 
[04:15:34] loaded 35M reads 
[04:15:37] loaded 36M reads 
[04:15:40] loaded 37M reads 
[04:15:42] loaded 38M reads 
[04:15:45] loaded 39M reads 
[04:15:48] loaded 40M reads 
[04:15:50] loaded 41M reads 
[04:15:53] loaded 42M reads 
[04:15:56] loaded 43M reads 
[04:15:59] loaded 44M reads 
[04:16:01] loaded 45M reads 
[04:16:04] loaded 46M reads 
[04:16:07] loaded 47M reads 
[04:16:09] loaded 48M reads 
[04:16:12] loaded 49M reads 
[04:16:15] loaded 50M reads 
[04:16:18] loaded 51M reads 
[04:16:20] loaded 52M reads 
[04:16:23] loaded 53M reads 
[04:16:26] loaded 54M reads 
[04:16:28] loaded 55M reads 
[04:16:31] loaded 56M reads 
[04:16:34] loaded 57M reads 
[04:16:37] loaded 58M reads 
[04:16:39] loaded 59M reads 
[04:16:42] loaded 60M reads 
[04:16:45] loaded 61M reads 
[04:16:48] loaded 62M reads 
[04:16:50] loaded 63M reads 
[04:16:53] loaded 64M reads 
[04:16:56] loaded 65M reads 
[04:16:59] loaded 66M reads 
[04:17:01] loaded 67M reads 
[04:17:04] loaded 68M reads 
[04:17:07] loaded 69M reads 
[04:17:09] loaded 70M reads 
[04:17:12] loaded 71M reads 
[04:17:15] loaded 72M reads 
[04:17:18] loaded 73M reads 
[04:17:20] loaded 74M reads 
[04:17:23] loaded 75M reads 
[04:17:26] loaded 76M reads 
[04:17:28] loaded 77M reads 
[04:17:31] loaded 78M reads 
[04:17:34] loaded 79M reads 
[04:17:36] loaded 80M reads 
[04:17:37] Loading completed with 80315 packs 
[04:17:37] thread 7 data processing completed 
[04:17:37] thread 13 data processing completed 
[04:17:37] thread 13 finished 
[04:17:37] thread 1 data processing completed 
[04:17:37] thread 1 finished 
[04:17:37] thread 3 data processing completed 
[04:17:37] thread 3 finished 
[04:17:37] thread 15 data processing completed 
[04:17:37] thread 15 finished 
[04:17:37] thread 12 data processing completed 
[04:17:37] thread 12 finished 
[04:17:37] thread 16 data processing completed 
[04:17:37] thread 16 finished 
[04:17:37] thread 14 data processing completed 
[04:17:37] thread 14 finished 
[04:17:37] thread 4 data processing completed 
[04:17:37] thread 7 finished 
[04:17:37] thread 5 data processing completed 
[04:17:37] thread 5 finished 
[04:17:37] thread 2 data processing completed 
[04:17:37] thread 2 finished 
[04:17:37] thread 4 finished 
[04:17:37] thread 6 data processing completed 
[04:17:37] thread 6 finished 
[04:17:37] thread 8 data processing completed 
[04:17:37] thread 8 finished 
[04:17:37] thread 9 data processing completed 
[04:17:37] thread 9 finished 
[04:17:37] thread 10 data processing completed 
[04:17:37] thread 10 finished 
[04:17:37] thread 11 data processing completed 
[04:17:37] thread 11 finished 
[04:17:37] start to generate reports
 
Read1 before filtering:
total reads: 80314764
total bases: 8031476400
Q20 bases: 7618398149(94.8568%)
Q30 bases: 7189780467(89.52%)
Q40 bases: 1372019(0.017083%)

Read1 after filtering:
total reads: 77515798
total bases: 7751579800
Q20 bases: 7501957244(96.7797%)
Q30 bases: 7095114113(91.5312%)
Q40 bases: 1364356(0.017601%)

Filtering result:
reads passed filter: 77515798
reads failed due to low quality: 2793133
reads failed due to too many N: 5833
reads failed due to too short: 0
reads failed due to adapter dimer: 0
reads with adapter trimmed: 0
bases trimmed due to adapters: 0

Duplication rate (may be overestimated since this is SE data): 3.81534%

JSON report: /dev/shm/fastp_bench_sLlFBD.json
HTML report: /dev/null

/home/mpiuser/bioauto_rev/fastp_final_gx/../fastp_opengene/fastp -w 16 -j /dev/shm/fastp_bench_sLlFBD.json -h /dev/null --verbose -i /home/mpiuser/FASTQ/WGS/ERR1044780_1.fastq.gz -o /dev/shm/fastp_bench_sJE2cM_R1.fq.gz 
fastp v1.3.3, time used: 195 seconds
================================================================

================================================================
 Application  : d0bromir_cpu (/home/mpiuser/bioauto_rev/fastp_final_gx/fastp-cpu)
 Dataset      : WGS SE 6.3G (ERR1044780_1)
 Files        : R1=/home/mpiuser/FASTQ/WGS/ERR1044780_1.fastq.gz
 Type         : SE
 Threads      : 16
 Wall time    : 79.190 s
 reads_in     : 80314764
 reads_out    : 77515798
 vs_opengene  : -59.6%
--- Resource usage ---
 CPU avg/peak : 849.9% / 1566.2%
 RSS peak     : 1486 MiB
 GPU util a/p : 0.0% / 0.0%
 GPU mem peak : 0 MiB
 Sample CSV   : /home/mpiuser/bioauto_rev/fastp_final_gx/benchmark_results/20261005_041421/resources/resource_WGS_SE_6.3G_d0bromir_cpu_T16_1791173981.csv
--- Profiling output ---
[04:19:41] fastp 1.3.3-d0bromir starting 
Detecting adapter sequence for read1...
No adapter detected for read1

[04:19:54] [fastp 1.3.3-d0bromir] Stage: loading 
[04:19:54] start to load data 
[04:19:55] loaded 1M reads 
[04:19:55] loaded 2M reads 
[04:19:56] loaded 3M reads 
[04:19:57] loaded 4M reads 
[04:19:58] loaded 5M reads 
[04:19:59] loaded 6M reads 
[04:20:00] loaded 7M reads 
[04:20:00] loaded 8M reads 
[04:20:01] loaded 9M reads 
[04:20:02] loaded 10M reads 
[04:20:03] loaded 11M reads 
[04:20:04] loaded 12M reads 
[04:20:05] loaded 13M reads 
[04:20:05] loaded 14M reads 
[04:20:06] loaded 15M reads 
[04:20:07] loaded 16M reads 
[04:20:08] loaded 17M reads 
[04:20:09] loaded 18M reads 
[04:20:10] loaded 19M reads 
[04:20:10] loaded 20M reads 
[04:20:11] loaded 21M reads 
[04:20:12] loaded 22M reads 
[04:20:13] loaded 23M reads 
[04:20:14] loaded 24M reads 
[04:20:15] loaded 25M reads 
[04:20:15] loaded 26M reads 
[04:20:16] loaded 27M reads 
[04:20:17] loaded 28M reads 
[04:20:18] loaded 29M reads 
[04:20:19] loaded 30M reads 
[04:20:20] loaded 31M reads 
[04:20:21] loaded 32M reads 
[04:20:21] loaded 33M reads 
[04:20:22] loaded 34M reads 
[04:20:23] loaded 35M reads 
[04:20:24] loaded 36M reads 
[04:20:25] loaded 37M reads 
[04:20:26] loaded 38M reads 
[04:20:26] loaded 39M reads 
[04:20:27] loaded 40M reads 
[04:20:28] loaded 41M reads 
[04:20:29] loaded 42M reads 
[04:20:30] loaded 43M reads 
[04:20:31] loaded 44M reads 
[04:20:31] loaded 45M reads 
[04:20:32] loaded 46M reads 
[04:20:33] loaded 47M reads 
[04:20:34] loaded 48M reads 
[04:20:35] loaded 49M reads 
[04:20:35] loaded 50M reads 
[04:20:36] loaded 51M reads 
[04:20:37] loaded 52M reads 
[04:20:38] loaded 53M reads 
[04:20:39] loaded 54M reads 
[04:20:40] loaded 55M reads 
[04:20:40] loaded 56M reads 
[04:20:41] loaded 57M reads 
[04:20:42] loaded 58M reads 
[04:20:43] loaded 59M reads 
[04:20:44] loaded 60M reads 
[04:20:45] loaded 61M reads 
[04:20:45] loaded 62M reads 
[04:20:46] loaded 63M reads 
[04:20:47] loaded 64M reads 
[04:20:48] loaded 65M reads 
[04:20:49] loaded 66M reads 
[04:20:49] loaded 67M reads 
[04:20:50] loaded 68M reads 
[04:20:51] loaded 69M reads 
[04:20:52] loaded 70M reads 
[04:20:53] loaded 71M reads 
[04:20:53] loaded 72M reads 
[04:20:54] loaded 73M reads 
[04:20:55] loaded 74M reads 
[04:20:56] loaded 75M reads 
[04:20:57] loaded 76M reads 
[04:20:58] loaded 77M reads 
[04:20:58] loaded 78M reads 
[04:20:59] loaded 79M reads 
[04:21:00] loaded 80M reads 
[04:21:00] Loading completed with 9805 packs 
[04:21:00] thread 6 data processing completed 
[04:21:00] thread 6 finished 
[04:21:00] thread 14 data processing completed 
[04:21:00] thread 14 finished 
[04:21:00] thread 16 data processing completed 
[04:21:00] thread 16 finished 
[04:21:00] thread 1 data processing completed 
[04:21:00] thread 1 finished 
[04:21:00] thread 15 data processing completed 
[04:21:00] thread 15 finished 
[04:21:00] thread 4 data processing completed 
[04:21:00] thread 4 finished 
[04:21:00] [fastp 1.3.3-d0bromir] Stage: loading (66621 ms) 
[04:21:00] [fastp 1.3.3-d0bromir] Stage: filtering 
[04:21:00] thread 13 data processing completed 
[04:21:00] thread 13 finished 
[04:21:00] thread 3 data processing completed 
[04:21:00] thread 3 finished 
[04:21:00] thread 8 data processing completed 
[04:21:00] thread 8 finished 
[04:21:00] thread 9 data processing completed 
[04:21:00] thread 9 finished 
[04:21:00] thread 11 data processing completed 
[04:21:00] thread 11 finished 
[04:21:00] thread 10 data processing completed 
[04:21:00] thread 10 finished 
[04:21:00] thread 5 data processing completed 
[04:21:00] thread 5 finished 
[04:21:00] thread 7 data processing completed 
[04:21:00] thread 7 finished 
[04:21:00] thread 12 data processing completed 
[04:21:00] thread 12 finished 
[04:21:00] thread 2 data processing completed 
[04:21:00] thread 2 finished 
[04:21:00] [fastp 1.3.3-d0bromir] Stage: filtering (20 ms) 
[04:21:00] [fastp 1.3.3-d0bromir] Stage: writing 
[04:21:00] /dev/shm/fastp_bench_eozLzr_R1.fq.gz writer finished 
[04:21:00] [fastp 1.3.3-d0bromir] Stage: writing (31 ms) 
[04:21:00] start to generate reports
 
Read1 before filtering:
total reads: 80314764
total bases: 8031476400
Q20 bases: 7618398149(94.8568%)
Q30 bases: 7189780467(89.52%)
Q40 bases: 1372019(0.017083%)

Read1 after filtering:
total reads: 77515798
total bases: 7751579800
Q20 bases: 7501957244(96.7797%)
Q30 bases: 7095114113(91.5312%)
Q40 bases: 1364356(0.017601%)

Filtering result:
reads passed filter: 77515798
reads failed due to low quality: 2793133
reads failed due to too many N: 5833
reads failed due to too short: 0
reads failed due to adapter dimer: 0
reads with adapter trimmed: 0
bases trimmed due to adapters: 0

Duplication rate (may be overestimated since this is SE data): 3.81535%

JSON report: /dev/shm/fastp_bench_JpiFql.json
HTML report: /dev/null

/home/mpiuser/bioauto_rev/fastp_final_gx/fastp-cpu -w 16 -j /dev/shm/fastp_bench_JpiFql.json -h /dev/null --verbose -i /home/mpiuser/FASTQ/WGS/ERR1044780_1.fastq.gz -o /dev/shm/fastp_bench_eozLzr_R1.fq.gz 
fastp v1.3.3-d0bromir, time used: 79 seconds
================================================================

================================================================
 Application  : d0bromir_gpu (/home/mpiuser/bioauto_rev/fastp_final_gx/fastp)
 Dataset      : WGS SE 6.3G (ERR1044780_1)
 Files        : R1=/home/mpiuser/FASTQ/WGS/ERR1044780_1.fastq.gz
 Type         : SE
 Threads      : 16
 Wall time    : 79.666 s
 reads_in     : 80314764
 reads_out    : 77515798
 vs_opengene  : -59.3%
--- Resource usage ---
 CPU avg/peak : 841.4% / 1647.3%
 RSS peak     : 2216 MiB
 GPU util a/p : 4.5% / 6.0%
 GPU mem peak : 1360 MiB
 Sample CSV   : /home/mpiuser/bioauto_rev/fastp_final_gx/benchmark_results/20261005_041421/resources/resource_WGS_SE_6.3G_d0bromir_gpu_T16_1791174187.csv
--- Profiling output ---
[04:23:07] fastp 1.3.3-d0bromir starting 
Detecting adapter sequence for read1...
No adapter detected for read1

[04:23:19] [GPU] CUDA GPU available (Device 0) - statistics GPU-accelerated (slots=8) 
[04:23:19] [fastp 1.3.3-d0bromir] Stage: loading 
[04:23:19] start to load data 
[04:23:19] [GPU] CUDA GPU available (Device 1) - statistics GPU-accelerated (slots=8) 
[04:23:19] [GPU] Dual-GPU mode: Device 0 + Device 1 active 
[04:23:20] loaded 1M reads 
[04:23:21] loaded 2M reads 
[04:23:22] loaded 3M reads 
[04:23:23] loaded 4M reads 
[04:23:24] loaded 5M reads 
[04:23:24] loaded 6M reads 
[04:23:25] loaded 7M reads 
[04:23:26] loaded 8M reads 
[04:23:27] loaded 9M reads 
[04:23:28] loaded 10M reads 
[04:23:29] loaded 11M reads 
[04:23:29] loaded 12M reads 
[04:23:30] loaded 13M reads 
[04:23:31] loaded 14M reads 
[04:23:32] loaded 15M reads 
[04:23:33] loaded 16M reads 
[04:23:34] loaded 17M reads 
[04:23:35] loaded 18M reads 
[04:23:35] loaded 19M reads 
[04:23:36] loaded 20M reads 
[04:23:37] loaded 21M reads 
[04:23:38] loaded 22M reads 
[04:23:39] loaded 23M reads 
[04:23:40] loaded 24M reads 
[04:23:40] loaded 25M reads 
[04:23:41] loaded 26M reads 
[04:23:42] loaded 27M reads 
[04:23:43] loaded 28M reads 
[04:23:44] loaded 29M reads 
[04:23:45] loaded 30M reads 
[04:23:45] loaded 31M reads 
[04:23:46] loaded 32M reads 
[04:23:47] loaded 33M reads 
[04:23:48] loaded 34M reads 
[04:23:49] loaded 35M reads 
[04:23:50] loaded 36M reads 
[04:23:51] loaded 37M reads 
[04:23:51] loaded 38M reads 
[04:23:52] loaded 39M reads 
[04:23:53] loaded 40M reads 
[04:23:54] loaded 41M reads 
[04:23:55] loaded 42M reads 
[04:23:56] loaded 43M reads 
[04:23:56] loaded 44M reads 
[04:23:57] loaded 45M reads 
[04:23:58] loaded 46M reads 
[04:23:59] loaded 47M reads 
[04:24:00] loaded 48M reads 
[04:24:00] loaded 49M reads 
[04:24:01] loaded 50M reads 
[04:24:02] loaded 51M reads 
[04:24:03] loaded 52M reads 
[04:24:04] loaded 53M reads 
[04:24:05] loaded 54M reads 
[04:24:05] loaded 55M reads 
[04:24:06] loaded 56M reads 
[04:24:07] loaded 57M reads 
[04:24:08] loaded 58M reads 
[04:24:09] loaded 59M reads 
[04:24:10] loaded 60M reads 
[04:24:10] loaded 61M reads 
[04:24:11] loaded 62M reads 
[04:24:12] loaded 63M reads 
[04:24:13] loaded 64M reads 
[04:24:14] loaded 65M reads 
[04:24:14] loaded 66M reads 
[04:24:15] loaded 67M reads 
[04:24:16] loaded 68M reads 
[04:24:17] loaded 69M reads 
[04:24:18] loaded 70M reads 
[04:24:18] loaded 71M reads 
[04:24:19] loaded 72M reads 
[04:24:20] loaded 73M reads 
[04:24:21] loaded 74M reads 
[04:24:22] loaded 75M reads 
[04:24:23] loaded 76M reads 
[04:24:23] loaded 77M reads 
[04:24:24] loaded 78M reads 
[04:24:25] loaded 79M reads 
[04:24:26] loaded 80M reads 
[04:24:26] Loading completed with 9805 packs 
[04:24:26] thread 8 data processing completed 
[04:24:26] thread 13 data processing completed 
[04:24:26] thread 13 finished 
[04:24:26] thread 2 data processing completed 
[04:24:26] thread 2 finished 
[04:24:26] thread 3 data processing completed 
[04:24:26] thread 3 finished 
[04:24:26] thread 5 data processing completed 
[04:24:26] thread 5 finished 
[04:24:26] thread 7 data processing completed 
[04:24:26] thread 7 finished 
[04:24:26] thread 6 data processing completed 
[04:24:26] thread 6 finished 
[04:24:26] thread 10 data processing completed 
[04:24:26] thread 10 finished 
[04:24:26] thread 12 data processing completed 
[04:24:26] thread 12 finished 
[04:24:26] thread 9 data processing completed 
[04:24:26] thread 9 finished 
[04:24:26] thread 8 finished 
[04:24:26] thread 11 data processing completed 
[04:24:26] thread 11 finished 
[04:24:26] [fastp 1.3.3-d0bromir] Stage: loading (66888 ms) 
[04:24:26] [fastp 1.3.3-d0bromir] Stage: filtering 
[04:24:26] thread 14 data processing completed 
[04:24:26] thread 14 finished 
[04:24:26] thread 15 data processing completed 
[04:24:26] thread 15 finished 
[04:24:26] thread 1 data processing completed 
[04:24:26] thread 1 finished 
[04:24:26] thread 4 data processing completed 
[04:24:26] thread 4 finished 
[04:24:26] thread 16 data processing completed 
[04:24:26] thread 16 finished 
[04:24:26] [fastp 1.3.3-d0bromir] Stage: filtering (14 ms) 
[04:24:26] [fastp 1.3.3-d0bromir] Stage: writing 
[04:24:26] /dev/shm/fastp_bench_8xJYxq_R1.fq.gz writer finished 
[04:24:26] [fastp 1.3.3-d0bromir] Stage: writing (31 ms) 
[04:24:26] [GPU] Device 0: batches=4903 reads=40157580 
[04:24:26] [GPU] Device 1: batches=4902 reads=40157184 
[04:24:26] start to generate reports
 
Read1 before filtering:
total reads: 80314764
total bases: 8031476400
Q20 bases: 7618398149(94.8568%)
Q30 bases: 7189780467(89.52%)
Q40 bases: 1372019(0.017083%)

Read1 after filtering:
total reads: 77515798
total bases: 7751579800
Q20 bases: 7501957244(96.7797%)
Q30 bases: 7095114113(91.5312%)
Q40 bases: 1364356(0.017601%)

Filtering result:
reads passed filter: 77515798
reads failed due to low quality: 2793133
reads failed due to too many N: 5833
reads failed due to too short: 0
reads failed due to adapter dimer: 0
reads with adapter trimmed: 0
bases trimmed due to adapters: 0

Duplication rate (may be overestimated since this is SE data): 3.81535%

JSON report: /dev/shm/fastp_bench_swLg8U.json
HTML report: /dev/null

/home/mpiuser/bioauto_rev/fastp_final_gx/fastp -w 16 -j /dev/shm/fastp_bench_swLg8U.json -h /dev/null --verbose -i /home/mpiuser/FASTQ/WGS/ERR1044780_1.fastq.gz -o /dev/shm/fastp_bench_8xJYxq_R1.fq.gz 
fastp v1.3.3-d0bromir, time used: 79 seconds
================================================================
