=== Full Benchmark Log: Sat Oct  3 18:15:32 UTC 2026 ===


================================================================
 Application  : opengene (/home/mpiuser/bioauto_rev/fastp_d0bromir/../fastp_opengene/fastp)
 Dataset      : WGS PE 40G (DRR216653 R1+R2)
 Files        : R1=/home/mpiuser/FASTQ/WGS/DRR216653_1.fastq.gz
               R2=/home/mpiuser/FASTQ/WGS/DRR216653_2.fastq.gz
 Type         : PE
 Threads      : 8
 Wall time    : 692.099 s
 reads_in     : 722563222
 reads_out    : 717214748
 vs_opengene  : baseline
--- Resource usage ---
 CPU avg/peak : 1196.7% / 1817.4%
 RSS peak     : 1353 MiB
 GPU util a/p : 0.0% / 0.0%
 GPU mem peak : 0 MiB
 Sample CSV   : /home/mpiuser/bioauto_rev/fastp_d0bromir/benchmark_results/20261003_181532/resources/resource_WGS_PE_40G_opengene_T8_1791051333.csv
--- Profiling output ---
[18:15:33] start to load data of read1 
[18:15:33] start to load data of read2 
[18:15:33] /dev/shm/fastp_bench_DILENl_R1.fq.gz writer finished 
[18:15:33] /dev/shm/fastp_bench_Ap7Pn7_R2.fq.gz writer finished 
[18:15:35] Read2: loaded 1M reads 
[18:15:35] Read1: loaded 1M reads 
[18:15:37] Read2: loaded 2M reads 
[18:15:37] Read1: loaded 2M reads 
[18:15:39] Read1: loaded 3M reads 
[18:15:39] Read2: loaded 3M reads 
[18:15:41] Read1: loaded 4M reads 
[18:15:41] Read2: loaded 4M reads 
[18:15:43] Read2: loaded 5M reads 
[18:15:43] Read1: loaded 5M reads 
[18:15:45] Read1: loaded 6M reads 
[18:15:45] Read2: loaded 6M reads 
[18:15:46] Read1: loaded 7M reads 
[18:15:46] Read2: loaded 7M reads 
[18:15:48] Read2: loaded 8M reads 
[18:15:48] Read1: loaded 8M reads 
[18:15:50] Read1: loaded 9M reads 
[18:15:50] Read2: loaded 9M reads 
[18:15:52] Read2: loaded 10M reads 
[18:15:52] Read1: loaded 10M reads 
[18:15:54] Read2: loaded 11M reads 
[18:15:54] Read1: loaded 11M reads 
[18:15:56] Read1: loaded 12M reads 
[18:15:56] Read2: loaded 12M reads 
[18:15:58] Read2: loaded 13M reads 
[18:15:58] Read1: loaded 13M reads 
[18:16:00] Read1: loaded 14M reads 
[18:16:00] Read2: loaded 14M reads 
[18:16:02] Read1: loaded 15M reads 
[18:16:02] Read2: loaded 15M reads 
[18:16:04] Read2: loaded 16M reads 
[18:16:04] Read1: loaded 16M reads 
[18:16:06] Read2: loaded 17M reads 
[18:16:06] Read1: loaded 17M reads 
[18:16:07] Read1: loaded 18M reads 
[18:16:07] Read2: loaded 18M reads 
[18:16:09] Read1: loaded 19M reads 
[18:16:09] Read2: loaded 19M reads 
[18:16:11] Read1: loaded 20M reads 
[18:16:11] Read2: loaded 20M reads 
[18:16:13] Read1: loaded 21M reads 
[18:16:13] Read2: loaded 21M reads 
[18:16:15] Read2: loaded 22M reads 
[18:16:15] Read1: loaded 22M reads 
[18:16:17] Read2: loaded 23M reads 
[18:16:17] Read1: loaded 23M reads 
[18:16:19] Read1: loaded 24M reads 
[18:16:19] Read2: loaded 24M reads 
[18:16:21] Read1: loaded 25M reads 
[18:16:21] Read2: loaded 25M reads 
[18:16:23] Read1: loaded 26M reads 
[18:16:23] Read2: loaded 26M reads 
[18:16:25] Read2: loaded 27M reads 
[18:16:25] Read1: loaded 27M reads 
[18:16:27] Read2: loaded 28M reads 
[18:16:27] Read1: loaded 28M reads 
[18:16:28] Read2: loaded 29M reads 
[18:16:28] Read1: loaded 29M reads 
[18:16:30] Read1: loaded 30M reads 
[18:16:30] Read2: loaded 30M reads 
[18:16:32] Read1: loaded 31M reads 
[18:16:32] Read2: loaded 31M reads 
[18:16:34] Read2: loaded 32M reads 
[18:16:34] Read1: loaded 32M reads 
[18:16:36] Read2: loaded 33M reads 
[18:16:36] Read1: loaded 33M reads 
[18:16:38] Read2: loaded 34M reads 
[18:16:38] Read1: loaded 34M reads 
[18:16:40] Read1: loaded 35M reads 
[18:16:40] Read2: loaded 35M reads 
[18:16:42] Read1: loaded 36M reads 
[18:16:42] Read2: loaded 36M reads 
[18:16:44] Read1: loaded 37M reads 
[18:16:44] Read2: loaded 37M reads 
[18:16:46] Read2: loaded 38M reads 
[18:16:46] Read1: loaded 38M reads 
[18:16:48] Read2: loaded 39M reads 
[18:16:48] Read1: loaded 39M reads 
[18:16:50] Read2: loaded 40M reads 
[18:16:50] Read1: loaded 40M reads 
[18:16:51] Read2: loaded 41M reads 
[18:16:51] Read1: loaded 41M reads 
[18:16:53] Read1: loaded 42M reads 
[18:16:53] Read2: loaded 42M reads 
[18:16:55] Read1: loaded 43M reads 
[18:16:55] Read2: loaded 43M reads 
[18:16:57] Read2: loaded 44M reads 
[18:16:57] Read1: loaded 44M reads 
[18:16:59] Read2: loaded 45M reads 
[18:16:59] Read1: loaded 45M reads 
[18:17:01] Read2: loaded 46M reads 
[18:17:01] Read1: loaded 46M reads 
[18:17:03] Read1: loaded 47M reads 
[18:17:03] Read2: loaded 47M reads 
[18:17:05] Read1: loaded 48M reads 
[18:17:05] Read2: loaded 48M reads 
[18:17:07] Read1: loaded 49M reads 
[18:17:07] Read2: loaded 49M reads 
[18:17:09] Read2: loaded 50M reads 
[18:17:09] Read1: loaded 50M reads 
[18:17:11] Read2: loaded 51M reads 
[18:17:11] Read1: loaded 51M reads 
[18:17:13] Read2: loaded 52M reads 
[18:17:13] Read1: loaded 52M reads 
[18:17:14] Read1: loaded 53M reads 
[18:17:14] Read2: loaded 53M reads 
[18:17:16] Read1: loaded 54M reads 
[18:17:16] Read2: loaded 54M reads 
[18:17:18] Read1: loaded 55M reads 
[18:17:18] Read2: loaded 55M reads 
[18:17:20] Read2: loaded 56M reads 
[18:17:20] Read1: loaded 56M reads 
[18:17:22] Read2: loaded 57M reads 
[18:17:22] Read1: loaded 57M reads 
[18:17:24] Read1: loaded 58M reads 
[18:17:24] Read2: loaded 58M reads 
[18:17:26] Read1: loaded 59M reads 
[18:17:26] Read2: loaded 59M reads 
[18:17:28] Read1: loaded 60M reads 
[18:17:28] Read2: loaded 60M reads 
[18:17:30] Read2: loaded 61M reads 
[18:17:30] Read1: loaded 61M reads 
[18:17:32] Read1: loaded 62M reads 
[18:17:32] Read2: loaded 62M reads 
[18:17:34] Read2: loaded 63M reads 
[18:17:34] Read1: loaded 63M reads 
[18:17:36] Read1: loaded 64M reads 
[18:17:36] Read2: loaded 64M reads 
[18:17:37] Read1: loaded 65M reads 
[18:17:37] Read2: loaded 65M reads 
[18:17:39] Read1: loaded 66M reads 
[18:17:39] Read2: loaded 66M reads 
[18:17:41] Read1: loaded 67M reads 
[18:17:41] Read2: loaded 67M reads 
[18:17:43] Read1: loaded 68M reads 
[18:17:43] Read2: loaded 68M reads 
[18:17:45] Read1: loaded 69M reads 
[18:17:45] Read2: loaded 69M reads 
[18:17:47] Read1: loaded 70M reads 
[18:17:47] Read2: loaded 70M reads 
[18:17:49] Read1: loaded 71M reads 
[18:17:49] Read2: loaded 71M reads 
[18:17:51] Read2: loaded 72M reads 
[18:17:51] Read1: loaded 72M reads 
[18:17:53] Read2: loaded 73M reads 
[18:17:53] Read1: loaded 73M reads 
[18:17:55] Read2: loaded 74M reads 
[18:17:55] Read1: loaded 74M reads 
[18:17:57] Read1: loaded 75M reads 
[18:17:57] Read2: loaded 75M reads 
[18:17:58] Read2: loaded 76M reads 
[18:17:58] Read1: loaded 76M reads 
[18:18:00] Read1: loaded 77M reads 
[18:18:00] Read2: loaded 77M reads 
[18:18:02] Read1: loaded 78M reads 
[18:18:02] Read2: loaded 78M reads 
[18:18:04] Read1: loaded 79M reads 
[18:18:04] Read2: loaded 79M reads 
[18:18:06] Read1: loaded 80M reads 
[18:18:06] Read2: loaded 80M reads 
[18:18:08] Read1: loaded 81M reads 
[18:18:08] Read2: loaded 81M reads 
[18:18:10] Read2: loaded 82M reads 
[18:18:10] Read1: loaded 82M reads 
[18:18:12] Read2: loaded 83M reads 
[18:18:12] Read1: loaded 83M reads 
[18:18:14] Read1: loaded 84M reads 
[18:18:14] Read2: loaded 84M reads 
[18:18:16] Read1: loaded 85M reads 
[18:18:16] Read2: loaded 85M reads 
[18:18:18] Read1: loaded 86M reads 
[18:18:18] Read2: loaded 86M reads 
[18:18:19] Read1: loaded 87M reads 
[18:18:20] Read2: loaded 87M reads 
[18:18:21] Read2: loaded 88M reads 
[18:18:21] Read1: loaded 88M reads 
[18:18:23] Read1: loaded 89M reads 
[18:18:23] Read2: loaded 89M reads 
[18:18:25] Read1: loaded 90M reads 
[18:18:25] Read2: loaded 90M reads 
[18:18:27] Read2: loaded 91M reads 
[18:18:27] Read1: loaded 91M reads 
[18:18:29] Read1: loaded 92M reads 
[18:18:29] Read2: loaded 92M reads 
[18:18:31] Read2: loaded 93M reads 
[18:18:31] Read1: loaded 93M reads 
[18:18:33] Read2: loaded 94M reads 
[18:18:33] Read1: loaded 94M reads 
[18:18:35] Read1: loaded 95M reads 
[18:18:35] Read2: loaded 95M reads 
[18:18:37] Read1: loaded 96M reads 
[18:18:37] Read2: loaded 96M reads 
[18:18:39] Read1: loaded 97M reads 
[18:18:39] Read2: loaded 97M reads 
[18:18:41] Read2: loaded 98M reads 
[18:18:41] Read1: loaded 98M reads 
[18:18:43] Read2: loaded 99M reads 
[18:18:43] Read1: loaded 99M reads 
[18:18:44] Read2: loaded 100M reads 
[18:18:44] Read1: loaded 100M reads 
[18:18:46] Read2: loaded 101M reads 
[18:18:46] Read1: loaded 101M reads 
[18:18:48] Read1: loaded 102M reads 
[18:18:48] Read2: loaded 102M reads 
[18:18:50] Read1: loaded 103M reads 
[18:18:50] Read2: loaded 103M reads 
[18:18:52] Read1: loaded 104M reads 
[18:18:52] Read2: loaded 104M reads 
[18:18:54] Read2: loaded 105M reads 
[18:18:54] Read1: loaded 105M reads 
[18:18:56] Read2: loaded 106M reads 
[18:18:56] Read1: loaded 106M reads 
[18:18:58] Read2: loaded 107M reads 
[18:18:58] Read1: loaded 107M reads 
[18:19:00] Read1: loaded 108M reads 
[18:19:00] Read2: loaded 108M reads 
[18:19:02] Read1: loaded 109M reads 
[18:19:02] Read2: loaded 109M reads 
[18:19:03] Read2: loaded 110M reads 
[18:19:03] Read1: loaded 110M reads 
[18:19:05] Read2: loaded 111M reads 
[18:19:05] Read1: loaded 111M reads 
[18:19:07] Read2: loaded 112M reads 
[18:19:07] Read1: loaded 112M reads 
[18:19:09] Read2: loaded 113M reads 
[18:19:09] Read1: loaded 113M reads 
[18:19:11] Read1: loaded 114M reads 
[18:19:11] Read2: loaded 114M reads 
[18:19:13] Read2: loaded 115M reads 
[18:19:13] Read1: loaded 115M reads 
[18:19:15] Read2: loaded 116M reads 
[18:19:15] Read1: loaded 116M reads 
[18:19:17] Read2: loaded 117M reads 
[18:19:17] Read1: loaded 117M reads 
[18:19:19] Read1: loaded 118M reads 
[18:19:19] Read2: loaded 118M reads 
[18:19:21] Read1: loaded 119M reads 
[18:19:21] Read2: loaded 119M reads 
[18:19:23] Read1: loaded 120M reads 
[18:19:23] Read2: loaded 120M reads 
[18:19:25] Read2: loaded 121M reads 
[18:19:25] Read1: loaded 121M reads 
[18:19:27] Read2: loaded 122M reads 
[18:19:27] Read1: loaded 122M reads 
[18:19:28] Read1: loaded 123M reads 
[18:19:28] Read2: loaded 123M reads 
[18:19:30] Read2: loaded 124M reads 
[18:19:30] Read1: loaded 124M reads 
[18:19:32] Read1: loaded 125M reads 
[18:19:32] Read2: loaded 125M reads 
[18:19:34] Read1: loaded 126M reads 
[18:19:34] Read2: loaded 126M reads 
[18:19:36] Read1: loaded 127M reads 
[18:19:36] Read2: loaded 127M reads 
[18:19:38] Read1: loaded 128M reads 
[18:19:38] Read2: loaded 128M reads 
[18:19:40] Read1: loaded 129M reads 
[18:19:40] Read2: loaded 129M reads 
[18:19:42] Read2: loaded 130M reads 
[18:19:42] Read1: loaded 130M reads 
[18:19:44] Read1: loaded 131M reads 
[18:19:44] Read2: loaded 131M reads 
[18:19:46] Read1: loaded 132M reads 
[18:19:46] Read2: loaded 132M reads 
[18:19:48] Read1: loaded 133M reads 
[18:19:48] Read2: loaded 133M reads 
[18:19:49] Read1: loaded 134M reads 
[18:19:49] Read2: loaded 134M reads 
[18:19:51] Read2: loaded 135M reads 
[18:19:51] Read1: loaded 135M reads 
[18:19:53] Read1: loaded 136M reads 
[18:19:53] Read2: loaded 136M reads 
[18:19:55] Read2: loaded 137M reads 
[18:19:55] Read1: loaded 137M reads 
[18:19:57] Read1: loaded 138M reads 
[18:19:57] Read2: loaded 138M reads 
[18:19:59] Read2: loaded 139M reads 
[18:19:59] Read1: loaded 139M reads 
[18:20:01] Read2: loaded 140M reads 
[18:20:01] Read1: loaded 140M reads 
[18:20:03] Read2: loaded 141M reads 
[18:20:03] Read1: loaded 141M reads 
[18:20:05] Read2: loaded 142M reads 
[18:20:05] Read1: loaded 142M reads 
[18:20:07] Read2: loaded 143M reads 
[18:20:07] Read1: loaded 143M reads 
[18:20:09] Read2: loaded 144M reads 
[18:20:09] Read1: loaded 144M reads 
[18:20:11] Read2: loaded 145M reads 
[18:20:11] Read1: loaded 145M reads 
[18:20:12] Read2: loaded 146M reads 
[18:20:12] Read1: loaded 146M reads 
[18:20:14] Read2: loaded 147M reads 
[18:20:14] Read1: loaded 147M reads 
[18:20:16] Read2: loaded 148M reads 
[18:20:16] Read1: loaded 148M reads 
[18:20:18] Read2: loaded 149M reads 
[18:20:18] Read1: loaded 149M reads 
[18:20:20] Read1: loaded 150M reads 
[18:20:20] Read2: loaded 150M reads 
[18:20:22] Read1: loaded 151M reads 
[18:20:22] Read2: loaded 151M reads 
[18:20:24] Read1: loaded 152M reads 
[18:20:24] Read2: loaded 152M reads 
[18:20:26] Read1: loaded 153M reads 
[18:20:26] Read2: loaded 153M reads 
[18:20:28] Read1: loaded 154M reads 
[18:20:28] Read2: loaded 154M reads 
[18:20:30] Read1: loaded 155M reads 
[18:20:30] Read2: loaded 155M reads 
[18:20:32] Read1: loaded 156M reads 
[18:20:32] Read2: loaded 156M reads 
[18:20:33] Read1: loaded 157M reads 
[18:20:33] Read2: loaded 157M reads 
[18:20:35] Read1: loaded 158M reads 
[18:20:35] Read2: loaded 158M reads 
[18:20:37] Read1: loaded 159M reads 
[18:20:37] Read2: loaded 159M reads 
[18:20:39] Read1: loaded 160M reads 
[18:20:39] Read2: loaded 160M reads 
[18:20:41] Read2: loaded 161M reads 
[18:20:41] Read1: loaded 161M reads 
[18:20:43] Read1: loaded 162M reads 
[18:20:43] Read2: loaded 162M reads 
[18:20:45] Read2: loaded 163M reads 
[18:20:45] Read1: loaded 163M reads 
[18:20:47] Read2: loaded 164M reads 
[18:20:47] Read1: loaded 164M reads 
[18:20:49] Read2: loaded 165M reads 
[18:20:49] Read1: loaded 165M reads 
[18:20:51] Read2: loaded 166M reads 
[18:20:51] Read1: loaded 166M reads 
[18:20:53] Read2: loaded 167M reads 
[18:20:53] Read1: loaded 167M reads 
[18:20:54] Read2: loaded 168M reads 
[18:20:54] Read1: loaded 168M reads 
[18:20:56] Read2: loaded 169M reads 
[18:20:56] Read1: loaded 169M reads 
[18:20:58] Read2: loaded 170M reads 
[18:20:58] Read1: loaded 170M reads 
[18:21:00] Read2: loaded 171M reads 
[18:21:00] Read1: loaded 171M reads 
[18:21:02] Read2: loaded 172M reads 
[18:21:02] Read1: loaded 172M reads 
[18:21:04] Read1: loaded 173M reads 
[18:21:04] Read2: loaded 173M reads 
[18:21:06] Read2: loaded 174M reads 
[18:21:06] Read1: loaded 174M reads 
[18:21:08] Read2: loaded 175M reads 
[18:21:08] Read1: loaded 175M reads 
[18:21:10] Read1: loaded 176M reads 
[18:21:10] Read2: loaded 176M reads 
[18:21:12] Read2: loaded 177M reads 
[18:21:12] Read1: loaded 177M reads 
[18:21:14] Read2: loaded 178M reads 
[18:21:14] Read1: loaded 178M reads 
[18:21:15] Read1: loaded 179M reads 
[18:21:15] Read2: loaded 179M reads 
[18:21:17] Read2: loaded 180M reads 
[18:21:17] Read1: loaded 180M reads 
[18:21:19] Read2: loaded 181M reads 
[18:21:19] Read1: loaded 181M reads 
[18:21:21] Read2: loaded 182M reads 
[18:21:21] Read1: loaded 182M reads 
[18:21:23] Read2: loaded 183M reads 
[18:21:23] Read1: loaded 183M reads 
[18:21:25] Read1: loaded 184M reads 
[18:21:25] Read2: loaded 184M reads 
[18:21:27] Read1: loaded 185M reads 
[18:21:27] Read2: loaded 185M reads 
[18:21:29] Read2: loaded 186M reads 
[18:21:29] Read1: loaded 186M reads 
[18:21:31] Read1: loaded 187M reads 
[18:21:31] Read2: loaded 187M reads 
[18:21:33] Read2: loaded 188M reads 
[18:21:33] Read1: loaded 188M reads 
[18:21:35] Read1: loaded 189M reads 
[18:21:35] Read2: loaded 189M reads 
[18:21:37] Read1: loaded 190M reads 
[18:21:37] Read2: loaded 190M reads 
[18:21:38] Read2: loaded 191M reads 
[18:21:38] Read1: loaded 191M reads 
[18:21:40] Read1: loaded 192M reads 
[18:21:40] Read2: loaded 192M reads 
[18:21:42] Read2: loaded 193M reads 
[18:21:42] Read1: loaded 193M reads 
[18:21:44] Read1: loaded 194M reads 
[18:21:44] Read2: loaded 194M reads 
[18:21:46] Read2: loaded 195M reads 
[18:21:46] Read1: loaded 195M reads 
[18:21:48] Read2: loaded 196M reads 
[18:21:48] Read1: loaded 196M reads 
[18:21:50] Read2: loaded 197M reads 
[18:21:50] Read1: loaded 197M reads 
[18:21:52] Read2: loaded 198M reads 
[18:21:52] Read1: loaded 198M reads 
[18:21:54] Read2: loaded 199M reads 
[18:21:54] Read1: loaded 199M reads 
[18:21:56] Read2: loaded 200M reads 
[18:21:56] Read1: loaded 200M reads 
[18:21:58] Read2: loaded 201M reads 
[18:21:58] Read1: loaded 201M reads 
[18:22:00] Read1: loaded 202M reads 
[18:22:00] Read2: loaded 202M reads 
[18:22:01] Read1: loaded 203M reads 
[18:22:01] Read2: loaded 203M reads 
[18:22:03] Read1: loaded 204M reads 
[18:22:03] Read2: loaded 204M reads 
[18:22:05] Read1: loaded 205M reads 
[18:22:05] Read2: loaded 205M reads 
[18:22:07] Read1: loaded 206M reads 
[18:22:07] Read2: loaded 206M reads 
[18:22:09] Read1: loaded 207M reads 
[18:22:09] Read2: loaded 207M reads 
[18:22:11] Read2: loaded 208M reads 
[18:22:11] Read1: loaded 208M reads 
[18:22:13] Read1: loaded 209M reads 
[18:22:13] Read2: loaded 209M reads 
[18:22:15] Read1: loaded 210M reads 
[18:22:15] Read2: loaded 210M reads 
[18:22:17] Read1: loaded 211M reads 
[18:22:17] Read2: loaded 211M reads 
[18:22:19] Read1: loaded 212M reads 
[18:22:19] Read2: loaded 212M reads 
[18:22:21] Read2: loaded 213M reads 
[18:22:21] Read1: loaded 213M reads 
[18:22:22] Read2: loaded 214M reads 
[18:22:22] Read1: loaded 214M reads 
[18:22:24] Read2: loaded 215M reads 
[18:22:24] Read1: loaded 215M reads 
[18:22:26] Read2: loaded 216M reads 
[18:22:26] Read1: loaded 216M reads 
[18:22:28] Read1: loaded 217M reads 
[18:22:28] Read2: loaded 217M reads 
[18:22:30] Read2: loaded 218M reads 
[18:22:30] Read1: loaded 218M reads 
[18:22:32] Read2: loaded 219M reads 
[18:22:32] Read1: loaded 219M reads 
[18:22:34] Read1: loaded 220M reads 
[18:22:34] Read2: loaded 220M reads 
[18:22:36] Read1: loaded 221M reads 
[18:22:36] Read2: loaded 221M reads 
[18:22:38] Read2: loaded 222M reads 
[18:22:38] Read1: loaded 222M reads 
[18:22:40] Read1: loaded 223M reads 
[18:22:40] Read2: loaded 223M reads 
[18:22:42] Read1: loaded 224M reads 
[18:22:42] Read2: loaded 224M reads 
[18:22:44] Read1: loaded 225M reads 
[18:22:44] Read2: loaded 225M reads 
[18:22:45] Read1: loaded 226M reads 
[18:22:45] Read2: loaded 226M reads 
[18:22:47] Read1: loaded 227M reads 
[18:22:47] Read2: loaded 227M reads 
[18:22:49] Read2: loaded 228M reads 
[18:22:49] Read1: loaded 228M reads 
[18:22:51] Read1: loaded 229M reads 
[18:22:51] Read2: loaded 229M reads 
[18:22:53] Read1: loaded 230M reads 
[18:22:53] Read2: loaded 230M reads 
[18:22:55] Read1: loaded 231M reads 
[18:22:55] Read2: loaded 231M reads 
[18:22:57] Read2: loaded 232M reads 
[18:22:57] Read1: loaded 232M reads 
[18:22:59] Read2: loaded 233M reads 
[18:22:59] Read1: loaded 233M reads 
[18:23:01] Read2: loaded 234M reads 
[18:23:01] Read1: loaded 234M reads 
[18:23:03] Read1: loaded 235M reads 
[18:23:03] Read2: loaded 235M reads 
[18:23:04] Read1: loaded 236M reads 
[18:23:04] Read2: loaded 236M reads 
[18:23:06] Read1: loaded 237M reads 
[18:23:06] Read2: loaded 237M reads 
[18:23:08] Read1: loaded 238M reads 
[18:23:08] Read2: loaded 238M reads 
[18:23:10] Read1: loaded 239M reads 
[18:23:10] Read2: loaded 239M reads 
[18:23:12] Read1: loaded 240M reads 
[18:23:12] Read2: loaded 240M reads 
[18:23:14] Read1: loaded 241M reads 
[18:23:14] Read2: loaded 241M reads 
[18:23:16] Read1: loaded 242M reads 
[18:23:16] Read2: loaded 242M reads 
[18:23:18] Read1: loaded 243M reads 
[18:23:18] Read2: loaded 243M reads 
[18:23:20] Read1: loaded 244M reads 
[18:23:20] Read2: loaded 244M reads 
[18:23:22] Read1: loaded 245M reads 
[18:23:22] Read2: loaded 245M reads 
[18:23:24] Read1: loaded 246M reads 
[18:23:24] Read2: loaded 246M reads 
[18:23:25] Read1: loaded 247M reads 
[18:23:25] Read2: loaded 247M reads 
[18:23:27] Read1: loaded 248M reads 
[18:23:27] Read2: loaded 248M reads 
[18:23:29] Read2: loaded 249M reads 
[18:23:29] Read1: loaded 249M reads 
[18:23:31] Read1: loaded 250M reads 
[18:23:31] Read2: loaded 250M reads 
[18:23:33] Read2: loaded 251M reads 
[18:23:33] Read1: loaded 251M reads 
[18:23:35] Read2: loaded 252M reads 
[18:23:35] Read1: loaded 252M reads 
[18:23:37] Read2: loaded 253M reads 
[18:23:37] Read1: loaded 253M reads 
[18:23:39] Read2: loaded 254M reads 
[18:23:39] Read1: loaded 254M reads 
[18:23:41] Read2: loaded 255M reads 
[18:23:41] Read1: loaded 255M reads 
[18:23:43] Read2: loaded 256M reads 
[18:23:43] Read1: loaded 256M reads 
[18:23:45] Read2: loaded 257M reads 
[18:23:45] Read1: loaded 257M reads 
[18:23:47] Read2: loaded 258M reads 
[18:23:47] Read1: loaded 258M reads 
[18:23:48] Read2: loaded 259M reads 
[18:23:48] Read1: loaded 259M reads 
[18:23:50] Read2: loaded 260M reads 
[18:23:50] Read1: loaded 260M reads 
[18:23:52] Read1: loaded 261M reads 
[18:23:52] Read2: loaded 261M reads 
[18:23:54] Read2: loaded 262M reads 
[18:23:54] Read1: loaded 262M reads 
[18:23:56] Read2: loaded 263M reads 
[18:23:56] Read1: loaded 263M reads 
[18:23:58] Read1: loaded 264M reads 
[18:23:58] Read2: loaded 264M reads 
[18:24:00] Read1: loaded 265M reads 
[18:24:00] Read2: loaded 265M reads 
[18:24:02] Read1: loaded 266M reads 
[18:24:02] Read2: loaded 266M reads 
[18:24:04] Read1: loaded 267M reads 
[18:24:04] Read2: loaded 267M reads 
[18:24:06] Read1: loaded 268M reads 
[18:24:06] Read2: loaded 268M reads 
[18:24:08] Read2: loaded 269M reads 
[18:24:08] Read1: loaded 269M reads 
[18:24:09] Read1: loaded 270M reads 
[18:24:09] Read2: loaded 270M reads 
[18:24:11] Read2: loaded 271M reads 
[18:24:11] Read1: loaded 271M reads 
[18:24:13] Read2: loaded 272M reads 
[18:24:13] Read1: loaded 272M reads 
[18:24:15] Read2: loaded 273M reads 
[18:24:15] Read1: loaded 273M reads 
[18:24:17] Read2: loaded 274M reads 
[18:24:17] Read1: loaded 274M reads 
[18:24:19] Read1: loaded 275M reads 
[18:24:19] Read2: loaded 275M reads 
[18:24:21] Read2: loaded 276M reads 
[18:24:21] Read1: loaded 276M reads 
[18:24:23] Read1: loaded 277M reads 
[18:24:23] Read2: loaded 277M reads 
[18:24:25] Read2: loaded 278M reads 
[18:24:25] Read1: loaded 278M reads 
[18:24:27] Read1: loaded 279M reads 
[18:24:27] Read2: loaded 279M reads 
[18:24:29] Read1: loaded 280M reads 
[18:24:29] Read2: loaded 280M reads 
[18:24:31] Read1: loaded 281M reads 
[18:24:31] Read2: loaded 281M reads 
[18:24:32] Read1: loaded 282M reads 
[18:24:32] Read2: loaded 282M reads 
[18:24:34] Read1: loaded 283M reads 
[18:24:34] Read2: loaded 283M reads 
[18:24:36] Read1: loaded 284M reads 
[18:24:36] Read2: loaded 284M reads 
[18:24:38] Read1: loaded 285M reads 
[18:24:38] Read2: loaded 285M reads 
[18:24:40] Read1: loaded 286M reads 
[18:24:40] Read2: loaded 286M reads 
[18:24:42] Read1: loaded 287M reads 
[18:24:42] Read2: loaded 287M reads 
[18:24:44] Read1: loaded 288M reads 
[18:24:44] Read2: loaded 288M reads 
[18:24:46] Read1: loaded 289M reads 
[18:24:46] Read2: loaded 289M reads 
[18:24:48] Read1: loaded 290M reads 
[18:24:48] Read2: loaded 290M reads 
[18:24:50] Read1: loaded 291M reads 
[18:24:50] Read2: loaded 291M reads 
[18:24:51] Read2: loaded 292M reads 
[18:24:51] Read1: loaded 292M reads 
[18:24:53] Read1: loaded 293M reads 
[18:24:53] Read2: loaded 293M reads 
[18:24:55] Read1: loaded 294M reads 
[18:24:55] Read2: loaded 294M reads 
[18:24:57] Read1: loaded 295M reads 
[18:24:57] Read2: loaded 295M reads 
[18:24:59] Read1: loaded 296M reads 
[18:24:59] Read2: loaded 296M reads 
[18:25:01] Read1: loaded 297M reads 
[18:25:01] Read2: loaded 297M reads 
[18:25:03] Read1: loaded 298M reads 
[18:25:03] Read2: loaded 298M reads 
[18:25:05] Read2: loaded 299M reads 
[18:25:05] Read1: loaded 299M reads 
[18:25:07] Read1: loaded 300M reads 
[18:25:07] Read2: loaded 300M reads 
[18:25:09] Read1: loaded 301M reads 
[18:25:09] Read2: loaded 301M reads 
[18:25:11] Read1: loaded 302M reads 
[18:25:11] Read2: loaded 302M reads 
[18:25:13] Read1: loaded 303M reads 
[18:25:13] Read2: loaded 303M reads 
[18:25:14] Read2: loaded 304M reads 
[18:25:14] Read1: loaded 304M reads 
[18:25:16] Read1: loaded 305M reads 
[18:25:16] Read2: loaded 305M reads 
[18:25:18] Read2: loaded 306M reads 
[18:25:18] Read1: loaded 306M reads 
[18:25:20] Read1: loaded 307M reads 
[18:25:20] Read2: loaded 307M reads 
[18:25:22] Read2: loaded 308M reads 
[18:25:22] Read1: loaded 308M reads 
[18:25:24] Read2: loaded 309M reads 
[18:25:24] Read1: loaded 309M reads 
[18:25:26] Read1: loaded 310M reads 
[18:25:26] Read2: loaded 310M reads 
[18:25:28] Read2: loaded 311M reads 
[18:25:28] Read1: loaded 311M reads 
[18:25:30] Read2: loaded 312M reads 
[18:25:30] Read1: loaded 312M reads 
[18:25:32] Read1: loaded 313M reads 
[18:25:32] Read2: loaded 313M reads 
[18:25:34] Read1: loaded 314M reads 
[18:25:34] Read2: loaded 314M reads 
[18:25:35] Read1: loaded 315M reads 
[18:25:35] Read2: loaded 315M reads 
[18:25:37] Read1: loaded 316M reads 
[18:25:37] Read2: loaded 316M reads 
[18:25:39] Read1: loaded 317M reads 
[18:25:39] Read2: loaded 317M reads 
[18:25:41] Read2: loaded 318M reads 
[18:25:41] Read1: loaded 318M reads 
[18:25:43] Read1: loaded 319M reads 
[18:25:43] Read2: loaded 319M reads 
[18:25:45] Read1: loaded 320M reads 
[18:25:45] Read2: loaded 320M reads 
[18:25:47] Read2: loaded 321M reads 
[18:25:47] Read1: loaded 321M reads 
[18:25:49] Read2: loaded 322M reads 
[18:25:49] Read1: loaded 322M reads 
[18:25:51] Read2: loaded 323M reads 
[18:25:51] Read1: loaded 323M reads 
[18:25:53] Read1: loaded 324M reads 
[18:25:53] Read2: loaded 324M reads 
[18:25:55] Read1: loaded 325M reads 
[18:25:55] Read2: loaded 325M reads 
[18:25:57] Read2: loaded 326M reads 
[18:25:57] Read1: loaded 326M reads 
[18:25:59] Read2: loaded 327M reads 
[18:25:59] Read1: loaded 327M reads 
[18:26:00] Read2: loaded 328M reads 
[18:26:00] Read1: loaded 328M reads 
[18:26:02] Read1: loaded 329M reads 
[18:26:02] Read2: loaded 329M reads 
[18:26:04] Read2: loaded 330M reads 
[18:26:04] Read1: loaded 330M reads 
[18:26:06] Read1: loaded 331M reads 
[18:26:06] Read2: loaded 331M reads 
[18:26:08] Read1: loaded 332M reads 
[18:26:08] Read2: loaded 332M reads 
[18:26:10] Read2: loaded 333M reads 
[18:26:10] Read1: loaded 333M reads 
[18:26:12] Read1: loaded 334M reads 
[18:26:12] Read2: loaded 334M reads 
[18:26:14] Read2: loaded 335M reads 
[18:26:14] Read1: loaded 335M reads 
[18:26:16] Read1: loaded 336M reads 
[18:26:16] Read2: loaded 336M reads 
[18:26:18] Read2: loaded 337M reads 
[18:26:18] Read1: loaded 337M reads 
[18:26:20] Read2: loaded 338M reads 
[18:26:20] Read1: loaded 338M reads 
[18:26:21] Read2: loaded 339M reads 
[18:26:21] Read1: loaded 339M reads 
[18:26:23] Read2: loaded 340M reads 
[18:26:23] Read1: loaded 340M reads 
[18:26:25] Read2: loaded 341M reads 
[18:26:25] Read1: loaded 341M reads 
[18:26:27] Read2: loaded 342M reads 
[18:26:27] Read1: loaded 342M reads 
[18:26:29] Read2: loaded 343M reads 
[18:26:29] Read1: loaded 343M reads 
[18:26:31] Read2: loaded 344M reads 
[18:26:31] Read1: loaded 344M reads 
[18:26:33] Read1: loaded 345M reads 
[18:26:33] Read2: loaded 345M reads 
[18:26:35] Read1: loaded 346M reads 
[18:26:35] Read2: loaded 346M reads 
[18:26:37] Read1: loaded 347M reads 
[18:26:37] Read2: loaded 347M reads 
[18:26:39] Read1: loaded 348M reads 
[18:26:39] Read2: loaded 348M reads 
[18:26:41] Read2: loaded 349M reads 
[18:26:41] Read1: loaded 349M reads 
[18:26:42] Read2: loaded 350M reads 
[18:26:42] Read1: loaded 350M reads 
[18:26:44] Read2: loaded 351M reads 
[18:26:44] Read1: loaded 351M reads 
[18:26:46] Read1: loaded 352M reads 
[18:26:46] Read2: loaded 352M reads 
[18:26:48] Read1: loaded 353M reads 
[18:26:48] Read2: loaded 353M reads 
[18:26:50] Read2: loaded 354M reads 
[18:26:50] Read1: loaded 354M reads 
[18:26:52] Read2: loaded 355M reads 
[18:26:52] Read1: loaded 355M reads 
[18:26:54] Read2: loaded 356M reads 
[18:26:54] Read1: loaded 356M reads 
[18:26:56] Read2: loaded 357M reads 
[18:26:56] Read1: loaded 357M reads 
[18:26:58] Read1: loaded 358M reads 
[18:26:58] Read2: loaded 358M reads 
[18:27:00] Read1: loaded 359M reads 
[18:27:00] Read2: loaded 359M reads 
[18:27:02] Read1: loaded 360M reads 
[18:27:02] Read2: loaded 360M reads 
[18:27:04] Read2: loaded 361M reads 
[18:27:04] Read1: loaded 361M reads 
[18:27:04] Read1: loading completed with 361282 packs 
[18:27:04] Read2: loading completed with 361282 packs 
[18:27:04] thread 3 data processing completed 
[18:27:04] thread 3 finished 
[18:27:04] thread 4 data processing completed 
[18:27:04] thread 4 finished 
[18:27:04] thread 5 data processing completed 
[18:27:04] thread 5 finished 
[18:27:04] thread 6 data processing completed 
[18:27:04] thread 6 finished 
[18:27:04] thread 7 data processing completed 
[18:27:04] thread 7 finished 
[18:27:04] thread 8 data processing completed 
[18:27:04] thread 8 finished 
[18:27:04] thread 1 data processing completed 
[18:27:04] thread 1 finished 
[18:27:04] thread 2 data processing completed 
[18:27:04] thread 2 finished 
[18:27:04] start to generate reports
 
Read1 before filtering:
total reads: 361281611
total bases: 54192241650
Q20 bases: 54123398100(99.873%)
Q30 bases: 54123398100(99.873%)
Q40 bases: 0(0%)

Read2 before filtering:
total reads: 361281611
total bases: 54192241650
Q20 bases: 53855170050(99.378%)
Q30 bases: 53855170050(99.378%)
Q40 bases: 0(0%)

Read1 after filtering:
total reads: 358607374
total bases: 53574361382
Q20 bases: 53574361382(100%)
Q30 bases: 53574361382(100%)
Q40 bases: 0(0%)

Read2 after filtering:
total reads: 358607374
total bases: 53574361382
Q20 bases: 53574361382(100%)
Q30 bases: 53574361382(100%)
Q40 bases: 0(0%)

Filtering result:
reads passed filter: 717214748
reads failed due to low quality: 5328396
reads failed due to too many N: 20078
reads failed due to too short: 0
reads failed due to adapter dimer: 0
reads with adapter trimmed: 9627740
bases trimmed due to adapters: 442711160

Duplication rate: 5.60214%

Insert size peak (evaluated by paired-end reads): 269

JSON report: /dev/shm/fastp_bench_Y1LqjH.json
HTML report: /dev/null

/home/mpiuser/bioauto_rev/fastp_d0bromir/../fastp_opengene/fastp -w 8 -j /dev/shm/fastp_bench_Y1LqjH.json -h /dev/null --verbose -i /home/mpiuser/FASTQ/WGS/DRR216653_1.fastq.gz -I /home/mpiuser/FASTQ/WGS/DRR216653_2.fastq.gz -o /dev/shm/fastp_bench_DILENl_R1.fq.gz -O /dev/shm/fastp_bench_Ap7Pn7_R2.fq.gz 
fastp v1.3.3, time used: 692 seconds
================================================================

================================================================
 Application  : d0bromir_cpu (/home/mpiuser/bioauto_rev/fastp_d0bromir/fastp-cpu)
 Dataset      : WGS PE 40G (DRR216653 R1+R2)
 Files        : R1=/home/mpiuser/FASTQ/WGS/DRR216653_1.fastq.gz
               R2=/home/mpiuser/FASTQ/WGS/DRR216653_2.fastq.gz
 Type         : PE
 Threads      : 8
 Wall time    : 532.192 s
 reads_in     : 722563222
 reads_out    : 717214748
 vs_opengene  : -23.1%
--- Resource usage ---
 CPU avg/peak : 1620.9% / 2076.5%
 RSS peak     : 2212 MiB
 GPU util a/p : 0.0% / 0.0%
 GPU mem peak : 0 MiB
 Sample CSV   : /home/mpiuser/bioauto_rev/fastp_d0bromir/benchmark_results/20261003_181532/resources/resource_WGS_PE_40G_d0bromir_cpu_T8_1791053288.csv
--- Profiling output ---
[18:48:08] fastp 1.3.3-d0bromir starting 
[18:48:09] [fastp 1.3.3-d0bromir] Stage: loading 
[18:48:09] start to load data of read2 
[18:48:09] start to load data of read1 
[18:48:09] Read2: loaded 1M reads 
[18:48:10] Read1: loaded 1M reads 
[18:48:11] Read2: loaded 2M reads 
[18:48:11] Read1: loaded 2M reads 
[18:48:12] Read1: loaded 3M reads 
[18:48:12] Read2: loaded 3M reads 
[18:48:14] Read1: loaded 4M reads 
[18:48:14] Read2: loaded 4M reads 
[18:48:15] Read2: loaded 5M reads 
[18:48:15] Read1: loaded 5M reads 
[18:48:17] Read2: loaded 6M reads 
[18:48:17] Read1: loaded 6M reads 
[18:48:18] Read1: loaded 7M reads 
[18:48:18] Read2: loaded 7M reads 
[18:48:20] Read2: loaded 8M reads 
[18:48:20] Read1: loaded 8M reads 
[18:48:21] Read1: loaded 9M reads 
[18:48:21] Read2: loaded 9M reads 
[18:48:23] Read2: loaded 10M reads 
[18:48:23] Read1: loaded 10M reads 
[18:48:24] Read1: loaded 11M reads 
[18:48:24] Read2: loaded 11M reads 
[18:48:26] Read2: loaded 12M reads 
[18:48:26] Read1: loaded 12M reads 
[18:48:27] Read2: loaded 13M reads 
[18:48:27] Read1: loaded 13M reads 
[18:48:29] Read1: loaded 14M reads 
[18:48:29] Read2: loaded 14M reads 
[18:48:30] Read2: loaded 15M reads 
[18:48:30] Read1: loaded 15M reads 
[18:48:32] Read2: loaded 16M reads 
[18:48:32] Read1: loaded 16M reads 
[18:48:33] Read1: loaded 17M reads 
[18:48:33] Read2: loaded 17M reads 
[18:48:35] Read2: loaded 18M reads 
[18:48:35] Read1: loaded 18M reads 
[18:48:36] Read2: loaded 19M reads 
[18:48:36] Read1: loaded 19M reads 
[18:48:38] Read1: loaded 20M reads 
[18:48:38] Read2: loaded 20M reads 
[18:48:39] Read2: loaded 21M reads 
[18:48:39] Read1: loaded 21M reads 
[18:48:41] Read2: loaded 22M reads 
[18:48:41] Read1: loaded 22M reads 
[18:48:42] Read1: loaded 23M reads 
[18:48:42] Read2: loaded 23M reads 
[18:48:44] Read1: loaded 24M reads 
[18:48:44] Read2: loaded 24M reads 
[18:48:45] Read1: loaded 25M reads 
[18:48:45] Read2: loaded 25M reads 
[18:48:46] Read2: loaded 26M reads 
[18:48:46] Read1: loaded 26M reads 
[18:48:48] Read2: loaded 27M reads 
[18:48:48] Read1: loaded 27M reads 
[18:48:49] Read2: loaded 28M reads 
[18:48:49] Read1: loaded 28M reads 
[18:48:51] Read2: loaded 29M reads 
[18:48:51] Read1: loaded 29M reads 
[18:48:52] Read1: loaded 30M reads 
[18:48:52] Read2: loaded 30M reads 
[18:48:54] Read1: loaded 31M reads 
[18:48:54] Read2: loaded 31M reads 
[18:48:55] Read1: loaded 32M reads 
[18:48:55] Read2: loaded 32M reads 
[18:48:57] Read2: loaded 33M reads 
[18:48:57] Read1: loaded 33M reads 
[18:48:58] Read2: loaded 34M reads 
[18:48:58] Read1: loaded 34M reads 
[18:49:00] Read1: loaded 35M reads 
[18:49:00] Read2: loaded 35M reads 
[18:49:01] Read2: loaded 36M reads 
[18:49:01] Read1: loaded 36M reads 
[18:49:03] Read2: loaded 37M reads 
[18:49:03] Read1: loaded 37M reads 
[18:49:04] Read2: loaded 38M reads 
[18:49:04] Read1: loaded 38M reads 
[18:49:06] Read1: loaded 39M reads 
[18:49:06] Read2: loaded 39M reads 
[18:49:07] Read1: loaded 40M reads 
[18:49:07] Read2: loaded 40M reads 
[18:49:09] Read1: loaded 41M reads 
[18:49:09] Read2: loaded 41M reads 
[18:49:10] Read2: loaded 42M reads 
[18:49:10] Read1: loaded 42M reads 
[18:49:12] Read1: loaded 43M reads 
[18:49:12] Read2: loaded 43M reads 
[18:49:13] Read2: loaded 44M reads 
[18:49:13] Read1: loaded 44M reads 
[18:49:15] Read1: loaded 45M reads 
[18:49:15] Read2: loaded 45M reads 
[18:49:16] Read1: loaded 46M reads 
[18:49:16] Read2: loaded 46M reads 
[18:49:17] Read2: loaded 47M reads 
[18:49:17] Read1: loaded 47M reads 
[18:49:19] Read1: loaded 48M reads 
[18:49:19] Read2: loaded 48M reads 
[18:49:20] Read2: loaded 49M reads 
[18:49:20] Read1: loaded 49M reads 
[18:49:22] Read2: loaded 50M reads 
[18:49:22] Read1: loaded 50M reads 
[18:49:23] Read2: loaded 51M reads 
[18:49:23] Read1: loaded 51M reads 
[18:49:25] Read1: loaded 52M reads 
[18:49:25] Read2: loaded 52M reads 
[18:49:26] Read2: loaded 53M reads 
[18:49:26] Read1: loaded 53M reads 
[18:49:28] Read1: loaded 54M reads 
[18:49:28] Read2: loaded 54M reads 
[18:49:29] Read2: loaded 55M reads 
[18:49:29] Read1: loaded 55M reads 
[18:49:31] Read2: loaded 56M reads 
[18:49:31] Read1: loaded 56M reads 
[18:49:32] Read1: loaded 57M reads 
[18:49:32] Read2: loaded 57M reads 
[18:49:34] Read2: loaded 58M reads 
[18:49:34] Read1: loaded 58M reads 
[18:49:35] Read2: loaded 59M reads 
[18:49:35] Read1: loaded 59M reads 
[18:49:37] Read2: loaded 60M reads 
[18:49:37] Read1: loaded 60M reads 
[18:49:38] Read1: loaded 61M reads 
[18:49:38] Read2: loaded 61M reads 
[18:49:40] Read2: loaded 62M reads 
[18:49:40] Read1: loaded 62M reads 
[18:49:41] Read2: loaded 63M reads 
[18:49:41] Read1: loaded 63M reads 
[18:49:43] Read1: loaded 64M reads 
[18:49:43] Read2: loaded 64M reads 
[18:49:44] Read1: loaded 65M reads 
[18:49:44] Read2: loaded 65M reads 
[18:49:46] Read2: loaded 66M reads 
[18:49:46] Read1: loaded 66M reads 
[18:49:47] Read2: loaded 67M reads 
[18:49:47] Read1: loaded 67M reads 
[18:49:48] Read1: loaded 68M reads 
[18:49:48] Read2: loaded 68M reads 
[18:49:50] Read2: loaded 69M reads 
[18:49:50] Read1: loaded 69M reads 
[18:49:51] Read2: loaded 70M reads 
[18:49:51] Read1: loaded 70M reads 
[18:49:53] Read1: loaded 71M reads 
[18:49:53] Read2: loaded 71M reads 
[18:49:54] Read1: loaded 72M reads 
[18:49:54] Read2: loaded 72M reads 
[18:49:56] Read1: loaded 73M reads 
[18:49:56] Read2: loaded 73M reads 
[18:49:57] Read2: loaded 74M reads 
[18:49:57] Read1: loaded 74M reads 
[18:49:59] Read1: loaded 75M reads 
[18:49:59] Read2: loaded 75M reads 
[18:50:00] Read1: loaded 76M reads 
[18:50:00] Read2: loaded 76M reads 
[18:50:02] Read2: loaded 77M reads 
[18:50:02] Read1: loaded 77M reads 
[18:50:03] Read2: loaded 78M reads 
[18:50:03] Read1: loaded 78M reads 
[18:50:05] Read2: loaded 79M reads 
[18:50:05] Read1: loaded 79M reads 
[18:50:06] Read2: loaded 80M reads 
[18:50:06] Read1: loaded 80M reads 
[18:50:08] Read2: loaded 81M reads 
[18:50:08] Read1: loaded 81M reads 
[18:50:09] Read1: loaded 82M reads 
[18:50:09] Read2: loaded 82M reads 
[18:50:11] Read2: loaded 83M reads 
[18:50:11] Read1: loaded 83M reads 
[18:50:12] Read2: loaded 84M reads 
[18:50:12] Read1: loaded 84M reads 
[18:50:14] Read2: loaded 85M reads 
[18:50:14] Read1: loaded 85M reads 
[18:50:15] Read2: loaded 86M reads 
[18:50:15] Read1: loaded 86M reads 
[18:50:17] Read1: loaded 87M reads 
[18:50:17] Read2: loaded 87M reads 
[18:50:18] Read1: loaded 88M reads 
[18:50:18] Read2: loaded 88M reads 
[18:50:20] Read2: loaded 89M reads 
[18:50:20] Read1: loaded 89M reads 
[18:50:21] Read2: loaded 90M reads 
[18:50:21] Read1: loaded 90M reads 
[18:50:22] Read1: loaded 91M reads 
[18:50:22] Read2: loaded 91M reads 
[18:50:24] Read2: loaded 92M reads 
[18:50:24] Read1: loaded 92M reads 
[18:50:25] Read2: loaded 93M reads 
[18:50:25] Read1: loaded 93M reads 
[18:50:27] Read1: loaded 94M reads 
[18:50:27] Read2: loaded 94M reads 
[18:50:28] Read1: loaded 95M reads 
[18:50:28] Read2: loaded 95M reads 
[18:50:30] Read2: loaded 96M reads 
[18:50:30] Read1: loaded 96M reads 
[18:50:31] Read2: loaded 97M reads 
[18:50:31] Read1: loaded 97M reads 
[18:50:33] Read2: loaded 98M reads 
[18:50:33] Read1: loaded 98M reads 
[18:50:34] Read1: loaded 99M reads 
[18:50:34] Read2: loaded 99M reads 
[18:50:36] Read1: loaded 100M reads 
[18:50:36] Read2: loaded 100M reads 
[18:50:37] Read1: loaded 101M reads 
[18:50:37] Read2: loaded 101M reads 
[18:50:39] Read1: loaded 102M reads 
[18:50:39] Read2: loaded 102M reads 
[18:50:40] Read1: loaded 103M reads 
[18:50:40] Read2: loaded 103M reads 
[18:50:42] Read2: loaded 104M reads 
[18:50:42] Read1: loaded 104M reads 
[18:50:43] Read2: loaded 105M reads 
[18:50:43] Read1: loaded 105M reads 
[18:50:45] Read2: loaded 106M reads 
[18:50:45] Read1: loaded 106M reads 
[18:50:46] Read1: loaded 107M reads 
[18:50:46] Read2: loaded 107M reads 
[18:50:48] Read1: loaded 108M reads 
[18:50:48] Read2: loaded 108M reads 
[18:50:49] Read1: loaded 109M reads 
[18:50:49] Read2: loaded 109M reads 
[18:50:51] Read1: loaded 110M reads 
[18:50:51] Read2: loaded 110M reads 
[18:50:52] Read1: loaded 111M reads 
[18:50:52] Read2: loaded 111M reads 
[18:50:53] Read1: loaded 112M reads 
[18:50:53] Read2: loaded 112M reads 
[18:50:55] Read2: loaded 113M reads 
[18:50:55] Read1: loaded 113M reads 
[18:50:56] Read1: loaded 114M reads 
[18:50:56] Read2: loaded 114M reads 
[18:50:58] Read1: loaded 115M reads 
[18:50:58] Read2: loaded 115M reads 
[18:50:59] Read1: loaded 116M reads 
[18:50:59] Read2: loaded 116M reads 
[18:51:01] Read2: loaded 117M reads 
[18:51:01] Read1: loaded 117M reads 
[18:51:02] Read1: loaded 118M reads 
[18:51:02] Read2: loaded 118M reads 
[18:51:04] Read1: loaded 119M reads 
[18:51:04] Read2: loaded 119M reads 
[18:51:05] Read2: loaded 120M reads 
[18:51:05] Read1: loaded 120M reads 
[18:51:07] Read1: loaded 121M reads 
[18:51:07] Read2: loaded 121M reads 
[18:51:08] Read1: loaded 122M reads 
[18:51:08] Read2: loaded 122M reads 
[18:51:10] Read1: loaded 123M reads 
[18:51:10] Read2: loaded 123M reads 
[18:51:11] Read2: loaded 124M reads 
[18:51:11] Read1: loaded 124M reads 
[18:51:13] Read1: loaded 125M reads 
[18:51:13] Read2: loaded 125M reads 
[18:51:14] Read1: loaded 126M reads 
[18:51:14] Read2: loaded 126M reads 
[18:51:16] Read1: loaded 127M reads 
[18:51:16] Read2: loaded 127M reads 
[18:51:17] Read2: loaded 128M reads 
[18:51:17] Read1: loaded 128M reads 
[18:51:18] Read2: loaded 129M reads 
[18:51:19] Read1: loaded 129M reads 
[18:51:20] Read2: loaded 130M reads 
[18:51:20] Read1: loaded 130M reads 
[18:51:21] Read1: loaded 131M reads 
[18:51:21] Read2: loaded 131M reads 
[18:51:23] Read2: loaded 132M reads 
[18:51:23] Read1: loaded 132M reads 
[18:51:24] Read2: loaded 133M reads 
[18:51:24] Read1: loaded 133M reads 
[18:51:26] Read1: loaded 134M reads 
[18:51:26] Read2: loaded 134M reads 
[18:51:27] Read2: loaded 135M reads 
[18:51:27] Read1: loaded 135M reads 
[18:51:29] Read2: loaded 136M reads 
[18:51:29] Read1: loaded 136M reads 
[18:51:30] Read2: loaded 137M reads 
[18:51:30] Read1: loaded 137M reads 
[18:51:32] Read1: loaded 138M reads 
[18:51:32] Read2: loaded 138M reads 
[18:51:33] Read2: loaded 139M reads 
[18:51:33] Read1: loaded 139M reads 
[18:51:34] Read1: loaded 140M reads 
[18:51:34] Read2: loaded 140M reads 
[18:51:36] Read2: loaded 141M reads 
[18:51:36] Read1: loaded 141M reads 
[18:51:37] Read2: loaded 142M reads 
[18:51:37] Read1: loaded 142M reads 
[18:51:39] Read1: loaded 143M reads 
[18:51:39] Read2: loaded 143M reads 
[18:51:40] Read1: loaded 144M reads 
[18:51:40] Read2: loaded 144M reads 
[18:51:42] Read1: loaded 145M reads 
[18:51:42] Read2: loaded 145M reads 
[18:51:43] Read1: loaded 146M reads 
[18:51:43] Read2: loaded 146M reads 
[18:51:45] Read2: loaded 147M reads 
[18:51:45] Read1: loaded 147M reads 
[18:51:46] Read2: loaded 148M reads 
[18:51:46] Read1: loaded 148M reads 
[18:51:48] Read1: loaded 149M reads 
[18:51:48] Read2: loaded 149M reads 
[18:51:49] Read2: loaded 150M reads 
[18:51:49] Read1: loaded 150M reads 
[18:51:51] Read1: loaded 151M reads 
[18:51:51] Read2: loaded 151M reads 
[18:51:52] Read1: loaded 152M reads 
[18:51:52] Read2: loaded 152M reads 
[18:51:53] Read1: loaded 153M reads 
[18:51:53] Read2: loaded 153M reads 
[18:51:55] Read1: loaded 154M reads 
[18:51:55] Read2: loaded 154M reads 
[18:51:56] Read2: loaded 155M reads 
[18:51:56] Read1: loaded 155M reads 
[18:51:58] Read2: loaded 156M reads 
[18:51:58] Read1: loaded 156M reads 
[18:51:59] Read1: loaded 157M reads 
[18:51:59] Read2: loaded 157M reads 
[18:52:01] Read2: loaded 158M reads 
[18:52:01] Read1: loaded 158M reads 
[18:52:02] Read2: loaded 159M reads 
[18:52:02] Read1: loaded 159M reads 
[18:52:04] Read1: loaded 160M reads 
[18:52:04] Read2: loaded 160M reads 
[18:52:05] Read1: loaded 161M reads 
[18:52:05] Read2: loaded 161M reads 
[18:52:07] Read2: loaded 162M reads 
[18:52:07] Read1: loaded 162M reads 
[18:52:08] Read2: loaded 163M reads 
[18:52:08] Read1: loaded 163M reads 
[18:52:09] Read2: loaded 164M reads 
[18:52:09] Read1: loaded 164M reads 
[18:52:11] Read1: loaded 165M reads 
[18:52:11] Read2: loaded 165M reads 
[18:52:12] Read2: loaded 166M reads 
[18:52:12] Read1: loaded 166M reads 
[18:52:14] Read1: loaded 167M reads 
[18:52:14] Read2: loaded 167M reads 
[18:52:15] Read1: loaded 168M reads 
[18:52:15] Read2: loaded 168M reads 
[18:52:17] Read1: loaded 169M reads 
[18:52:17] Read2: loaded 169M reads 
[18:52:18] Read2: loaded 170M reads 
[18:52:18] Read1: loaded 170M reads 
[18:52:20] Read1: loaded 171M reads 
[18:52:20] Read2: loaded 171M reads 
[18:52:21] Read2: loaded 172M reads 
[18:52:21] Read1: loaded 172M reads 
[18:52:23] Read2: loaded 173M reads 
[18:52:23] Read1: loaded 173M reads 
[18:52:24] Read2: loaded 174M reads 
[18:52:24] Read1: loaded 174M reads 
[18:52:25] Read2: loaded 175M reads 
[18:52:25] Read1: loaded 175M reads 
[18:52:27] Read1: loaded 176M reads 
[18:52:27] Read2: loaded 176M reads 
[18:52:28] Read2: loaded 177M reads 
[18:52:28] Read1: loaded 177M reads 
[18:52:30] Read2: loaded 178M reads 
[18:52:30] Read1: loaded 178M reads 
[18:52:31] Read1: loaded 179M reads 
[18:52:31] Read2: loaded 179M reads 
[18:52:33] Read2: loaded 180M reads 
[18:52:33] Read1: loaded 180M reads 
[18:52:34] Read2: loaded 181M reads 
[18:52:34] Read1: loaded 181M reads 
[18:52:36] Read2: loaded 182M reads 
[18:52:36] Read1: loaded 182M reads 
[18:52:37] Read1: loaded 183M reads 
[18:52:37] Read2: loaded 183M reads 
[18:52:39] Read2: loaded 184M reads 
[18:52:39] Read1: loaded 184M reads 
[18:52:40] Read1: loaded 185M reads 
[18:52:40] Read2: loaded 185M reads 
[18:52:42] Read2: loaded 186M reads 
[18:52:42] Read1: loaded 186M reads 
[18:52:43] Read1: loaded 187M reads 
[18:52:43] Read2: loaded 187M reads 
[18:52:44] Read2: loaded 188M reads 
[18:52:44] Read1: loaded 188M reads 
[18:52:46] Read2: loaded 189M reads 
[18:52:46] Read1: loaded 189M reads 
[18:52:47] Read2: loaded 190M reads 
[18:52:47] Read1: loaded 190M reads 
[18:52:49] Read2: loaded 191M reads 
[18:52:49] Read1: loaded 191M reads 
[18:52:50] Read1: loaded 192M reads 
[18:52:50] Read2: loaded 192M reads 
[18:52:52] Read1: loaded 193M reads 
[18:52:52] Read2: loaded 193M reads 
[18:52:53] Read2: loaded 194M reads 
[18:52:53] Read1: loaded 194M reads 
[18:52:55] Read1: loaded 195M reads 
[18:52:55] Read2: loaded 195M reads 
[18:52:56] Read2: loaded 196M reads 
[18:52:56] Read1: loaded 196M reads 
[18:52:58] Read2: loaded 197M reads 
[18:52:58] Read1: loaded 197M reads 
[18:52:59] Read1: loaded 198M reads 
[18:52:59] Read2: loaded 198M reads 
[18:53:00] Read1: loaded 199M reads 
[18:53:00] Read2: loaded 199M reads 
[18:53:02] Read1: loaded 200M reads 
[18:53:02] Read2: loaded 200M reads 
[18:53:03] Read1: loaded 201M reads 
[18:53:03] Read2: loaded 201M reads 
[18:53:05] Read1: loaded 202M reads 
[18:53:05] Read2: loaded 202M reads 
[18:53:06] Read1: loaded 203M reads 
[18:53:06] Read2: loaded 203M reads 
[18:53:08] Read1: loaded 204M reads 
[18:53:08] Read2: loaded 204M reads 
[18:53:09] Read1: loaded 205M reads 
[18:53:09] Read2: loaded 205M reads 
[18:53:11] Read2: loaded 206M reads 
[18:53:11] Read1: loaded 206M reads 
[18:53:12] Read1: loaded 207M reads 
[18:53:12] Read2: loaded 207M reads 
[18:53:14] Read2: loaded 208M reads 
[18:53:14] Read1: loaded 208M reads 
[18:53:15] Read1: loaded 209M reads 
[18:53:15] Read2: loaded 209M reads 
[18:53:17] Read2: loaded 210M reads 
[18:53:17] Read1: loaded 210M reads 
[18:53:18] Read1: loaded 211M reads 
[18:53:18] Read2: loaded 211M reads 
[18:53:20] Read2: loaded 212M reads 
[18:53:20] Read1: loaded 212M reads 
[18:53:21] Read2: loaded 213M reads 
[18:53:21] Read1: loaded 213M reads 
[18:53:22] Read2: loaded 214M reads 
[18:53:22] Read1: loaded 214M reads 
[18:53:24] Read2: loaded 215M reads 
[18:53:24] Read1: loaded 215M reads 
[18:53:25] Read2: loaded 216M reads 
[18:53:25] Read1: loaded 216M reads 
[18:53:27] Read1: loaded 217M reads 
[18:53:27] Read2: loaded 217M reads 
[18:53:28] Read1: loaded 218M reads 
[18:53:28] Read2: loaded 218M reads 
[18:53:30] Read1: loaded 219M reads 
[18:53:30] Read2: loaded 219M reads 
[18:53:31] Read2: loaded 220M reads 
[18:53:31] Read1: loaded 220M reads 
[18:53:33] Read1: loaded 221M reads 
[18:53:33] Read2: loaded 221M reads 
[18:53:34] Read2: loaded 222M reads 
[18:53:34] Read1: loaded 222M reads 
[18:53:36] Read1: loaded 223M reads 
[18:53:36] Read2: loaded 223M reads 
[18:53:37] Read2: loaded 224M reads 
[18:53:37] Read1: loaded 224M reads 
[18:53:39] Read1: loaded 225M reads 
[18:53:39] Read2: loaded 225M reads 
[18:53:40] Read1: loaded 226M reads 
[18:53:40] Read2: loaded 226M reads 
[18:53:41] Read1: loaded 227M reads 
[18:53:41] Read2: loaded 227M reads 
[18:53:43] Read1: loaded 228M reads 
[18:53:43] Read2: loaded 228M reads 
[18:53:44] Read1: loaded 229M reads 
[18:53:44] Read2: loaded 229M reads 
[18:53:46] Read1: loaded 230M reads 
[18:53:46] Read2: loaded 230M reads 
[18:53:47] Read2: loaded 231M reads 
[18:53:47] Read1: loaded 231M reads 
[18:53:49] Read1: loaded 232M reads 
[18:53:49] Read2: loaded 232M reads 
[18:53:50] Read1: loaded 233M reads 
[18:53:50] Read2: loaded 233M reads 
[18:53:52] Read2: loaded 234M reads 
[18:53:52] Read1: loaded 234M reads 
[18:53:53] Read2: loaded 235M reads 
[18:53:53] Read1: loaded 235M reads 
[18:53:55] Read2: loaded 236M reads 
[18:53:55] Read1: loaded 236M reads 
[18:53:56] Read1: loaded 237M reads 
[18:53:56] Read2: loaded 237M reads 
[18:53:58] Read1: loaded 238M reads 
[18:53:58] Read2: loaded 238M reads 
[18:53:59] Read1: loaded 239M reads 
[18:53:59] Read2: loaded 239M reads 
[18:54:00] Read2: loaded 240M reads 
[18:54:00] Read1: loaded 240M reads 
[18:54:02] Read1: loaded 241M reads 
[18:54:02] Read2: loaded 241M reads 
[18:54:03] Read1: loaded 242M reads 
[18:54:03] Read2: loaded 242M reads 
[18:54:05] Read2: loaded 243M reads 
[18:54:05] Read1: loaded 243M reads 
[18:54:06] Read1: loaded 244M reads 
[18:54:06] Read2: loaded 244M reads 
[18:54:08] Read2: loaded 245M reads 
[18:54:08] Read1: loaded 245M reads 
[18:54:09] Read2: loaded 246M reads 
[18:54:09] Read1: loaded 246M reads 
[18:54:11] Read2: loaded 247M reads 
[18:54:11] Read1: loaded 247M reads 
[18:54:12] Read1: loaded 248M reads 
[18:54:12] Read2: loaded 248M reads 
[18:54:14] Read2: loaded 249M reads 
[18:54:14] Read1: loaded 249M reads 
[18:54:15] Read1: loaded 250M reads 
[18:54:15] Read2: loaded 250M reads 
[18:54:17] Read2: loaded 251M reads 
[18:54:17] Read1: loaded 251M reads 
[18:54:18] Read2: loaded 252M reads 
[18:54:18] Read1: loaded 252M reads 
[18:54:19] Read1: loaded 253M reads 
[18:54:19] Read2: loaded 253M reads 
[18:54:21] Read2: loaded 254M reads 
[18:54:21] Read1: loaded 254M reads 
[18:54:22] Read2: loaded 255M reads 
[18:54:22] Read1: loaded 255M reads 
[18:54:24] Read1: loaded 256M reads 
[18:54:24] Read2: loaded 256M reads 
[18:54:25] Read2: loaded 257M reads 
[18:54:25] Read1: loaded 257M reads 
[18:54:27] Read2: loaded 258M reads 
[18:54:27] Read1: loaded 258M reads 
[18:54:28] Read1: loaded 259M reads 
[18:54:28] Read2: loaded 259M reads 
[18:54:30] Read1: loaded 260M reads 
[18:54:30] Read2: loaded 260M reads 
[18:54:31] Read1: loaded 261M reads 
[18:54:31] Read2: loaded 261M reads 
[18:54:33] Read1: loaded 262M reads 
[18:54:33] Read2: loaded 262M reads 
[18:54:34] Read2: loaded 263M reads 
[18:54:34] Read1: loaded 263M reads 
[18:54:36] Read2: loaded 264M reads 
[18:54:36] Read1: loaded 264M reads 
[18:54:37] Read2: loaded 265M reads 
[18:54:37] Read1: loaded 265M reads 
[18:54:38] Read1: loaded 266M reads 
[18:54:38] Read2: loaded 266M reads 
[18:54:40] Read2: loaded 267M reads 
[18:54:40] Read1: loaded 267M reads 
[18:54:41] Read1: loaded 268M reads 
[18:54:41] Read2: loaded 268M reads 
[18:54:43] Read2: loaded 269M reads 
[18:54:43] Read1: loaded 269M reads 
[18:54:44] Read2: loaded 270M reads 
[18:54:44] Read1: loaded 270M reads 
[18:54:46] Read1: loaded 271M reads 
[18:54:46] Read2: loaded 271M reads 
[18:54:47] Read1: loaded 272M reads 
[18:54:47] Read2: loaded 272M reads 
[18:54:49] Read2: loaded 273M reads 
[18:54:49] Read1: loaded 273M reads 
[18:54:50] Read1: loaded 274M reads 
[18:54:50] Read2: loaded 274M reads 
[18:54:52] Read2: loaded 275M reads 
[18:54:52] Read1: loaded 275M reads 
[18:54:53] Read1: loaded 276M reads 
[18:54:53] Read2: loaded 276M reads 
[18:54:55] Read1: loaded 277M reads 
[18:54:55] Read2: loaded 277M reads 
[18:54:56] Read2: loaded 278M reads 
[18:54:56] Read1: loaded 278M reads 
[18:54:57] Read1: loaded 279M reads 
[18:54:57] Read2: loaded 279M reads 
[18:54:59] Read2: loaded 280M reads 
[18:54:59] Read1: loaded 280M reads 
[18:55:00] Read1: loaded 281M reads 
[18:55:00] Read2: loaded 281M reads 
[18:55:02] Read1: loaded 282M reads 
[18:55:02] Read2: loaded 282M reads 
[18:55:03] Read2: loaded 283M reads 
[18:55:03] Read1: loaded 283M reads 
[18:55:05] Read1: loaded 284M reads 
[18:55:05] Read2: loaded 284M reads 
[18:55:06] Read2: loaded 285M reads 
[18:55:06] Read1: loaded 285M reads 
[18:55:08] Read2: loaded 286M reads 
[18:55:08] Read1: loaded 286M reads 
[18:55:09] Read1: loaded 287M reads 
[18:55:09] Read2: loaded 287M reads 
[18:55:11] Read2: loaded 288M reads 
[18:55:11] Read1: loaded 288M reads 
[18:55:12] Read1: loaded 289M reads 
[18:55:12] Read2: loaded 289M reads 
[18:55:14] Read2: loaded 290M reads 
[18:55:14] Read1: loaded 290M reads 
[18:55:15] Read2: loaded 291M reads 
[18:55:15] Read1: loaded 291M reads 
[18:55:16] Read1: loaded 292M reads 
[18:55:16] Read2: loaded 292M reads 
[18:55:18] Read2: loaded 293M reads 
[18:55:18] Read1: loaded 293M reads 
[18:55:19] Read2: loaded 294M reads 
[18:55:19] Read1: loaded 294M reads 
[18:55:21] Read2: loaded 295M reads 
[18:55:21] Read1: loaded 295M reads 
[18:55:22] Read1: loaded 296M reads 
[18:55:22] Read2: loaded 296M reads 
[18:55:24] Read2: loaded 297M reads 
[18:55:24] Read1: loaded 297M reads 
[18:55:25] Read1: loaded 298M reads 
[18:55:25] Read2: loaded 298M reads 
[18:55:27] Read2: loaded 299M reads 
[18:55:27] Read1: loaded 299M reads 
[18:55:28] Read1: loaded 300M reads 
[18:55:28] Read2: loaded 300M reads 
[18:55:30] Read1: loaded 301M reads 
[18:55:30] Read2: loaded 301M reads 
[18:55:31] Read2: loaded 302M reads 
[18:55:31] Read1: loaded 302M reads 
[18:55:33] Read1: loaded 303M reads 
[18:55:33] Read2: loaded 303M reads 
[18:55:34] Read1: loaded 304M reads 
[18:55:34] Read2: loaded 304M reads 
[18:55:35] Read2: loaded 305M reads 
[18:55:35] Read1: loaded 305M reads 
[18:55:37] Read2: loaded 306M reads 
[18:55:37] Read1: loaded 306M reads 
[18:55:38] Read1: loaded 307M reads 
[18:55:38] Read2: loaded 307M reads 
[18:55:40] Read1: loaded 308M reads 
[18:55:40] Read2: loaded 308M reads 
[18:55:41] Read1: loaded 309M reads 
[18:55:41] Read2: loaded 309M reads 
[18:55:43] Read1: loaded 310M reads 
[18:55:43] Read2: loaded 310M reads 
[18:55:44] Read2: loaded 311M reads 
[18:55:44] Read1: loaded 311M reads 
[18:55:46] Read2: loaded 312M reads 
[18:55:46] Read1: loaded 312M reads 
[18:55:47] Read1: loaded 313M reads 
[18:55:47] Read2: loaded 313M reads 
[18:55:49] Read2: loaded 314M reads 
[18:55:49] Read1: loaded 314M reads 
[18:55:50] Read2: loaded 315M reads 
[18:55:50] Read1: loaded 315M reads 
[18:55:52] Read1: loaded 316M reads 
[18:55:52] Read2: loaded 316M reads 
[18:55:53] Read2: loaded 317M reads 
[18:55:53] Read1: loaded 317M reads 
[18:55:55] Read1: loaded 318M reads 
[18:55:55] Read2: loaded 318M reads 
[18:55:56] Read2: loaded 319M reads 
[18:55:56] Read1: loaded 319M reads 
[18:55:58] Read2: loaded 320M reads 
[18:55:58] Read1: loaded 320M reads 
[18:55:59] Read1: loaded 321M reads 
[18:55:59] Read2: loaded 321M reads 
[18:56:01] Read2: loaded 322M reads 
[18:56:01] Read1: loaded 322M reads 
[18:56:02] Read2: loaded 323M reads 
[18:56:02] Read1: loaded 323M reads 
[18:56:03] Read2: loaded 324M reads 
[18:56:03] Read1: loaded 324M reads 
[18:56:05] Read2: loaded 325M reads 
[18:56:05] Read1: loaded 325M reads 
[18:56:06] Read1: loaded 326M reads 
[18:56:06] Read2: loaded 326M reads 
[18:56:08] Read2: loaded 327M reads 
[18:56:08] Read1: loaded 327M reads 
[18:56:09] Read2: loaded 328M reads 
[18:56:09] Read1: loaded 328M reads 
[18:56:11] Read1: loaded 329M reads 
[18:56:11] Read2: loaded 329M reads 
[18:56:12] Read2: loaded 330M reads 
[18:56:12] Read1: loaded 330M reads 
[18:56:14] Read1: loaded 331M reads 
[18:56:14] Read2: loaded 331M reads 
[18:56:15] Read2: loaded 332M reads 
[18:56:15] Read1: loaded 332M reads 
[18:56:17] Read2: loaded 333M reads 
[18:56:17] Read1: loaded 333M reads 
[18:56:18] Read2: loaded 334M reads 
[18:56:18] Read1: loaded 334M reads 
[18:56:20] Read2: loaded 335M reads 
[18:56:20] Read1: loaded 335M reads 
[18:56:21] Read1: loaded 336M reads 
[18:56:21] Read2: loaded 336M reads 
[18:56:23] Read1: loaded 337M reads 
[18:56:23] Read2: loaded 337M reads 
[18:56:24] Read1: loaded 338M reads 
[18:56:24] Read2: loaded 338M reads 
[18:56:26] Read2: loaded 339M reads 
[18:56:26] Read1: loaded 339M reads 
[18:56:27] Read2: loaded 340M reads 
[18:56:27] Read1: loaded 340M reads 
[18:56:29] Read2: loaded 341M reads 
[18:56:29] Read1: loaded 341M reads 
[18:56:30] Read1: loaded 342M reads 
[18:56:30] Read2: loaded 342M reads 
[18:56:32] Read2: loaded 343M reads 
[18:56:32] Read1: loaded 343M reads 
[18:56:33] Read2: loaded 344M reads 
[18:56:33] Read1: loaded 344M reads 
[18:56:35] Read1: loaded 345M reads 
[18:56:35] Read2: loaded 345M reads 
[18:56:36] Read1: loaded 346M reads 
[18:56:36] Read2: loaded 346M reads 
[18:56:37] Read1: loaded 347M reads 
[18:56:38] Read2: loaded 347M reads 
[18:56:39] Read1: loaded 348M reads 
[18:56:39] Read2: loaded 348M reads 
[18:56:40] Read2: loaded 349M reads 
[18:56:40] Read1: loaded 349M reads 
[18:56:42] Read2: loaded 350M reads 
[18:56:42] Read1: loaded 350M reads 
[18:56:43] Read2: loaded 351M reads 
[18:56:43] Read1: loaded 351M reads 
[18:56:45] Read2: loaded 352M reads 
[18:56:45] Read1: loaded 352M reads 
[18:56:46] Read2: loaded 353M reads 
[18:56:46] Read1: loaded 353M reads 
[18:56:48] Read1: loaded 354M reads 
[18:56:48] Read2: loaded 354M reads 
[18:56:49] Read2: loaded 355M reads 
[18:56:49] Read1: loaded 355M reads 
[18:56:51] Read2: loaded 356M reads 
[18:56:51] Read1: loaded 356M reads 
[18:56:52] Read1: loaded 357M reads 
[18:56:52] Read2: loaded 357M reads 
[18:56:54] Read2: loaded 358M reads 
[18:56:54] Read1: loaded 358M reads 
[18:56:55] Read1: loaded 359M reads 
[18:56:55] Read2: loaded 359M reads 
[18:56:57] Read2: loaded 360M reads 
[18:56:57] Read1: loaded 360M reads 
[18:56:58] Read2: loaded 361M reads 
[18:56:58] Read1: loaded 361M reads 
[18:56:59] Read1: loading completed with 44102 packs 
[18:56:59] Read2: loading completed with 44102 packs 
[18:56:59] [fastp 1.3.3-d0bromir] Stage: loading (530001 ms) 
[18:56:59] [fastp 1.3.3-d0bromir] Stage: filtering 
[18:56:59] thread 1 data processing completed 
[18:56:59] thread 1 finished 
[18:56:59] thread 4 data processing completed 
[18:56:59] thread 4 finished 
[18:56:59] thread 3 data processing completed 
[18:56:59] thread 3 finished 
[18:56:59] thread 5 data processing completed 
[18:56:59] thread 5 finished 
[18:56:59] thread 2 data processing completed 
[18:56:59] thread 2 finished 
[18:56:59] thread 7 data processing completed 
[18:56:59] thread 7 finished 
[18:56:59] thread 8 data processing completed 
[18:56:59] thread 8 finished 
[18:56:59] thread 6 data processing completed 
[18:56:59] thread 6 finished 
[18:56:59] [fastp 1.3.3-d0bromir] Stage: filtering (773 ms) 
[18:56:59] [fastp 1.3.3-d0bromir] Stage: writing 
[18:56:59] /dev/shm/fastp_bench_jxCtG9_R1.fq.gz writer finished 
[18:56:59] /dev/shm/fastp_bench_7isxbo_R2.fq.gz writer finished 
[18:56:59] [fastp 1.3.3-d0bromir] Stage: writing (27 ms) 
[18:56:59] start to generate reports
 
Read1 before filtering:
total reads: 361281611
total bases: 54192241650
Q20 bases: 54123398100(99.873%)
Q30 bases: 54123398100(99.873%)
Q40 bases: 0(0%)

Read2 before filtering:
total reads: 361281611
total bases: 54192241650
Q20 bases: 53855170050(99.378%)
Q30 bases: 53855170050(99.378%)
Q40 bases: 0(0%)

Read1 after filtering:
total reads: 358607374
total bases: 53574361382
Q20 bases: 53574361382(100%)
Q30 bases: 53574361382(100%)
Q40 bases: 0(0%)

Read2 after filtering:
total reads: 358607374
total bases: 53574361382
Q20 bases: 53574361382(100%)
Q30 bases: 53574361382(100%)
Q40 bases: 0(0%)

Filtering result:
reads passed filter: 717214748
reads failed due to low quality: 5328396
reads failed due to too many N: 20078
reads failed due to too short: 0
reads failed due to adapter dimer: 0
reads with adapter trimmed: 9627740
bases trimmed due to adapters: 442711160

Duplication rate: 5.60214%

Insert size peak (evaluated by paired-end reads): 269

JSON report: /dev/shm/fastp_bench_apm3jK.json
HTML report: /dev/null

/home/mpiuser/bioauto_rev/fastp_d0bromir/fastp-cpu -w 8 -j /dev/shm/fastp_bench_apm3jK.json -h /dev/null --verbose -i /home/mpiuser/FASTQ/WGS/DRR216653_1.fastq.gz -I /home/mpiuser/FASTQ/WGS/DRR216653_2.fastq.gz -o /dev/shm/fastp_bench_jxCtG9_R1.fq.gz -O /dev/shm/fastp_bench_7isxbo_R2.fq.gz 
fastp v1.3.3-d0bromir, time used: 532 seconds
================================================================

================================================================
 Application  : d0bromir_gpu (/home/mpiuser/bioauto_rev/fastp_d0bromir/fastp)
 Dataset      : WGS PE 40G (DRR216653 R1+R2)
 Files        : R1=/home/mpiuser/FASTQ/WGS/DRR216653_1.fastq.gz
               R2=/home/mpiuser/FASTQ/WGS/DRR216653_2.fastq.gz
 Type         : PE
 Threads      : 8
 Wall time    : 469.666 s
 reads_in     : 722563222
 reads_out    : 717214748
 vs_opengene  : -32.1%
--- Resource usage ---
 CPU avg/peak : 1681.1% / 2348.5%
 RSS peak     : 2944 MiB
 GPU util a/p : 13.8% / 16.0%
 GPU mem peak : 1360 MiB
 Sample CSV   : /home/mpiuser/bioauto_rev/fastp_d0bromir/benchmark_results/20261003_181532/resources/resource_WGS_PE_40G_d0bromir_gpu_T8_1791055097.csv
--- Profiling output ---
[19:18:17] fastp 1.3.3-d0bromir starting 
[19:18:18] [GPU] CUDA GPU available (Device 0) - statistics GPU-accelerated (slots=8) 
[19:18:18] [fastp 1.3.3-d0bromir] Stage: loading 
[19:18:18] start to load data of read1 
[19:18:18] start to load data of read2 
[19:18:18] [GPU] CUDA GPU available (Device 1) - statistics GPU-accelerated (slots=8) 
[19:18:18] [GPU] Dual-GPU mode: Device 0 + Device 1 active 
[19:18:19] Read2: loaded 1M reads 
[19:18:19] Read1: loaded 1M reads 
[19:18:20] Read1: loaded 2M reads 
[19:18:20] Read2: loaded 2M reads 
[19:18:21] Read2: loaded 3M reads 
[19:18:21] Read1: loaded 3M reads 
[19:18:23] Read2: loaded 4M reads 
[19:18:23] Read1: loaded 4M reads 
[19:18:24] Read2: loaded 5M reads 
[19:18:24] Read1: loaded 5M reads 
[19:18:25] Read1: loaded 6M reads 
[19:18:25] Read2: loaded 6M reads 
[19:18:27] Read2: loaded 7M reads 
[19:18:27] Read1: loaded 7M reads 
[19:18:28] Read2: loaded 8M reads 
[19:18:28] Read1: loaded 8M reads 
[19:18:29] Read1: loaded 9M reads 
[19:18:29] Read2: loaded 9M reads 
[19:18:30] Read2: loaded 10M reads 
[19:18:30] Read1: loaded 10M reads 
[19:18:32] Read2: loaded 11M reads 
[19:18:32] Read1: loaded 11M reads 
[19:18:33] Read2: loaded 12M reads 
[19:18:33] Read1: loaded 12M reads 
[19:18:34] Read1: loaded 13M reads 
[19:18:34] Read2: loaded 13M reads 
[19:18:36] Read1: loaded 14M reads 
[19:18:36] Read2: loaded 14M reads 
[19:18:37] Read2: loaded 15M reads 
[19:18:37] Read1: loaded 15M reads 
[19:18:38] Read2: loaded 16M reads 
[19:18:38] Read1: loaded 16M reads 
[19:18:40] Read2: loaded 17M reads 
[19:18:40] Read1: loaded 17M reads 
[19:18:41] Read1: loaded 18M reads 
[19:18:41] Read2: loaded 18M reads 
[19:18:42] Read1: loaded 19M reads 
[19:18:42] Read2: loaded 19M reads 
[19:18:44] Read1: loaded 20M reads 
[19:18:44] Read2: loaded 20M reads 
[19:18:45] Read1: loaded 21M reads 
[19:18:45] Read2: loaded 21M reads 
[19:18:46] Read2: loaded 22M reads 
[19:18:46] Read1: loaded 22M reads 
[19:18:47] Read1: loaded 23M reads 
[19:18:47] Read2: loaded 23M reads 
[19:18:49] Read1: loaded 24M reads 
[19:18:49] Read2: loaded 24M reads 
[19:18:50] Read1: loaded 25M reads 
[19:18:50] Read2: loaded 25M reads 
[19:18:51] Read2: loaded 26M reads 
[19:18:51] Read1: loaded 26M reads 
[19:18:53] Read2: loaded 27M reads 
[19:18:53] Read1: loaded 27M reads 
[19:18:54] Read1: loaded 28M reads 
[19:18:54] Read2: loaded 28M reads 
[19:18:55] Read2: loaded 29M reads 
[19:18:55] Read1: loaded 29M reads 
[19:18:57] Read1: loaded 30M reads 
[19:18:57] Read2: loaded 30M reads 
[19:18:58] Read2: loaded 31M reads 
[19:18:58] Read1: loaded 31M reads 
[19:18:59] Read1: loaded 32M reads 
[19:18:59] Read2: loaded 32M reads 
[19:19:00] Read1: loaded 33M reads 
[19:19:00] Read2: loaded 33M reads 
[19:19:02] Read1: loaded 34M reads 
[19:19:02] Read2: loaded 34M reads 
[19:19:03] Read1: loaded 35M reads 
[19:19:03] Read2: loaded 35M reads 
[19:19:04] Read1: loaded 36M reads 
[19:19:04] Read2: loaded 36M reads 
[19:19:06] Read2: loaded 37M reads 
[19:19:06] Read1: loaded 37M reads 
[19:19:07] Read1: loaded 38M reads 
[19:19:07] Read2: loaded 38M reads 
[19:19:08] Read1: loaded 39M reads 
[19:19:08] Read2: loaded 39M reads 
[19:19:10] Read1: loaded 40M reads 
[19:19:10] Read2: loaded 40M reads 
[19:19:11] Read1: loaded 41M reads 
[19:19:11] Read2: loaded 41M reads 
[19:19:12] Read2: loaded 42M reads 
[19:19:12] Read1: loaded 42M reads 
[19:19:13] Read2: loaded 43M reads 
[19:19:13] Read1: loaded 43M reads 
[19:19:15] Read1: loaded 44M reads 
[19:19:15] Read2: loaded 44M reads 
[19:19:16] Read1: loaded 45M reads 
[19:19:16] Read2: loaded 45M reads 
[19:19:17] Read2: loaded 46M reads 
[19:19:17] Read1: loaded 46M reads 
[19:19:19] Read1: loaded 47M reads 
[19:19:19] Read2: loaded 47M reads 
[19:19:20] Read1: loaded 48M reads 
[19:19:20] Read2: loaded 48M reads 
[19:19:21] Read1: loaded 49M reads 
[19:19:21] Read2: loaded 49M reads 
[19:19:23] Read1: loaded 50M reads 
[19:19:23] Read2: loaded 50M reads 
[19:19:24] Read2: loaded 51M reads 
[19:19:24] Read1: loaded 51M reads 
[19:19:25] Read1: loaded 52M reads 
[19:19:25] Read2: loaded 52M reads 
[19:19:27] Read1: loaded 53M reads 
[19:19:27] Read2: loaded 53M reads 
[19:19:28] Read1: loaded 54M reads 
[19:19:28] Read2: loaded 54M reads 
[19:19:29] Read1: loaded 55M reads 
[19:19:29] Read2: loaded 55M reads 
[19:19:30] Read2: loaded 56M reads 
[19:19:30] Read1: loaded 56M reads 
[19:19:32] Read2: loaded 57M reads 
[19:19:32] Read1: loaded 57M reads 
[19:19:33] Read1: loaded 58M reads 
[19:19:33] Read2: loaded 58M reads 
[19:19:34] Read2: loaded 59M reads 
[19:19:34] Read1: loaded 59M reads 
[19:19:36] Read1: loaded 60M reads 
[19:19:36] Read2: loaded 60M reads 
[19:19:37] Read1: loaded 61M reads 
[19:19:37] Read2: loaded 61M reads 
[19:19:38] Read2: loaded 62M reads 
[19:19:38] Read1: loaded 62M reads 
[19:19:40] Read2: loaded 63M reads 
[19:19:40] Read1: loaded 63M reads 
[19:19:41] Read1: loaded 64M reads 
[19:19:41] Read2: loaded 64M reads 
[19:19:42] Read2: loaded 65M reads 
[19:19:42] Read1: loaded 65M reads 
[19:19:43] Read2: loaded 66M reads 
[19:19:43] Read1: loaded 66M reads 
[19:19:45] Read1: loaded 67M reads 
[19:19:45] Read2: loaded 67M reads 
[19:19:46] Read2: loaded 68M reads 
[19:19:46] Read1: loaded 68M reads 
[19:19:47] Read1: loaded 69M reads 
[19:19:47] Read2: loaded 69M reads 
[19:19:49] Read1: loaded 70M reads 
[19:19:49] Read2: loaded 70M reads 
[19:19:50] Read1: loaded 71M reads 
[19:19:50] Read2: loaded 71M reads 
[19:19:51] Read1: loaded 72M reads 
[19:19:51] Read2: loaded 72M reads 
[19:19:53] Read1: loaded 73M reads 
[19:19:53] Read2: loaded 73M reads 
[19:19:54] Read1: loaded 74M reads 
[19:19:54] Read2: loaded 74M reads 
[19:19:55] Read2: loaded 75M reads 
[19:19:55] Read1: loaded 75M reads 
[19:19:56] Read1: loaded 76M reads 
[19:19:56] Read2: loaded 76M reads 
[19:19:58] Read2: loaded 77M reads 
[19:19:58] Read1: loaded 77M reads 
[19:19:59] Read2: loaded 78M reads 
[19:19:59] Read1: loaded 78M reads 
[19:20:00] Read1: loaded 79M reads 
[19:20:00] Read2: loaded 79M reads 
[19:20:02] Read2: loaded 80M reads 
[19:20:02] Read1: loaded 80M reads 
[19:20:03] Read1: loaded 81M reads 
[19:20:03] Read2: loaded 81M reads 
[19:20:04] Read1: loaded 82M reads 
[19:20:04] Read2: loaded 82M reads 
[19:20:06] Read1: loaded 83M reads 
[19:20:06] Read2: loaded 83M reads 
[19:20:07] Read2: loaded 84M reads 
[19:20:07] Read1: loaded 84M reads 
[19:20:08] Read1: loaded 85M reads 
[19:20:08] Read2: loaded 85M reads 
[19:20:10] Read1: loaded 86M reads 
[19:20:10] Read2: loaded 86M reads 
[19:20:11] Read1: loaded 87M reads 
[19:20:11] Read2: loaded 87M reads 
[19:20:12] Read1: loaded 88M reads 
[19:20:12] Read2: loaded 88M reads 
[19:20:13] Read2: loaded 89M reads 
[19:20:13] Read1: loaded 89M reads 
[19:20:15] Read2: loaded 90M reads 
[19:20:15] Read1: loaded 90M reads 
[19:20:16] Read1: loaded 91M reads 
[19:20:16] Read2: loaded 91M reads 
[19:20:17] Read1: loaded 92M reads 
[19:20:17] Read2: loaded 92M reads 
[19:20:19] Read2: loaded 93M reads 
[19:20:19] Read1: loaded 93M reads 
[19:20:20] Read1: loaded 94M reads 
[19:20:20] Read2: loaded 94M reads 
[19:20:21] Read1: loaded 95M reads 
[19:20:21] Read2: loaded 95M reads 
[19:20:23] Read2: loaded 96M reads 
[19:20:23] Read1: loaded 96M reads 
[19:20:24] Read2: loaded 97M reads 
[19:20:24] Read1: loaded 97M reads 
[19:20:25] Read2: loaded 98M reads 
[19:20:25] Read1: loaded 98M reads 
[19:20:26] Read2: loaded 99M reads 
[19:20:26] Read1: loaded 99M reads 
[19:20:28] Read2: loaded 100M reads 
[19:20:28] Read1: loaded 100M reads 
[19:20:29] Read1: loaded 101M reads 
[19:20:29] Read2: loaded 101M reads 
[19:20:30] Read1: loaded 102M reads 
[19:20:30] Read2: loaded 102M reads 
[19:20:32] Read1: loaded 103M reads 
[19:20:32] Read2: loaded 103M reads 
[19:20:33] Read1: loaded 104M reads 
[19:20:33] Read2: loaded 104M reads 
[19:20:34] Read1: loaded 105M reads 
[19:20:34] Read2: loaded 105M reads 
[19:20:36] Read1: loaded 106M reads 
[19:20:36] Read2: loaded 106M reads 
[19:20:37] Read1: loaded 107M reads 
[19:20:37] Read2: loaded 107M reads 
[19:20:38] Read1: loaded 108M reads 
[19:20:38] Read2: loaded 108M reads 
[19:20:40] Read1: loaded 109M reads 
[19:20:40] Read2: loaded 109M reads 
[19:20:41] Read2: loaded 110M reads 
[19:20:41] Read1: loaded 110M reads 
[19:20:42] Read1: loaded 111M reads 
[19:20:42] Read2: loaded 111M reads 
[19:20:43] Read2: loaded 112M reads 
[19:20:43] Read1: loaded 112M reads 
[19:20:45] Read1: loaded 113M reads 
[19:20:45] Read2: loaded 113M reads 
[19:20:46] Read2: loaded 114M reads 
[19:20:46] Read1: loaded 114M reads 
[19:20:47] Read2: loaded 115M reads 
[19:20:47] Read1: loaded 115M reads 
[19:20:49] Read1: loaded 116M reads 
[19:20:49] Read2: loaded 116M reads 
[19:20:50] Read1: loaded 117M reads 
[19:20:50] Read2: loaded 117M reads 
[19:20:51] Read1: loaded 118M reads 
[19:20:51] Read2: loaded 118M reads 
[19:20:53] Read2: loaded 119M reads 
[19:20:53] Read1: loaded 119M reads 
[19:20:54] Read1: loaded 120M reads 
[19:20:54] Read2: loaded 120M reads 
[19:20:55] Read2: loaded 121M reads 
[19:20:55] Read1: loaded 121M reads 
[19:20:57] Read1: loaded 122M reads 
[19:20:57] Read2: loaded 122M reads 
[19:20:58] Read1: loaded 123M reads 
[19:20:58] Read2: loaded 123M reads 
[19:20:59] Read2: loaded 124M reads 
[19:20:59] Read1: loaded 124M reads 
[19:21:00] Read1: loaded 125M reads 
[19:21:00] Read2: loaded 125M reads 
[19:21:02] Read1: loaded 126M reads 
[19:21:02] Read2: loaded 126M reads 
[19:21:03] Read2: loaded 127M reads 
[19:21:03] Read1: loaded 127M reads 
[19:21:04] Read1: loaded 128M reads 
[19:21:04] Read2: loaded 128M reads 
[19:21:06] Read2: loaded 129M reads 
[19:21:06] Read1: loaded 129M reads 
[19:21:07] Read2: loaded 130M reads 
[19:21:07] Read1: loaded 130M reads 
[19:21:08] Read2: loaded 131M reads 
[19:21:08] Read1: loaded 131M reads 
[19:21:09] Read1: loaded 132M reads 
[19:21:09] Read2: loaded 132M reads 
[19:21:11] Read1: loaded 133M reads 
[19:21:11] Read2: loaded 133M reads 
[19:21:12] Read1: loaded 134M reads 
[19:21:12] Read2: loaded 134M reads 
[19:21:13] Read2: loaded 135M reads 
[19:21:13] Read1: loaded 135M reads 
[19:21:14] Read2: loaded 136M reads 
[19:21:14] Read1: loaded 136M reads 
[19:21:16] Read2: loaded 137M reads 
[19:21:16] Read1: loaded 137M reads 
[19:21:17] Read2: loaded 138M reads 
[19:21:17] Read1: loaded 138M reads 
[19:21:18] Read2: loaded 139M reads 
[19:21:18] Read1: loaded 139M reads 
[19:21:20] Read1: loaded 140M reads 
[19:21:20] Read2: loaded 140M reads 
[19:21:21] Read2: loaded 141M reads 
[19:21:21] Read1: loaded 141M reads 
[19:21:22] Read2: loaded 142M reads 
[19:21:22] Read1: loaded 142M reads 
[19:21:23] Read2: loaded 143M reads 
[19:21:23] Read1: loaded 143M reads 
[19:21:25] Read2: loaded 144M reads 
[19:21:25] Read1: loaded 144M reads 
[19:21:26] Read1: loaded 145M reads 
[19:21:26] Read2: loaded 145M reads 
[19:21:27] Read1: loaded 146M reads 
[19:21:27] Read2: loaded 146M reads 
[19:21:29] Read2: loaded 147M reads 
[19:21:29] Read1: loaded 147M reads 
[19:21:30] Read2: loaded 148M reads 
[19:21:30] Read1: loaded 148M reads 
[19:21:31] Read2: loaded 149M reads 
[19:21:31] Read1: loaded 149M reads 
[19:21:32] Read2: loaded 150M reads 
[19:21:32] Read1: loaded 150M reads 
[19:21:34] Read2: loaded 151M reads 
[19:21:34] Read1: loaded 151M reads 
[19:21:35] Read1: loaded 152M reads 
[19:21:35] Read2: loaded 152M reads 
[19:21:36] Read1: loaded 153M reads 
[19:21:36] Read2: loaded 153M reads 
[19:21:38] Read1: loaded 154M reads 
[19:21:38] Read2: loaded 154M reads 
[19:21:39] Read1: loaded 155M reads 
[19:21:39] Read2: loaded 155M reads 
[19:21:40] Read1: loaded 156M reads 
[19:21:40] Read2: loaded 156M reads 
[19:21:41] Read1: loaded 157M reads 
[19:21:41] Read2: loaded 157M reads 
[19:21:43] Read1: loaded 158M reads 
[19:21:43] Read2: loaded 158M reads 
[19:21:44] Read1: loaded 159M reads 
[19:21:44] Read2: loaded 159M reads 
[19:21:45] Read2: loaded 160M reads 
[19:21:45] Read1: loaded 160M reads 
[19:21:47] Read1: loaded 161M reads 
[19:21:47] Read2: loaded 161M reads 
[19:21:48] Read2: loaded 162M reads 
[19:21:48] Read1: loaded 162M reads 
[19:21:49] Read2: loaded 163M reads 
[19:21:49] Read1: loaded 163M reads 
[19:21:50] Read2: loaded 164M reads 
[19:21:50] Read1: loaded 164M reads 
[19:21:52] Read2: loaded 165M reads 
[19:21:52] Read1: loaded 165M reads 
[19:21:53] Read1: loaded 166M reads 
[19:21:53] Read2: loaded 166M reads 
[19:21:54] Read1: loaded 167M reads 
[19:21:54] Read2: loaded 167M reads 
[19:21:55] Read1: loaded 168M reads 
[19:21:55] Read2: loaded 168M reads 
[19:21:57] Read2: loaded 169M reads 
[19:21:57] Read1: loaded 169M reads 
[19:21:58] Read2: loaded 170M reads 
[19:21:58] Read1: loaded 170M reads 
[19:21:59] Read1: loaded 171M reads 
[19:21:59] Read2: loaded 171M reads 
[19:22:01] Read2: loaded 172M reads 
[19:22:01] Read1: loaded 172M reads 
[19:22:02] Read1: loaded 173M reads 
[19:22:02] Read2: loaded 173M reads 
[19:22:03] Read1: loaded 174M reads 
[19:22:03] Read2: loaded 174M reads 
[19:22:04] Read1: loaded 175M reads 
[19:22:04] Read2: loaded 175M reads 
[19:22:06] Read1: loaded 176M reads 
[19:22:06] Read2: loaded 176M reads 
[19:22:07] Read2: loaded 177M reads 
[19:22:07] Read1: loaded 177M reads 
[19:22:08] Read1: loaded 178M reads 
[19:22:08] Read2: loaded 178M reads 
[19:22:10] Read2: loaded 179M reads 
[19:22:10] Read1: loaded 179M reads 
[19:22:11] Read2: loaded 180M reads 
[19:22:11] Read1: loaded 180M reads 
[19:22:12] Read2: loaded 181M reads 
[19:22:12] Read1: loaded 181M reads 
[19:22:13] Read2: loaded 182M reads 
[19:22:13] Read1: loaded 182M reads 
[19:22:15] Read2: loaded 183M reads 
[19:22:15] Read1: loaded 183M reads 
[19:22:16] Read2: loaded 184M reads 
[19:22:16] Read1: loaded 184M reads 
[19:22:17] Read1: loaded 185M reads 
[19:22:17] Read2: loaded 185M reads 
[19:22:19] Read1: loaded 186M reads 
[19:22:19] Read2: loaded 186M reads 
[19:22:20] Read2: loaded 187M reads 
[19:22:20] Read1: loaded 187M reads 
[19:22:21] Read1: loaded 188M reads 
[19:22:21] Read2: loaded 188M reads 
[19:22:22] Read2: loaded 189M reads 
[19:22:22] Read1: loaded 189M reads 
[19:22:24] Read2: loaded 190M reads 
[19:22:24] Read1: loaded 190M reads 
[19:22:25] Read1: loaded 191M reads 
[19:22:25] Read2: loaded 191M reads 
[19:22:26] Read1: loaded 192M reads 
[19:22:26] Read2: loaded 192M reads 
[19:22:28] Read1: loaded 193M reads 
[19:22:28] Read2: loaded 193M reads 
[19:22:29] Read1: loaded 194M reads 
[19:22:29] Read2: loaded 194M reads 
[19:22:30] Read1: loaded 195M reads 
[19:22:30] Read2: loaded 195M reads 
[19:22:31] Read1: loaded 196M reads 
[19:22:31] Read2: loaded 196M reads 
[19:22:33] Read1: loaded 197M reads 
[19:22:33] Read2: loaded 197M reads 
[19:22:34] Read2: loaded 198M reads 
[19:22:34] Read1: loaded 198M reads 
[19:22:35] Read1: loaded 199M reads 
[19:22:35] Read2: loaded 199M reads 
[19:22:37] Read1: loaded 200M reads 
[19:22:37] Read2: loaded 200M reads 
[19:22:38] Read1: loaded 201M reads 
[19:22:38] Read2: loaded 201M reads 
[19:22:39] Read1: loaded 202M reads 
[19:22:39] Read2: loaded 202M reads 
[19:22:40] Read1: loaded 203M reads 
[19:22:40] Read2: loaded 203M reads 
[19:22:42] Read1: loaded 204M reads 
[19:22:42] Read2: loaded 204M reads 
[19:22:43] Read1: loaded 205M reads 
[19:22:43] Read2: loaded 205M reads 
[19:22:44] Read2: loaded 206M reads 
[19:22:44] Read1: loaded 206M reads 
[19:22:46] Read1: loaded 207M reads 
[19:22:46] Read2: loaded 207M reads 
[19:22:47] Read1: loaded 208M reads 
[19:22:47] Read2: loaded 208M reads 
[19:22:48] Read1: loaded 209M reads 
[19:22:48] Read2: loaded 209M reads 
[19:22:49] Read2: loaded 210M reads 
[19:22:49] Read1: loaded 210M reads 
[19:22:51] Read1: loaded 211M reads 
[19:22:51] Read2: loaded 211M reads 
[19:22:52] Read1: loaded 212M reads 
[19:22:52] Read2: loaded 212M reads 
[19:22:53] Read2: loaded 213M reads 
[19:22:53] Read1: loaded 213M reads 
[19:22:55] Read1: loaded 214M reads 
[19:22:55] Read2: loaded 214M reads 
[19:22:56] Read2: loaded 215M reads 
[19:22:56] Read1: loaded 215M reads 
[19:22:57] Read2: loaded 216M reads 
[19:22:57] Read1: loaded 216M reads 
[19:22:58] Read2: loaded 217M reads 
[19:22:58] Read1: loaded 217M reads 
[19:23:00] Read1: loaded 218M reads 
[19:23:00] Read2: loaded 218M reads 
[19:23:01] Read1: loaded 219M reads 
[19:23:01] Read2: loaded 219M reads 
[19:23:02] Read1: loaded 220M reads 
[19:23:02] Read2: loaded 220M reads 
[19:23:04] Read2: loaded 221M reads 
[19:23:04] Read1: loaded 221M reads 
[19:23:05] Read1: loaded 222M reads 
[19:23:05] Read2: loaded 222M reads 
[19:23:06] Read2: loaded 223M reads 
[19:23:06] Read1: loaded 223M reads 
[19:23:07] Read2: loaded 224M reads 
[19:23:07] Read1: loaded 224M reads 
[19:23:09] Read2: loaded 225M reads 
[19:23:09] Read1: loaded 225M reads 
[19:23:10] Read2: loaded 226M reads 
[19:23:10] Read1: loaded 226M reads 
[19:23:11] Read2: loaded 227M reads 
[19:23:11] Read1: loaded 227M reads 
[19:23:13] Read2: loaded 228M reads 
[19:23:13] Read1: loaded 228M reads 
[19:23:14] Read1: loaded 229M reads 
[19:23:14] Read2: loaded 229M reads 
[19:23:15] Read1: loaded 230M reads 
[19:23:15] Read2: loaded 230M reads 
[19:23:16] Read1: loaded 231M reads 
[19:23:16] Read2: loaded 231M reads 
[19:23:18] Read2: loaded 232M reads 
[19:23:18] Read1: loaded 232M reads 
[19:23:19] Read2: loaded 233M reads 
[19:23:19] Read1: loaded 233M reads 
[19:23:20] Read2: loaded 234M reads 
[19:23:20] Read1: loaded 234M reads 
[19:23:22] Read2: loaded 235M reads 
[19:23:22] Read1: loaded 235M reads 
[19:23:23] Read2: loaded 236M reads 
[19:23:23] Read1: loaded 236M reads 
[19:23:24] Read1: loaded 237M reads 
[19:23:24] Read2: loaded 237M reads 
[19:23:25] Read1: loaded 238M reads 
[19:23:25] Read2: loaded 238M reads 
[19:23:27] Read2: loaded 239M reads 
[19:23:27] Read1: loaded 239M reads 
[19:23:28] Read2: loaded 240M reads 
[19:23:28] Read1: loaded 240M reads 
[19:23:29] Read2: loaded 241M reads 
[19:23:29] Read1: loaded 241M reads 
[19:23:31] Read1: loaded 242M reads 
[19:23:31] Read2: loaded 242M reads 
[19:23:32] Read2: loaded 243M reads 
[19:23:32] Read1: loaded 243M reads 
[19:23:33] Read1: loaded 244M reads 
[19:23:33] Read2: loaded 244M reads 
[19:23:34] Read2: loaded 245M reads 
[19:23:34] Read1: loaded 245M reads 
[19:23:36] Read2: loaded 246M reads 
[19:23:36] Read1: loaded 246M reads 
[19:23:37] Read2: loaded 247M reads 
[19:23:37] Read1: loaded 247M reads 
[19:23:38] Read2: loaded 248M reads 
[19:23:38] Read1: loaded 248M reads 
[19:23:40] Read1: loaded 249M reads 
[19:23:40] Read2: loaded 249M reads 
[19:23:41] Read2: loaded 250M reads 
[19:23:41] Read1: loaded 250M reads 
[19:23:42] Read2: loaded 251M reads 
[19:23:42] Read1: loaded 251M reads 
[19:23:43] Read2: loaded 252M reads 
[19:23:43] Read1: loaded 252M reads 
[19:23:45] Read1: loaded 253M reads 
[19:23:45] Read2: loaded 253M reads 
[19:23:46] Read2: loaded 254M reads 
[19:23:46] Read1: loaded 254M reads 
[19:23:47] Read1: loaded 255M reads 
[19:23:47] Read2: loaded 255M reads 
[19:23:49] Read2: loaded 256M reads 
[19:23:49] Read1: loaded 256M reads 
[19:23:50] Read2: loaded 257M reads 
[19:23:50] Read1: loaded 257M reads 
[19:23:51] Read1: loaded 258M reads 
[19:23:51] Read2: loaded 258M reads 
[19:23:52] Read2: loaded 259M reads 
[19:23:52] Read1: loaded 259M reads 
[19:23:54] Read1: loaded 260M reads 
[19:23:54] Read2: loaded 260M reads 
[19:23:55] Read1: loaded 261M reads 
[19:23:55] Read2: loaded 261M reads 
[19:23:56] Read1: loaded 262M reads 
[19:23:56] Read2: loaded 262M reads 
[19:23:58] Read2: loaded 263M reads 
[19:23:58] Read1: loaded 263M reads 
[19:23:59] Read2: loaded 264M reads 
[19:23:59] Read1: loaded 264M reads 
[19:24:00] Read2: loaded 265M reads 
[19:24:00] Read1: loaded 265M reads 
[19:24:01] Read2: loaded 266M reads 
[19:24:01] Read1: loaded 266M reads 
[19:24:03] Read1: loaded 267M reads 
[19:24:03] Read2: loaded 267M reads 
[19:24:04] Read1: loaded 268M reads 
[19:24:04] Read2: loaded 268M reads 
[19:24:05] Read2: loaded 269M reads 
[19:24:05] Read1: loaded 269M reads 
[19:24:07] Read2: loaded 270M reads 
[19:24:07] Read1: loaded 270M reads 
[19:24:08] Read1: loaded 271M reads 
[19:24:08] Read2: loaded 271M reads 
[19:24:09] Read1: loaded 272M reads 
[19:24:09] Read2: loaded 272M reads 
[19:24:10] Read1: loaded 273M reads 
[19:24:10] Read2: loaded 273M reads 
[19:24:12] Read1: loaded 274M reads 
[19:24:12] Read2: loaded 274M reads 
[19:24:13] Read2: loaded 275M reads 
[19:24:13] Read1: loaded 275M reads 
[19:24:14] Read1: loaded 276M reads 
[19:24:14] Read2: loaded 276M reads 
[19:24:16] Read2: loaded 277M reads 
[19:24:16] Read1: loaded 277M reads 
[19:24:17] Read2: loaded 278M reads 
[19:24:17] Read1: loaded 278M reads 
[19:24:18] Read1: loaded 279M reads 
[19:24:18] Read2: loaded 279M reads 
[19:24:19] Read2: loaded 280M reads 
[19:24:19] Read1: loaded 280M reads 
[19:24:21] Read1: loaded 281M reads 
[19:24:21] Read2: loaded 281M reads 
[19:24:22] Read1: loaded 282M reads 
[19:24:22] Read2: loaded 282M reads 
[19:24:23] Read1: loaded 283M reads 
[19:24:23] Read2: loaded 283M reads 
[19:24:25] Read2: loaded 284M reads 
[19:24:25] Read1: loaded 284M reads 
[19:24:26] Read1: loaded 285M reads 
[19:24:26] Read2: loaded 285M reads 
[19:24:27] Read1: loaded 286M reads 
[19:24:27] Read2: loaded 286M reads 
[19:24:28] Read1: loaded 287M reads 
[19:24:28] Read2: loaded 287M reads 
[19:24:30] Read2: loaded 288M reads 
[19:24:30] Read1: loaded 288M reads 
[19:24:31] Read1: loaded 289M reads 
[19:24:31] Read2: loaded 289M reads 
[19:24:32] Read1: loaded 290M reads 
[19:24:32] Read2: loaded 290M reads 
[19:24:34] Read1: loaded 291M reads 
[19:24:34] Read2: loaded 291M reads 
[19:24:35] Read2: loaded 292M reads 
[19:24:35] Read1: loaded 292M reads 
[19:24:36] Read1: loaded 293M reads 
[19:24:36] Read2: loaded 293M reads 
[19:24:37] Read1: loaded 294M reads 
[19:24:37] Read2: loaded 294M reads 
[19:24:39] Read1: loaded 295M reads 
[19:24:39] Read2: loaded 295M reads 
[19:24:40] Read2: loaded 296M reads 
[19:24:40] Read1: loaded 296M reads 
[19:24:41] Read2: loaded 297M reads 
[19:24:41] Read1: loaded 297M reads 
[19:24:43] Read2: loaded 298M reads 
[19:24:43] Read1: loaded 298M reads 
[19:24:44] Read2: loaded 299M reads 
[19:24:44] Read1: loaded 299M reads 
[19:24:45] Read2: loaded 300M reads 
[19:24:45] Read1: loaded 300M reads 
[19:24:46] Read1: loaded 301M reads 
[19:24:46] Read2: loaded 301M reads 
[19:24:48] Read1: loaded 302M reads 
[19:24:48] Read2: loaded 302M reads 
[19:24:49] Read1: loaded 303M reads 
[19:24:49] Read2: loaded 303M reads 
[19:24:50] Read1: loaded 304M reads 
[19:24:50] Read2: loaded 304M reads 
[19:24:52] Read1: loaded 305M reads 
[19:24:52] Read2: loaded 305M reads 
[19:24:53] Read2: loaded 306M reads 
[19:24:53] Read1: loaded 306M reads 
[19:24:54] Read2: loaded 307M reads 
[19:24:54] Read1: loaded 307M reads 
[19:24:56] Read1: loaded 308M reads 
[19:24:56] Read2: loaded 308M reads 
[19:24:57] Read1: loaded 309M reads 
[19:24:57] Read2: loaded 309M reads 
[19:24:58] Read2: loaded 310M reads 
[19:24:58] Read1: loaded 310M reads 
[19:24:59] Read2: loaded 311M reads 
[19:24:59] Read1: loaded 311M reads 
[19:25:01] Read2: loaded 312M reads 
[19:25:01] Read1: loaded 312M reads 
[19:25:02] Read1: loaded 313M reads 
[19:25:02] Read2: loaded 313M reads 
[19:25:03] Read2: loaded 314M reads 
[19:25:03] Read1: loaded 314M reads 
[19:25:05] Read2: loaded 315M reads 
[19:25:05] Read1: loaded 315M reads 
[19:25:06] Read1: loaded 316M reads 
[19:25:06] Read2: loaded 316M reads 
[19:25:07] Read1: loaded 317M reads 
[19:25:07] Read2: loaded 317M reads 
[19:25:09] Read1: loaded 318M reads 
[19:25:09] Read2: loaded 318M reads 
[19:25:10] Read2: loaded 319M reads 
[19:25:10] Read1: loaded 319M reads 
[19:25:11] Read2: loaded 320M reads 
[19:25:11] Read1: loaded 320M reads 
[19:25:12] Read1: loaded 321M reads 
[19:25:12] Read2: loaded 321M reads 
[19:25:14] Read1: loaded 322M reads 
[19:25:14] Read2: loaded 322M reads 
[19:25:15] Read2: loaded 323M reads 
[19:25:15] Read1: loaded 323M reads 
[19:25:16] Read1: loaded 324M reads 
[19:25:16] Read2: loaded 324M reads 
[19:25:18] Read1: loaded 325M reads 
[19:25:18] Read2: loaded 325M reads 
[19:25:19] Read1: loaded 326M reads 
[19:25:19] Read2: loaded 326M reads 
[19:25:20] Read1: loaded 327M reads 
[19:25:20] Read2: loaded 327M reads 
[19:25:22] Read2: loaded 328M reads 
[19:25:22] Read1: loaded 328M reads 
[19:25:23] Read1: loaded 329M reads 
[19:25:23] Read2: loaded 329M reads 
[19:25:24] Read1: loaded 330M reads 
[19:25:24] Read2: loaded 330M reads 
[19:25:26] Read2: loaded 331M reads 
[19:25:26] Read1: loaded 331M reads 
[19:25:27] Read1: loaded 332M reads 
[19:25:27] Read2: loaded 332M reads 
[19:25:28] Read1: loaded 333M reads 
[19:25:28] Read2: loaded 333M reads 
[19:25:29] Read2: loaded 334M reads 
[19:25:29] Read1: loaded 334M reads 
[19:25:31] Read2: loaded 335M reads 
[19:25:31] Read1: loaded 335M reads 
[19:25:32] Read1: loaded 336M reads 
[19:25:32] Read2: loaded 336M reads 
[19:25:33] Read1: loaded 337M reads 
[19:25:33] Read2: loaded 337M reads 
[19:25:35] Read2: loaded 338M reads 
[19:25:35] Read1: loaded 338M reads 
[19:25:36] Read2: loaded 339M reads 
[19:25:36] Read1: loaded 339M reads 
[19:25:37] Read1: loaded 340M reads 
[19:25:37] Read2: loaded 340M reads 
[19:25:39] Read1: loaded 341M reads 
[19:25:39] Read2: loaded 341M reads 
[19:25:40] Read1: loaded 342M reads 
[19:25:40] Read2: loaded 342M reads 
[19:25:41] Read2: loaded 343M reads 
[19:25:41] Read1: loaded 343M reads 
[19:25:42] Read2: loaded 344M reads 
[19:25:42] Read1: loaded 344M reads 
[19:25:44] Read1: loaded 345M reads 
[19:25:44] Read2: loaded 345M reads 
[19:25:45] Read2: loaded 346M reads 
[19:25:45] Read1: loaded 346M reads 
[19:25:46] Read1: loaded 347M reads 
[19:25:46] Read2: loaded 347M reads 
[19:25:48] Read2: loaded 348M reads 
[19:25:48] Read1: loaded 348M reads 
[19:25:49] Read1: loaded 349M reads 
[19:25:49] Read2: loaded 349M reads 
[19:25:50] Read2: loaded 350M reads 
[19:25:50] Read1: loaded 350M reads 
[19:25:52] Read1: loaded 351M reads 
[19:25:52] Read2: loaded 351M reads 
[19:25:53] Read1: loaded 352M reads 
[19:25:53] Read2: loaded 352M reads 
[19:25:54] Read2: loaded 353M reads 
[19:25:54] Read1: loaded 353M reads 
[19:25:56] Read1: loaded 354M reads 
[19:25:56] Read2: loaded 354M reads 
[19:25:57] Read2: loaded 355M reads 
[19:25:57] Read1: loaded 355M reads 
[19:25:58] Read2: loaded 356M reads 
[19:25:58] Read1: loaded 356M reads 
[19:25:59] Read1: loaded 357M reads 
[19:25:59] Read2: loaded 357M reads 
[19:26:01] Read1: loaded 358M reads 
[19:26:01] Read2: loaded 358M reads 
[19:26:02] Read2: loaded 359M reads 
[19:26:02] Read1: loaded 359M reads 
[19:26:03] Read2: loaded 360M reads 
[19:26:03] Read1: loaded 360M reads 
[19:26:05] Read2: loaded 361M reads 
[19:26:05] Read1: loaded 361M reads 
[19:26:05] Read1: loading completed with 44102 packs 
[19:26:05] Read2: loading completed with 44102 packs 
[19:26:05] [fastp 1.3.3-d0bromir] Stage: loading (467155 ms) 
[19:26:05] [fastp 1.3.3-d0bromir] Stage: filtering 
[19:26:06] thread 1 data processing completed 
[19:26:06] thread 1 finished 
[19:26:06] thread 6 data processing completed 
[19:26:06] thread 6 finished 
[19:26:06] thread 4 data processing completed 
[19:26:06] thread 4 finished 
[19:26:06] thread 3 data processing completed 
[19:26:06] thread 3 finished 
[19:26:06] thread 8 data processing completed 
[19:26:06] thread 8 finished 
[19:26:06] thread 5 data processing completed 
[19:26:06] thread 5 finished 
[19:26:06] thread 2 data processing completed 
[19:26:06] thread 2 finished 
[19:26:06] thread 7 data processing completed 
[19:26:06] thread 7 finished 
[19:26:06] [fastp 1.3.3-d0bromir] Stage: filtering (712 ms) 
[19:26:06] [fastp 1.3.3-d0bromir] Stage: writing 
[19:26:06] /dev/shm/fastp_bench_12a5Ay_R2.fq.gz writer finished 
[19:26:06] /dev/shm/fastp_bench_dvKkHk_R1.fq.gz writer finished 
[19:26:06] [fastp 1.3.3-d0bromir] Stage: writing (20 ms) 
[19:26:06] [GPU] Device 0: batches=44102 reads=361281611 
[19:26:06] [GPU] Device 1: batches=44102 reads=361281611 
[19:26:06] start to generate reports
 
Read1 before filtering:
total reads: 361281611
total bases: 54192241650
Q20 bases: 54123398100(99.873%)
Q30 bases: 54123398100(99.873%)
Q40 bases: 0(0%)

Read2 before filtering:
total reads: 361281611
total bases: 54192241650
Q20 bases: 53855170050(99.378%)
Q30 bases: 53855170050(99.378%)
Q40 bases: 0(0%)

Read1 after filtering:
total reads: 358607374
total bases: 53574361382
Q20 bases: 53574361382(100%)
Q30 bases: 53574361382(100%)
Q40 bases: 0(0%)

Read2 after filtering:
total reads: 358607374
total bases: 53574361382
Q20 bases: 53574361382(100%)
Q30 bases: 53574361382(100%)
Q40 bases: 0(0%)

Filtering result:
reads passed filter: 717214748
reads failed due to low quality: 5328396
reads failed due to too many N: 20078
reads failed due to too short: 0
reads failed due to adapter dimer: 0
reads with adapter trimmed: 9627740
bases trimmed due to adapters: 442711160

Duplication rate: 5.60215%

Insert size peak (evaluated by paired-end reads): 269

JSON report: /dev/shm/fastp_bench_VxU70i.json
HTML report: /dev/null

/home/mpiuser/bioauto_rev/fastp_d0bromir/fastp -w 8 -j /dev/shm/fastp_bench_VxU70i.json -h /dev/null --verbose -i /home/mpiuser/FASTQ/WGS/DRR216653_1.fastq.gz -I /home/mpiuser/FASTQ/WGS/DRR216653_2.fastq.gz -o /dev/shm/fastp_bench_dvKkHk_R1.fq.gz -O /dev/shm/fastp_bench_12a5Ay_R2.fq.gz 
fastp v1.3.3-d0bromir, time used: 470 seconds
================================================================
