=== Full Benchmark Log: Mon Oct  5 02:25:39 UTC 2026 ===


================================================================
 Application  : opengene (/home/mpiuser/bioauto_rev/fastp_d0bromir/../fastp_opengene/fastp)
 Dataset      : WGS PE 12.8G (ERR1044780 R1+R2)
 Files        : R1=/home/mpiuser/FASTQ/WGS/ERR1044780_1.fastq.gz
               R2=/home/mpiuser/FASTQ/WGS/ERR1044780_2.fastq.gz
 Type         : PE
 Threads      : 16
 Wall time    : 110.165 s
 reads_in     : 160629528
 reads_out    : 147153690
 vs_opengene  : baseline
--- Resource usage ---
 CPU avg/peak : 1504.8% / 2140.3%
 RSS peak     : 1415 MiB
 GPU util a/p : 0.0% / 0.0%
 GPU mem peak : 0 MiB
 Sample CSV   : /home/mpiuser/bioauto_rev/fastp_d0bromir/benchmark_results/20261005_022539/resources/resource_WGS_PE_12.8G_opengene_T16_1791167139.csv
--- Profiling output ---
[02:25:40] start to load data of read1 
[02:25:40] start to load data of read2 
[02:25:40] /dev/shm/fastp_bench_audMwH_R1.fq.gz writer finished 
[02:25:40] /dev/shm/fastp_bench_Fzj6oc_R2.fq.gz writer finished 
[02:25:41] Read1: loaded 1M reads 
[02:25:41] Read2: loaded 1M reads 
[02:25:42] Read2: loaded 2M reads 
[02:25:42] Read1: loaded 2M reads 
[02:25:44] Read1: loaded 3M reads 
[02:25:44] Read2: loaded 3M reads 
[02:25:45] Read1: loaded 4M reads 
[02:25:45] Read2: loaded 4M reads 
[02:25:47] Read1: loaded 5M reads 
[02:25:47] Read2: loaded 5M reads 
[02:25:48] Read2: loaded 6M reads 
[02:25:48] Read1: loaded 6M reads 
[02:25:49] Read1: loaded 7M reads 
[02:25:49] Read2: loaded 7M reads 
[02:25:51] Read1: loaded 8M reads 
[02:25:51] Read2: loaded 8M reads 
[02:25:52] Read1: loaded 9M reads 
[02:25:52] Read2: loaded 9M reads 
[02:25:53] Read2: loaded 10M reads 
[02:25:53] Read1: loaded 10M reads 
[02:25:55] Read1: loaded 11M reads 
[02:25:55] Read2: loaded 11M reads 
[02:25:56] Read1: loaded 12M reads 
[02:25:56] Read2: loaded 12M reads 
[02:25:57] Read1: loaded 13M reads 
[02:25:57] Read2: loaded 13M reads 
[02:25:59] Read2: loaded 14M reads 
[02:25:59] Read1: loaded 14M reads 
[02:26:00] Read2: loaded 15M reads 
[02:26:00] Read1: loaded 15M reads 
[02:26:01] Read1: loaded 16M reads 
[02:26:01] Read2: loaded 16M reads 
[02:26:03] Read1: loaded 17M reads 
[02:26:03] Read2: loaded 17M reads 
[02:26:04] Read1: loaded 18M reads 
[02:26:04] Read2: loaded 18M reads 
[02:26:05] Read2: loaded 19M reads 
[02:26:05] Read1: loaded 19M reads 
[02:26:07] Read2: loaded 20M reads 
[02:26:07] Read1: loaded 20M reads 
[02:26:08] Read1: loaded 21M reads 
[02:26:08] Read2: loaded 21M reads 
[02:26:09] Read2: loaded 22M reads 
[02:26:09] Read1: loaded 22M reads 
[02:26:11] Read2: loaded 23M reads 
[02:26:11] Read1: loaded 23M reads 
[02:26:12] Read1: loaded 24M reads 
[02:26:12] Read2: loaded 24M reads 
[02:26:13] Read1: loaded 25M reads 
[02:26:13] Read2: loaded 25M reads 
[02:26:15] Read1: loaded 26M reads 
[02:26:15] Read2: loaded 26M reads 
[02:26:16] Read1: loaded 27M reads 
[02:26:16] Read2: loaded 27M reads 
[02:26:17] Read2: loaded 28M reads 
[02:26:17] Read1: loaded 28M reads 
[02:26:19] Read1: loaded 29M reads 
[02:26:19] Read2: loaded 29M reads 
[02:26:20] Read1: loaded 30M reads 
[02:26:20] Read2: loaded 30M reads 
[02:26:21] Read2: loaded 31M reads 
[02:26:21] Read1: loaded 31M reads 
[02:26:23] Read1: loaded 32M reads 
[02:26:23] Read2: loaded 32M reads 
[02:26:24] Read2: loaded 33M reads 
[02:26:24] Read1: loaded 33M reads 
[02:26:25] Read2: loaded 34M reads 
[02:26:25] Read1: loaded 34M reads 
[02:26:27] Read2: loaded 35M reads 
[02:26:27] Read1: loaded 35M reads 
[02:26:28] Read2: loaded 36M reads 
[02:26:28] Read1: loaded 36M reads 
[02:26:30] Read2: loaded 37M reads 
[02:26:30] Read1: loaded 37M reads 
[02:26:31] Read2: loaded 38M reads 
[02:26:31] Read1: loaded 38M reads 
[02:26:32] Read2: loaded 39M reads 
[02:26:32] Read1: loaded 39M reads 
[02:26:34] Read2: loaded 40M reads 
[02:26:34] Read1: loaded 40M reads 
[02:26:35] Read1: loaded 41M reads 
[02:26:35] Read2: loaded 41M reads 
[02:26:36] Read1: loaded 42M reads 
[02:26:36] Read2: loaded 42M reads 
[02:26:38] Read1: loaded 43M reads 
[02:26:38] Read2: loaded 43M reads 
[02:26:39] Read2: loaded 44M reads 
[02:26:39] Read1: loaded 44M reads 
[02:26:40] Read1: loaded 45M reads 
[02:26:40] Read2: loaded 45M reads 
[02:26:42] Read1: loaded 46M reads 
[02:26:42] Read2: loaded 46M reads 
[02:26:43] Read1: loaded 47M reads 
[02:26:43] Read2: loaded 47M reads 
[02:26:44] Read1: loaded 48M reads 
[02:26:44] Read2: loaded 48M reads 
[02:26:46] Read2: loaded 49M reads 
[02:26:46] Read1: loaded 49M reads 
[02:26:47] Read1: loaded 50M reads 
[02:26:47] Read2: loaded 50M reads 
[02:26:48] Read1: loaded 51M reads 
[02:26:48] Read2: loaded 51M reads 
[02:26:50] Read1: loaded 52M reads 
[02:26:50] Read2: loaded 52M reads 
[02:26:51] Read1: loaded 53M reads 
[02:26:51] Read2: loaded 53M reads 
[02:26:52] Read2: loaded 54M reads 
[02:26:52] Read1: loaded 54M reads 
[02:26:54] Read1: loaded 55M reads 
[02:26:54] Read2: loaded 55M reads 
[02:26:55] Read2: loaded 56M reads 
[02:26:55] Read1: loaded 56M reads 
[02:26:56] Read1: loaded 57M reads 
[02:26:56] Read2: loaded 57M reads 
[02:26:58] Read2: loaded 58M reads 
[02:26:58] Read1: loaded 58M reads 
[02:26:59] Read2: loaded 59M reads 
[02:26:59] Read1: loaded 59M reads 
[02:27:00] Read1: loaded 60M reads 
[02:27:00] Read2: loaded 60M reads 
[02:27:02] Read2: loaded 61M reads 
[02:27:02] Read1: loaded 61M reads 
[02:27:03] Read2: loaded 62M reads 
[02:27:03] Read1: loaded 62M reads 
[02:27:05] Read1: loaded 63M reads 
[02:27:05] Read2: loaded 63M reads 
[02:27:06] Read1: loaded 64M reads 
[02:27:06] Read2: loaded 64M reads 
[02:27:07] Read1: loaded 65M reads 
[02:27:07] Read2: loaded 65M reads 
[02:27:09] Read1: loaded 66M reads 
[02:27:09] Read2: loaded 66M reads 
[02:27:10] Read1: loaded 67M reads 
[02:27:10] Read2: loaded 67M reads 
[02:27:11] Read1: loaded 68M reads 
[02:27:12] Read2: loaded 68M reads 
[02:27:13] Read1: loaded 69M reads 
[02:27:13] Read2: loaded 69M reads 
[02:27:14] Read1: loaded 70M reads 
[02:27:14] Read2: loaded 70M reads 
[02:27:16] Read2: loaded 71M reads 
[02:27:16] Read1: loaded 71M reads 
[02:27:17] Read2: loaded 72M reads 
[02:27:17] Read1: loaded 72M reads 
[02:27:18] Read2: loaded 73M reads 
[02:27:18] Read1: loaded 73M reads 
[02:27:20] Read2: loaded 74M reads 
[02:27:20] Read1: loaded 74M reads 
[02:27:21] Read2: loaded 75M reads 
[02:27:21] Read1: loaded 75M reads 
[02:27:23] Read2: loaded 76M reads 
[02:27:23] Read1: loaded 76M reads 
[02:27:24] Read1: loaded 77M reads 
[02:27:24] Read2: loaded 77M reads 
[02:27:25] Read1: loaded 78M reads 
[02:27:25] Read2: loaded 78M reads 
[02:27:27] Read2: loaded 79M reads 
[02:27:27] Read1: loaded 79M reads 
[02:27:28] Read1: loaded 80M reads 
[02:27:28] Read2: loaded 80M reads 
[02:27:28] Read1: loading completed with 80315 packs 
[02:27:28] Read2: loading completed with 80315 packs 
[02:27:28] thread 12 data processing completed 
[02:27:28] thread 12 finished 
[02:27:29] thread 13 data processing completed 
[02:27:29] thread 13 finished 
[02:27:29] thread 14 data processing completed 
[02:27:29] thread 14 finished 
[02:27:29] thread 15 data processing completed 
[02:27:29] thread 15 finished 
[02:27:29] thread 16 data processing completed 
[02:27:29] thread 16 finished 
[02:27:29] thread 1 data processing completed 
[02:27:29] thread 1 finished 
[02:27:29] thread 2 data processing completed 
[02:27:29] thread 2 finished 
[02:27:29] thread 3 data processing completed 
[02:27:29] thread 3 finished 
[02:27:29] thread 4 data processing completed 
[02:27:29] thread 4 finished 
[02:27:29] thread 5 data processing completed 
[02:27:29] thread 5 finished 
[02:27:29] thread 6 data processing completed 
[02:27:29] thread 6 finished 
[02:27:29] thread 7 data processing completed 
[02:27:29] thread 7 finished 
[02:27:29] thread 10 data processing completed 
[02:27:29] thread 10 finished 
[02:27:29] thread 9 data processing completed 
[02:27:29] thread 9 finished 
[02:27:29] thread 11 data processing completed 
[02:27:29] thread 8 data processing completed 
[02:27:29] thread 11 finished 
[02:27:29] thread 8 finished 
[02:27:29] start to generate reports
 
Read1 before filtering:
total reads: 80314764
total bases: 8031476400
Q20 bases: 7618398149(94.8568%)
Q30 bases: 7189780467(89.52%)
Q40 bases: 1372019(0.017083%)

Read2 before filtering:
total reads: 80314764
total bases: 8031476400
Q20 bases: 7301776236(90.9145%)
Q30 bases: 6735240270(83.8605%)
Q40 bases: 14983216(0.186556%)

Read1 after filtering:
total reads: 73576845
total bases: 7332470906
Q20 bases: 7132277963(97.2698%)
Q30 bases: 6786262173(92.5508%)
Q40 bases: 1340969(0.0182881%)

Read2 after filtering:
total reads: 73576845
total bases: 7332470906
Q20 bases: 6987054543(95.2892%)
Q30 bases: 6494309731(88.5692%)
Q40 bases: 14400882(0.196399%)

Filtering result:
reads passed filter: 147153690
reads failed due to low quality: 13450996
reads failed due to too many N: 24842
reads failed due to too short: 0
reads failed due to adapter dimer: 0
reads with adapter trimmed: 1431652
bases trimmed due to adapters: 51264566

Duplication rate: 0.459642%

Insert size peak (evaluated by paired-end reads): 169

JSON report: /dev/shm/fastp_bench_F8rns6.json
HTML report: /dev/null

/home/mpiuser/bioauto_rev/fastp_d0bromir/../fastp_opengene/fastp -w 16 -j /dev/shm/fastp_bench_F8rns6.json -h /dev/null --verbose -i /home/mpiuser/FASTQ/WGS/ERR1044780_1.fastq.gz -I /home/mpiuser/FASTQ/WGS/ERR1044780_2.fastq.gz -o /dev/shm/fastp_bench_audMwH_R1.fq.gz -O /dev/shm/fastp_bench_Fzj6oc_R2.fq.gz 
fastp v1.3.3, time used: 110 seconds
================================================================

================================================================
 Application  : d0bromir_cpu (/home/mpiuser/bioauto_rev/fastp_d0bromir/fastp-cpu)
 Dataset      : WGS PE 12.8G (ERR1044780 R1+R2)
 Files        : R1=/home/mpiuser/FASTQ/WGS/ERR1044780_1.fastq.gz
               R2=/home/mpiuser/FASTQ/WGS/ERR1044780_2.fastq.gz
 Type         : PE
 Threads      : 16
 Wall time    : 70.335 s
 reads_in     : 160629528
 reads_out    : 147153690
 vs_opengene  : -36.2%
--- Resource usage ---
 CPU avg/peak : 2195.2% / 2712.2%
 RSS peak     : 1946 MiB
 GPU util a/p : 0.0% / 0.0%
 GPU mem peak : 0 MiB
 Sample CSV   : /home/mpiuser/bioauto_rev/fastp_d0bromir/benchmark_results/20261005_022539/resources/resource_WGS_PE_12.8G_d0bromir_cpu_T16_1791167251.csv
--- Profiling output ---
[02:27:31] fastp 1.3.3-d0bromir starting 
[02:27:32] [fastp 1.3.3-d0bromir] Stage: loading 
[02:27:32] start to load data of read2 
[02:27:32] start to load data of read1 
[02:27:33] Read1: loaded 1M reads 
[02:27:33] Read2: loaded 1M reads 
[02:27:34] Read1: loaded 2M reads 
[02:27:34] Read2: loaded 2M reads 
[02:27:35] Read1: loaded 3M reads 
[02:27:35] Read2: loaded 3M reads 
[02:27:35] Read1: loaded 4M reads 
[02:27:35] Read2: loaded 4M reads 
[02:27:36] Read1: loaded 5M reads 
[02:27:36] Read2: loaded 5M reads 
[02:27:37] Read1: loaded 6M reads 
[02:27:37] Read2: loaded 6M reads 
[02:27:38] Read1: loaded 7M reads 
[02:27:38] Read2: loaded 7M reads 
[02:27:39] Read1: loaded 8M reads 
[02:27:39] Read2: loaded 8M reads 
[02:27:40] Read1: loaded 9M reads 
[02:27:40] Read2: loaded 9M reads 
[02:27:40] Read1: loaded 10M reads 
[02:27:41] Read2: loaded 10M reads 
[02:27:41] Read1: loaded 11M reads 
[02:27:41] Read2: loaded 11M reads 
[02:27:42] Read1: loaded 12M reads 
[02:27:42] Read2: loaded 12M reads 
[02:27:43] Read1: loaded 13M reads 
[02:27:43] Read2: loaded 13M reads 
[02:27:44] Read1: loaded 14M reads 
[02:27:44] Read2: loaded 14M reads 
[02:27:45] Read1: loaded 15M reads 
[02:27:45] Read2: loaded 15M reads 
[02:27:45] Read1: loaded 16M reads 
[02:27:46] Read2: loaded 16M reads 
[02:27:46] Read1: loaded 17M reads 
[02:27:47] Read2: loaded 17M reads 
[02:27:47] Read1: loaded 18M reads 
[02:27:47] Read2: loaded 18M reads 
[02:27:48] Read1: loaded 19M reads 
[02:27:48] Read2: loaded 19M reads 
[02:27:49] Read1: loaded 20M reads 
[02:27:49] Read2: loaded 20M reads 
[02:27:50] Read1: loaded 21M reads 
[02:27:50] Read2: loaded 21M reads 
[02:27:51] Read1: loaded 22M reads 
[02:27:51] Read2: loaded 22M reads 
[02:27:51] Read1: loaded 23M reads 
[02:27:52] Read2: loaded 23M reads 
[02:27:52] Read1: loaded 24M reads 
[02:27:53] Read2: loaded 24M reads 
[02:27:53] Read1: loaded 25M reads 
[02:27:54] Read2: loaded 25M reads 
[02:27:54] Read1: loaded 26M reads 
[02:27:54] Read2: loaded 26M reads 
[02:27:55] Read1: loaded 27M reads 
[02:27:55] Read2: loaded 27M reads 
[02:27:56] Read1: loaded 28M reads 
[02:27:56] Read2: loaded 28M reads 
[02:27:57] Read1: loaded 29M reads 
[02:27:57] Read2: loaded 29M reads 
[02:27:57] Read1: loaded 30M reads 
[02:27:58] Read2: loaded 30M reads 
[02:27:58] Read1: loaded 31M reads 
[02:27:59] Read2: loaded 31M reads 
[02:27:59] Read1: loaded 32M reads 
[02:27:59] Read2: loaded 32M reads 
[02:28:00] Read1: loaded 33M reads 
[02:28:00] Read2: loaded 33M reads 
[02:28:01] Read1: loaded 34M reads 
[02:28:01] Read2: loaded 34M reads 
[02:28:02] Read1: loaded 35M reads 
[02:28:02] Read2: loaded 35M reads 
[02:28:03] Read1: loaded 36M reads 
[02:28:03] Read2: loaded 36M reads 
[02:28:03] Read1: loaded 37M reads 
[02:28:04] Read2: loaded 37M reads 
[02:28:04] Read1: loaded 38M reads 
[02:28:05] Read2: loaded 38M reads 
[02:28:05] Read1: loaded 39M reads 
[02:28:05] Read2: loaded 39M reads 
[02:28:06] Read1: loaded 40M reads 
[02:28:06] Read2: loaded 40M reads 
[02:28:07] Read1: loaded 41M reads 
[02:28:07] Read2: loaded 41M reads 
[02:28:08] Read1: loaded 42M reads 
[02:28:08] Read2: loaded 42M reads 
[02:28:09] Read1: loaded 43M reads 
[02:28:09] Read2: loaded 43M reads 
[02:28:09] Read1: loaded 44M reads 
[02:28:10] Read2: loaded 44M reads 
[02:28:10] Read1: loaded 45M reads 
[02:28:11] Read2: loaded 45M reads 
[02:28:11] Read1: loaded 46M reads 
[02:28:11] Read2: loaded 46M reads 
[02:28:12] Read1: loaded 47M reads 
[02:28:12] Read2: loaded 47M reads 
[02:28:13] Read1: loaded 48M reads 
[02:28:13] Read2: loaded 48M reads 
[02:28:14] Read1: loaded 49M reads 
[02:28:14] Read2: loaded 49M reads 
[02:28:14] Read1: loaded 50M reads 
[02:28:15] Read2: loaded 50M reads 
[02:28:15] Read1: loaded 51M reads 
[02:28:16] Read2: loaded 51M reads 
[02:28:16] Read1: loaded 52M reads 
[02:28:17] Read2: loaded 52M reads 
[02:28:17] Read1: loaded 53M reads 
[02:28:17] Read2: loaded 53M reads 
[02:28:18] Read1: loaded 54M reads 
[02:28:18] Read2: loaded 54M reads 
[02:28:19] Read1: loaded 55M reads 
[02:28:19] Read2: loaded 55M reads 
[02:28:20] Read1: loaded 56M reads 
[02:28:20] Read2: loaded 56M reads 
[02:28:20] Read1: loaded 57M reads 
[02:28:21] Read2: loaded 57M reads 
[02:28:21] Read1: loaded 58M reads 
[02:28:22] Read2: loaded 58M reads 
[02:28:22] Read1: loaded 59M reads 
[02:28:22] Read2: loaded 59M reads 
[02:28:23] Read1: loaded 60M reads 
[02:28:23] Read2: loaded 60M reads 
[02:28:24] Read1: loaded 61M reads 
[02:28:24] Read2: loaded 61M reads 
[02:28:25] Read1: loaded 62M reads 
[02:28:25] Read2: loaded 62M reads 
[02:28:25] Read1: loaded 63M reads 
[02:28:26] Read2: loaded 63M reads 
[02:28:26] Read1: loaded 64M reads 
[02:28:27] Read2: loaded 64M reads 
[02:28:27] Read1: loaded 65M reads 
[02:28:28] Read2: loaded 65M reads 
[02:28:28] Read1: loaded 66M reads 
[02:28:28] Read2: loaded 66M reads 
[02:28:29] Read1: loaded 67M reads 
[02:28:29] Read2: loaded 67M reads 
[02:28:30] Read1: loaded 68M reads 
[02:28:30] Read2: loaded 68M reads 
[02:28:31] Read1: loaded 69M reads 
[02:28:31] Read2: loaded 69M reads 
[02:28:31] Read1: loaded 70M reads 
[02:28:32] Read2: loaded 70M reads 
[02:28:32] Read1: loaded 71M reads 
[02:28:33] Read2: loaded 71M reads 
[02:28:33] Read1: loaded 72M reads 
[02:28:33] Read2: loaded 72M reads 
[02:28:34] Read1: loaded 73M reads 
[02:28:34] Read2: loaded 73M reads 
[02:28:35] Read1: loaded 74M reads 
[02:28:35] Read2: loaded 74M reads 
[02:28:36] Read1: loaded 75M reads 
[02:28:36] Read2: loaded 75M reads 
[02:28:36] Read1: loaded 76M reads 
[02:28:37] Read2: loaded 76M reads 
[02:28:37] Read1: loaded 77M reads 
[02:28:38] Read2: loaded 77M reads 
[02:28:38] Read1: loaded 78M reads 
[02:28:38] Read2: loaded 78M reads 
[02:28:39] Read1: loaded 79M reads 
[02:28:39] Read2: loaded 79M reads 
[02:28:40] Read1: loaded 80M reads 
[02:28:40] Read1: loading completed with 9805 packs 
[02:28:40] Read2: loaded 80M reads 
[02:28:40] Read2: loading completed with 9805 packs 
[02:28:40] thread 1 data processing completed 
[02:28:40] thread 1 finished 
[02:28:40] thread 11 data processing completed 
[02:28:40] thread 11 finished 
[02:28:40] thread 8 data processing completed 
[02:28:40] thread 8 finished 
[02:28:40] thread 2 data processing completed 
[02:28:40] thread 2 finished 
[02:28:40] thread 16 data processing completed 
[02:28:40] thread 16 finished 
[02:28:40] [fastp 1.3.3-d0bromir] Stage: loading (68436 ms) 
[02:28:40] thread 7 data processing completed 
[02:28:40] thread 7 finished 
[02:28:40] [fastp 1.3.3-d0bromir] Stage: filtering 
[02:28:40] thread 3 data processing completed 
[02:28:40] thread 3 finished 
[02:28:40] thread 5 data processing completed 
[02:28:40] thread 5 finished 
[02:28:40] thread 12 data processing completed 
[02:28:40] thread 12 finished 
[02:28:40] thread 13 data processing completed 
[02:28:40] thread 13 finished 
[02:28:40] thread 14 data processing completed 
[02:28:40] thread 14 finished 
[02:28:40] thread 4 data processing completed 
[02:28:40] thread 4 finished 
[02:28:40] thread 15 data processing completed 
[02:28:40] thread 15 finished 
[02:28:40] thread 9 data processing completed 
[02:28:40] thread 9 finished 
[02:28:40] thread 6 data processing completed 
[02:28:40] thread 6 finished 
[02:28:40] thread 10 data processing completed 
[02:28:40] thread 10 finished 
[02:28:40] [fastp 1.3.3-d0bromir] Stage: filtering (58 ms) 
[02:28:40] [fastp 1.3.3-d0bromir] Stage: writing 
[02:28:40] /dev/shm/fastp_bench_wqvwQr_R2.fq.gz writer finished 
[02:28:40] /dev/shm/fastp_bench_7B3etK_R1.fq.gz writer finished 
[02:28:40] [fastp 1.3.3-d0bromir] Stage: writing (29 ms) 
[02:28:40] start to generate reports
 
Read1 before filtering:
total reads: 80314764
total bases: 8031476400
Q20 bases: 7618398149(94.8568%)
Q30 bases: 7189780467(89.52%)
Q40 bases: 1372019(0.017083%)

Read2 before filtering:
total reads: 80314764
total bases: 8031476400
Q20 bases: 7301776236(90.9145%)
Q30 bases: 6735240270(83.8605%)
Q40 bases: 14983216(0.186556%)

Read1 after filtering:
total reads: 73576845
total bases: 7332470906
Q20 bases: 7132277963(97.2698%)
Q30 bases: 6786262173(92.5508%)
Q40 bases: 1340969(0.0182881%)

Read2 after filtering:
total reads: 73576845
total bases: 7332470906
Q20 bases: 6987054543(95.2892%)
Q30 bases: 6494309731(88.5692%)
Q40 bases: 14400882(0.196399%)

Filtering result:
reads passed filter: 147153690
reads failed due to low quality: 13450996
reads failed due to too many N: 24842
reads failed due to too short: 0
reads failed due to adapter dimer: 0
reads with adapter trimmed: 1431652
bases trimmed due to adapters: 51264566

Duplication rate: 0.459637%

Insert size peak (evaluated by paired-end reads): 169

JSON report: /dev/shm/fastp_bench_ULSeoP.json
HTML report: /dev/null

/home/mpiuser/bioauto_rev/fastp_d0bromir/fastp-cpu -w 16 -j /dev/shm/fastp_bench_ULSeoP.json -h /dev/null --verbose -i /home/mpiuser/FASTQ/WGS/ERR1044780_1.fastq.gz -I /home/mpiuser/FASTQ/WGS/ERR1044780_2.fastq.gz -o /dev/shm/fastp_bench_7B3etK_R1.fq.gz -O /dev/shm/fastp_bench_wqvwQr_R2.fq.gz 
fastp v1.3.3-d0bromir, time used: 71 seconds
================================================================

================================================================
 Application  : d0bromir_gpu (/home/mpiuser/bioauto_rev/fastp_d0bromir/fastp)
 Dataset      : WGS PE 12.8G (ERR1044780 R1+R2)
 Files        : R1=/home/mpiuser/FASTQ/WGS/ERR1044780_1.fastq.gz
               R2=/home/mpiuser/FASTQ/WGS/ERR1044780_2.fastq.gz
 Type         : PE
 Threads      : 16
 Wall time    : 71.051 s
 reads_in     : 160629528
 reads_out    : 147153690
 vs_opengene  : -35.5%
--- Resource usage ---
 CPU avg/peak : 1965.3% / 2595.2%
 RSS peak     : 2676 MiB
 GPU util a/p : 9.4% / 12.0%
 GPU mem peak : 1360 MiB
 Sample CSV   : /home/mpiuser/bioauto_rev/fastp_d0bromir/benchmark_results/20261005_022539/resources/resource_WGS_PE_12.8G_d0bromir_gpu_T16_1791167324.csv
--- Profiling output ---
[02:28:44] fastp 1.3.3-d0bromir starting 
[02:28:44] [GPU] CUDA GPU available (Device 0) - statistics GPU-accelerated (slots=8) 
[02:28:44] [fastp 1.3.3-d0bromir] Stage: loading 
[02:28:44] start to load data of read1 
[02:28:44] start to load data of read2 
[02:28:44] [GPU] CUDA GPU available (Device 1) - statistics GPU-accelerated (slots=8) 
[02:28:44] [GPU] Dual-GPU mode: Device 0 + Device 1 active 
[02:28:45] Read1: loaded 1M reads 
[02:28:45] Read2: loaded 1M reads 
[02:28:46] Read1: loaded 2M reads 
[02:28:46] Read2: loaded 2M reads 
[02:28:47] Read1: loaded 3M reads 
[02:28:47] Read2: loaded 3M reads 
[02:28:48] Read1: loaded 4M reads 
[02:28:48] Read2: loaded 4M reads 
[02:28:49] Read1: loaded 5M reads 
[02:28:49] Read2: loaded 5M reads 
[02:28:49] Read1: loaded 6M reads 
[02:28:50] Read2: loaded 6M reads 
[02:28:50] Read1: loaded 7M reads 
[02:28:50] Read2: loaded 7M reads 
[02:28:51] Read1: loaded 8M reads 
[02:28:51] Read2: loaded 8M reads 
[02:28:52] Read1: loaded 9M reads 
[02:28:52] Read2: loaded 9M reads 
[02:28:53] Read1: loaded 10M reads 
[02:28:53] Read2: loaded 10M reads 
[02:28:54] Read1: loaded 11M reads 
[02:28:54] Read2: loaded 11M reads 
[02:28:54] Read1: loaded 12M reads 
[02:28:55] Read2: loaded 12M reads 
[02:28:55] Read1: loaded 13M reads 
[02:28:56] Read2: loaded 13M reads 
[02:28:56] Read1: loaded 14M reads 
[02:28:56] Read2: loaded 14M reads 
[02:28:57] Read1: loaded 15M reads 
[02:28:57] Read2: loaded 15M reads 
[02:28:58] Read1: loaded 16M reads 
[02:28:58] Read2: loaded 16M reads 
[02:28:59] Read1: loaded 17M reads 
[02:28:59] Read2: loaded 17M reads 
[02:29:00] Read1: loaded 18M reads 
[02:29:00] Read2: loaded 18M reads 
[02:29:00] Read1: loaded 19M reads 
[02:29:01] Read2: loaded 19M reads 
[02:29:01] Read1: loaded 20M reads 
[02:29:02] Read2: loaded 20M reads 
[02:29:02] Read1: loaded 21M reads 
[02:29:02] Read2: loaded 21M reads 
[02:29:03] Read1: loaded 22M reads 
[02:29:03] Read2: loaded 22M reads 
[02:29:04] Read1: loaded 23M reads 
[02:29:04] Read2: loaded 23M reads 
[02:29:05] Read1: loaded 24M reads 
[02:29:05] Read2: loaded 24M reads 
[02:29:06] Read1: loaded 25M reads 
[02:29:06] Read2: loaded 25M reads 
[02:29:06] Read1: loaded 26M reads 
[02:29:07] Read2: loaded 26M reads 
[02:29:07] Read1: loaded 27M reads 
[02:29:08] Read2: loaded 27M reads 
[02:29:08] Read1: loaded 28M reads 
[02:29:09] Read2: loaded 28M reads 
[02:29:09] Read1: loaded 29M reads 
[02:29:09] Read2: loaded 29M reads 
[02:29:10] Read1: loaded 30M reads 
[02:29:10] Read2: loaded 30M reads 
[02:29:11] Read1: loaded 31M reads 
[02:29:11] Read2: loaded 31M reads 
[02:29:12] Read1: loaded 32M reads 
[02:29:12] Read2: loaded 32M reads 
[02:29:12] Read1: loaded 33M reads 
[02:29:13] Read2: loaded 33M reads 
[02:29:13] Read1: loaded 34M reads 
[02:29:14] Read2: loaded 34M reads 
[02:29:14] Read1: loaded 35M reads 
[02:29:15] Read2: loaded 35M reads 
[02:29:15] Read1: loaded 36M reads 
[02:29:15] Read2: loaded 36M reads 
[02:29:16] Read1: loaded 37M reads 
[02:29:16] Read2: loaded 37M reads 
[02:29:17] Read1: loaded 38M reads 
[02:29:17] Read2: loaded 38M reads 
[02:29:18] Read1: loaded 39M reads 
[02:29:18] Read2: loaded 39M reads 
[02:29:18] Read1: loaded 40M reads 
[02:29:19] Read2: loaded 40M reads 
[02:29:19] Read1: loaded 41M reads 
[02:29:20] Read2: loaded 41M reads 
[02:29:20] Read1: loaded 42M reads 
[02:29:21] Read2: loaded 42M reads 
[02:29:21] Read1: loaded 43M reads 
[02:29:21] Read2: loaded 43M reads 
[02:29:22] Read1: loaded 44M reads 
[02:29:22] Read2: loaded 44M reads 
[02:29:23] Read1: loaded 45M reads 
[02:29:23] Read2: loaded 45M reads 
[02:29:24] Read1: loaded 46M reads 
[02:29:24] Read2: loaded 46M reads 
[02:29:24] Read1: loaded 47M reads 
[02:29:25] Read2: loaded 47M reads 
[02:29:25] Read1: loaded 48M reads 
[02:29:26] Read2: loaded 48M reads 
[02:29:26] Read1: loaded 49M reads 
[02:29:27] Read2: loaded 49M reads 
[02:29:27] Read1: loaded 50M reads 
[02:29:27] Read2: loaded 50M reads 
[02:29:28] Read1: loaded 51M reads 
[02:29:28] Read2: loaded 51M reads 
[02:29:29] Read1: loaded 52M reads 
[02:29:29] Read2: loaded 52M reads 
[02:29:30] Read1: loaded 53M reads 
[02:29:30] Read2: loaded 53M reads 
[02:29:30] Read1: loaded 54M reads 
[02:29:31] Read2: loaded 54M reads 
[02:29:31] Read1: loaded 55M reads 
[02:29:32] Read2: loaded 55M reads 
[02:29:32] Read1: loaded 56M reads 
[02:29:32] Read2: loaded 56M reads 
[02:29:33] Read1: loaded 57M reads 
[02:29:33] Read2: loaded 57M reads 
[02:29:34] Read1: loaded 58M reads 
[02:29:34] Read2: loaded 58M reads 
[02:29:35] Read1: loaded 59M reads 
[02:29:35] Read2: loaded 59M reads 
[02:29:35] Read1: loaded 60M reads 
[02:29:36] Read2: loaded 60M reads 
[02:29:36] Read1: loaded 61M reads 
[02:29:37] Read2: loaded 61M reads 
[02:29:37] Read1: loaded 62M reads 
[02:29:38] Read2: loaded 62M reads 
[02:29:38] Read1: loaded 63M reads 
[02:29:38] Read2: loaded 63M reads 
[02:29:39] Read1: loaded 64M reads 
[02:29:39] Read2: loaded 64M reads 
[02:29:40] Read1: loaded 65M reads 
[02:29:40] Read2: loaded 65M reads 
[02:29:41] Read1: loaded 66M reads 
[02:29:41] Read2: loaded 66M reads 
[02:29:41] Read1: loaded 67M reads 
[02:29:42] Read2: loaded 67M reads 
[02:29:42] Read1: loaded 68M reads 
[02:29:43] Read2: loaded 68M reads 
[02:29:43] Read1: loaded 69M reads 
[02:29:43] Read2: loaded 69M reads 
[02:29:44] Read1: loaded 70M reads 
[02:29:44] Read2: loaded 70M reads 
[02:29:45] Read1: loaded 71M reads 
[02:29:45] Read2: loaded 71M reads 
[02:29:46] Read1: loaded 72M reads 
[02:29:46] Read2: loaded 72M reads 
[02:29:46] Read1: loaded 73M reads 
[02:29:47] Read2: loaded 73M reads 
[02:29:47] Read1: loaded 74M reads 
[02:29:48] Read2: loaded 74M reads 
[02:29:48] Read1: loaded 75M reads 
[02:29:48] Read2: loaded 75M reads 
[02:29:49] Read1: loaded 76M reads 
[02:29:49] Read2: loaded 76M reads 
[02:29:50] Read1: loaded 77M reads 
[02:29:50] Read2: loaded 77M reads 
[02:29:51] Read1: loaded 78M reads 
[02:29:51] Read2: loaded 78M reads 
[02:29:51] Read1: loaded 79M reads 
[02:29:52] Read2: loaded 79M reads 
[02:29:52] Read1: loaded 80M reads 
[02:29:53] Read1: loading completed with 9805 packs 
[02:29:53] Read2: loaded 80M reads 
[02:29:53] Read2: loading completed with 9805 packs 
[02:29:53] thread 6 data processing completed 
[02:29:53] thread 6 finished 
[02:29:53] thread 16 data processing completed 
[02:29:53] thread 16 finished 
[02:29:53] thread 15 data processing completed 
[02:29:53] thread 15 finished 
[02:29:53] thread 11 data processing completed 
[02:29:53] thread 11 finished 
[02:29:53] thread 14 data processing completed 
[02:29:53] thread 14 finished 
[02:29:53] thread 1 data processing completed 
[02:29:53] thread 1 finished 
[02:29:53] [fastp 1.3.3-d0bromir] Stage: loading (68802 ms) 
[02:29:53] [fastp 1.3.3-d0bromir] Stage: filtering 
[02:29:53] thread 7 data processing completed 
[02:29:53] thread 7 finished 
[02:29:53] thread 4 data processing completed 
[02:29:53] thread 4 finished 
[02:29:53] thread 12 data processing completed 
[02:29:53] thread 12 finished 
[02:29:53] thread 10 data processing completed 
[02:29:53] thread 10 finished 
[02:29:53] thread 8 data processing completed 
[02:29:53] thread 8 finished 
[02:29:53] thread 5 data processing completed 
[02:29:53] thread 5 finished 
[02:29:53] thread 2 data processing completed 
[02:29:53] thread 2 finished 
[02:29:53] thread 3 data processing completed 
[02:29:53] thread 3 finished 
[02:29:53] thread 9 data processing completed 
[02:29:53] thread 9 finished 
[02:29:53] thread 13 data processing completed 
[02:29:53] thread 13 finished 
[02:29:53] [fastp 1.3.3-d0bromir] Stage: filtering (52 ms) 
[02:29:53] [fastp 1.3.3-d0bromir] Stage: writing 
[02:29:53] /dev/shm/fastp_bench_EBAoii_R1.fq.gz writer finished 
[02:29:53] /dev/shm/fastp_bench_WJTw8M_R2.fq.gz writer finished 
[02:29:53] [fastp 1.3.3-d0bromir] Stage: writing (28 ms) 
[02:29:53] [GPU] Device 0: batches=9805 reads=80314764 
[02:29:53] [GPU] Device 1: batches=9805 reads=80314764 
[02:29:53] start to generate reports
 
Read1 before filtering:
total reads: 80314764
total bases: 8031476400
Q20 bases: 7618398149(94.8568%)
Q30 bases: 7189780467(89.52%)
Q40 bases: 1372019(0.017083%)

Read2 before filtering:
total reads: 80314764
total bases: 8031476400
Q20 bases: 7301776236(90.9145%)
Q30 bases: 6735240270(83.8605%)
Q40 bases: 14983216(0.186556%)

Read1 after filtering:
total reads: 73576845
total bases: 7332470906
Q20 bases: 7132277963(97.2698%)
Q30 bases: 6786262173(92.5508%)
Q40 bases: 1340969(0.0182881%)

Read2 after filtering:
total reads: 73576845
total bases: 7332470906
Q20 bases: 6987054543(95.2892%)
Q30 bases: 6494309731(88.5692%)
Q40 bases: 14400882(0.196399%)

Filtering result:
reads passed filter: 147153690
reads failed due to low quality: 13450996
reads failed due to too many N: 24842
reads failed due to too short: 0
reads failed due to adapter dimer: 0
reads with adapter trimmed: 1431652
bases trimmed due to adapters: 51264566

Duplication rate: 0.459637%

Insert size peak (evaluated by paired-end reads): 169

JSON report: /dev/shm/fastp_bench_Ad3jKp.json
HTML report: /dev/null

/home/mpiuser/bioauto_rev/fastp_d0bromir/fastp -w 16 -j /dev/shm/fastp_bench_Ad3jKp.json -h /dev/null --verbose -i /home/mpiuser/FASTQ/WGS/ERR1044780_1.fastq.gz -I /home/mpiuser/FASTQ/WGS/ERR1044780_2.fastq.gz -o /dev/shm/fastp_bench_EBAoii_R1.fq.gz -O /dev/shm/fastp_bench_WJTw8M_R2.fq.gz 
fastp v1.3.3-d0bromir, time used: 70 seconds
================================================================
