=== Full Benchmark Log: Sun Oct  4 01:49:34 PM UTC 2026 ===


================================================================
 Application  : opengene (/home/mpiuser/bioauto_rev/fastp_d0bromir/../fastp_opengene/fastp)
 Dataset      : WGS PE 18.2G (ERR1044319 R1+R2)
 Files        : R1=/home/mpiuser/FASTQ/WGS/ERR1044319_1.fastq.gz
               R2=/home/mpiuser/FASTQ/WGS/ERR1044319_2.fastq.gz
 Type         : PE
 Threads      : 8
 Wall time    : 284.168 s
 reads_in     : 234238034
 reads_out    : 217840930
 vs_opengene  : baseline
--- Resource usage ---
 CPU avg/peak : 938.9% / 1121.3%
 RSS peak     : 1278 MiB
 GPU util a/p : 0.0% / 0.0%
 GPU mem peak : 0 MiB
 Sample CSV   : /home/mpiuser/bioauto_rev/fastp_d0bromir/benchmark_results/20261004_134934/resources/resource_WGS_PE_18.2G_opengene_T8_1791121774.csv
--- Profiling output ---
[13:49:35] start to load data of read1 
[13:49:35] start to load data of read2 
[13:49:35] /dev/shm/fastp_bench_cB9PXM_R1.fq.gz writer finished 
[13:49:35] /dev/shm/fastp_bench_OJUIo3_R2.fq.gz writer finished 
[13:49:38] Read1: loaded 1M reads 
[13:49:38] Read2: loaded 1M reads 
[13:49:40] Read1: loaded 2M reads 
[13:49:40] Read2: loaded 2M reads 
[13:49:42] Read1: loaded 3M reads 
[13:49:43] Read2: loaded 3M reads 
[13:49:45] Read2: loaded 4M reads 
[13:49:45] Read1: loaded 4M reads 
[13:49:47] Read1: loaded 5M reads 
[13:49:47] Read2: loaded 5M reads 
[13:49:50] Read2: loaded 6M reads 
[13:49:50] Read1: loaded 6M reads 
[13:49:52] Read1: loaded 7M reads 
[13:49:52] Read2: loaded 7M reads 
[13:49:55] Read2: loaded 8M reads 
[13:49:55] Read1: loaded 8M reads 
[13:49:57] Read2: loaded 9M reads 
[13:49:57] Read1: loaded 9M reads 
[13:50:00] Read2: loaded 10M reads 
[13:50:00] Read1: loaded 10M reads 
[13:50:02] Read1: loaded 11M reads 
[13:50:02] Read2: loaded 11M reads 
[13:50:05] Read1: loaded 12M reads 
[13:50:05] Read2: loaded 12M reads 
[13:50:07] Read2: loaded 13M reads 
[13:50:07] Read1: loaded 13M reads 
[13:50:10] Read1: loaded 14M reads 
[13:50:10] Read2: loaded 14M reads 
[13:50:12] Read1: loaded 15M reads 
[13:50:12] Read2: loaded 15M reads 
[13:50:15] Read1: loaded 16M reads 
[13:50:15] Read2: loaded 16M reads 
[13:50:17] Read2: loaded 17M reads 
[13:50:17] Read1: loaded 17M reads 
[13:50:20] Read1: loaded 18M reads 
[13:50:20] Read2: loaded 18M reads 
[13:50:22] Read2: loaded 19M reads 
[13:50:22] Read1: loaded 19M reads 
[13:50:24] Read2: loaded 20M reads 
[13:50:24] Read1: loaded 20M reads 
[13:50:27] Read2: loaded 21M reads 
[13:50:27] Read1: loaded 21M reads 
[13:50:29] Read2: loaded 22M reads 
[13:50:29] Read1: loaded 22M reads 
[13:50:32] Read2: loaded 23M reads 
[13:50:32] Read1: loaded 23M reads 
[13:50:34] Read1: loaded 24M reads 
[13:50:34] Read2: loaded 24M reads 
[13:50:36] Read1: loaded 25M reads 
[13:50:36] Read2: loaded 25M reads 
[13:50:39] Read1: loaded 26M reads 
[13:50:39] Read2: loaded 26M reads 
[13:50:41] Read1: loaded 27M reads 
[13:50:41] Read2: loaded 27M reads 
[13:50:44] Read2: loaded 28M reads 
[13:50:44] Read1: loaded 28M reads 
[13:50:46] Read1: loaded 29M reads 
[13:50:46] Read2: loaded 29M reads 
[13:50:49] Read1: loaded 30M reads 
[13:50:49] Read2: loaded 30M reads 
[13:50:51] Read1: loaded 31M reads 
[13:50:51] Read2: loaded 31M reads 
[13:50:53] Read1: loaded 32M reads 
[13:50:53] Read2: loaded 32M reads 
[13:50:56] Read2: loaded 33M reads 
[13:50:56] Read1: loaded 33M reads 
[13:50:58] Read2: loaded 34M reads 
[13:50:58] Read1: loaded 34M reads 
[13:51:00] Read1: loaded 35M reads 
[13:51:00] Read2: loaded 35M reads 
[13:51:03] Read1: loaded 36M reads 
[13:51:03] Read2: loaded 36M reads 
[13:51:05] Read2: loaded 37M reads 
[13:51:05] Read1: loaded 37M reads 
[13:51:08] Read1: loaded 38M reads 
[13:51:08] Read2: loaded 38M reads 
[13:51:10] Read1: loaded 39M reads 
[13:51:10] Read2: loaded 39M reads 
[13:51:12] Read1: loaded 40M reads 
[13:51:12] Read2: loaded 40M reads 
[13:51:15] Read2: loaded 41M reads 
[13:51:15] Read1: loaded 41M reads 
[13:51:17] Read2: loaded 42M reads 
[13:51:17] Read1: loaded 42M reads 
[13:51:19] Read1: loaded 43M reads 
[13:51:19] Read2: loaded 43M reads 
[13:51:22] Read2: loaded 44M reads 
[13:51:22] Read1: loaded 44M reads 
[13:51:24] Read2: loaded 45M reads 
[13:51:24] Read1: loaded 45M reads 
[13:51:27] Read1: loaded 46M reads 
[13:51:27] Read2: loaded 46M reads 
[13:51:29] Read1: loaded 47M reads 
[13:51:29] Read2: loaded 47M reads 
[13:51:31] Read1: loaded 48M reads 
[13:51:31] Read2: loaded 48M reads 
[13:51:34] Read2: loaded 49M reads 
[13:51:34] Read1: loaded 49M reads 
[13:51:36] Read2: loaded 50M reads 
[13:51:36] Read1: loaded 50M reads 
[13:51:39] Read2: loaded 51M reads 
[13:51:39] Read1: loaded 51M reads 
[13:51:41] Read2: loaded 52M reads 
[13:51:41] Read1: loaded 52M reads 
[13:51:43] Read2: loaded 53M reads 
[13:51:43] Read1: loaded 53M reads 
[13:51:46] Read2: loaded 54M reads 
[13:51:46] Read1: loaded 54M reads 
[13:51:48] Read2: loaded 55M reads 
[13:51:48] Read1: loaded 55M reads 
[13:51:51] Read1: loaded 56M reads 
[13:51:51] Read2: loaded 56M reads 
[13:51:53] Read2: loaded 57M reads 
[13:51:53] Read1: loaded 57M reads 
[13:51:56] Read2: loaded 58M reads 
[13:51:56] Read1: loaded 58M reads 
[13:51:58] Read2: loaded 59M reads 
[13:51:58] Read1: loaded 59M reads 
[13:52:00] Read2: loaded 60M reads 
[13:52:00] Read1: loaded 60M reads 
[13:52:03] Read2: loaded 61M reads 
[13:52:03] Read1: loaded 61M reads 
[13:52:05] Read1: loaded 62M reads 
[13:52:05] Read2: loaded 62M reads 
[13:52:08] Read1: loaded 63M reads 
[13:52:08] Read2: loaded 63M reads 
[13:52:10] Read2: loaded 64M reads 
[13:52:10] Read1: loaded 64M reads 
[13:52:13] Read2: loaded 65M reads 
[13:52:13] Read1: loaded 65M reads 
[13:52:15] Read1: loaded 66M reads 
[13:52:15] Read2: loaded 66M reads 
[13:52:17] Read1: loaded 67M reads 
[13:52:17] Read2: loaded 67M reads 
[13:52:20] Read2: loaded 68M reads 
[13:52:20] Read1: loaded 68M reads 
[13:52:22] Read2: loaded 69M reads 
[13:52:22] Read1: loaded 69M reads 
[13:52:25] Read2: loaded 70M reads 
[13:52:25] Read1: loaded 70M reads 
[13:52:27] Read1: loaded 71M reads 
[13:52:27] Read2: loaded 71M reads 
[13:52:29] Read2: loaded 72M reads 
[13:52:29] Read1: loaded 72M reads 
[13:52:32] Read1: loaded 73M reads 
[13:52:32] Read2: loaded 73M reads 
[13:52:34] Read2: loaded 74M reads 
[13:52:34] Read1: loaded 74M reads 
[13:52:37] Read1: loaded 75M reads 
[13:52:37] Read2: loaded 75M reads 
[13:52:39] Read1: loaded 76M reads 
[13:52:39] Read2: loaded 76M reads 
[13:52:41] Read2: loaded 77M reads 
[13:52:41] Read1: loaded 77M reads 
[13:52:44] Read1: loaded 78M reads 
[13:52:44] Read2: loaded 78M reads 
[13:52:46] Read1: loaded 79M reads 
[13:52:46] Read2: loaded 79M reads 
[13:52:49] Read1: loaded 80M reads 
[13:52:49] Read2: loaded 80M reads 
[13:52:51] Read2: loaded 81M reads 
[13:52:51] Read1: loaded 81M reads 
[13:52:53] Read1: loaded 82M reads 
[13:52:53] Read2: loaded 82M reads 
[13:52:56] Read1: loaded 83M reads 
[13:52:56] Read2: loaded 83M reads 
[13:52:58] Read2: loaded 84M reads 
[13:52:58] Read1: loaded 84M reads 
[13:53:01] Read2: loaded 85M reads 
[13:53:01] Read1: loaded 85M reads 
[13:53:03] Read1: loaded 86M reads 
[13:53:03] Read2: loaded 86M reads 
[13:53:05] Read1: loaded 87M reads 
[13:53:05] Read2: loaded 87M reads 
[13:53:08] Read2: loaded 88M reads 
[13:53:08] Read1: loaded 88M reads 
[13:53:10] Read2: loaded 89M reads 
[13:53:10] Read1: loaded 89M reads 
[13:53:13] Read1: loaded 90M reads 
[13:53:13] Read2: loaded 90M reads 
[13:53:15] Read2: loaded 91M reads 
[13:53:15] Read1: loaded 91M reads 
[13:53:17] Read1: loaded 92M reads 
[13:53:17] Read2: loaded 92M reads 
[13:53:20] Read2: loaded 93M reads 
[13:53:20] Read1: loaded 93M reads 
[13:53:22] Read2: loaded 94M reads 
[13:53:22] Read1: loaded 94M reads 
[13:53:24] Read1: loaded 95M reads 
[13:53:25] Read2: loaded 95M reads 
[13:53:27] Read2: loaded 96M reads 
[13:53:27] Read1: loaded 96M reads 
[13:53:29] Read1: loaded 97M reads 
[13:53:29] Read2: loaded 97M reads 
[13:53:32] Read1: loaded 98M reads 
[13:53:32] Read2: loaded 98M reads 
[13:53:34] Read1: loaded 99M reads 
[13:53:34] Read2: loaded 99M reads 
[13:53:36] Read2: loaded 100M reads 
[13:53:36] Read1: loaded 100M reads 
[13:53:39] Read1: loaded 101M reads 
[13:53:39] Read2: loaded 101M reads 
[13:53:41] Read2: loaded 102M reads 
[13:53:41] Read1: loaded 102M reads 
[13:53:44] Read1: loaded 103M reads 
[13:53:44] Read2: loaded 103M reads 
[13:53:46] Read2: loaded 104M reads 
[13:53:46] Read1: loaded 104M reads 
[13:53:48] Read1: loaded 105M reads 
[13:53:48] Read2: loaded 105M reads 
[13:53:51] Read2: loaded 106M reads 
[13:53:51] Read1: loaded 106M reads 
[13:53:53] Read1: loaded 107M reads 
[13:53:53] Read2: loaded 107M reads 
[13:53:56] Read2: loaded 108M reads 
[13:53:56] Read1: loaded 108M reads 
[13:53:58] Read1: loaded 109M reads 
[13:53:58] Read2: loaded 109M reads 
[13:54:00] Read2: loaded 110M reads 
[13:54:00] Read1: loaded 110M reads 
[13:54:03] Read1: loaded 111M reads 
[13:54:03] Read2: loaded 111M reads 
[13:54:05] Read2: loaded 112M reads 
[13:54:05] Read1: loaded 112M reads 
[13:54:08] Read1: loaded 113M reads 
[13:54:08] Read2: loaded 113M reads 
[13:54:10] Read2: loaded 114M reads 
[13:54:10] Read1: loaded 114M reads 
[13:54:12] Read2: loaded 115M reads 
[13:54:12] Read1: loaded 115M reads 
[13:54:15] Read1: loaded 116M reads 
[13:54:15] Read2: loaded 116M reads 
[13:54:17] Read2: loaded 117M reads 
[13:54:17] Read1: loaded 117M reads 
[13:54:18] Read2: loading completed with 117120 packs 
[13:54:18] Read1: loading completed with 117120 packs 
[13:54:18] thread 1 data processing completed 
[13:54:18] thread 2 data processing completed 
[13:54:18] thread 2 finished 
[13:54:18] thread 1 finished 
[13:54:18] thread 3 data processing completed 
[13:54:18] thread 3 finished 
[13:54:18] thread 4 data processing completed 
[13:54:18] thread 4 finished 
[13:54:18] thread 5 data processing completed 
[13:54:18] thread 5 finished 
[13:54:18] thread 6 data processing completed 
[13:54:18] thread 6 finished 
[13:54:18] thread 7 data processing completed 
[13:54:18] thread 7 finished 
[13:54:18] thread 8 data processing completed 
[13:54:18] thread 8 finished 
[13:54:18] start to generate reports
 
Read1 before filtering:
total reads: 117119017
total bases: 11711901700
Q20 bases: 11040848879(94.2703%)
Q30 bases: 10362226195(88.476%)
Q40 bases: 1948657(0.0166383%)

Read2 before filtering:
total reads: 117119017
total bases: 11711901700
Q20 bases: 10988642082(93.8246%)
Q30 bases: 10314076255(88.0649%)
Q40 bases: 28413202(0.242601%)

Read1 after filtering:
total reads: 108920465
total bases: 10873757549
Q20 bases: 10544216033(96.9694%)
Q30 bases: 9961660084(91.6119%)
Q40 bases: 1912694(0.01759%)

Read2 after filtering:
total reads: 108920465
total bases: 10873757549
Q20 bases: 10557960992(97.0958%)
Q30 bases: 9979237841(91.7736%)
Q40 bases: 27481072(0.252728%)

Filtering result:
reads passed filter: 217840930
reads failed due to low quality: 16397104
reads failed due to too many N: 0
reads failed due to too short: 0
reads failed due to adapter dimer: 0
reads with adapter trimmed: 882278
bases trimmed due to adapters: 37595560

Duplication rate: 1.16051%

Insert size peak (evaluated by paired-end reads): 169

JSON report: /dev/shm/fastp_bench_VIOGHy.json
HTML report: /dev/null

/home/mpiuser/bioauto_rev/fastp_d0bromir/../fastp_opengene/fastp -w 8 -j /dev/shm/fastp_bench_VIOGHy.json -h /dev/null --verbose -i /home/mpiuser/FASTQ/WGS/ERR1044319_1.fastq.gz -I /home/mpiuser/FASTQ/WGS/ERR1044319_2.fastq.gz -o /dev/shm/fastp_bench_cB9PXM_R1.fq.gz -O /dev/shm/fastp_bench_OJUIo3_R2.fq.gz 
fastp v1.3.3, time used: 284 seconds
================================================================

================================================================
 Application  : d0bromir_cpu (/home/mpiuser/bioauto_rev/fastp_d0bromir/fastp-cpu)
 Dataset      : WGS PE 18.2G (ERR1044319 R1+R2)
 Files        : R1=/home/mpiuser/FASTQ/WGS/ERR1044319_1.fastq.gz
               R2=/home/mpiuser/FASTQ/WGS/ERR1044319_2.fastq.gz
 Type         : PE
 Threads      : 8
 Wall time    : 160.581 s
 reads_in     : 234238034
 reads_out    : 217840930
 vs_opengene  : -43.5%
--- Resource usage ---
 CPU avg/peak : 1387.8% / 1614.2%
 RSS peak     : 1995 MiB
 GPU util a/p : 0.0% / 0.0%
 GPU mem peak : 0 MiB
 Sample CSV   : /home/mpiuser/bioauto_rev/fastp_d0bromir/benchmark_results/20261004_134934/resources/resource_WGS_PE_18.2G_d0bromir_cpu_T8_1791122374.csv
--- Profiling output ---
[13:59:34] fastp 1.3.3-d0bromir starting 
[13:59:35] [fastp 1.3.3-d0bromir] Stage: loading 
[13:59:35] start to load data of read1 
[13:59:35] start to load data of read2 
[13:59:36] Read2: loaded 1M reads 
[13:59:36] Read1: loaded 1M reads 
[13:59:38] Read2: loaded 2M reads 
[13:59:38] Read1: loaded 2M reads 
[13:59:39] Read2: loaded 3M reads 
[13:59:39] Read1: loaded 3M reads 
[13:59:40] Read2: loaded 4M reads 
[13:59:40] Read1: loaded 4M reads 
[13:59:41] Read2: loaded 5M reads 
[13:59:41] Read1: loaded 5M reads 
[13:59:43] Read2: loaded 6M reads 
[13:59:43] Read1: loaded 6M reads 
[13:59:44] Read2: loaded 7M reads 
[13:59:44] Read1: loaded 7M reads 
[13:59:45] Read2: loaded 8M reads 
[13:59:45] Read1: loaded 8M reads 
[13:59:46] Read2: loaded 9M reads 
[13:59:47] Read1: loaded 9M reads 
[13:59:48] Read2: loaded 10M reads 
[13:59:48] Read1: loaded 10M reads 
[13:59:49] Read2: loaded 11M reads 
[13:59:49] Read1: loaded 11M reads 
[13:59:50] Read2: loaded 12M reads 
[13:59:50] Read1: loaded 12M reads 
[13:59:51] Read2: loaded 13M reads 
[13:59:52] Read1: loaded 13M reads 
[13:59:53] Read2: loaded 14M reads 
[13:59:53] Read1: loaded 14M reads 
[13:59:54] Read2: loaded 15M reads 
[13:59:54] Read1: loaded 15M reads 
[13:59:55] Read2: loaded 16M reads 
[13:59:55] Read1: loaded 16M reads 
[13:59:56] Read2: loaded 17M reads 
[13:59:57] Read1: loaded 17M reads 
[13:59:58] Read2: loaded 18M reads 
[13:59:58] Read1: loaded 18M reads 
[13:59:59] Read2: loaded 19M reads 
[13:59:59] Read1: loaded 19M reads 
[14:00:00] Read2: loaded 20M reads 
[14:00:00] Read1: loaded 20M reads 
[14:00:01] Read2: loaded 21M reads 
[14:00:02] Read1: loaded 21M reads 
[14:00:03] Read2: loaded 22M reads 
[14:00:03] Read1: loaded 22M reads 
[14:00:04] Read2: loaded 23M reads 
[14:00:04] Read1: loaded 23M reads 
[14:00:05] Read2: loaded 24M reads 
[14:00:05] Read1: loaded 24M reads 
[14:00:06] Read2: loaded 25M reads 
[14:00:07] Read1: loaded 25M reads 
[14:00:07] Read2: loaded 26M reads 
[14:00:08] Read1: loaded 26M reads 
[14:00:09] Read2: loaded 27M reads 
[14:00:09] Read1: loaded 27M reads 
[14:00:10] Read2: loaded 28M reads 
[14:00:10] Read1: loaded 28M reads 
[14:00:11] Read2: loaded 29M reads 
[14:00:12] Read1: loaded 29M reads 
[14:00:13] Read2: loaded 30M reads 
[14:00:13] Read1: loaded 30M reads 
[14:00:14] Read2: loaded 31M reads 
[14:00:14] Read1: loaded 31M reads 
[14:00:15] Read2: loaded 32M reads 
[14:00:15] Read1: loaded 32M reads 
[14:00:16] Read2: loaded 33M reads 
[14:00:17] Read1: loaded 33M reads 
[14:00:17] Read2: loaded 34M reads 
[14:00:18] Read1: loaded 34M reads 
[14:00:19] Read2: loaded 35M reads 
[14:00:19] Read1: loaded 35M reads 
[14:00:20] Read2: loaded 36M reads 
[14:00:20] Read1: loaded 36M reads 
[14:00:21] Read2: loaded 37M reads 
[14:00:22] Read1: loaded 37M reads 
[14:00:22] Read2: loaded 38M reads 
[14:00:23] Read1: loaded 38M reads 
[14:00:24] Read2: loaded 39M reads 
[14:00:24] Read1: loaded 39M reads 
[14:00:25] Read2: loaded 40M reads 
[14:00:26] Read1: loaded 40M reads 
[14:00:26] Read2: loaded 41M reads 
[14:00:27] Read1: loaded 41M reads 
[14:00:28] Read2: loaded 42M reads 
[14:00:28] Read1: loaded 42M reads 
[14:00:29] Read2: loaded 43M reads 
[14:00:29] Read1: loaded 43M reads 
[14:00:30] Read2: loaded 44M reads 
[14:00:31] Read1: loaded 44M reads 
[14:00:31] Read2: loaded 45M reads 
[14:00:32] Read1: loaded 45M reads 
[14:00:33] Read2: loaded 46M reads 
[14:00:34] Read1: loaded 46M reads 
[14:00:34] Read2: loaded 47M reads 
[14:00:35] Read1: loaded 47M reads 
[14:00:36] Read2: loaded 48M reads 
[14:00:36] Read1: loaded 48M reads 
[14:00:37] Read2: loaded 49M reads 
[14:00:38] Read1: loaded 49M reads 
[14:00:38] Read2: loaded 50M reads 
[14:00:39] Read1: loaded 50M reads 
[14:00:40] Read2: loaded 51M reads 
[14:00:41] Read1: loaded 51M reads 
[14:00:41] Read2: loaded 52M reads 
[14:00:42] Read1: loaded 52M reads 
[14:00:43] Read2: loaded 53M reads 
[14:00:43] Read1: loaded 53M reads 
[14:00:44] Read2: loaded 54M reads 
[14:00:45] Read1: loaded 54M reads 
[14:00:45] Read2: loaded 55M reads 
[14:00:46] Read1: loaded 55M reads 
[14:00:47] Read2: loaded 56M reads 
[14:00:48] Read1: loaded 56M reads 
[14:00:48] Read2: loaded 57M reads 
[14:00:49] Read1: loaded 57M reads 
[14:00:50] Read2: loaded 58M reads 
[14:00:50] Read1: loaded 58M reads 
[14:00:51] Read2: loaded 59M reads 
[14:00:52] Read1: loaded 59M reads 
[14:00:53] Read2: loaded 60M reads 
[14:00:53] Read1: loaded 60M reads 
[14:00:54] Read2: loaded 61M reads 
[14:00:54] Read1: loaded 61M reads 
[14:00:55] Read2: loaded 62M reads 
[14:00:56] Read1: loaded 62M reads 
[14:00:57] Read2: loaded 63M reads 
[14:00:57] Read1: loaded 63M reads 
[14:00:58] Read2: loaded 64M reads 
[14:00:58] Read1: loaded 64M reads 
[14:00:59] Read2: loaded 65M reads 
[14:01:00] Read1: loaded 65M reads 
[14:01:01] Read2: loaded 66M reads 
[14:01:01] Read1: loaded 66M reads 
[14:01:02] Read2: loaded 67M reads 
[14:01:03] Read1: loaded 67M reads 
[14:01:03] Read2: loaded 68M reads 
[14:01:04] Read1: loaded 68M reads 
[14:01:05] Read2: loaded 69M reads 
[14:01:05] Read1: loaded 69M reads 
[14:01:06] Read2: loaded 70M reads 
[14:01:07] Read1: loaded 70M reads 
[14:01:08] Read2: loaded 71M reads 
[14:01:08] Read1: loaded 71M reads 
[14:01:09] Read2: loaded 72M reads 
[14:01:09] Read1: loaded 72M reads 
[14:01:10] Read2: loaded 73M reads 
[14:01:11] Read1: loaded 73M reads 
[14:01:12] Read2: loaded 74M reads 
[14:01:12] Read1: loaded 74M reads 
[14:01:13] Read2: loaded 75M reads 
[14:01:13] Read1: loaded 75M reads 
[14:01:14] Read2: loaded 76M reads 
[14:01:15] Read1: loaded 76M reads 
[14:01:16] Read2: loaded 77M reads 
[14:01:16] Read1: loaded 77M reads 
[14:01:17] Read2: loaded 78M reads 
[14:01:18] Read1: loaded 78M reads 
[14:01:18] Read2: loaded 79M reads 
[14:01:19] Read1: loaded 79M reads 
[14:01:20] Read2: loaded 80M reads 
[14:01:20] Read1: loaded 80M reads 
[14:01:21] Read2: loaded 81M reads 
[14:01:22] Read1: loaded 81M reads 
[14:01:22] Read2: loaded 82M reads 
[14:01:23] Read1: loaded 82M reads 
[14:01:24] Read2: loaded 83M reads 
[14:01:24] Read1: loaded 83M reads 
[14:01:25] Read2: loaded 84M reads 
[14:01:26] Read1: loaded 84M reads 
[14:01:27] Read2: loaded 85M reads 
[14:01:27] Read1: loaded 85M reads 
[14:01:28] Read2: loaded 86M reads 
[14:01:29] Read1: loaded 86M reads 
[14:01:30] Read2: loaded 87M reads 
[14:01:30] Read1: loaded 87M reads 
[14:01:31] Read2: loaded 88M reads 
[14:01:32] Read1: loaded 88M reads 
[14:01:32] Read2: loaded 89M reads 
[14:01:33] Read1: loaded 89M reads 
[14:01:34] Read2: loaded 90M reads 
[14:01:35] Read1: loaded 90M reads 
[14:01:35] Read2: loaded 91M reads 
[14:01:36] Read1: loaded 91M reads 
[14:01:37] Read2: loaded 92M reads 
[14:01:37] Read1: loaded 92M reads 
[14:01:38] Read2: loaded 93M reads 
[14:01:38] Read1: loaded 93M reads 
[14:01:39] Read2: loaded 94M reads 
[14:01:40] Read1: loaded 94M reads 
[14:01:41] Read2: loaded 95M reads 
[14:01:41] Read1: loaded 95M reads 
[14:01:42] Read2: loaded 96M reads 
[14:01:43] Read1: loaded 96M reads 
[14:01:44] Read2: loaded 97M reads 
[14:01:44] Read1: loaded 97M reads 
[14:01:45] Read2: loaded 98M reads 
[14:01:45] Read1: loaded 98M reads 
[14:01:46] Read2: loaded 99M reads 
[14:01:46] Read1: loaded 99M reads 
[14:01:47] Read2: loaded 100M reads 
[14:01:48] Read1: loaded 100M reads 
[14:01:49] Read2: loaded 101M reads 
[14:01:49] Read1: loaded 101M reads 
[14:01:50] Read2: loaded 102M reads 
[14:01:51] Read1: loaded 102M reads 
[14:01:52] Read2: loaded 103M reads 
[14:01:52] Read1: loaded 103M reads 
[14:01:53] Read2: loaded 104M reads 
[14:01:54] Read1: loaded 104M reads 
[14:01:54] Read2: loaded 105M reads 
[14:01:55] Read1: loaded 105M reads 
[14:01:56] Read2: loaded 106M reads 
[14:01:57] Read1: loaded 106M reads 
[14:01:57] Read2: loaded 107M reads 
[14:01:58] Read1: loaded 107M reads 
[14:01:59] Read2: loaded 108M reads 
[14:01:59] Read1: loaded 108M reads 
[14:02:00] Read2: loaded 109M reads 
[14:02:01] Read1: loaded 109M reads 
[14:02:02] Read2: loaded 110M reads 
[14:02:02] Read1: loaded 110M reads 
[14:02:03] Read2: loaded 111M reads 
[14:02:03] Read1: loaded 111M reads 
[14:02:04] Read2: loaded 112M reads 
[14:02:05] Read1: loaded 112M reads 
[14:02:06] Read2: loaded 113M reads 
[14:02:06] Read1: loaded 113M reads 
[14:02:07] Read2: loaded 114M reads 
[14:02:08] Read1: loaded 114M reads 
[14:02:09] Read2: loaded 115M reads 
[14:02:09] Read1: loaded 115M reads 
[14:02:10] Read2: loaded 116M reads 
[14:02:11] Read1: loaded 116M reads 
[14:02:11] Read2: loaded 117M reads 
[14:02:12] Read2: loading completed with 14297 packs 
[14:02:12] Read1: loaded 117M reads 
[14:02:12] Read1: loading completed with 14297 packs 
[14:02:12] [fastp 1.3.3-d0bromir] Stage: loading (157233 ms) 
[14:02:12] [fastp 1.3.3-d0bromir] Stage: filtering 
[14:02:12] thread 8 data processing completed 
[14:02:12] thread 8 finished 
[14:02:12] thread 5 data processing completed 
[14:02:12] thread 5 finished 
[14:02:12] thread 2 data processing completed 
[14:02:12] thread 2 finished 
[14:02:12] thread 3 data processing completed 
[14:02:12] thread 3 finished 
[14:02:12] thread 7 data processing completed 
[14:02:12] thread 7 finished 
[14:02:12] thread 4 data processing completed 
[14:02:12] thread 4 finished 
[14:02:12] thread 1 data processing completed 
[14:02:12] thread 1 finished 
[14:02:12] thread 6 data processing completed 
[14:02:12] thread 6 finished 
[14:02:12] [fastp 1.3.3-d0bromir] Stage: filtering (120 ms) 
[14:02:12] [fastp 1.3.3-d0bromir] Stage: writing 
[14:02:12] /dev/shm/fastp_bench_RLXroi_R1.fq.gz writer finished 
[14:02:12] /dev/shm/fastp_bench_dvydhX_R2.fq.gz writer finished 
[14:02:12] [fastp 1.3.3-d0bromir] Stage: writing (27 ms) 
[14:02:12] start to generate reports
 
Read1 before filtering:
total reads: 117119017
total bases: 11711901700
Q20 bases: 11040848879(94.2703%)
Q30 bases: 10362226195(88.476%)
Q40 bases: 1948657(0.0166383%)

Read2 before filtering:
total reads: 117119017
total bases: 11711901700
Q20 bases: 10988642082(93.8246%)
Q30 bases: 10314076255(88.0649%)
Q40 bases: 28413202(0.242601%)

Read1 after filtering:
total reads: 108920465
total bases: 10873757549
Q20 bases: 10544216033(96.9694%)
Q30 bases: 9961660084(91.6119%)
Q40 bases: 1912694(0.01759%)

Read2 after filtering:
total reads: 108920465
total bases: 10873757549
Q20 bases: 10557960992(97.0958%)
Q30 bases: 9979237841(91.7736%)
Q40 bases: 27481072(0.252728%)

Filtering result:
reads passed filter: 217840930
reads failed due to low quality: 16397104
reads failed due to too many N: 0
reads failed due to too short: 0
reads failed due to adapter dimer: 0
reads with adapter trimmed: 882278
bases trimmed due to adapters: 37595560

Duplication rate: 1.16051%

Insert size peak (evaluated by paired-end reads): 169

JSON report: /dev/shm/fastp_bench_wxPlIn.json
HTML report: /dev/null

/home/mpiuser/bioauto_rev/fastp_d0bromir/fastp-cpu -w 8 -j /dev/shm/fastp_bench_wxPlIn.json -h /dev/null --verbose -i /home/mpiuser/FASTQ/WGS/ERR1044319_1.fastq.gz -I /home/mpiuser/FASTQ/WGS/ERR1044319_2.fastq.gz -o /dev/shm/fastp_bench_RLXroi_R1.fq.gz -O /dev/shm/fastp_bench_dvydhX_R2.fq.gz 
fastp v1.3.3-d0bromir, time used: 160 seconds
================================================================
