=== Full Benchmark Log: Sun Oct  4 08:15:32 UTC 2026 ===


================================================================
 Application  : opengene (/home/mpiuser/bioauto_rev/fastp_d0bromir/../fastp_opengene/fastp)
 Dataset      : WGS PE 40G (DRR216653 R1+R2)
 Files        : R1=/home/mpiuser/FASTQ/WGS/DRR216653_1.fastq.gz
               R2=/home/mpiuser/FASTQ/WGS/DRR216653_2.fastq.gz
 Type         : PE
 Threads      : 8
 Wall time    : 693.457 s
 reads_in     : 722563222
 reads_out    : 717214748
 vs_opengene  : baseline
--- Resource usage ---
 CPU avg/peak : 1222.4% / 1818.5%
 RSS peak     : 1307 MiB
 GPU util a/p : 0.0% / 0.0%
 GPU mem peak : 0 MiB
 Sample CSV   : /home/mpiuser/bioauto_rev/fastp_d0bromir/benchmark_results/20261004_081532/resources/resource_WGS_PE_40G_opengene_T8_1791101732.csv
--- Profiling output ---
[08:15:33] start to load data of read1 
[08:15:33] start to load data of read2 
[08:15:33] /dev/shm/fastp_bench_XTB53J_R1.fq.gz writer finished 
[08:15:33] /dev/shm/fastp_bench_ZlUwjI_R2.fq.gz writer finished 
[08:15:35] Read2: loaded 1M reads 
[08:15:35] Read1: loaded 1M reads 
[08:15:37] Read1: loaded 2M reads 
[08:15:37] Read2: loaded 2M reads 
[08:15:38] Read2: loaded 3M reads 
[08:15:38] Read1: loaded 3M reads 
[08:15:40] Read1: loaded 4M reads 
[08:15:40] Read2: loaded 4M reads 
[08:15:42] Read2: loaded 5M reads 
[08:15:42] Read1: loaded 5M reads 
[08:15:44] Read1: loaded 6M reads 
[08:15:44] Read2: loaded 6M reads 
[08:15:46] Read2: loaded 7M reads 
[08:15:46] Read1: loaded 7M reads 
[08:15:48] Read1: loaded 8M reads 
[08:15:48] Read2: loaded 8M reads 
[08:15:50] Read1: loaded 9M reads 
[08:15:50] Read2: loaded 9M reads 
[08:15:52] Read2: loaded 10M reads 
[08:15:52] Read1: loaded 10M reads 
[08:15:54] Read2: loaded 11M reads 
[08:15:54] Read1: loaded 11M reads 
[08:15:56] Read2: loaded 12M reads 
[08:15:56] Read1: loaded 12M reads 
[08:15:58] Read2: loaded 13M reads 
[08:15:58] Read1: loaded 13M reads 
[08:16:00] Read1: loaded 14M reads 
[08:16:00] Read2: loaded 14M reads 
[08:16:02] Read1: loaded 15M reads 
[08:16:02] Read2: loaded 15M reads 
[08:16:03] Read2: loaded 16M reads 
[08:16:03] Read1: loaded 16M reads 
[08:16:05] Read1: loaded 17M reads 
[08:16:05] Read2: loaded 17M reads 
[08:16:07] Read2: loaded 18M reads 
[08:16:07] Read1: loaded 18M reads 
[08:16:09] Read1: loaded 19M reads 
[08:16:09] Read2: loaded 19M reads 
[08:16:11] Read1: loaded 20M reads 
[08:16:11] Read2: loaded 20M reads 
[08:16:13] Read1: loaded 21M reads 
[08:16:13] Read2: loaded 21M reads 
[08:16:15] Read2: loaded 22M reads 
[08:16:15] Read1: loaded 22M reads 
[08:16:17] Read1: loaded 23M reads 
[08:16:17] Read2: loaded 23M reads 
[08:16:19] Read1: loaded 24M reads 
[08:16:19] Read2: loaded 24M reads 
[08:16:21] Read1: loaded 25M reads 
[08:16:21] Read2: loaded 25M reads 
[08:16:23] Read1: loaded 26M reads 
[08:16:23] Read2: loaded 26M reads 
[08:16:25] Read2: loaded 27M reads 
[08:16:25] Read1: loaded 27M reads 
[08:16:26] Read2: loaded 28M reads 
[08:16:26] Read1: loaded 28M reads 
[08:16:28] Read2: loaded 29M reads 
[08:16:28] Read1: loaded 29M reads 
[08:16:30] Read1: loaded 30M reads 
[08:16:30] Read2: loaded 30M reads 
[08:16:32] Read1: loaded 31M reads 
[08:16:32] Read2: loaded 31M reads 
[08:16:34] Read2: loaded 32M reads 
[08:16:34] Read1: loaded 32M reads 
[08:16:36] Read2: loaded 33M reads 
[08:16:36] Read1: loaded 33M reads 
[08:16:38] Read2: loaded 34M reads 
[08:16:38] Read1: loaded 34M reads 
[08:16:40] Read1: loaded 35M reads 
[08:16:40] Read2: loaded 35M reads 
[08:16:42] Read1: loaded 36M reads 
[08:16:42] Read2: loaded 36M reads 
[08:16:44] Read1: loaded 37M reads 
[08:16:44] Read2: loaded 37M reads 
[08:16:46] Read2: loaded 38M reads 
[08:16:46] Read1: loaded 38M reads 
[08:16:48] Read2: loaded 39M reads 
[08:16:48] Read1: loaded 39M reads 
[08:16:49] Read2: loaded 40M reads 
[08:16:49] Read1: loaded 40M reads 
[08:16:51] Read1: loaded 41M reads 
[08:16:51] Read2: loaded 41M reads 
[08:16:53] Read1: loaded 42M reads 
[08:16:53] Read2: loaded 42M reads 
[08:16:55] Read2: loaded 43M reads 
[08:16:55] Read1: loaded 43M reads 
[08:16:57] Read2: loaded 44M reads 
[08:16:57] Read1: loaded 44M reads 
[08:16:59] Read2: loaded 45M reads 
[08:16:59] Read1: loaded 45M reads 
[08:17:01] Read2: loaded 46M reads 
[08:17:01] Read1: loaded 46M reads 
[08:17:03] Read1: loaded 47M reads 
[08:17:03] Read2: loaded 47M reads 
[08:17:05] Read2: loaded 48M reads 
[08:17:05] Read1: loaded 48M reads 
[08:17:07] Read2: loaded 49M reads 
[08:17:07] Read1: loaded 49M reads 
[08:17:09] Read2: loaded 50M reads 
[08:17:09] Read1: loaded 50M reads 
[08:17:11] Read2: loaded 51M reads 
[08:17:11] Read1: loaded 51M reads 
[08:17:13] Read2: loaded 52M reads 
[08:17:13] Read1: loaded 52M reads 
[08:17:14] Read2: loaded 53M reads 
[08:17:14] Read1: loaded 53M reads 
[08:17:16] Read1: loaded 54M reads 
[08:17:16] Read2: loaded 54M reads 
[08:17:18] Read2: loaded 55M reads 
[08:17:18] Read1: loaded 55M reads 
[08:17:20] Read2: loaded 56M reads 
[08:17:20] Read1: loaded 56M reads 
[08:17:22] Read1: loaded 57M reads 
[08:17:22] Read2: loaded 57M reads 
[08:17:24] Read1: loaded 58M reads 
[08:17:24] Read2: loaded 58M reads 
[08:17:26] Read1: loaded 59M reads 
[08:17:26] Read2: loaded 59M reads 
[08:17:28] Read1: loaded 60M reads 
[08:17:28] Read2: loaded 60M reads 
[08:17:30] Read2: loaded 61M reads 
[08:17:30] Read1: loaded 61M reads 
[08:17:32] Read1: loaded 62M reads 
[08:17:32] Read2: loaded 62M reads 
[08:17:34] Read2: loaded 63M reads 
[08:17:34] Read1: loaded 63M reads 
[08:17:36] Read1: loaded 64M reads 
[08:17:36] Read2: loaded 64M reads 
[08:17:37] Read2: loaded 65M reads 
[08:17:37] Read1: loaded 65M reads 
[08:17:39] Read2: loaded 66M reads 
[08:17:39] Read1: loaded 66M reads 
[08:17:41] Read1: loaded 67M reads 
[08:17:41] Read2: loaded 67M reads 
[08:17:43] Read1: loaded 68M reads 
[08:17:43] Read2: loaded 68M reads 
[08:17:45] Read1: loaded 69M reads 
[08:17:45] Read2: loaded 69M reads 
[08:17:47] Read1: loaded 70M reads 
[08:17:47] Read2: loaded 70M reads 
[08:17:49] Read1: loaded 71M reads 
[08:17:49] Read2: loaded 71M reads 
[08:17:51] Read2: loaded 72M reads 
[08:17:51] Read1: loaded 72M reads 
[08:17:53] Read2: loaded 73M reads 
[08:17:53] Read1: loaded 73M reads 
[08:17:55] Read2: loaded 74M reads 
[08:17:55] Read1: loaded 74M reads 
[08:17:57] Read2: loaded 75M reads 
[08:17:57] Read1: loaded 75M reads 
[08:17:59] Read1: loaded 76M reads 
[08:17:59] Read2: loaded 76M reads 
[08:18:00] Read1: loaded 77M reads 
[08:18:00] Read2: loaded 77M reads 
[08:18:02] Read1: loaded 78M reads 
[08:18:02] Read2: loaded 78M reads 
[08:18:04] Read1: loaded 79M reads 
[08:18:04] Read2: loaded 79M reads 
[08:18:06] Read1: loaded 80M reads 
[08:18:06] Read2: loaded 80M reads 
[08:18:08] Read1: loaded 81M reads 
[08:18:08] Read2: loaded 81M reads 
[08:18:10] Read2: loaded 82M reads 
[08:18:10] Read1: loaded 82M reads 
[08:18:12] Read2: loaded 83M reads 
[08:18:12] Read1: loaded 83M reads 
[08:18:14] Read1: loaded 84M reads 
[08:18:14] Read2: loaded 84M reads 
[08:18:16] Read1: loaded 85M reads 
[08:18:16] Read2: loaded 85M reads 
[08:18:18] Read1: loaded 86M reads 
[08:18:18] Read2: loaded 86M reads 
[08:18:20] Read1: loaded 87M reads 
[08:18:20] Read2: loaded 87M reads 
[08:18:22] Read2: loaded 88M reads 
[08:18:22] Read1: loaded 88M reads 
[08:18:24] Read1: loaded 89M reads 
[08:18:24] Read2: loaded 89M reads 
[08:18:26] Read1: loaded 90M reads 
[08:18:26] Read2: loaded 90M reads 
[08:18:27] Read1: loaded 91M reads 
[08:18:27] Read2: loaded 91M reads 
[08:18:29] Read1: loaded 92M reads 
[08:18:29] Read2: loaded 92M reads 
[08:18:31] Read2: loaded 93M reads 
[08:18:31] Read1: loaded 93M reads 
[08:18:33] Read2: loaded 94M reads 
[08:18:33] Read1: loaded 94M reads 
[08:18:35] Read2: loaded 95M reads 
[08:18:35] Read1: loaded 95M reads 
[08:18:37] Read2: loaded 96M reads 
[08:18:37] Read1: loaded 96M reads 
[08:18:39] Read1: loaded 97M reads 
[08:18:39] Read2: loaded 97M reads 
[08:18:41] Read2: loaded 98M reads 
[08:18:41] Read1: loaded 98M reads 
[08:18:43] Read2: loaded 99M reads 
[08:18:43] Read1: loaded 99M reads 
[08:18:45] Read2: loaded 100M reads 
[08:18:45] Read1: loaded 100M reads 
[08:18:47] Read1: loaded 101M reads 
[08:18:47] Read2: loaded 101M reads 
[08:18:49] Read1: loaded 102M reads 
[08:18:49] Read2: loaded 102M reads 
[08:18:51] Read1: loaded 103M reads 
[08:18:51] Read2: loaded 103M reads 
[08:18:52] Read2: loaded 104M reads 
[08:18:52] Read1: loaded 104M reads 
[08:18:54] Read2: loaded 105M reads 
[08:18:54] Read1: loaded 105M reads 
[08:18:56] Read2: loaded 106M reads 
[08:18:56] Read1: loaded 106M reads 
[08:18:58] Read2: loaded 107M reads 
[08:18:58] Read1: loaded 107M reads 
[08:19:00] Read1: loaded 108M reads 
[08:19:00] Read2: loaded 108M reads 
[08:19:02] Read1: loaded 109M reads 
[08:19:02] Read2: loaded 109M reads 
[08:19:04] Read2: loaded 110M reads 
[08:19:04] Read1: loaded 110M reads 
[08:19:06] Read2: loaded 111M reads 
[08:19:06] Read1: loaded 111M reads 
[08:19:08] Read2: loaded 112M reads 
[08:19:08] Read1: loaded 112M reads 
[08:19:10] Read2: loaded 113M reads 
[08:19:10] Read1: loaded 113M reads 
[08:19:12] Read1: loaded 114M reads 
[08:19:12] Read2: loaded 114M reads 
[08:19:14] Read2: loaded 115M reads 
[08:19:14] Read1: loaded 115M reads 
[08:19:16] Read2: loaded 116M reads 
[08:19:16] Read1: loaded 116M reads 
[08:19:17] Read2: loaded 117M reads 
[08:19:17] Read1: loaded 117M reads 
[08:19:19] Read2: loaded 118M reads 
[08:19:19] Read1: loaded 118M reads 
[08:19:21] Read1: loaded 119M reads 
[08:19:21] Read2: loaded 119M reads 
[08:19:23] Read1: loaded 120M reads 
[08:19:23] Read2: loaded 120M reads 
[08:19:25] Read1: loaded 121M reads 
[08:19:25] Read2: loaded 121M reads 
[08:19:27] Read2: loaded 122M reads 
[08:19:27] Read1: loaded 122M reads 
[08:19:29] Read1: loaded 123M reads 
[08:19:29] Read2: loaded 123M reads 
[08:19:31] Read2: loaded 124M reads 
[08:19:31] Read1: loaded 124M reads 
[08:19:33] Read2: loaded 125M reads 
[08:19:33] Read1: loaded 125M reads 
[08:19:35] Read1: loaded 126M reads 
[08:19:35] Read2: loaded 126M reads 
[08:19:37] Read1: loaded 127M reads 
[08:19:37] Read2: loaded 127M reads 
[08:19:38] Read1: loaded 128M reads 
[08:19:38] Read2: loaded 128M reads 
[08:19:40] Read1: loaded 129M reads 
[08:19:40] Read2: loaded 129M reads 
[08:19:42] Read2: loaded 130M reads 
[08:19:42] Read1: loaded 130M reads 
[08:19:44] Read2: loaded 131M reads 
[08:19:44] Read1: loaded 131M reads 
[08:19:46] Read1: loaded 132M reads 
[08:19:46] Read2: loaded 132M reads 
[08:19:48] Read1: loaded 133M reads 
[08:19:48] Read2: loaded 133M reads 
[08:19:50] Read2: loaded 134M reads 
[08:19:50] Read1: loaded 134M reads 
[08:19:52] Read2: loaded 135M reads 
[08:19:52] Read1: loaded 135M reads 
[08:19:54] Read1: loaded 136M reads 
[08:19:54] Read2: loaded 136M reads 
[08:19:56] Read2: loaded 137M reads 
[08:19:56] Read1: loaded 137M reads 
[08:19:58] Read2: loaded 138M reads 
[08:19:58] Read1: loaded 138M reads 
[08:20:00] Read1: loaded 139M reads 
[08:20:00] Read2: loaded 139M reads 
[08:20:01] Read2: loaded 140M reads 
[08:20:01] Read1: loaded 140M reads 
[08:20:03] Read2: loaded 141M reads 
[08:20:03] Read1: loaded 141M reads 
[08:20:05] Read1: loaded 142M reads 
[08:20:05] Read2: loaded 142M reads 
[08:20:07] Read2: loaded 143M reads 
[08:20:07] Read1: loaded 143M reads 
[08:20:09] Read2: loaded 144M reads 
[08:20:09] Read1: loaded 144M reads 
[08:20:11] Read2: loaded 145M reads 
[08:20:11] Read1: loaded 145M reads 
[08:20:13] Read2: loaded 146M reads 
[08:20:13] Read1: loaded 146M reads 
[08:20:15] Read2: loaded 147M reads 
[08:20:15] Read1: loaded 147M reads 
[08:20:17] Read2: loaded 148M reads 
[08:20:17] Read1: loaded 148M reads 
[08:20:19] Read2: loaded 149M reads 
[08:20:19] Read1: loaded 149M reads 
[08:20:21] Read2: loaded 150M reads 
[08:20:21] Read1: loaded 150M reads 
[08:20:22] Read1: loaded 151M reads 
[08:20:22] Read2: loaded 151M reads 
[08:20:24] Read1: loaded 152M reads 
[08:20:24] Read2: loaded 152M reads 
[08:20:26] Read1: loaded 153M reads 
[08:20:26] Read2: loaded 153M reads 
[08:20:28] Read1: loaded 154M reads 
[08:20:28] Read2: loaded 154M reads 
[08:20:30] Read1: loaded 155M reads 
[08:20:30] Read2: loaded 155M reads 
[08:20:32] Read1: loaded 156M reads 
[08:20:32] Read2: loaded 156M reads 
[08:20:34] Read1: loaded 157M reads 
[08:20:34] Read2: loaded 157M reads 
[08:20:36] Read1: loaded 158M reads 
[08:20:36] Read2: loaded 158M reads 
[08:20:38] Read1: loaded 159M reads 
[08:20:38] Read2: loaded 159M reads 
[08:20:40] Read1: loaded 160M reads 
[08:20:40] Read2: loaded 160M reads 
[08:20:42] Read2: loaded 161M reads 
[08:20:42] Read1: loaded 161M reads 
[08:20:43] Read1: loaded 162M reads 
[08:20:44] Read2: loaded 162M reads 
[08:20:45] Read1: loaded 163M reads 
[08:20:45] Read2: loaded 163M reads 
[08:20:47] Read2: loaded 164M reads 
[08:20:47] Read1: loaded 164M reads 
[08:20:49] Read2: loaded 165M reads 
[08:20:49] Read1: loaded 165M reads 
[08:20:51] Read2: loaded 166M reads 
[08:20:51] Read1: loaded 166M reads 
[08:20:53] Read2: loaded 167M reads 
[08:20:53] Read1: loaded 167M reads 
[08:20:55] Read2: loaded 168M reads 
[08:20:55] Read1: loaded 168M reads 
[08:20:57] Read2: loaded 169M reads 
[08:20:57] Read1: loaded 169M reads 
[08:20:59] Read2: loaded 170M reads 
[08:20:59] Read1: loaded 170M reads 
[08:21:01] Read2: loaded 171M reads 
[08:21:01] Read1: loaded 171M reads 
[08:21:03] Read2: loaded 172M reads 
[08:21:03] Read1: loaded 172M reads 
[08:21:05] Read2: loaded 173M reads 
[08:21:05] Read1: loaded 173M reads 
[08:21:06] Read2: loaded 174M reads 
[08:21:06] Read1: loaded 174M reads 
[08:21:08] Read2: loaded 175M reads 
[08:21:08] Read1: loaded 175M reads 
[08:21:10] Read1: loaded 176M reads 
[08:21:10] Read2: loaded 176M reads 
[08:21:12] Read2: loaded 177M reads 
[08:21:12] Read1: loaded 177M reads 
[08:21:14] Read2: loaded 178M reads 
[08:21:14] Read1: loaded 178M reads 
[08:21:16] Read1: loaded 179M reads 
[08:21:16] Read2: loaded 179M reads 
[08:21:18] Read2: loaded 180M reads 
[08:21:18] Read1: loaded 180M reads 
[08:21:20] Read2: loaded 181M reads 
[08:21:20] Read1: loaded 181M reads 
[08:21:22] Read1: loaded 182M reads 
[08:21:22] Read2: loaded 182M reads 
[08:21:24] Read2: loaded 183M reads 
[08:21:24] Read1: loaded 183M reads 
[08:21:26] Read1: loaded 184M reads 
[08:21:26] Read2: loaded 184M reads 
[08:21:28] Read1: loaded 185M reads 
[08:21:28] Read2: loaded 185M reads 
[08:21:29] Read1: loaded 186M reads 
[08:21:29] Read2: loaded 186M reads 
[08:21:31] Read1: loaded 187M reads 
[08:21:31] Read2: loaded 187M reads 
[08:21:33] Read1: loaded 188M reads 
[08:21:33] Read2: loaded 188M reads 
[08:21:35] Read2: loaded 189M reads 
[08:21:35] Read1: loaded 189M reads 
[08:21:37] Read1: loaded 190M reads 
[08:21:37] Read2: loaded 190M reads 
[08:21:39] Read1: loaded 191M reads 
[08:21:39] Read2: loaded 191M reads 
[08:21:41] Read1: loaded 192M reads 
[08:21:41] Read2: loaded 192M reads 
[08:21:43] Read2: loaded 193M reads 
[08:21:43] Read1: loaded 193M reads 
[08:21:45] Read1: loaded 194M reads 
[08:21:45] Read2: loaded 194M reads 
[08:21:47] Read2: loaded 195M reads 
[08:21:47] Read1: loaded 195M reads 
[08:21:49] Read2: loaded 196M reads 
[08:21:49] Read1: loaded 196M reads 
[08:21:51] Read2: loaded 197M reads 
[08:21:51] Read1: loaded 197M reads 
[08:21:52] Read2: loaded 198M reads 
[08:21:52] Read1: loaded 198M reads 
[08:21:54] Read2: loaded 199M reads 
[08:21:54] Read1: loaded 199M reads 
[08:21:56] Read2: loaded 200M reads 
[08:21:56] Read1: loaded 200M reads 
[08:21:58] Read2: loaded 201M reads 
[08:21:58] Read1: loaded 201M reads 
[08:22:00] Read1: loaded 202M reads 
[08:22:00] Read2: loaded 202M reads 
[08:22:02] Read1: loaded 203M reads 
[08:22:02] Read2: loaded 203M reads 
[08:22:04] Read1: loaded 204M reads 
[08:22:04] Read2: loaded 204M reads 
[08:22:06] Read1: loaded 205M reads 
[08:22:06] Read2: loaded 205M reads 
[08:22:08] Read1: loaded 206M reads 
[08:22:08] Read2: loaded 206M reads 
[08:22:10] Read1: loaded 207M reads 
[08:22:10] Read2: loaded 207M reads 
[08:22:12] Read2: loaded 208M reads 
[08:22:12] Read1: loaded 208M reads 
[08:22:14] Read1: loaded 209M reads 
[08:22:14] Read2: loaded 209M reads 
[08:22:15] Read1: loaded 210M reads 
[08:22:15] Read2: loaded 210M reads 
[08:22:17] Read1: loaded 211M reads 
[08:22:17] Read2: loaded 211M reads 
[08:22:19] Read2: loaded 212M reads 
[08:22:19] Read1: loaded 212M reads 
[08:22:21] Read2: loaded 213M reads 
[08:22:21] Read1: loaded 213M reads 
[08:22:23] Read1: loaded 214M reads 
[08:22:23] Read2: loaded 214M reads 
[08:22:25] Read2: loaded 215M reads 
[08:22:25] Read1: loaded 215M reads 
[08:22:27] Read2: loaded 216M reads 
[08:22:27] Read1: loaded 216M reads 
[08:22:29] Read2: loaded 217M reads 
[08:22:29] Read1: loaded 217M reads 
[08:22:31] Read2: loaded 218M reads 
[08:22:31] Read1: loaded 218M reads 
[08:22:33] Read1: loaded 219M reads 
[08:22:33] Read2: loaded 219M reads 
[08:22:35] Read1: loaded 220M reads 
[08:22:35] Read2: loaded 220M reads 
[08:22:36] Read2: loaded 221M reads 
[08:22:36] Read1: loaded 221M reads 
[08:22:38] Read2: loaded 222M reads 
[08:22:38] Read1: loaded 222M reads 
[08:22:40] Read1: loaded 223M reads 
[08:22:40] Read2: loaded 223M reads 
[08:22:42] Read1: loaded 224M reads 
[08:22:42] Read2: loaded 224M reads 
[08:22:44] Read1: loaded 225M reads 
[08:22:44] Read2: loaded 225M reads 
[08:22:46] Read1: loaded 226M reads 
[08:22:46] Read2: loaded 226M reads 
[08:22:48] Read1: loaded 227M reads 
[08:22:48] Read2: loaded 227M reads 
[08:22:50] Read2: loaded 228M reads 
[08:22:50] Read1: loaded 228M reads 
[08:22:52] Read1: loaded 229M reads 
[08:22:52] Read2: loaded 229M reads 
[08:22:54] Read1: loaded 230M reads 
[08:22:54] Read2: loaded 230M reads 
[08:22:56] Read1: loaded 231M reads 
[08:22:56] Read2: loaded 231M reads 
[08:22:57] Read2: loaded 232M reads 
[08:22:57] Read1: loaded 232M reads 
[08:22:59] Read1: loaded 233M reads 
[08:22:59] Read2: loaded 233M reads 
[08:23:01] Read1: loaded 234M reads 
[08:23:01] Read2: loaded 234M reads 
[08:23:03] Read1: loaded 235M reads 
[08:23:03] Read2: loaded 235M reads 
[08:23:05] Read1: loaded 236M reads 
[08:23:05] Read2: loaded 236M reads 
[08:23:07] Read1: loaded 237M reads 
[08:23:07] Read2: loaded 237M reads 
[08:23:09] Read1: loaded 238M reads 
[08:23:09] Read2: loaded 238M reads 
[08:23:11] Read1: loaded 239M reads 
[08:23:11] Read2: loaded 239M reads 
[08:23:13] Read1: loaded 240M reads 
[08:23:13] Read2: loaded 240M reads 
[08:23:15] Read1: loaded 241M reads 
[08:23:15] Read2: loaded 241M reads 
[08:23:17] Read1: loaded 242M reads 
[08:23:17] Read2: loaded 242M reads 
[08:23:18] Read1: loaded 243M reads 
[08:23:18] Read2: loaded 243M reads 
[08:23:20] Read2: loaded 244M reads 
[08:23:20] Read1: loaded 244M reads 
[08:23:22] Read1: loaded 245M reads 
[08:23:22] Read2: loaded 245M reads 
[08:23:24] Read1: loaded 246M reads 
[08:23:24] Read2: loaded 246M reads 
[08:23:26] Read2: loaded 247M reads 
[08:23:26] Read1: loaded 247M reads 
[08:23:28] Read1: loaded 248M reads 
[08:23:28] Read2: loaded 248M reads 
[08:23:30] Read2: loaded 249M reads 
[08:23:30] Read1: loaded 249M reads 
[08:23:32] Read2: loaded 250M reads 
[08:23:32] Read1: loaded 250M reads 
[08:23:34] Read2: loaded 251M reads 
[08:23:34] Read1: loaded 251M reads 
[08:23:36] Read2: loaded 252M reads 
[08:23:36] Read1: loaded 252M reads 
[08:23:38] Read2: loaded 253M reads 
[08:23:38] Read1: loaded 253M reads 
[08:23:39] Read2: loaded 254M reads 
[08:23:39] Read1: loaded 254M reads 
[08:23:41] Read1: loaded 255M reads 
[08:23:41] Read2: loaded 255M reads 
[08:23:43] Read2: loaded 256M reads 
[08:23:43] Read1: loaded 256M reads 
[08:23:45] Read1: loaded 257M reads 
[08:23:45] Read2: loaded 257M reads 
[08:23:47] Read2: loaded 258M reads 
[08:23:47] Read1: loaded 258M reads 
[08:23:49] Read1: loaded 259M reads 
[08:23:49] Read2: loaded 259M reads 
[08:23:51] Read2: loaded 260M reads 
[08:23:51] Read1: loaded 260M reads 
[08:23:53] Read2: loaded 261M reads 
[08:23:53] Read1: loaded 261M reads 
[08:23:55] Read1: loaded 262M reads 
[08:23:55] Read2: loaded 262M reads 
[08:23:57] Read2: loaded 263M reads 
[08:23:57] Read1: loaded 263M reads 
[08:23:59] Read1: loaded 264M reads 
[08:23:59] Read2: loaded 264M reads 
[08:24:01] Read1: loaded 265M reads 
[08:24:01] Read2: loaded 265M reads 
[08:24:02] Read1: loaded 266M reads 
[08:24:02] Read2: loaded 266M reads 
[08:24:04] Read1: loaded 267M reads 
[08:24:04] Read2: loaded 267M reads 
[08:24:06] Read1: loaded 268M reads 
[08:24:06] Read2: loaded 268M reads 
[08:24:08] Read1: loaded 269M reads 
[08:24:08] Read2: loaded 269M reads 
[08:24:10] Read1: loaded 270M reads 
[08:24:10] Read2: loaded 270M reads 
[08:24:12] Read1: loaded 271M reads 
[08:24:12] Read2: loaded 271M reads 
[08:24:14] Read1: loaded 272M reads 
[08:24:14] Read2: loaded 272M reads 
[08:24:16] Read1: loaded 273M reads 
[08:24:16] Read2: loaded 273M reads 
[08:24:18] Read1: loaded 274M reads 
[08:24:18] Read2: loaded 274M reads 
[08:24:20] Read1: loaded 275M reads 
[08:24:20] Read2: loaded 275M reads 
[08:24:22] Read2: loaded 276M reads 
[08:24:22] Read1: loaded 276M reads 
[08:24:23] Read2: loaded 277M reads 
[08:24:23] Read1: loaded 277M reads 
[08:24:25] Read1: loaded 278M reads 
[08:24:25] Read2: loaded 278M reads 
[08:24:27] Read1: loaded 279M reads 
[08:24:27] Read2: loaded 279M reads 
[08:24:29] Read1: loaded 280M reads 
[08:24:29] Read2: loaded 280M reads 
[08:24:31] Read1: loaded 281M reads 
[08:24:31] Read2: loaded 281M reads 
[08:24:33] Read1: loaded 282M reads 
[08:24:33] Read2: loaded 282M reads 
[08:24:35] Read1: loaded 283M reads 
[08:24:35] Read2: loaded 283M reads 
[08:24:37] Read1: loaded 284M reads 
[08:24:37] Read2: loaded 284M reads 
[08:24:39] Read1: loaded 285M reads 
[08:24:39] Read2: loaded 285M reads 
[08:24:41] Read1: loaded 286M reads 
[08:24:41] Read2: loaded 286M reads 
[08:24:43] Read1: loaded 287M reads 
[08:24:43] Read2: loaded 287M reads 
[08:24:45] Read1: loaded 288M reads 
[08:24:45] Read2: loaded 288M reads 
[08:24:47] Read1: loaded 289M reads 
[08:24:47] Read2: loaded 289M reads 
[08:24:48] Read1: loaded 290M reads 
[08:24:48] Read2: loaded 290M reads 
[08:24:50] Read2: loaded 291M reads 
[08:24:50] Read1: loaded 291M reads 
[08:24:52] Read2: loaded 292M reads 
[08:24:52] Read1: loaded 292M reads 
[08:24:54] Read2: loaded 293M reads 
[08:24:54] Read1: loaded 293M reads 
[08:24:56] Read1: loaded 294M reads 
[08:24:56] Read2: loaded 294M reads 
[08:24:58] Read2: loaded 295M reads 
[08:24:58] Read1: loaded 295M reads 
[08:25:00] Read1: loaded 296M reads 
[08:25:00] Read2: loaded 296M reads 
[08:25:02] Read1: loaded 297M reads 
[08:25:02] Read2: loaded 297M reads 
[08:25:04] Read2: loaded 298M reads 
[08:25:04] Read1: loaded 298M reads 
[08:25:06] Read1: loaded 299M reads 
[08:25:06] Read2: loaded 299M reads 
[08:25:08] Read1: loaded 300M reads 
[08:25:08] Read2: loaded 300M reads 
[08:25:09] Read2: loaded 301M reads 
[08:25:09] Read1: loaded 301M reads 
[08:25:11] Read2: loaded 302M reads 
[08:25:11] Read1: loaded 302M reads 
[08:25:13] Read2: loaded 303M reads 
[08:25:13] Read1: loaded 303M reads 
[08:25:15] Read2: loaded 304M reads 
[08:25:15] Read1: loaded 304M reads 
[08:25:17] Read1: loaded 305M reads 
[08:25:17] Read2: loaded 305M reads 
[08:25:19] Read2: loaded 306M reads 
[08:25:19] Read1: loaded 306M reads 
[08:25:21] Read1: loaded 307M reads 
[08:25:21] Read2: loaded 307M reads 
[08:25:23] Read2: loaded 308M reads 
[08:25:23] Read1: loaded 308M reads 
[08:25:25] Read2: loaded 309M reads 
[08:25:25] Read1: loaded 309M reads 
[08:25:27] Read2: loaded 310M reads 
[08:25:27] Read1: loaded 310M reads 
[08:25:29] Read2: loaded 311M reads 
[08:25:29] Read1: loaded 311M reads 
[08:25:30] Read2: loaded 312M reads 
[08:25:30] Read1: loaded 312M reads 
[08:25:32] Read1: loaded 313M reads 
[08:25:32] Read2: loaded 313M reads 
[08:25:34] Read1: loaded 314M reads 
[08:25:34] Read2: loaded 314M reads 
[08:25:36] Read1: loaded 315M reads 
[08:25:36] Read2: loaded 315M reads 
[08:25:38] Read1: loaded 316M reads 
[08:25:38] Read2: loaded 316M reads 
[08:25:40] Read2: loaded 317M reads 
[08:25:40] Read1: loaded 317M reads 
[08:25:42] Read2: loaded 318M reads 
[08:25:42] Read1: loaded 318M reads 
[08:25:44] Read1: loaded 319M reads 
[08:25:44] Read2: loaded 319M reads 
[08:25:46] Read1: loaded 320M reads 
[08:25:46] Read2: loaded 320M reads 
[08:25:48] Read1: loaded 321M reads 
[08:25:48] Read2: loaded 321M reads 
[08:25:50] Read1: loaded 322M reads 
[08:25:50] Read2: loaded 322M reads 
[08:25:52] Read2: loaded 323M reads 
[08:25:52] Read1: loaded 323M reads 
[08:25:53] Read1: loaded 324M reads 
[08:25:53] Read2: loaded 324M reads 
[08:25:55] Read1: loaded 325M reads 
[08:25:55] Read2: loaded 325M reads 
[08:25:57] Read2: loaded 326M reads 
[08:25:57] Read1: loaded 326M reads 
[08:25:59] Read1: loaded 327M reads 
[08:25:59] Read2: loaded 327M reads 
[08:26:01] Read2: loaded 328M reads 
[08:26:01] Read1: loaded 328M reads 
[08:26:03] Read1: loaded 329M reads 
[08:26:03] Read2: loaded 329M reads 
[08:26:05] Read2: loaded 330M reads 
[08:26:05] Read1: loaded 330M reads 
[08:26:07] Read1: loaded 331M reads 
[08:26:07] Read2: loaded 331M reads 
[08:26:09] Read2: loaded 332M reads 
[08:26:09] Read1: loaded 332M reads 
[08:26:11] Read2: loaded 333M reads 
[08:26:11] Read1: loaded 333M reads 
[08:26:13] Read2: loaded 334M reads 
[08:26:13] Read1: loaded 334M reads 
[08:26:15] Read2: loaded 335M reads 
[08:26:15] Read1: loaded 335M reads 
[08:26:17] Read1: loaded 336M reads 
[08:26:17] Read2: loaded 336M reads 
[08:26:18] Read2: loaded 337M reads 
[08:26:18] Read1: loaded 337M reads 
[08:26:20] Read2: loaded 338M reads 
[08:26:20] Read1: loaded 338M reads 
[08:26:22] Read1: loaded 339M reads 
[08:26:22] Read2: loaded 339M reads 
[08:26:24] Read2: loaded 340M reads 
[08:26:24] Read1: loaded 340M reads 
[08:26:26] Read1: loaded 341M reads 
[08:26:26] Read2: loaded 341M reads 
[08:26:28] Read2: loaded 342M reads 
[08:26:28] Read1: loaded 342M reads 
[08:26:30] Read2: loaded 343M reads 
[08:26:30] Read1: loaded 343M reads 
[08:26:32] Read2: loaded 344M reads 
[08:26:32] Read1: loaded 344M reads 
[08:26:34] Read2: loaded 345M reads 
[08:26:34] Read1: loaded 345M reads 
[08:26:36] Read1: loaded 346M reads 
[08:26:36] Read2: loaded 346M reads 
[08:26:38] Read1: loaded 347M reads 
[08:26:38] Read2: loaded 347M reads 
[08:26:40] Read1: loaded 348M reads 
[08:26:40] Read2: loaded 348M reads 
[08:26:41] Read2: loaded 349M reads 
[08:26:41] Read1: loaded 349M reads 
[08:26:43] Read2: loaded 350M reads 
[08:26:43] Read1: loaded 350M reads 
[08:26:45] Read2: loaded 351M reads 
[08:26:45] Read1: loaded 351M reads 
[08:26:47] Read1: loaded 352M reads 
[08:26:47] Read2: loaded 352M reads 
[08:26:49] Read1: loaded 353M reads 
[08:26:49] Read2: loaded 353M reads 
[08:26:51] Read2: loaded 354M reads 
[08:26:51] Read1: loaded 354M reads 
[08:26:53] Read2: loaded 355M reads 
[08:26:53] Read1: loaded 355M reads 
[08:26:55] Read2: loaded 356M reads 
[08:26:55] Read1: loaded 356M reads 
[08:26:57] Read2: loaded 357M reads 
[08:26:57] Read1: loaded 357M reads 
[08:26:59] Read1: loaded 358M reads 
[08:26:59] Read2: loaded 358M reads 
[08:27:01] Read1: loaded 359M reads 
[08:27:01] Read2: loaded 359M reads 
[08:27:03] Read1: loaded 360M reads 
[08:27:03] Read2: loaded 360M reads 
[08:27:05] Read2: loaded 361M reads 
[08:27:05] Read1: loaded 361M reads 
[08:27:05] Read2: loading completed with 361282 packs 
[08:27:05] Read1: loading completed with 361282 packs 
[08:27:05] thread 3 data processing completed 
[08:27:05] thread 3 finished 
[08:27:05] thread 4 data processing completed 
[08:27:05] thread 4 finished 
[08:27:05] thread 5 data processing completed 
[08:27:05] thread 5 finished 
[08:27:05] thread 8 data processing completed 
[08:27:05] thread 8 finished 
[08:27:05] thread 7 data processing completed 
[08:27:05] thread 7 finished 
[08:27:05] thread 6 data processing completed 
[08:27:05] thread 6 finished 
[08:27:05] thread 1 data processing completed 
[08:27:05] thread 1 finished 
[08:27:05] thread 2 data processing completed 
[08:27:05] thread 2 finished 
[08:27:05] start to generate reports
 
Read1 before filtering:
total reads: 361281611
total bases: 54192241650
Q20 bases: 54123398100(99.873%)
Q30 bases: 54123398100(99.873%)
Q40 bases: 0(0%)

Read2 before filtering:
total reads: 361281611
total bases: 54192241650
Q20 bases: 53855170050(99.378%)
Q30 bases: 53855170050(99.378%)
Q40 bases: 0(0%)

Read1 after filtering:
total reads: 358607374
total bases: 53574361382
Q20 bases: 53574361382(100%)
Q30 bases: 53574361382(100%)
Q40 bases: 0(0%)

Read2 after filtering:
total reads: 358607374
total bases: 53574361382
Q20 bases: 53574361382(100%)
Q30 bases: 53574361382(100%)
Q40 bases: 0(0%)

Filtering result:
reads passed filter: 717214748
reads failed due to low quality: 5328396
reads failed due to too many N: 20078
reads failed due to too short: 0
reads failed due to adapter dimer: 0
reads with adapter trimmed: 9627740
bases trimmed due to adapters: 442711160

Duplication rate: 5.60214%

Insert size peak (evaluated by paired-end reads): 269

JSON report: /dev/shm/fastp_bench_gosK06.json
HTML report: /dev/null

/home/mpiuser/bioauto_rev/fastp_d0bromir/../fastp_opengene/fastp -w 8 -j /dev/shm/fastp_bench_gosK06.json -h /dev/null --verbose -i /home/mpiuser/FASTQ/WGS/DRR216653_1.fastq.gz -I /home/mpiuser/FASTQ/WGS/DRR216653_2.fastq.gz -o /dev/shm/fastp_bench_XTB53J_R1.fq.gz -O /dev/shm/fastp_bench_ZlUwjI_R2.fq.gz 
fastp v1.3.3, time used: 694 seconds
================================================================

================================================================
 Application  : d0bromir_cpu (/home/mpiuser/bioauto_rev/fastp_d0bromir/fastp-cpu)
 Dataset      : WGS PE 40G (DRR216653 R1+R2)
 Files        : R1=/home/mpiuser/FASTQ/WGS/DRR216653_1.fastq.gz
               R2=/home/mpiuser/FASTQ/WGS/DRR216653_2.fastq.gz
 Type         : PE
 Threads      : 8
 Wall time    : 447.071 s
 reads_in     : 722563222
 reads_out    : 717214748
 vs_opengene  : -35.5%
--- Resource usage ---
 CPU avg/peak : 1688.5% / 2175.5%
 RSS peak     : 2262 MiB
 GPU util a/p : 0.0% / 0.0%
 GPU mem peak : 0 MiB
 Sample CSV   : /home/mpiuser/bioauto_rev/fastp_d0bromir/benchmark_results/20261004_081532/resources/resource_WGS_PE_40G_d0bromir_cpu_T8_1791103684.csv
--- Profiling output ---
[08:48:04] fastp 1.3.3-d0bromir starting 
[08:48:04] [fastp 1.3.3-d0bromir] Stage: loading 
[08:48:04] start to load data of read1 
[08:48:04] start to load data of read2 
[08:48:05] Read1: loaded 1M reads 
[08:48:05] Read2: loaded 1M reads 
[08:48:06] Read1: loaded 2M reads 
[08:48:06] Read2: loaded 2M reads 
[08:48:08] Read1: loaded 3M reads 
[08:48:08] Read2: loaded 3M reads 
[08:48:09] Read1: loaded 4M reads 
[08:48:09] Read2: loaded 4M reads 
[08:48:10] Read2: loaded 5M reads 
[08:48:10] Read1: loaded 5M reads 
[08:48:11] Read1: loaded 6M reads 
[08:48:11] Read2: loaded 6M reads 
[08:48:12] Read1: loaded 7M reads 
[08:48:12] Read2: loaded 7M reads 
[08:48:14] Read1: loaded 8M reads 
[08:48:14] Read2: loaded 8M reads 
[08:48:15] Read1: loaded 9M reads 
[08:48:15] Read2: loaded 9M reads 
[08:48:16] Read2: loaded 10M reads 
[08:48:16] Read1: loaded 10M reads 
[08:48:17] Read2: loaded 11M reads 
[08:48:17] Read1: loaded 11M reads 
[08:48:19] Read2: loaded 12M reads 
[08:48:19] Read1: loaded 12M reads 
[08:48:20] Read1: loaded 13M reads 
[08:48:20] Read2: loaded 13M reads 
[08:48:21] Read1: loaded 14M reads 
[08:48:21] Read2: loaded 14M reads 
[08:48:22] Read2: loaded 15M reads 
[08:48:22] Read1: loaded 15M reads 
[08:48:24] Read2: loaded 16M reads 
[08:48:24] Read1: loaded 16M reads 
[08:48:25] Read1: loaded 17M reads 
[08:48:25] Read2: loaded 17M reads 
[08:48:26] Read2: loaded 18M reads 
[08:48:26] Read1: loaded 18M reads 
[08:48:27] Read1: loaded 19M reads 
[08:48:27] Read2: loaded 19M reads 
[08:48:29] Read2: loaded 20M reads 
[08:48:29] Read1: loaded 20M reads 
[08:48:30] Read2: loaded 21M reads 
[08:48:30] Read1: loaded 21M reads 
[08:48:31] Read2: loaded 22M reads 
[08:48:31] Read1: loaded 22M reads 
[08:48:32] Read1: loaded 23M reads 
[08:48:32] Read2: loaded 23M reads 
[08:48:33] Read2: loaded 24M reads 
[08:48:33] Read1: loaded 24M reads 
[08:48:35] Read1: loaded 25M reads 
[08:48:35] Read2: loaded 25M reads 
[08:48:36] Read1: loaded 26M reads 
[08:48:36] Read2: loaded 26M reads 
[08:48:37] Read1: loaded 27M reads 
[08:48:37] Read2: loaded 27M reads 
[08:48:38] Read1: loaded 28M reads 
[08:48:38] Read2: loaded 28M reads 
[08:48:40] Read2: loaded 29M reads 
[08:48:40] Read1: loaded 29M reads 
[08:48:41] Read2: loaded 30M reads 
[08:48:41] Read1: loaded 30M reads 
[08:48:42] Read2: loaded 31M reads 
[08:48:42] Read1: loaded 31M reads 
[08:48:43] Read2: loaded 32M reads 
[08:48:43] Read1: loaded 32M reads 
[08:48:45] Read2: loaded 33M reads 
[08:48:45] Read1: loaded 33M reads 
[08:48:46] Read1: loaded 34M reads 
[08:48:46] Read2: loaded 34M reads 
[08:48:47] Read2: loaded 35M reads 
[08:48:47] Read1: loaded 35M reads 
[08:48:48] Read2: loaded 36M reads 
[08:48:48] Read1: loaded 36M reads 
[08:48:50] Read2: loaded 37M reads 
[08:48:50] Read1: loaded 37M reads 
[08:48:51] Read1: loaded 38M reads 
[08:48:51] Read2: loaded 38M reads 
[08:48:52] Read2: loaded 39M reads 
[08:48:52] Read1: loaded 39M reads 
[08:48:53] Read1: loaded 40M reads 
[08:48:53] Read2: loaded 40M reads 
[08:48:54] Read1: loaded 41M reads 
[08:48:54] Read2: loaded 41M reads 
[08:48:56] Read2: loaded 42M reads 
[08:48:56] Read1: loaded 42M reads 
[08:48:57] Read2: loaded 43M reads 
[08:48:57] Read1: loaded 43M reads 
[08:48:58] Read2: loaded 44M reads 
[08:48:58] Read1: loaded 44M reads 
[08:48:59] Read1: loaded 45M reads 
[08:48:59] Read2: loaded 45M reads 
[08:49:01] Read2: loaded 46M reads 
[08:49:01] Read1: loaded 46M reads 
[08:49:02] Read2: loaded 47M reads 
[08:49:02] Read1: loaded 47M reads 
[08:49:03] Read1: loaded 48M reads 
[08:49:03] Read2: loaded 48M reads 
[08:49:04] Read1: loaded 49M reads 
[08:49:04] Read2: loaded 49M reads 
[08:49:06] Read1: loaded 50M reads 
[08:49:06] Read2: loaded 50M reads 
[08:49:07] Read2: loaded 51M reads 
[08:49:07] Read1: loaded 51M reads 
[08:49:08] Read2: loaded 52M reads 
[08:49:08] Read1: loaded 52M reads 
[08:49:09] Read1: loaded 53M reads 
[08:49:09] Read2: loaded 53M reads 
[08:49:11] Read2: loaded 54M reads 
[08:49:11] Read1: loaded 54M reads 
[08:49:12] Read1: loaded 55M reads 
[08:49:12] Read2: loaded 55M reads 
[08:49:13] Read2: loaded 56M reads 
[08:49:13] Read1: loaded 56M reads 
[08:49:14] Read1: loaded 57M reads 
[08:49:14] Read2: loaded 57M reads 
[08:49:16] Read2: loaded 58M reads 
[08:49:16] Read1: loaded 58M reads 
[08:49:17] Read1: loaded 59M reads 
[08:49:17] Read2: loaded 59M reads 
[08:49:18] Read1: loaded 60M reads 
[08:49:18] Read2: loaded 60M reads 
[08:49:19] Read2: loaded 61M reads 
[08:49:19] Read1: loaded 61M reads 
[08:49:21] Read1: loaded 62M reads 
[08:49:21] Read2: loaded 62M reads 
[08:49:22] Read2: loaded 63M reads 
[08:49:22] Read1: loaded 63M reads 
[08:49:23] Read1: loaded 64M reads 
[08:49:23] Read2: loaded 64M reads 
[08:49:24] Read1: loaded 65M reads 
[08:49:24] Read2: loaded 65M reads 
[08:49:25] Read2: loaded 66M reads 
[08:49:25] Read1: loaded 66M reads 
[08:49:27] Read2: loaded 67M reads 
[08:49:27] Read1: loaded 67M reads 
[08:49:28] Read1: loaded 68M reads 
[08:49:28] Read2: loaded 68M reads 
[08:49:29] Read2: loaded 69M reads 
[08:49:29] Read1: loaded 69M reads 
[08:49:30] Read1: loaded 70M reads 
[08:49:30] Read2: loaded 70M reads 
[08:49:32] Read2: loaded 71M reads 
[08:49:32] Read1: loaded 71M reads 
[08:49:33] Read2: loaded 72M reads 
[08:49:33] Read1: loaded 72M reads 
[08:49:34] Read2: loaded 73M reads 
[08:49:34] Read1: loaded 73M reads 
[08:49:35] Read2: loaded 74M reads 
[08:49:35] Read1: loaded 74M reads 
[08:49:37] Read1: loaded 75M reads 
[08:49:37] Read2: loaded 75M reads 
[08:49:38] Read1: loaded 76M reads 
[08:49:38] Read2: loaded 76M reads 
[08:49:39] Read1: loaded 77M reads 
[08:49:39] Read2: loaded 77M reads 
[08:49:40] Read2: loaded 78M reads 
[08:49:40] Read1: loaded 78M reads 
[08:49:42] Read2: loaded 79M reads 
[08:49:42] Read1: loaded 79M reads 
[08:49:43] Read1: loaded 80M reads 
[08:49:43] Read2: loaded 80M reads 
[08:49:44] Read1: loaded 81M reads 
[08:49:44] Read2: loaded 81M reads 
[08:49:45] Read1: loaded 82M reads 
[08:49:45] Read2: loaded 82M reads 
[08:49:46] Read2: loaded 83M reads 
[08:49:46] Read1: loaded 83M reads 
[08:49:48] Read2: loaded 84M reads 
[08:49:48] Read1: loaded 84M reads 
[08:49:49] Read2: loaded 85M reads 
[08:49:49] Read1: loaded 85M reads 
[08:49:50] Read2: loaded 86M reads 
[08:49:50] Read1: loaded 86M reads 
[08:49:51] Read1: loaded 87M reads 
[08:49:51] Read2: loaded 87M reads 
[08:49:53] Read2: loaded 88M reads 
[08:49:53] Read1: loaded 88M reads 
[08:49:54] Read2: loaded 89M reads 
[08:49:54] Read1: loaded 89M reads 
[08:49:55] Read1: loaded 90M reads 
[08:49:55] Read2: loaded 90M reads 
[08:49:56] Read1: loaded 91M reads 
[08:49:56] Read2: loaded 91M reads 
[08:49:58] Read1: loaded 92M reads 
[08:49:58] Read2: loaded 92M reads 
[08:49:59] Read2: loaded 93M reads 
[08:49:59] Read1: loaded 93M reads 
[08:50:00] Read1: loaded 94M reads 
[08:50:00] Read2: loaded 94M reads 
[08:50:01] Read1: loaded 95M reads 
[08:50:01] Read2: loaded 95M reads 
[08:50:03] Read1: loaded 96M reads 
[08:50:03] Read2: loaded 96M reads 
[08:50:04] Read1: loaded 97M reads 
[08:50:04] Read2: loaded 97M reads 
[08:50:05] Read2: loaded 98M reads 
[08:50:05] Read1: loaded 98M reads 
[08:50:06] Read1: loaded 99M reads 
[08:50:06] Read2: loaded 99M reads 
[08:50:08] Read1: loaded 100M reads 
[08:50:08] Read2: loaded 100M reads 
[08:50:09] Read1: loaded 101M reads 
[08:50:09] Read2: loaded 101M reads 
[08:50:10] Read2: loaded 102M reads 
[08:50:10] Read1: loaded 102M reads 
[08:50:11] Read1: loaded 103M reads 
[08:50:11] Read2: loaded 103M reads 
[08:50:12] Read1: loaded 104M reads 
[08:50:12] Read2: loaded 104M reads 
[08:50:14] Read2: loaded 105M reads 
[08:50:14] Read1: loaded 105M reads 
[08:50:15] Read2: loaded 106M reads 
[08:50:15] Read1: loaded 106M reads 
[08:50:16] Read1: loaded 107M reads 
[08:50:16] Read2: loaded 107M reads 
[08:50:17] Read1: loaded 108M reads 
[08:50:17] Read2: loaded 108M reads 
[08:50:19] Read1: loaded 109M reads 
[08:50:19] Read2: loaded 109M reads 
[08:50:20] Read2: loaded 110M reads 
[08:50:20] Read1: loaded 110M reads 
[08:50:21] Read2: loaded 111M reads 
[08:50:21] Read1: loaded 111M reads 
[08:50:22] Read2: loaded 112M reads 
[08:50:22] Read1: loaded 112M reads 
[08:50:24] Read1: loaded 113M reads 
[08:50:24] Read2: loaded 113M reads 
[08:50:25] Read1: loaded 114M reads 
[08:50:25] Read2: loaded 114M reads 
[08:50:26] Read2: loaded 115M reads 
[08:50:26] Read1: loaded 115M reads 
[08:50:27] Read1: loaded 116M reads 
[08:50:27] Read2: loaded 116M reads 
[08:50:29] Read2: loaded 117M reads 
[08:50:29] Read1: loaded 117M reads 
[08:50:30] Read1: loaded 118M reads 
[08:50:30] Read2: loaded 118M reads 
[08:50:31] Read2: loaded 119M reads 
[08:50:31] Read1: loaded 119M reads 
[08:50:32] Read1: loaded 120M reads 
[08:50:32] Read2: loaded 120M reads 
[08:50:34] Read1: loaded 121M reads 
[08:50:34] Read2: loaded 121M reads 
[08:50:35] Read2: loaded 122M reads 
[08:50:35] Read1: loaded 122M reads 
[08:50:36] Read1: loaded 123M reads 
[08:50:36] Read2: loaded 123M reads 
[08:50:37] Read2: loaded 124M reads 
[08:50:37] Read1: loaded 124M reads 
[08:50:38] Read1: loaded 125M reads 
[08:50:38] Read2: loaded 125M reads 
[08:50:40] Read2: loaded 126M reads 
[08:50:40] Read1: loaded 126M reads 
[08:50:41] Read2: loaded 127M reads 
[08:50:41] Read1: loaded 127M reads 
[08:50:42] Read1: loaded 128M reads 
[08:50:42] Read2: loaded 128M reads 
[08:50:43] Read2: loaded 129M reads 
[08:50:43] Read1: loaded 129M reads 
[08:50:45] Read1: loaded 130M reads 
[08:50:45] Read2: loaded 130M reads 
[08:50:46] Read2: loaded 131M reads 
[08:50:46] Read1: loaded 131M reads 
[08:50:47] Read2: loaded 132M reads 
[08:50:47] Read1: loaded 132M reads 
[08:50:48] Read2: loaded 133M reads 
[08:50:48] Read1: loaded 133M reads 
[08:50:49] Read1: loaded 134M reads 
[08:50:49] Read2: loaded 134M reads 
[08:50:51] Read2: loaded 135M reads 
[08:50:51] Read1: loaded 135M reads 
[08:50:52] Read2: loaded 136M reads 
[08:50:52] Read1: loaded 136M reads 
[08:50:53] Read1: loaded 137M reads 
[08:50:53] Read2: loaded 137M reads 
[08:50:54] Read2: loaded 138M reads 
[08:50:54] Read1: loaded 138M reads 
[08:50:55] Read1: loaded 139M reads 
[08:50:56] Read2: loaded 139M reads 
[08:50:57] Read2: loaded 140M reads 
[08:50:57] Read1: loaded 140M reads 
[08:50:58] Read2: loaded 141M reads 
[08:50:58] Read1: loaded 141M reads 
[08:50:59] Read1: loaded 142M reads 
[08:50:59] Read2: loaded 142M reads 
[08:51:00] Read1: loaded 143M reads 
[08:51:00] Read2: loaded 143M reads 
[08:51:02] Read1: loaded 144M reads 
[08:51:02] Read2: loaded 144M reads 
[08:51:03] Read1: loaded 145M reads 
[08:51:03] Read2: loaded 145M reads 
[08:51:04] Read1: loaded 146M reads 
[08:51:04] Read2: loaded 146M reads 
[08:51:05] Read2: loaded 147M reads 
[08:51:05] Read1: loaded 147M reads 
[08:51:07] Read2: loaded 148M reads 
[08:51:07] Read1: loaded 148M reads 
[08:51:08] Read2: loaded 149M reads 
[08:51:08] Read1: loaded 149M reads 
[08:51:09] Read2: loaded 150M reads 
[08:51:09] Read1: loaded 150M reads 
[08:51:10] Read1: loaded 151M reads 
[08:51:10] Read2: loaded 151M reads 
[08:51:11] Read1: loaded 152M reads 
[08:51:11] Read2: loaded 152M reads 
[08:51:13] Read1: loaded 153M reads 
[08:51:13] Read2: loaded 153M reads 
[08:51:14] Read2: loaded 154M reads 
[08:51:14] Read1: loaded 154M reads 
[08:51:15] Read1: loaded 155M reads 
[08:51:15] Read2: loaded 155M reads 
[08:51:16] Read1: loaded 156M reads 
[08:51:16] Read2: loaded 156M reads 
[08:51:18] Read1: loaded 157M reads 
[08:51:18] Read2: loaded 157M reads 
[08:51:19] Read1: loaded 158M reads 
[08:51:19] Read2: loaded 158M reads 
[08:51:20] Read2: loaded 159M reads 
[08:51:20] Read1: loaded 159M reads 
[08:51:21] Read1: loaded 160M reads 
[08:51:21] Read2: loaded 160M reads 
[08:51:22] Read1: loaded 161M reads 
[08:51:22] Read2: loaded 161M reads 
[08:51:24] Read1: loaded 162M reads 
[08:51:24] Read2: loaded 162M reads 
[08:51:25] Read1: loaded 163M reads 
[08:51:25] Read2: loaded 163M reads 
[08:51:26] Read2: loaded 164M reads 
[08:51:26] Read1: loaded 164M reads 
[08:51:27] Read2: loaded 165M reads 
[08:51:27] Read1: loaded 165M reads 
[08:51:29] Read1: loaded 166M reads 
[08:51:29] Read2: loaded 166M reads 
[08:51:30] Read2: loaded 167M reads 
[08:51:30] Read1: loaded 167M reads 
[08:51:31] Read2: loaded 168M reads 
[08:51:31] Read1: loaded 168M reads 
[08:51:32] Read1: loaded 169M reads 
[08:51:32] Read2: loaded 169M reads 
[08:51:34] Read2: loaded 170M reads 
[08:51:34] Read1: loaded 170M reads 
[08:51:35] Read2: loaded 171M reads 
[08:51:35] Read1: loaded 171M reads 
[08:51:36] Read1: loaded 172M reads 
[08:51:36] Read2: loaded 172M reads 
[08:51:37] Read2: loaded 173M reads 
[08:51:37] Read1: loaded 173M reads 
[08:51:38] Read1: loaded 174M reads 
[08:51:38] Read2: loaded 174M reads 
[08:51:40] Read1: loaded 175M reads 
[08:51:40] Read2: loaded 175M reads 
[08:51:41] Read1: loaded 176M reads 
[08:51:41] Read2: loaded 176M reads 
[08:51:42] Read1: loaded 177M reads 
[08:51:42] Read2: loaded 177M reads 
[08:51:43] Read2: loaded 178M reads 
[08:51:43] Read1: loaded 178M reads 
[08:51:45] Read1: loaded 179M reads 
[08:51:45] Read2: loaded 179M reads 
[08:51:46] Read1: loaded 180M reads 
[08:51:46] Read2: loaded 180M reads 
[08:51:47] Read1: loaded 181M reads 
[08:51:47] Read2: loaded 181M reads 
[08:51:48] Read2: loaded 182M reads 
[08:51:48] Read1: loaded 182M reads 
[08:51:49] Read1: loaded 183M reads 
[08:51:49] Read2: loaded 183M reads 
[08:51:51] Read2: loaded 184M reads 
[08:51:51] Read1: loaded 184M reads 
[08:51:52] Read1: loaded 185M reads 
[08:51:52] Read2: loaded 185M reads 
[08:51:53] Read1: loaded 186M reads 
[08:51:53] Read2: loaded 186M reads 
[08:51:54] Read1: loaded 187M reads 
[08:51:54] Read2: loaded 187M reads 
[08:51:56] Read1: loaded 188M reads 
[08:51:56] Read2: loaded 188M reads 
[08:51:57] Read1: loaded 189M reads 
[08:51:57] Read2: loaded 189M reads 
[08:51:58] Read2: loaded 190M reads 
[08:51:58] Read1: loaded 190M reads 
[08:51:59] Read1: loaded 191M reads 
[08:51:59] Read2: loaded 191M reads 
[08:52:00] Read1: loaded 192M reads 
[08:52:00] Read2: loaded 192M reads 
[08:52:02] Read1: loaded 193M reads 
[08:52:02] Read2: loaded 193M reads 
[08:52:03] Read2: loaded 194M reads 
[08:52:03] Read1: loaded 194M reads 
[08:52:04] Read2: loaded 195M reads 
[08:52:04] Read1: loaded 195M reads 
[08:52:05] Read1: loaded 196M reads 
[08:52:05] Read2: loaded 196M reads 
[08:52:07] Read2: loaded 197M reads 
[08:52:07] Read1: loaded 197M reads 
[08:52:08] Read1: loaded 198M reads 
[08:52:08] Read2: loaded 198M reads 
[08:52:09] Read1: loaded 199M reads 
[08:52:09] Read2: loaded 199M reads 
[08:52:10] Read2: loaded 200M reads 
[08:52:10] Read1: loaded 200M reads 
[08:52:11] Read2: loaded 201M reads 
[08:52:11] Read1: loaded 201M reads 
[08:52:13] Read2: loaded 202M reads 
[08:52:13] Read1: loaded 202M reads 
[08:52:14] Read2: loaded 203M reads 
[08:52:14] Read1: loaded 203M reads 
[08:52:15] Read1: loaded 204M reads 
[08:52:15] Read2: loaded 204M reads 
[08:52:16] Read1: loaded 205M reads 
[08:52:16] Read2: loaded 205M reads 
[08:52:18] Read1: loaded 206M reads 
[08:52:18] Read2: loaded 206M reads 
[08:52:19] Read1: loaded 207M reads 
[08:52:19] Read2: loaded 207M reads 
[08:52:20] Read2: loaded 208M reads 
[08:52:20] Read1: loaded 208M reads 
[08:52:21] Read1: loaded 209M reads 
[08:52:21] Read2: loaded 209M reads 
[08:52:23] Read2: loaded 210M reads 
[08:52:23] Read1: loaded 210M reads 
[08:52:24] Read1: loaded 211M reads 
[08:52:24] Read2: loaded 211M reads 
[08:52:25] Read2: loaded 212M reads 
[08:52:25] Read1: loaded 212M reads 
[08:52:26] Read2: loaded 213M reads 
[08:52:26] Read1: loaded 213M reads 
[08:52:27] Read2: loaded 214M reads 
[08:52:27] Read1: loaded 214M reads 
[08:52:29] Read1: loaded 215M reads 
[08:52:29] Read2: loaded 215M reads 
[08:52:30] Read2: loaded 216M reads 
[08:52:30] Read1: loaded 216M reads 
[08:52:31] Read2: loaded 217M reads 
[08:52:31] Read1: loaded 217M reads 
[08:52:32] Read1: loaded 218M reads 
[08:52:32] Read2: loaded 218M reads 
[08:52:34] Read2: loaded 219M reads 
[08:52:34] Read1: loaded 219M reads 
[08:52:35] Read2: loaded 220M reads 
[08:52:35] Read1: loaded 220M reads 
[08:52:36] Read1: loaded 221M reads 
[08:52:36] Read2: loaded 221M reads 
[08:52:37] Read2: loaded 222M reads 
[08:52:37] Read1: loaded 222M reads 
[08:52:38] Read1: loaded 223M reads 
[08:52:38] Read2: loaded 223M reads 
[08:52:40] Read2: loaded 224M reads 
[08:52:40] Read1: loaded 224M reads 
[08:52:41] Read1: loaded 225M reads 
[08:52:41] Read2: loaded 225M reads 
[08:52:42] Read1: loaded 226M reads 
[08:52:42] Read2: loaded 226M reads 
[08:52:43] Read2: loaded 227M reads 
[08:52:43] Read1: loaded 227M reads 
[08:52:45] Read2: loaded 228M reads 
[08:52:45] Read1: loaded 228M reads 
[08:52:46] Read2: loaded 229M reads 
[08:52:46] Read1: loaded 229M reads 
[08:52:47] Read2: loaded 230M reads 
[08:52:47] Read1: loaded 230M reads 
[08:52:48] Read1: loaded 231M reads 
[08:52:48] Read2: loaded 231M reads 
[08:52:50] Read2: loaded 232M reads 
[08:52:50] Read1: loaded 232M reads 
[08:52:51] Read2: loaded 233M reads 
[08:52:51] Read1: loaded 233M reads 
[08:52:52] Read2: loaded 234M reads 
[08:52:52] Read1: loaded 234M reads 
[08:52:53] Read2: loaded 235M reads 
[08:52:53] Read1: loaded 235M reads 
[08:52:54] Read1: loaded 236M reads 
[08:52:54] Read2: loaded 236M reads 
[08:52:56] Read2: loaded 237M reads 
[08:52:56] Read1: loaded 237M reads 
[08:52:57] Read1: loaded 238M reads 
[08:52:57] Read2: loaded 238M reads 
[08:52:58] Read1: loaded 239M reads 
[08:52:58] Read2: loaded 239M reads 
[08:52:59] Read2: loaded 240M reads 
[08:52:59] Read1: loaded 240M reads 
[08:53:01] Read1: loaded 241M reads 
[08:53:01] Read2: loaded 241M reads 
[08:53:02] Read2: loaded 242M reads 
[08:53:02] Read1: loaded 242M reads 
[08:53:03] Read1: loaded 243M reads 
[08:53:03] Read2: loaded 243M reads 
[08:53:04] Read2: loaded 244M reads 
[08:53:04] Read1: loaded 244M reads 
[08:53:06] Read1: loaded 245M reads 
[08:53:06] Read2: loaded 245M reads 
[08:53:07] Read2: loaded 246M reads 
[08:53:07] Read1: loaded 246M reads 
[08:53:08] Read1: loaded 247M reads 
[08:53:08] Read2: loaded 247M reads 
[08:53:09] Read1: loaded 248M reads 
[08:53:09] Read2: loaded 248M reads 
[08:53:10] Read1: loaded 249M reads 
[08:53:10] Read2: loaded 249M reads 
[08:53:12] Read1: loaded 250M reads 
[08:53:12] Read2: loaded 250M reads 
[08:53:13] Read2: loaded 251M reads 
[08:53:13] Read1: loaded 251M reads 
[08:53:14] Read2: loaded 252M reads 
[08:53:14] Read1: loaded 252M reads 
[08:53:15] Read1: loaded 253M reads 
[08:53:15] Read2: loaded 253M reads 
[08:53:17] Read1: loaded 254M reads 
[08:53:17] Read2: loaded 254M reads 
[08:53:18] Read1: loaded 255M reads 
[08:53:18] Read2: loaded 255M reads 
[08:53:19] Read2: loaded 256M reads 
[08:53:19] Read1: loaded 256M reads 
[08:53:20] Read2: loaded 257M reads 
[08:53:20] Read1: loaded 257M reads 
[08:53:21] Read2: loaded 258M reads 
[08:53:21] Read1: loaded 258M reads 
[08:53:23] Read1: loaded 259M reads 
[08:53:23] Read2: loaded 259M reads 
[08:53:24] Read2: loaded 260M reads 
[08:53:24] Read1: loaded 260M reads 
[08:53:25] Read1: loaded 261M reads 
[08:53:25] Read2: loaded 261M reads 
[08:53:26] Read1: loaded 262M reads 
[08:53:26] Read2: loaded 262M reads 
[08:53:28] Read1: loaded 263M reads 
[08:53:28] Read2: loaded 263M reads 
[08:53:29] Read2: loaded 264M reads 
[08:53:29] Read1: loaded 264M reads 
[08:53:30] Read1: loaded 265M reads 
[08:53:30] Read2: loaded 265M reads 
[08:53:31] Read2: loaded 266M reads 
[08:53:31] Read1: loaded 266M reads 
[08:53:33] Read1: loaded 267M reads 
[08:53:33] Read2: loaded 267M reads 
[08:53:34] Read1: loaded 268M reads 
[08:53:34] Read2: loaded 268M reads 
[08:53:35] Read2: loaded 269M reads 
[08:53:35] Read1: loaded 269M reads 
[08:53:36] Read1: loaded 270M reads 
[08:53:36] Read2: loaded 270M reads 
[08:53:38] Read2: loaded 271M reads 
[08:53:38] Read1: loaded 271M reads 
[08:53:39] Read1: loaded 272M reads 
[08:53:39] Read2: loaded 272M reads 
[08:53:40] Read2: loaded 273M reads 
[08:53:40] Read1: loaded 273M reads 
[08:53:41] Read1: loaded 274M reads 
[08:53:41] Read2: loaded 274M reads 
[08:53:42] Read1: loaded 275M reads 
[08:53:42] Read2: loaded 275M reads 
[08:53:44] Read2: loaded 276M reads 
[08:53:44] Read1: loaded 276M reads 
[08:53:45] Read1: loaded 277M reads 
[08:53:45] Read2: loaded 277M reads 
[08:53:46] Read2: loaded 278M reads 
[08:53:46] Read1: loaded 278M reads 
[08:53:47] Read2: loaded 279M reads 
[08:53:47] Read1: loaded 279M reads 
[08:53:49] Read1: loaded 280M reads 
[08:53:49] Read2: loaded 280M reads 
[08:53:50] Read2: loaded 281M reads 
[08:53:50] Read1: loaded 281M reads 
[08:53:51] Read2: loaded 282M reads 
[08:53:51] Read1: loaded 282M reads 
[08:53:52] Read2: loaded 283M reads 
[08:53:52] Read1: loaded 283M reads 
[08:53:53] Read1: loaded 284M reads 
[08:53:53] Read2: loaded 284M reads 
[08:53:55] Read1: loaded 285M reads 
[08:53:55] Read2: loaded 285M reads 
[08:53:56] Read1: loaded 286M reads 
[08:53:56] Read2: loaded 286M reads 
[08:53:57] Read2: loaded 287M reads 
[08:53:57] Read1: loaded 287M reads 
[08:53:58] Read1: loaded 288M reads 
[08:53:58] Read2: loaded 288M reads 
[08:54:00] Read2: loaded 289M reads 
[08:54:00] Read1: loaded 289M reads 
[08:54:01] Read2: loaded 290M reads 
[08:54:01] Read1: loaded 290M reads 
[08:54:02] Read2: loaded 291M reads 
[08:54:02] Read1: loaded 291M reads 
[08:54:03] Read1: loaded 292M reads 
[08:54:03] Read2: loaded 292M reads 
[08:54:05] Read1: loaded 293M reads 
[08:54:05] Read2: loaded 293M reads 
[08:54:06] Read1: loaded 294M reads 
[08:54:06] Read2: loaded 294M reads 
[08:54:07] Read2: loaded 295M reads 
[08:54:07] Read1: loaded 295M reads 
[08:54:08] Read1: loaded 296M reads 
[08:54:08] Read2: loaded 296M reads 
[08:54:09] Read1: loaded 297M reads 
[08:54:09] Read2: loaded 297M reads 
[08:54:11] Read1: loaded 298M reads 
[08:54:11] Read2: loaded 298M reads 
[08:54:12] Read2: loaded 299M reads 
[08:54:12] Read1: loaded 299M reads 
[08:54:13] Read2: loaded 300M reads 
[08:54:13] Read1: loaded 300M reads 
[08:54:14] Read2: loaded 301M reads 
[08:54:14] Read1: loaded 301M reads 
[08:54:16] Read2: loaded 302M reads 
[08:54:16] Read1: loaded 302M reads 
[08:54:17] Read1: loaded 303M reads 
[08:54:17] Read2: loaded 303M reads 
[08:54:18] Read2: loaded 304M reads 
[08:54:18] Read1: loaded 304M reads 
[08:54:19] Read1: loaded 305M reads 
[08:54:19] Read2: loaded 305M reads 
[08:54:21] Read1: loaded 306M reads 
[08:54:21] Read2: loaded 306M reads 
[08:54:22] Read1: loaded 307M reads 
[08:54:22] Read2: loaded 307M reads 
[08:54:23] Read2: loaded 308M reads 
[08:54:23] Read1: loaded 308M reads 
[08:54:24] Read2: loaded 309M reads 
[08:54:24] Read1: loaded 309M reads 
[08:54:26] Read2: loaded 310M reads 
[08:54:26] Read1: loaded 310M reads 
[08:54:27] Read2: loaded 311M reads 
[08:54:27] Read1: loaded 311M reads 
[08:54:28] Read2: loaded 312M reads 
[08:54:28] Read1: loaded 312M reads 
[08:54:29] Read1: loaded 313M reads 
[08:54:29] Read2: loaded 313M reads 
[08:54:30] Read1: loaded 314M reads 
[08:54:30] Read2: loaded 314M reads 
[08:54:32] Read2: loaded 315M reads 
[08:54:32] Read1: loaded 315M reads 
[08:54:33] Read1: loaded 316M reads 
[08:54:33] Read2: loaded 316M reads 
[08:54:34] Read1: loaded 317M reads 
[08:54:34] Read2: loaded 317M reads 
[08:54:35] Read2: loaded 318M reads 
[08:54:35] Read1: loaded 318M reads 
[08:54:37] Read2: loaded 319M reads 
[08:54:37] Read1: loaded 319M reads 
[08:54:38] Read2: loaded 320M reads 
[08:54:38] Read1: loaded 320M reads 
[08:54:39] Read1: loaded 321M reads 
[08:54:39] Read2: loaded 321M reads 
[08:54:40] Read1: loaded 322M reads 
[08:54:40] Read2: loaded 322M reads 
[08:54:42] Read2: loaded 323M reads 
[08:54:42] Read1: loaded 323M reads 
[08:54:43] Read2: loaded 324M reads 
[08:54:43] Read1: loaded 324M reads 
[08:54:44] Read2: loaded 325M reads 
[08:54:44] Read1: loaded 325M reads 
[08:54:45] Read1: loaded 326M reads 
[08:54:45] Read2: loaded 326M reads 
[08:54:47] Read2: loaded 327M reads 
[08:54:47] Read1: loaded 327M reads 
[08:54:48] Read2: loaded 328M reads 
[08:54:48] Read1: loaded 328M reads 
[08:54:49] Read2: loaded 329M reads 
[08:54:49] Read1: loaded 329M reads 
[08:54:50] Read2: loaded 330M reads 
[08:54:50] Read1: loaded 330M reads 
[08:54:52] Read1: loaded 331M reads 
[08:54:52] Read2: loaded 331M reads 
[08:54:53] Read2: loaded 332M reads 
[08:54:53] Read1: loaded 332M reads 
[08:54:54] Read1: loaded 333M reads 
[08:54:54] Read2: loaded 333M reads 
[08:54:55] Read2: loaded 334M reads 
[08:54:55] Read1: loaded 334M reads 
[08:54:57] Read2: loaded 335M reads 
[08:54:57] Read1: loaded 335M reads 
[08:54:58] Read1: loaded 336M reads 
[08:54:58] Read2: loaded 336M reads 
[08:54:59] Read1: loaded 337M reads 
[08:54:59] Read2: loaded 337M reads 
[08:55:00] Read2: loaded 338M reads 
[08:55:00] Read1: loaded 338M reads 
[08:55:01] Read2: loaded 339M reads 
[08:55:01] Read1: loaded 339M reads 
[08:55:03] Read2: loaded 340M reads 
[08:55:03] Read1: loaded 340M reads 
[08:55:04] Read1: loaded 341M reads 
[08:55:04] Read2: loaded 341M reads 
[08:55:05] Read1: loaded 342M reads 
[08:55:05] Read2: loaded 342M reads 
[08:55:06] Read1: loaded 343M reads 
[08:55:06] Read2: loaded 343M reads 
[08:55:08] Read1: loaded 344M reads 
[08:55:08] Read2: loaded 344M reads 
[08:55:09] Read2: loaded 345M reads 
[08:55:09] Read1: loaded 345M reads 
[08:55:10] Read1: loaded 346M reads 
[08:55:10] Read2: loaded 346M reads 
[08:55:11] Read1: loaded 347M reads 
[08:55:11] Read2: loaded 347M reads 
[08:55:13] Read1: loaded 348M reads 
[08:55:13] Read2: loaded 348M reads 
[08:55:14] Read2: loaded 349M reads 
[08:55:14] Read1: loaded 349M reads 
[08:55:15] Read2: loaded 350M reads 
[08:55:15] Read1: loaded 350M reads 
[08:55:16] Read1: loaded 351M reads 
[08:55:16] Read2: loaded 351M reads 
[08:55:18] Read1: loaded 352M reads 
[08:55:18] Read2: loaded 352M reads 
[08:55:19] Read1: loaded 353M reads 
[08:55:19] Read2: loaded 353M reads 
[08:55:20] Read1: loaded 354M reads 
[08:55:20] Read2: loaded 354M reads 
[08:55:21] Read2: loaded 355M reads 
[08:55:21] Read1: loaded 355M reads 
[08:55:23] Read2: loaded 356M reads 
[08:55:23] Read1: loaded 356M reads 
[08:55:24] Read1: loaded 357M reads 
[08:55:24] Read2: loaded 357M reads 
[08:55:25] Read2: loaded 358M reads 
[08:55:25] Read1: loaded 358M reads 
[08:55:26] Read1: loaded 359M reads 
[08:55:26] Read2: loaded 359M reads 
[08:55:28] Read1: loaded 360M reads 
[08:55:28] Read2: loaded 360M reads 
[08:55:29] Read2: loaded 361M reads 
[08:55:29] Read1: loaded 361M reads 
[08:55:29] Read1: loading completed with 44102 packs 
[08:55:29] Read2: loading completed with 44102 packs 
[08:55:29] [fastp 1.3.3-d0bromir] Stage: loading (444885 ms) 
[08:55:29] [fastp 1.3.3-d0bromir] Stage: filtering 
[08:55:30] thread 2 data processing completed 
[08:55:30] thread 2 finished 
[08:55:30] thread 3 data processing completed 
[08:55:30] thread 3 finished 
[08:55:30] thread 4 data processing completed 
[08:55:30] thread 4 finished 
[08:55:30] thread 8 data processing completed 
[08:55:30] thread 8 finished 
[08:55:30] thread 6 data processing completed 
[08:55:30] thread 6 finished 
[08:55:30] thread 7 data processing completed 
[08:55:30] thread 7 finished 
[08:55:30] thread 1 data processing completed 
[08:55:30] thread 1 finished 
[08:55:30] thread 5 data processing completed 
[08:55:30] thread 5 finished 
[08:55:30] [fastp 1.3.3-d0bromir] Stage: filtering (640 ms) 
[08:55:30] [fastp 1.3.3-d0bromir] Stage: writing 
[08:55:30] /dev/shm/fastp_bench_UT0Q9X_R2.fq.gz writer finished 
[08:55:30] /dev/shm/fastp_bench_jzDa9f_R1.fq.gz writer finished 
[08:55:30] [fastp 1.3.3-d0bromir] Stage: writing (37 ms) 
[08:55:30] start to generate reports
 
Read1 before filtering:
total reads: 361281611
total bases: 54192241650
Q20 bases: 54123398100(99.873%)
Q30 bases: 54123398100(99.873%)
Q40 bases: 0(0%)

Read2 before filtering:
total reads: 361281611
total bases: 54192241650
Q20 bases: 53855170050(99.378%)
Q30 bases: 53855170050(99.378%)
Q40 bases: 0(0%)

Read1 after filtering:
total reads: 358607374
total bases: 53574361382
Q20 bases: 53574361382(100%)
Q30 bases: 53574361382(100%)
Q40 bases: 0(0%)

Read2 after filtering:
total reads: 358607374
total bases: 53574361382
Q20 bases: 53574361382(100%)
Q30 bases: 53574361382(100%)
Q40 bases: 0(0%)

Filtering result:
reads passed filter: 717214748
reads failed due to low quality: 5328396
reads failed due to too many N: 20078
reads failed due to too short: 0
reads failed due to adapter dimer: 0
reads with adapter trimmed: 9627740
bases trimmed due to adapters: 442711160

Duplication rate: 5.60214%

Insert size peak (evaluated by paired-end reads): 269

JSON report: /dev/shm/fastp_bench_F3RaP5.json
HTML report: /dev/null

/home/mpiuser/bioauto_rev/fastp_d0bromir/fastp-cpu -w 8 -j /dev/shm/fastp_bench_F3RaP5.json -h /dev/null --verbose -i /home/mpiuser/FASTQ/WGS/DRR216653_1.fastq.gz -I /home/mpiuser/FASTQ/WGS/DRR216653_2.fastq.gz -o /dev/shm/fastp_bench_jzDa9f_R1.fq.gz -O /dev/shm/fastp_bench_UT0Q9X_R2.fq.gz 
fastp v1.3.3-d0bromir, time used: 447 seconds
================================================================

================================================================
 Application  : d0bromir_gpu (/home/mpiuser/bioauto_rev/fastp_d0bromir/fastp)
 Dataset      : WGS PE 40G (DRR216653 R1+R2)
 Files        : R1=/home/mpiuser/FASTQ/WGS/DRR216653_1.fastq.gz
               R2=/home/mpiuser/FASTQ/WGS/DRR216653_2.fastq.gz
 Type         : PE
 Threads      : 8
 Wall time    : 387.303 s
 reads_in     : 722563222
 reads_out    : 717214748
 vs_opengene  : -44.1%
--- Resource usage ---
 CPU avg/peak : 1823.1% / 2473.5%
 RSS peak     : 2932 MiB
 GPU util a/p : 16.8% / 18.0%
 GPU mem peak : 1360 MiB
 Sample CSV   : /home/mpiuser/bioauto_rev/fastp_d0bromir/benchmark_results/20261004_081532/resources/resource_WGS_PE_40G_d0bromir_gpu_T8_1791105416.csv
--- Profiling output ---
[09:16:56] fastp 1.3.3-d0bromir starting 
[09:16:56] [GPU] CUDA GPU available (Device 0) - statistics GPU-accelerated (slots=8) 
[09:16:56] [fastp 1.3.3-d0bromir] Stage: loading 
[09:16:56] start to load data of read1 
[09:16:56] start to load data of read2 
[09:16:56] [GPU] CUDA GPU available (Device 1) - statistics GPU-accelerated (slots=8) 
[09:16:56] [GPU] Dual-GPU mode: Device 0 + Device 1 active 
[09:16:57] Read2: loaded 1M reads 
[09:16:57] Read1: loaded 1M reads 
[09:16:58] Read1: loaded 2M reads 
[09:16:58] Read2: loaded 2M reads 
[09:16:59] Read2: loaded 3M reads 
[09:16:59] Read1: loaded 3M reads 
[09:17:00] Read2: loaded 4M reads 
[09:17:00] Read1: loaded 4M reads 
[09:17:01] Read2: loaded 5M reads 
[09:17:01] Read1: loaded 5M reads 
[09:17:02] Read2: loaded 6M reads 
[09:17:02] Read1: loaded 6M reads 
[09:17:03] Read1: loaded 7M reads 
[09:17:03] Read2: loaded 7M reads 
[09:17:04] Read2: loaded 8M reads 
[09:17:04] Read1: loaded 8M reads 
[09:17:06] Read1: loaded 9M reads 
[09:17:06] Read2: loaded 9M reads 
[09:17:07] Read2: loaded 10M reads 
[09:17:07] Read1: loaded 10M reads 
[09:17:08] Read2: loaded 11M reads 
[09:17:08] Read1: loaded 11M reads 
[09:17:09] Read1: loaded 12M reads 
[09:17:09] Read2: loaded 12M reads 
[09:17:10] Read2: loaded 13M reads 
[09:17:10] Read1: loaded 13M reads 
[09:17:11] Read1: loaded 14M reads 
[09:17:11] Read2: loaded 14M reads 
[09:17:12] Read2: loaded 15M reads 
[09:17:12] Read1: loaded 15M reads 
[09:17:13] Read2: loaded 16M reads 
[09:17:13] Read1: loaded 16M reads 
[09:17:14] Read1: loaded 17M reads 
[09:17:14] Read2: loaded 17M reads 
[09:17:15] Read2: loaded 18M reads 
[09:17:15] Read1: loaded 18M reads 
[09:17:16] Read1: loaded 19M reads 
[09:17:16] Read2: loaded 19M reads 
[09:17:17] Read1: loaded 20M reads 
[09:17:17] Read2: loaded 20M reads 
[09:17:18] Read1: loaded 21M reads 
[09:17:18] Read2: loaded 21M reads 
[09:17:19] Read2: loaded 22M reads 
[09:17:19] Read1: loaded 22M reads 
[09:17:20] Read2: loaded 23M reads 
[09:17:20] Read1: loaded 23M reads 
[09:17:22] Read2: loaded 24M reads 
[09:17:22] Read1: loaded 24M reads 
[09:17:23] Read1: loaded 25M reads 
[09:17:23] Read2: loaded 25M reads 
[09:17:24] Read1: loaded 26M reads 
[09:17:24] Read2: loaded 26M reads 
[09:17:25] Read2: loaded 27M reads 
[09:17:25] Read1: loaded 27M reads 
[09:17:26] Read2: loaded 28M reads 
[09:17:26] Read1: loaded 28M reads 
[09:17:27] Read1: loaded 29M reads 
[09:17:27] Read2: loaded 29M reads 
[09:17:28] Read2: loaded 30M reads 
[09:17:28] Read1: loaded 30M reads 
[09:17:29] Read2: loaded 31M reads 
[09:17:29] Read1: loaded 31M reads 
[09:17:30] Read1: loaded 32M reads 
[09:17:30] Read2: loaded 32M reads 
[09:17:31] Read1: loaded 33M reads 
[09:17:31] Read2: loaded 33M reads 
[09:17:32] Read2: loaded 34M reads 
[09:17:32] Read1: loaded 34M reads 
[09:17:33] Read1: loaded 35M reads 
[09:17:33] Read2: loaded 35M reads 
[09:17:34] Read1: loaded 36M reads 
[09:17:34] Read2: loaded 36M reads 
[09:17:35] Read2: loaded 37M reads 
[09:17:35] Read1: loaded 37M reads 
[09:17:36] Read1: loaded 38M reads 
[09:17:36] Read2: loaded 38M reads 
[09:17:37] Read2: loaded 39M reads 
[09:17:38] Read1: loaded 39M reads 
[09:17:39] Read1: loaded 40M reads 
[09:17:39] Read2: loaded 40M reads 
[09:17:40] Read2: loaded 41M reads 
[09:17:40] Read1: loaded 41M reads 
[09:17:41] Read2: loaded 42M reads 
[09:17:41] Read1: loaded 42M reads 
[09:17:42] Read1: loaded 43M reads 
[09:17:42] Read2: loaded 43M reads 
[09:17:43] Read2: loaded 44M reads 
[09:17:43] Read1: loaded 44M reads 
[09:17:44] Read1: loaded 45M reads 
[09:17:44] Read2: loaded 45M reads 
[09:17:45] Read2: loaded 46M reads 
[09:17:45] Read1: loaded 46M reads 
[09:17:46] Read1: loaded 47M reads 
[09:17:46] Read2: loaded 47M reads 
[09:17:47] Read1: loaded 48M reads 
[09:17:47] Read2: loaded 48M reads 
[09:17:48] Read1: loaded 49M reads 
[09:17:48] Read2: loaded 49M reads 
[09:17:49] Read1: loaded 50M reads 
[09:17:49] Read2: loaded 50M reads 
[09:17:50] Read1: loaded 51M reads 
[09:17:50] Read2: loaded 51M reads 
[09:17:51] Read1: loaded 52M reads 
[09:17:51] Read2: loaded 52M reads 
[09:17:52] Read1: loaded 53M reads 
[09:17:52] Read2: loaded 53M reads 
[09:17:54] Read1: loaded 54M reads 
[09:17:54] Read2: loaded 54M reads 
[09:17:55] Read1: loaded 55M reads 
[09:17:55] Read2: loaded 55M reads 
[09:17:56] Read2: loaded 56M reads 
[09:17:56] Read1: loaded 56M reads 
[09:17:57] Read2: loaded 57M reads 
[09:17:57] Read1: loaded 57M reads 
[09:17:58] Read2: loaded 58M reads 
[09:17:58] Read1: loaded 58M reads 
[09:17:59] Read2: loaded 59M reads 
[09:17:59] Read1: loaded 59M reads 
[09:18:00] Read1: loaded 60M reads 
[09:18:00] Read2: loaded 60M reads 
[09:18:01] Read2: loaded 61M reads 
[09:18:01] Read1: loaded 61M reads 
[09:18:02] Read2: loaded 62M reads 
[09:18:02] Read1: loaded 62M reads 
[09:18:03] Read1: loaded 63M reads 
[09:18:03] Read2: loaded 63M reads 
[09:18:04] Read2: loaded 64M reads 
[09:18:04] Read1: loaded 64M reads 
[09:18:05] Read1: loaded 65M reads 
[09:18:05] Read2: loaded 65M reads 
[09:18:06] Read2: loaded 66M reads 
[09:18:06] Read1: loaded 66M reads 
[09:18:07] Read2: loaded 67M reads 
[09:18:07] Read1: loaded 67M reads 
[09:18:09] Read2: loaded 68M reads 
[09:18:09] Read1: loaded 68M reads 
[09:18:10] Read1: loaded 69M reads 
[09:18:10] Read2: loaded 69M reads 
[09:18:11] Read1: loaded 70M reads 
[09:18:11] Read2: loaded 70M reads 
[09:18:12] Read1: loaded 71M reads 
[09:18:12] Read2: loaded 71M reads 
[09:18:13] Read1: loaded 72M reads 
[09:18:13] Read2: loaded 72M reads 
[09:18:14] Read1: loaded 73M reads 
[09:18:14] Read2: loaded 73M reads 
[09:18:15] Read2: loaded 74M reads 
[09:18:15] Read1: loaded 74M reads 
[09:18:16] Read2: loaded 75M reads 
[09:18:16] Read1: loaded 75M reads 
[09:18:17] Read2: loaded 76M reads 
[09:18:17] Read1: loaded 76M reads 
[09:18:18] Read1: loaded 77M reads 
[09:18:18] Read2: loaded 77M reads 
[09:18:19] Read1: loaded 78M reads 
[09:18:19] Read2: loaded 78M reads 
[09:18:20] Read1: loaded 79M reads 
[09:18:20] Read2: loaded 79M reads 
[09:18:21] Read1: loaded 80M reads 
[09:18:21] Read2: loaded 80M reads 
[09:18:22] Read1: loaded 81M reads 
[09:18:22] Read2: loaded 81M reads 
[09:18:24] Read1: loaded 82M reads 
[09:18:24] Read2: loaded 82M reads 
[09:18:25] Read2: loaded 83M reads 
[09:18:25] Read1: loaded 83M reads 
[09:18:26] Read1: loaded 84M reads 
[09:18:26] Read2: loaded 84M reads 
[09:18:27] Read2: loaded 85M reads 
[09:18:27] Read1: loaded 85M reads 
[09:18:28] Read1: loaded 86M reads 
[09:18:28] Read2: loaded 86M reads 
[09:18:29] Read2: loaded 87M reads 
[09:18:29] Read1: loaded 87M reads 
[09:18:30] Read2: loaded 88M reads 
[09:18:30] Read1: loaded 88M reads 
[09:18:31] Read1: loaded 89M reads 
[09:18:31] Read2: loaded 89M reads 
[09:18:32] Read2: loaded 90M reads 
[09:18:32] Read1: loaded 90M reads 
[09:18:33] Read2: loaded 91M reads 
[09:18:33] Read1: loaded 91M reads 
[09:18:34] Read2: loaded 92M reads 
[09:18:34] Read1: loaded 92M reads 
[09:18:35] Read2: loaded 93M reads 
[09:18:35] Read1: loaded 93M reads 
[09:18:36] Read1: loaded 94M reads 
[09:18:36] Read2: loaded 94M reads 
[09:18:37] Read2: loaded 95M reads 
[09:18:37] Read1: loaded 95M reads 
[09:18:39] Read2: loaded 96M reads 
[09:18:39] Read1: loaded 96M reads 
[09:18:40] Read1: loaded 97M reads 
[09:18:40] Read2: loaded 97M reads 
[09:18:41] Read2: loaded 98M reads 
[09:18:41] Read1: loaded 98M reads 
[09:18:42] Read1: loaded 99M reads 
[09:18:42] Read2: loaded 99M reads 
[09:18:43] Read2: loaded 100M reads 
[09:18:43] Read1: loaded 100M reads 
[09:18:44] Read1: loaded 101M reads 
[09:18:44] Read2: loaded 101M reads 
[09:18:45] Read1: loaded 102M reads 
[09:18:45] Read2: loaded 102M reads 
[09:18:46] Read2: loaded 103M reads 
[09:18:46] Read1: loaded 103M reads 
[09:18:47] Read2: loaded 104M reads 
[09:18:47] Read1: loaded 104M reads 
[09:18:48] Read1: loaded 105M reads 
[09:18:48] Read2: loaded 105M reads 
[09:18:49] Read1: loaded 106M reads 
[09:18:49] Read2: loaded 106M reads 
[09:18:50] Read2: loaded 107M reads 
[09:18:50] Read1: loaded 107M reads 
[09:18:51] Read1: loaded 108M reads 
[09:18:51] Read2: loaded 108M reads 
[09:18:52] Read1: loaded 109M reads 
[09:18:52] Read2: loaded 109M reads 
[09:18:54] Read2: loaded 110M reads 
[09:18:54] Read1: loaded 110M reads 
[09:18:55] Read1: loaded 111M reads 
[09:18:55] Read2: loaded 111M reads 
[09:18:56] Read1: loaded 112M reads 
[09:18:56] Read2: loaded 112M reads 
[09:18:57] Read1: loaded 113M reads 
[09:18:57] Read2: loaded 113M reads 
[09:18:58] Read1: loaded 114M reads 
[09:18:58] Read2: loaded 114M reads 
[09:18:59] Read2: loaded 115M reads 
[09:18:59] Read1: loaded 115M reads 
[09:19:00] Read2: loaded 116M reads 
[09:19:00] Read1: loaded 116M reads 
[09:19:01] Read2: loaded 117M reads 
[09:19:01] Read1: loaded 117M reads 
[09:19:02] Read1: loaded 118M reads 
[09:19:02] Read2: loaded 118M reads 
[09:19:03] Read2: loaded 119M reads 
[09:19:03] Read1: loaded 119M reads 
[09:19:04] Read2: loaded 120M reads 
[09:19:04] Read1: loaded 120M reads 
[09:19:05] Read2: loaded 121M reads 
[09:19:05] Read1: loaded 121M reads 
[09:19:06] Read1: loaded 122M reads 
[09:19:06] Read2: loaded 122M reads 
[09:19:07] Read1: loaded 123M reads 
[09:19:07] Read2: loaded 123M reads 
[09:19:09] Read2: loaded 124M reads 
[09:19:09] Read1: loaded 124M reads 
[09:19:10] Read1: loaded 125M reads 
[09:19:10] Read2: loaded 125M reads 
[09:19:11] Read1: loaded 126M reads 
[09:19:11] Read2: loaded 126M reads 
[09:19:12] Read1: loaded 127M reads 
[09:19:12] Read2: loaded 127M reads 
[09:19:13] Read1: loaded 128M reads 
[09:19:13] Read2: loaded 128M reads 
[09:19:14] Read1: loaded 129M reads 
[09:19:14] Read2: loaded 129M reads 
[09:19:15] Read2: loaded 130M reads 
[09:19:15] Read1: loaded 130M reads 
[09:19:16] Read2: loaded 131M reads 
[09:19:16] Read1: loaded 131M reads 
[09:19:17] Read2: loaded 132M reads 
[09:19:17] Read1: loaded 132M reads 
[09:19:18] Read1: loaded 133M reads 
[09:19:18] Read2: loaded 133M reads 
[09:19:19] Read1: loaded 134M reads 
[09:19:19] Read2: loaded 134M reads 
[09:19:20] Read2: loaded 135M reads 
[09:19:20] Read1: loaded 135M reads 
[09:19:21] Read1: loaded 136M reads 
[09:19:21] Read2: loaded 136M reads 
[09:19:22] Read1: loaded 137M reads 
[09:19:22] Read2: loaded 137M reads 
[09:19:23] Read1: loaded 138M reads 
[09:19:23] Read2: loaded 138M reads 
[09:19:24] Read2: loaded 139M reads 
[09:19:24] Read1: loaded 139M reads 
[09:19:25] Read1: loaded 140M reads 
[09:19:25] Read2: loaded 140M reads 
[09:19:26] Read2: loaded 141M reads 
[09:19:26] Read1: loaded 141M reads 
[09:19:28] Read2: loaded 142M reads 
[09:19:28] Read1: loaded 142M reads 
[09:19:29] Read2: loaded 143M reads 
[09:19:29] Read1: loaded 143M reads 
[09:19:30] Read2: loaded 144M reads 
[09:19:30] Read1: loaded 144M reads 
[09:19:31] Read1: loaded 145M reads 
[09:19:31] Read2: loaded 145M reads 
[09:19:32] Read1: loaded 146M reads 
[09:19:32] Read2: loaded 146M reads 
[09:19:33] Read2: loaded 147M reads 
[09:19:33] Read1: loaded 147M reads 
[09:19:34] Read2: loaded 148M reads 
[09:19:34] Read1: loaded 148M reads 
[09:19:35] Read2: loaded 149M reads 
[09:19:35] Read1: loaded 149M reads 
[09:19:36] Read1: loaded 150M reads 
[09:19:36] Read2: loaded 150M reads 
[09:19:37] Read1: loaded 151M reads 
[09:19:37] Read2: loaded 151M reads 
[09:19:38] Read1: loaded 152M reads 
[09:19:38] Read2: loaded 152M reads 
[09:19:39] Read1: loaded 153M reads 
[09:19:39] Read2: loaded 153M reads 
[09:19:40] Read1: loaded 154M reads 
[09:19:40] Read2: loaded 154M reads 
[09:19:41] Read2: loaded 155M reads 
[09:19:41] Read1: loaded 155M reads 
[09:19:42] Read2: loaded 156M reads 
[09:19:42] Read1: loaded 156M reads 
[09:19:43] Read1: loaded 157M reads 
[09:19:43] Read2: loaded 157M reads 
[09:19:44] Read1: loaded 158M reads 
[09:19:44] Read2: loaded 158M reads 
[09:19:46] Read1: loaded 159M reads 
[09:19:46] Read2: loaded 159M reads 
[09:19:47] Read1: loaded 160M reads 
[09:19:47] Read2: loaded 160M reads 
[09:19:48] Read1: loaded 161M reads 
[09:19:48] Read2: loaded 161M reads 
[09:19:49] Read1: loaded 162M reads 
[09:19:49] Read2: loaded 162M reads 
[09:19:50] Read2: loaded 163M reads 
[09:19:50] Read1: loaded 163M reads 
[09:19:51] Read2: loaded 164M reads 
[09:19:51] Read1: loaded 164M reads 
[09:19:52] Read1: loaded 165M reads 
[09:19:52] Read2: loaded 165M reads 
[09:19:53] Read1: loaded 166M reads 
[09:19:53] Read2: loaded 166M reads 
[09:19:54] Read2: loaded 167M reads 
[09:19:54] Read1: loaded 167M reads 
[09:19:55] Read2: loaded 168M reads 
[09:19:55] Read1: loaded 168M reads 
[09:19:56] Read1: loaded 169M reads 
[09:19:56] Read2: loaded 169M reads 
[09:19:57] Read2: loaded 170M reads 
[09:19:57] Read1: loaded 170M reads 
[09:19:58] Read1: loaded 171M reads 
[09:19:58] Read2: loaded 171M reads 
[09:19:59] Read2: loaded 172M reads 
[09:19:59] Read1: loaded 172M reads 
[09:20:00] Read2: loaded 173M reads 
[09:20:00] Read1: loaded 173M reads 
[09:20:01] Read2: loaded 174M reads 
[09:20:01] Read1: loaded 174M reads 
[09:20:02] Read1: loaded 175M reads 
[09:20:02] Read2: loaded 175M reads 
[09:20:03] Read2: loaded 176M reads 
[09:20:03] Read1: loaded 176M reads 
[09:20:05] Read2: loaded 177M reads 
[09:20:05] Read1: loaded 177M reads 
[09:20:06] Read2: loaded 178M reads 
[09:20:06] Read1: loaded 178M reads 
[09:20:07] Read1: loaded 179M reads 
[09:20:07] Read2: loaded 179M reads 
[09:20:08] Read2: loaded 180M reads 
[09:20:08] Read1: loaded 180M reads 
[09:20:09] Read1: loaded 181M reads 
[09:20:09] Read2: loaded 181M reads 
[09:20:10] Read1: loaded 182M reads 
[09:20:10] Read2: loaded 182M reads 
[09:20:11] Read2: loaded 183M reads 
[09:20:11] Read1: loaded 183M reads 
[09:20:12] Read1: loaded 184M reads 
[09:20:12] Read2: loaded 184M reads 
[09:20:13] Read1: loaded 185M reads 
[09:20:13] Read2: loaded 185M reads 
[09:20:14] Read2: loaded 186M reads 
[09:20:14] Read1: loaded 186M reads 
[09:20:15] Read1: loaded 187M reads 
[09:20:15] Read2: loaded 187M reads 
[09:20:16] Read2: loaded 188M reads 
[09:20:16] Read1: loaded 188M reads 
[09:20:17] Read2: loaded 189M reads 
[09:20:17] Read1: loaded 189M reads 
[09:20:18] Read1: loaded 190M reads 
[09:20:18] Read2: loaded 190M reads 
[09:20:19] Read1: loaded 191M reads 
[09:20:19] Read2: loaded 191M reads 
[09:20:20] Read2: loaded 192M reads 
[09:20:20] Read1: loaded 192M reads 
[09:20:21] Read2: loaded 193M reads 
[09:20:21] Read1: loaded 193M reads 
[09:20:23] Read2: loaded 194M reads 
[09:20:23] Read1: loaded 194M reads 
[09:20:24] Read1: loaded 195M reads 
[09:20:24] Read2: loaded 195M reads 
[09:20:25] Read2: loaded 196M reads 
[09:20:25] Read1: loaded 196M reads 
[09:20:26] Read2: loaded 197M reads 
[09:20:26] Read1: loaded 197M reads 
[09:20:27] Read1: loaded 198M reads 
[09:20:27] Read2: loaded 198M reads 
[09:20:28] Read2: loaded 199M reads 
[09:20:28] Read1: loaded 199M reads 
[09:20:29] Read2: loaded 200M reads 
[09:20:29] Read1: loaded 200M reads 
[09:20:30] Read2: loaded 201M reads 
[09:20:30] Read1: loaded 201M reads 
[09:20:31] Read2: loaded 202M reads 
[09:20:31] Read1: loaded 202M reads 
[09:20:32] Read1: loaded 203M reads 
[09:20:32] Read2: loaded 203M reads 
[09:20:33] Read2: loaded 204M reads 
[09:20:33] Read1: loaded 204M reads 
[09:20:34] Read1: loaded 205M reads 
[09:20:34] Read2: loaded 205M reads 
[09:20:35] Read2: loaded 206M reads 
[09:20:35] Read1: loaded 206M reads 
[09:20:36] Read2: loaded 207M reads 
[09:20:36] Read1: loaded 207M reads 
[09:20:37] Read2: loaded 208M reads 
[09:20:37] Read1: loaded 208M reads 
[09:20:38] Read1: loaded 209M reads 
[09:20:38] Read2: loaded 209M reads 
[09:20:39] Read2: loaded 210M reads 
[09:20:39] Read1: loaded 210M reads 
[09:20:41] Read2: loaded 211M reads 
[09:20:41] Read1: loaded 211M reads 
[09:20:42] Read1: loaded 212M reads 
[09:20:42] Read2: loaded 212M reads 
[09:20:43] Read1: loaded 213M reads 
[09:20:43] Read2: loaded 213M reads 
[09:20:44] Read1: loaded 214M reads 
[09:20:44] Read2: loaded 214M reads 
[09:20:45] Read1: loaded 215M reads 
[09:20:45] Read2: loaded 215M reads 
[09:20:46] Read2: loaded 216M reads 
[09:20:46] Read1: loaded 216M reads 
[09:20:47] Read1: loaded 217M reads 
[09:20:47] Read2: loaded 217M reads 
[09:20:48] Read2: loaded 218M reads 
[09:20:48] Read1: loaded 218M reads 
[09:20:49] Read1: loaded 219M reads 
[09:20:49] Read2: loaded 219M reads 
[09:20:50] Read1: loaded 220M reads 
[09:20:50] Read2: loaded 220M reads 
[09:20:51] Read1: loaded 221M reads 
[09:20:51] Read2: loaded 221M reads 
[09:20:52] Read2: loaded 222M reads 
[09:20:52] Read1: loaded 222M reads 
[09:20:53] Read1: loaded 223M reads 
[09:20:53] Read2: loaded 223M reads 
[09:20:54] Read1: loaded 224M reads 
[09:20:54] Read2: loaded 224M reads 
[09:20:55] Read2: loaded 225M reads 
[09:20:55] Read1: loaded 225M reads 
[09:20:56] Read1: loaded 226M reads 
[09:20:56] Read2: loaded 226M reads 
[09:20:57] Read2: loaded 227M reads 
[09:20:57] Read1: loaded 227M reads 
[09:20:58] Read2: loaded 228M reads 
[09:20:59] Read1: loaded 228M reads 
[09:21:00] Read2: loaded 229M reads 
[09:21:00] Read1: loaded 229M reads 
[09:21:01] Read1: loaded 230M reads 
[09:21:01] Read2: loaded 230M reads 
[09:21:02] Read1: loaded 231M reads 
[09:21:02] Read2: loaded 231M reads 
[09:21:03] Read2: loaded 232M reads 
[09:21:03] Read1: loaded 232M reads 
[09:21:04] Read2: loaded 233M reads 
[09:21:04] Read1: loaded 233M reads 
[09:21:05] Read2: loaded 234M reads 
[09:21:05] Read1: loaded 234M reads 
[09:21:06] Read1: loaded 235M reads 
[09:21:06] Read2: loaded 235M reads 
[09:21:07] Read1: loaded 236M reads 
[09:21:07] Read2: loaded 236M reads 
[09:21:08] Read1: loaded 237M reads 
[09:21:08] Read2: loaded 237M reads 
[09:21:09] Read1: loaded 238M reads 
[09:21:09] Read2: loaded 238M reads 
[09:21:10] Read2: loaded 239M reads 
[09:21:10] Read1: loaded 239M reads 
[09:21:11] Read2: loaded 240M reads 
[09:21:11] Read1: loaded 240M reads 
[09:21:12] Read2: loaded 241M reads 
[09:21:12] Read1: loaded 241M reads 
[09:21:13] Read2: loaded 242M reads 
[09:21:13] Read1: loaded 242M reads 
[09:21:15] Read2: loaded 243M reads 
[09:21:15] Read1: loaded 243M reads 
[09:21:16] Read1: loaded 244M reads 
[09:21:16] Read2: loaded 244M reads 
[09:21:17] Read1: loaded 245M reads 
[09:21:17] Read2: loaded 245M reads 
[09:21:18] Read2: loaded 246M reads 
[09:21:18] Read1: loaded 246M reads 
[09:21:19] Read2: loaded 247M reads 
[09:21:19] Read1: loaded 247M reads 
[09:21:20] Read1: loaded 248M reads 
[09:21:20] Read2: loaded 248M reads 
[09:21:21] Read1: loaded 249M reads 
[09:21:21] Read2: loaded 249M reads 
[09:21:22] Read2: loaded 250M reads 
[09:21:22] Read1: loaded 250M reads 
[09:21:23] Read1: loaded 251M reads 
[09:21:23] Read2: loaded 251M reads 
[09:21:24] Read2: loaded 252M reads 
[09:21:24] Read1: loaded 252M reads 
[09:21:25] Read1: loaded 253M reads 
[09:21:25] Read2: loaded 253M reads 
[09:21:26] Read1: loaded 254M reads 
[09:21:26] Read2: loaded 254M reads 
[09:21:27] Read2: loaded 255M reads 
[09:21:27] Read1: loaded 255M reads 
[09:21:28] Read1: loaded 256M reads 
[09:21:28] Read2: loaded 256M reads 
[09:21:29] Read2: loaded 257M reads 
[09:21:29] Read1: loaded 257M reads 
[09:21:31] Read1: loaded 258M reads 
[09:21:31] Read2: loaded 258M reads 
[09:21:32] Read1: loaded 259M reads 
[09:21:32] Read2: loaded 259M reads 
[09:21:33] Read2: loaded 260M reads 
[09:21:33] Read1: loaded 260M reads 
[09:21:34] Read1: loaded 261M reads 
[09:21:34] Read2: loaded 261M reads 
[09:21:35] Read2: loaded 262M reads 
[09:21:35] Read1: loaded 262M reads 
[09:21:36] Read2: loaded 263M reads 
[09:21:36] Read1: loaded 263M reads 
[09:21:37] Read1: loaded 264M reads 
[09:21:37] Read2: loaded 264M reads 
[09:21:38] Read1: loaded 265M reads 
[09:21:38] Read2: loaded 265M reads 
[09:21:39] Read2: loaded 266M reads 
[09:21:39] Read1: loaded 266M reads 
[09:21:40] Read1: loaded 267M reads 
[09:21:40] Read2: loaded 267M reads 
[09:21:41] Read1: loaded 268M reads 
[09:21:41] Read2: loaded 268M reads 
[09:21:42] Read2: loaded 269M reads 
[09:21:42] Read1: loaded 269M reads 
[09:21:43] Read2: loaded 270M reads 
[09:21:43] Read1: loaded 270M reads 
[09:21:44] Read2: loaded 271M reads 
[09:21:44] Read1: loaded 271M reads 
[09:21:45] Read1: loaded 272M reads 
[09:21:45] Read2: loaded 272M reads 
[09:21:47] Read2: loaded 273M reads 
[09:21:47] Read1: loaded 273M reads 
[09:21:48] Read1: loaded 274M reads 
[09:21:48] Read2: loaded 274M reads 
[09:21:49] Read2: loaded 275M reads 
[09:21:49] Read1: loaded 275M reads 
[09:21:50] Read2: loaded 276M reads 
[09:21:50] Read1: loaded 276M reads 
[09:21:51] Read1: loaded 277M reads 
[09:21:51] Read2: loaded 277M reads 
[09:21:52] Read2: loaded 278M reads 
[09:21:52] Read1: loaded 278M reads 
[09:21:53] Read2: loaded 279M reads 
[09:21:53] Read1: loaded 279M reads 
[09:21:54] Read1: loaded 280M reads 
[09:21:54] Read2: loaded 280M reads 
[09:21:55] Read2: loaded 281M reads 
[09:21:55] Read1: loaded 281M reads 
[09:21:56] Read2: loaded 282M reads 
[09:21:56] Read1: loaded 282M reads 
[09:21:57] Read2: loaded 283M reads 
[09:21:57] Read1: loaded 283M reads 
[09:21:58] Read1: loaded 284M reads 
[09:21:58] Read2: loaded 284M reads 
[09:21:59] Read1: loaded 285M reads 
[09:21:59] Read2: loaded 285M reads 
[09:22:00] Read1: loaded 286M reads 
[09:22:00] Read2: loaded 286M reads 
[09:22:01] Read1: loaded 287M reads 
[09:22:01] Read2: loaded 287M reads 
[09:22:02] Read1: loaded 288M reads 
[09:22:02] Read2: loaded 288M reads 
[09:22:04] Read1: loaded 289M reads 
[09:22:04] Read2: loaded 289M reads 
[09:22:05] Read1: loaded 290M reads 
[09:22:05] Read2: loaded 290M reads 
[09:22:06] Read1: loaded 291M reads 
[09:22:06] Read2: loaded 291M reads 
[09:22:07] Read2: loaded 292M reads 
[09:22:07] Read1: loaded 292M reads 
[09:22:08] Read2: loaded 293M reads 
[09:22:08] Read1: loaded 293M reads 
[09:22:09] Read1: loaded 294M reads 
[09:22:09] Read2: loaded 294M reads 
[09:22:10] Read2: loaded 295M reads 
[09:22:10] Read1: loaded 295M reads 
[09:22:11] Read2: loaded 296M reads 
[09:22:11] Read1: loaded 296M reads 
[09:22:12] Read1: loaded 297M reads 
[09:22:12] Read2: loaded 297M reads 
[09:22:13] Read1: loaded 298M reads 
[09:22:13] Read2: loaded 298M reads 
[09:22:14] Read1: loaded 299M reads 
[09:22:14] Read2: loaded 299M reads 
[09:22:15] Read2: loaded 300M reads 
[09:22:15] Read1: loaded 300M reads 
[09:22:16] Read1: loaded 301M reads 
[09:22:16] Read2: loaded 301M reads 
[09:22:17] Read1: loaded 302M reads 
[09:22:17] Read2: loaded 302M reads 
[09:22:18] Read1: loaded 303M reads 
[09:22:18] Read2: loaded 303M reads 
[09:22:19] Read2: loaded 304M reads 
[09:22:19] Read1: loaded 304M reads 
[09:22:21] Read1: loaded 305M reads 
[09:22:21] Read2: loaded 305M reads 
[09:22:22] Read1: loaded 306M reads 
[09:22:22] Read2: loaded 306M reads 
[09:22:23] Read1: loaded 307M reads 
[09:22:23] Read2: loaded 307M reads 
[09:22:24] Read2: loaded 308M reads 
[09:22:24] Read1: loaded 308M reads 
[09:22:25] Read1: loaded 309M reads 
[09:22:25] Read2: loaded 309M reads 
[09:22:26] Read2: loaded 310M reads 
[09:22:26] Read1: loaded 310M reads 
[09:22:27] Read1: loaded 311M reads 
[09:22:27] Read2: loaded 311M reads 
[09:22:28] Read1: loaded 312M reads 
[09:22:28] Read2: loaded 312M reads 
[09:22:29] Read1: loaded 313M reads 
[09:22:29] Read2: loaded 313M reads 
[09:22:30] Read1: loaded 314M reads 
[09:22:30] Read2: loaded 314M reads 
[09:22:31] Read2: loaded 315M reads 
[09:22:31] Read1: loaded 315M reads 
[09:22:32] Read1: loaded 316M reads 
[09:22:32] Read2: loaded 316M reads 
[09:22:33] Read1: loaded 317M reads 
[09:22:33] Read2: loaded 317M reads 
[09:22:34] Read2: loaded 318M reads 
[09:22:34] Read1: loaded 318M reads 
[09:22:35] Read2: loaded 319M reads 
[09:22:35] Read1: loaded 319M reads 
[09:22:37] Read1: loaded 320M reads 
[09:22:37] Read2: loaded 320M reads 
[09:22:38] Read1: loaded 321M reads 
[09:22:38] Read2: loaded 321M reads 
[09:22:39] Read1: loaded 322M reads 
[09:22:39] Read2: loaded 322M reads 
[09:22:40] Read2: loaded 323M reads 
[09:22:40] Read1: loaded 323M reads 
[09:22:41] Read1: loaded 324M reads 
[09:22:41] Read2: loaded 324M reads 
[09:22:42] Read1: loaded 325M reads 
[09:22:42] Read2: loaded 325M reads 
[09:22:43] Read2: loaded 326M reads 
[09:22:43] Read1: loaded 326M reads 
[09:22:44] Read1: loaded 327M reads 
[09:22:44] Read2: loaded 327M reads 
[09:22:45] Read2: loaded 328M reads 
[09:22:45] Read1: loaded 328M reads 
[09:22:46] Read1: loaded 329M reads 
[09:22:46] Read2: loaded 329M reads 
[09:22:47] Read2: loaded 330M reads 
[09:22:47] Read1: loaded 330M reads 
[09:22:48] Read1: loaded 331M reads 
[09:22:48] Read2: loaded 331M reads 
[09:22:49] Read1: loaded 332M reads 
[09:22:49] Read2: loaded 332M reads 
[09:22:51] Read2: loaded 333M reads 
[09:22:51] Read1: loaded 333M reads 
[09:22:52] Read1: loaded 334M reads 
[09:22:52] Read2: loaded 334M reads 
[09:22:53] Read2: loaded 335M reads 
[09:22:53] Read1: loaded 335M reads 
[09:22:54] Read2: loaded 336M reads 
[09:22:54] Read1: loaded 336M reads 
[09:22:55] Read1: loaded 337M reads 
[09:22:55] Read2: loaded 337M reads 
[09:22:56] Read1: loaded 338M reads 
[09:22:56] Read2: loaded 338M reads 
[09:22:57] Read2: loaded 339M reads 
[09:22:57] Read1: loaded 339M reads 
[09:22:58] Read1: loaded 340M reads 
[09:22:58] Read2: loaded 340M reads 
[09:22:59] Read1: loaded 341M reads 
[09:22:59] Read2: loaded 341M reads 
[09:23:00] Read1: loaded 342M reads 
[09:23:00] Read2: loaded 342M reads 
[09:23:01] Read2: loaded 343M reads 
[09:23:01] Read1: loaded 343M reads 
[09:23:02] Read2: loaded 344M reads 
[09:23:02] Read1: loaded 344M reads 
[09:23:04] Read1: loaded 345M reads 
[09:23:04] Read2: loaded 345M reads 
[09:23:05] Read2: loaded 346M reads 
[09:23:05] Read1: loaded 346M reads 
[09:23:06] Read1: loaded 347M reads 
[09:23:06] Read2: loaded 347M reads 
[09:23:07] Read2: loaded 348M reads 
[09:23:07] Read1: loaded 348M reads 
[09:23:08] Read2: loaded 349M reads 
[09:23:08] Read1: loaded 349M reads 
[09:23:09] Read2: loaded 350M reads 
[09:23:09] Read1: loaded 350M reads 
[09:23:10] Read1: loaded 351M reads 
[09:23:10] Read2: loaded 351M reads 
[09:23:11] Read1: loaded 352M reads 
[09:23:11] Read2: loaded 352M reads 
[09:23:12] Read1: loaded 353M reads 
[09:23:12] Read2: loaded 353M reads 
[09:23:13] Read2: loaded 354M reads 
[09:23:13] Read1: loaded 354M reads 
[09:23:14] Read2: loaded 355M reads 
[09:23:14] Read1: loaded 355M reads 
[09:23:15] Read1: loaded 356M reads 
[09:23:15] Read2: loaded 356M reads 
[09:23:16] Read2: loaded 357M reads 
[09:23:16] Read1: loaded 357M reads 
[09:23:18] Read1: loaded 358M reads 
[09:23:18] Read2: loaded 358M reads 
[09:23:19] Read2: loaded 359M reads 
[09:23:19] Read1: loaded 359M reads 
[09:23:20] Read1: loaded 360M reads 
[09:23:20] Read2: loaded 360M reads 
[09:23:21] Read2: loaded 361M reads 
[09:23:21] Read1: loaded 361M reads 
[09:23:21] Read1: loading completed with 44102 packs 
[09:23:21] Read2: loading completed with 44102 packs 
[09:23:21] [fastp 1.3.3-d0bromir] Stage: loading (384882 ms) 
[09:23:21] [fastp 1.3.3-d0bromir] Stage: filtering 
[09:23:22] thread 2 data processing completed 
[09:23:22] thread 2 finished 
[09:23:22] thread 6 data processing completed 
[09:23:22] thread 6 finished 
[09:23:22] thread 1 data processing completed 
[09:23:22] thread 1 finished 
[09:23:22] thread 8 data processing completed 
[09:23:22] thread 8 finished 
[09:23:22] thread 7 data processing completed 
[09:23:22] thread 7 finished 
[09:23:22] thread 5 data processing completed 
[09:23:22] thread 5 finished 
[09:23:22] thread 4 data processing completed 
[09:23:22] thread 4 finished 
[09:23:22] thread 3 data processing completed 
[09:23:22] thread 3 finished 
[09:23:22] [fastp 1.3.3-d0bromir] Stage: filtering (563 ms) 
[09:23:22] [fastp 1.3.3-d0bromir] Stage: writing 
[09:23:22] /dev/shm/fastp_bench_kI5orV_R2.fq.gz writer finished 
[09:23:22] /dev/shm/fastp_bench_0tDBcW_R1.fq.gz writer finished 
[09:23:22] [fastp 1.3.3-d0bromir] Stage: writing (25 ms) 
[09:23:22] [GPU] Device 0: batches=44102 reads=361281611 
[09:23:22] [GPU] Device 1: batches=44102 reads=361281611 
[09:23:22] start to generate reports
 
Read1 before filtering:
total reads: 361281611
total bases: 54192241650
Q20 bases: 54123398100(99.873%)
Q30 bases: 54123398100(99.873%)
Q40 bases: 0(0%)

Read2 before filtering:
total reads: 361281611
total bases: 54192241650
Q20 bases: 53855170050(99.378%)
Q30 bases: 53855170050(99.378%)
Q40 bases: 0(0%)

Read1 after filtering:
total reads: 358607374
total bases: 53574361382
Q20 bases: 53574361382(100%)
Q30 bases: 53574361382(100%)
Q40 bases: 0(0%)

Read2 after filtering:
total reads: 358607374
total bases: 53574361382
Q20 bases: 53574361382(100%)
Q30 bases: 53574361382(100%)
Q40 bases: 0(0%)

Filtering result:
reads passed filter: 717214748
reads failed due to low quality: 5328396
reads failed due to too many N: 20078
reads failed due to too short: 0
reads failed due to adapter dimer: 0
reads with adapter trimmed: 9627740
bases trimmed due to adapters: 442711160

Duplication rate: 5.60214%

Insert size peak (evaluated by paired-end reads): 269

JSON report: /dev/shm/fastp_bench_5IPcsg.json
HTML report: /dev/null

/home/mpiuser/bioauto_rev/fastp_d0bromir/fastp -w 8 -j /dev/shm/fastp_bench_5IPcsg.json -h /dev/null --verbose -i /home/mpiuser/FASTQ/WGS/DRR216653_1.fastq.gz -I /home/mpiuser/FASTQ/WGS/DRR216653_2.fastq.gz -o /dev/shm/fastp_bench_0tDBcW_R1.fq.gz -O /dev/shm/fastp_bench_kI5orV_R2.fq.gz 
fastp v1.3.3-d0bromir, time used: 386 seconds
================================================================
