=== Full Benchmark Log: Mon Oct  5 03:02:07 UTC 2026 ===


================================================================
 Application  : opengene (/home/mpiuser/bioauto_rev/fastp_d0bromir/../fastp_opengene/fastp)
 Dataset      : WGS PE 12.8G (ERR1044780 R1+R2)
 Files        : R1=/home/mpiuser/FASTQ/WGS/ERR1044780_1.fastq.gz
               R2=/home/mpiuser/FASTQ/WGS/ERR1044780_2.fastq.gz
 Type         : PE
 Threads      : 8
 Wall time    : 132.389 s
 reads_in     : 160629528
 reads_out    : 147153690
 vs_opengene  : baseline
--- Resource usage ---
 CPU avg/peak : 1245.3% / 1750.2%
 RSS peak     : 1270 MiB
 GPU util a/p : 0.0% / 0.0%
 GPU mem peak : 0 MiB
 Sample CSV   : /home/mpiuser/bioauto_rev/fastp_d0bromir/benchmark_results/20261005_030207/resources/resource_WGS_PE_12.8G_opengene_T8_1791169327.csv
--- Profiling output ---
[03:02:08] start to load data of read2 
[03:02:08] start to load data of read1 
[03:02:08] /dev/shm/fastp_bench_l4etBQ_R1.fq.gz writer finished 
[03:02:08] /dev/shm/fastp_bench_KUDb2f_R2.fq.gz writer finished 
[03:02:09] Read1: loaded 1M reads 
[03:02:09] Read2: loaded 1M reads 
[03:02:11] Read2: loaded 2M reads 
[03:02:11] Read1: loaded 2M reads 
[03:02:13] Read2: loaded 3M reads 
[03:02:13] Read1: loaded 3M reads 
[03:02:14] Read1: loaded 4M reads 
[03:02:14] Read2: loaded 4M reads 
[03:02:16] Read1: loaded 5M reads 
[03:02:16] Read2: loaded 5M reads 
[03:02:18] Read2: loaded 6M reads 
[03:02:18] Read1: loaded 6M reads 
[03:02:19] Read1: loaded 7M reads 
[03:02:19] Read2: loaded 7M reads 
[03:02:21] Read1: loaded 8M reads 
[03:02:21] Read2: loaded 8M reads 
[03:02:23] Read2: loaded 9M reads 
[03:02:23] Read1: loaded 9M reads 
[03:02:24] Read1: loaded 10M reads 
[03:02:24] Read2: loaded 10M reads 
[03:02:26] Read1: loaded 11M reads 
[03:02:26] Read2: loaded 11M reads 
[03:02:28] Read1: loaded 12M reads 
[03:02:28] Read2: loaded 12M reads 
[03:02:29] Read1: loaded 13M reads 
[03:02:29] Read2: loaded 13M reads 
[03:02:31] Read1: loaded 14M reads 
[03:02:31] Read2: loaded 14M reads 
[03:02:32] Read2: loaded 15M reads 
[03:02:32] Read1: loaded 15M reads 
[03:02:34] Read1: loaded 16M reads 
[03:02:34] Read2: loaded 16M reads 
[03:02:36] Read1: loaded 17M reads 
[03:02:36] Read2: loaded 17M reads 
[03:02:37] Read1: loaded 18M reads 
[03:02:37] Read2: loaded 18M reads 
[03:02:39] Read2: loaded 19M reads 
[03:02:39] Read1: loaded 19M reads 
[03:02:41] Read2: loaded 20M reads 
[03:02:41] Read1: loaded 20M reads 
[03:02:42] Read1: loaded 21M reads 
[03:02:42] Read2: loaded 21M reads 
[03:02:44] Read2: loaded 22M reads 
[03:02:44] Read1: loaded 22M reads 
[03:02:46] Read2: loaded 23M reads 
[03:02:46] Read1: loaded 23M reads 
[03:02:47] Read2: loaded 24M reads 
[03:02:47] Read1: loaded 24M reads 
[03:02:49] Read1: loaded 25M reads 
[03:02:49] Read2: loaded 25M reads 
[03:02:50] Read1: loaded 26M reads 
[03:02:50] Read2: loaded 26M reads 
[03:02:52] Read1: loaded 27M reads 
[03:02:52] Read2: loaded 27M reads 
[03:02:54] Read1: loaded 28M reads 
[03:02:54] Read2: loaded 28M reads 
[03:02:55] Read2: loaded 29M reads 
[03:02:55] Read1: loaded 29M reads 
[03:02:57] Read1: loaded 30M reads 
[03:02:57] Read2: loaded 30M reads 
[03:02:59] Read1: loaded 31M reads 
[03:02:59] Read2: loaded 31M reads 
[03:03:00] Read1: loaded 32M reads 
[03:03:00] Read2: loaded 32M reads 
[03:03:02] Read2: loaded 33M reads 
[03:03:02] Read1: loaded 33M reads 
[03:03:03] Read2: loaded 34M reads 
[03:03:03] Read1: loaded 34M reads 
[03:03:05] Read2: loaded 35M reads 
[03:03:05] Read1: loaded 35M reads 
[03:03:07] Read1: loaded 36M reads 
[03:03:07] Read2: loaded 36M reads 
[03:03:08] Read2: loaded 37M reads 
[03:03:08] Read1: loaded 37M reads 
[03:03:10] Read1: loaded 38M reads 
[03:03:10] Read2: loaded 38M reads 
[03:03:11] Read1: loaded 39M reads 
[03:03:11] Read2: loaded 39M reads 
[03:03:13] Read2: loaded 40M reads 
[03:03:13] Read1: loaded 40M reads 
[03:03:15] Read1: loaded 41M reads 
[03:03:15] Read2: loaded 41M reads 
[03:03:16] Read2: loaded 42M reads 
[03:03:16] Read1: loaded 42M reads 
[03:03:18] Read1: loaded 43M reads 
[03:03:18] Read2: loaded 43M reads 
[03:03:20] Read1: loaded 44M reads 
[03:03:20] Read2: loaded 44M reads 
[03:03:21] Read1: loaded 45M reads 
[03:03:21] Read2: loaded 45M reads 
[03:03:23] Read2: loaded 46M reads 
[03:03:23] Read1: loaded 46M reads 
[03:03:24] Read1: loaded 47M reads 
[03:03:24] Read2: loaded 47M reads 
[03:03:26] Read1: loaded 48M reads 
[03:03:26] Read2: loaded 48M reads 
[03:03:28] Read2: loaded 49M reads 
[03:03:28] Read1: loaded 49M reads 
[03:03:29] Read2: loaded 50M reads 
[03:03:29] Read1: loaded 50M reads 
[03:03:31] Read1: loaded 51M reads 
[03:03:31] Read2: loaded 51M reads 
[03:03:33] Read2: loaded 52M reads 
[03:03:33] Read1: loaded 52M reads 
[03:03:34] Read1: loaded 53M reads 
[03:03:34] Read2: loaded 53M reads 
[03:03:36] Read2: loaded 54M reads 
[03:03:36] Read1: loaded 54M reads 
[03:03:38] Read1: loaded 55M reads 
[03:03:38] Read2: loaded 55M reads 
[03:03:39] Read1: loaded 56M reads 
[03:03:39] Read2: loaded 56M reads 
[03:03:41] Read1: loaded 57M reads 
[03:03:41] Read2: loaded 57M reads 
[03:03:43] Read2: loaded 58M reads 
[03:03:43] Read1: loaded 58M reads 
[03:03:44] Read2: loaded 59M reads 
[03:03:44] Read1: loaded 59M reads 
[03:03:46] Read1: loaded 60M reads 
[03:03:46] Read2: loaded 60M reads 
[03:03:47] Read1: loaded 61M reads 
[03:03:47] Read2: loaded 61M reads 
[03:03:49] Read2: loaded 62M reads 
[03:03:49] Read1: loaded 62M reads 
[03:03:51] Read1: loaded 63M reads 
[03:03:51] Read2: loaded 63M reads 
[03:03:52] Read1: loaded 64M reads 
[03:03:52] Read2: loaded 64M reads 
[03:03:54] Read1: loaded 65M reads 
[03:03:54] Read2: loaded 65M reads 
[03:03:56] Read1: loaded 66M reads 
[03:03:56] Read2: loaded 66M reads 
[03:03:57] Read1: loaded 67M reads 
[03:03:57] Read2: loaded 67M reads 
[03:03:59] Read1: loaded 68M reads 
[03:03:59] Read2: loaded 68M reads 
[03:04:01] Read1: loaded 69M reads 
[03:04:01] Read2: loaded 69M reads 
[03:04:02] Read1: loaded 70M reads 
[03:04:02] Read2: loaded 70M reads 
[03:04:04] Read2: loaded 71M reads 
[03:04:04] Read1: loaded 71M reads 
[03:04:05] Read2: loaded 72M reads 
[03:04:05] Read1: loaded 72M reads 
[03:04:07] Read1: loaded 73M reads 
[03:04:07] Read2: loaded 73M reads 
[03:04:09] Read2: loaded 74M reads 
[03:04:09] Read1: loaded 74M reads 
[03:04:10] Read2: loaded 75M reads 
[03:04:10] Read1: loaded 75M reads 
[03:04:12] Read1: loaded 76M reads 
[03:04:12] Read2: loaded 76M reads 
[03:04:14] Read1: loaded 77M reads 
[03:04:14] Read2: loaded 77M reads 
[03:04:15] Read1: loaded 78M reads 
[03:04:15] Read2: loaded 78M reads 
[03:04:17] Read1: loaded 79M reads 
[03:04:17] Read2: loaded 79M reads 
[03:04:19] Read2: loaded 80M reads 
[03:04:19] Read1: loaded 80M reads 
[03:04:19] Read1: loading completed with 80315 packs 
[03:04:19] Read2: loading completed with 80315 packs 
[03:04:19] thread 4 data processing completed 
[03:04:19] thread 4 finished 
[03:04:19] thread 5 data processing completed 
[03:04:19] thread 5 finished 
[03:04:19] thread 6 data processing completed 
[03:04:19] thread 6 finished 
[03:04:19] thread 8 data processing completed 
[03:04:19] thread 8 finished 
[03:04:19] thread 3 data processing completed 
[03:04:19] thread 3 finished 
[03:04:19] thread 2 data processing completed 
[03:04:19] thread 2 finished 
[03:04:19] thread 1 data processing completed 
[03:04:19] thread 1 finished 
[03:04:19] thread 7 data processing completed 
[03:04:19] thread 7 finished 
[03:04:19] start to generate reports
 
Read1 before filtering:
total reads: 80314764
total bases: 8031476400
Q20 bases: 7618398149(94.8568%)
Q30 bases: 7189780467(89.52%)
Q40 bases: 1372019(0.017083%)

Read2 before filtering:
total reads: 80314764
total bases: 8031476400
Q20 bases: 7301776236(90.9145%)
Q30 bases: 6735240270(83.8605%)
Q40 bases: 14983216(0.186556%)

Read1 after filtering:
total reads: 73576845
total bases: 7332470906
Q20 bases: 7132277963(97.2698%)
Q30 bases: 6786262173(92.5508%)
Q40 bases: 1340969(0.0182881%)

Read2 after filtering:
total reads: 73576845
total bases: 7332470906
Q20 bases: 6987054543(95.2892%)
Q30 bases: 6494309731(88.5692%)
Q40 bases: 14400882(0.196399%)

Filtering result:
reads passed filter: 147153690
reads failed due to low quality: 13450996
reads failed due to too many N: 24842
reads failed due to too short: 0
reads failed due to adapter dimer: 0
reads with adapter trimmed: 1431652
bases trimmed due to adapters: 51264566

Duplication rate: 0.45964%

Insert size peak (evaluated by paired-end reads): 169

JSON report: /dev/shm/fastp_bench_gw05Yc.json
HTML report: /dev/null

/home/mpiuser/bioauto_rev/fastp_d0bromir/../fastp_opengene/fastp -w 8 -j /dev/shm/fastp_bench_gw05Yc.json -h /dev/null --verbose -i /home/mpiuser/FASTQ/WGS/ERR1044780_1.fastq.gz -I /home/mpiuser/FASTQ/WGS/ERR1044780_2.fastq.gz -o /dev/shm/fastp_bench_l4etBQ_R1.fq.gz -O /dev/shm/fastp_bench_KUDb2f_R2.fq.gz 
fastp v1.3.3, time used: 133 seconds
================================================================

================================================================
 Application  : d0bromir_cpu (/home/mpiuser/bioauto_rev/fastp_d0bromir/fastp-cpu)
 Dataset      : WGS PE 12.8G (ERR1044780 R1+R2)
 Files        : R1=/home/mpiuser/FASTQ/WGS/ERR1044780_1.fastq.gz
               R2=/home/mpiuser/FASTQ/WGS/ERR1044780_2.fastq.gz
 Type         : PE
 Threads      : 8
 Wall time    : 71.133 s
 reads_in     : 160629528
 reads_out    : 147153690
 vs_opengene  : -46.3%
--- Resource usage ---
 CPU avg/peak : 2023.2% / 2516.3%
 RSS peak     : 1987 MiB
 GPU util a/p : 0.0% / 0.0%
 GPU mem peak : 0 MiB
 Sample CSV   : /home/mpiuser/bioauto_rev/fastp_d0bromir/benchmark_results/20261005_030207/resources/resource_WGS_PE_12.8G_d0bromir_cpu_T8_1791169695.csv
--- Profiling output ---
[03:08:15] fastp 1.3.3-d0bromir starting 
[03:08:15] [fastp 1.3.3-d0bromir] Stage: loading 
[03:08:15] start to load data of read2 
[03:08:15] start to load data of read1 
[03:08:16] Read1: loaded 1M reads 
[03:08:16] Read2: loaded 1M reads 
[03:08:17] Read1: loaded 2M reads 
[03:08:17] Read2: loaded 2M reads 
[03:08:18] Read1: loaded 3M reads 
[03:08:18] Read2: loaded 3M reads 
[03:08:19] Read1: loaded 4M reads 
[03:08:19] Read2: loaded 4M reads 
[03:08:20] Read1: loaded 5M reads 
[03:08:20] Read2: loaded 5M reads 
[03:08:20] Read1: loaded 6M reads 
[03:08:21] Read2: loaded 6M reads 
[03:08:21] Read1: loaded 7M reads 
[03:08:22] Read2: loaded 7M reads 
[03:08:22] Read1: loaded 8M reads 
[03:08:22] Read2: loaded 8M reads 
[03:08:23] Read1: loaded 9M reads 
[03:08:23] Read2: loaded 9M reads 
[03:08:24] Read1: loaded 10M reads 
[03:08:24] Read2: loaded 10M reads 
[03:08:25] Read1: loaded 11M reads 
[03:08:25] Read2: loaded 11M reads 
[03:08:26] Read1: loaded 12M reads 
[03:08:26] Read2: loaded 12M reads 
[03:08:26] Read1: loaded 13M reads 
[03:08:27] Read2: loaded 13M reads 
[03:08:27] Read1: loaded 14M reads 
[03:08:28] Read2: loaded 14M reads 
[03:08:28] Read1: loaded 15M reads 
[03:08:28] Read2: loaded 15M reads 
[03:08:29] Read1: loaded 16M reads 
[03:08:29] Read2: loaded 16M reads 
[03:08:30] Read1: loaded 17M reads 
[03:08:30] Read2: loaded 17M reads 
[03:08:31] Read1: loaded 18M reads 
[03:08:31] Read2: loaded 18M reads 
[03:08:32] Read1: loaded 19M reads 
[03:08:32] Read2: loaded 19M reads 
[03:08:33] Read1: loaded 20M reads 
[03:08:33] Read2: loaded 20M reads 
[03:08:33] Read1: loaded 21M reads 
[03:08:34] Read2: loaded 21M reads 
[03:08:34] Read1: loaded 22M reads 
[03:08:34] Read2: loaded 22M reads 
[03:08:35] Read1: loaded 23M reads 
[03:08:35] Read2: loaded 23M reads 
[03:08:36] Read1: loaded 24M reads 
[03:08:36] Read2: loaded 24M reads 
[03:08:37] Read1: loaded 25M reads 
[03:08:37] Read2: loaded 25M reads 
[03:08:38] Read1: loaded 26M reads 
[03:08:38] Read2: loaded 26M reads 
[03:08:39] Read1: loaded 27M reads 
[03:08:39] Read2: loaded 27M reads 
[03:08:39] Read1: loaded 28M reads 
[03:08:40] Read2: loaded 28M reads 
[03:08:40] Read1: loaded 29M reads 
[03:08:41] Read2: loaded 29M reads 
[03:08:41] Read1: loaded 30M reads 
[03:08:41] Read2: loaded 30M reads 
[03:08:42] Read1: loaded 31M reads 
[03:08:42] Read2: loaded 31M reads 
[03:08:43] Read1: loaded 32M reads 
[03:08:43] Read2: loaded 32M reads 
[03:08:44] Read1: loaded 33M reads 
[03:08:44] Read2: loaded 33M reads 
[03:08:45] Read1: loaded 34M reads 
[03:08:45] Read2: loaded 34M reads 
[03:08:45] Read1: loaded 35M reads 
[03:08:46] Read2: loaded 35M reads 
[03:08:46] Read1: loaded 36M reads 
[03:08:47] Read2: loaded 36M reads 
[03:08:47] Read1: loaded 37M reads 
[03:08:47] Read2: loaded 37M reads 
[03:08:48] Read1: loaded 38M reads 
[03:08:48] Read2: loaded 38M reads 
[03:08:49] Read1: loaded 39M reads 
[03:08:49] Read2: loaded 39M reads 
[03:08:50] Read1: loaded 40M reads 
[03:08:50] Read2: loaded 40M reads 
[03:08:51] Read1: loaded 41M reads 
[03:08:51] Read2: loaded 41M reads 
[03:08:51] Read1: loaded 42M reads 
[03:08:52] Read2: loaded 42M reads 
[03:08:52] Read1: loaded 43M reads 
[03:08:53] Read2: loaded 43M reads 
[03:08:53] Read1: loaded 44M reads 
[03:08:53] Read2: loaded 44M reads 
[03:08:54] Read1: loaded 45M reads 
[03:08:54] Read2: loaded 45M reads 
[03:08:55] Read1: loaded 46M reads 
[03:08:55] Read2: loaded 46M reads 
[03:08:56] Read1: loaded 47M reads 
[03:08:56] Read2: loaded 47M reads 
[03:08:57] Read1: loaded 48M reads 
[03:08:57] Read2: loaded 48M reads 
[03:08:58] Read1: loaded 49M reads 
[03:08:58] Read2: loaded 49M reads 
[03:08:58] Read1: loaded 50M reads 
[03:08:58] Read2: loaded 50M reads 
[03:08:59] Read1: loaded 51M reads 
[03:08:59] Read2: loaded 51M reads 
[03:09:00] Read1: loaded 52M reads 
[03:09:00] Read2: loaded 52M reads 
[03:09:01] Read1: loaded 53M reads 
[03:09:01] Read2: loaded 53M reads 
[03:09:02] Read1: loaded 54M reads 
[03:09:02] Read2: loaded 54M reads 
[03:09:03] Read2: loaded 55M reads 
[03:09:03] Read1: loaded 55M reads 
[03:09:04] Read2: loaded 56M reads 
[03:09:04] Read1: loaded 56M reads 
[03:09:05] Read1: loaded 57M reads 
[03:09:05] Read2: loaded 57M reads 
[03:09:05] Read1: loaded 58M reads 
[03:09:05] Read2: loaded 58M reads 
[03:09:06] Read1: loaded 59M reads 
[03:09:06] Read2: loaded 59M reads 
[03:09:07] Read1: loaded 60M reads 
[03:09:07] Read2: loaded 60M reads 
[03:09:08] Read1: loaded 61M reads 
[03:09:08] Read2: loaded 61M reads 
[03:09:09] Read1: loaded 62M reads 
[03:09:09] Read2: loaded 62M reads 
[03:09:10] Read2: loaded 63M reads 
[03:09:10] Read1: loaded 63M reads 
[03:09:11] Read1: loaded 64M reads 
[03:09:11] Read2: loaded 64M reads 
[03:09:11] Read1: loaded 65M reads 
[03:09:11] Read2: loaded 65M reads 
[03:09:12] Read2: loaded 66M reads 
[03:09:12] Read1: loaded 66M reads 
[03:09:13] Read1: loaded 67M reads 
[03:09:13] Read2: loaded 67M reads 
[03:09:14] Read2: loaded 68M reads 
[03:09:14] Read1: loaded 68M reads 
[03:09:15] Read2: loaded 69M reads 
[03:09:15] Read1: loaded 69M reads 
[03:09:16] Read1: loaded 70M reads 
[03:09:16] Read2: loaded 70M reads 
[03:09:17] Read1: loaded 71M reads 
[03:09:17] Read2: loaded 71M reads 
[03:09:17] Read1: loaded 72M reads 
[03:09:17] Read2: loaded 72M reads 
[03:09:18] Read2: loaded 73M reads 
[03:09:18] Read1: loaded 73M reads 
[03:09:19] Read2: loaded 74M reads 
[03:09:19] Read1: loaded 74M reads 
[03:09:20] Read1: loaded 75M reads 
[03:09:20] Read2: loaded 75M reads 
[03:09:21] Read2: loaded 76M reads 
[03:09:21] Read1: loaded 76M reads 
[03:09:22] Read1: loaded 77M reads 
[03:09:22] Read2: loaded 77M reads 
[03:09:23] Read1: loaded 78M reads 
[03:09:23] Read2: loaded 78M reads 
[03:09:23] Read1: loaded 79M reads 
[03:09:23] Read2: loaded 79M reads 
[03:09:24] Read2: loaded 80M reads 
[03:09:24] Read1: loaded 80M reads 
[03:09:25] Read1: loading completed with 9805 packs 
[03:09:25] Read2: loading completed with 9805 packs 
[03:09:25] [fastp 1.3.3-d0bromir] Stage: loading (69182 ms) 
[03:09:25] [fastp 1.3.3-d0bromir] Stage: filtering 
[03:09:25] thread 2 data processing completed 
[03:09:25] thread 2 finished 
[03:09:25] thread 6 data processing completed 
[03:09:25] thread 6 finished 
[03:09:25] thread 5 data processing completed 
[03:09:25] thread 5 finished 
[03:09:25] thread 1 data processing completed 
[03:09:25] thread 1 finished 
[03:09:25] thread 3 data processing completed 
[03:09:25] thread 3 finished 
[03:09:25] thread 8 data processing completed 
[03:09:25] thread 8 finished 
[03:09:25] thread 7 data processing completed 
[03:09:25] thread 7 finished 
[03:09:25] thread 4 data processing completed 
[03:09:25] thread 4 finished 
[03:09:25] [fastp 1.3.3-d0bromir] Stage: filtering (445 ms) 
[03:09:25] [fastp 1.3.3-d0bromir] Stage: writing 
[03:09:25] /dev/shm/fastp_bench_s3kabo_R2.fq.gz writer finished 
[03:09:25] /dev/shm/fastp_bench_vM1lAU_R1.fq.gz writer finished 
[03:09:25] [fastp 1.3.3-d0bromir] Stage: writing (28 ms) 
[03:09:25] start to generate reports
 
Read1 before filtering:
total reads: 80314764
total bases: 8031476400
Q20 bases: 7618398149(94.8568%)
Q30 bases: 7189780467(89.52%)
Q40 bases: 1372019(0.017083%)

Read2 before filtering:
total reads: 80314764
total bases: 8031476400
Q20 bases: 7301776236(90.9145%)
Q30 bases: 6735240270(83.8605%)
Q40 bases: 14983216(0.186556%)

Read1 after filtering:
total reads: 73576845
total bases: 7332470906
Q20 bases: 7132277963(97.2698%)
Q30 bases: 6786262173(92.5508%)
Q40 bases: 1340969(0.0182881%)

Read2 after filtering:
total reads: 73576845
total bases: 7332470906
Q20 bases: 6987054543(95.2892%)
Q30 bases: 6494309731(88.5692%)
Q40 bases: 14400882(0.196399%)

Filtering result:
reads passed filter: 147153690
reads failed due to low quality: 13450996
reads failed due to too many N: 24842
reads failed due to too short: 0
reads failed due to adapter dimer: 0
reads with adapter trimmed: 1431652
bases trimmed due to adapters: 51264566

Duplication rate: 0.459642%

Insert size peak (evaluated by paired-end reads): 169

JSON report: /dev/shm/fastp_bench_hdDEP8.json
HTML report: /dev/null

/home/mpiuser/bioauto_rev/fastp_d0bromir/fastp-cpu -w 8 -j /dev/shm/fastp_bench_hdDEP8.json -h /dev/null --verbose -i /home/mpiuser/FASTQ/WGS/ERR1044780_1.fastq.gz -I /home/mpiuser/FASTQ/WGS/ERR1044780_2.fastq.gz -o /dev/shm/fastp_bench_vM1lAU_R1.fq.gz -O /dev/shm/fastp_bench_s3kabo_R2.fq.gz 
fastp v1.3.3-d0bromir, time used: 71 seconds
================================================================

================================================================
 Application  : d0bromir_gpu (/home/mpiuser/bioauto_rev/fastp_d0bromir/fastp)
 Dataset      : WGS PE 12.8G (ERR1044780 R1+R2)
 Files        : R1=/home/mpiuser/FASTQ/WGS/ERR1044780_1.fastq.gz
               R2=/home/mpiuser/FASTQ/WGS/ERR1044780_2.fastq.gz
 Type         : PE
 Threads      : 8
 Wall time    : 70.581 s
 reads_in     : 160629528
 reads_out    : 147153690
 vs_opengene  : -46.7%
--- Resource usage ---
 CPU avg/peak : 1892.6% / 2431.3%
 RSS peak     : 2482 MiB
 GPU util a/p : 9.5% / 12.0%
 GPU mem peak : 1360 MiB
 Sample CSV   : /home/mpiuser/bioauto_rev/fastp_d0bromir/benchmark_results/20261005_030207/resources/resource_WGS_PE_12.8G_d0bromir_gpu_T8_1791170005.csv
--- Profiling output ---
[03:13:25] fastp 1.3.3-d0bromir starting 
[03:13:25] [GPU] CUDA GPU available (Device 0) - statistics GPU-accelerated (slots=8) 
[03:13:25] [fastp 1.3.3-d0bromir] Stage: loading 
[03:13:25] start to load data of read1 
[03:13:25] start to load data of read2 
[03:13:25] [GPU] CUDA GPU available (Device 1) - statistics GPU-accelerated (slots=8) 
[03:13:26] [GPU] Dual-GPU mode: Device 0 + Device 1 active 
[03:13:26] Read1: loaded 1M reads 
[03:13:26] Read2: loaded 1M reads 
[03:13:27] Read1: loaded 2M reads 
[03:13:27] Read2: loaded 2M reads 
[03:13:28] Read1: loaded 3M reads 
[03:13:28] Read2: loaded 3M reads 
[03:13:29] Read1: loaded 4M reads 
[03:13:29] Read2: loaded 4M reads 
[03:13:30] Read1: loaded 5M reads 
[03:13:30] Read2: loaded 5M reads 
[03:13:31] Read1: loaded 6M reads 
[03:13:31] Read2: loaded 6M reads 
[03:13:31] Read1: loaded 7M reads 
[03:13:32] Read2: loaded 7M reads 
[03:13:32] Read1: loaded 8M reads 
[03:13:32] Read2: loaded 8M reads 
[03:13:33] Read1: loaded 9M reads 
[03:13:33] Read2: loaded 9M reads 
[03:13:34] Read1: loaded 10M reads 
[03:13:34] Read2: loaded 10M reads 
[03:13:35] Read1: loaded 11M reads 
[03:13:35] Read2: loaded 11M reads 
[03:13:36] Read1: loaded 12M reads 
[03:13:36] Read2: loaded 12M reads 
[03:13:36] Read1: loaded 13M reads 
[03:13:37] Read2: loaded 13M reads 
[03:13:37] Read1: loaded 14M reads 
[03:13:38] Read2: loaded 14M reads 
[03:13:38] Read1: loaded 15M reads 
[03:13:39] Read2: loaded 15M reads 
[03:13:39] Read1: loaded 16M reads 
[03:13:39] Read2: loaded 16M reads 
[03:13:40] Read1: loaded 17M reads 
[03:13:40] Read2: loaded 17M reads 
[03:13:41] Read1: loaded 18M reads 
[03:13:41] Read2: loaded 18M reads 
[03:13:42] Read1: loaded 19M reads 
[03:13:42] Read2: loaded 19M reads 
[03:13:42] Read1: loaded 20M reads 
[03:13:43] Read2: loaded 20M reads 
[03:13:43] Read1: loaded 21M reads 
[03:13:44] Read2: loaded 21M reads 
[03:13:44] Read1: loaded 22M reads 
[03:13:45] Read2: loaded 22M reads 
[03:13:45] Read1: loaded 23M reads 
[03:13:45] Read2: loaded 23M reads 
[03:13:46] Read1: loaded 24M reads 
[03:13:46] Read2: loaded 24M reads 
[03:13:47] Read1: loaded 25M reads 
[03:13:47] Read2: loaded 25M reads 
[03:13:48] Read1: loaded 26M reads 
[03:13:48] Read2: loaded 26M reads 
[03:13:48] Read1: loaded 27M reads 
[03:13:49] Read2: loaded 27M reads 
[03:13:49] Read1: loaded 28M reads 
[03:13:50] Read2: loaded 28M reads 
[03:13:50] Read1: loaded 29M reads 
[03:13:51] Read2: loaded 29M reads 
[03:13:51] Read1: loaded 30M reads 
[03:13:51] Read2: loaded 30M reads 
[03:13:52] Read1: loaded 31M reads 
[03:13:52] Read2: loaded 31M reads 
[03:13:53] Read1: loaded 32M reads 
[03:13:53] Read2: loaded 32M reads 
[03:13:54] Read1: loaded 33M reads 
[03:13:54] Read2: loaded 33M reads 
[03:13:54] Read1: loaded 34M reads 
[03:13:55] Read2: loaded 34M reads 
[03:13:55] Read1: loaded 35M reads 
[03:13:56] Read2: loaded 35M reads 
[03:13:56] Read1: loaded 36M reads 
[03:13:57] Read2: loaded 36M reads 
[03:13:57] Read1: loaded 37M reads 
[03:13:57] Read2: loaded 37M reads 
[03:13:58] Read1: loaded 38M reads 
[03:13:58] Read2: loaded 38M reads 
[03:13:59] Read1: loaded 39M reads 
[03:13:59] Read2: loaded 39M reads 
[03:14:00] Read1: loaded 40M reads 
[03:14:00] Read2: loaded 40M reads 
[03:14:00] Read1: loaded 41M reads 
[03:14:01] Read2: loaded 41M reads 
[03:14:01] Read1: loaded 42M reads 
[03:14:02] Read2: loaded 42M reads 
[03:14:02] Read1: loaded 43M reads 
[03:14:03] Read2: loaded 43M reads 
[03:14:03] Read1: loaded 44M reads 
[03:14:03] Read2: loaded 44M reads 
[03:14:04] Read1: loaded 45M reads 
[03:14:04] Read2: loaded 45M reads 
[03:14:05] Read1: loaded 46M reads 
[03:14:05] Read2: loaded 46M reads 
[03:14:06] Read1: loaded 47M reads 
[03:14:06] Read2: loaded 47M reads 
[03:14:06] Read1: loaded 48M reads 
[03:14:07] Read2: loaded 48M reads 
[03:14:07] Read1: loaded 49M reads 
[03:14:08] Read2: loaded 49M reads 
[03:14:08] Read1: loaded 50M reads 
[03:14:08] Read2: loaded 50M reads 
[03:14:09] Read1: loaded 51M reads 
[03:14:09] Read2: loaded 51M reads 
[03:14:10] Read1: loaded 52M reads 
[03:14:10] Read2: loaded 52M reads 
[03:14:11] Read1: loaded 53M reads 
[03:14:11] Read2: loaded 53M reads 
[03:14:12] Read1: loaded 54M reads 
[03:14:12] Read2: loaded 54M reads 
[03:14:12] Read1: loaded 55M reads 
[03:14:13] Read2: loaded 55M reads 
[03:14:13] Read1: loaded 56M reads 
[03:14:14] Read2: loaded 56M reads 
[03:14:14] Read1: loaded 57M reads 
[03:14:14] Read2: loaded 57M reads 
[03:14:15] Read1: loaded 58M reads 
[03:14:15] Read2: loaded 58M reads 
[03:14:16] Read1: loaded 59M reads 
[03:14:16] Read2: loaded 59M reads 
[03:14:17] Read1: loaded 60M reads 
[03:14:17] Read2: loaded 60M reads 
[03:14:17] Read1: loaded 61M reads 
[03:14:18] Read2: loaded 61M reads 
[03:14:18] Read1: loaded 62M reads 
[03:14:19] Read2: loaded 62M reads 
[03:14:19] Read1: loaded 63M reads 
[03:14:19] Read2: loaded 63M reads 
[03:14:20] Read1: loaded 64M reads 
[03:14:20] Read2: loaded 64M reads 
[03:14:21] Read1: loaded 65M reads 
[03:14:21] Read2: loaded 65M reads 
[03:14:22] Read1: loaded 66M reads 
[03:14:22] Read2: loaded 66M reads 
[03:14:22] Read1: loaded 67M reads 
[03:14:23] Read2: loaded 67M reads 
[03:14:23] Read1: loaded 68M reads 
[03:14:24] Read2: loaded 68M reads 
[03:14:24] Read1: loaded 69M reads 
[03:14:25] Read2: loaded 69M reads 
[03:14:25] Read1: loaded 70M reads 
[03:14:25] Read2: loaded 70M reads 
[03:14:26] Read1: loaded 71M reads 
[03:14:26] Read2: loaded 71M reads 
[03:14:27] Read1: loaded 72M reads 
[03:14:27] Read2: loaded 72M reads 
[03:14:28] Read1: loaded 73M reads 
[03:14:28] Read2: loaded 73M reads 
[03:14:28] Read1: loaded 74M reads 
[03:14:29] Read2: loaded 74M reads 
[03:14:29] Read1: loaded 75M reads 
[03:14:30] Read2: loaded 75M reads 
[03:14:30] Read1: loaded 76M reads 
[03:14:30] Read2: loaded 76M reads 
[03:14:31] Read1: loaded 77M reads 
[03:14:31] Read2: loaded 77M reads 
[03:14:32] Read1: loaded 78M reads 
[03:14:32] Read2: loaded 78M reads 
[03:14:33] Read1: loaded 79M reads 
[03:14:33] Read2: loaded 79M reads 
[03:14:33] Read1: loaded 80M reads 
[03:14:34] Read1: loading completed with 9805 packs 
[03:14:34] Read2: loaded 80M reads 
[03:14:34] Read2: loading completed with 9805 packs 
[03:14:34] [fastp 1.3.3-d0bromir] Stage: loading (68780 ms) 
[03:14:34] [fastp 1.3.3-d0bromir] Stage: filtering 
[03:14:34] thread 5 data processing completed 
[03:14:34] thread 5 finished 
[03:14:34] thread 1 data processing completed 
[03:14:34] thread 1 finished 
[03:14:34] thread 3 data processing completed 
[03:14:34] thread 3 finished 
[03:14:34] thread 6 data processing completed 
[03:14:34] thread 6 finished 
[03:14:34] thread 8 data processing completed 
[03:14:34] thread 8 finished 
[03:14:34] thread 4 data processing completed 
[03:14:34] thread 4 finished 
[03:14:34] thread 7 data processing completed 
[03:14:34] thread 7 finished 
[03:14:34] thread 2 data processing completed 
[03:14:34] thread 2 finished 
[03:14:34] [fastp 1.3.3-d0bromir] Stage: filtering (62 ms) 
[03:14:34] [fastp 1.3.3-d0bromir] Stage: writing 
[03:14:34] /dev/shm/fastp_bench_hNDPv9_R1.fq.gz writer finished 
[03:14:34] /dev/shm/fastp_bench_PdP3a5_R2.fq.gz writer finished 
[03:14:34] [fastp 1.3.3-d0bromir] Stage: writing (39 ms) 
[03:14:34] [GPU] Device 0: batches=9805 reads=80314764 
[03:14:34] [GPU] Device 1: batches=9805 reads=80314764 
[03:14:34] start to generate reports
 
Read1 before filtering:
total reads: 80314764
total bases: 8031476400
Q20 bases: 7618398149(94.8568%)
Q30 bases: 7189780467(89.52%)
Q40 bases: 1372019(0.017083%)

Read2 before filtering:
total reads: 80314764
total bases: 8031476400
Q20 bases: 7301776236(90.9145%)
Q30 bases: 6735240270(83.8605%)
Q40 bases: 14983216(0.186556%)

Read1 after filtering:
total reads: 73576845
total bases: 7332470906
Q20 bases: 7132277963(97.2698%)
Q30 bases: 6786262173(92.5508%)
Q40 bases: 1340969(0.0182881%)

Read2 after filtering:
total reads: 73576845
total bases: 7332470906
Q20 bases: 6987054543(95.2892%)
Q30 bases: 6494309731(88.5692%)
Q40 bases: 14400882(0.196399%)

Filtering result:
reads passed filter: 147153690
reads failed due to low quality: 13450996
reads failed due to too many N: 24842
reads failed due to too short: 0
reads failed due to adapter dimer: 0
reads with adapter trimmed: 1431652
bases trimmed due to adapters: 51264566

Duplication rate: 0.459638%

Insert size peak (evaluated by paired-end reads): 169

JSON report: /dev/shm/fastp_bench_yb2aNb.json
HTML report: /dev/null

/home/mpiuser/bioauto_rev/fastp_d0bromir/fastp -w 8 -j /dev/shm/fastp_bench_yb2aNb.json -h /dev/null --verbose -i /home/mpiuser/FASTQ/WGS/ERR1044780_1.fastq.gz -I /home/mpiuser/FASTQ/WGS/ERR1044780_2.fastq.gz -o /dev/shm/fastp_bench_hNDPv9_R1.fq.gz -O /dev/shm/fastp_bench_PdP3a5_R2.fq.gz 
fastp v1.3.3-d0bromir, time used: 70 seconds
================================================================
