=== Full Benchmark Log: Sun Oct  4 16:26:01 UTC 2026 ===


================================================================
 Application  : d0bromir_cpu (/home/mpiuser/bioauto_rev/fastp_d0bromir/fastp-cpu)
 Dataset      : WGS PE 40G (DRR216653 R1+R2)
 Files        : R1=/home/mpiuser/FASTQ/WGS/DRR216653_1.fastq.gz
               R2=/home/mpiuser/FASTQ/WGS/DRR216653_2.fastq.gz
 Type         : PE
 Threads      : 16
 Wall time    : 240.805 s
 reads_in     : 722563222
 reads_out    : 717214748
 vs_opengene  : N/A
--- Resource usage ---
 CPU avg/peak : 3036.2% / 3630.5%
 RSS peak     : 2240 MiB
 GPU util a/p : 1.4% / 44.0%
 GPU mem peak : 0 MiB
 Sample CSV   : /home/mpiuser/bioauto_rev/fastp_d0bromir/benchmark_results/20261004_162601/resources/resource_WGS_PE_40G_d0bromir_cpu_T16_1791131919.csv
--- Profiling output ---
[16:38:39] fastp 1.3.3-d0bromir starting 
[16:38:40] [fastp 1.3.3-d0bromir] Stage: loading 
[16:38:40] start to load data of read1 
[16:38:40] start to load data of read2 
[16:38:40] Read2: loaded 1M reads 
[16:38:40] Read1: loaded 1M reads 
[16:38:41] Read2: loaded 2M reads 
[16:38:41] Read1: loaded 2M reads 
[16:38:42] Read2: loaded 3M reads 
[16:38:42] Read1: loaded 3M reads 
[16:38:42] Read2: loaded 4M reads 
[16:38:42] Read1: loaded 4M reads 
[16:38:43] Read2: loaded 5M reads 
[16:38:43] Read1: loaded 5M reads 
[16:38:44] Read2: loaded 6M reads 
[16:38:44] Read1: loaded 6M reads 
[16:38:44] Read2: loaded 7M reads 
[16:38:44] Read1: loaded 7M reads 
[16:38:45] Read2: loaded 8M reads 
[16:38:45] Read1: loaded 8M reads 
[16:38:46] Read2: loaded 9M reads 
[16:38:46] Read1: loaded 9M reads 
[16:38:46] Read2: loaded 10M reads 
[16:38:46] Read1: loaded 10M reads 
[16:38:47] Read2: loaded 11M reads 
[16:38:47] Read1: loaded 11M reads 
[16:38:48] Read2: loaded 12M reads 
[16:38:48] Read1: loaded 12M reads 
[16:38:48] Read2: loaded 13M reads 
[16:38:48] Read1: loaded 13M reads 
[16:38:49] Read2: loaded 14M reads 
[16:38:49] Read1: loaded 14M reads 
[16:38:50] Read2: loaded 15M reads 
[16:38:50] Read1: loaded 15M reads 
[16:38:50] Read2: loaded 16M reads 
[16:38:50] Read1: loaded 16M reads 
[16:38:51] Read2: loaded 17M reads 
[16:38:51] Read1: loaded 17M reads 
[16:38:51] Read2: loaded 18M reads 
[16:38:52] Read1: loaded 18M reads 
[16:38:52] Read2: loaded 19M reads 
[16:38:52] Read1: loaded 19M reads 
[16:38:53] Read2: loaded 20M reads 
[16:38:53] Read1: loaded 20M reads 
[16:38:53] Read2: loaded 21M reads 
[16:38:53] Read1: loaded 21M reads 
[16:38:54] Read2: loaded 22M reads 
[16:38:54] Read1: loaded 22M reads 
[16:38:55] Read2: loaded 23M reads 
[16:38:55] Read1: loaded 23M reads 
[16:38:55] Read2: loaded 24M reads 
[16:38:55] Read1: loaded 24M reads 
[16:38:56] Read2: loaded 25M reads 
[16:38:56] Read1: loaded 25M reads 
[16:38:57] Read2: loaded 26M reads 
[16:38:57] Read1: loaded 26M reads 
[16:38:57] Read2: loaded 27M reads 
[16:38:57] Read1: loaded 27M reads 
[16:38:58] Read2: loaded 28M reads 
[16:38:58] Read1: loaded 28M reads 
[16:38:59] Read2: loaded 29M reads 
[16:38:59] Read1: loaded 29M reads 
[16:38:59] Read2: loaded 30M reads 
[16:38:59] Read1: loaded 30M reads 
[16:39:00] Read2: loaded 31M reads 
[16:39:00] Read1: loaded 31M reads 
[16:39:00] Read2: loaded 32M reads 
[16:39:01] Read1: loaded 32M reads 
[16:39:01] Read2: loaded 33M reads 
[16:39:01] Read1: loaded 33M reads 
[16:39:02] Read2: loaded 34M reads 
[16:39:02] Read1: loaded 34M reads 
[16:39:02] Read2: loaded 35M reads 
[16:39:03] Read1: loaded 35M reads 
[16:39:03] Read2: loaded 36M reads 
[16:39:03] Read1: loaded 36M reads 
[16:39:04] Read2: loaded 37M reads 
[16:39:04] Read1: loaded 37M reads 
[16:39:04] Read2: loaded 38M reads 
[16:39:05] Read1: loaded 38M reads 
[16:39:05] Read2: loaded 39M reads 
[16:39:05] Read1: loaded 39M reads 
[16:39:06] Read2: loaded 40M reads 
[16:39:06] Read1: loaded 40M reads 
[16:39:06] Read2: loaded 41M reads 
[16:39:06] Read1: loaded 41M reads 
[16:39:07] Read2: loaded 42M reads 
[16:39:07] Read1: loaded 42M reads 
[16:39:08] Read2: loaded 43M reads 
[16:39:08] Read1: loaded 43M reads 
[16:39:08] Read2: loaded 44M reads 
[16:39:08] Read1: loaded 44M reads 
[16:39:09] Read2: loaded 45M reads 
[16:39:09] Read1: loaded 45M reads 
[16:39:10] Read2: loaded 46M reads 
[16:39:10] Read1: loaded 46M reads 
[16:39:10] Read2: loaded 47M reads 
[16:39:10] Read1: loaded 47M reads 
[16:39:11] Read2: loaded 48M reads 
[16:39:11] Read1: loaded 48M reads 
[16:39:11] Read2: loaded 49M reads 
[16:39:12] Read1: loaded 49M reads 
[16:39:12] Read2: loaded 50M reads 
[16:39:12] Read1: loaded 50M reads 
[16:39:13] Read2: loaded 51M reads 
[16:39:13] Read1: loaded 51M reads 
[16:39:13] Read2: loaded 52M reads 
[16:39:14] Read1: loaded 52M reads 
[16:39:14] Read2: loaded 53M reads 
[16:39:14] Read1: loaded 53M reads 
[16:39:15] Read2: loaded 54M reads 
[16:39:15] Read1: loaded 54M reads 
[16:39:15] Read2: loaded 55M reads 
[16:39:16] Read1: loaded 55M reads 
[16:39:16] Read2: loaded 56M reads 
[16:39:16] Read1: loaded 56M reads 
[16:39:17] Read2: loaded 57M reads 
[16:39:17] Read1: loaded 57M reads 
[16:39:17] Read2: loaded 58M reads 
[16:39:18] Read1: loaded 58M reads 
[16:39:18] Read2: loaded 59M reads 
[16:39:18] Read1: loaded 59M reads 
[16:39:19] Read2: loaded 60M reads 
[16:39:19] Read1: loaded 60M reads 
[16:39:19] Read2: loaded 61M reads 
[16:39:20] Read1: loaded 61M reads 
[16:39:20] Read2: loaded 62M reads 
[16:39:20] Read1: loaded 62M reads 
[16:39:21] Read2: loaded 63M reads 
[16:39:21] Read1: loaded 63M reads 
[16:39:21] Read2: loaded 64M reads 
[16:39:22] Read1: loaded 64M reads 
[16:39:22] Read2: loaded 65M reads 
[16:39:22] Read1: loaded 65M reads 
[16:39:23] Read2: loaded 66M reads 
[16:39:23] Read1: loaded 66M reads 
[16:39:23] Read2: loaded 67M reads 
[16:39:23] Read1: loaded 67M reads 
[16:39:24] Read2: loaded 68M reads 
[16:39:24] Read1: loaded 68M reads 
[16:39:25] Read2: loaded 69M reads 
[16:39:25] Read1: loaded 69M reads 
[16:39:25] Read2: loaded 70M reads 
[16:39:25] Read1: loaded 70M reads 
[16:39:26] Read2: loaded 71M reads 
[16:39:26] Read1: loaded 71M reads 
[16:39:26] Read2: loaded 72M reads 
[16:39:27] Read1: loaded 72M reads 
[16:39:27] Read2: loaded 73M reads 
[16:39:27] Read1: loaded 73M reads 
[16:39:28] Read2: loaded 74M reads 
[16:39:28] Read1: loaded 74M reads 
[16:39:28] Read2: loaded 75M reads 
[16:39:29] Read1: loaded 75M reads 
[16:39:29] Read2: loaded 76M reads 
[16:39:29] Read1: loaded 76M reads 
[16:39:30] Read2: loaded 77M reads 
[16:39:30] Read1: loaded 77M reads 
[16:39:30] Read2: loaded 78M reads 
[16:39:31] Read1: loaded 78M reads 
[16:39:31] Read2: loaded 79M reads 
[16:39:31] Read1: loaded 79M reads 
[16:39:32] Read2: loaded 80M reads 
[16:39:32] Read1: loaded 80M reads 
[16:39:32] Read2: loaded 81M reads 
[16:39:33] Read1: loaded 81M reads 
[16:39:33] Read2: loaded 82M reads 
[16:39:33] Read1: loaded 82M reads 
[16:39:34] Read2: loaded 83M reads 
[16:39:34] Read1: loaded 83M reads 
[16:39:34] Read2: loaded 84M reads 
[16:39:35] Read1: loaded 84M reads 
[16:39:35] Read2: loaded 85M reads 
[16:39:35] Read1: loaded 85M reads 
[16:39:36] Read2: loaded 86M reads 
[16:39:36] Read1: loaded 86M reads 
[16:39:36] Read2: loaded 87M reads 
[16:39:37] Read1: loaded 87M reads 
[16:39:37] Read2: loaded 88M reads 
[16:39:37] Read1: loaded 88M reads 
[16:39:38] Read2: loaded 89M reads 
[16:39:38] Read1: loaded 89M reads 
[16:39:38] Read2: loaded 90M reads 
[16:39:39] Read1: loaded 90M reads 
[16:39:39] Read2: loaded 91M reads 
[16:39:39] Read1: loaded 91M reads 
[16:39:40] Read2: loaded 92M reads 
[16:39:40] Read1: loaded 92M reads 
[16:39:40] Read2: loaded 93M reads 
[16:39:41] Read1: loaded 93M reads 
[16:39:41] Read2: loaded 94M reads 
[16:39:41] Read1: loaded 94M reads 
[16:39:42] Read2: loaded 95M reads 
[16:39:42] Read1: loaded 95M reads 
[16:39:42] Read2: loaded 96M reads 
[16:39:42] Read1: loaded 96M reads 
[16:39:43] Read2: loaded 97M reads 
[16:39:43] Read1: loaded 97M reads 
[16:39:44] Read2: loaded 98M reads 
[16:39:44] Read1: loaded 98M reads 
[16:39:44] Read2: loaded 99M reads 
[16:39:44] Read1: loaded 99M reads 
[16:39:45] Read2: loaded 100M reads 
[16:39:45] Read1: loaded 100M reads 
[16:39:45] Read2: loaded 101M reads 
[16:39:46] Read1: loaded 101M reads 
[16:39:46] Read2: loaded 102M reads 
[16:39:46] Read1: loaded 102M reads 
[16:39:47] Read2: loaded 103M reads 
[16:39:47] Read1: loaded 103M reads 
[16:39:47] Read2: loaded 104M reads 
[16:39:48] Read1: loaded 104M reads 
[16:39:48] Read2: loaded 105M reads 
[16:39:48] Read1: loaded 105M reads 
[16:39:49] Read2: loaded 106M reads 
[16:39:49] Read1: loaded 106M reads 
[16:39:49] Read2: loaded 107M reads 
[16:39:50] Read1: loaded 107M reads 
[16:39:50] Read2: loaded 108M reads 
[16:39:50] Read1: loaded 108M reads 
[16:39:51] Read2: loaded 109M reads 
[16:39:51] Read1: loaded 109M reads 
[16:39:51] Read2: loaded 110M reads 
[16:39:52] Read1: loaded 110M reads 
[16:39:52] Read2: loaded 111M reads 
[16:39:52] Read1: loaded 111M reads 
[16:39:53] Read2: loaded 112M reads 
[16:39:53] Read1: loaded 112M reads 
[16:39:53] Read2: loaded 113M reads 
[16:39:54] Read1: loaded 113M reads 
[16:39:54] Read2: loaded 114M reads 
[16:39:54] Read1: loaded 114M reads 
[16:39:55] Read2: loaded 115M reads 
[16:39:55] Read1: loaded 115M reads 
[16:39:55] Read2: loaded 116M reads 
[16:39:56] Read1: loaded 116M reads 
[16:39:56] Read2: loaded 117M reads 
[16:39:56] Read1: loaded 117M reads 
[16:39:57] Read2: loaded 118M reads 
[16:39:57] Read1: loaded 118M reads 
[16:39:57] Read2: loaded 119M reads 
[16:39:57] Read1: loaded 119M reads 
[16:39:58] Read2: loaded 120M reads 
[16:39:58] Read1: loaded 120M reads 
[16:39:59] Read2: loaded 121M reads 
[16:39:59] Read1: loaded 121M reads 
[16:39:59] Read2: loaded 122M reads 
[16:39:59] Read1: loaded 122M reads 
[16:40:00] Read2: loaded 123M reads 
[16:40:00] Read1: loaded 123M reads 
[16:40:01] Read2: loaded 124M reads 
[16:40:01] Read1: loaded 124M reads 
[16:40:01] Read2: loaded 125M reads 
[16:40:01] Read1: loaded 125M reads 
[16:40:02] Read2: loaded 126M reads 
[16:40:02] Read1: loaded 126M reads 
[16:40:03] Read2: loaded 127M reads 
[16:40:03] Read1: loaded 127M reads 
[16:40:03] Read2: loaded 128M reads 
[16:40:03] Read1: loaded 128M reads 
[16:40:04] Read2: loaded 129M reads 
[16:40:04] Read1: loaded 129M reads 
[16:40:04] Read2: loaded 130M reads 
[16:40:05] Read1: loaded 130M reads 
[16:40:05] Read2: loaded 131M reads 
[16:40:05] Read1: loaded 131M reads 
[16:40:06] Read2: loaded 132M reads 
[16:40:06] Read1: loaded 132M reads 
[16:40:06] Read2: loaded 133M reads 
[16:40:07] Read1: loaded 133M reads 
[16:40:07] Read2: loaded 134M reads 
[16:40:07] Read1: loaded 134M reads 
[16:40:08] Read2: loaded 135M reads 
[16:40:08] Read1: loaded 135M reads 
[16:40:08] Read2: loaded 136M reads 
[16:40:09] Read1: loaded 136M reads 
[16:40:09] Read2: loaded 137M reads 
[16:40:09] Read1: loaded 137M reads 
[16:40:10] Read2: loaded 138M reads 
[16:40:10] Read1: loaded 138M reads 
[16:40:10] Read2: loaded 139M reads 
[16:40:11] Read1: loaded 139M reads 
[16:40:11] Read2: loaded 140M reads 
[16:40:11] Read1: loaded 140M reads 
[16:40:12] Read2: loaded 141M reads 
[16:40:12] Read1: loaded 141M reads 
[16:40:12] Read2: loaded 142M reads 
[16:40:13] Read1: loaded 142M reads 
[16:40:13] Read2: loaded 143M reads 
[16:40:13] Read1: loaded 143M reads 
[16:40:14] Read2: loaded 144M reads 
[16:40:14] Read1: loaded 144M reads 
[16:40:14] Read2: loaded 145M reads 
[16:40:15] Read1: loaded 145M reads 
[16:40:15] Read2: loaded 146M reads 
[16:40:15] Read1: loaded 146M reads 
[16:40:16] Read2: loaded 147M reads 
[16:40:16] Read1: loaded 147M reads 
[16:40:16] Read2: loaded 148M reads 
[16:40:17] Read1: loaded 148M reads 
[16:40:17] Read2: loaded 149M reads 
[16:40:17] Read1: loaded 149M reads 
[16:40:18] Read2: loaded 150M reads 
[16:40:18] Read1: loaded 150M reads 
[16:40:18] Read2: loaded 151M reads 
[16:40:19] Read1: loaded 151M reads 
[16:40:19] Read2: loaded 152M reads 
[16:40:19] Read1: loaded 152M reads 
[16:40:20] Read2: loaded 153M reads 
[16:40:20] Read1: loaded 153M reads 
[16:40:20] Read2: loaded 154M reads 
[16:40:20] Read1: loaded 154M reads 
[16:40:21] Read2: loaded 155M reads 
[16:40:21] Read1: loaded 155M reads 
[16:40:22] Read2: loaded 156M reads 
[16:40:22] Read1: loaded 156M reads 
[16:40:22] Read2: loaded 157M reads 
[16:40:22] Read1: loaded 157M reads 
[16:40:23] Read2: loaded 158M reads 
[16:40:23] Read1: loaded 158M reads 
[16:40:24] Read2: loaded 159M reads 
[16:40:24] Read1: loaded 159M reads 
[16:40:24] Read2: loaded 160M reads 
[16:40:24] Read1: loaded 160M reads 
[16:40:25] Read2: loaded 161M reads 
[16:40:25] Read1: loaded 161M reads 
[16:40:26] Read2: loaded 162M reads 
[16:40:26] Read1: loaded 162M reads 
[16:40:26] Read2: loaded 163M reads 
[16:40:26] Read1: loaded 163M reads 
[16:40:27] Read2: loaded 164M reads 
[16:40:27] Read1: loaded 164M reads 
[16:40:28] Read2: loaded 165M reads 
[16:40:28] Read1: loaded 165M reads 
[16:40:28] Read2: loaded 166M reads 
[16:40:28] Read1: loaded 166M reads 
[16:40:29] Read2: loaded 167M reads 
[16:40:29] Read1: loaded 167M reads 
[16:40:30] Read2: loaded 168M reads 
[16:40:30] Read1: loaded 168M reads 
[16:40:30] Read2: loaded 169M reads 
[16:40:30] Read1: loaded 169M reads 
[16:40:31] Read2: loaded 170M reads 
[16:40:31] Read1: loaded 170M reads 
[16:40:31] Read2: loaded 171M reads 
[16:40:32] Read1: loaded 171M reads 
[16:40:32] Read2: loaded 172M reads 
[16:40:32] Read1: loaded 172M reads 
[16:40:33] Read2: loaded 173M reads 
[16:40:33] Read1: loaded 173M reads 
[16:40:33] Read2: loaded 174M reads 
[16:40:34] Read1: loaded 174M reads 
[16:40:34] Read2: loaded 175M reads 
[16:40:34] Read1: loaded 175M reads 
[16:40:35] Read2: loaded 176M reads 
[16:40:35] Read1: loaded 176M reads 
[16:40:35] Read2: loaded 177M reads 
[16:40:36] Read1: loaded 177M reads 
[16:40:36] Read2: loaded 178M reads 
[16:40:36] Read1: loaded 178M reads 
[16:40:37] Read2: loaded 179M reads 
[16:40:37] Read1: loaded 179M reads 
[16:40:37] Read2: loaded 180M reads 
[16:40:38] Read1: loaded 180M reads 
[16:40:38] Read2: loaded 181M reads 
[16:40:38] Read1: loaded 181M reads 
[16:40:39] Read2: loaded 182M reads 
[16:40:39] Read1: loaded 182M reads 
[16:40:39] Read2: loaded 183M reads 
[16:40:40] Read1: loaded 183M reads 
[16:40:40] Read2: loaded 184M reads 
[16:40:40] Read1: loaded 184M reads 
[16:40:41] Read2: loaded 185M reads 
[16:40:41] Read1: loaded 185M reads 
[16:40:41] Read2: loaded 186M reads 
[16:40:42] Read1: loaded 186M reads 
[16:40:42] Read2: loaded 187M reads 
[16:40:42] Read1: loaded 187M reads 
[16:40:43] Read2: loaded 188M reads 
[16:40:43] Read1: loaded 188M reads 
[16:40:43] Read2: loaded 189M reads 
[16:40:44] Read1: loaded 189M reads 
[16:40:44] Read2: loaded 190M reads 
[16:40:44] Read1: loaded 190M reads 
[16:40:45] Read2: loaded 191M reads 
[16:40:45] Read1: loaded 191M reads 
[16:40:45] Read2: loaded 192M reads 
[16:40:46] Read1: loaded 192M reads 
[16:40:46] Read2: loaded 193M reads 
[16:40:46] Read1: loaded 193M reads 
[16:40:47] Read2: loaded 194M reads 
[16:40:47] Read1: loaded 194M reads 
[16:40:47] Read2: loaded 195M reads 
[16:40:48] Read1: loaded 195M reads 
[16:40:48] Read2: loaded 196M reads 
[16:40:48] Read1: loaded 196M reads 
[16:40:49] Read2: loaded 197M reads 
[16:40:49] Read1: loaded 197M reads 
[16:40:49] Read2: loaded 198M reads 
[16:40:50] Read1: loaded 198M reads 
[16:40:50] Read2: loaded 199M reads 
[16:40:50] Read1: loaded 199M reads 
[16:40:51] Read2: loaded 200M reads 
[16:40:51] Read1: loaded 200M reads 
[16:40:51] Read2: loaded 201M reads 
[16:40:52] Read1: loaded 201M reads 
[16:40:52] Read2: loaded 202M reads 
[16:40:52] Read1: loaded 202M reads 
[16:40:53] Read2: loaded 203M reads 
[16:40:53] Read1: loaded 203M reads 
[16:40:53] Read2: loaded 204M reads 
[16:40:54] Read1: loaded 204M reads 
[16:40:54] Read2: loaded 205M reads 
[16:40:54] Read1: loaded 205M reads 
[16:40:55] Read2: loaded 206M reads 
[16:40:55] Read1: loaded 206M reads 
[16:40:55] Read2: loaded 207M reads 
[16:40:56] Read1: loaded 207M reads 
[16:40:56] Read2: loaded 208M reads 
[16:40:56] Read1: loaded 208M reads 
[16:40:57] Read2: loaded 209M reads 
[16:40:57] Read1: loaded 209M reads 
[16:40:57] Read2: loaded 210M reads 
[16:40:58] Read1: loaded 210M reads 
[16:40:58] Read2: loaded 211M reads 
[16:40:58] Read1: loaded 211M reads 
[16:40:59] Read2: loaded 212M reads 
[16:40:59] Read1: loaded 212M reads 
[16:40:59] Read2: loaded 213M reads 
[16:41:00] Read1: loaded 213M reads 
[16:41:00] Read2: loaded 214M reads 
[16:41:00] Read1: loaded 214M reads 
[16:41:01] Read2: loaded 215M reads 
[16:41:01] Read1: loaded 215M reads 
[16:41:01] Read2: loaded 216M reads 
[16:41:02] Read1: loaded 216M reads 
[16:41:02] Read2: loaded 217M reads 
[16:41:02] Read1: loaded 217M reads 
[16:41:03] Read2: loaded 218M reads 
[16:41:03] Read1: loaded 218M reads 
[16:41:03] Read2: loaded 219M reads 
[16:41:04] Read1: loaded 219M reads 
[16:41:04] Read2: loaded 220M reads 
[16:41:04] Read1: loaded 220M reads 
[16:41:05] Read2: loaded 221M reads 
[16:41:05] Read1: loaded 221M reads 
[16:41:05] Read2: loaded 222M reads 
[16:41:06] Read1: loaded 222M reads 
[16:41:06] Read2: loaded 223M reads 
[16:41:06] Read1: loaded 223M reads 
[16:41:07] Read2: loaded 224M reads 
[16:41:07] Read1: loaded 224M reads 
[16:41:07] Read2: loaded 225M reads 
[16:41:07] Read1: loaded 225M reads 
[16:41:08] Read2: loaded 226M reads 
[16:41:08] Read1: loaded 226M reads 
[16:41:09] Read2: loaded 227M reads 
[16:41:09] Read1: loaded 227M reads 
[16:41:09] Read2: loaded 228M reads 
[16:41:10] Read1: loaded 228M reads 
[16:41:10] Read2: loaded 229M reads 
[16:41:10] Read1: loaded 229M reads 
[16:41:11] Read2: loaded 230M reads 
[16:41:11] Read1: loaded 230M reads 
[16:41:11] Read2: loaded 231M reads 
[16:41:11] Read1: loaded 231M reads 
[16:41:12] Read2: loaded 232M reads 
[16:41:12] Read1: loaded 232M reads 
[16:41:13] Read2: loaded 233M reads 
[16:41:13] Read1: loaded 233M reads 
[16:41:13] Read2: loaded 234M reads 
[16:41:13] Read1: loaded 234M reads 
[16:41:14] Read2: loaded 235M reads 
[16:41:14] Read1: loaded 235M reads 
[16:41:15] Read2: loaded 236M reads 
[16:41:15] Read1: loaded 236M reads 
[16:41:15] Read2: loaded 237M reads 
[16:41:15] Read1: loaded 237M reads 
[16:41:16] Read2: loaded 238M reads 
[16:41:16] Read1: loaded 238M reads 
[16:41:17] Read2: loaded 239M reads 
[16:41:17] Read1: loaded 239M reads 
[16:41:17] Read2: loaded 240M reads 
[16:41:17] Read1: loaded 240M reads 
[16:41:18] Read2: loaded 241M reads 
[16:41:18] Read1: loaded 241M reads 
[16:41:19] Read2: loaded 242M reads 
[16:41:19] Read1: loaded 242M reads 
[16:41:19] Read2: loaded 243M reads 
[16:41:19] Read1: loaded 243M reads 
[16:41:20] Read2: loaded 244M reads 
[16:41:20] Read1: loaded 244M reads 
[16:41:21] Read2: loaded 245M reads 
[16:41:21] Read1: loaded 245M reads 
[16:41:21] Read2: loaded 246M reads 
[16:41:21] Read1: loaded 246M reads 
[16:41:22] Read2: loaded 247M reads 
[16:41:22] Read1: loaded 247M reads 
[16:41:23] Read2: loaded 248M reads 
[16:41:23] Read1: loaded 248M reads 
[16:41:23] Read2: loaded 249M reads 
[16:41:23] Read1: loaded 249M reads 
[16:41:24] Read2: loaded 250M reads 
[16:41:24] Read1: loaded 250M reads 
[16:41:24] Read2: loaded 251M reads 
[16:41:25] Read1: loaded 251M reads 
[16:41:25] Read2: loaded 252M reads 
[16:41:25] Read1: loaded 252M reads 
[16:41:26] Read2: loaded 253M reads 
[16:41:26] Read1: loaded 253M reads 
[16:41:26] Read2: loaded 254M reads 
[16:41:27] Read1: loaded 254M reads 
[16:41:27] Read2: loaded 255M reads 
[16:41:27] Read1: loaded 255M reads 
[16:41:28] Read2: loaded 256M reads 
[16:41:28] Read1: loaded 256M reads 
[16:41:28] Read2: loaded 257M reads 
[16:41:29] Read1: loaded 257M reads 
[16:41:29] Read2: loaded 258M reads 
[16:41:29] Read1: loaded 258M reads 
[16:41:30] Read2: loaded 259M reads 
[16:41:30] Read1: loaded 259M reads 
[16:41:30] Read2: loaded 260M reads 
[16:41:31] Read1: loaded 260M reads 
[16:41:31] Read2: loaded 261M reads 
[16:41:31] Read1: loaded 261M reads 
[16:41:32] Read2: loaded 262M reads 
[16:41:32] Read1: loaded 262M reads 
[16:41:32] Read2: loaded 263M reads 
[16:41:33] Read1: loaded 263M reads 
[16:41:33] Read2: loaded 264M reads 
[16:41:33] Read1: loaded 264M reads 
[16:41:34] Read2: loaded 265M reads 
[16:41:34] Read1: loaded 265M reads 
[16:41:34] Read2: loaded 266M reads 
[16:41:35] Read1: loaded 266M reads 
[16:41:35] Read2: loaded 267M reads 
[16:41:35] Read1: loaded 267M reads 
[16:41:36] Read2: loaded 268M reads 
[16:41:36] Read1: loaded 268M reads 
[16:41:36] Read2: loaded 269M reads 
[16:41:37] Read1: loaded 269M reads 
[16:41:37] Read2: loaded 270M reads 
[16:41:37] Read1: loaded 270M reads 
[16:41:38] Read2: loaded 271M reads 
[16:41:38] Read1: loaded 271M reads 
[16:41:38] Read2: loaded 272M reads 
[16:41:39] Read1: loaded 272M reads 
[16:41:39] Read2: loaded 273M reads 
[16:41:39] Read1: loaded 273M reads 
[16:41:40] Read2: loaded 274M reads 
[16:41:40] Read1: loaded 274M reads 
[16:41:40] Read2: loaded 275M reads 
[16:41:41] Read1: loaded 275M reads 
[16:41:41] Read2: loaded 276M reads 
[16:41:41] Read1: loaded 276M reads 
[16:41:42] Read2: loaded 277M reads 
[16:41:42] Read1: loaded 277M reads 
[16:41:42] Read2: loaded 278M reads 
[16:41:43] Read1: loaded 278M reads 
[16:41:43] Read2: loaded 279M reads 
[16:41:43] Read1: loaded 279M reads 
[16:41:44] Read2: loaded 280M reads 
[16:41:44] Read1: loaded 280M reads 
[16:41:44] Read2: loaded 281M reads 
[16:41:45] Read1: loaded 281M reads 
[16:41:45] Read2: loaded 282M reads 
[16:41:45] Read1: loaded 282M reads 
[16:41:46] Read2: loaded 283M reads 
[16:41:46] Read1: loaded 283M reads 
[16:41:46] Read2: loaded 284M reads 
[16:41:47] Read1: loaded 284M reads 
[16:41:47] Read2: loaded 285M reads 
[16:41:47] Read1: loaded 285M reads 
[16:41:48] Read2: loaded 286M reads 
[16:41:48] Read1: loaded 286M reads 
[16:41:48] Read2: loaded 287M reads 
[16:41:49] Read1: loaded 287M reads 
[16:41:49] Read2: loaded 288M reads 
[16:41:49] Read1: loaded 288M reads 
[16:41:50] Read2: loaded 289M reads 
[16:41:50] Read1: loaded 289M reads 
[16:41:50] Read2: loaded 290M reads 
[16:41:51] Read1: loaded 290M reads 
[16:41:51] Read2: loaded 291M reads 
[16:41:51] Read1: loaded 291M reads 
[16:41:52] Read2: loaded 292M reads 
[16:41:52] Read1: loaded 292M reads 
[16:41:52] Read2: loaded 293M reads 
[16:41:53] Read1: loaded 293M reads 
[16:41:53] Read2: loaded 294M reads 
[16:41:53] Read1: loaded 294M reads 
[16:41:54] Read2: loaded 295M reads 
[16:41:54] Read1: loaded 295M reads 
[16:41:55] Read2: loaded 296M reads 
[16:41:55] Read1: loaded 296M reads 
[16:41:55] Read2: loaded 297M reads 
[16:41:55] Read1: loaded 297M reads 
[16:41:56] Read2: loaded 298M reads 
[16:41:56] Read1: loaded 298M reads 
[16:41:57] Read2: loaded 299M reads 
[16:41:57] Read1: loaded 299M reads 
[16:41:57] Read2: loaded 300M reads 
[16:41:57] Read1: loaded 300M reads 
[16:41:58] Read2: loaded 301M reads 
[16:41:58] Read1: loaded 301M reads 
[16:41:59] Read2: loaded 302M reads 
[16:41:59] Read1: loaded 302M reads 
[16:41:59] Read2: loaded 303M reads 
[16:42:00] Read1: loaded 303M reads 
[16:42:00] Read2: loaded 304M reads 
[16:42:00] Read1: loaded 304M reads 
[16:42:01] Read2: loaded 305M reads 
[16:42:01] Read1: loaded 305M reads 
[16:42:01] Read2: loaded 306M reads 
[16:42:02] Read1: loaded 306M reads 
[16:42:02] Read2: loaded 307M reads 
[16:42:02] Read1: loaded 307M reads 
[16:42:03] Read2: loaded 308M reads 
[16:42:03] Read1: loaded 308M reads 
[16:42:03] Read2: loaded 309M reads 
[16:42:03] Read1: loaded 309M reads 
[16:42:04] Read2: loaded 310M reads 
[16:42:04] Read1: loaded 310M reads 
[16:42:05] Read2: loaded 311M reads 
[16:42:05] Read1: loaded 311M reads 
[16:42:05] Read2: loaded 312M reads 
[16:42:05] Read1: loaded 312M reads 
[16:42:06] Read2: loaded 313M reads 
[16:42:06] Read1: loaded 313M reads 
[16:42:07] Read2: loaded 314M reads 
[16:42:07] Read1: loaded 314M reads 
[16:42:07] Read2: loaded 315M reads 
[16:42:07] Read1: loaded 315M reads 
[16:42:08] Read2: loaded 316M reads 
[16:42:08] Read1: loaded 316M reads 
[16:42:09] Read2: loaded 317M reads 
[16:42:09] Read1: loaded 317M reads 
[16:42:09] Read2: loaded 318M reads 
[16:42:09] Read1: loaded 318M reads 
[16:42:10] Read2: loaded 319M reads 
[16:42:10] Read1: loaded 319M reads 
[16:42:11] Read2: loaded 320M reads 
[16:42:11] Read1: loaded 320M reads 
[16:42:11] Read2: loaded 321M reads 
[16:42:11] Read1: loaded 321M reads 
[16:42:12] Read2: loaded 322M reads 
[16:42:12] Read1: loaded 322M reads 
[16:42:13] Read2: loaded 323M reads 
[16:42:13] Read1: loaded 323M reads 
[16:42:13] Read2: loaded 324M reads 
[16:42:13] Read1: loaded 324M reads 
[16:42:14] Read2: loaded 325M reads 
[16:42:14] Read1: loaded 325M reads 
[16:42:15] Read2: loaded 326M reads 
[16:42:15] Read1: loaded 326M reads 
[16:42:15] Read2: loaded 327M reads 
[16:42:15] Read1: loaded 327M reads 
[16:42:16] Read2: loaded 328M reads 
[16:42:16] Read1: loaded 328M reads 
[16:42:17] Read2: loaded 329M reads 
[16:42:17] Read1: loaded 329M reads 
[16:42:17] Read2: loaded 330M reads 
[16:42:17] Read1: loaded 330M reads 
[16:42:18] Read2: loaded 331M reads 
[16:42:18] Read1: loaded 331M reads 
[16:42:19] Read2: loaded 332M reads 
[16:42:19] Read1: loaded 332M reads 
[16:42:19] Read2: loaded 333M reads 
[16:42:19] Read1: loaded 333M reads 
[16:42:20] Read2: loaded 334M reads 
[16:42:20] Read1: loaded 334M reads 
[16:42:21] Read2: loaded 335M reads 
[16:42:21] Read1: loaded 335M reads 
[16:42:21] Read2: loaded 336M reads 
[16:42:21] Read1: loaded 336M reads 
[16:42:22] Read2: loaded 337M reads 
[16:42:22] Read1: loaded 337M reads 
[16:42:23] Read2: loaded 338M reads 
[16:42:23] Read1: loaded 338M reads 
[16:42:23] Read2: loaded 339M reads 
[16:42:23] Read1: loaded 339M reads 
[16:42:24] Read2: loaded 340M reads 
[16:42:24] Read1: loaded 340M reads 
[16:42:25] Read2: loaded 341M reads 
[16:42:25] Read1: loaded 341M reads 
[16:42:25] Read2: loaded 342M reads 
[16:42:25] Read1: loaded 342M reads 
[16:42:26] Read2: loaded 343M reads 
[16:42:26] Read1: loaded 343M reads 
[16:42:27] Read2: loaded 344M reads 
[16:42:27] Read1: loaded 344M reads 
[16:42:27] Read2: loaded 345M reads 
[16:42:27] Read1: loaded 345M reads 
[16:42:28] Read2: loaded 346M reads 
[16:42:28] Read1: loaded 346M reads 
[16:42:29] Read2: loaded 347M reads 
[16:42:29] Read1: loaded 347M reads 
[16:42:29] Read2: loaded 348M reads 
[16:42:29] Read1: loaded 348M reads 
[16:42:30] Read2: loaded 349M reads 
[16:42:30] Read1: loaded 349M reads 
[16:42:31] Read2: loaded 350M reads 
[16:42:31] Read1: loaded 350M reads 
[16:42:31] Read2: loaded 351M reads 
[16:42:31] Read1: loaded 351M reads 
[16:42:32] Read2: loaded 352M reads 
[16:42:32] Read1: loaded 352M reads 
[16:42:33] Read2: loaded 353M reads 
[16:42:33] Read1: loaded 353M reads 
[16:42:33] Read2: loaded 354M reads 
[16:42:33] Read1: loaded 354M reads 
[16:42:34] Read2: loaded 355M reads 
[16:42:34] Read1: loaded 355M reads 
[16:42:35] Read2: loaded 356M reads 
[16:42:35] Read1: loaded 356M reads 
[16:42:35] Read2: loaded 357M reads 
[16:42:35] Read1: loaded 357M reads 
[16:42:36] Read2: loaded 358M reads 
[16:42:36] Read1: loaded 358M reads 
[16:42:37] Read2: loaded 359M reads 
[16:42:37] Read1: loaded 359M reads 
[16:42:37] Read2: loaded 360M reads 
[16:42:37] Read1: loaded 360M reads 
[16:42:38] Read2: loaded 361M reads 
[16:42:38] Read2: loading completed with 44102 packs 
[16:42:38] Read1: loaded 361M reads 
[16:42:38] Read1: loading completed with 44102 packs 
[16:42:38] [fastp 1.3.3-d0bromir] Stage: loading (238617 ms) 
[16:42:38] [fastp 1.3.3-d0bromir] Stage: filtering 
[16:42:38] thread 1 data processing completed 
[16:42:38] thread 1 finished 
[16:42:38] thread 14 data processing completed 
[16:42:38] thread 14 finished 
[16:42:38] thread 16 data processing completed 
[16:42:38] thread 16 finished 
[16:42:38] thread 15 data processing completed 
[16:42:38] thread 15 finished 
[16:42:38] thread 7 data processing completed 
[16:42:38] thread 7 finished 
[16:42:38] thread 2 data processing completed 
[16:42:38] thread 2 finished 
[16:42:38] thread 11 data processing completed 
[16:42:38] thread 11 finished 
[16:42:38] thread 10 data processing completed 
[16:42:38] thread 10 finished 
[16:42:38] thread 3 data processing completed 
[16:42:38] thread 3 finished 
[16:42:38] thread 12 data processing completed 
[16:42:38] thread 12 finished 
[16:42:38] thread 13 data processing completed 
[16:42:38] thread 13 finished 
[16:42:38] thread 8 data processing completed 
[16:42:38] thread 8 finished 
[16:42:38] thread 6 data processing completed 
[16:42:38] thread 6 finished 
[16:42:38] thread 9 data processing completed 
[16:42:38] thread 9 finished 
[16:42:38] thread 5 data processing completed 
[16:42:38] thread 5 finished 
[16:42:38] thread 4 data processing completed 
[16:42:38] thread 4 finished 
[16:42:38] [fastp 1.3.3-d0bromir] Stage: filtering (109 ms) 
[16:42:38] [fastp 1.3.3-d0bromir] Stage: writing 
[16:42:38] /dev/shm/fastp_bench_Omtcqs_R2.fq.gz writer finished 
[16:42:38] /dev/shm/fastp_bench_uOfdsV_R1.fq.gz writer finished 
[16:42:38] [fastp 1.3.3-d0bromir] Stage: writing (26 ms) 
[16:42:38] start to generate reports
 
Read1 before filtering:
total reads: 361281611
total bases: 54192241650
Q20 bases: 54123398100(99.873%)
Q30 bases: 54123398100(99.873%)
Q40 bases: 0(0%)

Read2 before filtering:
total reads: 361281611
total bases: 54192241650
Q20 bases: 53855170050(99.378%)
Q30 bases: 53855170050(99.378%)
Q40 bases: 0(0%)

Read1 after filtering:
total reads: 358607374
total bases: 53574361382
Q20 bases: 53574361382(100%)
Q30 bases: 53574361382(100%)
Q40 bases: 0(0%)

Read2 after filtering:
total reads: 358607374
total bases: 53574361382
Q20 bases: 53574361382(100%)
Q30 bases: 53574361382(100%)
Q40 bases: 0(0%)

Filtering result:
reads passed filter: 717214748
reads failed due to low quality: 5328396
reads failed due to too many N: 20078
reads failed due to too short: 0
reads failed due to adapter dimer: 0
reads with adapter trimmed: 9627740
bases trimmed due to adapters: 442711160

Duplication rate: 5.60214%

Insert size peak (evaluated by paired-end reads): 269

JSON report: /dev/shm/fastp_bench_OnWzNp.json
HTML report: /dev/null

/home/mpiuser/bioauto_rev/fastp_d0bromir/fastp-cpu -w 16 -j /dev/shm/fastp_bench_OnWzNp.json -h /dev/null --verbose -i /home/mpiuser/FASTQ/WGS/DRR216653_1.fastq.gz -I /home/mpiuser/FASTQ/WGS/DRR216653_2.fastq.gz -o /dev/shm/fastp_bench_uOfdsV_R1.fq.gz -O /dev/shm/fastp_bench_Omtcqs_R2.fq.gz 
fastp v1.3.3-d0bromir, time used: 241 seconds
================================================================

================================================================
 Application  : d0bromir_gpu (/home/mpiuser/bioauto_rev/fastp_d0bromir/fastp)
 Dataset      : WGS PE 40G (DRR216653 R1+R2)
 Files        : R1=/home/mpiuser/FASTQ/WGS/DRR216653_1.fastq.gz
               R2=/home/mpiuser/FASTQ/WGS/DRR216653_2.fastq.gz
 Type         : PE
 Threads      : 16
 Wall time    : 241.985 s
 reads_in     : 722563222
 reads_out    : 717214748
 vs_opengene  : N/A
--- Resource usage ---
 CPU avg/peak : 2823.9% / 3455.5%
 RSS peak     : 2963 MiB
 GPU util a/p : 30.2% / 62.0%
 GPU mem peak : 1360 MiB
 Sample CSV   : /home/mpiuser/bioauto_rev/fastp_d0bromir/benchmark_results/20261004_162601/resources/resource_WGS_PE_40G_d0bromir_gpu_T16_1791132165.csv
--- Profiling output ---
[16:42:45] fastp 1.3.3-d0bromir starting 
[16:42:45] [GPU] CUDA GPU available (Device 0) - statistics GPU-accelerated (slots=8) 
[16:42:45] [fastp 1.3.3-d0bromir] Stage: loading 
[16:42:45] start to load data of read1 
[16:42:45] start to load data of read2 
[16:42:45] [GPU] CUDA GPU available (Device 1) - statistics GPU-accelerated (slots=8) 
[16:42:45] [GPU] Dual-GPU mode: Device 0 + Device 1 active 
[16:42:46] Read2: loaded 1M reads 
[16:42:46] Read1: loaded 1M reads 
[16:42:47] Read2: loaded 2M reads 
[16:42:47] Read1: loaded 2M reads 
[16:42:47] Read2: loaded 3M reads 
[16:42:47] Read1: loaded 3M reads 
[16:42:48] Read2: loaded 4M reads 
[16:42:48] Read1: loaded 4M reads 
[16:42:49] Read2: loaded 5M reads 
[16:42:49] Read1: loaded 5M reads 
[16:42:49] Read2: loaded 6M reads 
[16:42:49] Read1: loaded 6M reads 
[16:42:50] Read2: loaded 7M reads 
[16:42:50] Read1: loaded 7M reads 
[16:42:51] Read2: loaded 8M reads 
[16:42:51] Read1: loaded 8M reads 
[16:42:51] Read2: loaded 9M reads 
[16:42:51] Read1: loaded 9M reads 
[16:42:52] Read2: loaded 10M reads 
[16:42:52] Read1: loaded 10M reads 
[16:42:53] Read2: loaded 11M reads 
[16:42:53] Read1: loaded 11M reads 
[16:42:53] Read2: loaded 12M reads 
[16:42:53] Read1: loaded 12M reads 
[16:42:54] Read2: loaded 13M reads 
[16:42:54] Read1: loaded 13M reads 
[16:42:55] Read2: loaded 14M reads 
[16:42:55] Read1: loaded 14M reads 
[16:42:55] Read2: loaded 15M reads 
[16:42:55] Read1: loaded 15M reads 
[16:42:56] Read2: loaded 16M reads 
[16:42:56] Read1: loaded 16M reads 
[16:42:56] Read2: loaded 17M reads 
[16:42:56] Read1: loaded 17M reads 
[16:42:57] Read2: loaded 18M reads 
[16:42:57] Read1: loaded 18M reads 
[16:42:58] Read2: loaded 19M reads 
[16:42:58] Read1: loaded 19M reads 
[16:42:58] Read2: loaded 20M reads 
[16:42:58] Read1: loaded 20M reads 
[16:42:59] Read2: loaded 21M reads 
[16:42:59] Read1: loaded 21M reads 
[16:43:00] Read2: loaded 22M reads 
[16:43:00] Read1: loaded 22M reads 
[16:43:00] Read1: loaded 23M reads 
[16:43:00] Read2: loaded 23M reads 
[16:43:01] Read2: loaded 24M reads 
[16:43:01] Read1: loaded 24M reads 
[16:43:02] Read2: loaded 25M reads 
[16:43:02] Read1: loaded 25M reads 
[16:43:02] Read1: loaded 26M reads 
[16:43:02] Read2: loaded 26M reads 
[16:43:03] Read1: loaded 27M reads 
[16:43:03] Read2: loaded 27M reads 
[16:43:04] Read1: loaded 28M reads 
[16:43:04] Read2: loaded 28M reads 
[16:43:04] Read1: loaded 29M reads 
[16:43:04] Read2: loaded 29M reads 
[16:43:05] Read1: loaded 30M reads 
[16:43:05] Read2: loaded 30M reads 
[16:43:06] Read1: loaded 31M reads 
[16:43:06] Read2: loaded 31M reads 
[16:43:06] Read1: loaded 32M reads 
[16:43:06] Read2: loaded 32M reads 
[16:43:07] Read1: loaded 33M reads 
[16:43:07] Read2: loaded 33M reads 
[16:43:08] Read1: loaded 34M reads 
[16:43:08] Read2: loaded 34M reads 
[16:43:08] Read1: loaded 35M reads 
[16:43:08] Read2: loaded 35M reads 
[16:43:09] Read1: loaded 36M reads 
[16:43:09] Read2: loaded 36M reads 
[16:43:10] Read1: loaded 37M reads 
[16:43:10] Read2: loaded 37M reads 
[16:43:10] Read1: loaded 38M reads 
[16:43:10] Read2: loaded 38M reads 
[16:43:11] Read2: loaded 39M reads 
[16:43:11] Read1: loaded 39M reads 
[16:43:11] Read2: loaded 40M reads 
[16:43:11] Read1: loaded 40M reads 
[16:43:12] Read2: loaded 41M reads 
[16:43:12] Read1: loaded 41M reads 
[16:43:13] Read2: loaded 42M reads 
[16:43:13] Read1: loaded 42M reads 
[16:43:13] Read2: loaded 43M reads 
[16:43:13] Read1: loaded 43M reads 
[16:43:14] Read2: loaded 44M reads 
[16:43:14] Read1: loaded 44M reads 
[16:43:15] Read2: loaded 45M reads 
[16:43:15] Read1: loaded 45M reads 
[16:43:15] Read2: loaded 46M reads 
[16:43:15] Read1: loaded 46M reads 
[16:43:16] Read2: loaded 47M reads 
[16:43:16] Read1: loaded 47M reads 
[16:43:17] Read2: loaded 48M reads 
[16:43:17] Read1: loaded 48M reads 
[16:43:17] Read2: loaded 49M reads 
[16:43:17] Read1: loaded 49M reads 
[16:43:18] Read2: loaded 50M reads 
[16:43:18] Read1: loaded 50M reads 
[16:43:19] Read2: loaded 51M reads 
[16:43:19] Read1: loaded 51M reads 
[16:43:19] Read2: loaded 52M reads 
[16:43:19] Read1: loaded 52M reads 
[16:43:20] Read2: loaded 53M reads 
[16:43:20] Read1: loaded 53M reads 
[16:43:21] Read2: loaded 54M reads 
[16:43:21] Read1: loaded 54M reads 
[16:43:21] Read2: loaded 55M reads 
[16:43:21] Read1: loaded 55M reads 
[16:43:22] Read2: loaded 56M reads 
[16:43:22] Read1: loaded 56M reads 
[16:43:22] Read2: loaded 57M reads 
[16:43:23] Read1: loaded 57M reads 
[16:43:23] Read2: loaded 58M reads 
[16:43:23] Read1: loaded 58M reads 
[16:43:24] Read2: loaded 59M reads 
[16:43:24] Read1: loaded 59M reads 
[16:43:24] Read2: loaded 60M reads 
[16:43:24] Read1: loaded 60M reads 
[16:43:25] Read2: loaded 61M reads 
[16:43:25] Read1: loaded 61M reads 
[16:43:26] Read2: loaded 62M reads 
[16:43:26] Read1: loaded 62M reads 
[16:43:26] Read2: loaded 63M reads 
[16:43:26] Read1: loaded 63M reads 
[16:43:27] Read2: loaded 64M reads 
[16:43:27] Read1: loaded 64M reads 
[16:43:28] Read2: loaded 65M reads 
[16:43:28] Read1: loaded 65M reads 
[16:43:28] Read2: loaded 66M reads 
[16:43:28] Read1: loaded 66M reads 
[16:43:29] Read2: loaded 67M reads 
[16:43:29] Read1: loaded 67M reads 
[16:43:30] Read2: loaded 68M reads 
[16:43:30] Read1: loaded 68M reads 
[16:43:30] Read2: loaded 69M reads 
[16:43:30] Read1: loaded 69M reads 
[16:43:31] Read2: loaded 70M reads 
[16:43:31] Read1: loaded 70M reads 
[16:43:32] Read2: loaded 71M reads 
[16:43:32] Read1: loaded 71M reads 
[16:43:32] Read2: loaded 72M reads 
[16:43:32] Read1: loaded 72M reads 
[16:43:33] Read1: loaded 73M reads 
[16:43:33] Read2: loaded 73M reads 
[16:43:34] Read1: loaded 74M reads 
[16:43:34] Read2: loaded 74M reads 
[16:43:34] Read1: loaded 75M reads 
[16:43:34] Read2: loaded 75M reads 
[16:43:35] Read1: loaded 76M reads 
[16:43:35] Read2: loaded 76M reads 
[16:43:36] Read1: loaded 77M reads 
[16:43:36] Read2: loaded 77M reads 
[16:43:36] Read1: loaded 78M reads 
[16:43:36] Read2: loaded 78M reads 
[16:43:37] Read1: loaded 79M reads 
[16:43:37] Read2: loaded 79M reads 
[16:43:38] Read1: loaded 80M reads 
[16:43:38] Read2: loaded 80M reads 
[16:43:38] Read1: loaded 81M reads 
[16:43:38] Read2: loaded 81M reads 
[16:43:39] Read1: loaded 82M reads 
[16:43:39] Read2: loaded 82M reads 
[16:43:39] Read1: loaded 83M reads 
[16:43:39] Read2: loaded 83M reads 
[16:43:40] Read1: loaded 84M reads 
[16:43:40] Read2: loaded 84M reads 
[16:43:41] Read1: loaded 85M reads 
[16:43:41] Read2: loaded 85M reads 
[16:43:41] Read1: loaded 86M reads 
[16:43:41] Read2: loaded 86M reads 
[16:43:42] Read1: loaded 87M reads 
[16:43:42] Read2: loaded 87M reads 
[16:43:43] Read2: loaded 88M reads 
[16:43:43] Read1: loaded 88M reads 
[16:43:43] Read1: loaded 89M reads 
[16:43:43] Read2: loaded 89M reads 
[16:43:44] Read1: loaded 90M reads 
[16:43:44] Read2: loaded 90M reads 
[16:43:45] Read1: loaded 91M reads 
[16:43:45] Read2: loaded 91M reads 
[16:43:45] Read1: loaded 92M reads 
[16:43:45] Read2: loaded 92M reads 
[16:43:46] Read1: loaded 93M reads 
[16:43:46] Read2: loaded 93M reads 
[16:43:47] Read1: loaded 94M reads 
[16:43:47] Read2: loaded 94M reads 
[16:43:47] Read1: loaded 95M reads 
[16:43:47] Read2: loaded 95M reads 
[16:43:48] Read1: loaded 96M reads 
[16:43:48] Read2: loaded 96M reads 
[16:43:49] Read1: loaded 97M reads 
[16:43:49] Read2: loaded 97M reads 
[16:43:49] Read1: loaded 98M reads 
[16:43:49] Read2: loaded 98M reads 
[16:43:50] Read1: loaded 99M reads 
[16:43:50] Read2: loaded 99M reads 
[16:43:51] Read1: loaded 100M reads 
[16:43:51] Read2: loaded 100M reads 
[16:43:51] Read1: loaded 101M reads 
[16:43:52] Read2: loaded 101M reads 
[16:43:52] Read1: loaded 102M reads 
[16:43:52] Read2: loaded 102M reads 
[16:43:53] Read1: loaded 103M reads 
[16:43:53] Read2: loaded 103M reads 
[16:43:53] Read1: loaded 104M reads 
[16:43:54] Read2: loaded 104M reads 
[16:43:54] Read1: loaded 105M reads 
[16:43:54] Read2: loaded 105M reads 
[16:43:55] Read1: loaded 106M reads 
[16:43:55] Read2: loaded 106M reads 
[16:43:55] Read1: loaded 107M reads 
[16:43:55] Read2: loaded 107M reads 
[16:43:56] Read1: loaded 108M reads 
[16:43:56] Read2: loaded 108M reads 
[16:43:57] Read1: loaded 109M reads 
[16:43:57] Read2: loaded 109M reads 
[16:43:57] Read1: loaded 110M reads 
[16:43:57] Read2: loaded 110M reads 
[16:43:58] Read1: loaded 111M reads 
[16:43:58] Read2: loaded 111M reads 
[16:43:59] Read1: loaded 112M reads 
[16:43:59] Read2: loaded 112M reads 
[16:43:59] Read1: loaded 113M reads 
[16:43:59] Read2: loaded 113M reads 
[16:44:00] Read1: loaded 114M reads 
[16:44:00] Read2: loaded 114M reads 
[16:44:01] Read1: loaded 115M reads 
[16:44:01] Read2: loaded 115M reads 
[16:44:01] Read1: loaded 116M reads 
[16:44:01] Read2: loaded 116M reads 
[16:44:02] Read1: loaded 117M reads 
[16:44:02] Read2: loaded 117M reads 
[16:44:02] Read1: loaded 118M reads 
[16:44:03] Read2: loaded 118M reads 
[16:44:03] Read1: loaded 119M reads 
[16:44:03] Read2: loaded 119M reads 
[16:44:04] Read1: loaded 120M reads 
[16:44:04] Read2: loaded 120M reads 
[16:44:04] Read1: loaded 121M reads 
[16:44:05] Read2: loaded 121M reads 
[16:44:05] Read1: loaded 122M reads 
[16:44:05] Read2: loaded 122M reads 
[16:44:06] Read1: loaded 123M reads 
[16:44:06] Read2: loaded 123M reads 
[16:44:06] Read1: loaded 124M reads 
[16:44:07] Read2: loaded 124M reads 
[16:44:07] Read1: loaded 125M reads 
[16:44:07] Read2: loaded 125M reads 
[16:44:08] Read1: loaded 126M reads 
[16:44:08] Read2: loaded 126M reads 
[16:44:08] Read1: loaded 127M reads 
[16:44:09] Read2: loaded 127M reads 
[16:44:09] Read1: loaded 128M reads 
[16:44:09] Read2: loaded 128M reads 
[16:44:10] Read1: loaded 129M reads 
[16:44:10] Read2: loaded 129M reads 
[16:44:10] Read1: loaded 130M reads 
[16:44:11] Read2: loaded 130M reads 
[16:44:11] Read1: loaded 131M reads 
[16:44:11] Read2: loaded 131M reads 
[16:44:12] Read1: loaded 132M reads 
[16:44:12] Read2: loaded 132M reads 
[16:44:12] Read1: loaded 133M reads 
[16:44:13] Read2: loaded 133M reads 
[16:44:13] Read1: loaded 134M reads 
[16:44:13] Read2: loaded 134M reads 
[16:44:14] Read1: loaded 135M reads 
[16:44:14] Read2: loaded 135M reads 
[16:44:14] Read1: loaded 136M reads 
[16:44:14] Read2: loaded 136M reads 
[16:44:15] Read1: loaded 137M reads 
[16:44:15] Read2: loaded 137M reads 
[16:44:16] Read1: loaded 138M reads 
[16:44:16] Read2: loaded 138M reads 
[16:44:16] Read1: loaded 139M reads 
[16:44:16] Read2: loaded 139M reads 
[16:44:17] Read1: loaded 140M reads 
[16:44:17] Read2: loaded 140M reads 
[16:44:18] Read1: loaded 141M reads 
[16:44:18] Read2: loaded 141M reads 
[16:44:18] Read1: loaded 142M reads 
[16:44:18] Read2: loaded 142M reads 
[16:44:19] Read1: loaded 143M reads 
[16:44:19] Read2: loaded 143M reads 
[16:44:20] Read1: loaded 144M reads 
[16:44:20] Read2: loaded 144M reads 
[16:44:20] Read1: loaded 145M reads 
[16:44:20] Read2: loaded 145M reads 
[16:44:21] Read1: loaded 146M reads 
[16:44:21] Read2: loaded 146M reads 
[16:44:21] Read1: loaded 147M reads 
[16:44:22] Read2: loaded 147M reads 
[16:44:22] Read1: loaded 148M reads 
[16:44:22] Read2: loaded 148M reads 
[16:44:23] Read1: loaded 149M reads 
[16:44:23] Read2: loaded 149M reads 
[16:44:23] Read1: loaded 150M reads 
[16:44:24] Read2: loaded 150M reads 
[16:44:24] Read1: loaded 151M reads 
[16:44:24] Read2: loaded 151M reads 
[16:44:25] Read1: loaded 152M reads 
[16:44:25] Read2: loaded 152M reads 
[16:44:25] Read1: loaded 153M reads 
[16:44:26] Read2: loaded 153M reads 
[16:44:26] Read1: loaded 154M reads 
[16:44:26] Read2: loaded 154M reads 
[16:44:27] Read1: loaded 155M reads 
[16:44:27] Read2: loaded 155M reads 
[16:44:27] Read1: loaded 156M reads 
[16:44:28] Read2: loaded 156M reads 
[16:44:28] Read1: loaded 157M reads 
[16:44:28] Read2: loaded 157M reads 
[16:44:29] Read1: loaded 158M reads 
[16:44:29] Read2: loaded 158M reads 
[16:44:29] Read1: loaded 159M reads 
[16:44:30] Read2: loaded 159M reads 
[16:44:30] Read1: loaded 160M reads 
[16:44:30] Read2: loaded 160M reads 
[16:44:31] Read1: loaded 161M reads 
[16:44:31] Read2: loaded 161M reads 
[16:44:31] Read1: loaded 162M reads 
[16:44:32] Read2: loaded 162M reads 
[16:44:32] Read1: loaded 163M reads 
[16:44:32] Read2: loaded 163M reads 
[16:44:33] Read1: loaded 164M reads 
[16:44:33] Read2: loaded 164M reads 
[16:44:33] Read1: loaded 165M reads 
[16:44:34] Read2: loaded 165M reads 
[16:44:34] Read1: loaded 166M reads 
[16:44:34] Read2: loaded 166M reads 
[16:44:35] Read1: loaded 167M reads 
[16:44:35] Read2: loaded 167M reads 
[16:44:35] Read1: loaded 168M reads 
[16:44:36] Read2: loaded 168M reads 
[16:44:36] Read1: loaded 169M reads 
[16:44:36] Read2: loaded 169M reads 
[16:44:37] Read1: loaded 170M reads 
[16:44:37] Read2: loaded 170M reads 
[16:44:37] Read1: loaded 171M reads 
[16:44:38] Read2: loaded 171M reads 
[16:44:38] Read1: loaded 172M reads 
[16:44:38] Read2: loaded 172M reads 
[16:44:39] Read1: loaded 173M reads 
[16:44:39] Read2: loaded 173M reads 
[16:44:39] Read1: loaded 174M reads 
[16:44:40] Read2: loaded 174M reads 
[16:44:40] Read1: loaded 175M reads 
[16:44:40] Read2: loaded 175M reads 
[16:44:41] Read1: loaded 176M reads 
[16:44:41] Read2: loaded 176M reads 
[16:44:41] Read1: loaded 177M reads 
[16:44:42] Read2: loaded 177M reads 
[16:44:42] Read1: loaded 178M reads 
[16:44:42] Read2: loaded 178M reads 
[16:44:43] Read1: loaded 179M reads 
[16:44:43] Read2: loaded 179M reads 
[16:44:43] Read1: loaded 180M reads 
[16:44:44] Read2: loaded 180M reads 
[16:44:44] Read1: loaded 181M reads 
[16:44:44] Read2: loaded 181M reads 
[16:44:45] Read1: loaded 182M reads 
[16:44:45] Read2: loaded 182M reads 
[16:44:45] Read1: loaded 183M reads 
[16:44:46] Read2: loaded 183M reads 
[16:44:46] Read1: loaded 184M reads 
[16:44:46] Read2: loaded 184M reads 
[16:44:47] Read1: loaded 185M reads 
[16:44:47] Read2: loaded 185M reads 
[16:44:47] Read1: loaded 186M reads 
[16:44:48] Read2: loaded 186M reads 
[16:44:48] Read1: loaded 187M reads 
[16:44:48] Read2: loaded 187M reads 
[16:44:49] Read1: loaded 188M reads 
[16:44:49] Read2: loaded 188M reads 
[16:44:49] Read1: loaded 189M reads 
[16:44:49] Read2: loaded 189M reads 
[16:44:50] Read1: loaded 190M reads 
[16:44:50] Read2: loaded 190M reads 
[16:44:51] Read1: loaded 191M reads 
[16:44:51] Read2: loaded 191M reads 
[16:44:51] Read1: loaded 192M reads 
[16:44:51] Read2: loaded 192M reads 
[16:44:52] Read1: loaded 193M reads 
[16:44:52] Read2: loaded 193M reads 
[16:44:53] Read1: loaded 194M reads 
[16:44:53] Read2: loaded 194M reads 
[16:44:53] Read1: loaded 195M reads 
[16:44:53] Read2: loaded 195M reads 
[16:44:54] Read1: loaded 196M reads 
[16:44:54] Read2: loaded 196M reads 
[16:44:55] Read1: loaded 197M reads 
[16:44:55] Read2: loaded 197M reads 
[16:44:55] Read1: loaded 198M reads 
[16:44:55] Read2: loaded 198M reads 
[16:44:56] Read1: loaded 199M reads 
[16:44:56] Read2: loaded 199M reads 
[16:44:57] Read1: loaded 200M reads 
[16:44:57] Read2: loaded 200M reads 
[16:44:57] Read1: loaded 201M reads 
[16:44:57] Read2: loaded 201M reads 
[16:44:58] Read1: loaded 202M reads 
[16:44:58] Read2: loaded 202M reads 
[16:44:59] Read1: loaded 203M reads 
[16:44:59] Read2: loaded 203M reads 
[16:44:59] Read1: loaded 204M reads 
[16:44:59] Read2: loaded 204M reads 
[16:45:00] Read1: loaded 205M reads 
[16:45:00] Read2: loaded 205M reads 
[16:45:00] Read1: loaded 206M reads 
[16:45:01] Read2: loaded 206M reads 
[16:45:01] Read1: loaded 207M reads 
[16:45:01] Read2: loaded 207M reads 
[16:45:02] Read1: loaded 208M reads 
[16:45:02] Read2: loaded 208M reads 
[16:45:02] Read1: loaded 209M reads 
[16:45:03] Read2: loaded 209M reads 
[16:45:03] Read1: loaded 210M reads 
[16:45:03] Read2: loaded 210M reads 
[16:45:04] Read1: loaded 211M reads 
[16:45:04] Read2: loaded 211M reads 
[16:45:04] Read1: loaded 212M reads 
[16:45:05] Read2: loaded 212M reads 
[16:45:05] Read1: loaded 213M reads 
[16:45:05] Read2: loaded 213M reads 
[16:45:06] Read1: loaded 214M reads 
[16:45:06] Read2: loaded 214M reads 
[16:45:06] Read1: loaded 215M reads 
[16:45:07] Read2: loaded 215M reads 
[16:45:07] Read1: loaded 216M reads 
[16:45:07] Read2: loaded 216M reads 
[16:45:08] Read1: loaded 217M reads 
[16:45:08] Read2: loaded 217M reads 
[16:45:08] Read1: loaded 218M reads 
[16:45:09] Read2: loaded 218M reads 
[16:45:09] Read1: loaded 219M reads 
[16:45:09] Read2: loaded 219M reads 
[16:45:10] Read1: loaded 220M reads 
[16:45:10] Read2: loaded 220M reads 
[16:45:10] Read1: loaded 221M reads 
[16:45:11] Read2: loaded 221M reads 
[16:45:11] Read1: loaded 222M reads 
[16:45:11] Read2: loaded 222M reads 
[16:45:12] Read1: loaded 223M reads 
[16:45:12] Read2: loaded 223M reads 
[16:45:12] Read1: loaded 224M reads 
[16:45:13] Read2: loaded 224M reads 
[16:45:13] Read1: loaded 225M reads 
[16:45:13] Read2: loaded 225M reads 
[16:45:14] Read1: loaded 226M reads 
[16:45:14] Read2: loaded 226M reads 
[16:45:14] Read1: loaded 227M reads 
[16:45:15] Read2: loaded 227M reads 
[16:45:15] Read1: loaded 228M reads 
[16:45:15] Read2: loaded 228M reads 
[16:45:16] Read1: loaded 229M reads 
[16:45:16] Read2: loaded 229M reads 
[16:45:16] Read1: loaded 230M reads 
[16:45:17] Read2: loaded 230M reads 
[16:45:17] Read1: loaded 231M reads 
[16:45:17] Read2: loaded 231M reads 
[16:45:18] Read1: loaded 232M reads 
[16:45:18] Read2: loaded 232M reads 
[16:45:18] Read1: loaded 233M reads 
[16:45:19] Read2: loaded 233M reads 
[16:45:19] Read1: loaded 234M reads 
[16:45:19] Read2: loaded 234M reads 
[16:45:20] Read1: loaded 235M reads 
[16:45:20] Read2: loaded 235M reads 
[16:45:20] Read1: loaded 236M reads 
[16:45:21] Read2: loaded 236M reads 
[16:45:21] Read1: loaded 237M reads 
[16:45:21] Read2: loaded 237M reads 
[16:45:22] Read1: loaded 238M reads 
[16:45:22] Read2: loaded 238M reads 
[16:45:22] Read1: loaded 239M reads 
[16:45:23] Read2: loaded 239M reads 
[16:45:23] Read1: loaded 240M reads 
[16:45:23] Read2: loaded 240M reads 
[16:45:24] Read1: loaded 241M reads 
[16:45:24] Read2: loaded 241M reads 
[16:45:24] Read1: loaded 242M reads 
[16:45:25] Read2: loaded 242M reads 
[16:45:25] Read1: loaded 243M reads 
[16:45:25] Read2: loaded 243M reads 
[16:45:26] Read1: loaded 244M reads 
[16:45:26] Read2: loaded 244M reads 
[16:45:26] Read1: loaded 245M reads 
[16:45:27] Read2: loaded 245M reads 
[16:45:27] Read1: loaded 246M reads 
[16:45:27] Read2: loaded 246M reads 
[16:45:28] Read1: loaded 247M reads 
[16:45:28] Read2: loaded 247M reads 
[16:45:28] Read1: loaded 248M reads 
[16:45:29] Read2: loaded 248M reads 
[16:45:29] Read1: loaded 249M reads 
[16:45:29] Read2: loaded 249M reads 
[16:45:30] Read1: loaded 250M reads 
[16:45:30] Read2: loaded 250M reads 
[16:45:30] Read1: loaded 251M reads 
[16:45:31] Read2: loaded 251M reads 
[16:45:31] Read1: loaded 252M reads 
[16:45:31] Read2: loaded 252M reads 
[16:45:32] Read1: loaded 253M reads 
[16:45:32] Read2: loaded 253M reads 
[16:45:32] Read1: loaded 254M reads 
[16:45:33] Read2: loaded 254M reads 
[16:45:33] Read1: loaded 255M reads 
[16:45:33] Read2: loaded 255M reads 
[16:45:34] Read1: loaded 256M reads 
[16:45:34] Read2: loaded 256M reads 
[16:45:34] Read1: loaded 257M reads 
[16:45:35] Read2: loaded 257M reads 
[16:45:35] Read1: loaded 258M reads 
[16:45:35] Read2: loaded 258M reads 
[16:45:36] Read1: loaded 259M reads 
[16:45:36] Read2: loaded 259M reads 
[16:45:37] Read1: loaded 260M reads 
[16:45:37] Read2: loaded 260M reads 
[16:45:37] Read1: loaded 261M reads 
[16:45:38] Read2: loaded 261M reads 
[16:45:38] Read1: loaded 262M reads 
[16:45:38] Read2: loaded 262M reads 
[16:45:39] Read1: loaded 263M reads 
[16:45:39] Read2: loaded 263M reads 
[16:45:39] Read1: loaded 264M reads 
[16:45:40] Read2: loaded 264M reads 
[16:45:40] Read1: loaded 265M reads 
[16:45:40] Read2: loaded 265M reads 
[16:45:41] Read1: loaded 266M reads 
[16:45:41] Read2: loaded 266M reads 
[16:45:41] Read1: loaded 267M reads 
[16:45:42] Read2: loaded 267M reads 
[16:45:42] Read1: loaded 268M reads 
[16:45:42] Read2: loaded 268M reads 
[16:45:43] Read1: loaded 269M reads 
[16:45:43] Read2: loaded 269M reads 
[16:45:43] Read1: loaded 270M reads 
[16:45:44] Read2: loaded 270M reads 
[16:45:44] Read1: loaded 271M reads 
[16:45:44] Read2: loaded 271M reads 
[16:45:45] Read1: loaded 272M reads 
[16:45:45] Read2: loaded 272M reads 
[16:45:45] Read1: loaded 273M reads 
[16:45:46] Read2: loaded 273M reads 
[16:45:46] Read1: loaded 274M reads 
[16:45:46] Read2: loaded 274M reads 
[16:45:47] Read1: loaded 275M reads 
[16:45:47] Read2: loaded 275M reads 
[16:45:47] Read1: loaded 276M reads 
[16:45:48] Read2: loaded 276M reads 
[16:45:48] Read1: loaded 277M reads 
[16:45:48] Read2: loaded 277M reads 
[16:45:49] Read1: loaded 278M reads 
[16:45:49] Read2: loaded 278M reads 
[16:45:49] Read1: loaded 279M reads 
[16:45:50] Read2: loaded 279M reads 
[16:45:50] Read1: loaded 280M reads 
[16:45:50] Read2: loaded 280M reads 
[16:45:51] Read1: loaded 281M reads 
[16:45:51] Read2: loaded 281M reads 
[16:45:51] Read1: loaded 282M reads 
[16:45:52] Read2: loaded 282M reads 
[16:45:52] Read1: loaded 283M reads 
[16:45:52] Read2: loaded 283M reads 
[16:45:53] Read1: loaded 284M reads 
[16:45:53] Read2: loaded 284M reads 
[16:45:53] Read1: loaded 285M reads 
[16:45:54] Read2: loaded 285M reads 
[16:45:54] Read1: loaded 286M reads 
[16:45:54] Read2: loaded 286M reads 
[16:45:55] Read1: loaded 287M reads 
[16:45:55] Read2: loaded 287M reads 
[16:45:55] Read1: loaded 288M reads 
[16:45:56] Read2: loaded 288M reads 
[16:45:56] Read1: loaded 289M reads 
[16:45:56] Read2: loaded 289M reads 
[16:45:57] Read1: loaded 290M reads 
[16:45:57] Read2: loaded 290M reads 
[16:45:57] Read1: loaded 291M reads 
[16:45:58] Read2: loaded 291M reads 
[16:45:58] Read1: loaded 292M reads 
[16:45:58] Read2: loaded 292M reads 
[16:45:59] Read1: loaded 293M reads 
[16:45:59] Read2: loaded 293M reads 
[16:45:59] Read1: loaded 294M reads 
[16:46:00] Read2: loaded 294M reads 
[16:46:00] Read1: loaded 295M reads 
[16:46:00] Read2: loaded 295M reads 
[16:46:01] Read1: loaded 296M reads 
[16:46:01] Read2: loaded 296M reads 
[16:46:01] Read1: loaded 297M reads 
[16:46:02] Read2: loaded 297M reads 
[16:46:02] Read1: loaded 298M reads 
[16:46:02] Read2: loaded 298M reads 
[16:46:03] Read1: loaded 299M reads 
[16:46:03] Read2: loaded 299M reads 
[16:46:03] Read1: loaded 300M reads 
[16:46:04] Read2: loaded 300M reads 
[16:46:04] Read1: loaded 301M reads 
[16:46:04] Read2: loaded 301M reads 
[16:46:05] Read1: loaded 302M reads 
[16:46:05] Read2: loaded 302M reads 
[16:46:05] Read1: loaded 303M reads 
[16:46:06] Read2: loaded 303M reads 
[16:46:06] Read1: loaded 304M reads 
[16:46:06] Read2: loaded 304M reads 
[16:46:07] Read1: loaded 305M reads 
[16:46:07] Read2: loaded 305M reads 
[16:46:07] Read1: loaded 306M reads 
[16:46:08] Read2: loaded 306M reads 
[16:46:08] Read1: loaded 307M reads 
[16:46:08] Read2: loaded 307M reads 
[16:46:09] Read1: loaded 308M reads 
[16:46:09] Read2: loaded 308M reads 
[16:46:09] Read1: loaded 309M reads 
[16:46:10] Read2: loaded 309M reads 
[16:46:10] Read1: loaded 310M reads 
[16:46:10] Read2: loaded 310M reads 
[16:46:11] Read1: loaded 311M reads 
[16:46:11] Read2: loaded 311M reads 
[16:46:11] Read1: loaded 312M reads 
[16:46:12] Read2: loaded 312M reads 
[16:46:12] Read1: loaded 313M reads 
[16:46:12] Read2: loaded 313M reads 
[16:46:13] Read1: loaded 314M reads 
[16:46:13] Read2: loaded 314M reads 
[16:46:13] Read1: loaded 315M reads 
[16:46:14] Read2: loaded 315M reads 
[16:46:14] Read1: loaded 316M reads 
[16:46:14] Read2: loaded 316M reads 
[16:46:15] Read1: loaded 317M reads 
[16:46:15] Read2: loaded 317M reads 
[16:46:15] Read1: loaded 318M reads 
[16:46:16] Read2: loaded 318M reads 
[16:46:16] Read1: loaded 319M reads 
[16:46:16] Read2: loaded 319M reads 
[16:46:17] Read1: loaded 320M reads 
[16:46:17] Read2: loaded 320M reads 
[16:46:17] Read1: loaded 321M reads 
[16:46:18] Read2: loaded 321M reads 
[16:46:18] Read1: loaded 322M reads 
[16:46:18] Read2: loaded 322M reads 
[16:46:19] Read1: loaded 323M reads 
[16:46:19] Read2: loaded 323M reads 
[16:46:19] Read1: loaded 324M reads 
[16:46:20] Read2: loaded 324M reads 
[16:46:20] Read1: loaded 325M reads 
[16:46:20] Read2: loaded 325M reads 
[16:46:21] Read1: loaded 326M reads 
[16:46:21] Read2: loaded 326M reads 
[16:46:21] Read1: loaded 327M reads 
[16:46:22] Read2: loaded 327M reads 
[16:46:22] Read1: loaded 328M reads 
[16:46:22] Read2: loaded 328M reads 
[16:46:23] Read1: loaded 329M reads 
[16:46:23] Read2: loaded 329M reads 
[16:46:23] Read1: loaded 330M reads 
[16:46:24] Read2: loaded 330M reads 
[16:46:24] Read1: loaded 331M reads 
[16:46:24] Read2: loaded 331M reads 
[16:46:25] Read1: loaded 332M reads 
[16:46:25] Read2: loaded 332M reads 
[16:46:25] Read1: loaded 333M reads 
[16:46:26] Read2: loaded 333M reads 
[16:46:26] Read1: loaded 334M reads 
[16:46:26] Read2: loaded 334M reads 
[16:46:27] Read1: loaded 335M reads 
[16:46:27] Read2: loaded 335M reads 
[16:46:27] Read1: loaded 336M reads 
[16:46:28] Read2: loaded 336M reads 
[16:46:28] Read1: loaded 337M reads 
[16:46:28] Read2: loaded 337M reads 
[16:46:29] Read1: loaded 338M reads 
[16:46:29] Read2: loaded 338M reads 
[16:46:29] Read1: loaded 339M reads 
[16:46:30] Read2: loaded 339M reads 
[16:46:30] Read1: loaded 340M reads 
[16:46:30] Read2: loaded 340M reads 
[16:46:31] Read1: loaded 341M reads 
[16:46:31] Read2: loaded 341M reads 
[16:46:31] Read1: loaded 342M reads 
[16:46:32] Read2: loaded 342M reads 
[16:46:32] Read1: loaded 343M reads 
[16:46:32] Read2: loaded 343M reads 
[16:46:33] Read1: loaded 344M reads 
[16:46:33] Read2: loaded 344M reads 
[16:46:34] Read1: loaded 345M reads 
[16:46:34] Read2: loaded 345M reads 
[16:46:34] Read1: loaded 346M reads 
[16:46:34] Read2: loaded 346M reads 
[16:46:35] Read1: loaded 347M reads 
[16:46:35] Read2: loaded 347M reads 
[16:46:36] Read1: loaded 348M reads 
[16:46:36] Read2: loaded 348M reads 
[16:46:36] Read1: loaded 349M reads 
[16:46:36] Read2: loaded 349M reads 
[16:46:37] Read1: loaded 350M reads 
[16:46:37] Read2: loaded 350M reads 
[16:46:38] Read1: loaded 351M reads 
[16:46:38] Read2: loaded 351M reads 
[16:46:38] Read1: loaded 352M reads 
[16:46:38] Read2: loaded 352M reads 
[16:46:39] Read1: loaded 353M reads 
[16:46:39] Read2: loaded 353M reads 
[16:46:40] Read1: loaded 354M reads 
[16:46:40] Read2: loaded 354M reads 
[16:46:40] Read1: loaded 355M reads 
[16:46:41] Read2: loaded 355M reads 
[16:46:41] Read1: loaded 356M reads 
[16:46:41] Read2: loaded 356M reads 
[16:46:42] Read1: loaded 357M reads 
[16:46:42] Read2: loaded 357M reads 
[16:46:42] Read1: loaded 358M reads 
[16:46:43] Read2: loaded 358M reads 
[16:46:43] Read1: loaded 359M reads 
[16:46:43] Read2: loaded 359M reads 
[16:46:44] Read1: loaded 360M reads 
[16:46:44] Read2: loaded 360M reads 
[16:46:44] Read1: loaded 361M reads 
[16:46:44] Read1: loading completed with 44102 packs 
[16:46:45] Read2: loaded 361M reads 
[16:46:45] Read2: loading completed with 44102 packs 
[16:46:45] [fastp 1.3.3-d0bromir] Stage: loading (239491 ms) 
[16:46:45] [fastp 1.3.3-d0bromir] Stage: filtering 
[16:46:45] thread 13 data processing completed 
[16:46:45] thread 13 finished 
[16:46:45] thread 4 data processing completed 
[16:46:45] thread 4 finished 
[16:46:45] thread 7 data processing completed 
[16:46:45] thread 7 finished 
[16:46:45] thread 6 data processing completed 
[16:46:45] thread 6 finished 
[16:46:45] thread 14 data processing completed 
[16:46:45] thread 14 finished 
[16:46:45] thread 3 data processing completed 
[16:46:45] thread 3 finished 
[16:46:45] thread 11 data processing completed 
[16:46:45] thread 11 finished 
[16:46:45] thread 2 data processing completed 
[16:46:45] thread 2 finished 
[16:46:45] thread 10 data processing completed 
[16:46:45] thread 10 finished 
[16:46:45] thread 12 data processing completed 
[16:46:45] thread 12 finished 
[16:46:45] thread 9 data processing completed 
[16:46:45] thread 9 finished 
[16:46:45] thread 8 data processing completed 
[16:46:45] thread 8 finished 
[16:46:45] thread 15 data processing completed 
[16:46:45] thread 15 finished 
[16:46:45] thread 5 data processing completed 
[16:46:45] thread 5 finished 
[16:46:45] thread 1 data processing completed 
[16:46:45] thread 1 finished 
[16:46:45] thread 16 data processing completed 
[16:46:45] thread 16 finished 
[16:46:45] [fastp 1.3.3-d0bromir] Stage: filtering (77 ms) 
[16:46:45] [fastp 1.3.3-d0bromir] Stage: writing 
[16:46:45] /dev/shm/fastp_bench_3CcJvd_R2.fq.gz writer finished 
[16:46:45] /dev/shm/fastp_bench_utSotI_R1.fq.gz writer finished 
[16:46:45] [fastp 1.3.3-d0bromir] Stage: writing (29 ms) 
[16:46:45] [GPU] Device 0: batches=44102 reads=361281611 
[16:46:45] [GPU] Device 1: batches=44102 reads=361281611 
[16:46:45] start to generate reports
 
Read1 before filtering:
total reads: 361281611
total bases: 54192241650
Q20 bases: 54123398100(99.873%)
Q30 bases: 54123398100(99.873%)
Q40 bases: 0(0%)

Read2 before filtering:
total reads: 361281611
total bases: 54192241650
Q20 bases: 53855170050(99.378%)
Q30 bases: 53855170050(99.378%)
Q40 bases: 0(0%)

Read1 after filtering:
total reads: 358607374
total bases: 53574361382
Q20 bases: 53574361382(100%)
Q30 bases: 53574361382(100%)
Q40 bases: 0(0%)

Read2 after filtering:
total reads: 358607374
total bases: 53574361382
Q20 bases: 53574361382(100%)
Q30 bases: 53574361382(100%)
Q40 bases: 0(0%)

Filtering result:
reads passed filter: 717214748
reads failed due to low quality: 5328396
reads failed due to too many N: 20078
reads failed due to too short: 0
reads failed due to adapter dimer: 0
reads with adapter trimmed: 9627740
bases trimmed due to adapters: 442711160

Duplication rate: 5.60214%

Insert size peak (evaluated by paired-end reads): 269

JSON report: /dev/shm/fastp_bench_yMNOuS.json
HTML report: /dev/null

/home/mpiuser/bioauto_rev/fastp_d0bromir/fastp -w 16 -j /dev/shm/fastp_bench_yMNOuS.json -h /dev/null --verbose -i /home/mpiuser/FASTQ/WGS/DRR216653_1.fastq.gz -I /home/mpiuser/FASTQ/WGS/DRR216653_2.fastq.gz -o /dev/shm/fastp_bench_utSotI_R1.fq.gz -O /dev/shm/fastp_bench_3CcJvd_R2.fq.gz 
fastp v1.3.3-d0bromir, time used: 241 seconds
================================================================
