=== Full Benchmark Log: Sun Oct  4 12:54:40 UTC 2026 ===


================================================================
 Application  : opengene (/home/mpiuser/bioauto_rev/fastp_d0bromir/../fastp_opengene/fastp)
 Dataset      : WGS SE 6.3G (ERR1044780_1)
 Files        : R1=/home/mpiuser/FASTQ/WGS/ERR1044780_1.fastq.gz
 Type         : SE
 Threads      : 16
 Wall time    : 191.752 s
 reads_in     : 80314764
 reads_out    : 77515798
 vs_opengene  : baseline
--- Resource usage ---
 CPU avg/peak : 608.5% / 1310.2%
 RSS peak     : 1303 MiB
 GPU util a/p : 34.7% / 50.0%
 GPU mem peak : 0 MiB
 Sample CSV   : /home/mpiuser/bioauto_rev/fastp_d0bromir/benchmark_results/20261004_125440/resources/resource_WGS_SE_6.3G_opengene_T16_1791118481.csv
--- Profiling output ---
Detecting adapter sequence for read1...
No adapter detected for read1

[12:54:53] start to load data 
[12:54:53] /dev/shm/fastp_bench_ntMFub_R1.fq.gz writer finished 
[12:54:54] loaded 1M reads 
[12:54:56] loaded 2M reads 
[12:54:57] loaded 3M reads 
[12:54:58] loaded 4M reads 
[12:54:59] loaded 5M reads 
[12:55:01] loaded 6M reads 
[12:55:02] loaded 7M reads 
[12:55:03] loaded 8M reads 
[12:55:05] loaded 9M reads 
[12:55:06] loaded 10M reads 
[12:55:07] loaded 11M reads 
[12:55:08] loaded 12M reads 
[12:55:10] loaded 13M reads 
[12:55:11] loaded 14M reads 
[12:55:12] loaded 15M reads 
[12:55:13] loaded 16M reads 
[12:55:15] loaded 17M reads 
[12:55:16] loaded 18M reads 
[12:55:17] loaded 19M reads 
[12:55:19] loaded 20M reads 
[12:55:20] loaded 21M reads 
[12:55:21] loaded 22M reads 
[12:55:23] loaded 23M reads 
[12:55:24] loaded 24M reads 
[12:55:25] loaded 25M reads 
[12:55:27] loaded 26M reads 
[12:55:30] loaded 27M reads 
[12:55:33] loaded 28M reads 
[12:55:36] loaded 29M reads 
[12:55:38] loaded 30M reads 
[12:55:41] loaded 31M reads 
[12:55:44] loaded 32M reads 
[12:55:46] loaded 33M reads 
[12:55:49] loaded 34M reads 
[12:55:52] loaded 35M reads 
[12:55:54] loaded 36M reads 
[12:55:57] loaded 37M reads 
[12:56:00] loaded 38M reads 
[12:56:03] loaded 39M reads 
[12:56:05] loaded 40M reads 
[12:56:08] loaded 41M reads 
[12:56:11] loaded 42M reads 
[12:56:13] loaded 43M reads 
[12:56:16] loaded 44M reads 
[12:56:19] loaded 45M reads 
[12:56:21] loaded 46M reads 
[12:56:24] loaded 47M reads 
[12:56:27] loaded 48M reads 
[12:56:30] loaded 49M reads 
[12:56:32] loaded 50M reads 
[12:56:35] loaded 51M reads 
[12:56:38] loaded 52M reads 
[12:56:41] loaded 53M reads 
[12:56:43] loaded 54M reads 
[12:56:46] loaded 55M reads 
[12:56:49] loaded 56M reads 
[12:56:51] loaded 57M reads 
[12:56:54] loaded 58M reads 
[12:56:57] loaded 59M reads 
[12:56:59] loaded 60M reads 
[12:57:02] loaded 61M reads 
[12:57:05] loaded 62M reads 
[12:57:07] loaded 63M reads 
[12:57:10] loaded 64M reads 
[12:57:12] loaded 65M reads 
[12:57:15] loaded 66M reads 
[12:57:18] loaded 67M reads 
[12:57:20] loaded 68M reads 
[12:57:23] loaded 69M reads 
[12:57:25] loaded 70M reads 
[12:57:28] loaded 71M reads 
[12:57:31] loaded 72M reads 
[12:57:33] loaded 73M reads 
[12:57:36] loaded 74M reads 
[12:57:38] loaded 75M reads 
[12:57:41] loaded 76M reads 
[12:57:44] loaded 77M reads 
[12:57:46] loaded 78M reads 
[12:57:49] loaded 79M reads 
[12:57:51] loaded 80M reads 
[12:57:52] Loading completed with 80315 packs 
[12:57:52] thread 3 data processing completed 
[12:57:52] thread 3 finished 
[12:57:52] thread 15 data processing completed 
[12:57:52] thread 15 finished 
[12:57:52] thread 4 data processing completed 
[12:57:52] thread 4 finished 
[12:57:52] thread 16 data processing completed 
[12:57:52] thread 16 finished 
[12:57:52] thread 6 data processing completed 
[12:57:52] thread 6 finished 
[12:57:52] thread 13 data processing completed 
[12:57:52] thread 13 finished 
[12:57:52] thread 12 data processing completed 
[12:57:52] thread 12 finished 
[12:57:52] thread 1 data processing completed 
[12:57:52] thread 1 finished 
[12:57:52] thread 14 data processing completed 
[12:57:52] thread 14 finished 
[12:57:52] thread 2 data processing completed 
[12:57:52] thread 2 finished 
[12:57:52] thread 8 data processing completed 
[12:57:52] thread 8 finished 
[12:57:52] thread 7 data processing completed 
[12:57:52] thread 7 finished 
[12:57:52] thread 9 data processing completed 
[12:57:52] thread 10 data processing completed 
[12:57:52] thread 10 finished 
[12:57:52] thread 9 finished 
[12:57:52] thread 5 data processing completed 
[12:57:52] thread 5 finished 
[12:57:52] thread 11 data processing completed 
[12:57:52] thread 11 finished 
[12:57:52] start to generate reports
 
Read1 before filtering:
total reads: 80314764
total bases: 8031476400
Q20 bases: 7618398149(94.8568%)
Q30 bases: 7189780467(89.52%)
Q40 bases: 1372019(0.017083%)

Read1 after filtering:
total reads: 77515798
total bases: 7751579800
Q20 bases: 7501957244(96.7797%)
Q30 bases: 7095114113(91.5312%)
Q40 bases: 1364356(0.017601%)

Filtering result:
reads passed filter: 77515798
reads failed due to low quality: 2793133
reads failed due to too many N: 5833
reads failed due to too short: 0
reads failed due to adapter dimer: 0
reads with adapter trimmed: 0
bases trimmed due to adapters: 0

Duplication rate (may be overestimated since this is SE data): 3.81534%

JSON report: /dev/shm/fastp_bench_45t45h.json
HTML report: /dev/null

/home/mpiuser/bioauto_rev/fastp_d0bromir/../fastp_opengene/fastp -w 16 -j /dev/shm/fastp_bench_45t45h.json -h /dev/null --verbose -i /home/mpiuser/FASTQ/WGS/ERR1044780_1.fastq.gz -o /dev/shm/fastp_bench_ntMFub_R1.fq.gz 
fastp v1.3.3, time used: 191 seconds
================================================================

================================================================
 Application  : d0bromir_cpu (/home/mpiuser/bioauto_rev/fastp_d0bromir/fastp-cpu)
 Dataset      : WGS SE 6.3G (ERR1044780_1)
 Files        : R1=/home/mpiuser/FASTQ/WGS/ERR1044780_1.fastq.gz
 Type         : SE
 Threads      : 16
 Wall time    : 79.113 s
 reads_in     : 80314764
 reads_out    : 77515798
 vs_opengene  : -58.7%
--- Resource usage ---
 CPU avg/peak : 876.7% / 1585.2%
 RSS peak     : 1489 MiB
 GPU util a/p : 2.8% / 45.0%
 GPU mem peak : 0 MiB
 Sample CSV   : /home/mpiuser/bioauto_rev/fastp_d0bromir/benchmark_results/20261004_125440/resources/resource_WGS_SE_6.3G_d0bromir_cpu_T16_1791118673.csv
--- Profiling output ---
[12:57:53] fastp 1.3.3-d0bromir starting 
Detecting adapter sequence for read1...
No adapter detected for read1

[12:58:06] [fastp 1.3.3-d0bromir] Stage: loading 
[12:58:06] start to load data 
[12:58:07] loaded 1M reads 
[12:58:07] loaded 2M reads 
[12:58:08] loaded 3M reads 
[12:58:09] loaded 4M reads 
[12:58:10] loaded 5M reads 
[12:58:11] loaded 6M reads 
[12:58:12] loaded 7M reads 
[12:58:12] loaded 8M reads 
[12:58:13] loaded 9M reads 
[12:58:14] loaded 10M reads 
[12:58:15] loaded 11M reads 
[12:58:16] loaded 12M reads 
[12:58:17] loaded 13M reads 
[12:58:17] loaded 14M reads 
[12:58:18] loaded 15M reads 
[12:58:19] loaded 16M reads 
[12:58:20] loaded 17M reads 
[12:58:21] loaded 18M reads 
[12:58:22] loaded 19M reads 
[12:58:23] loaded 20M reads 
[12:58:23] loaded 21M reads 
[12:58:24] loaded 22M reads 
[12:58:25] loaded 23M reads 
[12:58:26] loaded 24M reads 
[12:58:27] loaded 25M reads 
[12:58:28] loaded 26M reads 
[12:58:28] loaded 27M reads 
[12:58:29] loaded 28M reads 
[12:58:30] loaded 29M reads 
[12:58:31] loaded 30M reads 
[12:58:32] loaded 31M reads 
[12:58:33] loaded 32M reads 
[12:58:33] loaded 33M reads 
[12:58:34] loaded 34M reads 
[12:58:35] loaded 35M reads 
[12:58:36] loaded 36M reads 
[12:58:37] loaded 37M reads 
[12:58:38] loaded 38M reads 
[12:58:39] loaded 39M reads 
[12:58:39] loaded 40M reads 
[12:58:40] loaded 41M reads 
[12:58:41] loaded 42M reads 
[12:58:42] loaded 43M reads 
[12:58:43] loaded 44M reads 
[12:58:43] loaded 45M reads 
[12:58:44] loaded 46M reads 
[12:58:45] loaded 47M reads 
[12:58:46] loaded 48M reads 
[12:58:47] loaded 49M reads 
[12:58:48] loaded 50M reads 
[12:58:48] loaded 51M reads 
[12:58:49] loaded 52M reads 
[12:58:50] loaded 53M reads 
[12:58:51] loaded 54M reads 
[12:58:52] loaded 55M reads 
[12:58:52] loaded 56M reads 
[12:58:53] loaded 57M reads 
[12:58:54] loaded 58M reads 
[12:58:55] loaded 59M reads 
[12:58:56] loaded 60M reads 
[12:58:57] loaded 61M reads 
[12:58:57] loaded 62M reads 
[12:58:58] loaded 63M reads 
[12:58:59] loaded 64M reads 
[12:59:00] loaded 65M reads 
[12:59:01] loaded 66M reads 
[12:59:01] loaded 67M reads 
[12:59:02] loaded 68M reads 
[12:59:03] loaded 69M reads 
[12:59:04] loaded 70M reads 
[12:59:05] loaded 71M reads 
[12:59:06] loaded 72M reads 
[12:59:06] loaded 73M reads 
[12:59:07] loaded 74M reads 
[12:59:08] loaded 75M reads 
[12:59:09] loaded 76M reads 
[12:59:10] loaded 77M reads 
[12:59:10] loaded 78M reads 
[12:59:11] loaded 79M reads 
[12:59:12] loaded 80M reads 
[12:59:12] Loading completed with 9805 packs 
[12:59:12] thread 16 data processing completed 
[12:59:12] thread 16 finished 
[12:59:12] thread 12 data processing completed 
[12:59:12] thread 12 finished 
[12:59:12] thread 11 data processing completed 
[12:59:12] thread 11 finished 
[12:59:12] thread 6 data processing completed 
[12:59:12] thread 6 finished 
[12:59:12] thread 5 data processing completed 
[12:59:12] thread 5 finished 
[12:59:12] thread 15 data processing completed 
[12:59:12] thread 15 finished 
[12:59:12] [fastp 1.3.3-d0bromir] Stage: loading (66651 ms) 
[12:59:12] [fastp 1.3.3-d0bromir] Stage: filtering 
[12:59:12] thread 13 data processing completed 
[12:59:12] thread 13 finished 
[12:59:12] thread 4 data processing completed 
[12:59:12] thread 4 finished 
[12:59:12] thread 10 data processing completed 
[12:59:12] thread 10 finished 
[12:59:12] thread 1 data processing completed 
[12:59:12] thread 1 finished 
[12:59:12] thread 14 data processing completed 
[12:59:12] thread 14 finished 
[12:59:12] thread 2 data processing completed 
[12:59:12] thread 2 finished 
[12:59:12] thread 3 data processing completed 
[12:59:12] thread 3 finished 
[12:59:12] thread 8 data processing completed 
[12:59:12] thread 8 finished 
[12:59:12] thread 9 data processing completed 
[12:59:12] thread 9 finished 
[12:59:12] thread 7 data processing completed 
[12:59:12] thread 7 finished 
[12:59:12] [fastp 1.3.3-d0bromir] Stage: filtering (19 ms) 
[12:59:12] [fastp 1.3.3-d0bromir] Stage: writing 
[12:59:12] /dev/shm/fastp_bench_w4CtTW_R1.fq.gz writer finished 
[12:59:12] [fastp 1.3.3-d0bromir] Stage: writing (32 ms) 
[12:59:12] start to generate reports
 
Read1 before filtering:
total reads: 80314764
total bases: 8031476400
Q20 bases: 7618398149(94.8568%)
Q30 bases: 7189780467(89.52%)
Q40 bases: 1372019(0.017083%)

Read1 after filtering:
total reads: 77515798
total bases: 7751579800
Q20 bases: 7501957244(96.7797%)
Q30 bases: 7095114113(91.5312%)
Q40 bases: 1364356(0.017601%)

Filtering result:
reads passed filter: 77515798
reads failed due to low quality: 2793133
reads failed due to too many N: 5833
reads failed due to too short: 0
reads failed due to adapter dimer: 0
reads with adapter trimmed: 0
bases trimmed due to adapters: 0

Duplication rate (may be overestimated since this is SE data): 3.81535%

JSON report: /dev/shm/fastp_bench_CuK9vA.json
HTML report: /dev/null

/home/mpiuser/bioauto_rev/fastp_d0bromir/fastp-cpu -w 16 -j /dev/shm/fastp_bench_CuK9vA.json -h /dev/null --verbose -i /home/mpiuser/FASTQ/WGS/ERR1044780_1.fastq.gz -o /dev/shm/fastp_bench_w4CtTW_R1.fq.gz 
fastp v1.3.3-d0bromir, time used: 80 seconds
================================================================

================================================================
 Application  : d0bromir_gpu (/home/mpiuser/bioauto_rev/fastp_d0bromir/fastp)
 Dataset      : WGS SE 6.3G (ERR1044780_1)
 Files        : R1=/home/mpiuser/FASTQ/WGS/ERR1044780_1.fastq.gz
 Type         : SE
 Threads      : 16
 Wall time    : 79.488 s
 reads_in     : 80314764
 reads_out    : 77515798
 vs_opengene  : -58.5%
--- Resource usage ---
 CPU avg/peak : 858.5% / 1548.2%
 RSS peak     : 2221 MiB
 GPU util a/p : 4.4% / 6.0%
 GPU mem peak : 1360 MiB
 Sample CSV   : /home/mpiuser/bioauto_rev/fastp_d0bromir/benchmark_results/20261004_125440/resources/resource_WGS_SE_6.3G_d0bromir_gpu_T16_1791118754.csv
--- Profiling output ---
[12:59:14] fastp 1.3.3-d0bromir starting 
Detecting adapter sequence for read1...
No adapter detected for read1

[12:59:26] [GPU] CUDA GPU available (Device 0) - statistics GPU-accelerated (slots=8) 
[12:59:26] [fastp 1.3.3-d0bromir] Stage: loading 
[12:59:26] start to load data 
[12:59:26] [GPU] CUDA GPU available (Device 1) - statistics GPU-accelerated (slots=8) 
[12:59:26] [GPU] Dual-GPU mode: Device 0 + Device 1 active 
[12:59:27] loaded 1M reads 
[12:59:28] loaded 2M reads 
[12:59:29] loaded 3M reads 
[12:59:30] loaded 4M reads 
[12:59:30] loaded 5M reads 
[12:59:31] loaded 6M reads 
[12:59:32] loaded 7M reads 
[12:59:33] loaded 8M reads 
[12:59:34] loaded 9M reads 
[12:59:35] loaded 10M reads 
[12:59:35] loaded 11M reads 
[12:59:36] loaded 12M reads 
[12:59:37] loaded 13M reads 
[12:59:38] loaded 14M reads 
[12:59:39] loaded 15M reads 
[12:59:40] loaded 16M reads 
[12:59:41] loaded 17M reads 
[12:59:41] loaded 18M reads 
[12:59:42] loaded 19M reads 
[12:59:43] loaded 20M reads 
[12:59:44] loaded 21M reads 
[12:59:45] loaded 22M reads 
[12:59:46] loaded 23M reads 
[12:59:46] loaded 24M reads 
[12:59:47] loaded 25M reads 
[12:59:48] loaded 26M reads 
[12:59:49] loaded 27M reads 
[12:59:50] loaded 28M reads 
[12:59:51] loaded 29M reads 
[12:59:51] loaded 30M reads 
[12:59:52] loaded 31M reads 
[12:59:53] loaded 32M reads 
[12:59:54] loaded 33M reads 
[12:59:55] loaded 34M reads 
[12:59:56] loaded 35M reads 
[12:59:57] loaded 36M reads 
[12:59:57] loaded 37M reads 
[12:59:58] loaded 38M reads 
[12:59:59] loaded 39M reads 
[13:00:00] loaded 40M reads 
[13:00:01] loaded 41M reads 
[13:00:02] loaded 42M reads 
[13:00:02] loaded 43M reads 
[13:00:03] loaded 44M reads 
[13:00:04] loaded 45M reads 
[13:00:05] loaded 46M reads 
[13:00:06] loaded 47M reads 
[13:00:06] loaded 48M reads 
[13:00:07] loaded 49M reads 
[13:00:08] loaded 50M reads 
[13:00:09] loaded 51M reads 
[13:00:10] loaded 52M reads 
[13:00:11] loaded 53M reads 
[13:00:11] loaded 54M reads 
[13:00:12] loaded 55M reads 
[13:00:13] loaded 56M reads 
[13:00:14] loaded 57M reads 
[13:00:15] loaded 58M reads 
[13:00:15] loaded 59M reads 
[13:00:16] loaded 60M reads 
[13:00:17] loaded 61M reads 
[13:00:18] loaded 62M reads 
[13:00:19] loaded 63M reads 
[13:00:20] loaded 64M reads 
[13:00:20] loaded 65M reads 
[13:00:21] loaded 66M reads 
[13:00:22] loaded 67M reads 
[13:00:23] loaded 68M reads 
[13:00:24] loaded 69M reads 
[13:00:24] loaded 70M reads 
[13:00:25] loaded 71M reads 
[13:00:26] loaded 72M reads 
[13:00:27] loaded 73M reads 
[13:00:28] loaded 74M reads 
[13:00:28] loaded 75M reads 
[13:00:29] loaded 76M reads 
[13:00:30] loaded 77M reads 
[13:00:31] loaded 78M reads 
[13:00:32] loaded 79M reads 
[13:00:33] loaded 80M reads 
[13:00:33] Loading completed with 9805 packs 
[13:00:33] thread 7 data processing completed 
[13:00:33] thread 7 finished 
[13:00:33] thread 3 data processing completed 
[13:00:33] thread 3 finished 
[13:00:33] thread 13 data processing completed 
[13:00:33] thread 13 finished 
[13:00:33] thread 12 data processing completed 
[13:00:33] thread 12 finished 
[13:00:33] thread 6 data processing completed 
[13:00:33] thread 6 finished 
[13:00:33] thread 15 data processing completed 
[13:00:33] thread 15 finished 
[13:00:33] thread 2 data processing completed 
[13:00:33] thread 2 finished 
[13:00:33] [fastp 1.3.3-d0bromir] Stage: loading (66726 ms) 
[13:00:33] [fastp 1.3.3-d0bromir] Stage: filtering 
[13:00:33] thread 8 data processing completed 
[13:00:33] thread 8 finished 
[13:00:33] thread 1 data processing completed 
[13:00:33] thread 1 finished 
[13:00:33] thread 16 data processing completed 
[13:00:33] thread 16 finished 
[13:00:33] thread 9 data processing completed 
[13:00:33] thread 9 finished 
[13:00:33] thread 14 data processing completed 
[13:00:33] thread 14 finished 
[13:00:33] thread 5 data processing completed 
[13:00:33] thread 5 finished 
[13:00:33] thread 10 data processing completed 
[13:00:33] thread 10 finished 
[13:00:33] thread 4 data processing completed 
[13:00:33] thread 4 finished 
[13:00:33] thread 11 data processing completed 
[13:00:33] thread 11 finished 
[13:00:33] [fastp 1.3.3-d0bromir] Stage: filtering (16 ms) 
[13:00:33] [fastp 1.3.3-d0bromir] Stage: writing 
[13:00:33] /dev/shm/fastp_bench_1bf5kr_R1.fq.gz writer finished 
[13:00:33] [fastp 1.3.3-d0bromir] Stage: writing (30 ms) 
[13:00:33] [GPU] Device 0: batches=4903 reads=40157580 
[13:00:33] [GPU] Device 1: batches=4902 reads=40157184 
[13:00:33] start to generate reports
 
Read1 before filtering:
total reads: 80314764
total bases: 8031476400
Q20 bases: 7618398149(94.8568%)
Q30 bases: 7189780467(89.52%)
Q40 bases: 1372019(0.017083%)

Read1 after filtering:
total reads: 77515798
total bases: 7751579800
Q20 bases: 7501957244(96.7797%)
Q30 bases: 7095114113(91.5312%)
Q40 bases: 1364356(0.017601%)

Filtering result:
reads passed filter: 77515798
reads failed due to low quality: 2793133
reads failed due to too many N: 5833
reads failed due to too short: 0
reads failed due to adapter dimer: 0
reads with adapter trimmed: 0
bases trimmed due to adapters: 0

Duplication rate (may be overestimated since this is SE data): 3.81535%

JSON report: /dev/shm/fastp_bench_XkAGrS.json
HTML report: /dev/null

/home/mpiuser/bioauto_rev/fastp_d0bromir/fastp -w 16 -j /dev/shm/fastp_bench_XkAGrS.json -h /dev/null --verbose -i /home/mpiuser/FASTQ/WGS/ERR1044780_1.fastq.gz -o /dev/shm/fastp_bench_1bf5kr_R1.fq.gz 
fastp v1.3.3-d0bromir, time used: 79 seconds
================================================================
