[19:03:38] fastp 1.3.3-d0bromir starting 
[19:07:21] [PROFILE] Filter batches=14297 gpu_reads=0 cpu_reads=234238034 gpu_filter_time=0.000000ms cpu_filter_time=138966.726209ms 
Read1 before filtering:
total reads: 117119017
total bases: 11711901700
Q20 bases: 11040848879(94.2703%)
Q30 bases: 10362226195(88.476%)
Q40 bases: 1948657(0.0166383%)

Read2 before filtering:
total reads: 117119017
total bases: 11711901700
Q20 bases: 10988642082(93.8246%)
Q30 bases: 10314076255(88.0649%)
Q40 bases: 28413202(0.242601%)

Read1 after filtering:
total reads: 108920465
total bases: 10873757549
Q20 bases: 10544216033(96.9694%)
Q30 bases: 9961660084(91.6119%)
Q40 bases: 1912694(0.01759%)

Read2 after filtering:
total reads: 108920465
total bases: 10873757549
Q20 bases: 10557960992(97.0958%)
Q30 bases: 9979237841(91.7736%)
Q40 bases: 27481072(0.252728%)

Filtering result:
reads passed filter: 217840930
reads failed due to low quality: 16397104
reads failed due to too many N: 0
reads failed due to too short: 0
reads failed due to adapter dimer: 0
reads with adapter trimmed: 882278
bases trimmed due to adapters: 37595560

Duplication rate: 1.16051%

Insert size peak (evaluated by paired-end reads): 169

╔══════════════════════════════════════════════════════════════╗
║              PROFILING SUMMARY (FASTP_PROFILING)            ║
╠══════════════════════════════════════════════════════════════╣
║ Total wall time:            224850.7 ms                     ║
║ Total reads:               117119017                        ║
║ I/O bytes (compressed):   19416241851                        ║
╠══════════════════════════════════════════════════════════════╣
║ I/O (disk read):            260676.4 ms  (115.9%)           ║
║ Decompression:              178116.0 ms  ( 79.2%)           ║
║ CPU trim+adapter:           530897.9 ms  (236.1%)           ║
║ CPU statRead:               100960.9 ms  ( 44.9%)           ║
║ CPU unstatRead:                  0.0 ms  (  0.0%)           ║
║ filter calls (incl. GPU):   138995.9 ms  ( 61.8%)           ║
║ CPU output format:          106572.6 ms  ( 47.4%)           ║
║ Output compression:         715629.0 ms  (318.3%)           ║
║ Output write (fwrite):       11512.3 ms  (  5.1%)           ║
╠══════════════════════════════════════════════════════════════╣
║ (GPU breakdown printed by CudaStatsWrapper above)          ║
╚══════════════════════════════════════════════════════════════╝
[PROF_CSV] wall_ms,io_ms,decomp_ms,cpu_trim_ms,cpu_stat_ms,cpu_unstat_ms,filter_calls_ms,cpu_output_ms,compress_ms,write_ms,reads,io_bytes
[PROF_CSV] 224850.7,260676.4,178116.0,530897.9,100960.9,0.0,138995.9,106572.6,715629.0,11512.3,117119017,19416241851

JSON report: /tmp/comp_VSk3kU.json
HTML report: /dev/null

/home/mpiuser/appnotes-competitor-work/repo/fastp-cpu -w 8 -i /home/mpiuser/FASTQ/WGS/ERR1044319_1.fastq.gz -I /home/mpiuser/FASTQ/WGS/ERR1044319_2.fastq.gz -o /tmp/comp_apZvgh_R1.fq.gz -O /tmp/comp_loPOU3_R2.fq.gz -j /tmp/comp_VSk3kU.json -h /dev/null 
fastp v1.3.3-d0bromir, time used: 225 seconds
