[19:45:31] fastp 1.3.3-d0bromir starting 
[19:52:00] [PROFILE] Filter batches=44102 gpu_reads=0 cpu_reads=722563222 gpu_filter_time=0.000000ms cpu_filter_time=871558.736479ms 
Read1 before filtering:
total reads: 361281611
total bases: 54192241650
Q20 bases: 54123398100(99.873%)
Q30 bases: 54123398100(99.873%)
Q40 bases: 0(0%)

Read2 before filtering:
total reads: 361281611
total bases: 54192241650
Q20 bases: 53855170050(99.378%)
Q30 bases: 53855170050(99.378%)
Q40 bases: 0(0%)

Read1 after filtering:
total reads: 358607374
total bases: 53574361382
Q20 bases: 53574361382(100%)
Q30 bases: 53574361382(100%)
Q40 bases: 0(0%)

Read2 after filtering:
total reads: 358607374
total bases: 53574361382
Q20 bases: 53574361382(100%)
Q30 bases: 53574361382(100%)
Q40 bases: 0(0%)

Filtering result:
reads passed filter: 717214748
reads failed due to low quality: 5328396
reads failed due to too many N: 20078
reads failed due to too short: 0
reads failed due to adapter dimer: 0
reads with adapter trimmed: 9627740
bases trimmed due to adapters: 442711160

Duplication rate: 5.60213%

Insert size peak (evaluated by paired-end reads): 269

╔══════════════════════════════════════════════════════════════╗
║              PROFILING SUMMARY (FASTP_PROFILING)            ║
╠══════════════════════════════════════════════════════════════╣
║ Total wall time:            394479.5 ms                     ║
║ Total reads:               361281611                        ║
║ I/O bytes (compressed):   41315252885                        ║
╠══════════════════════════════════════════════════════════════╣
║ I/O (disk read):             86534.0 ms  ( 21.9%)           ║
║ Decompression:              323567.3 ms  ( 82.0%)           ║
║ CPU trim+adapter:          3513315.8 ms  (890.6%)           ║
║ CPU statRead:               567345.9 ms  (143.8%)           ║
║ CPU unstatRead:                  0.0 ms  (  0.0%)           ║
║ filter calls (incl. GPU):   871694.6 ms  (221.0%)           ║
║ CPU output format:          834400.6 ms  (211.5%)           ║
║ Output compression:        2579738.1 ms  (654.0%)           ║
║ Output write (fwrite):       26817.0 ms  (  6.8%)           ║
╠══════════════════════════════════════════════════════════════╣
║ (GPU breakdown printed by CudaStatsWrapper above)          ║
╚══════════════════════════════════════════════════════════════╝
[PROF_CSV] wall_ms,io_ms,decomp_ms,cpu_trim_ms,cpu_stat_ms,cpu_unstat_ms,filter_calls_ms,cpu_output_ms,compress_ms,write_ms,reads,io_bytes
[PROF_CSV] 394479.5,86534.0,323567.3,3513315.8,567345.9,0.0,871694.6,834400.6,2579738.1,26817.0,361281611,41315252885

JSON report: /tmp/comp_PMi3Sv.json
HTML report: /dev/null

/home/mpiuser/appnotes-competitor-work/repo/fastp-cpu -w 32 -i /home/mpiuser/FASTQ/WGS/DRR216653_1.fastq.gz -I /home/mpiuser/FASTQ/WGS/DRR216653_2.fastq.gz -o /tmp/comp_sBcnFG_R1.fq.gz -O /tmp/comp_ZGbw4h_R2.fq.gz -j /tmp/comp_PMi3Sv.json -h /dev/null 
fastp v1.3.3-d0bromir, time used: 394 seconds
