inFile1 is /home/mpiuser/FASTQ/WGS/DRR216653_1.fastq.gz
inFile2 is /home/mpiuser/FASTQ/WGS/DRR216653_2.fastq.gz
outFile1 is /tmp/comp_rqc_0q6QK4/o1.fq.gz
outFile2 is /tmp/comp_rqc_0q6QK4/o2.fq.gz
for PE data, overlap analysis is used to find adapter by default



print read1 (before filter) info :
total bases 54192241650
q20 bases 54123398100
q30 bases 54123398100
read number 361281611
average read length 150.000

print read1 (after filter) info :
total bases 53574361382
q20 bases 53574361382
q30 bases 53574361382
read number 358607374
average read length 149.396


print read2 (before filter) info :
total bases 54192241650
q20 bases 53855170050
q30 bases 53855170050
read number 361281611
average read length 150.000

print read2 (after filter) info :
total bases 53574361382
q20 bases 53574361382
q30 bases 53574361382
read number 358607374
average read length 149.396

filtering result:
pass filter read number: 717214748
not pass filter due to too short: 0
not pass filter due to too long: 0
not pass filter due to too many N: 20078
not pass filter due to low quality: 5328396
trimmed adapter read number: 9627740 
trimmed base number due to adapter: 442711160

Duplication rate : 8.46904 %
Insert size peak (based on PE overlap analyze): 269
report pe html data in DRR216653_1_DRR216653_2_RabbitQCPlus.html
cmd is /home/mpiuser/appnotes-competitor-work/RabbitQCPlus/RabbitQCPlus -w 8 -i /home/mpiuser/FASTQ/WGS/DRR216653_1.fastq.gz -I /home/mpiuser/FASTQ/WGS/DRR216653_2.fastq.gz -o /tmp/comp_rqc_0q6QK4/o1.fq.gz -O /tmp/comp_rqc_0q6QK4/o2.fq.gz --overWrite 
total cost 1057.11724s
