[00:06:02] fastp 1.3.3-d0bromir starting 
[00:24:04] [PROFILE] Filter batches=44102 gpu_reads=0 cpu_reads=722563222 gpu_filter_time=0.000000ms cpu_filter_time=775758.374235ms 
Read1 before filtering:
total reads: 361281611
total bases: 54192241650
Q20 bases: 54123398100(99.873%)
Q30 bases: 54123398100(99.873%)
Q40 bases: 0(0%)

Read2 before filtering:
total reads: 361281611
total bases: 54192241650
Q20 bases: 53855170050(99.378%)
Q30 bases: 53855170050(99.378%)
Q40 bases: 0(0%)

Read1 after filtering:
total reads: 358607374
total bases: 53574361382
Q20 bases: 53574361382(100%)
Q30 bases: 53574361382(100%)
Q40 bases: 0(0%)

Read2 after filtering:
total reads: 358607374
total bases: 53574361382
Q20 bases: 53574361382(100%)
Q30 bases: 53574361382(100%)
Q40 bases: 0(0%)

Filtering result:
reads passed filter: 717214748
reads failed due to low quality: 5328396
reads failed due to too many N: 20078
reads failed due to too short: 0
reads failed due to adapter dimer: 0
reads with adapter trimmed: 9627740
bases trimmed due to adapters: 442711160

Duplication rate: 5.60214%

Insert size peak (evaluated by paired-end reads): 269

╔══════════════════════════════════════════════════════════════╗
║              PROFILING SUMMARY (FASTP_PROFILING)            ║
╠══════════════════════════════════════════════════════════════╣
║ Total wall time:           1084763.1 ms                     ║
║ Total reads:               361281611                        ║
║ I/O bytes (compressed):   41315252885                        ║
╠══════════════════════════════════════════════════════════════╣
║ I/O (disk read):            223237.9 ms  ( 20.6%)           ║
║ Decompression:              414116.3 ms  ( 38.2%)           ║
║ CPU trim+adapter:          2525469.9 ms  (232.8%)           ║
║ CPU statRead:               628671.6 ms  ( 58.0%)           ║
║ CPU unstatRead:                  0.0 ms  (  0.0%)           ║
║ filter calls (incl. GPU):   775907.7 ms  ( 71.5%)           ║
║ CPU output format:          175937.4 ms  ( 16.2%)           ║
║ Output compression:        2159948.9 ms  (199.1%)           ║
║ Output write (fwrite):       20165.9 ms  (  1.9%)           ║
╠══════════════════════════════════════════════════════════════╣
║ (GPU breakdown printed by CudaStatsWrapper above)          ║
╚══════════════════════════════════════════════════════════════╝
[PROF_CSV] wall_ms,io_ms,decomp_ms,cpu_trim_ms,cpu_stat_ms,cpu_unstat_ms,filter_calls_ms,cpu_output_ms,compress_ms,write_ms,reads,io_bytes
[PROF_CSV] 1084763.1,223237.9,414116.3,2525469.9,628671.6,0.0,775907.7,175937.4,2159948.9,20165.9,361281611,41315252885

JSON report: /tmp/compsweep/comp1.json
HTML report: /dev/null

./fastp-cpu -w 32 -i /home/mpiuser/FASTQ/WGS/DRR216653_1.fastq.gz -I /home/mpiuser/FASTQ/WGS/DRR216653_2.fastq.gz -o /tmp/compsweep/comp1_R1.fq.gz -O /tmp/compsweep/comp1_R2.fq.gz -j /tmp/compsweep/comp1.json -h /dev/null 
fastp v1.3.3-d0bromir, time used: 1085 seconds
