[00:37:49] fastp 1.3.3-d0bromir starting 
[00:41:39] [PROFILE] Filter batches=44102 gpu_reads=0 cpu_reads=722563222 gpu_filter_time=0.000000ms cpu_filter_time=771134.365644ms 
Read1 before filtering:
total reads: 361281611
total bases: 54192241650
Q20 bases: 54123398100(99.873%)
Q30 bases: 54123398100(99.873%)
Q40 bases: 0(0%)

Read2 before filtering:
total reads: 361281611
total bases: 54192241650
Q20 bases: 53855170050(99.378%)
Q30 bases: 53855170050(99.378%)
Q40 bases: 0(0%)

Read1 after filtering:
total reads: 358607374
total bases: 53574361382
Q20 bases: 53574361382(100%)
Q30 bases: 53574361382(100%)
Q40 bases: 0(0%)

Read2 after filtering:
total reads: 358607374
total bases: 53574361382
Q20 bases: 53574361382(100%)
Q30 bases: 53574361382(100%)
Q40 bases: 0(0%)

Filtering result:
reads passed filter: 717214748
reads failed due to low quality: 5328396
reads failed due to too many N: 20078
reads failed due to too short: 0
reads failed due to adapter dimer: 0
reads with adapter trimmed: 9627740
bases trimmed due to adapters: 442711160

Duplication rate: 5.60214%

Insert size peak (evaluated by paired-end reads): 269

╔══════════════════════════════════════════════════════════════╗
║              PROFILING SUMMARY (FASTP_PROFILING)            ║
╠══════════════════════════════════════════════════════════════╣
║ Total wall time:            232799.1 ms                     ║
║ Total reads:               361281611                        ║
║ I/O bytes (compressed):   41315252885                        ║
╠══════════════════════════════════════════════════════════════╣
║ I/O (disk read):            244854.3 ms  (105.2%)           ║
║ Decompression:              409654.1 ms  (176.0%)           ║
║ CPU trim+adapter:          2420782.0 ms  (1039.9%)           ║
║ CPU statRead:               601689.8 ms  (258.5%)           ║
║ CPU unstatRead:                  0.0 ms  (  0.0%)           ║
║ filter calls (incl. GPU):   771272.6 ms  (331.3%)           ║
║ CPU output format:          176129.8 ms  ( 75.7%)           ║
║ Output compression:        2302852.6 ms  (989.2%)           ║
║ Output write (fwrite):       18914.6 ms  (  8.1%)           ║
╠══════════════════════════════════════════════════════════════╣
║ (GPU breakdown printed by CudaStatsWrapper above)          ║
╚══════════════════════════════════════════════════════════════╝
[PROF_CSV] wall_ms,io_ms,decomp_ms,cpu_trim_ms,cpu_stat_ms,cpu_unstat_ms,filter_calls_ms,cpu_output_ms,compress_ms,write_ms,reads,io_bytes
[PROF_CSV] 232799.1,244854.3,409654.1,2420782.0,601689.8,0.0,771272.6,176129.8,2302852.6,18914.6,361281611,41315252885

JSON report: /tmp/compsweep/comp8.json
HTML report: /dev/null

./fastp-cpu -w 32 -i /home/mpiuser/FASTQ/WGS/DRR216653_1.fastq.gz -I /home/mpiuser/FASTQ/WGS/DRR216653_2.fastq.gz -o /tmp/compsweep/comp8_R1.fq.gz -O /tmp/compsweep/comp8_R2.fq.gz -j /tmp/compsweep/comp8.json -h /dev/null 
fastp v1.3.3-d0bromir, time used: 233 seconds
