=== Full Benchmark Log: Sat Oct  3 17:29:06 UTC 2026 ===


================================================================
 Application  : d0bromir_cpu (/home/mpiuser/bioauto_rev/fastp_d0bromir/fastp-cpu)
 Dataset      : WGS PE 40G (DRR216653 R1+R2)
 Files        : R1=/home/mpiuser/FASTQ/WGS/DRR216653_1.fastq.gz
               R2=/home/mpiuser/FASTQ/WGS/DRR216653_2.fastq.gz
 Type         : PE
 Threads      : 16
 Wall time    : 276.506 s
 reads_in     : 722563222
 reads_out    : 717214748
 vs_opengene  : N/A
--- Resource usage ---
 CPU avg/peak : 2937.2% / 3392.5%
 RSS peak     : 2477 MiB
 GPU util a/p : 0.0% / 0.0%
 GPU mem peak : 0 MiB
 Sample CSV   : /home/mpiuser/bioauto_rev/fastp_d0bromir/benchmark_results/20261003_172906/resources/resource_WGS_PE_40G_d0bromir_cpu_T16_1791049595.csv
--- Profiling output ---
[17:46:35] fastp 1.3.3-d0bromir starting 
[17:46:35] [fastp 1.3.3-d0bromir] Stage: loading 
[17:46:35] start to load data of read1 
[17:46:35] start to load data of read2 
[17:46:36] Read1: loaded 1M reads 
[17:46:36] Read2: loaded 1M reads 
[17:46:37] Read1: loaded 2M reads 
[17:46:37] Read2: loaded 2M reads 
[17:46:37] Read2: loaded 3M reads 
[17:46:37] Read1: loaded 3M reads 
[17:46:38] Read1: loaded 4M reads 
[17:46:38] Read2: loaded 4M reads 
[17:46:39] Read2: loaded 5M reads 
[17:46:39] Read1: loaded 5M reads 
[17:46:40] Read1: loaded 6M reads 
[17:46:40] Read2: loaded 6M reads 
[17:46:40] Read2: loaded 7M reads 
[17:46:40] Read1: loaded 7M reads 
[17:46:41] Read1: loaded 8M reads 
[17:46:41] Read2: loaded 8M reads 
[17:46:42] Read1: loaded 9M reads 
[17:46:42] Read2: loaded 9M reads 
[17:46:43] Read2: loaded 10M reads 
[17:46:43] Read1: loaded 10M reads 
[17:46:43] Read1: loaded 11M reads 
[17:46:43] Read2: loaded 11M reads 
[17:46:44] Read2: loaded 12M reads 
[17:46:44] Read1: loaded 12M reads 
[17:46:45] Read2: loaded 13M reads 
[17:46:45] Read1: loaded 13M reads 
[17:46:46] Read2: loaded 14M reads 
[17:46:46] Read1: loaded 14M reads 
[17:46:46] Read2: loaded 15M reads 
[17:46:46] Read1: loaded 15M reads 
[17:46:47] Read1: loaded 16M reads 
[17:46:47] Read2: loaded 16M reads 
[17:46:48] Read2: loaded 17M reads 
[17:46:48] Read1: loaded 17M reads 
[17:46:49] Read1: loaded 18M reads 
[17:46:49] Read2: loaded 18M reads 
[17:46:49] Read1: loaded 19M reads 
[17:46:49] Read2: loaded 19M reads 
[17:46:50] Read1: loaded 20M reads 
[17:46:50] Read2: loaded 20M reads 
[17:46:51] Read2: loaded 21M reads 
[17:46:51] Read1: loaded 21M reads 
[17:46:52] Read2: loaded 22M reads 
[17:46:52] Read1: loaded 22M reads 
[17:46:53] Read1: loaded 23M reads 
[17:46:53] Read2: loaded 23M reads 
[17:46:53] Read1: loaded 24M reads 
[17:46:53] Read2: loaded 24M reads 
[17:46:54] Read1: loaded 25M reads 
[17:46:54] Read2: loaded 25M reads 
[17:46:55] Read2: loaded 26M reads 
[17:46:55] Read1: loaded 26M reads 
[17:46:56] Read2: loaded 27M reads 
[17:46:56] Read1: loaded 27M reads 
[17:46:56] Read1: loaded 28M reads 
[17:46:56] Read2: loaded 28M reads 
[17:46:57] Read2: loaded 29M reads 
[17:46:57] Read1: loaded 29M reads 
[17:46:58] Read1: loaded 30M reads 
[17:46:58] Read2: loaded 30M reads 
[17:46:59] Read1: loaded 31M reads 
[17:46:59] Read2: loaded 31M reads 
[17:46:59] Read2: loaded 32M reads 
[17:46:59] Read1: loaded 32M reads 
[17:47:00] Read1: loaded 33M reads 
[17:47:00] Read2: loaded 33M reads 
[17:47:01] Read2: loaded 34M reads 
[17:47:01] Read1: loaded 34M reads 
[17:47:02] Read1: loaded 35M reads 
[17:47:02] Read2: loaded 35M reads 
[17:47:02] Read1: loaded 36M reads 
[17:47:02] Read2: loaded 36M reads 
[17:47:03] Read1: loaded 37M reads 
[17:47:03] Read2: loaded 37M reads 
[17:47:04] Read2: loaded 38M reads 
[17:47:04] Read1: loaded 38M reads 
[17:47:05] Read2: loaded 39M reads 
[17:47:05] Read1: loaded 39M reads 
[17:47:05] Read1: loaded 40M reads 
[17:47:05] Read2: loaded 40M reads 
[17:47:06] Read1: loaded 41M reads 
[17:47:06] Read2: loaded 41M reads 
[17:47:07] Read2: loaded 42M reads 
[17:47:07] Read1: loaded 42M reads 
[17:47:08] Read2: loaded 43M reads 
[17:47:08] Read1: loaded 43M reads 
[17:47:09] Read1: loaded 44M reads 
[17:47:09] Read2: loaded 44M reads 
[17:47:09] Read1: loaded 45M reads 
[17:47:09] Read2: loaded 45M reads 
[17:47:10] Read1: loaded 46M reads 
[17:47:10] Read2: loaded 46M reads 
[17:47:11] Read2: loaded 47M reads 
[17:47:11] Read1: loaded 47M reads 
[17:47:12] Read1: loaded 48M reads 
[17:47:12] Read2: loaded 48M reads 
[17:47:12] Read1: loaded 49M reads 
[17:47:12] Read2: loaded 49M reads 
[17:47:13] Read1: loaded 50M reads 
[17:47:13] Read2: loaded 50M reads 
[17:47:14] Read2: loaded 51M reads 
[17:47:14] Read1: loaded 51M reads 
[17:47:15] Read1: loaded 52M reads 
[17:47:15] Read2: loaded 52M reads 
[17:47:15] Read2: loaded 53M reads 
[17:47:15] Read1: loaded 53M reads 
[17:47:16] Read1: loaded 54M reads 
[17:47:16] Read2: loaded 54M reads 
[17:47:17] Read1: loaded 55M reads 
[17:47:17] Read2: loaded 55M reads 
[17:47:18] Read2: loaded 56M reads 
[17:47:18] Read1: loaded 56M reads 
[17:47:18] Read2: loaded 57M reads 
[17:47:18] Read1: loaded 57M reads 
[17:47:19] Read2: loaded 58M reads 
[17:47:19] Read1: loaded 58M reads 
[17:47:20] Read1: loaded 59M reads 
[17:47:20] Read2: loaded 59M reads 
[17:47:21] Read1: loaded 60M reads 
[17:47:21] Read2: loaded 60M reads 
[17:47:21] Read2: loaded 61M reads 
[17:47:21] Read1: loaded 61M reads 
[17:47:22] Read1: loaded 62M reads 
[17:47:22] Read2: loaded 62M reads 
[17:47:23] Read2: loaded 63M reads 
[17:47:23] Read1: loaded 63M reads 
[17:47:24] Read1: loaded 64M reads 
[17:47:24] Read2: loaded 64M reads 
[17:47:24] Read1: loaded 65M reads 
[17:47:24] Read2: loaded 65M reads 
[17:47:25] Read2: loaded 66M reads 
[17:47:25] Read1: loaded 66M reads 
[17:47:26] Read2: loaded 67M reads 
[17:47:26] Read1: loaded 67M reads 
[17:47:27] Read1: loaded 68M reads 
[17:47:27] Read2: loaded 68M reads 
[17:47:28] Read2: loaded 69M reads 
[17:47:28] Read1: loaded 69M reads 
[17:47:28] Read1: loaded 70M reads 
[17:47:28] Read2: loaded 70M reads 
[17:47:29] Read2: loaded 71M reads 
[17:47:29] Read1: loaded 71M reads 
[17:47:30] Read2: loaded 72M reads 
[17:47:30] Read1: loaded 72M reads 
[17:47:31] Read1: loaded 73M reads 
[17:47:31] Read2: loaded 73M reads 
[17:47:31] Read1: loaded 74M reads 
[17:47:31] Read2: loaded 74M reads 
[17:47:32] Read2: loaded 75M reads 
[17:47:32] Read1: loaded 75M reads 
[17:47:33] Read1: loaded 76M reads 
[17:47:33] Read2: loaded 76M reads 
[17:47:34] Read1: loaded 77M reads 
[17:47:34] Read2: loaded 77M reads 
[17:47:34] Read2: loaded 78M reads 
[17:47:34] Read1: loaded 78M reads 
[17:47:35] Read1: loaded 79M reads 
[17:47:35] Read2: loaded 79M reads 
[17:47:36] Read1: loaded 80M reads 
[17:47:36] Read2: loaded 80M reads 
[17:47:37] Read2: loaded 81M reads 
[17:47:37] Read1: loaded 81M reads 
[17:47:37] Read1: loaded 82M reads 
[17:47:37] Read2: loaded 82M reads 
[17:47:38] Read2: loaded 83M reads 
[17:47:38] Read1: loaded 83M reads 
[17:47:39] Read2: loaded 84M reads 
[17:47:39] Read1: loaded 84M reads 
[17:47:40] Read1: loaded 85M reads 
[17:47:40] Read2: loaded 85M reads 
[17:47:40] Read1: loaded 86M reads 
[17:47:40] Read2: loaded 86M reads 
[17:47:41] Read2: loaded 87M reads 
[17:47:41] Read1: loaded 87M reads 
[17:47:42] Read2: loaded 88M reads 
[17:47:42] Read1: loaded 88M reads 
[17:47:43] Read2: loaded 89M reads 
[17:47:43] Read1: loaded 89M reads 
[17:47:44] Read2: loaded 90M reads 
[17:47:44] Read1: loaded 90M reads 
[17:47:44] Read1: loaded 91M reads 
[17:47:44] Read2: loaded 91M reads 
[17:47:45] Read2: loaded 92M reads 
[17:47:45] Read1: loaded 92M reads 
[17:47:46] Read2: loaded 93M reads 
[17:47:46] Read1: loaded 93M reads 
[17:47:47] Read1: loaded 94M reads 
[17:47:47] Read2: loaded 94M reads 
[17:47:47] Read1: loaded 95M reads 
[17:47:47] Read2: loaded 95M reads 
[17:47:48] Read1: loaded 96M reads 
[17:47:48] Read2: loaded 96M reads 
[17:47:49] Read1: loaded 97M reads 
[17:47:49] Read2: loaded 97M reads 
[17:47:50] Read2: loaded 98M reads 
[17:47:50] Read1: loaded 98M reads 
[17:47:50] Read2: loaded 99M reads 
[17:47:50] Read1: loaded 99M reads 
[17:47:51] Read2: loaded 100M reads 
[17:47:51] Read1: loaded 100M reads 
[17:47:52] Read1: loaded 101M reads 
[17:47:52] Read2: loaded 101M reads 
[17:47:53] Read1: loaded 102M reads 
[17:47:53] Read2: loaded 102M reads 
[17:47:53] Read1: loaded 103M reads 
[17:47:53] Read2: loaded 103M reads 
[17:47:54] Read1: loaded 104M reads 
[17:47:54] Read2: loaded 104M reads 
[17:47:55] Read2: loaded 105M reads 
[17:47:55] Read1: loaded 105M reads 
[17:47:56] Read1: loaded 106M reads 
[17:47:56] Read2: loaded 106M reads 
[17:47:56] Read1: loaded 107M reads 
[17:47:57] Read2: loaded 107M reads 
[17:47:57] Read1: loaded 108M reads 
[17:47:57] Read2: loaded 108M reads 
[17:47:58] Read1: loaded 109M reads 
[17:47:58] Read2: loaded 109M reads 
[17:47:59] Read1: loaded 110M reads 
[17:47:59] Read2: loaded 110M reads 
[17:48:00] Read1: loaded 111M reads 
[17:48:00] Read2: loaded 111M reads 
[17:48:00] Read2: loaded 112M reads 
[17:48:00] Read1: loaded 112M reads 
[17:48:01] Read1: loaded 113M reads 
[17:48:01] Read2: loaded 113M reads 
[17:48:02] Read2: loaded 114M reads 
[17:48:02] Read1: loaded 114M reads 
[17:48:03] Read1: loaded 115M reads 
[17:48:03] Read2: loaded 115M reads 
[17:48:03] Read1: loaded 116M reads 
[17:48:03] Read2: loaded 116M reads 
[17:48:04] Read2: loaded 117M reads 
[17:48:04] Read1: loaded 117M reads 
[17:48:05] Read1: loaded 118M reads 
[17:48:05] Read2: loaded 118M reads 
[17:48:06] Read2: loaded 119M reads 
[17:48:06] Read1: loaded 119M reads 
[17:48:06] Read1: loaded 120M reads 
[17:48:06] Read2: loaded 120M reads 
[17:48:07] Read1: loaded 121M reads 
[17:48:07] Read2: loaded 121M reads 
[17:48:08] Read1: loaded 122M reads 
[17:48:08] Read2: loaded 122M reads 
[17:48:09] Read1: loaded 123M reads 
[17:48:09] Read2: loaded 123M reads 
[17:48:09] Read2: loaded 124M reads 
[17:48:09] Read1: loaded 124M reads 
[17:48:10] Read1: loaded 125M reads 
[17:48:10] Read2: loaded 125M reads 
[17:48:11] Read1: loaded 126M reads 
[17:48:11] Read2: loaded 126M reads 
[17:48:12] Read1: loaded 127M reads 
[17:48:12] Read2: loaded 127M reads 
[17:48:12] Read1: loaded 128M reads 
[17:48:12] Read2: loaded 128M reads 
[17:48:13] Read2: loaded 129M reads 
[17:48:13] Read1: loaded 129M reads 
[17:48:14] Read1: loaded 130M reads 
[17:48:14] Read2: loaded 130M reads 
[17:48:15] Read1: loaded 131M reads 
[17:48:15] Read2: loaded 131M reads 
[17:48:15] Read1: loaded 132M reads 
[17:48:15] Read2: loaded 132M reads 
[17:48:16] Read2: loaded 133M reads 
[17:48:16] Read1: loaded 133M reads 
[17:48:17] Read1: loaded 134M reads 
[17:48:17] Read2: loaded 134M reads 
[17:48:18] Read2: loaded 135M reads 
[17:48:18] Read1: loaded 135M reads 
[17:48:18] Read1: loaded 136M reads 
[17:48:18] Read2: loaded 136M reads 
[17:48:19] Read1: loaded 137M reads 
[17:48:19] Read2: loaded 137M reads 
[17:48:20] Read1: loaded 138M reads 
[17:48:20] Read2: loaded 138M reads 
[17:48:21] Read1: loaded 139M reads 
[17:48:21] Read2: loaded 139M reads 
[17:48:21] Read1: loaded 140M reads 
[17:48:21] Read2: loaded 140M reads 
[17:48:22] Read2: loaded 141M reads 
[17:48:22] Read1: loaded 141M reads 
[17:48:23] Read2: loaded 142M reads 
[17:48:23] Read1: loaded 142M reads 
[17:48:24] Read2: loaded 143M reads 
[17:48:24] Read1: loaded 143M reads 
[17:48:24] Read1: loaded 144M reads 
[17:48:24] Read2: loaded 144M reads 
[17:48:25] Read2: loaded 145M reads 
[17:48:25] Read1: loaded 145M reads 
[17:48:26] Read1: loaded 146M reads 
[17:48:26] Read2: loaded 146M reads 
[17:48:27] Read2: loaded 147M reads 
[17:48:27] Read1: loaded 147M reads 
[17:48:27] Read2: loaded 148M reads 
[17:48:27] Read1: loaded 148M reads 
[17:48:28] Read1: loaded 149M reads 
[17:48:28] Read2: loaded 149M reads 
[17:48:29] Read1: loaded 150M reads 
[17:48:29] Read2: loaded 150M reads 
[17:48:30] Read1: loaded 151M reads 
[17:48:30] Read2: loaded 151M reads 
[17:48:30] Read1: loaded 152M reads 
[17:48:30] Read2: loaded 152M reads 
[17:48:31] Read2: loaded 153M reads 
[17:48:31] Read1: loaded 153M reads 
[17:48:32] Read1: loaded 154M reads 
[17:48:32] Read2: loaded 154M reads 
[17:48:33] Read2: loaded 155M reads 
[17:48:33] Read1: loaded 155M reads 
[17:48:33] Read1: loaded 156M reads 
[17:48:33] Read2: loaded 156M reads 
[17:48:34] Read2: loaded 157M reads 
[17:48:34] Read1: loaded 157M reads 
[17:48:35] Read2: loaded 158M reads 
[17:48:35] Read1: loaded 158M reads 
[17:48:36] Read2: loaded 159M reads 
[17:48:36] Read1: loaded 159M reads 
[17:48:36] Read1: loaded 160M reads 
[17:48:36] Read2: loaded 160M reads 
[17:48:37] Read1: loaded 161M reads 
[17:48:37] Read2: loaded 161M reads 
[17:48:38] Read2: loaded 162M reads 
[17:48:38] Read1: loaded 162M reads 
[17:48:39] Read1: loaded 163M reads 
[17:48:39] Read2: loaded 163M reads 
[17:48:40] Read2: loaded 164M reads 
[17:48:40] Read1: loaded 164M reads 
[17:48:40] Read1: loaded 165M reads 
[17:48:40] Read2: loaded 165M reads 
[17:48:41] Read1: loaded 166M reads 
[17:48:41] Read2: loaded 166M reads 
[17:48:42] Read2: loaded 167M reads 
[17:48:42] Read1: loaded 167M reads 
[17:48:43] Read2: loaded 168M reads 
[17:48:43] Read1: loaded 168M reads 
[17:48:43] Read1: loaded 169M reads 
[17:48:43] Read2: loaded 169M reads 
[17:48:44] Read2: loaded 170M reads 
[17:48:44] Read1: loaded 170M reads 
[17:48:45] Read1: loaded 171M reads 
[17:48:45] Read2: loaded 171M reads 
[17:48:46] Read1: loaded 172M reads 
[17:48:46] Read2: loaded 172M reads 
[17:48:46] Read1: loaded 173M reads 
[17:48:46] Read2: loaded 173M reads 
[17:48:47] Read2: loaded 174M reads 
[17:48:47] Read1: loaded 174M reads 
[17:48:48] Read1: loaded 175M reads 
[17:48:48] Read2: loaded 175M reads 
[17:48:49] Read1: loaded 176M reads 
[17:48:49] Read2: loaded 176M reads 
[17:48:49] Read1: loaded 177M reads 
[17:48:49] Read2: loaded 177M reads 
[17:48:50] Read1: loaded 178M reads 
[17:48:50] Read2: loaded 178M reads 
[17:48:51] Read1: loaded 179M reads 
[17:48:51] Read2: loaded 179M reads 
[17:48:52] Read2: loaded 180M reads 
[17:48:52] Read1: loaded 180M reads 
[17:48:52] Read2: loaded 181M reads 
[17:48:52] Read1: loaded 181M reads 
[17:48:53] Read2: loaded 182M reads 
[17:48:53] Read1: loaded 182M reads 
[17:48:54] Read1: loaded 183M reads 
[17:48:54] Read2: loaded 183M reads 
[17:48:55] Read1: loaded 184M reads 
[17:48:55] Read2: loaded 184M reads 
[17:48:55] Read1: loaded 185M reads 
[17:48:55] Read2: loaded 185M reads 
[17:48:56] Read2: loaded 186M reads 
[17:48:56] Read1: loaded 186M reads 
[17:48:57] Read2: loaded 187M reads 
[17:48:57] Read1: loaded 187M reads 
[17:48:58] Read2: loaded 188M reads 
[17:48:58] Read1: loaded 188M reads 
[17:48:58] Read2: loaded 189M reads 
[17:48:58] Read1: loaded 189M reads 
[17:48:59] Read2: loaded 190M reads 
[17:48:59] Read1: loaded 190M reads 
[17:49:00] Read2: loaded 191M reads 
[17:49:00] Read1: loaded 191M reads 
[17:49:01] Read2: loaded 192M reads 
[17:49:01] Read1: loaded 192M reads 
[17:49:01] Read2: loaded 193M reads 
[17:49:01] Read1: loaded 193M reads 
[17:49:02] Read1: loaded 194M reads 
[17:49:02] Read2: loaded 194M reads 
[17:49:03] Read1: loaded 195M reads 
[17:49:03] Read2: loaded 195M reads 
[17:49:04] Read1: loaded 196M reads 
[17:49:04] Read2: loaded 196M reads 
[17:49:04] Read2: loaded 197M reads 
[17:49:04] Read1: loaded 197M reads 
[17:49:05] Read2: loaded 198M reads 
[17:49:05] Read1: loaded 198M reads 
[17:49:06] Read2: loaded 199M reads 
[17:49:06] Read1: loaded 199M reads 
[17:49:07] Read1: loaded 200M reads 
[17:49:07] Read2: loaded 200M reads 
[17:49:07] Read2: loaded 201M reads 
[17:49:07] Read1: loaded 201M reads 
[17:49:08] Read2: loaded 202M reads 
[17:49:08] Read1: loaded 202M reads 
[17:49:09] Read1: loaded 203M reads 
[17:49:09] Read2: loaded 203M reads 
[17:49:10] Read2: loaded 204M reads 
[17:49:10] Read1: loaded 204M reads 
[17:49:10] Read1: loaded 205M reads 
[17:49:10] Read2: loaded 205M reads 
[17:49:11] Read2: loaded 206M reads 
[17:49:11] Read1: loaded 206M reads 
[17:49:12] Read1: loaded 207M reads 
[17:49:12] Read2: loaded 207M reads 
[17:49:13] Read1: loaded 208M reads 
[17:49:13] Read2: loaded 208M reads 
[17:49:13] Read1: loaded 209M reads 
[17:49:13] Read2: loaded 209M reads 
[17:49:14] Read2: loaded 210M reads 
[17:49:14] Read1: loaded 210M reads 
[17:49:15] Read2: loaded 211M reads 
[17:49:15] Read1: loaded 211M reads 
[17:49:16] Read2: loaded 212M reads 
[17:49:16] Read1: loaded 212M reads 
[17:49:16] Read1: loaded 213M reads 
[17:49:16] Read2: loaded 213M reads 
[17:49:17] Read2: loaded 214M reads 
[17:49:17] Read1: loaded 214M reads 
[17:49:18] Read2: loaded 215M reads 
[17:49:18] Read1: loaded 215M reads 
[17:49:19] Read2: loaded 216M reads 
[17:49:19] Read1: loaded 216M reads 
[17:49:19] Read1: loaded 217M reads 
[17:49:19] Read2: loaded 217M reads 
[17:49:20] Read2: loaded 218M reads 
[17:49:20] Read1: loaded 218M reads 
[17:49:21] Read2: loaded 219M reads 
[17:49:21] Read1: loaded 219M reads 
[17:49:22] Read2: loaded 220M reads 
[17:49:22] Read1: loaded 220M reads 
[17:49:22] Read1: loaded 221M reads 
[17:49:23] Read2: loaded 221M reads 
[17:49:23] Read2: loaded 222M reads 
[17:49:23] Read1: loaded 222M reads 
[17:49:24] Read1: loaded 223M reads 
[17:49:24] Read2: loaded 223M reads 
[17:49:25] Read2: loaded 224M reads 
[17:49:25] Read1: loaded 224M reads 
[17:49:26] Read2: loaded 225M reads 
[17:49:26] Read1: loaded 225M reads 
[17:49:26] Read2: loaded 226M reads 
[17:49:26] Read1: loaded 226M reads 
[17:49:27] Read2: loaded 227M reads 
[17:49:27] Read1: loaded 227M reads 
[17:49:28] Read2: loaded 228M reads 
[17:49:28] Read1: loaded 228M reads 
[17:49:29] Read2: loaded 229M reads 
[17:49:29] Read1: loaded 229M reads 
[17:49:29] Read1: loaded 230M reads 
[17:49:29] Read2: loaded 230M reads 
[17:49:30] Read1: loaded 231M reads 
[17:49:30] Read2: loaded 231M reads 
[17:49:31] Read2: loaded 232M reads 
[17:49:31] Read1: loaded 232M reads 
[17:49:32] Read2: loaded 233M reads 
[17:49:32] Read1: loaded 233M reads 
[17:49:32] Read1: loaded 234M reads 
[17:49:32] Read2: loaded 234M reads 
[17:49:33] Read1: loaded 235M reads 
[17:49:33] Read2: loaded 235M reads 
[17:49:34] Read1: loaded 236M reads 
[17:49:34] Read2: loaded 236M reads 
[17:49:35] Read1: loaded 237M reads 
[17:49:35] Read2: loaded 237M reads 
[17:49:35] Read1: loaded 238M reads 
[17:49:35] Read2: loaded 238M reads 
[17:49:36] Read2: loaded 239M reads 
[17:49:36] Read1: loaded 239M reads 
[17:49:37] Read2: loaded 240M reads 
[17:49:37] Read1: loaded 240M reads 
[17:49:38] Read1: loaded 241M reads 
[17:49:38] Read2: loaded 241M reads 
[17:49:38] Read2: loaded 242M reads 
[17:49:38] Read1: loaded 242M reads 
[17:49:39] Read1: loaded 243M reads 
[17:49:39] Read2: loaded 243M reads 
[17:49:40] Read2: loaded 244M reads 
[17:49:40] Read1: loaded 244M reads 
[17:49:41] Read2: loaded 245M reads 
[17:49:41] Read1: loaded 245M reads 
[17:49:41] Read2: loaded 246M reads 
[17:49:41] Read1: loaded 246M reads 
[17:49:42] Read1: loaded 247M reads 
[17:49:42] Read2: loaded 247M reads 
[17:49:43] Read1: loaded 248M reads 
[17:49:43] Read2: loaded 248M reads 
[17:49:44] Read1: loaded 249M reads 
[17:49:44] Read2: loaded 249M reads 
[17:49:44] Read2: loaded 250M reads 
[17:49:44] Read1: loaded 250M reads 
[17:49:45] Read2: loaded 251M reads 
[17:49:45] Read1: loaded 251M reads 
[17:49:46] Read2: loaded 252M reads 
[17:49:46] Read1: loaded 252M reads 
[17:49:47] Read1: loaded 253M reads 
[17:49:47] Read2: loaded 253M reads 
[17:49:47] Read1: loaded 254M reads 
[17:49:47] Read2: loaded 254M reads 
[17:49:48] Read1: loaded 255M reads 
[17:49:48] Read2: loaded 255M reads 
[17:49:49] Read2: loaded 256M reads 
[17:49:49] Read1: loaded 256M reads 
[17:49:50] Read2: loaded 257M reads 
[17:49:50] Read1: loaded 257M reads 
[17:49:50] Read1: loaded 258M reads 
[17:49:50] Read2: loaded 258M reads 
[17:49:51] Read1: loaded 259M reads 
[17:49:51] Read2: loaded 259M reads 
[17:49:52] Read2: loaded 260M reads 
[17:49:52] Read1: loaded 260M reads 
[17:49:53] Read1: loaded 261M reads 
[17:49:53] Read2: loaded 261M reads 
[17:49:54] Read2: loaded 262M reads 
[17:49:54] Read1: loaded 262M reads 
[17:49:54] Read2: loaded 263M reads 
[17:49:54] Read1: loaded 263M reads 
[17:49:55] Read1: loaded 264M reads 
[17:49:55] Read2: loaded 264M reads 
[17:49:56] Read1: loaded 265M reads 
[17:49:56] Read2: loaded 265M reads 
[17:49:57] Read1: loaded 266M reads 
[17:49:57] Read2: loaded 266M reads 
[17:49:57] Read1: loaded 267M reads 
[17:49:57] Read2: loaded 267M reads 
[17:49:58] Read2: loaded 268M reads 
[17:49:58] Read1: loaded 268M reads 
[17:49:59] Read2: loaded 269M reads 
[17:49:59] Read1: loaded 269M reads 
[17:50:00] Read1: loaded 270M reads 
[17:50:00] Read2: loaded 270M reads 
[17:50:00] Read2: loaded 271M reads 
[17:50:00] Read1: loaded 271M reads 
[17:50:01] Read2: loaded 272M reads 
[17:50:01] Read1: loaded 272M reads 
[17:50:02] Read1: loaded 273M reads 
[17:50:02] Read2: loaded 273M reads 
[17:50:03] Read1: loaded 274M reads 
[17:50:03] Read2: loaded 274M reads 
[17:50:03] Read2: loaded 275M reads 
[17:50:03] Read1: loaded 275M reads 
[17:50:04] Read1: loaded 276M reads 
[17:50:04] Read2: loaded 276M reads 
[17:50:05] Read2: loaded 277M reads 
[17:50:05] Read1: loaded 277M reads 
[17:50:06] Read1: loaded 278M reads 
[17:50:06] Read2: loaded 278M reads 
[17:50:06] Read1: loaded 279M reads 
[17:50:06] Read2: loaded 279M reads 
[17:50:07] Read1: loaded 280M reads 
[17:50:07] Read2: loaded 280M reads 
[17:50:08] Read2: loaded 281M reads 
[17:50:08] Read1: loaded 281M reads 
[17:50:09] Read1: loaded 282M reads 
[17:50:09] Read2: loaded 282M reads 
[17:50:09] Read1: loaded 283M reads 
[17:50:09] Read2: loaded 283M reads 
[17:50:10] Read2: loaded 284M reads 
[17:50:10] Read1: loaded 284M reads 
[17:50:11] Read1: loaded 285M reads 
[17:50:11] Read2: loaded 285M reads 
[17:50:12] Read2: loaded 286M reads 
[17:50:12] Read1: loaded 286M reads 
[17:50:12] Read1: loaded 287M reads 
[17:50:12] Read2: loaded 287M reads 
[17:50:13] Read2: loaded 288M reads 
[17:50:13] Read1: loaded 288M reads 
[17:50:14] Read2: loaded 289M reads 
[17:50:14] Read1: loaded 289M reads 
[17:50:15] Read1: loaded 290M reads 
[17:50:15] Read2: loaded 290M reads 
[17:50:16] Read1: loaded 291M reads 
[17:50:16] Read2: loaded 291M reads 
[17:50:16] Read1: loaded 292M reads 
[17:50:16] Read2: loaded 292M reads 
[17:50:17] Read1: loaded 293M reads 
[17:50:17] Read2: loaded 293M reads 
[17:50:18] Read1: loaded 294M reads 
[17:50:18] Read2: loaded 294M reads 
[17:50:19] Read1: loaded 295M reads 
[17:50:19] Read2: loaded 295M reads 
[17:50:19] Read2: loaded 296M reads 
[17:50:19] Read1: loaded 296M reads 
[17:50:20] Read1: loaded 297M reads 
[17:50:20] Read2: loaded 297M reads 
[17:50:21] Read2: loaded 298M reads 
[17:50:21] Read1: loaded 298M reads 
[17:50:22] Read1: loaded 299M reads 
[17:50:22] Read2: loaded 299M reads 
[17:50:22] Read1: loaded 300M reads 
[17:50:22] Read2: loaded 300M reads 
[17:50:23] Read2: loaded 301M reads 
[17:50:23] Read1: loaded 301M reads 
[17:50:24] Read2: loaded 302M reads 
[17:50:24] Read1: loaded 302M reads 
[17:50:25] Read2: loaded 303M reads 
[17:50:25] Read1: loaded 303M reads 
[17:50:25] Read1: loaded 304M reads 
[17:50:25] Read2: loaded 304M reads 
[17:50:26] Read1: loaded 305M reads 
[17:50:26] Read2: loaded 305M reads 
[17:50:27] Read2: loaded 306M reads 
[17:50:27] Read1: loaded 306M reads 
[17:50:28] Read1: loaded 307M reads 
[17:50:28] Read2: loaded 307M reads 
[17:50:28] Read1: loaded 308M reads 
[17:50:28] Read2: loaded 308M reads 
[17:50:29] Read1: loaded 309M reads 
[17:50:29] Read2: loaded 309M reads 
[17:50:30] Read2: loaded 310M reads 
[17:50:30] Read1: loaded 310M reads 
[17:50:31] Read1: loaded 311M reads 
[17:50:31] Read2: loaded 311M reads 
[17:50:31] Read1: loaded 312M reads 
[17:50:31] Read2: loaded 312M reads 
[17:50:32] Read2: loaded 313M reads 
[17:50:32] Read1: loaded 313M reads 
[17:50:33] Read1: loaded 314M reads 
[17:50:33] Read2: loaded 314M reads 
[17:50:34] Read2: loaded 315M reads 
[17:50:34] Read1: loaded 315M reads 
[17:50:35] Read1: loaded 316M reads 
[17:50:35] Read2: loaded 316M reads 
[17:50:35] Read2: loaded 317M reads 
[17:50:35] Read1: loaded 317M reads 
[17:50:36] Read2: loaded 318M reads 
[17:50:36] Read1: loaded 318M reads 
[17:50:37] Read2: loaded 319M reads 
[17:50:37] Read1: loaded 319M reads 
[17:50:38] Read2: loaded 320M reads 
[17:50:38] Read1: loaded 320M reads 
[17:50:38] Read1: loaded 321M reads 
[17:50:38] Read2: loaded 321M reads 
[17:50:39] Read1: loaded 322M reads 
[17:50:39] Read2: loaded 322M reads 
[17:50:40] Read2: loaded 323M reads 
[17:50:40] Read1: loaded 323M reads 
[17:50:41] Read2: loaded 324M reads 
[17:50:41] Read1: loaded 324M reads 
[17:50:41] Read1: loaded 325M reads 
[17:50:41] Read2: loaded 325M reads 
[17:50:42] Read1: loaded 326M reads 
[17:50:42] Read2: loaded 326M reads 
[17:50:43] Read2: loaded 327M reads 
[17:50:43] Read1: loaded 327M reads 
[17:50:44] Read2: loaded 328M reads 
[17:50:44] Read1: loaded 328M reads 
[17:50:44] Read1: loaded 329M reads 
[17:50:44] Read2: loaded 329M reads 
[17:50:45] Read2: loaded 330M reads 
[17:50:45] Read1: loaded 330M reads 
[17:50:46] Read1: loaded 331M reads 
[17:50:46] Read2: loaded 331M reads 
[17:50:47] Read1: loaded 332M reads 
[17:50:47] Read2: loaded 332M reads 
[17:50:48] Read2: loaded 333M reads 
[17:50:48] Read1: loaded 333M reads 
[17:50:48] Read2: loaded 334M reads 
[17:50:48] Read1: loaded 334M reads 
[17:50:49] Read2: loaded 335M reads 
[17:50:49] Read1: loaded 335M reads 
[17:50:50] Read1: loaded 336M reads 
[17:50:50] Read2: loaded 336M reads 
[17:50:51] Read1: loaded 337M reads 
[17:50:51] Read2: loaded 337M reads 
[17:50:51] Read2: loaded 338M reads 
[17:50:51] Read1: loaded 338M reads 
[17:50:52] Read2: loaded 339M reads 
[17:50:52] Read1: loaded 339M reads 
[17:50:53] Read2: loaded 340M reads 
[17:50:53] Read1: loaded 340M reads 
[17:50:54] Read1: loaded 341M reads 
[17:50:54] Read2: loaded 341M reads 
[17:50:54] Read1: loaded 342M reads 
[17:50:54] Read2: loaded 342M reads 
[17:50:55] Read2: loaded 343M reads 
[17:50:55] Read1: loaded 343M reads 
[17:50:56] Read2: loaded 344M reads 
[17:50:56] Read1: loaded 344M reads 
[17:50:57] Read2: loaded 345M reads 
[17:50:57] Read1: loaded 345M reads 
[17:50:58] Read1: loaded 346M reads 
[17:50:58] Read2: loaded 346M reads 
[17:50:58] Read1: loaded 347M reads 
[17:50:58] Read2: loaded 347M reads 
[17:50:59] Read2: loaded 348M reads 
[17:50:59] Read1: loaded 348M reads 
[17:51:00] Read2: loaded 349M reads 
[17:51:00] Read1: loaded 349M reads 
[17:51:01] Read2: loaded 350M reads 
[17:51:01] Read1: loaded 350M reads 
[17:51:01] Read1: loaded 351M reads 
[17:51:01] Read2: loaded 351M reads 
[17:51:02] Read1: loaded 352M reads 
[17:51:02] Read2: loaded 352M reads 
[17:51:03] Read1: loaded 353M reads 
[17:51:03] Read2: loaded 353M reads 
[17:51:04] Read2: loaded 354M reads 
[17:51:04] Read1: loaded 354M reads 
[17:51:04] Read2: loaded 355M reads 
[17:51:04] Read1: loaded 355M reads 
[17:51:05] Read2: loaded 356M reads 
[17:51:05] Read1: loaded 356M reads 
[17:51:06] Read1: loaded 357M reads 
[17:51:06] Read2: loaded 357M reads 
[17:51:07] Read2: loaded 358M reads 
[17:51:07] Read1: loaded 358M reads 
[17:51:08] Read2: loaded 359M reads 
[17:51:08] Read1: loaded 359M reads 
[17:51:08] Read2: loaded 360M reads 
[17:51:08] Read1: loaded 360M reads 
[17:51:09] Read2: loaded 361M reads 
[17:51:09] Read1: loaded 361M reads 
[17:51:09] Read1: loading completed with 44102 packs 
[17:51:09] Read2: loading completed with 44102 packs 
[17:51:09] [fastp 1.3.3-d0bromir] Stage: loading (274102 ms) 
[17:51:09] [fastp 1.3.3-d0bromir] Stage: filtering 
[17:51:10] thread 15 data processing completed 
[17:51:10] thread 15 finished 
[17:51:10] thread 10 data processing completed 
[17:51:10] thread 10 finished 
[17:51:10] thread 7 data processing completed 
[17:51:10] thread 7 finished 
[17:51:10] thread 1 data processing completed 
[17:51:10] thread 1 finished 
[17:51:10] thread 14 data processing completed 
[17:51:10] thread 14 finished 
[17:51:10] thread 13 data processing completed 
[17:51:10] thread 13 finished 
[17:51:10] thread 6 data processing completed 
[17:51:10] thread 6 finished 
[17:51:10] thread 3 data processing completed 
[17:51:10] thread 3 finished 
[17:51:10] thread 16 data processing completed 
[17:51:10] thread 16 finished 
[17:51:10] thread 11 data processing completed 
[17:51:10] thread 11 finished 
[17:51:10] thread 12 data processing completed 
[17:51:10] thread 12 finished 
[17:51:10] thread 5 data processing completed 
[17:51:10] thread 5 finished 
[17:51:10] thread 2 data processing completed 
[17:51:10] thread 2 finished 
[17:51:10] thread 4 data processing completed 
[17:51:10] thread 4 finished 
[17:51:10] thread 8 data processing completed 
[17:51:10] thread 8 finished 
[17:51:10] thread 9 data processing completed 
[17:51:10] thread 9 finished 
[17:51:10] [fastp 1.3.3-d0bromir] Stage: filtering (399 ms) 
[17:51:10] [fastp 1.3.3-d0bromir] Stage: writing 
[17:51:10] /dev/shm/fastp_bench_4su1rQ_R2.fq.gz writer finished 
[17:51:10] /dev/shm/fastp_bench_HBLZPB_R1.fq.gz writer finished 
[17:51:10] [fastp 1.3.3-d0bromir] Stage: writing (26 ms) 
[17:51:10] start to generate reports
 
Read1 before filtering:
total reads: 361281611
total bases: 54192241650
Q20 bases: 54123398100(99.873%)
Q30 bases: 54123398100(99.873%)
Q40 bases: 0(0%)

Read2 before filtering:
total reads: 361281611
total bases: 54192241650
Q20 bases: 53855170050(99.378%)
Q30 bases: 53855170050(99.378%)
Q40 bases: 0(0%)

Read1 after filtering:
total reads: 358607374
total bases: 53574361382
Q20 bases: 53574361382(100%)
Q30 bases: 53574361382(100%)
Q40 bases: 0(0%)

Read2 after filtering:
total reads: 358607374
total bases: 53574361382
Q20 bases: 53574361382(100%)
Q30 bases: 53574361382(100%)
Q40 bases: 0(0%)

Filtering result:
reads passed filter: 717214748
reads failed due to low quality: 5328396
reads failed due to too many N: 20078
reads failed due to too short: 0
reads failed due to adapter dimer: 0
reads with adapter trimmed: 9627740
bases trimmed due to adapters: 442711160

Duplication rate: 5.60214%

Insert size peak (evaluated by paired-end reads): 269

JSON report: /dev/shm/fastp_bench_DbyJdw.json
HTML report: /dev/null

/home/mpiuser/bioauto_rev/fastp_d0bromir/fastp-cpu -w 16 -j /dev/shm/fastp_bench_DbyJdw.json -h /dev/null --verbose -i /home/mpiuser/FASTQ/WGS/DRR216653_1.fastq.gz -I /home/mpiuser/FASTQ/WGS/DRR216653_2.fastq.gz -o /dev/shm/fastp_bench_HBLZPB_R1.fq.gz -O /dev/shm/fastp_bench_4su1rQ_R2.fq.gz 
fastp v1.3.3-d0bromir, time used: 276 seconds
================================================================

================================================================
 Application  : d0bromir_gpu (/home/mpiuser/bioauto_rev/fastp_d0bromir/fastp)
 Dataset      : WGS PE 40G (DRR216653 R1+R2)
 Files        : R1=/home/mpiuser/FASTQ/WGS/DRR216653_1.fastq.gz
               R2=/home/mpiuser/FASTQ/WGS/DRR216653_2.fastq.gz
 Type         : PE
 Threads      : 16
 Wall time    : 248.366 s
 reads_in     : 722563222
 reads_out    : 717214748
 vs_opengene  : N/A
--- Resource usage ---
 CPU avg/peak : 2979.3% / 3503.5%
 RSS peak     : 3290 MiB
 GPU util a/p : 25.7% / 29.0%
 GPU mem peak : 1360 MiB
 Sample CSV   : /home/mpiuser/bioauto_rev/fastp_d0bromir/benchmark_results/20261003_172906/resources/resource_WGS_PE_40G_d0bromir_gpu_T16_1791049876.csv
--- Profiling output ---
[17:51:16] fastp 1.3.3-d0bromir starting 
[17:51:16] [GPU] CUDA GPU available (Device 0) - statistics GPU-accelerated (slots=8) 
[17:51:17] [fastp 1.3.3-d0bromir] Stage: loading 
[17:51:17] start to load data of read1 
[17:51:17] start to load data of read2 
[17:51:17] [GPU] CUDA GPU available (Device 1) - statistics GPU-accelerated (slots=8) 
[17:51:17] [GPU] Dual-GPU mode: Device 0 + Device 1 active 
[17:51:17] Read2: loaded 1M reads 
[17:51:17] Read1: loaded 1M reads 
[17:51:18] Read2: loaded 2M reads 
[17:51:18] Read1: loaded 2M reads 
[17:51:19] Read2: loaded 3M reads 
[17:51:19] Read1: loaded 3M reads 
[17:51:19] Read2: loaded 4M reads 
[17:51:19] Read1: loaded 4M reads 
[17:51:20] Read2: loaded 5M reads 
[17:51:20] Read1: loaded 5M reads 
[17:51:21] Read2: loaded 6M reads 
[17:51:21] Read1: loaded 6M reads 
[17:51:21] Read2: loaded 7M reads 
[17:51:21] Read1: loaded 7M reads 
[17:51:22] Read2: loaded 8M reads 
[17:51:22] Read1: loaded 8M reads 
[17:51:23] Read2: loaded 9M reads 
[17:51:23] Read1: loaded 9M reads 
[17:51:23] Read2: loaded 10M reads 
[17:51:23] Read1: loaded 10M reads 
[17:51:24] Read2: loaded 11M reads 
[17:51:24] Read1: loaded 11M reads 
[17:51:25] Read2: loaded 12M reads 
[17:51:25] Read1: loaded 12M reads 
[17:51:25] Read1: loaded 13M reads 
[17:51:25] Read2: loaded 13M reads 
[17:51:26] Read1: loaded 14M reads 
[17:51:26] Read2: loaded 14M reads 
[17:51:27] Read2: loaded 15M reads 
[17:51:27] Read1: loaded 15M reads 
[17:51:27] Read1: loaded 16M reads 
[17:51:27] Read2: loaded 16M reads 
[17:51:28] Read2: loaded 17M reads 
[17:51:28] Read1: loaded 17M reads 
[17:51:29] Read1: loaded 18M reads 
[17:51:29] Read2: loaded 18M reads 
[17:51:29] Read1: loaded 19M reads 
[17:51:29] Read2: loaded 19M reads 
[17:51:30] Read1: loaded 20M reads 
[17:51:30] Read2: loaded 20M reads 
[17:51:31] Read1: loaded 21M reads 
[17:51:31] Read2: loaded 21M reads 
[17:51:31] Read2: loaded 22M reads 
[17:51:31] Read1: loaded 22M reads 
[17:51:32] Read2: loaded 23M reads 
[17:51:32] Read1: loaded 23M reads 
[17:51:33] Read1: loaded 24M reads 
[17:51:33] Read2: loaded 24M reads 
[17:51:34] Read2: loaded 25M reads 
[17:51:34] Read1: loaded 25M reads 
[17:51:34] Read1: loaded 26M reads 
[17:51:34] Read2: loaded 26M reads 
[17:51:35] Read2: loaded 27M reads 
[17:51:35] Read1: loaded 27M reads 
[17:51:36] Read2: loaded 28M reads 
[17:51:36] Read1: loaded 28M reads 
[17:51:36] Read2: loaded 29M reads 
[17:51:36] Read1: loaded 29M reads 
[17:51:37] Read1: loaded 30M reads 
[17:51:37] Read2: loaded 30M reads 
[17:51:38] Read1: loaded 31M reads 
[17:51:38] Read2: loaded 31M reads 
[17:51:38] Read1: loaded 32M reads 
[17:51:38] Read2: loaded 32M reads 
[17:51:39] Read1: loaded 33M reads 
[17:51:39] Read2: loaded 33M reads 
[17:51:40] Read2: loaded 34M reads 
[17:51:40] Read1: loaded 34M reads 
[17:51:40] Read1: loaded 35M reads 
[17:51:40] Read2: loaded 35M reads 
[17:51:41] Read2: loaded 36M reads 
[17:51:41] Read1: loaded 36M reads 
[17:51:42] Read1: loaded 37M reads 
[17:51:42] Read2: loaded 37M reads 
[17:51:42] Read1: loaded 38M reads 
[17:51:42] Read2: loaded 38M reads 
[17:51:43] Read2: loaded 39M reads 
[17:51:43] Read1: loaded 39M reads 
[17:51:44] Read1: loaded 40M reads 
[17:51:44] Read2: loaded 40M reads 
[17:51:44] Read2: loaded 41M reads 
[17:51:44] Read1: loaded 41M reads 
[17:51:45] Read1: loaded 42M reads 
[17:51:45] Read2: loaded 42M reads 
[17:51:46] Read2: loaded 43M reads 
[17:51:46] Read1: loaded 43M reads 
[17:51:46] Read2: loaded 44M reads 
[17:51:46] Read1: loaded 44M reads 
[17:51:47] Read1: loaded 45M reads 
[17:51:47] Read2: loaded 45M reads 
[17:51:48] Read2: loaded 46M reads 
[17:51:48] Read1: loaded 46M reads 
[17:51:49] Read1: loaded 47M reads 
[17:51:49] Read2: loaded 47M reads 
[17:51:49] Read2: loaded 48M reads 
[17:51:49] Read1: loaded 48M reads 
[17:51:50] Read2: loaded 49M reads 
[17:51:50] Read1: loaded 49M reads 
[17:51:51] Read1: loaded 50M reads 
[17:51:51] Read2: loaded 50M reads 
[17:51:51] Read2: loaded 51M reads 
[17:51:51] Read1: loaded 51M reads 
[17:51:52] Read1: loaded 52M reads 
[17:51:52] Read2: loaded 52M reads 
[17:51:53] Read2: loaded 53M reads 
[17:51:53] Read1: loaded 53M reads 
[17:51:53] Read2: loaded 54M reads 
[17:51:53] Read1: loaded 54M reads 
[17:51:54] Read1: loaded 55M reads 
[17:51:54] Read2: loaded 55M reads 
[17:51:55] Read2: loaded 56M reads 
[17:51:55] Read1: loaded 56M reads 
[17:51:55] Read1: loaded 57M reads 
[17:51:55] Read2: loaded 57M reads 
[17:51:56] Read1: loaded 58M reads 
[17:51:56] Read2: loaded 58M reads 
[17:51:57] Read2: loaded 59M reads 
[17:51:57] Read1: loaded 59M reads 
[17:51:57] Read1: loaded 60M reads 
[17:51:57] Read2: loaded 60M reads 
[17:51:58] Read2: loaded 61M reads 
[17:51:58] Read1: loaded 61M reads 
[17:51:59] Read1: loaded 62M reads 
[17:51:59] Read2: loaded 62M reads 
[17:51:59] Read2: loaded 63M reads 
[17:51:59] Read1: loaded 63M reads 
[17:52:00] Read1: loaded 64M reads 
[17:52:00] Read2: loaded 64M reads 
[17:52:01] Read1: loaded 65M reads 
[17:52:01] Read2: loaded 65M reads 
[17:52:01] Read2: loaded 66M reads 
[17:52:01] Read1: loaded 66M reads 
[17:52:02] Read1: loaded 67M reads 
[17:52:02] Read2: loaded 67M reads 
[17:52:03] Read1: loaded 68M reads 
[17:52:03] Read2: loaded 68M reads 
[17:52:03] Read1: loaded 69M reads 
[17:52:03] Read2: loaded 69M reads 
[17:52:04] Read1: loaded 70M reads 
[17:52:04] Read2: loaded 70M reads 
[17:52:05] Read1: loaded 71M reads 
[17:52:05] Read2: loaded 71M reads 
[17:52:06] Read2: loaded 72M reads 
[17:52:06] Read1: loaded 72M reads 
[17:52:06] Read1: loaded 73M reads 
[17:52:06] Read2: loaded 73M reads 
[17:52:07] Read2: loaded 74M reads 
[17:52:07] Read1: loaded 74M reads 
[17:52:08] Read1: loaded 75M reads 
[17:52:08] Read2: loaded 75M reads 
[17:52:08] Read1: loaded 76M reads 
[17:52:08] Read2: loaded 76M reads 
[17:52:09] Read1: loaded 77M reads 
[17:52:09] Read2: loaded 77M reads 
[17:52:10] Read1: loaded 78M reads 
[17:52:10] Read2: loaded 78M reads 
[17:52:10] Read1: loaded 79M reads 
[17:52:10] Read2: loaded 79M reads 
[17:52:11] Read1: loaded 80M reads 
[17:52:11] Read2: loaded 80M reads 
[17:52:12] Read2: loaded 81M reads 
[17:52:12] Read1: loaded 81M reads 
[17:52:12] Read1: loaded 82M reads 
[17:52:12] Read2: loaded 82M reads 
[17:52:13] Read1: loaded 83M reads 
[17:52:13] Read2: loaded 83M reads 
[17:52:14] Read1: loaded 84M reads 
[17:52:14] Read2: loaded 84M reads 
[17:52:14] Read1: loaded 85M reads 
[17:52:14] Read2: loaded 85M reads 
[17:52:15] Read1: loaded 86M reads 
[17:52:15] Read2: loaded 86M reads 
[17:52:16] Read2: loaded 87M reads 
[17:52:16] Read1: loaded 87M reads 
[17:52:16] Read2: loaded 88M reads 
[17:52:16] Read1: loaded 88M reads 
[17:52:17] Read2: loaded 89M reads 
[17:52:17] Read1: loaded 89M reads 
[17:52:18] Read1: loaded 90M reads 
[17:52:18] Read2: loaded 90M reads 
[17:52:19] Read1: loaded 91M reads 
[17:52:19] Read2: loaded 91M reads 
[17:52:19] Read1: loaded 92M reads 
[17:52:19] Read2: loaded 92M reads 
[17:52:20] Read2: loaded 93M reads 
[17:52:20] Read1: loaded 93M reads 
[17:52:21] Read1: loaded 94M reads 
[17:52:21] Read2: loaded 94M reads 
[17:52:21] Read2: loaded 95M reads 
[17:52:21] Read1: loaded 95M reads 
[17:52:22] Read1: loaded 96M reads 
[17:52:22] Read2: loaded 96M reads 
[17:52:23] Read1: loaded 97M reads 
[17:52:23] Read2: loaded 97M reads 
[17:52:23] Read2: loaded 98M reads 
[17:52:23] Read1: loaded 98M reads 
[17:52:24] Read2: loaded 99M reads 
[17:52:24] Read1: loaded 99M reads 
[17:52:25] Read2: loaded 100M reads 
[17:52:25] Read1: loaded 100M reads 
[17:52:25] Read1: loaded 101M reads 
[17:52:25] Read2: loaded 101M reads 
[17:52:26] Read1: loaded 102M reads 
[17:52:26] Read2: loaded 102M reads 
[17:52:27] Read1: loaded 103M reads 
[17:52:27] Read2: loaded 103M reads 
[17:52:27] Read1: loaded 104M reads 
[17:52:27] Read2: loaded 104M reads 
[17:52:28] Read2: loaded 105M reads 
[17:52:28] Read1: loaded 105M reads 
[17:52:29] Read2: loaded 106M reads 
[17:52:29] Read1: loaded 106M reads 
[17:52:29] Read2: loaded 107M reads 
[17:52:29] Read1: loaded 107M reads 
[17:52:30] Read1: loaded 108M reads 
[17:52:30] Read2: loaded 108M reads 
[17:52:31] Read1: loaded 109M reads 
[17:52:31] Read2: loaded 109M reads 
[17:52:31] Read1: loaded 110M reads 
[17:52:32] Read2: loaded 110M reads 
[17:52:32] Read1: loaded 111M reads 
[17:52:32] Read2: loaded 111M reads 
[17:52:33] Read2: loaded 112M reads 
[17:52:33] Read1: loaded 112M reads 
[17:52:34] Read2: loaded 113M reads 
[17:52:34] Read1: loaded 113M reads 
[17:52:34] Read2: loaded 114M reads 
[17:52:34] Read1: loaded 114M reads 
[17:52:35] Read1: loaded 115M reads 
[17:52:35] Read2: loaded 115M reads 
[17:52:36] Read1: loaded 116M reads 
[17:52:36] Read2: loaded 116M reads 
[17:52:36] Read2: loaded 117M reads 
[17:52:36] Read1: loaded 117M reads 
[17:52:37] Read1: loaded 118M reads 
[17:52:37] Read2: loaded 118M reads 
[17:52:38] Read1: loaded 119M reads 
[17:52:38] Read2: loaded 119M reads 
[17:52:38] Read1: loaded 120M reads 
[17:52:38] Read2: loaded 120M reads 
[17:52:39] Read1: loaded 121M reads 
[17:52:39] Read2: loaded 121M reads 
[17:52:40] Read1: loaded 122M reads 
[17:52:40] Read2: loaded 122M reads 
[17:52:40] Read1: loaded 123M reads 
[17:52:40] Read2: loaded 123M reads 
[17:52:41] Read2: loaded 124M reads 
[17:52:41] Read1: loaded 124M reads 
[17:52:42] Read1: loaded 125M reads 
[17:52:42] Read2: loaded 125M reads 
[17:52:42] Read2: loaded 126M reads 
[17:52:42] Read1: loaded 126M reads 
[17:52:43] Read1: loaded 127M reads 
[17:52:43] Read2: loaded 127M reads 
[17:52:44] Read1: loaded 128M reads 
[17:52:44] Read2: loaded 128M reads 
[17:52:44] Read2: loaded 129M reads 
[17:52:44] Read1: loaded 129M reads 
[17:52:45] Read1: loaded 130M reads 
[17:52:45] Read2: loaded 130M reads 
[17:52:46] Read1: loaded 131M reads 
[17:52:46] Read2: loaded 131M reads 
[17:52:46] Read2: loaded 132M reads 
[17:52:46] Read1: loaded 132M reads 
[17:52:47] Read2: loaded 133M reads 
[17:52:47] Read1: loaded 133M reads 
[17:52:48] Read2: loaded 134M reads 
[17:52:48] Read1: loaded 134M reads 
[17:52:48] Read2: loaded 135M reads 
[17:52:48] Read1: loaded 135M reads 
[17:52:49] Read1: loaded 136M reads 
[17:52:49] Read2: loaded 136M reads 
[17:52:50] Read2: loaded 137M reads 
[17:52:50] Read1: loaded 137M reads 
[17:52:50] Read1: loaded 138M reads 
[17:52:50] Read2: loaded 138M reads 
[17:52:51] Read1: loaded 139M reads 
[17:52:51] Read2: loaded 139M reads 
[17:52:52] Read1: loaded 140M reads 
[17:52:52] Read2: loaded 140M reads 
[17:52:52] Read2: loaded 141M reads 
[17:52:53] Read1: loaded 141M reads 
[17:52:53] Read2: loaded 142M reads 
[17:52:53] Read1: loaded 142M reads 
[17:52:54] Read2: loaded 143M reads 
[17:52:54] Read1: loaded 143M reads 
[17:52:55] Read1: loaded 144M reads 
[17:52:55] Read2: loaded 144M reads 
[17:52:55] Read2: loaded 145M reads 
[17:52:55] Read1: loaded 145M reads 
[17:52:56] Read1: loaded 146M reads 
[17:52:56] Read2: loaded 146M reads 
[17:52:57] Read2: loaded 147M reads 
[17:52:57] Read1: loaded 147M reads 
[17:52:57] Read1: loaded 148M reads 
[17:52:57] Read2: loaded 148M reads 
[17:52:58] Read2: loaded 149M reads 
[17:52:58] Read1: loaded 149M reads 
[17:52:59] Read1: loaded 150M reads 
[17:52:59] Read2: loaded 150M reads 
[17:52:59] Read1: loaded 151M reads 
[17:52:59] Read2: loaded 151M reads 
[17:53:00] Read2: loaded 152M reads 
[17:53:00] Read1: loaded 152M reads 
[17:53:01] Read2: loaded 153M reads 
[17:53:01] Read1: loaded 153M reads 
[17:53:01] Read1: loaded 154M reads 
[17:53:01] Read2: loaded 154M reads 
[17:53:02] Read1: loaded 155M reads 
[17:53:02] Read2: loaded 155M reads 
[17:53:03] Read1: loaded 156M reads 
[17:53:03] Read2: loaded 156M reads 
[17:53:03] Read1: loaded 157M reads 
[17:53:03] Read2: loaded 157M reads 
[17:53:04] Read1: loaded 158M reads 
[17:53:04] Read2: loaded 158M reads 
[17:53:05] Read1: loaded 159M reads 
[17:53:05] Read2: loaded 159M reads 
[17:53:05] Read1: loaded 160M reads 
[17:53:05] Read2: loaded 160M reads 
[17:53:06] Read1: loaded 161M reads 
[17:53:06] Read2: loaded 161M reads 
[17:53:07] Read1: loaded 162M reads 
[17:53:07] Read2: loaded 162M reads 
[17:53:07] Read1: loaded 163M reads 
[17:53:07] Read2: loaded 163M reads 
[17:53:08] Read2: loaded 164M reads 
[17:53:08] Read1: loaded 164M reads 
[17:53:09] Read1: loaded 165M reads 
[17:53:09] Read2: loaded 165M reads 
[17:53:09] Read1: loaded 166M reads 
[17:53:09] Read2: loaded 166M reads 
[17:53:10] Read1: loaded 167M reads 
[17:53:10] Read2: loaded 167M reads 
[17:53:11] Read2: loaded 168M reads 
[17:53:11] Read1: loaded 168M reads 
[17:53:11] Read2: loaded 169M reads 
[17:53:11] Read1: loaded 169M reads 
[17:53:12] Read2: loaded 170M reads 
[17:53:12] Read1: loaded 170M reads 
[17:53:13] Read1: loaded 171M reads 
[17:53:13] Read2: loaded 171M reads 
[17:53:13] Read1: loaded 172M reads 
[17:53:13] Read2: loaded 172M reads 
[17:53:14] Read2: loaded 173M reads 
[17:53:14] Read1: loaded 173M reads 
[17:53:15] Read2: loaded 174M reads 
[17:53:15] Read1: loaded 174M reads 
[17:53:15] Read2: loaded 175M reads 
[17:53:15] Read1: loaded 175M reads 
[17:53:16] Read2: loaded 176M reads 
[17:53:16] Read1: loaded 176M reads 
[17:53:17] Read1: loaded 177M reads 
[17:53:17] Read2: loaded 177M reads 
[17:53:17] Read1: loaded 178M reads 
[17:53:17] Read2: loaded 178M reads 
[17:53:18] Read1: loaded 179M reads 
[17:53:18] Read2: loaded 179M reads 
[17:53:19] Read2: loaded 180M reads 
[17:53:19] Read1: loaded 180M reads 
[17:53:19] Read2: loaded 181M reads 
[17:53:19] Read1: loaded 181M reads 
[17:53:20] Read2: loaded 182M reads 
[17:53:20] Read1: loaded 182M reads 
[17:53:21] Read2: loaded 183M reads 
[17:53:21] Read1: loaded 183M reads 
[17:53:21] Read1: loaded 184M reads 
[17:53:21] Read2: loaded 184M reads 
[17:53:22] Read2: loaded 185M reads 
[17:53:22] Read1: loaded 185M reads 
[17:53:23] Read2: loaded 186M reads 
[17:53:23] Read1: loaded 186M reads 
[17:53:24] Read1: loaded 187M reads 
[17:53:24] Read2: loaded 187M reads 
[17:53:24] Read2: loaded 188M reads 
[17:53:24] Read1: loaded 188M reads 
[17:53:25] Read1: loaded 189M reads 
[17:53:25] Read2: loaded 189M reads 
[17:53:26] Read2: loaded 190M reads 
[17:53:26] Read1: loaded 190M reads 
[17:53:26] Read1: loaded 191M reads 
[17:53:26] Read2: loaded 191M reads 
[17:53:27] Read2: loaded 192M reads 
[17:53:27] Read1: loaded 192M reads 
[17:53:28] Read2: loaded 193M reads 
[17:53:28] Read1: loaded 193M reads 
[17:53:28] Read2: loaded 194M reads 
[17:53:28] Read1: loaded 194M reads 
[17:53:29] Read2: loaded 195M reads 
[17:53:29] Read1: loaded 195M reads 
[17:53:30] Read1: loaded 196M reads 
[17:53:30] Read2: loaded 196M reads 
[17:53:30] Read1: loaded 197M reads 
[17:53:30] Read2: loaded 197M reads 
[17:53:31] Read2: loaded 198M reads 
[17:53:31] Read1: loaded 198M reads 
[17:53:32] Read2: loaded 199M reads 
[17:53:32] Read1: loaded 199M reads 
[17:53:32] Read2: loaded 200M reads 
[17:53:32] Read1: loaded 200M reads 
[17:53:33] Read2: loaded 201M reads 
[17:53:33] Read1: loaded 201M reads 
[17:53:34] Read2: loaded 202M reads 
[17:53:34] Read1: loaded 202M reads 
[17:53:34] Read1: loaded 203M reads 
[17:53:34] Read2: loaded 203M reads 
[17:53:35] Read2: loaded 204M reads 
[17:53:35] Read1: loaded 204M reads 
[17:53:36] Read1: loaded 205M reads 
[17:53:36] Read2: loaded 205M reads 
[17:53:36] Read1: loaded 206M reads 
[17:53:36] Read2: loaded 206M reads 
[17:53:37] Read1: loaded 207M reads 
[17:53:37] Read2: loaded 207M reads 
[17:53:38] Read2: loaded 208M reads 
[17:53:38] Read1: loaded 208M reads 
[17:53:38] Read1: loaded 209M reads 
[17:53:38] Read2: loaded 209M reads 
[17:53:39] Read2: loaded 210M reads 
[17:53:39] Read1: loaded 210M reads 
[17:53:40] Read1: loaded 211M reads 
[17:53:40] Read2: loaded 211M reads 
[17:53:40] Read1: loaded 212M reads 
[17:53:40] Read2: loaded 212M reads 
[17:53:41] Read1: loaded 213M reads 
[17:53:41] Read2: loaded 213M reads 
[17:53:42] Read1: loaded 214M reads 
[17:53:42] Read2: loaded 214M reads 
[17:53:42] Read2: loaded 215M reads 
[17:53:42] Read1: loaded 215M reads 
[17:53:43] Read2: loaded 216M reads 
[17:53:43] Read1: loaded 216M reads 
[17:53:44] Read2: loaded 217M reads 
[17:53:44] Read1: loaded 217M reads 
[17:53:44] Read2: loaded 218M reads 
[17:53:44] Read1: loaded 218M reads 
[17:53:45] Read1: loaded 219M reads 
[17:53:45] Read2: loaded 219M reads 
[17:53:46] Read1: loaded 220M reads 
[17:53:46] Read2: loaded 220M reads 
[17:53:46] Read2: loaded 221M reads 
[17:53:46] Read1: loaded 221M reads 
[17:53:47] Read2: loaded 222M reads 
[17:53:47] Read1: loaded 222M reads 
[17:53:48] Read1: loaded 223M reads 
[17:53:48] Read2: loaded 223M reads 
[17:53:48] Read2: loaded 224M reads 
[17:53:48] Read1: loaded 224M reads 
[17:53:49] Read2: loaded 225M reads 
[17:53:49] Read1: loaded 225M reads 
[17:53:50] Read2: loaded 226M reads 
[17:53:50] Read1: loaded 226M reads 
[17:53:51] Read2: loaded 227M reads 
[17:53:51] Read1: loaded 227M reads 
[17:53:51] Read1: loaded 228M reads 
[17:53:51] Read2: loaded 228M reads 
[17:53:52] Read1: loaded 229M reads 
[17:53:52] Read2: loaded 229M reads 
[17:53:53] Read1: loaded 230M reads 
[17:53:53] Read2: loaded 230M reads 
[17:53:53] Read1: loaded 231M reads 
[17:53:53] Read2: loaded 231M reads 
[17:53:54] Read1: loaded 232M reads 
[17:53:54] Read2: loaded 232M reads 
[17:53:55] Read2: loaded 233M reads 
[17:53:55] Read1: loaded 233M reads 
[17:53:55] Read1: loaded 234M reads 
[17:53:55] Read2: loaded 234M reads 
[17:53:56] Read1: loaded 235M reads 
[17:53:56] Read2: loaded 235M reads 
[17:53:57] Read1: loaded 236M reads 
[17:53:57] Read2: loaded 236M reads 
[17:53:57] Read1: loaded 237M reads 
[17:53:57] Read2: loaded 237M reads 
[17:53:58] Read1: loaded 238M reads 
[17:53:58] Read2: loaded 238M reads 
[17:53:59] Read1: loaded 239M reads 
[17:53:59] Read2: loaded 239M reads 
[17:53:59] Read2: loaded 240M reads 
[17:53:59] Read1: loaded 240M reads 
[17:54:00] Read1: loaded 241M reads 
[17:54:00] Read2: loaded 241M reads 
[17:54:01] Read1: loaded 242M reads 
[17:54:01] Read2: loaded 242M reads 
[17:54:01] Read1: loaded 243M reads 
[17:54:01] Read2: loaded 243M reads 
[17:54:02] Read2: loaded 244M reads 
[17:54:02] Read1: loaded 244M reads 
[17:54:03] Read2: loaded 245M reads 
[17:54:03] Read1: loaded 245M reads 
[17:54:03] Read2: loaded 246M reads 
[17:54:03] Read1: loaded 246M reads 
[17:54:04] Read1: loaded 247M reads 
[17:54:04] Read2: loaded 247M reads 
[17:54:05] Read1: loaded 248M reads 
[17:54:05] Read2: loaded 248M reads 
[17:54:05] Read1: loaded 249M reads 
[17:54:05] Read2: loaded 249M reads 
[17:54:06] Read2: loaded 250M reads 
[17:54:06] Read1: loaded 250M reads 
[17:54:07] Read1: loaded 251M reads 
[17:54:07] Read2: loaded 251M reads 
[17:54:08] Read2: loaded 252M reads 
[17:54:08] Read1: loaded 252M reads 
[17:54:08] Read2: loaded 253M reads 
[17:54:08] Read1: loaded 253M reads 
[17:54:09] Read2: loaded 254M reads 
[17:54:09] Read1: loaded 254M reads 
[17:54:10] Read1: loaded 255M reads 
[17:54:10] Read2: loaded 255M reads 
[17:54:10] Read2: loaded 256M reads 
[17:54:10] Read1: loaded 256M reads 
[17:54:11] Read2: loaded 257M reads 
[17:54:11] Read1: loaded 257M reads 
[17:54:12] Read1: loaded 258M reads 
[17:54:12] Read2: loaded 258M reads 
[17:54:12] Read1: loaded 259M reads 
[17:54:12] Read2: loaded 259M reads 
[17:54:13] Read2: loaded 260M reads 
[17:54:13] Read1: loaded 260M reads 
[17:54:14] Read1: loaded 261M reads 
[17:54:14] Read2: loaded 261M reads 
[17:54:14] Read1: loaded 262M reads 
[17:54:14] Read2: loaded 262M reads 
[17:54:15] Read2: loaded 263M reads 
[17:54:15] Read1: loaded 263M reads 
[17:54:16] Read1: loaded 264M reads 
[17:54:16] Read2: loaded 264M reads 
[17:54:16] Read1: loaded 265M reads 
[17:54:16] Read2: loaded 265M reads 
[17:54:17] Read1: loaded 266M reads 
[17:54:17] Read2: loaded 266M reads 
[17:54:18] Read1: loaded 267M reads 
[17:54:18] Read2: loaded 267M reads 
[17:54:18] Read1: loaded 268M reads 
[17:54:18] Read2: loaded 268M reads 
[17:54:19] Read2: loaded 269M reads 
[17:54:19] Read1: loaded 269M reads 
[17:54:20] Read1: loaded 270M reads 
[17:54:20] Read2: loaded 270M reads 
[17:54:20] Read2: loaded 271M reads 
[17:54:20] Read1: loaded 271M reads 
[17:54:21] Read1: loaded 272M reads 
[17:54:21] Read2: loaded 272M reads 
[17:54:22] Read2: loaded 273M reads 
[17:54:22] Read1: loaded 273M reads 
[17:54:22] Read1: loaded 274M reads 
[17:54:23] Read2: loaded 274M reads 
[17:54:23] Read2: loaded 275M reads 
[17:54:23] Read1: loaded 275M reads 
[17:54:24] Read1: loaded 276M reads 
[17:54:24] Read2: loaded 276M reads 
[17:54:25] Read1: loaded 277M reads 
[17:54:25] Read2: loaded 277M reads 
[17:54:25] Read1: loaded 278M reads 
[17:54:25] Read2: loaded 278M reads 
[17:54:26] Read1: loaded 279M reads 
[17:54:26] Read2: loaded 279M reads 
[17:54:27] Read1: loaded 280M reads 
[17:54:27] Read2: loaded 280M reads 
[17:54:27] Read1: loaded 281M reads 
[17:54:27] Read2: loaded 281M reads 
[17:54:28] Read1: loaded 282M reads 
[17:54:28] Read2: loaded 282M reads 
[17:54:29] Read1: loaded 283M reads 
[17:54:29] Read2: loaded 283M reads 
[17:54:29] Read2: loaded 284M reads 
[17:54:29] Read1: loaded 284M reads 
[17:54:30] Read1: loaded 285M reads 
[17:54:30] Read2: loaded 285M reads 
[17:54:31] Read2: loaded 286M reads 
[17:54:31] Read1: loaded 286M reads 
[17:54:31] Read2: loaded 287M reads 
[17:54:31] Read1: loaded 287M reads 
[17:54:32] Read1: loaded 288M reads 
[17:54:32] Read2: loaded 288M reads 
[17:54:33] Read1: loaded 289M reads 
[17:54:33] Read2: loaded 289M reads 
[17:54:33] Read1: loaded 290M reads 
[17:54:33] Read2: loaded 290M reads 
[17:54:34] Read2: loaded 291M reads 
[17:54:34] Read1: loaded 291M reads 
[17:54:35] Read2: loaded 292M reads 
[17:54:35] Read1: loaded 292M reads 
[17:54:35] Read1: loaded 293M reads 
[17:54:35] Read2: loaded 293M reads 
[17:54:36] Read1: loaded 294M reads 
[17:54:36] Read2: loaded 294M reads 
[17:54:37] Read1: loaded 295M reads 
[17:54:37] Read2: loaded 295M reads 
[17:54:37] Read2: loaded 296M reads 
[17:54:37] Read1: loaded 296M reads 
[17:54:38] Read2: loaded 297M reads 
[17:54:38] Read1: loaded 297M reads 
[17:54:39] Read2: loaded 298M reads 
[17:54:39] Read1: loaded 298M reads 
[17:54:39] Read1: loaded 299M reads 
[17:54:39] Read2: loaded 299M reads 
[17:54:40] Read2: loaded 300M reads 
[17:54:40] Read1: loaded 300M reads 
[17:54:41] Read2: loaded 301M reads 
[17:54:41] Read1: loaded 301M reads 
[17:54:41] Read2: loaded 302M reads 
[17:54:41] Read1: loaded 302M reads 
[17:54:42] Read2: loaded 303M reads 
[17:54:42] Read1: loaded 303M reads 
[17:54:43] Read2: loaded 304M reads 
[17:54:43] Read1: loaded 304M reads 
[17:54:44] Read2: loaded 305M reads 
[17:54:44] Read1: loaded 305M reads 
[17:54:44] Read2: loaded 306M reads 
[17:54:44] Read1: loaded 306M reads 
[17:54:45] Read1: loaded 307M reads 
[17:54:45] Read2: loaded 307M reads 
[17:54:46] Read2: loaded 308M reads 
[17:54:46] Read1: loaded 308M reads 
[17:54:46] Read2: loaded 309M reads 
[17:54:46] Read1: loaded 309M reads 
[17:54:47] Read2: loaded 310M reads 
[17:54:47] Read1: loaded 310M reads 
[17:54:48] Read2: loaded 311M reads 
[17:54:48] Read1: loaded 311M reads 
[17:54:48] Read2: loaded 312M reads 
[17:54:48] Read1: loaded 312M reads 
[17:54:49] Read2: loaded 313M reads 
[17:54:49] Read1: loaded 313M reads 
[17:54:50] Read1: loaded 314M reads 
[17:54:50] Read2: loaded 314M reads 
[17:54:50] Read2: loaded 315M reads 
[17:54:50] Read1: loaded 315M reads 
[17:54:51] Read1: loaded 316M reads 
[17:54:51] Read2: loaded 316M reads 
[17:54:52] Read2: loaded 317M reads 
[17:54:52] Read1: loaded 317M reads 
[17:54:52] Read1: loaded 318M reads 
[17:54:52] Read2: loaded 318M reads 
[17:54:53] Read2: loaded 319M reads 
[17:54:53] Read1: loaded 319M reads 
[17:54:54] Read2: loaded 320M reads 
[17:54:54] Read1: loaded 320M reads 
[17:54:54] Read1: loaded 321M reads 
[17:54:55] Read2: loaded 321M reads 
[17:54:55] Read2: loaded 322M reads 
[17:54:55] Read1: loaded 322M reads 
[17:54:56] Read2: loaded 323M reads 
[17:54:56] Read1: loaded 323M reads 
[17:54:57] Read2: loaded 324M reads 
[17:54:57] Read1: loaded 324M reads 
[17:54:57] Read2: loaded 325M reads 
[17:54:57] Read1: loaded 325M reads 
[17:54:58] Read1: loaded 326M reads 
[17:54:58] Read2: loaded 326M reads 
[17:54:59] Read2: loaded 327M reads 
[17:54:59] Read1: loaded 327M reads 
[17:54:59] Read1: loaded 328M reads 
[17:54:59] Read2: loaded 328M reads 
[17:55:00] Read2: loaded 329M reads 
[17:55:00] Read1: loaded 329M reads 
[17:55:01] Read2: loaded 330M reads 
[17:55:01] Read1: loaded 330M reads 
[17:55:01] Read1: loaded 331M reads 
[17:55:01] Read2: loaded 331M reads 
[17:55:02] Read2: loaded 332M reads 
[17:55:02] Read1: loaded 332M reads 
[17:55:03] Read1: loaded 333M reads 
[17:55:03] Read2: loaded 333M reads 
[17:55:03] Read1: loaded 334M reads 
[17:55:03] Read2: loaded 334M reads 
[17:55:04] Read2: loaded 335M reads 
[17:55:04] Read1: loaded 335M reads 
[17:55:05] Read1: loaded 336M reads 
[17:55:05] Read2: loaded 336M reads 
[17:55:05] Read2: loaded 337M reads 
[17:55:05] Read1: loaded 337M reads 
[17:55:06] Read1: loaded 338M reads 
[17:55:06] Read2: loaded 338M reads 
[17:55:07] Read2: loaded 339M reads 
[17:55:07] Read1: loaded 339M reads 
[17:55:08] Read2: loaded 340M reads 
[17:55:08] Read1: loaded 340M reads 
[17:55:08] Read1: loaded 341M reads 
[17:55:08] Read2: loaded 341M reads 
[17:55:09] Read2: loaded 342M reads 
[17:55:09] Read1: loaded 342M reads 
[17:55:10] Read1: loaded 343M reads 
[17:55:10] Read2: loaded 343M reads 
[17:55:10] Read2: loaded 344M reads 
[17:55:10] Read1: loaded 344M reads 
[17:55:11] Read1: loaded 345M reads 
[17:55:11] Read2: loaded 345M reads 
[17:55:12] Read1: loaded 346M reads 
[17:55:12] Read2: loaded 346M reads 
[17:55:12] Read1: loaded 347M reads 
[17:55:12] Read2: loaded 347M reads 
[17:55:13] Read1: loaded 348M reads 
[17:55:13] Read2: loaded 348M reads 
[17:55:14] Read1: loaded 349M reads 
[17:55:14] Read2: loaded 349M reads 
[17:55:14] Read2: loaded 350M reads 
[17:55:14] Read1: loaded 350M reads 
[17:55:15] Read2: loaded 351M reads 
[17:55:15] Read1: loaded 351M reads 
[17:55:16] Read1: loaded 352M reads 
[17:55:16] Read2: loaded 352M reads 
[17:55:16] Read1: loaded 353M reads 
[17:55:16] Read2: loaded 353M reads 
[17:55:17] Read2: loaded 354M reads 
[17:55:17] Read1: loaded 354M reads 
[17:55:18] Read1: loaded 355M reads 
[17:55:18] Read2: loaded 355M reads 
[17:55:19] Read2: loaded 356M reads 
[17:55:19] Read1: loaded 356M reads 
[17:55:19] Read1: loaded 357M reads 
[17:55:19] Read2: loaded 357M reads 
[17:55:20] Read2: loaded 358M reads 
[17:55:20] Read1: loaded 358M reads 
[17:55:21] Read1: loaded 359M reads 
[17:55:21] Read2: loaded 359M reads 
[17:55:21] Read1: loaded 360M reads 
[17:55:21] Read2: loaded 360M reads 
[17:55:22] Read2: loaded 361M reads 
[17:55:22] Read1: loaded 361M reads 
[17:55:22] Read1: loading completed with 44102 packs 
[17:55:22] Read2: loading completed with 44102 packs 
[17:55:22] [fastp 1.3.3-d0bromir] Stage: loading (245650 ms) 
[17:55:22] [fastp 1.3.3-d0bromir] Stage: filtering 
[17:55:22] thread 5 data processing completed 
[17:55:22] thread 5 finished 
[17:55:22] thread 16 data processing completed 
[17:55:22] thread 16 finished 
[17:55:22] thread 1 data processing completed 
[17:55:22] thread 1 finished 
[17:55:22] thread 7 data processing completed 
[17:55:22] thread 7 finished 
[17:55:22] thread 2 data processing completed 
[17:55:22] thread 2 finished 
[17:55:22] thread 4 data processing completed 
[17:55:22] thread 4 finished 
[17:55:22] thread 14 data processing completed 
[17:55:22] thread 14 finished 
[17:55:22] thread 12 data processing completed 
[17:55:22] thread 12 finished 
[17:55:22] thread 9 data processing completed 
[17:55:22] thread 9 finished 
[17:55:22] thread 13 data processing completed 
[17:55:22] thread 13 finished 
[17:55:22] thread 15 data processing completed 
[17:55:22] thread 15 finished 
[17:55:22] thread 8 data processing completed 
[17:55:22] thread 8 finished 
[17:55:22] thread 10 data processing completed 
[17:55:22] thread 10 finished 
[17:55:22] thread 6 data processing completed 
[17:55:22] thread 6 finished 
[17:55:22] thread 11 data processing completed 
[17:55:22] thread 11 finished 
[17:55:23] thread 3 data processing completed 
[17:55:23] thread 3 finished 
[17:55:23] [fastp 1.3.3-d0bromir] Stage: filtering (352 ms) 
[17:55:23] [fastp 1.3.3-d0bromir] Stage: writing 
[17:55:23] /dev/shm/fastp_bench_GDXkzs_R2.fq.gz writer finished 
[17:55:23] /dev/shm/fastp_bench_1n1UAZ_R1.fq.gz writer finished 
[17:55:23] [fastp 1.3.3-d0bromir] Stage: writing (22 ms) 
[17:55:23] [GPU] Device 0: batches=44102 reads=361283584 
[17:55:23] [GPU] Device 1: batches=44102 reads=361279638 
[17:55:23] start to generate reports
 
Read1 before filtering:
total reads: 361281611
total bases: 54192241650
Q20 bases: 54123398100(99.873%)
Q30 bases: 54123398100(99.873%)
Q40 bases: 0(0%)

Read2 before filtering:
total reads: 361281611
total bases: 54192241650
Q20 bases: 53855170050(99.378%)
Q30 bases: 53855170050(99.378%)
Q40 bases: 0(0%)

Read1 after filtering:
total reads: 358607374
total bases: 53574361382
Q20 bases: 53574361382(100%)
Q30 bases: 53574361382(100%)
Q40 bases: 0(0%)

Read2 after filtering:
total reads: 358607374
total bases: 53574361382
Q20 bases: 53574361382(100%)
Q30 bases: 53574361382(100%)
Q40 bases: 0(0%)

Filtering result:
reads passed filter: 717214748
reads failed due to low quality: 5328396
reads failed due to too many N: 20078
reads failed due to too short: 0
reads failed due to adapter dimer: 0
reads with adapter trimmed: 9627740
bases trimmed due to adapters: 442711160

Duplication rate: 5.60214%

Insert size peak (evaluated by paired-end reads): 269

JSON report: /dev/shm/fastp_bench_BGSGF6.json
HTML report: /dev/null

/home/mpiuser/bioauto_rev/fastp_d0bromir/fastp -w 16 -j /dev/shm/fastp_bench_BGSGF6.json -h /dev/null --verbose -i /home/mpiuser/FASTQ/WGS/DRR216653_1.fastq.gz -I /home/mpiuser/FASTQ/WGS/DRR216653_2.fastq.gz -o /dev/shm/fastp_bench_1n1UAZ_R1.fq.gz -O /dev/shm/fastp_bench_GDXkzs_R2.fq.gz 
fastp v1.3.3-d0bromir, time used: 248 seconds
================================================================
