[06:01:06] fastp 1.3.3-d0bromir starting 
[06:01:06] [GPU] CUDA GPU available (Device 0) - statistics GPU-accelerated (slots=8) 
[06:01:06] [GPU] CUDA GPU available (Device 1) - statistics GPU-accelerated (slots=8) 
[06:01:07] [GPU] Dual-GPU mode: Device 0 + Device 1 active 
[07:07:08] [GPU] Device 0: batches=44102 reads=361281611 total_gpu=0.000000ms pack=0.000000ms h2d=0.000000ms kernel=0.000000ms d2h=0.000000ms 
[07:07:08] [GPU] Device 1: batches=44102 reads=361281611 total_gpu=0.000000ms pack=0.000000ms h2d=0.000000ms kernel=0.000000ms d2h=0.000000ms 
[07:07:08] [PROFILE] Filter batches=44102 gpu_reads=722563222 cpu_reads=0 gpu_filter_time=195477.811465ms cpu_filter_time=0.000000ms 
Read1 before filtering:
total reads: 361281611
total bases: 54192241650
Q20 bases: 54123398100(99.873%)
Q30 bases: 54123398100(99.873%)
Q40 bases: 0(0%)

Read2 before filtering:
total reads: 361281611
total bases: 54192241650
Q20 bases: 53855170050(99.378%)
Q30 bases: 53855170050(99.378%)
Q40 bases: 0(0%)

Read1 after filtering:
total reads: 358607374
total bases: 53574361382
Q20 bases: 53574361382(100%)
Q30 bases: 53574361382(100%)
Q40 bases: 0(0%)

Read2 after filtering:
total reads: 358607374
total bases: 53574361382
Q20 bases: 53574361382(100%)
Q30 bases: 53574361382(100%)
Q40 bases: 0(0%)

Filtering result:
reads passed filter: 717214748
reads failed due to low quality: 5328396
reads failed due to too many N: 20078
reads failed due to too short: 0
reads failed due to adapter dimer: 0
reads with adapter trimmed: 9627740
bases trimmed due to adapters: 442711160

Duplication rate: 5.60215%

Insert size peak (evaluated by paired-end reads): 269

╔══════════════════════════════════════════════════════════════╗
║              PROFILING SUMMARY (FASTP_PROFILING)            ║
╠══════════════════════════════════════════════════════════════╣
║ Total wall time:           3967893.9 ms                     ║
║ Total reads:               361281611                        ║
║ I/O bytes (compressed):   41315252885                        ║
╠══════════════════════════════════════════════════════════════╣
║ I/O (disk read):               440.5 ms  (  0.0%)           ║
║ Decompression:              447380.4 ms  ( 11.3%)           ║
║ CPU trim+adapter:          2338417.9 ms  ( 58.9%)           ║
║ CPU statRead:               592295.6 ms  ( 14.9%)           ║
║ CPU unstatRead:                  0.0 ms  (  0.0%)           ║
║ filter calls (incl. GPU):   195579.0 ms  (  4.9%)           ║
║ CPU output format:          100263.6 ms  (  2.5%)           ║
║ Output compression:        2387020.4 ms  ( 60.2%)           ║
║ Output write (fwrite):       23224.4 ms  (  0.6%)           ║
╠══════════════════════════════════════════════════════════════╣
║ (GPU breakdown printed by CudaStatsWrapper above)          ║
╚══════════════════════════════════════════════════════════════╝
[PROF_CSV] wall_ms,io_ms,decomp_ms,cpu_trim_ms,cpu_stat_ms,cpu_unstat_ms,filter_calls_ms,cpu_output_ms,compress_ms,write_ms,reads,io_bytes
[PROF_CSV] 3967893.9,440.5,447380.4,2338417.9,592295.6,0.0,195579.0,100263.6,2387020.4,23224.4,361281611,41315252885

JSON report: /tmp/slots_test/t64s8v3.json
HTML report: /dev/null

./fastp -w 64 -i /home/mpiuser/FASTQ/WGS/DRR216653_1.fastq.gz -I /home/mpiuser/FASTQ/WGS/DRR216653_2.fastq.gz -o /tmp/slots_test/t64s8v3_R1.fq.gz -O /tmp/slots_test/t64s8v3_R2.fq.gz -j /tmp/slots_test/t64s8v3.json -h /dev/null 
fastp v1.3.3-d0bromir, time used: 3968 seconds
