=== Full Benchmark Log: Sat Oct  3 11:38:47 UTC 2026 ===


================================================================
 Application  : opengene (/home/mpiuser/bioauto_rev/fastp_d0bromir/../fastp_opengene/fastp)
 Dataset      : WGS PE 40G (DRR216653 R1+R2)
 Files        : R1=/home/mpiuser/FASTQ/WGS/DRR216653_1.fastq.gz
               R2=/home/mpiuser/FASTQ/WGS/DRR216653_2.fastq.gz
 Type         : PE
 Threads      : 8
 Wall time    : 687.966 s
 reads_in     : 722563222
 reads_out    : 717214748
 vs_opengene  : baseline
--- Resource usage ---
 CPU avg/peak : 1156.4% / 1718.4%
 RSS peak     : 1306 MiB
 GPU util a/p : 0.0% / 0.0%
 GPU mem peak : 0 MiB
 Sample CSV   : /home/mpiuser/bioauto_rev/fastp_d0bromir/benchmark_results/20261003_113847/resources/resource_WGS_PE_40G_opengene_T8_1791027527.csv
--- Profiling output ---
[11:38:48] start to load data of read1 
[11:38:48] start to load data of read2 
[11:38:48] /dev/shm/fastp_bench_kGfeRu_R1.fq.gz writer finished 
[11:38:48] /dev/shm/fastp_bench_Cn5FH8_R2.fq.gz writer finished 
[11:38:50] Read1: loaded 1M reads 
[11:38:50] Read2: loaded 1M reads 
[11:38:52] Read1: loaded 2M reads 
[11:38:52] Read2: loaded 2M reads 
[11:38:54] Read1: loaded 3M reads 
[11:38:54] Read2: loaded 3M reads 
[11:38:55] Read1: loaded 4M reads 
[11:38:55] Read2: loaded 4M reads 
[11:38:57] Read2: loaded 5M reads 
[11:38:57] Read1: loaded 5M reads 
[11:38:59] Read2: loaded 6M reads 
[11:38:59] Read1: loaded 6M reads 
[11:39:01] Read2: loaded 7M reads 
[11:39:01] Read1: loaded 7M reads 
[11:39:03] Read1: loaded 8M reads 
[11:39:03] Read2: loaded 8M reads 
[11:39:05] Read1: loaded 9M reads 
[11:39:05] Read2: loaded 9M reads 
[11:39:07] Read2: loaded 10M reads 
[11:39:07] Read1: loaded 10M reads 
[11:39:09] Read2: loaded 11M reads 
[11:39:09] Read1: loaded 11M reads 
[11:39:11] Read2: loaded 12M reads 
[11:39:11] Read1: loaded 12M reads 
[11:39:13] Read1: loaded 13M reads 
[11:39:13] Read2: loaded 13M reads 
[11:39:14] Read1: loaded 14M reads 
[11:39:14] Read2: loaded 14M reads 
[11:39:16] Read1: loaded 15M reads 
[11:39:16] Read2: loaded 15M reads 
[11:39:18] Read2: loaded 16M reads 
[11:39:18] Read1: loaded 16M reads 
[11:39:20] Read2: loaded 17M reads 
[11:39:20] Read1: loaded 17M reads 
[11:39:22] Read1: loaded 18M reads 
[11:39:22] Read2: loaded 18M reads 
[11:39:24] Read1: loaded 19M reads 
[11:39:24] Read2: loaded 19M reads 
[11:39:26] Read1: loaded 20M reads 
[11:39:26] Read2: loaded 20M reads 
[11:39:28] Read1: loaded 21M reads 
[11:39:28] Read2: loaded 21M reads 
[11:39:30] Read2: loaded 22M reads 
[11:39:30] Read1: loaded 22M reads 
[11:39:32] Read2: loaded 23M reads 
[11:39:32] Read1: loaded 23M reads 
[11:39:33] Read1: loaded 24M reads 
[11:39:34] Read2: loaded 24M reads 
[11:39:35] Read1: loaded 25M reads 
[11:39:35] Read2: loaded 25M reads 
[11:39:37] Read1: loaded 26M reads 
[11:39:37] Read2: loaded 26M reads 
[11:39:39] Read2: loaded 27M reads 
[11:39:39] Read1: loaded 27M reads 
[11:39:41] Read2: loaded 28M reads 
[11:39:41] Read1: loaded 28M reads 
[11:39:43] Read2: loaded 29M reads 
[11:39:43] Read1: loaded 29M reads 
[11:39:45] Read1: loaded 30M reads 
[11:39:45] Read2: loaded 30M reads 
[11:39:47] Read1: loaded 31M reads 
[11:39:47] Read2: loaded 31M reads 
[11:39:49] Read2: loaded 32M reads 
[11:39:49] Read1: loaded 32M reads 
[11:39:51] Read2: loaded 33M reads 
[11:39:51] Read1: loaded 33M reads 
[11:39:53] Read2: loaded 34M reads 
[11:39:53] Read1: loaded 34M reads 
[11:39:54] Read1: loaded 35M reads 
[11:39:54] Read2: loaded 35M reads 
[11:39:56] Read1: loaded 36M reads 
[11:39:56] Read2: loaded 36M reads 
[11:39:58] Read1: loaded 37M reads 
[11:39:58] Read2: loaded 37M reads 
[11:40:00] Read2: loaded 38M reads 
[11:40:00] Read1: loaded 38M reads 
[11:40:02] Read2: loaded 39M reads 
[11:40:02] Read1: loaded 39M reads 
[11:40:04] Read2: loaded 40M reads 
[11:40:04] Read1: loaded 40M reads 
[11:40:06] Read2: loaded 41M reads 
[11:40:06] Read1: loaded 41M reads 
[11:40:08] Read1: loaded 42M reads 
[11:40:08] Read2: loaded 42M reads 
[11:40:10] Read1: loaded 43M reads 
[11:40:10] Read2: loaded 43M reads 
[11:40:12] Read2: loaded 44M reads 
[11:40:12] Read1: loaded 44M reads 
[11:40:14] Read2: loaded 45M reads 
[11:40:14] Read1: loaded 45M reads 
[11:40:15] Read1: loaded 46M reads 
[11:40:15] Read2: loaded 46M reads 
[11:40:17] Read1: loaded 47M reads 
[11:40:17] Read2: loaded 47M reads 
[11:40:19] Read1: loaded 48M reads 
[11:40:19] Read2: loaded 48M reads 
[11:40:21] Read1: loaded 49M reads 
[11:40:21] Read2: loaded 49M reads 
[11:40:23] Read2: loaded 50M reads 
[11:40:23] Read1: loaded 50M reads 
[11:40:25] Read2: loaded 51M reads 
[11:40:25] Read1: loaded 51M reads 
[11:40:27] Read1: loaded 52M reads 
[11:40:27] Read2: loaded 52M reads 
[11:40:29] Read2: loaded 53M reads 
[11:40:29] Read1: loaded 53M reads 
[11:40:31] Read1: loaded 54M reads 
[11:40:31] Read2: loaded 54M reads 
[11:40:33] Read1: loaded 55M reads 
[11:40:33] Read2: loaded 55M reads 
[11:40:35] Read2: loaded 56M reads 
[11:40:35] Read1: loaded 56M reads 
[11:40:36] Read2: loaded 57M reads 
[11:40:36] Read1: loaded 57M reads 
[11:40:38] Read1: loaded 58M reads 
[11:40:38] Read2: loaded 58M reads 
[11:40:40] Read1: loaded 59M reads 
[11:40:40] Read2: loaded 59M reads 
[11:40:42] Read2: loaded 60M reads 
[11:40:42] Read1: loaded 60M reads 
[11:40:44] Read2: loaded 61M reads 
[11:40:44] Read1: loaded 61M reads 
[11:40:46] Read1: loaded 62M reads 
[11:40:46] Read2: loaded 62M reads 
[11:40:48] Read2: loaded 63M reads 
[11:40:48] Read1: loaded 63M reads 
[11:40:50] Read1: loaded 64M reads 
[11:40:50] Read2: loaded 64M reads 
[11:40:52] Read1: loaded 65M reads 
[11:40:52] Read2: loaded 65M reads 
[11:40:54] Read1: loaded 66M reads 
[11:40:54] Read2: loaded 66M reads 
[11:40:55] Read1: loaded 67M reads 
[11:40:55] Read2: loaded 67M reads 
[11:40:57] Read1: loaded 68M reads 
[11:40:57] Read2: loaded 68M reads 
[11:40:59] Read1: loaded 69M reads 
[11:40:59] Read2: loaded 69M reads 
[11:41:01] Read1: loaded 70M reads 
[11:41:01] Read2: loaded 70M reads 
[11:41:03] Read1: loaded 71M reads 
[11:41:03] Read2: loaded 71M reads 
[11:41:05] Read2: loaded 72M reads 
[11:41:05] Read1: loaded 72M reads 
[11:41:07] Read2: loaded 73M reads 
[11:41:07] Read1: loaded 73M reads 
[11:41:09] Read2: loaded 74M reads 
[11:41:09] Read1: loaded 74M reads 
[11:41:11] Read2: loaded 75M reads 
[11:41:11] Read1: loaded 75M reads 
[11:41:13] Read1: loaded 76M reads 
[11:41:13] Read2: loaded 76M reads 
[11:41:15] Read1: loaded 77M reads 
[11:41:15] Read2: loaded 77M reads 
[11:41:16] Read1: loaded 78M reads 
[11:41:16] Read2: loaded 78M reads 
[11:41:18] Read1: loaded 79M reads 
[11:41:18] Read2: loaded 79M reads 
[11:41:20] Read1: loaded 80M reads 
[11:41:20] Read2: loaded 80M reads 
[11:41:22] Read1: loaded 81M reads 
[11:41:22] Read2: loaded 81M reads 
[11:41:24] Read2: loaded 82M reads 
[11:41:24] Read1: loaded 82M reads 
[11:41:26] Read2: loaded 83M reads 
[11:41:26] Read1: loaded 83M reads 
[11:41:28] Read2: loaded 84M reads 
[11:41:28] Read1: loaded 84M reads 
[11:41:30] Read1: loaded 85M reads 
[11:41:30] Read2: loaded 85M reads 
[11:41:32] Read1: loaded 86M reads 
[11:41:32] Read2: loaded 86M reads 
[11:41:34] Read1: loaded 87M reads 
[11:41:34] Read2: loaded 87M reads 
[11:41:36] Read2: loaded 88M reads 
[11:41:36] Read1: loaded 88M reads 
[11:41:37] Read2: loaded 89M reads 
[11:41:37] Read1: loaded 89M reads 
[11:41:39] Read1: loaded 90M reads 
[11:41:39] Read2: loaded 90M reads 
[11:41:41] Read1: loaded 91M reads 
[11:41:41] Read2: loaded 91M reads 
[11:41:43] Read1: loaded 92M reads 
[11:41:43] Read2: loaded 92M reads 
[11:41:45] Read2: loaded 93M reads 
[11:41:45] Read1: loaded 93M reads 
[11:41:47] Read2: loaded 94M reads 
[11:41:47] Read1: loaded 94M reads 
[11:41:49] Read2: loaded 95M reads 
[11:41:49] Read1: loaded 95M reads 
[11:41:51] Read2: loaded 96M reads 
[11:41:51] Read1: loaded 96M reads 
[11:41:53] Read1: loaded 97M reads 
[11:41:53] Read2: loaded 97M reads 
[11:41:55] Read2: loaded 98M reads 
[11:41:55] Read1: loaded 98M reads 
[11:41:57] Read2: loaded 99M reads 
[11:41:57] Read1: loaded 99M reads 
[11:41:58] Read2: loaded 100M reads 
[11:41:58] Read1: loaded 100M reads 
[11:42:00] Read2: loaded 101M reads 
[11:42:00] Read1: loaded 101M reads 
[11:42:02] Read1: loaded 102M reads 
[11:42:02] Read2: loaded 102M reads 
[11:42:04] Read1: loaded 103M reads 
[11:42:04] Read2: loaded 103M reads 
[11:42:06] Read2: loaded 104M reads 
[11:42:06] Read1: loaded 104M reads 
[11:42:08] Read2: loaded 105M reads 
[11:42:08] Read1: loaded 105M reads 
[11:42:10] Read2: loaded 106M reads 
[11:42:10] Read1: loaded 106M reads 
[11:42:12] Read2: loaded 107M reads 
[11:42:12] Read1: loaded 107M reads 
[11:42:14] Read1: loaded 108M reads 
[11:42:14] Read2: loaded 108M reads 
[11:42:16] Read1: loaded 109M reads 
[11:42:16] Read2: loaded 109M reads 
[11:42:18] Read2: loaded 110M reads 
[11:42:18] Read1: loaded 110M reads 
[11:42:19] Read2: loaded 111M reads 
[11:42:19] Read1: loaded 111M reads 
[11:42:21] Read2: loaded 112M reads 
[11:42:21] Read1: loaded 112M reads 
[11:42:23] Read1: loaded 113M reads 
[11:42:23] Read2: loaded 113M reads 
[11:42:25] Read1: loaded 114M reads 
[11:42:25] Read2: loaded 114M reads 
[11:42:27] Read2: loaded 115M reads 
[11:42:27] Read1: loaded 115M reads 
[11:42:29] Read2: loaded 116M reads 
[11:42:29] Read1: loaded 116M reads 
[11:42:31] Read2: loaded 117M reads 
[11:42:31] Read1: loaded 117M reads 
[11:42:33] Read1: loaded 118M reads 
[11:42:33] Read2: loaded 118M reads 
[11:42:35] Read1: loaded 119M reads 
[11:42:35] Read2: loaded 119M reads 
[11:42:37] Read1: loaded 120M reads 
[11:42:37] Read2: loaded 120M reads 
[11:42:39] Read2: loaded 121M reads 
[11:42:39] Read1: loaded 121M reads 
[11:42:40] Read1: loaded 122M reads 
[11:42:40] Read2: loaded 122M reads 
[11:42:42] Read1: loaded 123M reads 
[11:42:42] Read2: loaded 123M reads 
[11:42:44] Read2: loaded 124M reads 
[11:42:44] Read1: loaded 124M reads 
[11:42:46] Read1: loaded 125M reads 
[11:42:46] Read2: loaded 125M reads 
[11:42:48] Read2: loaded 126M reads 
[11:42:48] Read1: loaded 126M reads 
[11:42:50] Read1: loaded 127M reads 
[11:42:50] Read2: loaded 127M reads 
[11:42:52] Read1: loaded 128M reads 
[11:42:52] Read2: loaded 128M reads 
[11:42:54] Read2: loaded 129M reads 
[11:42:54] Read1: loaded 129M reads 
[11:42:56] Read2: loaded 130M reads 
[11:42:56] Read1: loaded 130M reads 
[11:42:58] Read1: loaded 131M reads 
[11:42:58] Read2: loaded 131M reads 
[11:42:59] Read1: loaded 132M reads 
[11:42:59] Read2: loaded 132M reads 
[11:43:01] Read1: loaded 133M reads 
[11:43:01] Read2: loaded 133M reads 
[11:43:03] Read2: loaded 134M reads 
[11:43:03] Read1: loaded 134M reads 
[11:43:05] Read2: loaded 135M reads 
[11:43:05] Read1: loaded 135M reads 
[11:43:07] Read2: loaded 136M reads 
[11:43:07] Read1: loaded 136M reads 
[11:43:09] Read2: loaded 137M reads 
[11:43:09] Read1: loaded 137M reads 
[11:43:11] Read1: loaded 138M reads 
[11:43:11] Read2: loaded 138M reads 
[11:43:13] Read1: loaded 139M reads 
[11:43:13] Read2: loaded 139M reads 
[11:43:15] Read1: loaded 140M reads 
[11:43:15] Read2: loaded 140M reads 
[11:43:17] Read2: loaded 141M reads 
[11:43:17] Read1: loaded 141M reads 
[11:43:18] Read2: loaded 142M reads 
[11:43:18] Read1: loaded 142M reads 
[11:43:20] Read2: loaded 143M reads 
[11:43:20] Read1: loaded 143M reads 
[11:43:22] Read2: loaded 144M reads 
[11:43:22] Read1: loaded 144M reads 
[11:43:24] Read2: loaded 145M reads 
[11:43:24] Read1: loaded 145M reads 
[11:43:26] Read2: loaded 146M reads 
[11:43:26] Read1: loaded 146M reads 
[11:43:28] Read2: loaded 147M reads 
[11:43:28] Read1: loaded 147M reads 
[11:43:30] Read2: loaded 148M reads 
[11:43:30] Read1: loaded 148M reads 
[11:43:32] Read2: loaded 149M reads 
[11:43:32] Read1: loaded 149M reads 
[11:43:34] Read1: loaded 150M reads 
[11:43:34] Read2: loaded 150M reads 
[11:43:36] Read1: loaded 151M reads 
[11:43:36] Read2: loaded 151M reads 
[11:43:37] Read1: loaded 152M reads 
[11:43:37] Read2: loaded 152M reads 
[11:43:39] Read1: loaded 153M reads 
[11:43:39] Read2: loaded 153M reads 
[11:43:41] Read1: loaded 154M reads 
[11:43:41] Read2: loaded 154M reads 
[11:43:43] Read1: loaded 155M reads 
[11:43:43] Read2: loaded 155M reads 
[11:43:45] Read1: loaded 156M reads 
[11:43:45] Read2: loaded 156M reads 
[11:43:47] Read1: loaded 157M reads 
[11:43:47] Read2: loaded 157M reads 
[11:43:49] Read1: loaded 158M reads 
[11:43:49] Read2: loaded 158M reads 
[11:43:51] Read1: loaded 159M reads 
[11:43:51] Read2: loaded 159M reads 
[11:43:53] Read1: loaded 160M reads 
[11:43:53] Read2: loaded 160M reads 
[11:43:55] Read1: loaded 161M reads 
[11:43:55] Read2: loaded 161M reads 
[11:43:56] Read1: loaded 162M reads 
[11:43:56] Read2: loaded 162M reads 
[11:43:58] Read2: loaded 163M reads 
[11:43:58] Read1: loaded 163M reads 
[11:44:00] Read2: loaded 164M reads 
[11:44:00] Read1: loaded 164M reads 
[11:44:02] Read2: loaded 165M reads 
[11:44:02] Read1: loaded 165M reads 
[11:44:04] Read2: loaded 166M reads 
[11:44:04] Read1: loaded 166M reads 
[11:44:06] Read2: loaded 167M reads 
[11:44:06] Read1: loaded 167M reads 
[11:44:08] Read2: loaded 168M reads 
[11:44:08] Read1: loaded 168M reads 
[11:44:10] Read2: loaded 169M reads 
[11:44:10] Read1: loaded 169M reads 
[11:44:12] Read2: loaded 170M reads 
[11:44:12] Read1: loaded 170M reads 
[11:44:14] Read2: loaded 171M reads 
[11:44:14] Read1: loaded 171M reads 
[11:44:15] Read2: loaded 172M reads 
[11:44:15] Read1: loaded 172M reads 
[11:44:17] Read1: loaded 173M reads 
[11:44:17] Read2: loaded 173M reads 
[11:44:19] Read2: loaded 174M reads 
[11:44:19] Read1: loaded 174M reads 
[11:44:21] Read2: loaded 175M reads 
[11:44:21] Read1: loaded 175M reads 
[11:44:23] Read1: loaded 176M reads 
[11:44:23] Read2: loaded 176M reads 
[11:44:25] Read2: loaded 177M reads 
[11:44:25] Read1: loaded 177M reads 
[11:44:27] Read2: loaded 178M reads 
[11:44:27] Read1: loaded 178M reads 
[11:44:29] Read2: loaded 179M reads 
[11:44:29] Read1: loaded 179M reads 
[11:44:31] Read2: loaded 180M reads 
[11:44:31] Read1: loaded 180M reads 
[11:44:33] Read2: loaded 181M reads 
[11:44:33] Read1: loaded 181M reads 
[11:44:35] Read2: loaded 182M reads 
[11:44:35] Read1: loaded 182M reads 
[11:44:36] Read2: loaded 183M reads 
[11:44:36] Read1: loaded 183M reads 
[11:44:38] Read2: loaded 184M reads 
[11:44:38] Read1: loaded 184M reads 
[11:44:40] Read1: loaded 185M reads 
[11:44:40] Read2: loaded 185M reads 
[11:44:42] Read2: loaded 186M reads 
[11:44:42] Read1: loaded 186M reads 
[11:44:44] Read1: loaded 187M reads 
[11:44:44] Read2: loaded 187M reads 
[11:44:46] Read1: loaded 188M reads 
[11:44:46] Read2: loaded 188M reads 
[11:44:48] Read2: loaded 189M reads 
[11:44:48] Read1: loaded 189M reads 
[11:44:50] Read2: loaded 190M reads 
[11:44:50] Read1: loaded 190M reads 
[11:44:52] Read2: loaded 191M reads 
[11:44:52] Read1: loaded 191M reads 
[11:44:53] Read1: loaded 192M reads 
[11:44:53] Read2: loaded 192M reads 
[11:44:55] Read2: loaded 193M reads 
[11:44:55] Read1: loaded 193M reads 
[11:44:57] Read1: loaded 194M reads 
[11:44:57] Read2: loaded 194M reads 
[11:44:59] Read2: loaded 195M reads 
[11:44:59] Read1: loaded 195M reads 
[11:45:01] Read2: loaded 196M reads 
[11:45:01] Read1: loaded 196M reads 
[11:45:03] Read2: loaded 197M reads 
[11:45:03] Read1: loaded 197M reads 
[11:45:05] Read2: loaded 198M reads 
[11:45:05] Read1: loaded 198M reads 
[11:45:07] Read2: loaded 199M reads 
[11:45:07] Read1: loaded 199M reads 
[11:45:09] Read2: loaded 200M reads 
[11:45:09] Read1: loaded 200M reads 
[11:45:11] Read2: loaded 201M reads 
[11:45:11] Read1: loaded 201M reads 
[11:45:12] Read1: loaded 202M reads 
[11:45:12] Read2: loaded 202M reads 
[11:45:14] Read1: loaded 203M reads 
[11:45:14] Read2: loaded 203M reads 
[11:45:16] Read1: loaded 204M reads 
[11:45:16] Read2: loaded 204M reads 
[11:45:18] Read1: loaded 205M reads 
[11:45:18] Read2: loaded 205M reads 
[11:45:20] Read1: loaded 206M reads 
[11:45:20] Read2: loaded 206M reads 
[11:45:22] Read1: loaded 207M reads 
[11:45:22] Read2: loaded 207M reads 
[11:45:24] Read1: loaded 208M reads 
[11:45:24] Read2: loaded 208M reads 
[11:45:26] Read1: loaded 209M reads 
[11:45:26] Read2: loaded 209M reads 
[11:45:28] Read2: loaded 210M reads 
[11:45:28] Read1: loaded 210M reads 
[11:45:29] Read1: loaded 211M reads 
[11:45:29] Read2: loaded 211M reads 
[11:45:31] Read2: loaded 212M reads 
[11:45:31] Read1: loaded 212M reads 
[11:45:33] Read2: loaded 213M reads 
[11:45:33] Read1: loaded 213M reads 
[11:45:35] Read2: loaded 214M reads 
[11:45:35] Read1: loaded 214M reads 
[11:45:37] Read2: loaded 215M reads 
[11:45:37] Read1: loaded 215M reads 
[11:45:39] Read2: loaded 216M reads 
[11:45:39] Read1: loaded 216M reads 
[11:45:41] Read2: loaded 217M reads 
[11:45:41] Read1: loaded 217M reads 
[11:45:43] Read2: loaded 218M reads 
[11:45:43] Read1: loaded 218M reads 
[11:45:45] Read1: loaded 219M reads 
[11:45:45] Read2: loaded 219M reads 
[11:45:46] Read1: loaded 220M reads 
[11:45:46] Read2: loaded 220M reads 
[11:45:48] Read1: loaded 221M reads 
[11:45:48] Read2: loaded 221M reads 
[11:45:50] Read2: loaded 222M reads 
[11:45:50] Read1: loaded 222M reads 
[11:45:52] Read2: loaded 223M reads 
[11:45:52] Read1: loaded 223M reads 
[11:45:54] Read2: loaded 224M reads 
[11:45:54] Read1: loaded 224M reads 
[11:45:56] Read1: loaded 225M reads 
[11:45:56] Read2: loaded 225M reads 
[11:45:58] Read1: loaded 226M reads 
[11:45:58] Read2: loaded 226M reads 
[11:46:00] Read1: loaded 227M reads 
[11:46:00] Read2: loaded 227M reads 
[11:46:02] Read2: loaded 228M reads 
[11:46:02] Read1: loaded 228M reads 
[11:46:03] Read1: loaded 229M reads 
[11:46:03] Read2: loaded 229M reads 
[11:46:05] Read1: loaded 230M reads 
[11:46:05] Read2: loaded 230M reads 
[11:46:07] Read1: loaded 231M reads 
[11:46:07] Read2: loaded 231M reads 
[11:46:09] Read1: loaded 232M reads 
[11:46:09] Read2: loaded 232M reads 
[11:46:11] Read2: loaded 233M reads 
[11:46:11] Read1: loaded 233M reads 
[11:46:13] Read1: loaded 234M reads 
[11:46:13] Read2: loaded 234M reads 
[11:46:15] Read1: loaded 235M reads 
[11:46:15] Read2: loaded 235M reads 
[11:46:17] Read1: loaded 236M reads 
[11:46:17] Read2: loaded 236M reads 
[11:46:19] Read1: loaded 237M reads 
[11:46:19] Read2: loaded 237M reads 
[11:46:20] Read1: loaded 238M reads 
[11:46:20] Read2: loaded 238M reads 
[11:46:22] Read1: loaded 239M reads 
[11:46:22] Read2: loaded 239M reads 
[11:46:24] Read1: loaded 240M reads 
[11:46:24] Read2: loaded 240M reads 
[11:46:26] Read1: loaded 241M reads 
[11:46:26] Read2: loaded 241M reads 
[11:46:28] Read1: loaded 242M reads 
[11:46:28] Read2: loaded 242M reads 
[11:46:30] Read1: loaded 243M reads 
[11:46:30] Read2: loaded 243M reads 
[11:46:32] Read1: loaded 244M reads 
[11:46:32] Read2: loaded 244M reads 
[11:46:34] Read1: loaded 245M reads 
[11:46:34] Read2: loaded 245M reads 
[11:46:36] Read1: loaded 246M reads 
[11:46:36] Read2: loaded 246M reads 
[11:46:37] Read1: loaded 247M reads 
[11:46:37] Read2: loaded 247M reads 
[11:46:39] Read1: loaded 248M reads 
[11:46:39] Read2: loaded 248M reads 
[11:46:41] Read2: loaded 249M reads 
[11:46:41] Read1: loaded 249M reads 
[11:46:43] Read2: loaded 250M reads 
[11:46:43] Read1: loaded 250M reads 
[11:46:45] Read2: loaded 251M reads 
[11:46:45] Read1: loaded 251M reads 
[11:46:47] Read2: loaded 252M reads 
[11:46:47] Read1: loaded 252M reads 
[11:46:49] Read2: loaded 253M reads 
[11:46:49] Read1: loaded 253M reads 
[11:46:51] Read2: loaded 254M reads 
[11:46:51] Read1: loaded 254M reads 
[11:46:53] Read2: loaded 255M reads 
[11:46:53] Read1: loaded 255M reads 
[11:46:55] Read2: loaded 256M reads 
[11:46:55] Read1: loaded 256M reads 
[11:46:56] Read2: loaded 257M reads 
[11:46:56] Read1: loaded 257M reads 
[11:46:58] Read2: loaded 258M reads 
[11:46:58] Read1: loaded 258M reads 
[11:47:00] Read1: loaded 259M reads 
[11:47:00] Read2: loaded 259M reads 
[11:47:02] Read1: loaded 260M reads 
[11:47:02] Read2: loaded 260M reads 
[11:47:04] Read1: loaded 261M reads 
[11:47:04] Read2: loaded 261M reads 
[11:47:06] Read1: loaded 262M reads 
[11:47:06] Read2: loaded 262M reads 
[11:47:08] Read2: loaded 263M reads 
[11:47:08] Read1: loaded 263M reads 
[11:47:10] Read1: loaded 264M reads 
[11:47:10] Read2: loaded 264M reads 
[11:47:12] Read1: loaded 265M reads 
[11:47:12] Read2: loaded 265M reads 
[11:47:14] Read1: loaded 266M reads 
[11:47:14] Read2: loaded 266M reads 
[11:47:15] Read1: loaded 267M reads 
[11:47:15] Read2: loaded 267M reads 
[11:47:17] Read1: loaded 268M reads 
[11:47:17] Read2: loaded 268M reads 
[11:47:19] Read1: loaded 269M reads 
[11:47:19] Read2: loaded 269M reads 
[11:47:21] Read2: loaded 270M reads 
[11:47:21] Read1: loaded 270M reads 
[11:47:23] Read1: loaded 271M reads 
[11:47:23] Read2: loaded 271M reads 
[11:47:25] Read1: loaded 272M reads 
[11:47:25] Read2: loaded 272M reads 
[11:47:27] Read1: loaded 273M reads 
[11:47:27] Read2: loaded 273M reads 
[11:47:29] Read2: loaded 274M reads 
[11:47:29] Read1: loaded 274M reads 
[11:47:31] Read1: loaded 275M reads 
[11:47:31] Read2: loaded 275M reads 
[11:47:32] Read1: loaded 276M reads 
[11:47:32] Read2: loaded 276M reads 
[11:47:34] Read2: loaded 277M reads 
[11:47:34] Read1: loaded 277M reads 
[11:47:36] Read2: loaded 278M reads 
[11:47:36] Read1: loaded 278M reads 
[11:47:38] Read1: loaded 279M reads 
[11:47:38] Read2: loaded 279M reads 
[11:47:40] Read1: loaded 280M reads 
[11:47:40] Read2: loaded 280M reads 
[11:47:42] Read1: loaded 281M reads 
[11:47:42] Read2: loaded 281M reads 
[11:47:44] Read1: loaded 282M reads 
[11:47:44] Read2: loaded 282M reads 
[11:47:46] Read1: loaded 283M reads 
[11:47:46] Read2: loaded 283M reads 
[11:47:48] Read1: loaded 284M reads 
[11:47:48] Read2: loaded 284M reads 
[11:47:50] Read1: loaded 285M reads 
[11:47:50] Read2: loaded 285M reads 
[11:47:51] Read1: loaded 286M reads 
[11:47:51] Read2: loaded 286M reads 
[11:47:53] Read1: loaded 287M reads 
[11:47:53] Read2: loaded 287M reads 
[11:47:55] Read1: loaded 288M reads 
[11:47:55] Read2: loaded 288M reads 
[11:47:57] Read1: loaded 289M reads 
[11:47:57] Read2: loaded 289M reads 
[11:47:59] Read1: loaded 290M reads 
[11:47:59] Read2: loaded 290M reads 
[11:48:01] Read1: loaded 291M reads 
[11:48:01] Read2: loaded 291M reads 
[11:48:03] Read2: loaded 292M reads 
[11:48:03] Read1: loaded 292M reads 
[11:48:05] Read1: loaded 293M reads 
[11:48:05] Read2: loaded 293M reads 
[11:48:07] Read1: loaded 294M reads 
[11:48:07] Read2: loaded 294M reads 
[11:48:09] Read1: loaded 295M reads 
[11:48:09] Read2: loaded 295M reads 
[11:48:11] Read1: loaded 296M reads 
[11:48:11] Read2: loaded 296M reads 
[11:48:12] Read2: loaded 297M reads 
[11:48:12] Read1: loaded 297M reads 
[11:48:14] Read1: loaded 298M reads 
[11:48:14] Read2: loaded 298M reads 
[11:48:16] Read1: loaded 299M reads 
[11:48:16] Read2: loaded 299M reads 
[11:48:18] Read1: loaded 300M reads 
[11:48:18] Read2: loaded 300M reads 
[11:48:20] Read1: loaded 301M reads 
[11:48:20] Read2: loaded 301M reads 
[11:48:22] Read1: loaded 302M reads 
[11:48:22] Read2: loaded 302M reads 
[11:48:24] Read2: loaded 303M reads 
[11:48:24] Read1: loaded 303M reads 
[11:48:26] Read2: loaded 304M reads 
[11:48:26] Read1: loaded 304M reads 
[11:48:28] Read2: loaded 305M reads 
[11:48:28] Read1: loaded 305M reads 
[11:48:30] Read2: loaded 306M reads 
[11:48:30] Read1: loaded 306M reads 
[11:48:31] Read1: loaded 307M reads 
[11:48:31] Read2: loaded 307M reads 
[11:48:33] Read2: loaded 308M reads 
[11:48:33] Read1: loaded 308M reads 
[11:48:35] Read1: loaded 309M reads 
[11:48:35] Read2: loaded 309M reads 
[11:48:37] Read2: loaded 310M reads 
[11:48:37] Read1: loaded 310M reads 
[11:48:39] Read2: loaded 311M reads 
[11:48:39] Read1: loaded 311M reads 
[11:48:41] Read2: loaded 312M reads 
[11:48:41] Read1: loaded 312M reads 
[11:48:43] Read1: loaded 313M reads 
[11:48:43] Read2: loaded 313M reads 
[11:48:45] Read1: loaded 314M reads 
[11:48:45] Read2: loaded 314M reads 
[11:48:47] Read2: loaded 315M reads 
[11:48:47] Read1: loaded 315M reads 
[11:48:49] Read1: loaded 316M reads 
[11:48:49] Read2: loaded 316M reads 
[11:48:50] Read2: loaded 317M reads 
[11:48:50] Read1: loaded 317M reads 
[11:48:52] Read2: loaded 318M reads 
[11:48:52] Read1: loaded 318M reads 
[11:48:54] Read2: loaded 319M reads 
[11:48:54] Read1: loaded 319M reads 
[11:48:56] Read1: loaded 320M reads 
[11:48:56] Read2: loaded 320M reads 
[11:48:58] Read1: loaded 321M reads 
[11:48:58] Read2: loaded 321M reads 
[11:49:00] Read1: loaded 322M reads 
[11:49:00] Read2: loaded 322M reads 
[11:49:02] Read2: loaded 323M reads 
[11:49:02] Read1: loaded 323M reads 
[11:49:04] Read1: loaded 324M reads 
[11:49:04] Read2: loaded 324M reads 
[11:49:06] Read1: loaded 325M reads 
[11:49:06] Read2: loaded 325M reads 
[11:49:07] Read2: loaded 326M reads 
[11:49:07] Read1: loaded 326M reads 
[11:49:09] Read1: loaded 327M reads 
[11:49:09] Read2: loaded 327M reads 
[11:49:11] Read2: loaded 328M reads 
[11:49:11] Read1: loaded 328M reads 
[11:49:13] Read1: loaded 329M reads 
[11:49:13] Read2: loaded 329M reads 
[11:49:15] Read2: loaded 330M reads 
[11:49:15] Read1: loaded 330M reads 
[11:49:17] Read2: loaded 331M reads 
[11:49:17] Read1: loaded 331M reads 
[11:49:19] Read1: loaded 332M reads 
[11:49:19] Read2: loaded 332M reads 
[11:49:21] Read1: loaded 333M reads 
[11:49:21] Read2: loaded 333M reads 
[11:49:23] Read2: loaded 334M reads 
[11:49:23] Read1: loaded 334M reads 
[11:49:25] Read2: loaded 335M reads 
[11:49:25] Read1: loaded 335M reads 
[11:49:27] Read1: loaded 336M reads 
[11:49:27] Read2: loaded 336M reads 
[11:49:28] Read2: loaded 337M reads 
[11:49:28] Read1: loaded 337M reads 
[11:49:30] Read2: loaded 338M reads 
[11:49:30] Read1: loaded 338M reads 
[11:49:32] Read2: loaded 339M reads 
[11:49:32] Read1: loaded 339M reads 
[11:49:34] Read2: loaded 340M reads 
[11:49:34] Read1: loaded 340M reads 
[11:49:36] Read2: loaded 341M reads 
[11:49:36] Read1: loaded 341M reads 
[11:49:38] Read2: loaded 342M reads 
[11:49:38] Read1: loaded 342M reads 
[11:49:40] Read2: loaded 343M reads 
[11:49:40] Read1: loaded 343M reads 
[11:49:42] Read2: loaded 344M reads 
[11:49:42] Read1: loaded 344M reads 
[11:49:44] Read2: loaded 345M reads 
[11:49:44] Read1: loaded 345M reads 
[11:49:46] Read1: loaded 346M reads 
[11:49:46] Read2: loaded 346M reads 
[11:49:47] Read1: loaded 347M reads 
[11:49:47] Read2: loaded 347M reads 
[11:49:49] Read1: loaded 348M reads 
[11:49:49] Read2: loaded 348M reads 
[11:49:51] Read2: loaded 349M reads 
[11:49:51] Read1: loaded 349M reads 
[11:49:53] Read2: loaded 350M reads 
[11:49:53] Read1: loaded 350M reads 
[11:49:55] Read2: loaded 351M reads 
[11:49:55] Read1: loaded 351M reads 
[11:49:57] Read1: loaded 352M reads 
[11:49:57] Read2: loaded 352M reads 
[11:49:59] Read1: loaded 353M reads 
[11:49:59] Read2: loaded 353M reads 
[11:50:01] Read2: loaded 354M reads 
[11:50:01] Read1: loaded 354M reads 
[11:50:03] Read2: loaded 355M reads 
[11:50:03] Read1: loaded 355M reads 
[11:50:05] Read2: loaded 356M reads 
[11:50:05] Read1: loaded 356M reads 
[11:50:07] Read2: loaded 357M reads 
[11:50:07] Read1: loaded 357M reads 
[11:50:08] Read1: loaded 358M reads 
[11:50:08] Read2: loaded 358M reads 
[11:50:10] Read1: loaded 359M reads 
[11:50:10] Read2: loaded 359M reads 
[11:50:12] Read1: loaded 360M reads 
[11:50:12] Read2: loaded 360M reads 
[11:50:14] Read2: loaded 361M reads 
[11:50:14] Read1: loaded 361M reads 
[11:50:15] Read1: loading completed with 361282 packs 
[11:50:15] Read2: loading completed with 361282 packs 
[11:50:15] thread 3 data processing completed 
[11:50:15] thread 3 finished 
[11:50:15] thread 4 data processing completed 
[11:50:15] thread 4 finished 
[11:50:15] thread 5 data processing completed 
[11:50:15] thread 5 finished 
[11:50:15] thread 6 data processing completed 
[11:50:15] thread 6 finished 
[11:50:15] thread 7 data processing completed 
[11:50:15] thread 7 finished 
[11:50:15] thread 8 data processing completed 
[11:50:15] thread 8 finished 
[11:50:15] thread 1 data processing completed 
[11:50:15] thread 2 data processing completed 
[11:50:15] thread 1 finished 
[11:50:15] thread 2 finished 
[11:50:15] start to generate reports
 
Read1 before filtering:
total reads: 361281611
total bases: 54192241650
Q20 bases: 54123398100(99.873%)
Q30 bases: 54123398100(99.873%)
Q40 bases: 0(0%)

Read2 before filtering:
total reads: 361281611
total bases: 54192241650
Q20 bases: 53855170050(99.378%)
Q30 bases: 53855170050(99.378%)
Q40 bases: 0(0%)

Read1 after filtering:
total reads: 358607374
total bases: 53574361382
Q20 bases: 53574361382(100%)
Q30 bases: 53574361382(100%)
Q40 bases: 0(0%)

Read2 after filtering:
total reads: 358607374
total bases: 53574361382
Q20 bases: 53574361382(100%)
Q30 bases: 53574361382(100%)
Q40 bases: 0(0%)

Filtering result:
reads passed filter: 717214748
reads failed due to low quality: 5328396
reads failed due to too many N: 20078
reads failed due to too short: 0
reads failed due to adapter dimer: 0
reads with adapter trimmed: 9627740
bases trimmed due to adapters: 442711160

Duplication rate: 5.60214%

Insert size peak (evaluated by paired-end reads): 269

JSON report: /dev/shm/fastp_bench_RRBgY7.json
HTML report: /dev/null

/home/mpiuser/bioauto_rev/fastp_d0bromir/../fastp_opengene/fastp -w 8 -j /dev/shm/fastp_bench_RRBgY7.json -h /dev/null --verbose -i /home/mpiuser/FASTQ/WGS/DRR216653_1.fastq.gz -I /home/mpiuser/FASTQ/WGS/DRR216653_2.fastq.gz -o /dev/shm/fastp_bench_kGfeRu_R1.fq.gz -O /dev/shm/fastp_bench_Cn5FH8_R2.fq.gz 
fastp v1.3.3, time used: 688 seconds
================================================================

================================================================
 Application  : d0bromir_cpu (/home/mpiuser/bioauto_rev/fastp_d0bromir/fastp-cpu)
 Dataset      : WGS PE 40G (DRR216653 R1+R2)
 Files        : R1=/home/mpiuser/FASTQ/WGS/DRR216653_1.fastq.gz
               R2=/home/mpiuser/FASTQ/WGS/DRR216653_2.fastq.gz
 Type         : PE
 Threads      : 8
 Wall time    : 531.899 s
 reads_in     : 722563222
 reads_out    : 717214748
 vs_opengene  : -22.7%
--- Resource usage ---
 CPU avg/peak : 1593.5% / 2078.5%
 RSS peak     : 2213 MiB
 GPU util a/p : 0.0% / 0.0%
 GPU mem peak : 0 MiB
 Sample CSV   : /home/mpiuser/bioauto_rev/fastp_d0bromir/benchmark_results/20261003_113847/resources/resource_WGS_PE_40G_d0bromir_cpu_T8_1791029479.csv
--- Profiling output ---
[12:11:19] fastp 1.3.3-d0bromir starting 
[12:11:19] [fastp 1.3.3-d0bromir] Stage: loading 
[12:11:19] start to load data of read1 
[12:11:19] start to load data of read2 
[12:11:20] Read2: loaded 1M reads 
[12:11:20] Read1: loaded 1M reads 
[12:11:22] Read2: loaded 2M reads 
[12:11:22] Read1: loaded 2M reads 
[12:11:23] Read1: loaded 3M reads 
[12:11:23] Read2: loaded 3M reads 
[12:11:25] Read2: loaded 4M reads 
[12:11:25] Read1: loaded 4M reads 
[12:11:26] Read2: loaded 5M reads 
[12:11:26] Read1: loaded 5M reads 
[12:11:28] Read2: loaded 6M reads 
[12:11:28] Read1: loaded 6M reads 
[12:11:29] Read2: loaded 7M reads 
[12:11:29] Read1: loaded 7M reads 
[12:11:31] Read1: loaded 8M reads 
[12:11:31] Read2: loaded 8M reads 
[12:11:32] Read2: loaded 9M reads 
[12:11:32] Read1: loaded 9M reads 
[12:11:34] Read2: loaded 10M reads 
[12:11:34] Read1: loaded 10M reads 
[12:11:35] Read2: loaded 11M reads 
[12:11:35] Read1: loaded 11M reads 
[12:11:37] Read1: loaded 12M reads 
[12:11:37] Read2: loaded 12M reads 
[12:11:38] Read2: loaded 13M reads 
[12:11:38] Read1: loaded 13M reads 
[12:11:40] Read2: loaded 14M reads 
[12:11:40] Read1: loaded 14M reads 
[12:11:41] Read2: loaded 15M reads 
[12:11:41] Read1: loaded 15M reads 
[12:11:42] Read1: loaded 16M reads 
[12:11:42] Read2: loaded 16M reads 
[12:11:44] Read1: loaded 17M reads 
[12:11:44] Read2: loaded 17M reads 
[12:11:45] Read1: loaded 18M reads 
[12:11:45] Read2: loaded 18M reads 
[12:11:47] Read1: loaded 19M reads 
[12:11:47] Read2: loaded 19M reads 
[12:11:48] Read1: loaded 20M reads 
[12:11:48] Read2: loaded 20M reads 
[12:11:50] Read1: loaded 21M reads 
[12:11:50] Read2: loaded 21M reads 
[12:11:51] Read1: loaded 22M reads 
[12:11:51] Read2: loaded 22M reads 
[12:11:53] Read1: loaded 23M reads 
[12:11:53] Read2: loaded 23M reads 
[12:11:54] Read2: loaded 24M reads 
[12:11:54] Read1: loaded 24M reads 
[12:11:56] Read1: loaded 25M reads 
[12:11:56] Read2: loaded 25M reads 
[12:11:57] Read1: loaded 26M reads 
[12:11:57] Read2: loaded 26M reads 
[12:11:59] Read1: loaded 27M reads 
[12:11:59] Read2: loaded 27M reads 
[12:12:00] Read1: loaded 28M reads 
[12:12:00] Read2: loaded 28M reads 
[12:12:02] Read1: loaded 29M reads 
[12:12:02] Read2: loaded 29M reads 
[12:12:03] Read2: loaded 30M reads 
[12:12:03] Read1: loaded 30M reads 
[12:12:05] Read2: loaded 31M reads 
[12:12:05] Read1: loaded 31M reads 
[12:12:06] Read1: loaded 32M reads 
[12:12:06] Read2: loaded 32M reads 
[12:12:08] Read2: loaded 33M reads 
[12:12:08] Read1: loaded 33M reads 
[12:12:09] Read1: loaded 34M reads 
[12:12:09] Read2: loaded 34M reads 
[12:12:11] Read1: loaded 35M reads 
[12:12:11] Read2: loaded 35M reads 
[12:12:12] Read2: loaded 36M reads 
[12:12:12] Read1: loaded 36M reads 
[12:12:13] Read2: loaded 37M reads 
[12:12:13] Read1: loaded 37M reads 
[12:12:15] Read1: loaded 38M reads 
[12:12:15] Read2: loaded 38M reads 
[12:12:16] Read2: loaded 39M reads 
[12:12:16] Read1: loaded 39M reads 
[12:12:18] Read1: loaded 40M reads 
[12:12:18] Read2: loaded 40M reads 
[12:12:19] Read2: loaded 41M reads 
[12:12:19] Read1: loaded 41M reads 
[12:12:21] Read2: loaded 42M reads 
[12:12:21] Read1: loaded 42M reads 
[12:12:22] Read1: loaded 43M reads 
[12:12:22] Read2: loaded 43M reads 
[12:12:24] Read1: loaded 44M reads 
[12:12:24] Read2: loaded 44M reads 
[12:12:25] Read1: loaded 45M reads 
[12:12:25] Read2: loaded 45M reads 
[12:12:27] Read1: loaded 46M reads 
[12:12:27] Read2: loaded 46M reads 
[12:12:28] Read2: loaded 47M reads 
[12:12:28] Read1: loaded 47M reads 
[12:12:30] Read2: loaded 48M reads 
[12:12:30] Read1: loaded 48M reads 
[12:12:31] Read2: loaded 49M reads 
[12:12:31] Read1: loaded 49M reads 
[12:12:33] Read1: loaded 50M reads 
[12:12:33] Read2: loaded 50M reads 
[12:12:34] Read2: loaded 51M reads 
[12:12:34] Read1: loaded 51M reads 
[12:12:36] Read1: loaded 52M reads 
[12:12:36] Read2: loaded 52M reads 
[12:12:37] Read2: loaded 53M reads 
[12:12:37] Read1: loaded 53M reads 
[12:12:39] Read1: loaded 54M reads 
[12:12:39] Read2: loaded 54M reads 
[12:12:40] Read1: loaded 55M reads 
[12:12:40] Read2: loaded 55M reads 
[12:12:42] Read2: loaded 56M reads 
[12:12:42] Read1: loaded 56M reads 
[12:12:43] Read1: loaded 57M reads 
[12:12:43] Read2: loaded 57M reads 
[12:12:45] Read2: loaded 58M reads 
[12:12:45] Read1: loaded 58M reads 
[12:12:46] Read1: loaded 59M reads 
[12:12:46] Read2: loaded 59M reads 
[12:12:48] Read1: loaded 60M reads 
[12:12:48] Read2: loaded 60M reads 
[12:12:49] Read2: loaded 61M reads 
[12:12:49] Read1: loaded 61M reads 
[12:12:50] Read1: loaded 62M reads 
[12:12:50] Read2: loaded 62M reads 
[12:12:52] Read2: loaded 63M reads 
[12:12:52] Read1: loaded 63M reads 
[12:12:53] Read2: loaded 64M reads 
[12:12:53] Read1: loaded 64M reads 
[12:12:55] Read2: loaded 65M reads 
[12:12:55] Read1: loaded 65M reads 
[12:12:56] Read2: loaded 66M reads 
[12:12:56] Read1: loaded 66M reads 
[12:12:58] Read2: loaded 67M reads 
[12:12:58] Read1: loaded 67M reads 
[12:12:59] Read1: loaded 68M reads 
[12:12:59] Read2: loaded 68M reads 
[12:13:01] Read2: loaded 69M reads 
[12:13:01] Read1: loaded 69M reads 
[12:13:02] Read1: loaded 70M reads 
[12:13:02] Read2: loaded 70M reads 
[12:13:04] Read1: loaded 71M reads 
[12:13:04] Read2: loaded 71M reads 
[12:13:05] Read2: loaded 72M reads 
[12:13:05] Read1: loaded 72M reads 
[12:13:07] Read2: loaded 73M reads 
[12:13:07] Read1: loaded 73M reads 
[12:13:08] Read1: loaded 74M reads 
[12:13:08] Read2: loaded 74M reads 
[12:13:10] Read1: loaded 75M reads 
[12:13:10] Read2: loaded 75M reads 
[12:13:11] Read1: loaded 76M reads 
[12:13:11] Read2: loaded 76M reads 
[12:13:13] Read1: loaded 77M reads 
[12:13:13] Read2: loaded 77M reads 
[12:13:14] Read2: loaded 78M reads 
[12:13:14] Read1: loaded 78M reads 
[12:13:16] Read2: loaded 79M reads 
[12:13:16] Read1: loaded 79M reads 
[12:13:17] Read2: loaded 80M reads 
[12:13:17] Read1: loaded 80M reads 
[12:13:19] Read1: loaded 81M reads 
[12:13:19] Read2: loaded 81M reads 
[12:13:20] Read1: loaded 82M reads 
[12:13:20] Read2: loaded 82M reads 
[12:13:22] Read1: loaded 83M reads 
[12:13:22] Read2: loaded 83M reads 
[12:13:23] Read2: loaded 84M reads 
[12:13:23] Read1: loaded 84M reads 
[12:13:25] Read2: loaded 85M reads 
[12:13:25] Read1: loaded 85M reads 
[12:13:26] Read1: loaded 86M reads 
[12:13:26] Read2: loaded 86M reads 
[12:13:27] Read2: loaded 87M reads 
[12:13:27] Read1: loaded 87M reads 
[12:13:29] Read2: loaded 88M reads 
[12:13:29] Read1: loaded 88M reads 
[12:13:30] Read1: loaded 89M reads 
[12:13:30] Read2: loaded 89M reads 
[12:13:32] Read2: loaded 90M reads 
[12:13:32] Read1: loaded 90M reads 
[12:13:33] Read1: loaded 91M reads 
[12:13:33] Read2: loaded 91M reads 
[12:13:35] Read2: loaded 92M reads 
[12:13:35] Read1: loaded 92M reads 
[12:13:36] Read1: loaded 93M reads 
[12:13:36] Read2: loaded 93M reads 
[12:13:38] Read1: loaded 94M reads 
[12:13:38] Read2: loaded 94M reads 
[12:13:39] Read1: loaded 95M reads 
[12:13:39] Read2: loaded 95M reads 
[12:13:41] Read1: loaded 96M reads 
[12:13:41] Read2: loaded 96M reads 
[12:13:42] Read2: loaded 97M reads 
[12:13:42] Read1: loaded 97M reads 
[12:13:44] Read2: loaded 98M reads 
[12:13:44] Read1: loaded 98M reads 
[12:13:45] Read2: loaded 99M reads 
[12:13:45] Read1: loaded 99M reads 
[12:13:47] Read2: loaded 100M reads 
[12:13:47] Read1: loaded 100M reads 
[12:13:48] Read2: loaded 101M reads 
[12:13:48] Read1: loaded 101M reads 
[12:13:50] Read2: loaded 102M reads 
[12:13:50] Read1: loaded 102M reads 
[12:13:51] Read1: loaded 103M reads 
[12:13:51] Read2: loaded 103M reads 
[12:13:53] Read1: loaded 104M reads 
[12:13:53] Read2: loaded 104M reads 
[12:13:54] Read1: loaded 105M reads 
[12:13:54] Read2: loaded 105M reads 
[12:13:56] Read1: loaded 106M reads 
[12:13:56] Read2: loaded 106M reads 
[12:13:57] Read2: loaded 107M reads 
[12:13:57] Read1: loaded 107M reads 
[12:13:59] Read1: loaded 108M reads 
[12:13:59] Read2: loaded 108M reads 
[12:14:00] Read2: loaded 109M reads 
[12:14:00] Read1: loaded 109M reads 
[12:14:01] Read1: loaded 110M reads 
[12:14:01] Read2: loaded 110M reads 
[12:14:03] Read1: loaded 111M reads 
[12:14:03] Read2: loaded 111M reads 
[12:14:04] Read1: loaded 112M reads 
[12:14:04] Read2: loaded 112M reads 
[12:14:06] Read1: loaded 113M reads 
[12:14:06] Read2: loaded 113M reads 
[12:14:07] Read1: loaded 114M reads 
[12:14:07] Read2: loaded 114M reads 
[12:14:09] Read2: loaded 115M reads 
[12:14:09] Read1: loaded 115M reads 
[12:14:10] Read1: loaded 116M reads 
[12:14:10] Read2: loaded 116M reads 
[12:14:12] Read1: loaded 117M reads 
[12:14:12] Read2: loaded 117M reads 
[12:14:13] Read1: loaded 118M reads 
[12:14:13] Read2: loaded 118M reads 
[12:14:15] Read1: loaded 119M reads 
[12:14:15] Read2: loaded 119M reads 
[12:14:16] Read2: loaded 120M reads 
[12:14:16] Read1: loaded 120M reads 
[12:14:18] Read1: loaded 121M reads 
[12:14:18] Read2: loaded 121M reads 
[12:14:19] Read1: loaded 122M reads 
[12:14:19] Read2: loaded 122M reads 
[12:14:21] Read1: loaded 123M reads 
[12:14:21] Read2: loaded 123M reads 
[12:14:22] Read2: loaded 124M reads 
[12:14:22] Read1: loaded 124M reads 
[12:14:24] Read1: loaded 125M reads 
[12:14:24] Read2: loaded 125M reads 
[12:14:25] Read2: loaded 126M reads 
[12:14:25] Read1: loaded 126M reads 
[12:14:27] Read1: loaded 127M reads 
[12:14:27] Read2: loaded 127M reads 
[12:14:28] Read1: loaded 128M reads 
[12:14:28] Read2: loaded 128M reads 
[12:14:29] Read1: loaded 129M reads 
[12:14:29] Read2: loaded 129M reads 
[12:14:31] Read1: loaded 130M reads 
[12:14:31] Read2: loaded 130M reads 
[12:14:32] Read1: loaded 131M reads 
[12:14:32] Read2: loaded 131M reads 
[12:14:34] Read1: loaded 132M reads 
[12:14:34] Read2: loaded 132M reads 
[12:14:35] Read1: loaded 133M reads 
[12:14:35] Read2: loaded 133M reads 
[12:14:37] Read1: loaded 134M reads 
[12:14:37] Read2: loaded 134M reads 
[12:14:38] Read2: loaded 135M reads 
[12:14:38] Read1: loaded 135M reads 
[12:14:40] Read1: loaded 136M reads 
[12:14:40] Read2: loaded 136M reads 
[12:14:41] Read2: loaded 137M reads 
[12:14:41] Read1: loaded 137M reads 
[12:14:43] Read1: loaded 138M reads 
[12:14:43] Read2: loaded 138M reads 
[12:14:44] Read1: loaded 139M reads 
[12:14:44] Read2: loaded 139M reads 
[12:14:45] Read1: loaded 140M reads 
[12:14:45] Read2: loaded 140M reads 
[12:14:47] Read2: loaded 141M reads 
[12:14:47] Read1: loaded 141M reads 
[12:14:48] Read2: loaded 142M reads 
[12:14:48] Read1: loaded 142M reads 
[12:14:50] Read2: loaded 143M reads 
[12:14:50] Read1: loaded 143M reads 
[12:14:51] Read2: loaded 144M reads 
[12:14:51] Read1: loaded 144M reads 
[12:14:53] Read1: loaded 145M reads 
[12:14:53] Read2: loaded 145M reads 
[12:14:54] Read1: loaded 146M reads 
[12:14:54] Read2: loaded 146M reads 
[12:14:56] Read2: loaded 147M reads 
[12:14:56] Read1: loaded 147M reads 
[12:14:57] Read2: loaded 148M reads 
[12:14:57] Read1: loaded 148M reads 
[12:14:59] Read2: loaded 149M reads 
[12:14:59] Read1: loaded 149M reads 
[12:15:00] Read1: loaded 150M reads 
[12:15:00] Read2: loaded 150M reads 
[12:15:01] Read1: loaded 151M reads 
[12:15:01] Read2: loaded 151M reads 
[12:15:03] Read1: loaded 152M reads 
[12:15:03] Read2: loaded 152M reads 
[12:15:04] Read1: loaded 153M reads 
[12:15:04] Read2: loaded 153M reads 
[12:15:06] Read1: loaded 154M reads 
[12:15:06] Read2: loaded 154M reads 
[12:15:07] Read1: loaded 155M reads 
[12:15:07] Read2: loaded 155M reads 
[12:15:09] Read1: loaded 156M reads 
[12:15:09] Read2: loaded 156M reads 
[12:15:10] Read2: loaded 157M reads 
[12:15:10] Read1: loaded 157M reads 
[12:15:12] Read1: loaded 158M reads 
[12:15:12] Read2: loaded 158M reads 
[12:15:13] Read2: loaded 159M reads 
[12:15:13] Read1: loaded 159M reads 
[12:15:15] Read2: loaded 160M reads 
[12:15:15] Read1: loaded 160M reads 
[12:15:16] Read2: loaded 161M reads 
[12:15:16] Read1: loaded 161M reads 
[12:15:17] Read1: loaded 162M reads 
[12:15:17] Read2: loaded 162M reads 
[12:15:19] Read1: loaded 163M reads 
[12:15:19] Read2: loaded 163M reads 
[12:15:20] Read2: loaded 164M reads 
[12:15:20] Read1: loaded 164M reads 
[12:15:22] Read1: loaded 165M reads 
[12:15:22] Read2: loaded 165M reads 
[12:15:23] Read2: loaded 166M reads 
[12:15:23] Read1: loaded 166M reads 
[12:15:25] Read1: loaded 167M reads 
[12:15:25] Read2: loaded 167M reads 
[12:15:26] Read2: loaded 168M reads 
[12:15:26] Read1: loaded 168M reads 
[12:15:28] Read1: loaded 169M reads 
[12:15:28] Read2: loaded 169M reads 
[12:15:29] Read2: loaded 170M reads 
[12:15:29] Read1: loaded 170M reads 
[12:15:31] Read1: loaded 171M reads 
[12:15:31] Read2: loaded 171M reads 
[12:15:32] Read1: loaded 172M reads 
[12:15:32] Read2: loaded 172M reads 
[12:15:33] Read1: loaded 173M reads 
[12:15:33] Read2: loaded 173M reads 
[12:15:35] Read2: loaded 174M reads 
[12:15:35] Read1: loaded 174M reads 
[12:15:36] Read1: loaded 175M reads 
[12:15:36] Read2: loaded 175M reads 
[12:15:38] Read1: loaded 176M reads 
[12:15:38] Read2: loaded 176M reads 
[12:15:39] Read1: loaded 177M reads 
[12:15:39] Read2: loaded 177M reads 
[12:15:41] Read1: loaded 178M reads 
[12:15:41] Read2: loaded 178M reads 
[12:15:42] Read2: loaded 179M reads 
[12:15:42] Read1: loaded 179M reads 
[12:15:44] Read1: loaded 180M reads 
[12:15:44] Read2: loaded 180M reads 
[12:15:45] Read2: loaded 181M reads 
[12:15:45] Read1: loaded 181M reads 
[12:15:47] Read2: loaded 182M reads 
[12:15:47] Read1: loaded 182M reads 
[12:15:48] Read2: loaded 183M reads 
[12:15:48] Read1: loaded 183M reads 
[12:15:49] Read2: loaded 184M reads 
[12:15:49] Read1: loaded 184M reads 
[12:15:51] Read1: loaded 185M reads 
[12:15:51] Read2: loaded 185M reads 
[12:15:52] Read2: loaded 186M reads 
[12:15:52] Read1: loaded 186M reads 
[12:15:54] Read1: loaded 187M reads 
[12:15:54] Read2: loaded 187M reads 
[12:15:55] Read2: loaded 188M reads 
[12:15:55] Read1: loaded 188M reads 
[12:15:57] Read1: loaded 189M reads 
[12:15:57] Read2: loaded 189M reads 
[12:15:58] Read2: loaded 190M reads 
[12:15:58] Read1: loaded 190M reads 
[12:16:00] Read2: loaded 191M reads 
[12:16:00] Read1: loaded 191M reads 
[12:16:01] Read2: loaded 192M reads 
[12:16:01] Read1: loaded 192M reads 
[12:16:03] Read1: loaded 193M reads 
[12:16:03] Read2: loaded 193M reads 
[12:16:04] Read2: loaded 194M reads 
[12:16:04] Read1: loaded 194M reads 
[12:16:05] Read1: loaded 195M reads 
[12:16:05] Read2: loaded 195M reads 
[12:16:07] Read1: loaded 196M reads 
[12:16:07] Read2: loaded 196M reads 
[12:16:08] Read1: loaded 197M reads 
[12:16:08] Read2: loaded 197M reads 
[12:16:10] Read2: loaded 198M reads 
[12:16:10] Read1: loaded 198M reads 
[12:16:11] Read1: loaded 199M reads 
[12:16:11] Read2: loaded 199M reads 
[12:16:13] Read1: loaded 200M reads 
[12:16:13] Read2: loaded 200M reads 
[12:16:14] Read1: loaded 201M reads 
[12:16:14] Read2: loaded 201M reads 
[12:16:16] Read1: loaded 202M reads 
[12:16:16] Read2: loaded 202M reads 
[12:16:17] Read1: loaded 203M reads 
[12:16:17] Read2: loaded 203M reads 
[12:16:19] Read1: loaded 204M reads 
[12:16:19] Read2: loaded 204M reads 
[12:16:20] Read1: loaded 205M reads 
[12:16:20] Read2: loaded 205M reads 
[12:16:21] Read2: loaded 206M reads 
[12:16:21] Read1: loaded 206M reads 
[12:16:23] Read2: loaded 207M reads 
[12:16:23] Read1: loaded 207M reads 
[12:16:24] Read2: loaded 208M reads 
[12:16:24] Read1: loaded 208M reads 
[12:16:26] Read1: loaded 209M reads 
[12:16:26] Read2: loaded 209M reads 
[12:16:27] Read2: loaded 210M reads 
[12:16:27] Read1: loaded 210M reads 
[12:16:29] Read1: loaded 211M reads 
[12:16:29] Read2: loaded 211M reads 
[12:16:30] Read2: loaded 212M reads 
[12:16:30] Read1: loaded 212M reads 
[12:16:32] Read2: loaded 213M reads 
[12:16:32] Read1: loaded 213M reads 
[12:16:33] Read2: loaded 214M reads 
[12:16:33] Read1: loaded 214M reads 
[12:16:35] Read2: loaded 215M reads 
[12:16:35] Read1: loaded 215M reads 
[12:16:36] Read1: loaded 216M reads 
[12:16:36] Read2: loaded 216M reads 
[12:16:37] Read1: loaded 217M reads 
[12:16:37] Read2: loaded 217M reads 
[12:16:39] Read1: loaded 218M reads 
[12:16:39] Read2: loaded 218M reads 
[12:16:40] Read2: loaded 219M reads 
[12:16:40] Read1: loaded 219M reads 
[12:16:42] Read1: loaded 220M reads 
[12:16:42] Read2: loaded 220M reads 
[12:16:43] Read2: loaded 221M reads 
[12:16:43] Read1: loaded 221M reads 
[12:16:45] Read2: loaded 222M reads 
[12:16:45] Read1: loaded 222M reads 
[12:16:46] Read1: loaded 223M reads 
[12:16:46] Read2: loaded 223M reads 
[12:16:48] Read1: loaded 224M reads 
[12:16:48] Read2: loaded 224M reads 
[12:16:49] Read2: loaded 225M reads 
[12:16:49] Read1: loaded 225M reads 
[12:16:51] Read2: loaded 226M reads 
[12:16:51] Read1: loaded 226M reads 
[12:16:52] Read2: loaded 227M reads 
[12:16:52] Read1: loaded 227M reads 
[12:16:54] Read1: loaded 228M reads 
[12:16:54] Read2: loaded 228M reads 
[12:16:55] Read1: loaded 229M reads 
[12:16:55] Read2: loaded 229M reads 
[12:16:56] Read2: loaded 230M reads 
[12:16:56] Read1: loaded 230M reads 
[12:16:58] Read1: loaded 231M reads 
[12:16:58] Read2: loaded 231M reads 
[12:16:59] Read1: loaded 232M reads 
[12:16:59] Read2: loaded 232M reads 
[12:17:01] Read1: loaded 233M reads 
[12:17:01] Read2: loaded 233M reads 
[12:17:02] Read2: loaded 234M reads 
[12:17:02] Read1: loaded 234M reads 
[12:17:04] Read1: loaded 235M reads 
[12:17:04] Read2: loaded 235M reads 
[12:17:05] Read2: loaded 236M reads 
[12:17:05] Read1: loaded 236M reads 
[12:17:07] Read1: loaded 237M reads 
[12:17:07] Read2: loaded 237M reads 
[12:17:08] Read1: loaded 238M reads 
[12:17:08] Read2: loaded 238M reads 
[12:17:10] Read2: loaded 239M reads 
[12:17:10] Read1: loaded 239M reads 
[12:17:11] Read1: loaded 240M reads 
[12:17:11] Read2: loaded 240M reads 
[12:17:13] Read1: loaded 241M reads 
[12:17:13] Read2: loaded 241M reads 
[12:17:14] Read2: loaded 242M reads 
[12:17:14] Read1: loaded 242M reads 
[12:17:15] Read1: loaded 243M reads 
[12:17:15] Read2: loaded 243M reads 
[12:17:17] Read2: loaded 244M reads 
[12:17:17] Read1: loaded 244M reads 
[12:17:18] Read1: loaded 245M reads 
[12:17:18] Read2: loaded 245M reads 
[12:17:20] Read2: loaded 246M reads 
[12:17:20] Read1: loaded 246M reads 
[12:17:21] Read2: loaded 247M reads 
[12:17:21] Read1: loaded 247M reads 
[12:17:23] Read1: loaded 248M reads 
[12:17:23] Read2: loaded 248M reads 
[12:17:24] Read1: loaded 249M reads 
[12:17:24] Read2: loaded 249M reads 
[12:17:26] Read1: loaded 250M reads 
[12:17:26] Read2: loaded 250M reads 
[12:17:27] Read1: loaded 251M reads 
[12:17:27] Read2: loaded 251M reads 
[12:17:29] Read2: loaded 252M reads 
[12:17:29] Read1: loaded 252M reads 
[12:17:30] Read2: loaded 253M reads 
[12:17:30] Read1: loaded 253M reads 
[12:17:31] Read2: loaded 254M reads 
[12:17:31] Read1: loaded 254M reads 
[12:17:33] Read1: loaded 255M reads 
[12:17:33] Read2: loaded 255M reads 
[12:17:34] Read2: loaded 256M reads 
[12:17:34] Read1: loaded 256M reads 
[12:17:36] Read2: loaded 257M reads 
[12:17:36] Read1: loaded 257M reads 
[12:17:37] Read1: loaded 258M reads 
[12:17:37] Read2: loaded 258M reads 
[12:17:39] Read1: loaded 259M reads 
[12:17:39] Read2: loaded 259M reads 
[12:17:40] Read1: loaded 260M reads 
[12:17:40] Read2: loaded 260M reads 
[12:17:42] Read2: loaded 261M reads 
[12:17:42] Read1: loaded 261M reads 
[12:17:43] Read2: loaded 262M reads 
[12:17:43] Read1: loaded 262M reads 
[12:17:45] Read2: loaded 263M reads 
[12:17:45] Read1: loaded 263M reads 
[12:17:46] Read2: loaded 264M reads 
[12:17:46] Read1: loaded 264M reads 
[12:17:48] Read2: loaded 265M reads 
[12:17:48] Read1: loaded 265M reads 
[12:17:49] Read1: loaded 266M reads 
[12:17:49] Read2: loaded 266M reads 
[12:17:50] Read1: loaded 267M reads 
[12:17:50] Read2: loaded 267M reads 
[12:17:52] Read1: loaded 268M reads 
[12:17:52] Read2: loaded 268M reads 
[12:17:53] Read1: loaded 269M reads 
[12:17:53] Read2: loaded 269M reads 
[12:17:55] Read2: loaded 270M reads 
[12:17:55] Read1: loaded 270M reads 
[12:17:56] Read2: loaded 271M reads 
[12:17:56] Read1: loaded 271M reads 
[12:17:58] Read1: loaded 272M reads 
[12:17:58] Read2: loaded 272M reads 
[12:17:59] Read2: loaded 273M reads 
[12:17:59] Read1: loaded 273M reads 
[12:18:01] Read2: loaded 274M reads 
[12:18:01] Read1: loaded 274M reads 
[12:18:02] Read1: loaded 275M reads 
[12:18:02] Read2: loaded 275M reads 
[12:18:04] Read1: loaded 276M reads 
[12:18:04] Read2: loaded 276M reads 
[12:18:05] Read1: loaded 277M reads 
[12:18:05] Read2: loaded 277M reads 
[12:18:07] Read2: loaded 278M reads 
[12:18:07] Read1: loaded 278M reads 
[12:18:08] Read2: loaded 279M reads 
[12:18:08] Read1: loaded 279M reads 
[12:18:09] Read2: loaded 280M reads 
[12:18:09] Read1: loaded 280M reads 
[12:18:11] Read2: loaded 281M reads 
[12:18:11] Read1: loaded 281M reads 
[12:18:12] Read2: loaded 282M reads 
[12:18:12] Read1: loaded 282M reads 
[12:18:14] Read1: loaded 283M reads 
[12:18:14] Read2: loaded 283M reads 
[12:18:15] Read2: loaded 284M reads 
[12:18:15] Read1: loaded 284M reads 
[12:18:17] Read1: loaded 285M reads 
[12:18:17] Read2: loaded 285M reads 
[12:18:18] Read2: loaded 286M reads 
[12:18:18] Read1: loaded 286M reads 
[12:18:20] Read1: loaded 287M reads 
[12:18:20] Read2: loaded 287M reads 
[12:18:21] Read1: loaded 288M reads 
[12:18:21] Read2: loaded 288M reads 
[12:18:23] Read1: loaded 289M reads 
[12:18:23] Read2: loaded 289M reads 
[12:18:24] Read1: loaded 290M reads 
[12:18:24] Read2: loaded 290M reads 
[12:18:26] Read2: loaded 291M reads 
[12:18:26] Read1: loaded 291M reads 
[12:18:27] Read1: loaded 292M reads 
[12:18:27] Read2: loaded 292M reads 
[12:18:28] Read1: loaded 293M reads 
[12:18:28] Read2: loaded 293M reads 
[12:18:30] Read1: loaded 294M reads 
[12:18:30] Read2: loaded 294M reads 
[12:18:31] Read2: loaded 295M reads 
[12:18:31] Read1: loaded 295M reads 
[12:18:33] Read2: loaded 296M reads 
[12:18:33] Read1: loaded 296M reads 
[12:18:34] Read1: loaded 297M reads 
[12:18:34] Read2: loaded 297M reads 
[12:18:36] Read2: loaded 298M reads 
[12:18:36] Read1: loaded 298M reads 
[12:18:37] Read1: loaded 299M reads 
[12:18:37] Read2: loaded 299M reads 
[12:18:39] Read1: loaded 300M reads 
[12:18:39] Read2: loaded 300M reads 
[12:18:40] Read1: loaded 301M reads 
[12:18:40] Read2: loaded 301M reads 
[12:18:42] Read1: loaded 302M reads 
[12:18:42] Read2: loaded 302M reads 
[12:18:43] Read2: loaded 303M reads 
[12:18:43] Read1: loaded 303M reads 
[12:18:45] Read2: loaded 304M reads 
[12:18:45] Read1: loaded 304M reads 
[12:18:46] Read1: loaded 305M reads 
[12:18:46] Read2: loaded 305M reads 
[12:18:47] Read2: loaded 306M reads 
[12:18:47] Read1: loaded 306M reads 
[12:18:49] Read2: loaded 307M reads 
[12:18:49] Read1: loaded 307M reads 
[12:18:50] Read2: loaded 308M reads 
[12:18:50] Read1: loaded 308M reads 
[12:18:52] Read1: loaded 309M reads 
[12:18:52] Read2: loaded 309M reads 
[12:18:53] Read2: loaded 310M reads 
[12:18:53] Read1: loaded 310M reads 
[12:18:55] Read2: loaded 311M reads 
[12:18:55] Read1: loaded 311M reads 
[12:18:56] Read1: loaded 312M reads 
[12:18:56] Read2: loaded 312M reads 
[12:18:58] Read2: loaded 313M reads 
[12:18:58] Read1: loaded 313M reads 
[12:18:59] Read2: loaded 314M reads 
[12:18:59] Read1: loaded 314M reads 
[12:19:01] Read2: loaded 315M reads 
[12:19:01] Read1: loaded 315M reads 
[12:19:02] Read1: loaded 316M reads 
[12:19:02] Read2: loaded 316M reads 
[12:19:04] Read2: loaded 317M reads 
[12:19:04] Read1: loaded 317M reads 
[12:19:05] Read1: loaded 318M reads 
[12:19:05] Read2: loaded 318M reads 
[12:19:07] Read1: loaded 319M reads 
[12:19:07] Read2: loaded 319M reads 
[12:19:08] Read2: loaded 320M reads 
[12:19:08] Read1: loaded 320M reads 
[12:19:10] Read2: loaded 321M reads 
[12:19:10] Read1: loaded 321M reads 
[12:19:11] Read1: loaded 322M reads 
[12:19:11] Read2: loaded 322M reads 
[12:19:13] Read1: loaded 323M reads 
[12:19:13] Read2: loaded 323M reads 
[12:19:14] Read2: loaded 324M reads 
[12:19:14] Read1: loaded 324M reads 
[12:19:16] Read2: loaded 325M reads 
[12:19:16] Read1: loaded 325M reads 
[12:19:17] Read1: loaded 326M reads 
[12:19:17] Read2: loaded 326M reads 
[12:19:18] Read1: loaded 327M reads 
[12:19:18] Read2: loaded 327M reads 
[12:19:20] Read2: loaded 328M reads 
[12:19:20] Read1: loaded 328M reads 
[12:19:21] Read2: loaded 329M reads 
[12:19:21] Read1: loaded 329M reads 
[12:19:23] Read1: loaded 330M reads 
[12:19:23] Read2: loaded 330M reads 
[12:19:24] Read1: loaded 331M reads 
[12:19:24] Read2: loaded 331M reads 
[12:19:26] Read2: loaded 332M reads 
[12:19:26] Read1: loaded 332M reads 
[12:19:27] Read2: loaded 333M reads 
[12:19:27] Read1: loaded 333M reads 
[12:19:29] Read1: loaded 334M reads 
[12:19:29] Read2: loaded 334M reads 
[12:19:30] Read2: loaded 335M reads 
[12:19:30] Read1: loaded 335M reads 
[12:19:32] Read1: loaded 336M reads 
[12:19:32] Read2: loaded 336M reads 
[12:19:33] Read1: loaded 337M reads 
[12:19:33] Read2: loaded 337M reads 
[12:19:35] Read2: loaded 338M reads 
[12:19:35] Read1: loaded 338M reads 
[12:19:36] Read2: loaded 339M reads 
[12:19:36] Read1: loaded 339M reads 
[12:19:38] Read2: loaded 340M reads 
[12:19:38] Read1: loaded 340M reads 
[12:19:39] Read1: loaded 341M reads 
[12:19:39] Read2: loaded 341M reads 
[12:19:41] Read1: loaded 342M reads 
[12:19:41] Read2: loaded 342M reads 
[12:19:42] Read1: loaded 343M reads 
[12:19:42] Read2: loaded 343M reads 
[12:19:44] Read2: loaded 344M reads 
[12:19:44] Read1: loaded 344M reads 
[12:19:45] Read2: loaded 345M reads 
[12:19:45] Read1: loaded 345M reads 
[12:19:47] Read2: loaded 346M reads 
[12:19:47] Read1: loaded 346M reads 
[12:19:48] Read1: loaded 347M reads 
[12:19:48] Read2: loaded 347M reads 
[12:19:50] Read1: loaded 348M reads 
[12:19:50] Read2: loaded 348M reads 
[12:19:51] Read2: loaded 349M reads 
[12:19:51] Read1: loaded 349M reads 
[12:19:52] Read2: loaded 350M reads 
[12:19:52] Read1: loaded 350M reads 
[12:19:54] Read1: loaded 351M reads 
[12:19:54] Read2: loaded 351M reads 
[12:19:55] Read1: loaded 352M reads 
[12:19:55] Read2: loaded 352M reads 
[12:19:57] Read2: loaded 353M reads 
[12:19:57] Read1: loaded 353M reads 
[12:19:58] Read2: loaded 354M reads 
[12:19:58] Read1: loaded 354M reads 
[12:20:00] Read1: loaded 355M reads 
[12:20:00] Read2: loaded 355M reads 
[12:20:01] Read2: loaded 356M reads 
[12:20:01] Read1: loaded 356M reads 
[12:20:03] Read1: loaded 357M reads 
[12:20:03] Read2: loaded 357M reads 
[12:20:04] Read1: loaded 358M reads 
[12:20:04] Read2: loaded 358M reads 
[12:20:06] Read1: loaded 359M reads 
[12:20:06] Read2: loaded 359M reads 
[12:20:07] Read2: loaded 360M reads 
[12:20:07] Read1: loaded 360M reads 
[12:20:09] Read2: loaded 361M reads 
[12:20:09] Read1: loaded 361M reads 
[12:20:09] Read2: loading completed with 44102 packs 
[12:20:09] Read1: loading completed with 44102 packs 
[12:20:09] [fastp 1.3.3-d0bromir] Stage: loading (529672 ms) 
[12:20:09] [fastp 1.3.3-d0bromir] Stage: filtering 
[12:20:10] thread 8 data processing completed 
[12:20:10] thread 8 finished 
[12:20:10] thread 1 data processing completed 
[12:20:10] thread 1 finished 
[12:20:10] thread 7 data processing completed 
[12:20:10] thread 7 finished 
[12:20:10] thread 6 data processing completed 
[12:20:10] thread 6 finished 
[12:20:10] thread 5 data processing completed 
[12:20:10] thread 5 finished 
[12:20:10] thread 2 data processing completed 
[12:20:10] thread 2 finished 
[12:20:10] thread 4 data processing completed 
[12:20:10] thread 4 finished 
[12:20:10] thread 3 data processing completed 
[12:20:10] thread 3 finished 
[12:20:10] [fastp 1.3.3-d0bromir] Stage: filtering (773 ms) 
[12:20:10] [fastp 1.3.3-d0bromir] Stage: writing 
[12:20:10] /dev/shm/fastp_bench_0sCnIy_R1.fq.gz writer finished 
[12:20:10] /dev/shm/fastp_bench_5NAKMo_R2.fq.gz writer finished 
[12:20:10] [fastp 1.3.3-d0bromir] Stage: writing (26 ms) 
[12:20:10] start to generate reports
 
Read1 before filtering:
total reads: 361281611
total bases: 54192241650
Q20 bases: 54123398100(99.873%)
Q30 bases: 54123398100(99.873%)
Q40 bases: 0(0%)

Read2 before filtering:
total reads: 361281611
total bases: 54192241650
Q20 bases: 53855170050(99.378%)
Q30 bases: 53855170050(99.378%)
Q40 bases: 0(0%)

Read1 after filtering:
total reads: 358607374
total bases: 53574361382
Q20 bases: 53574361382(100%)
Q30 bases: 53574361382(100%)
Q40 bases: 0(0%)

Read2 after filtering:
total reads: 358607374
total bases: 53574361382
Q20 bases: 53574361382(100%)
Q30 bases: 53574361382(100%)
Q40 bases: 0(0%)

Filtering result:
reads passed filter: 717214748
reads failed due to low quality: 5328396
reads failed due to too many N: 20078
reads failed due to too short: 0
reads failed due to adapter dimer: 0
reads with adapter trimmed: 9627740
bases trimmed due to adapters: 442711160

Duplication rate: 5.60214%

Insert size peak (evaluated by paired-end reads): 269

JSON report: /dev/shm/fastp_bench_R9Q3NT.json
HTML report: /dev/null

/home/mpiuser/bioauto_rev/fastp_d0bromir/fastp-cpu -w 8 -j /dev/shm/fastp_bench_R9Q3NT.json -h /dev/null --verbose -i /home/mpiuser/FASTQ/WGS/DRR216653_1.fastq.gz -I /home/mpiuser/FASTQ/WGS/DRR216653_2.fastq.gz -o /dev/shm/fastp_bench_0sCnIy_R1.fq.gz -O /dev/shm/fastp_bench_5NAKMo_R2.fq.gz 
fastp v1.3.3-d0bromir, time used: 532 seconds
================================================================

================================================================
 Application  : d0bromir_gpu (/home/mpiuser/bioauto_rev/fastp_d0bromir/fastp)
 Dataset      : WGS PE 40G (DRR216653 R1+R2)
 Files        : R1=/home/mpiuser/FASTQ/WGS/DRR216653_1.fastq.gz
               R2=/home/mpiuser/FASTQ/WGS/DRR216653_2.fastq.gz
 Type         : PE
 Threads      : 8
 Wall time    : 468.916 s
 reads_in     : 722563222
 reads_out    : 717214748
 vs_opengene  : -31.8%
--- Resource usage ---
 CPU avg/peak : 1703.6% / 2148.5%
 RSS peak     : 2949 MiB
 GPU util a/p : 13.7% / 16.0%
 GPU mem peak : 1360 MiB
 Sample CSV   : /home/mpiuser/bioauto_rev/fastp_d0bromir/benchmark_results/20261003_113847/resources/resource_WGS_PE_40G_d0bromir_gpu_T8_1791031289.csv
--- Profiling output ---
[12:41:29] fastp 1.3.3-d0bromir starting 
[12:41:30] [GPU] CUDA GPU available (Device 0) - statistics GPU-accelerated (slots=8) 
[12:41:30] [fastp 1.3.3-d0bromir] Stage: loading 
[12:41:30] start to load data of read1 
[12:41:30] start to load data of read2 
[12:41:30] [GPU] CUDA GPU available (Device 1) - statistics GPU-accelerated (slots=8) 
[12:41:30] [GPU] Dual-GPU mode: Device 0 + Device 1 active 
[12:41:31] Read2: loaded 1M reads 
[12:41:31] Read1: loaded 1M reads 
[12:41:32] Read1: loaded 2M reads 
[12:41:32] Read2: loaded 2M reads 
[12:41:33] Read1: loaded 3M reads 
[12:41:33] Read2: loaded 3M reads 
[12:41:35] Read2: loaded 4M reads 
[12:41:35] Read1: loaded 4M reads 
[12:41:36] Read2: loaded 5M reads 
[12:41:36] Read1: loaded 5M reads 
[12:41:37] Read1: loaded 6M reads 
[12:41:37] Read2: loaded 6M reads 
[12:41:39] Read2: loaded 7M reads 
[12:41:39] Read1: loaded 7M reads 
[12:41:40] Read1: loaded 8M reads 
[12:41:40] Read2: loaded 8M reads 
[12:41:41] Read1: loaded 9M reads 
[12:41:41] Read2: loaded 9M reads 
[12:41:43] Read2: loaded 10M reads 
[12:41:43] Read1: loaded 10M reads 
[12:41:44] Read2: loaded 11M reads 
[12:41:44] Read1: loaded 11M reads 
[12:41:45] Read1: loaded 12M reads 
[12:41:45] Read2: loaded 12M reads 
[12:41:46] Read1: loaded 13M reads 
[12:41:46] Read2: loaded 13M reads 
[12:41:48] Read1: loaded 14M reads 
[12:41:48] Read2: loaded 14M reads 
[12:41:49] Read2: loaded 15M reads 
[12:41:49] Read1: loaded 15M reads 
[12:41:50] Read1: loaded 16M reads 
[12:41:50] Read2: loaded 16M reads 
[12:41:52] Read1: loaded 17M reads 
[12:41:52] Read2: loaded 17M reads 
[12:41:53] Read1: loaded 18M reads 
[12:41:53] Read2: loaded 18M reads 
[12:41:54] Read2: loaded 19M reads 
[12:41:54] Read1: loaded 19M reads 
[12:41:56] Read1: loaded 20M reads 
[12:41:56] Read2: loaded 20M reads 
[12:41:57] Read2: loaded 21M reads 
[12:41:57] Read1: loaded 21M reads 
[12:41:58] Read2: loaded 22M reads 
[12:41:58] Read1: loaded 22M reads 
[12:41:59] Read2: loaded 23M reads 
[12:41:59] Read1: loaded 23M reads 
[12:42:01] Read1: loaded 24M reads 
[12:42:01] Read2: loaded 24M reads 
[12:42:02] Read1: loaded 25M reads 
[12:42:02] Read2: loaded 25M reads 
[12:42:03] Read1: loaded 26M reads 
[12:42:03] Read2: loaded 26M reads 
[12:42:05] Read1: loaded 27M reads 
[12:42:05] Read2: loaded 27M reads 
[12:42:06] Read1: loaded 28M reads 
[12:42:06] Read2: loaded 28M reads 
[12:42:07] Read1: loaded 29M reads 
[12:42:07] Read2: loaded 29M reads 
[12:42:09] Read2: loaded 30M reads 
[12:42:09] Read1: loaded 30M reads 
[12:42:10] Read2: loaded 31M reads 
[12:42:10] Read1: loaded 31M reads 
[12:42:11] Read2: loaded 32M reads 
[12:42:11] Read1: loaded 32M reads 
[12:42:13] Read2: loaded 33M reads 
[12:42:13] Read1: loaded 33M reads 
[12:42:14] Read1: loaded 34M reads 
[12:42:14] Read2: loaded 34M reads 
[12:42:15] Read1: loaded 35M reads 
[12:42:15] Read2: loaded 35M reads 
[12:42:16] Read2: loaded 36M reads 
[12:42:16] Read1: loaded 36M reads 
[12:42:18] Read1: loaded 37M reads 
[12:42:18] Read2: loaded 37M reads 
[12:42:19] Read1: loaded 38M reads 
[12:42:19] Read2: loaded 38M reads 
[12:42:20] Read1: loaded 39M reads 
[12:42:20] Read2: loaded 39M reads 
[12:42:22] Read1: loaded 40M reads 
[12:42:22] Read2: loaded 40M reads 
[12:42:23] Read2: loaded 41M reads 
[12:42:23] Read1: loaded 41M reads 
[12:42:24] Read2: loaded 42M reads 
[12:42:24] Read1: loaded 42M reads 
[12:42:26] Read1: loaded 43M reads 
[12:42:26] Read2: loaded 43M reads 
[12:42:27] Read1: loaded 44M reads 
[12:42:27] Read2: loaded 44M reads 
[12:42:28] Read1: loaded 45M reads 
[12:42:28] Read2: loaded 45M reads 
[12:42:29] Read2: loaded 46M reads 
[12:42:29] Read1: loaded 46M reads 
[12:42:31] Read1: loaded 47M reads 
[12:42:31] Read2: loaded 47M reads 
[12:42:32] Read1: loaded 48M reads 
[12:42:32] Read2: loaded 48M reads 
[12:42:33] Read1: loaded 49M reads 
[12:42:33] Read2: loaded 49M reads 
[12:42:35] Read2: loaded 50M reads 
[12:42:35] Read1: loaded 50M reads 
[12:42:36] Read2: loaded 51M reads 
[12:42:36] Read1: loaded 51M reads 
[12:42:37] Read2: loaded 52M reads 
[12:42:37] Read1: loaded 52M reads 
[12:42:39] Read1: loaded 53M reads 
[12:42:39] Read2: loaded 53M reads 
[12:42:40] Read2: loaded 54M reads 
[12:42:40] Read1: loaded 54M reads 
[12:42:41] Read2: loaded 55M reads 
[12:42:41] Read1: loaded 55M reads 
[12:42:42] Read2: loaded 56M reads 
[12:42:42] Read1: loaded 56M reads 
[12:42:44] Read1: loaded 57M reads 
[12:42:44] Read2: loaded 57M reads 
[12:42:45] Read1: loaded 58M reads 
[12:42:45] Read2: loaded 58M reads 
[12:42:46] Read2: loaded 59M reads 
[12:42:46] Read1: loaded 59M reads 
[12:42:48] Read1: loaded 60M reads 
[12:42:48] Read2: loaded 60M reads 
[12:42:49] Read2: loaded 61M reads 
[12:42:49] Read1: loaded 61M reads 
[12:42:50] Read2: loaded 62M reads 
[12:42:50] Read1: loaded 62M reads 
[12:42:52] Read2: loaded 63M reads 
[12:42:52] Read1: loaded 63M reads 
[12:42:53] Read2: loaded 64M reads 
[12:42:53] Read1: loaded 64M reads 
[12:42:54] Read1: loaded 65M reads 
[12:42:54] Read2: loaded 65M reads 
[12:42:55] Read2: loaded 66M reads 
[12:42:55] Read1: loaded 66M reads 
[12:42:57] Read2: loaded 67M reads 
[12:42:57] Read1: loaded 67M reads 
[12:42:58] Read2: loaded 68M reads 
[12:42:58] Read1: loaded 68M reads 
[12:42:59] Read1: loaded 69M reads 
[12:42:59] Read2: loaded 69M reads 
[12:43:01] Read1: loaded 70M reads 
[12:43:01] Read2: loaded 70M reads 
[12:43:02] Read1: loaded 71M reads 
[12:43:02] Read2: loaded 71M reads 
[12:43:03] Read2: loaded 72M reads 
[12:43:03] Read1: loaded 72M reads 
[12:43:05] Read1: loaded 73M reads 
[12:43:05] Read2: loaded 73M reads 
[12:43:06] Read2: loaded 74M reads 
[12:43:06] Read1: loaded 74M reads 
[12:43:07] Read1: loaded 75M reads 
[12:43:07] Read2: loaded 75M reads 
[12:43:08] Read2: loaded 76M reads 
[12:43:08] Read1: loaded 76M reads 
[12:43:10] Read1: loaded 77M reads 
[12:43:10] Read2: loaded 77M reads 
[12:43:11] Read2: loaded 78M reads 
[12:43:11] Read1: loaded 78M reads 
[12:43:12] Read1: loaded 79M reads 
[12:43:12] Read2: loaded 79M reads 
[12:43:14] Read1: loaded 80M reads 
[12:43:14] Read2: loaded 80M reads 
[12:43:15] Read2: loaded 81M reads 
[12:43:15] Read1: loaded 81M reads 
[12:43:16] Read1: loaded 82M reads 
[12:43:16] Read2: loaded 82M reads 
[12:43:18] Read1: loaded 83M reads 
[12:43:18] Read2: loaded 83M reads 
[12:43:19] Read2: loaded 84M reads 
[12:43:19] Read1: loaded 84M reads 
[12:43:20] Read1: loaded 85M reads 
[12:43:20] Read2: loaded 85M reads 
[12:43:21] Read1: loaded 86M reads 
[12:43:21] Read2: loaded 86M reads 
[12:43:23] Read1: loaded 87M reads 
[12:43:23] Read2: loaded 87M reads 
[12:43:24] Read2: loaded 88M reads 
[12:43:24] Read1: loaded 88M reads 
[12:43:25] Read1: loaded 89M reads 
[12:43:25] Read2: loaded 89M reads 
[12:43:27] Read1: loaded 90M reads 
[12:43:27] Read2: loaded 90M reads 
[12:43:28] Read1: loaded 91M reads 
[12:43:28] Read2: loaded 91M reads 
[12:43:29] Read1: loaded 92M reads 
[12:43:29] Read2: loaded 92M reads 
[12:43:31] Read1: loaded 93M reads 
[12:43:31] Read2: loaded 93M reads 
[12:43:32] Read1: loaded 94M reads 
[12:43:32] Read2: loaded 94M reads 
[12:43:33] Read1: loaded 95M reads 
[12:43:33] Read2: loaded 95M reads 
[12:43:34] Read1: loaded 96M reads 
[12:43:34] Read2: loaded 96M reads 
[12:43:36] Read2: loaded 97M reads 
[12:43:36] Read1: loaded 97M reads 
[12:43:37] Read2: loaded 98M reads 
[12:43:37] Read1: loaded 98M reads 
[12:43:38] Read2: loaded 99M reads 
[12:43:38] Read1: loaded 99M reads 
[12:43:40] Read1: loaded 100M reads 
[12:43:40] Read2: loaded 100M reads 
[12:43:41] Read1: loaded 101M reads 
[12:43:41] Read2: loaded 101M reads 
[12:43:42] Read2: loaded 102M reads 
[12:43:42] Read1: loaded 102M reads 
[12:43:44] Read1: loaded 103M reads 
[12:43:44] Read2: loaded 103M reads 
[12:43:45] Read1: loaded 104M reads 
[12:43:45] Read2: loaded 104M reads 
[12:43:46] Read2: loaded 105M reads 
[12:43:46] Read1: loaded 105M reads 
[12:43:48] Read1: loaded 106M reads 
[12:43:48] Read2: loaded 106M reads 
[12:43:49] Read1: loaded 107M reads 
[12:43:49] Read2: loaded 107M reads 
[12:43:50] Read1: loaded 108M reads 
[12:43:50] Read2: loaded 108M reads 
[12:43:51] Read1: loaded 109M reads 
[12:43:51] Read2: loaded 109M reads 
[12:43:53] Read1: loaded 110M reads 
[12:43:53] Read2: loaded 110M reads 
[12:43:54] Read2: loaded 111M reads 
[12:43:54] Read1: loaded 111M reads 
[12:43:55] Read2: loaded 112M reads 
[12:43:55] Read1: loaded 112M reads 
[12:43:57] Read1: loaded 113M reads 
[12:43:57] Read2: loaded 113M reads 
[12:43:58] Read2: loaded 114M reads 
[12:43:58] Read1: loaded 114M reads 
[12:43:59] Read1: loaded 115M reads 
[12:43:59] Read2: loaded 115M reads 
[12:44:01] Read2: loaded 116M reads 
[12:44:01] Read1: loaded 116M reads 
[12:44:02] Read2: loaded 117M reads 
[12:44:02] Read1: loaded 117M reads 
[12:44:03] Read1: loaded 118M reads 
[12:44:03] Read2: loaded 118M reads 
[12:44:04] Read1: loaded 119M reads 
[12:44:04] Read2: loaded 119M reads 
[12:44:06] Read2: loaded 120M reads 
[12:44:06] Read1: loaded 120M reads 
[12:44:07] Read2: loaded 121M reads 
[12:44:07] Read1: loaded 121M reads 
[12:44:08] Read1: loaded 122M reads 
[12:44:08] Read2: loaded 122M reads 
[12:44:10] Read1: loaded 123M reads 
[12:44:10] Read2: loaded 123M reads 
[12:44:11] Read2: loaded 124M reads 
[12:44:11] Read1: loaded 124M reads 
[12:44:12] Read1: loaded 125M reads 
[12:44:12] Read2: loaded 125M reads 
[12:44:14] Read2: loaded 126M reads 
[12:44:14] Read1: loaded 126M reads 
[12:44:15] Read2: loaded 127M reads 
[12:44:15] Read1: loaded 127M reads 
[12:44:16] Read1: loaded 128M reads 
[12:44:16] Read2: loaded 128M reads 
[12:44:17] Read2: loaded 129M reads 
[12:44:17] Read1: loaded 129M reads 
[12:44:19] Read2: loaded 130M reads 
[12:44:19] Read1: loaded 130M reads 
[12:44:20] Read2: loaded 131M reads 
[12:44:20] Read1: loaded 131M reads 
[12:44:21] Read2: loaded 132M reads 
[12:44:21] Read1: loaded 132M reads 
[12:44:22] Read2: loaded 133M reads 
[12:44:22] Read1: loaded 133M reads 
[12:44:24] Read1: loaded 134M reads 
[12:44:24] Read2: loaded 134M reads 
[12:44:25] Read2: loaded 135M reads 
[12:44:25] Read1: loaded 135M reads 
[12:44:26] Read2: loaded 136M reads 
[12:44:26] Read1: loaded 136M reads 
[12:44:28] Read1: loaded 137M reads 
[12:44:28] Read2: loaded 137M reads 
[12:44:29] Read2: loaded 138M reads 
[12:44:29] Read1: loaded 138M reads 
[12:44:30] Read2: loaded 139M reads 
[12:44:30] Read1: loaded 139M reads 
[12:44:31] Read1: loaded 140M reads 
[12:44:31] Read2: loaded 140M reads 
[12:44:33] Read2: loaded 141M reads 
[12:44:33] Read1: loaded 141M reads 
[12:44:34] Read2: loaded 142M reads 
[12:44:34] Read1: loaded 142M reads 
[12:44:35] Read2: loaded 143M reads 
[12:44:35] Read1: loaded 143M reads 
[12:44:37] Read2: loaded 144M reads 
[12:44:37] Read1: loaded 144M reads 
[12:44:38] Read1: loaded 145M reads 
[12:44:38] Read2: loaded 145M reads 
[12:44:39] Read1: loaded 146M reads 
[12:44:39] Read2: loaded 146M reads 
[12:44:40] Read2: loaded 147M reads 
[12:44:40] Read1: loaded 147M reads 
[12:44:42] Read2: loaded 148M reads 
[12:44:42] Read1: loaded 148M reads 
[12:44:43] Read2: loaded 149M reads 
[12:44:43] Read1: loaded 149M reads 
[12:44:44] Read1: loaded 150M reads 
[12:44:44] Read2: loaded 150M reads 
[12:44:45] Read1: loaded 151M reads 
[12:44:45] Read2: loaded 151M reads 
[12:44:47] Read1: loaded 152M reads 
[12:44:47] Read2: loaded 152M reads 
[12:44:48] Read2: loaded 153M reads 
[12:44:48] Read1: loaded 153M reads 
[12:44:49] Read2: loaded 154M reads 
[12:44:49] Read1: loaded 154M reads 
[12:44:51] Read1: loaded 155M reads 
[12:44:51] Read2: loaded 155M reads 
[12:44:52] Read2: loaded 156M reads 
[12:44:52] Read1: loaded 156M reads 
[12:44:53] Read1: loaded 157M reads 
[12:44:53] Read2: loaded 157M reads 
[12:44:54] Read1: loaded 158M reads 
[12:44:54] Read2: loaded 158M reads 
[12:44:56] Read2: loaded 159M reads 
[12:44:56] Read1: loaded 159M reads 
[12:44:57] Read1: loaded 160M reads 
[12:44:57] Read2: loaded 160M reads 
[12:44:58] Read2: loaded 161M reads 
[12:44:58] Read1: loaded 161M reads 
[12:45:00] Read2: loaded 162M reads 
[12:45:00] Read1: loaded 162M reads 
[12:45:01] Read1: loaded 163M reads 
[12:45:01] Read2: loaded 163M reads 
[12:45:02] Read2: loaded 164M reads 
[12:45:02] Read1: loaded 164M reads 
[12:45:03] Read2: loaded 165M reads 
[12:45:03] Read1: loaded 165M reads 
[12:45:05] Read1: loaded 166M reads 
[12:45:05] Read2: loaded 166M reads 
[12:45:06] Read2: loaded 167M reads 
[12:45:06] Read1: loaded 167M reads 
[12:45:07] Read1: loaded 168M reads 
[12:45:07] Read2: loaded 168M reads 
[12:45:09] Read2: loaded 169M reads 
[12:45:09] Read1: loaded 169M reads 
[12:45:10] Read2: loaded 170M reads 
[12:45:10] Read1: loaded 170M reads 
[12:45:11] Read1: loaded 171M reads 
[12:45:11] Read2: loaded 171M reads 
[12:45:12] Read2: loaded 172M reads 
[12:45:12] Read1: loaded 172M reads 
[12:45:14] Read1: loaded 173M reads 
[12:45:14] Read2: loaded 173M reads 
[12:45:15] Read2: loaded 174M reads 
[12:45:15] Read1: loaded 174M reads 
[12:45:16] Read2: loaded 175M reads 
[12:45:16] Read1: loaded 175M reads 
[12:45:18] Read2: loaded 176M reads 
[12:45:18] Read1: loaded 176M reads 
[12:45:19] Read2: loaded 177M reads 
[12:45:19] Read1: loaded 177M reads 
[12:45:20] Read2: loaded 178M reads 
[12:45:20] Read1: loaded 178M reads 
[12:45:21] Read2: loaded 179M reads 
[12:45:21] Read1: loaded 179M reads 
[12:45:23] Read2: loaded 180M reads 
[12:45:23] Read1: loaded 180M reads 
[12:45:24] Read1: loaded 181M reads 
[12:45:24] Read2: loaded 181M reads 
[12:45:25] Read1: loaded 182M reads 
[12:45:25] Read2: loaded 182M reads 
[12:45:26] Read1: loaded 183M reads 
[12:45:26] Read2: loaded 183M reads 
[12:45:28] Read1: loaded 184M reads 
[12:45:28] Read2: loaded 184M reads 
[12:45:29] Read1: loaded 185M reads 
[12:45:29] Read2: loaded 185M reads 
[12:45:30] Read2: loaded 186M reads 
[12:45:30] Read1: loaded 186M reads 
[12:45:32] Read1: loaded 187M reads 
[12:45:32] Read2: loaded 187M reads 
[12:45:33] Read2: loaded 188M reads 
[12:45:33] Read1: loaded 188M reads 
[12:45:34] Read1: loaded 189M reads 
[12:45:34] Read2: loaded 189M reads 
[12:45:35] Read2: loaded 190M reads 
[12:45:35] Read1: loaded 190M reads 
[12:45:37] Read2: loaded 191M reads 
[12:45:37] Read1: loaded 191M reads 
[12:45:38] Read2: loaded 192M reads 
[12:45:38] Read1: loaded 192M reads 
[12:45:39] Read2: loaded 193M reads 
[12:45:39] Read1: loaded 193M reads 
[12:45:41] Read1: loaded 194M reads 
[12:45:41] Read2: loaded 194M reads 
[12:45:42] Read1: loaded 195M reads 
[12:45:42] Read2: loaded 195M reads 
[12:45:43] Read1: loaded 196M reads 
[12:45:43] Read2: loaded 196M reads 
[12:45:44] Read2: loaded 197M reads 
[12:45:44] Read1: loaded 197M reads 
[12:45:46] Read1: loaded 198M reads 
[12:45:46] Read2: loaded 198M reads 
[12:45:47] Read2: loaded 199M reads 
[12:45:47] Read1: loaded 199M reads 
[12:45:48] Read1: loaded 200M reads 
[12:45:48] Read2: loaded 200M reads 
[12:45:50] Read1: loaded 201M reads 
[12:45:50] Read2: loaded 201M reads 
[12:45:51] Read1: loaded 202M reads 
[12:45:51] Read2: loaded 202M reads 
[12:45:52] Read1: loaded 203M reads 
[12:45:52] Read2: loaded 203M reads 
[12:45:53] Read2: loaded 204M reads 
[12:45:53] Read1: loaded 204M reads 
[12:45:55] Read1: loaded 205M reads 
[12:45:55] Read2: loaded 205M reads 
[12:45:56] Read2: loaded 206M reads 
[12:45:56] Read1: loaded 206M reads 
[12:45:57] Read2: loaded 207M reads 
[12:45:57] Read1: loaded 207M reads 
[12:45:58] Read1: loaded 208M reads 
[12:45:58] Read2: loaded 208M reads 
[12:46:00] Read2: loaded 209M reads 
[12:46:00] Read1: loaded 209M reads 
[12:46:01] Read1: loaded 210M reads 
[12:46:01] Read2: loaded 210M reads 
[12:46:02] Read2: loaded 211M reads 
[12:46:02] Read1: loaded 211M reads 
[12:46:04] Read1: loaded 212M reads 
[12:46:04] Read2: loaded 212M reads 
[12:46:05] Read2: loaded 213M reads 
[12:46:05] Read1: loaded 213M reads 
[12:46:06] Read1: loaded 214M reads 
[12:46:06] Read2: loaded 214M reads 
[12:46:07] Read2: loaded 215M reads 
[12:46:07] Read1: loaded 215M reads 
[12:46:09] Read2: loaded 216M reads 
[12:46:09] Read1: loaded 216M reads 
[12:46:10] Read1: loaded 217M reads 
[12:46:10] Read2: loaded 217M reads 
[12:46:11] Read1: loaded 218M reads 
[12:46:11] Read2: loaded 218M reads 
[12:46:13] Read2: loaded 219M reads 
[12:46:13] Read1: loaded 219M reads 
[12:46:14] Read1: loaded 220M reads 
[12:46:14] Read2: loaded 220M reads 
[12:46:15] Read2: loaded 221M reads 
[12:46:15] Read1: loaded 221M reads 
[12:46:16] Read2: loaded 222M reads 
[12:46:16] Read1: loaded 222M reads 
[12:46:18] Read1: loaded 223M reads 
[12:46:18] Read2: loaded 223M reads 
[12:46:19] Read1: loaded 224M reads 
[12:46:19] Read2: loaded 224M reads 
[12:46:20] Read1: loaded 225M reads 
[12:46:20] Read2: loaded 225M reads 
[12:46:22] Read2: loaded 226M reads 
[12:46:22] Read1: loaded 226M reads 
[12:46:23] Read2: loaded 227M reads 
[12:46:23] Read1: loaded 227M reads 
[12:46:24] Read2: loaded 228M reads 
[12:46:24] Read1: loaded 228M reads 
[12:46:25] Read2: loaded 229M reads 
[12:46:25] Read1: loaded 229M reads 
[12:46:27] Read1: loaded 230M reads 
[12:46:27] Read2: loaded 230M reads 
[12:46:28] Read1: loaded 231M reads 
[12:46:28] Read2: loaded 231M reads 
[12:46:29] Read1: loaded 232M reads 
[12:46:29] Read2: loaded 232M reads 
[12:46:31] Read2: loaded 233M reads 
[12:46:31] Read1: loaded 233M reads 
[12:46:32] Read2: loaded 234M reads 
[12:46:32] Read1: loaded 234M reads 
[12:46:33] Read1: loaded 235M reads 
[12:46:33] Read2: loaded 235M reads 
[12:46:34] Read2: loaded 236M reads 
[12:46:34] Read1: loaded 236M reads 
[12:46:36] Read1: loaded 237M reads 
[12:46:36] Read2: loaded 237M reads 
[12:46:37] Read2: loaded 238M reads 
[12:46:37] Read1: loaded 238M reads 
[12:46:38] Read2: loaded 239M reads 
[12:46:38] Read1: loaded 239M reads 
[12:46:40] Read2: loaded 240M reads 
[12:46:40] Read1: loaded 240M reads 
[12:46:41] Read2: loaded 241M reads 
[12:46:41] Read1: loaded 241M reads 
[12:46:42] Read1: loaded 242M reads 
[12:46:42] Read2: loaded 242M reads 
[12:46:43] Read1: loaded 243M reads 
[12:46:43] Read2: loaded 243M reads 
[12:46:45] Read1: loaded 244M reads 
[12:46:45] Read2: loaded 244M reads 
[12:46:46] Read2: loaded 245M reads 
[12:46:46] Read1: loaded 245M reads 
[12:46:47] Read2: loaded 246M reads 
[12:46:47] Read1: loaded 246M reads 
[12:46:49] Read2: loaded 247M reads 
[12:46:49] Read1: loaded 247M reads 
[12:46:50] Read2: loaded 248M reads 
[12:46:50] Read1: loaded 248M reads 
[12:46:51] Read1: loaded 249M reads 
[12:46:51] Read2: loaded 249M reads 
[12:46:52] Read2: loaded 250M reads 
[12:46:52] Read1: loaded 250M reads 
[12:46:54] Read2: loaded 251M reads 
[12:46:54] Read1: loaded 251M reads 
[12:46:55] Read2: loaded 252M reads 
[12:46:55] Read1: loaded 252M reads 
[12:46:56] Read1: loaded 253M reads 
[12:46:56] Read2: loaded 253M reads 
[12:46:58] Read1: loaded 254M reads 
[12:46:58] Read2: loaded 254M reads 
[12:46:59] Read2: loaded 255M reads 
[12:46:59] Read1: loaded 255M reads 
[12:47:00] Read1: loaded 256M reads 
[12:47:00] Read2: loaded 256M reads 
[12:47:01] Read1: loaded 257M reads 
[12:47:01] Read2: loaded 257M reads 
[12:47:03] Read2: loaded 258M reads 
[12:47:03] Read1: loaded 258M reads 
[12:47:04] Read2: loaded 259M reads 
[12:47:04] Read1: loaded 259M reads 
[12:47:05] Read1: loaded 260M reads 
[12:47:05] Read2: loaded 260M reads 
[12:47:07] Read1: loaded 261M reads 
[12:47:07] Read2: loaded 261M reads 
[12:47:08] Read2: loaded 262M reads 
[12:47:08] Read1: loaded 262M reads 
[12:47:09] Read2: loaded 263M reads 
[12:47:09] Read1: loaded 263M reads 
[12:47:10] Read2: loaded 264M reads 
[12:47:10] Read1: loaded 264M reads 
[12:47:12] Read2: loaded 265M reads 
[12:47:12] Read1: loaded 265M reads 
[12:47:13] Read2: loaded 266M reads 
[12:47:13] Read1: loaded 266M reads 
[12:47:14] Read1: loaded 267M reads 
[12:47:14] Read2: loaded 267M reads 
[12:47:16] Read1: loaded 268M reads 
[12:47:16] Read2: loaded 268M reads 
[12:47:17] Read2: loaded 269M reads 
[12:47:17] Read1: loaded 269M reads 
[12:47:18] Read2: loaded 270M reads 
[12:47:18] Read1: loaded 270M reads 
[12:47:19] Read2: loaded 271M reads 
[12:47:19] Read1: loaded 271M reads 
[12:47:21] Read2: loaded 272M reads 
[12:47:21] Read1: loaded 272M reads 
[12:47:22] Read2: loaded 273M reads 
[12:47:22] Read1: loaded 273M reads 
[12:47:23] Read1: loaded 274M reads 
[12:47:23] Read2: loaded 274M reads 
[12:47:25] Read2: loaded 275M reads 
[12:47:25] Read1: loaded 275M reads 
[12:47:26] Read1: loaded 276M reads 
[12:47:26] Read2: loaded 276M reads 
[12:47:27] Read2: loaded 277M reads 
[12:47:27] Read1: loaded 277M reads 
[12:47:28] Read1: loaded 278M reads 
[12:47:28] Read2: loaded 278M reads 
[12:47:30] Read1: loaded 279M reads 
[12:47:30] Read2: loaded 279M reads 
[12:47:31] Read1: loaded 280M reads 
[12:47:31] Read2: loaded 280M reads 
[12:47:32] Read1: loaded 281M reads 
[12:47:32] Read2: loaded 281M reads 
[12:47:34] Read2: loaded 282M reads 
[12:47:34] Read1: loaded 282M reads 
[12:47:35] Read2: loaded 283M reads 
[12:47:35] Read1: loaded 283M reads 
[12:47:36] Read2: loaded 284M reads 
[12:47:36] Read1: loaded 284M reads 
[12:47:37] Read2: loaded 285M reads 
[12:47:37] Read1: loaded 285M reads 
[12:47:39] Read2: loaded 286M reads 
[12:47:39] Read1: loaded 286M reads 
[12:47:40] Read1: loaded 287M reads 
[12:47:40] Read2: loaded 287M reads 
[12:47:41] Read1: loaded 288M reads 
[12:47:41] Read2: loaded 288M reads 
[12:47:43] Read1: loaded 289M reads 
[12:47:43] Read2: loaded 289M reads 
[12:47:44] Read1: loaded 290M reads 
[12:47:44] Read2: loaded 290M reads 
[12:47:45] Read2: loaded 291M reads 
[12:47:45] Read1: loaded 291M reads 
[12:47:46] Read2: loaded 292M reads 
[12:47:46] Read1: loaded 292M reads 
[12:47:48] Read1: loaded 293M reads 
[12:47:48] Read2: loaded 293M reads 
[12:47:49] Read1: loaded 294M reads 
[12:47:49] Read2: loaded 294M reads 
[12:47:50] Read2: loaded 295M reads 
[12:47:50] Read1: loaded 295M reads 
[12:47:52] Read1: loaded 296M reads 
[12:47:52] Read2: loaded 296M reads 
[12:47:53] Read2: loaded 297M reads 
[12:47:53] Read1: loaded 297M reads 
[12:47:54] Read2: loaded 298M reads 
[12:47:54] Read1: loaded 298M reads 
[12:47:55] Read1: loaded 299M reads 
[12:47:55] Read2: loaded 299M reads 
[12:47:57] Read2: loaded 300M reads 
[12:47:57] Read1: loaded 300M reads 
[12:47:58] Read2: loaded 301M reads 
[12:47:58] Read1: loaded 301M reads 
[12:47:59] Read1: loaded 302M reads 
[12:47:59] Read2: loaded 302M reads 
[12:48:01] Read2: loaded 303M reads 
[12:48:01] Read1: loaded 303M reads 
[12:48:02] Read2: loaded 304M reads 
[12:48:02] Read1: loaded 304M reads 
[12:48:03] Read1: loaded 305M reads 
[12:48:03] Read2: loaded 305M reads 
[12:48:04] Read1: loaded 306M reads 
[12:48:04] Read2: loaded 306M reads 
[12:48:06] Read2: loaded 307M reads 
[12:48:06] Read1: loaded 307M reads 
[12:48:07] Read1: loaded 308M reads 
[12:48:07] Read2: loaded 308M reads 
[12:48:08] Read1: loaded 309M reads 
[12:48:08] Read2: loaded 309M reads 
[12:48:10] Read2: loaded 310M reads 
[12:48:10] Read1: loaded 310M reads 
[12:48:11] Read1: loaded 311M reads 
[12:48:11] Read2: loaded 311M reads 
[12:48:12] Read1: loaded 312M reads 
[12:48:12] Read2: loaded 312M reads 
[12:48:14] Read1: loaded 313M reads 
[12:48:14] Read2: loaded 313M reads 
[12:48:15] Read2: loaded 314M reads 
[12:48:15] Read1: loaded 314M reads 
[12:48:16] Read1: loaded 315M reads 
[12:48:16] Read2: loaded 315M reads 
[12:48:17] Read1: loaded 316M reads 
[12:48:17] Read2: loaded 316M reads 
[12:48:19] Read2: loaded 317M reads 
[12:48:19] Read1: loaded 317M reads 
[12:48:20] Read2: loaded 318M reads 
[12:48:20] Read1: loaded 318M reads 
[12:48:21] Read2: loaded 319M reads 
[12:48:21] Read1: loaded 319M reads 
[12:48:23] Read2: loaded 320M reads 
[12:48:23] Read1: loaded 320M reads 
[12:48:24] Read1: loaded 321M reads 
[12:48:24] Read2: loaded 321M reads 
[12:48:25] Read2: loaded 322M reads 
[12:48:25] Read1: loaded 322M reads 
[12:48:27] Read1: loaded 323M reads 
[12:48:27] Read2: loaded 323M reads 
[12:48:28] Read1: loaded 324M reads 
[12:48:28] Read2: loaded 324M reads 
[12:48:29] Read2: loaded 325M reads 
[12:48:29] Read1: loaded 325M reads 
[12:48:30] Read1: loaded 326M reads 
[12:48:30] Read2: loaded 326M reads 
[12:48:32] Read2: loaded 327M reads 
[12:48:32] Read1: loaded 327M reads 
[12:48:33] Read1: loaded 328M reads 
[12:48:33] Read2: loaded 328M reads 
[12:48:34] Read2: loaded 329M reads 
[12:48:34] Read1: loaded 329M reads 
[12:48:36] Read2: loaded 330M reads 
[12:48:36] Read1: loaded 330M reads 
[12:48:37] Read1: loaded 331M reads 
[12:48:37] Read2: loaded 331M reads 
[12:48:38] Read2: loaded 332M reads 
[12:48:38] Read1: loaded 332M reads 
[12:48:40] Read2: loaded 333M reads 
[12:48:40] Read1: loaded 333M reads 
[12:48:41] Read1: loaded 334M reads 
[12:48:41] Read2: loaded 334M reads 
[12:48:42] Read2: loaded 335M reads 
[12:48:42] Read1: loaded 335M reads 
[12:48:43] Read1: loaded 336M reads 
[12:48:43] Read2: loaded 336M reads 
[12:48:45] Read2: loaded 337M reads 
[12:48:45] Read1: loaded 337M reads 
[12:48:46] Read2: loaded 338M reads 
[12:48:46] Read1: loaded 338M reads 
[12:48:47] Read1: loaded 339M reads 
[12:48:47] Read2: loaded 339M reads 
[12:48:49] Read2: loaded 340M reads 
[12:48:49] Read1: loaded 340M reads 
[12:48:50] Read1: loaded 341M reads 
[12:48:50] Read2: loaded 341M reads 
[12:48:51] Read1: loaded 342M reads 
[12:48:51] Read2: loaded 342M reads 
[12:48:53] Read1: loaded 343M reads 
[12:48:53] Read2: loaded 343M reads 
[12:48:54] Read2: loaded 344M reads 
[12:48:54] Read1: loaded 344M reads 
[12:48:55] Read2: loaded 345M reads 
[12:48:55] Read1: loaded 345M reads 
[12:48:56] Read2: loaded 346M reads 
[12:48:56] Read1: loaded 346M reads 
[12:48:58] Read1: loaded 347M reads 
[12:48:58] Read2: loaded 347M reads 
[12:48:59] Read1: loaded 348M reads 
[12:48:59] Read2: loaded 348M reads 
[12:49:00] Read2: loaded 349M reads 
[12:49:00] Read1: loaded 349M reads 
[12:49:02] Read2: loaded 350M reads 
[12:49:02] Read1: loaded 350M reads 
[12:49:03] Read1: loaded 351M reads 
[12:49:03] Read2: loaded 351M reads 
[12:49:04] Read1: loaded 352M reads 
[12:49:04] Read2: loaded 352M reads 
[12:49:06] Read1: loaded 353M reads 
[12:49:06] Read2: loaded 353M reads 
[12:49:07] Read1: loaded 354M reads 
[12:49:07] Read2: loaded 354M reads 
[12:49:08] Read2: loaded 355M reads 
[12:49:08] Read1: loaded 355M reads 
[12:49:10] Read2: loaded 356M reads 
[12:49:10] Read1: loaded 356M reads 
[12:49:11] Read1: loaded 357M reads 
[12:49:11] Read2: loaded 357M reads 
[12:49:12] Read2: loaded 358M reads 
[12:49:12] Read1: loaded 358M reads 
[12:49:13] Read1: loaded 359M reads 
[12:49:13] Read2: loaded 359M reads 
[12:49:15] Read2: loaded 360M reads 
[12:49:15] Read1: loaded 360M reads 
[12:49:16] Read2: loaded 361M reads 
[12:49:16] Read1: loaded 361M reads 
[12:49:16] Read1: loading completed with 44102 packs 
[12:49:16] Read2: loading completed with 44102 packs 
[12:49:16] [fastp 1.3.3-d0bromir] Stage: loading (466471 ms) 
[12:49:16] [fastp 1.3.3-d0bromir] Stage: filtering 
[12:49:17] thread 5 data processing completed 
[12:49:17] thread 5 finished 
[12:49:17] thread 8 data processing completed 
[12:49:17] thread 8 finished 
[12:49:17] thread 6 data processing completed 
[12:49:17] thread 6 finished 
[12:49:17] thread 1 data processing completed 
[12:49:17] thread 1 finished 
[12:49:17] thread 2 data processing completed 
[12:49:17] thread 2 finished 
[12:49:17] thread 3 data processing completed 
[12:49:17] thread 3 finished 
[12:49:17] thread 4 data processing completed 
[12:49:17] thread 4 finished 
[12:49:17] thread 7 data processing completed 
[12:49:17] thread 7 finished 
[12:49:17] [fastp 1.3.3-d0bromir] Stage: filtering (679 ms) 
[12:49:17] [fastp 1.3.3-d0bromir] Stage: writing 
[12:49:17] /dev/shm/fastp_bench_eq0Nfu_R2.fq.gz writer finished 
[12:49:17] /dev/shm/fastp_bench_9mBQqt_R1.fq.gz writer finished 
[12:49:17] [fastp 1.3.3-d0bromir] Stage: writing (24 ms) 
[12:49:17] [GPU] Device 0: batches=44102 reads=361281611 
[12:49:17] [GPU] Device 1: batches=44102 reads=361281611 
[12:49:17] start to generate reports
 
Read1 before filtering:
total reads: 361281611
total bases: 54192241650
Q20 bases: 54123398100(99.873%)
Q30 bases: 54123398100(99.873%)
Q40 bases: 0(0%)

Read2 before filtering:
total reads: 361281611
total bases: 54192241650
Q20 bases: 53855170050(99.378%)
Q30 bases: 53855170050(99.378%)
Q40 bases: 0(0%)

Read1 after filtering:
total reads: 358607374
total bases: 53574361382
Q20 bases: 53574361382(100%)
Q30 bases: 53574361382(100%)
Q40 bases: 0(0%)

Read2 after filtering:
total reads: 358607374
total bases: 53574361382
Q20 bases: 53574361382(100%)
Q30 bases: 53574361382(100%)
Q40 bases: 0(0%)

Filtering result:
reads passed filter: 717214748
reads failed due to low quality: 5328396
reads failed due to too many N: 20078
reads failed due to too short: 0
reads failed due to adapter dimer: 0
reads with adapter trimmed: 9627740
bases trimmed due to adapters: 442711160

Duplication rate: 5.60214%

Insert size peak (evaluated by paired-end reads): 269

JSON report: /dev/shm/fastp_bench_YbKCKb.json
HTML report: /dev/null

/home/mpiuser/bioauto_rev/fastp_d0bromir/fastp -w 8 -j /dev/shm/fastp_bench_YbKCKb.json -h /dev/null --verbose -i /home/mpiuser/FASTQ/WGS/DRR216653_1.fastq.gz -I /home/mpiuser/FASTQ/WGS/DRR216653_2.fastq.gz -o /dev/shm/fastp_bench_9mBQqt_R1.fq.gz -O /dev/shm/fastp_bench_eq0Nfu_R2.fq.gz 
fastp v1.3.3-d0bromir, time used: 469 seconds
================================================================
