=== Full Benchmark Log: Mon Oct  5 02:50:48 UTC 2026 ===


================================================================
 Application  : d0bromir_cpu (/home/mpiuser/bioauto_rev/fastp_d0bromir/fastp-cpu)
 Dataset      : WGS PE 18.2G (ERR1044319 R1+R2)
 Files        : R1=/home/mpiuser/FASTQ/WGS/ERR1044319_1.fastq.gz
               R2=/home/mpiuser/FASTQ/WGS/ERR1044319_2.fastq.gz
 Type         : PE
 Threads      : 16
 Wall time    : 99.224 s
 reads_in     : 234238034
 reads_out    : 217840930
 vs_opengene  : N/A
--- Resource usage ---
 CPU avg/peak : 2081.7% / 2731.3%
 RSS peak     : 1946 MiB
 GPU util a/p : 0.0% / 0.0%
 GPU mem peak : 0 MiB
 Sample CSV   : /home/mpiuser/bioauto_rev/fastp_d0bromir/benchmark_results/20261005_025048/resources/resource_WGS_PE_18.2G_d0bromir_cpu_T16_1791169123.csv
--- Profiling output ---
[02:58:43] fastp 1.3.3-d0bromir starting 
[02:58:44] [fastp 1.3.3-d0bromir] Stage: loading 
[02:58:44] start to load data of read1 
[02:58:44] start to load data of read2 
[02:58:45] Read1: loaded 1M reads 
[02:58:45] Read2: loaded 1M reads 
[02:58:45] Read2: loaded 2M reads 
[02:58:45] Read1: loaded 2M reads 
[02:58:46] Read2: loaded 3M reads 
[02:58:46] Read1: loaded 3M reads 
[02:58:47] Read2: loaded 4M reads 
[02:58:47] Read1: loaded 4M reads 
[02:58:48] Read2: loaded 5M reads 
[02:58:48] Read1: loaded 5M reads 
[02:58:49] Read2: loaded 6M reads 
[02:58:49] Read1: loaded 6M reads 
[02:58:50] Read2: loaded 7M reads 
[02:58:50] Read1: loaded 7M reads 
[02:58:50] Read2: loaded 8M reads 
[02:58:50] Read1: loaded 8M reads 
[02:58:51] Read2: loaded 9M reads 
[02:58:51] Read1: loaded 9M reads 
[02:58:52] Read2: loaded 10M reads 
[02:58:52] Read1: loaded 10M reads 
[02:58:53] Read2: loaded 11M reads 
[02:58:53] Read1: loaded 11M reads 
[02:58:54] Read2: loaded 12M reads 
[02:58:54] Read1: loaded 12M reads 
[02:58:54] Read2: loaded 13M reads 
[02:58:54] Read1: loaded 13M reads 
[02:58:55] Read2: loaded 14M reads 
[02:58:55] Read1: loaded 14M reads 
[02:58:56] Read2: loaded 15M reads 
[02:58:56] Read1: loaded 15M reads 
[02:58:57] Read2: loaded 16M reads 
[02:58:57] Read1: loaded 16M reads 
[02:58:58] Read2: loaded 17M reads 
[02:58:58] Read1: loaded 17M reads 
[02:58:58] Read2: loaded 18M reads 
[02:58:59] Read1: loaded 18M reads 
[02:58:59] Read2: loaded 19M reads 
[02:58:59] Read1: loaded 19M reads 
[02:59:00] Read2: loaded 20M reads 
[02:59:00] Read1: loaded 20M reads 
[02:59:01] Read2: loaded 21M reads 
[02:59:01] Read1: loaded 21M reads 
[02:59:02] Read2: loaded 22M reads 
[02:59:02] Read1: loaded 22M reads 
[02:59:03] Read2: loaded 23M reads 
[02:59:03] Read1: loaded 23M reads 
[02:59:03] Read2: loaded 24M reads 
[02:59:04] Read1: loaded 24M reads 
[02:59:04] Read2: loaded 25M reads 
[02:59:04] Read1: loaded 25M reads 
[02:59:05] Read2: loaded 26M reads 
[02:59:05] Read1: loaded 26M reads 
[02:59:06] Read2: loaded 27M reads 
[02:59:06] Read1: loaded 27M reads 
[02:59:07] Read2: loaded 28M reads 
[02:59:07] Read1: loaded 28M reads 
[02:59:08] Read2: loaded 29M reads 
[02:59:08] Read1: loaded 29M reads 
[02:59:08] Read2: loaded 30M reads 
[02:59:09] Read1: loaded 30M reads 
[02:59:09] Read2: loaded 31M reads 
[02:59:09] Read1: loaded 31M reads 
[02:59:10] Read2: loaded 32M reads 
[02:59:10] Read1: loaded 32M reads 
[02:59:11] Read2: loaded 33M reads 
[02:59:11] Read1: loaded 33M reads 
[02:59:12] Read2: loaded 34M reads 
[02:59:12] Read1: loaded 34M reads 
[02:59:13] Read2: loaded 35M reads 
[02:59:13] Read1: loaded 35M reads 
[02:59:13] Read2: loaded 36M reads 
[02:59:14] Read1: loaded 36M reads 
[02:59:14] Read2: loaded 37M reads 
[02:59:14] Read1: loaded 37M reads 
[02:59:15] Read2: loaded 38M reads 
[02:59:15] Read1: loaded 38M reads 
[02:59:16] Read2: loaded 39M reads 
[02:59:16] Read1: loaded 39M reads 
[02:59:17] Read2: loaded 40M reads 
[02:59:17] Read1: loaded 40M reads 
[02:59:17] Read2: loaded 41M reads 
[02:59:18] Read1: loaded 41M reads 
[02:59:18] Read2: loaded 42M reads 
[02:59:18] Read1: loaded 42M reads 
[02:59:19] Read2: loaded 43M reads 
[02:59:19] Read1: loaded 43M reads 
[02:59:20] Read2: loaded 44M reads 
[02:59:20] Read1: loaded 44M reads 
[02:59:21] Read2: loaded 45M reads 
[02:59:21] Read1: loaded 45M reads 
[02:59:21] Read2: loaded 46M reads 
[02:59:22] Read1: loaded 46M reads 
[02:59:22] Read2: loaded 47M reads 
[02:59:23] Read1: loaded 47M reads 
[02:59:23] Read2: loaded 48M reads 
[02:59:23] Read1: loaded 48M reads 
[02:59:24] Read2: loaded 49M reads 
[02:59:24] Read1: loaded 49M reads 
[02:59:25] Read2: loaded 50M reads 
[02:59:25] Read1: loaded 50M reads 
[02:59:26] Read2: loaded 51M reads 
[02:59:26] Read1: loaded 51M reads 
[02:59:26] Read2: loaded 52M reads 
[02:59:27] Read1: loaded 52M reads 
[02:59:27] Read2: loaded 53M reads 
[02:59:28] Read1: loaded 53M reads 
[02:59:28] Read2: loaded 54M reads 
[02:59:28] Read1: loaded 54M reads 
[02:59:29] Read2: loaded 55M reads 
[02:59:29] Read1: loaded 55M reads 
[02:59:30] Read2: loaded 56M reads 
[02:59:30] Read1: loaded 56M reads 
[02:59:31] Read2: loaded 57M reads 
[02:59:31] Read1: loaded 57M reads 
[02:59:31] Read2: loaded 58M reads 
[02:59:32] Read1: loaded 58M reads 
[02:59:32] Read2: loaded 59M reads 
[02:59:33] Read1: loaded 59M reads 
[02:59:33] Read2: loaded 60M reads 
[02:59:33] Read1: loaded 60M reads 
[02:59:34] Read2: loaded 61M reads 
[02:59:34] Read1: loaded 61M reads 
[02:59:35] Read2: loaded 62M reads 
[02:59:35] Read1: loaded 62M reads 
[02:59:36] Read2: loaded 63M reads 
[02:59:36] Read1: loaded 63M reads 
[02:59:36] Read2: loaded 64M reads 
[02:59:37] Read1: loaded 64M reads 
[02:59:37] Read2: loaded 65M reads 
[02:59:38] Read1: loaded 65M reads 
[02:59:38] Read2: loaded 66M reads 
[02:59:38] Read1: loaded 66M reads 
[02:59:39] Read2: loaded 67M reads 
[02:59:39] Read1: loaded 67M reads 
[02:59:40] Read2: loaded 68M reads 
[02:59:40] Read1: loaded 68M reads 
[02:59:40] Read2: loaded 69M reads 
[02:59:41] Read1: loaded 69M reads 
[02:59:41] Read2: loaded 70M reads 
[02:59:42] Read1: loaded 70M reads 
[02:59:42] Read2: loaded 71M reads 
[02:59:42] Read1: loaded 71M reads 
[02:59:43] Read2: loaded 72M reads 
[02:59:43] Read1: loaded 72M reads 
[02:59:44] Read2: loaded 73M reads 
[02:59:44] Read1: loaded 73M reads 
[02:59:45] Read2: loaded 74M reads 
[02:59:45] Read1: loaded 74M reads 
[02:59:45] Read2: loaded 75M reads 
[02:59:46] Read1: loaded 75M reads 
[02:59:46] Read2: loaded 76M reads 
[02:59:47] Read1: loaded 76M reads 
[02:59:47] Read2: loaded 77M reads 
[02:59:47] Read1: loaded 77M reads 
[02:59:48] Read2: loaded 78M reads 
[02:59:48] Read1: loaded 78M reads 
[02:59:49] Read2: loaded 79M reads 
[02:59:49] Read1: loaded 79M reads 
[02:59:50] Read2: loaded 80M reads 
[02:59:50] Read1: loaded 80M reads 
[02:59:50] Read2: loaded 81M reads 
[02:59:51] Read1: loaded 81M reads 
[02:59:51] Read2: loaded 82M reads 
[02:59:52] Read1: loaded 82M reads 
[02:59:52] Read2: loaded 83M reads 
[02:59:53] Read1: loaded 83M reads 
[02:59:53] Read2: loaded 84M reads 
[02:59:53] Read1: loaded 84M reads 
[02:59:54] Read2: loaded 85M reads 
[02:59:54] Read1: loaded 85M reads 
[02:59:55] Read2: loaded 86M reads 
[02:59:55] Read1: loaded 86M reads 
[02:59:56] Read2: loaded 87M reads 
[02:59:56] Read1: loaded 87M reads 
[02:59:56] Read2: loaded 88M reads 
[02:59:57] Read1: loaded 88M reads 
[02:59:57] Read2: loaded 89M reads 
[02:59:58] Read1: loaded 89M reads 
[02:59:58] Read2: loaded 90M reads 
[02:59:58] Read1: loaded 90M reads 
[02:59:59] Read2: loaded 91M reads 
[02:59:59] Read1: loaded 91M reads 
[03:00:00] Read2: loaded 92M reads 
[03:00:00] Read1: loaded 92M reads 
[03:00:01] Read2: loaded 93M reads 
[03:00:01] Read1: loaded 93M reads 
[03:00:01] Read2: loaded 94M reads 
[03:00:02] Read1: loaded 94M reads 
[03:00:02] Read2: loaded 95M reads 
[03:00:03] Read1: loaded 95M reads 
[03:00:03] Read2: loaded 96M reads 
[03:00:03] Read1: loaded 96M reads 
[03:00:04] Read2: loaded 97M reads 
[03:00:04] Read1: loaded 97M reads 
[03:00:05] Read2: loaded 98M reads 
[03:00:05] Read1: loaded 98M reads 
[03:00:06] Read2: loaded 99M reads 
[03:00:06] Read1: loaded 99M reads 
[03:00:06] Read2: loaded 100M reads 
[03:00:07] Read1: loaded 100M reads 
[03:00:07] Read2: loaded 101M reads 
[03:00:08] Read1: loaded 101M reads 
[03:00:08] Read2: loaded 102M reads 
[03:00:08] Read1: loaded 102M reads 
[03:00:09] Read2: loaded 103M reads 
[03:00:09] Read1: loaded 103M reads 
[03:00:10] Read2: loaded 104M reads 
[03:00:10] Read1: loaded 104M reads 
[03:00:10] Read2: loaded 105M reads 
[03:00:11] Read1: loaded 105M reads 
[03:00:11] Read2: loaded 106M reads 
[03:00:12] Read1: loaded 106M reads 
[03:00:12] Read2: loaded 107M reads 
[03:00:13] Read1: loaded 107M reads 
[03:00:13] Read2: loaded 108M reads 
[03:00:13] Read1: loaded 108M reads 
[03:00:14] Read2: loaded 109M reads 
[03:00:14] Read1: loaded 109M reads 
[03:00:15] Read2: loaded 110M reads 
[03:00:15] Read1: loaded 110M reads 
[03:00:15] Read2: loaded 111M reads 
[03:00:16] Read1: loaded 111M reads 
[03:00:16] Read2: loaded 112M reads 
[03:00:17] Read1: loaded 112M reads 
[03:00:17] Read2: loaded 113M reads 
[03:00:18] Read1: loaded 113M reads 
[03:00:18] Read2: loaded 114M reads 
[03:00:18] Read1: loaded 114M reads 
[03:00:19] Read2: loaded 115M reads 
[03:00:19] Read1: loaded 115M reads 
[03:00:20] Read2: loaded 116M reads 
[03:00:20] Read1: loaded 116M reads 
[03:00:21] Read2: loaded 117M reads 
[03:00:21] Read2: loading completed with 14297 packs 
[03:00:21] Read1: loaded 117M reads 
[03:00:21] Read1: loading completed with 14297 packs 
[03:00:21] thread 3 data processing completed 
[03:00:21] thread 3 finished 
[03:00:21] thread 11 data processing completed 
[03:00:21] thread 11 finished 
[03:00:21] thread 2 data processing completed 
[03:00:21] thread 2 finished 
[03:00:21] thread 15 data processing completed 
[03:00:21] thread 15 finished 
[03:00:21] thread 16 data processing completed 
[03:00:21] thread 16 finished 
[03:00:21] thread 14 data processing completed 
[03:00:21] thread 14 finished 
[03:00:21] [fastp 1.3.3-d0bromir] Stage: loading (97388 ms) 
[03:00:21] [fastp 1.3.3-d0bromir] Stage: filtering 
[03:00:21] thread 4 data processing completed 
[03:00:21] thread 4 finished 
[03:00:21] thread 13 data processing completed 
[03:00:21] thread 13 finished 
[03:00:21] thread 10 data processing completed 
[03:00:21] thread 10 finished 
[03:00:21] thread 12 data processing completed 
[03:00:21] thread 12 finished 
[03:00:21] thread 7 data processing completed 
[03:00:21] thread 7 finished 
[03:00:21] thread 9 data processing completed 
[03:00:21] thread 9 finished 
[03:00:21] thread 8 data processing completed 
[03:00:21] thread 8 finished 
[03:00:21] thread 1 data processing completed 
[03:00:21] thread 1 finished 
[03:00:21] thread 5 data processing completed 
[03:00:21] thread 5 finished 
[03:00:21] thread 6 data processing completed 
[03:00:21] thread 6 finished 
[03:00:21] [fastp 1.3.3-d0bromir] Stage: filtering (53 ms) 
[03:00:21] [fastp 1.3.3-d0bromir] Stage: writing 
[03:00:21] /dev/shm/fastp_bench_z4LaaV_R1.fq.gz writer finished 
[03:00:21] /dev/shm/fastp_bench_umJlLe_R2.fq.gz writer finished 
[03:00:21] [fastp 1.3.3-d0bromir] Stage: writing (28 ms) 
[03:00:21] start to generate reports
 
Read1 before filtering:
total reads: 117119017
total bases: 11711901700
Q20 bases: 11040848879(94.2703%)
Q30 bases: 10362226195(88.476%)
Q40 bases: 1948657(0.0166383%)

Read2 before filtering:
total reads: 117119017
total bases: 11711901700
Q20 bases: 10988642082(93.8246%)
Q30 bases: 10314076255(88.0649%)
Q40 bases: 28413202(0.242601%)

Read1 after filtering:
total reads: 108920465
total bases: 10873757549
Q20 bases: 10544216033(96.9694%)
Q30 bases: 9961660084(91.6119%)
Q40 bases: 1912694(0.01759%)

Read2 after filtering:
total reads: 108920465
total bases: 10873757549
Q20 bases: 10557960992(97.0958%)
Q30 bases: 9979237841(91.7736%)
Q40 bases: 27481072(0.252728%)

Filtering result:
reads passed filter: 217840930
reads failed due to low quality: 16397104
reads failed due to too many N: 0
reads failed due to too short: 0
reads failed due to adapter dimer: 0
reads with adapter trimmed: 882278
bases trimmed due to adapters: 37595560

Duplication rate: 1.16052%

Insert size peak (evaluated by paired-end reads): 169

JSON report: /dev/shm/fastp_bench_KV4no3.json
HTML report: /dev/null

/home/mpiuser/bioauto_rev/fastp_d0bromir/fastp-cpu -w 16 -j /dev/shm/fastp_bench_KV4no3.json -h /dev/null --verbose -i /home/mpiuser/FASTQ/WGS/ERR1044319_1.fastq.gz -I /home/mpiuser/FASTQ/WGS/ERR1044319_2.fastq.gz -o /dev/shm/fastp_bench_z4LaaV_R1.fq.gz -O /dev/shm/fastp_bench_umJlLe_R2.fq.gz 
fastp v1.3.3-d0bromir, time used: 99 seconds
================================================================

================================================================
 Application  : d0bromir_gpu (/home/mpiuser/bioauto_rev/fastp_d0bromir/fastp)
 Dataset      : WGS PE 18.2G (ERR1044319 R1+R2)
 Files        : R1=/home/mpiuser/FASTQ/WGS/ERR1044319_1.fastq.gz
               R2=/home/mpiuser/FASTQ/WGS/ERR1044319_2.fastq.gz
 Type         : PE
 Threads      : 16
 Wall time    : 99.762 s
 reads_in     : 234238034
 reads_out    : 217840930
 vs_opengene  : N/A
--- Resource usage ---
 CPU avg/peak : 2013.0% / 2629.4%
 RSS peak     : 2684 MiB
 GPU util a/p : 9.8% / 12.0%
 GPU mem peak : 1360 MiB
 Sample CSV   : /home/mpiuser/bioauto_rev/fastp_d0bromir/benchmark_results/20261005_025048/resources/resource_WGS_PE_18.2G_d0bromir_gpu_T16_1791169225.csv
--- Profiling output ---
[03:00:25] fastp 1.3.3-d0bromir starting 
[03:00:25] [GPU] CUDA GPU available (Device 0) - statistics GPU-accelerated (slots=8) 
[03:00:25] [fastp 1.3.3-d0bromir] Stage: loading 
[03:00:25] start to load data of read1 
[03:00:25] start to load data of read2 
[03:00:25] [GPU] CUDA GPU available (Device 1) - statistics GPU-accelerated (slots=8) 
[03:00:26] [GPU] Dual-GPU mode: Device 0 + Device 1 active 
[03:00:26] Read2: loaded 1M reads 
[03:00:26] Read1: loaded 1M reads 
[03:00:27] Read2: loaded 2M reads 
[03:00:27] Read1: loaded 2M reads 
[03:00:28] Read2: loaded 3M reads 
[03:00:28] Read1: loaded 3M reads 
[03:00:29] Read2: loaded 4M reads 
[03:00:29] Read1: loaded 4M reads 
[03:00:30] Read2: loaded 5M reads 
[03:00:30] Read1: loaded 5M reads 
[03:00:30] Read2: loaded 6M reads 
[03:00:30] Read1: loaded 6M reads 
[03:00:31] Read2: loaded 7M reads 
[03:00:31] Read1: loaded 7M reads 
[03:00:32] Read2: loaded 8M reads 
[03:00:32] Read1: loaded 8M reads 
[03:00:33] Read2: loaded 9M reads 
[03:00:33] Read1: loaded 9M reads 
[03:00:34] Read2: loaded 10M reads 
[03:00:34] Read1: loaded 10M reads 
[03:00:34] Read2: loaded 11M reads 
[03:00:35] Read1: loaded 11M reads 
[03:00:35] Read2: loaded 12M reads 
[03:00:35] Read1: loaded 12M reads 
[03:00:36] Read2: loaded 13M reads 
[03:00:36] Read1: loaded 13M reads 
[03:00:37] Read2: loaded 14M reads 
[03:00:37] Read1: loaded 14M reads 
[03:00:38] Read2: loaded 15M reads 
[03:00:38] Read1: loaded 15M reads 
[03:00:39] Read2: loaded 16M reads 
[03:00:39] Read1: loaded 16M reads 
[03:00:39] Read2: loaded 17M reads 
[03:00:40] Read1: loaded 17M reads 
[03:00:40] Read2: loaded 18M reads 
[03:00:40] Read1: loaded 18M reads 
[03:00:41] Read2: loaded 19M reads 
[03:00:41] Read1: loaded 19M reads 
[03:00:42] Read2: loaded 20M reads 
[03:00:42] Read1: loaded 20M reads 
[03:00:43] Read2: loaded 21M reads 
[03:00:43] Read1: loaded 21M reads 
[03:00:44] Read2: loaded 22M reads 
[03:00:44] Read1: loaded 22M reads 
[03:00:44] Read2: loaded 23M reads 
[03:00:45] Read1: loaded 23M reads 
[03:00:45] Read2: loaded 24M reads 
[03:00:45] Read1: loaded 24M reads 
[03:00:46] Read2: loaded 25M reads 
[03:00:46] Read1: loaded 25M reads 
[03:00:47] Read2: loaded 26M reads 
[03:00:47] Read1: loaded 26M reads 
[03:00:48] Read2: loaded 27M reads 
[03:00:48] Read1: loaded 27M reads 
[03:00:48] Read2: loaded 28M reads 
[03:00:49] Read1: loaded 28M reads 
[03:00:49] Read2: loaded 29M reads 
[03:00:50] Read1: loaded 29M reads 
[03:00:50] Read2: loaded 30M reads 
[03:00:50] Read1: loaded 30M reads 
[03:00:51] Read2: loaded 31M reads 
[03:00:51] Read1: loaded 31M reads 
[03:00:52] Read2: loaded 32M reads 
[03:00:52] Read1: loaded 32M reads 
[03:00:53] Read2: loaded 33M reads 
[03:00:53] Read1: loaded 33M reads 
[03:00:53] Read2: loaded 34M reads 
[03:00:54] Read1: loaded 34M reads 
[03:00:54] Read2: loaded 35M reads 
[03:00:54] Read1: loaded 35M reads 
[03:00:55] Read2: loaded 36M reads 
[03:00:55] Read1: loaded 36M reads 
[03:00:56] Read2: loaded 37M reads 
[03:00:56] Read1: loaded 37M reads 
[03:00:57] Read2: loaded 38M reads 
[03:00:57] Read1: loaded 38M reads 
[03:00:57] Read2: loaded 39M reads 
[03:00:58] Read1: loaded 39M reads 
[03:00:58] Read2: loaded 40M reads 
[03:00:59] Read1: loaded 40M reads 
[03:00:59] Read2: loaded 41M reads 
[03:00:59] Read1: loaded 41M reads 
[03:01:00] Read2: loaded 42M reads 
[03:01:00] Read1: loaded 42M reads 
[03:01:01] Read2: loaded 43M reads 
[03:01:01] Read1: loaded 43M reads 
[03:01:02] Read2: loaded 44M reads 
[03:01:02] Read1: loaded 44M reads 
[03:01:02] Read2: loaded 45M reads 
[03:01:03] Read1: loaded 45M reads 
[03:01:03] Read2: loaded 46M reads 
[03:01:04] Read1: loaded 46M reads 
[03:01:04] Read2: loaded 47M reads 
[03:01:04] Read1: loaded 47M reads 
[03:01:05] Read2: loaded 48M reads 
[03:01:05] Read1: loaded 48M reads 
[03:01:06] Read2: loaded 49M reads 
[03:01:06] Read1: loaded 49M reads 
[03:01:06] Read2: loaded 50M reads 
[03:01:07] Read1: loaded 50M reads 
[03:01:07] Read2: loaded 51M reads 
[03:01:08] Read1: loaded 51M reads 
[03:01:08] Read2: loaded 52M reads 
[03:01:09] Read1: loaded 52M reads 
[03:01:09] Read2: loaded 53M reads 
[03:01:09] Read1: loaded 53M reads 
[03:01:10] Read2: loaded 54M reads 
[03:01:10] Read1: loaded 54M reads 
[03:01:11] Read2: loaded 55M reads 
[03:01:11] Read1: loaded 55M reads 
[03:01:11] Read2: loaded 56M reads 
[03:01:12] Read1: loaded 56M reads 
[03:01:12] Read2: loaded 57M reads 
[03:01:13] Read1: loaded 57M reads 
[03:01:13] Read2: loaded 58M reads 
[03:01:14] Read1: loaded 58M reads 
[03:01:14] Read2: loaded 59M reads 
[03:01:14] Read1: loaded 59M reads 
[03:01:15] Read2: loaded 60M reads 
[03:01:15] Read1: loaded 60M reads 
[03:01:16] Read2: loaded 61M reads 
[03:01:16] Read1: loaded 61M reads 
[03:01:16] Read2: loaded 62M reads 
[03:01:17] Read1: loaded 62M reads 
[03:01:17] Read2: loaded 63M reads 
[03:01:18] Read1: loaded 63M reads 
[03:01:18] Read2: loaded 64M reads 
[03:01:18] Read1: loaded 64M reads 
[03:01:19] Read2: loaded 65M reads 
[03:01:19] Read1: loaded 65M reads 
[03:01:20] Read2: loaded 66M reads 
[03:01:20] Read1: loaded 66M reads 
[03:01:21] Read2: loaded 67M reads 
[03:01:21] Read1: loaded 67M reads 
[03:01:21] Read2: loaded 68M reads 
[03:01:22] Read1: loaded 68M reads 
[03:01:22] Read2: loaded 69M reads 
[03:01:23] Read1: loaded 69M reads 
[03:01:23] Read2: loaded 70M reads 
[03:01:23] Read1: loaded 70M reads 
[03:01:24] Read2: loaded 71M reads 
[03:01:24] Read1: loaded 71M reads 
[03:01:25] Read2: loaded 72M reads 
[03:01:25] Read1: loaded 72M reads 
[03:01:26] Read2: loaded 73M reads 
[03:01:26] Read1: loaded 73M reads 
[03:01:26] Read2: loaded 74M reads 
[03:01:27] Read1: loaded 74M reads 
[03:01:27] Read2: loaded 75M reads 
[03:01:28] Read1: loaded 75M reads 
[03:01:28] Read2: loaded 76M reads 
[03:01:28] Read1: loaded 76M reads 
[03:01:29] Read2: loaded 77M reads 
[03:01:29] Read1: loaded 77M reads 
[03:01:30] Read2: loaded 78M reads 
[03:01:30] Read1: loaded 78M reads 
[03:01:31] Read2: loaded 79M reads 
[03:01:31] Read1: loaded 79M reads 
[03:01:31] Read2: loaded 80M reads 
[03:01:32] Read1: loaded 80M reads 
[03:01:32] Read2: loaded 81M reads 
[03:01:33] Read1: loaded 81M reads 
[03:01:33] Read2: loaded 82M reads 
[03:01:33] Read1: loaded 82M reads 
[03:01:34] Read2: loaded 83M reads 
[03:01:34] Read1: loaded 83M reads 
[03:01:35] Read2: loaded 84M reads 
[03:01:35] Read1: loaded 84M reads 
[03:01:36] Read2: loaded 85M reads 
[03:01:36] Read1: loaded 85M reads 
[03:01:36] Read2: loaded 86M reads 
[03:01:37] Read1: loaded 86M reads 
[03:01:37] Read2: loaded 87M reads 
[03:01:38] Read1: loaded 87M reads 
[03:01:38] Read2: loaded 88M reads 
[03:01:38] Read1: loaded 88M reads 
[03:01:39] Read2: loaded 89M reads 
[03:01:39] Read1: loaded 89M reads 
[03:01:40] Read2: loaded 90M reads 
[03:01:40] Read1: loaded 90M reads 
[03:01:41] Read2: loaded 91M reads 
[03:01:41] Read1: loaded 91M reads 
[03:01:41] Read2: loaded 92M reads 
[03:01:42] Read1: loaded 92M reads 
[03:01:42] Read2: loaded 93M reads 
[03:01:43] Read1: loaded 93M reads 
[03:01:43] Read2: loaded 94M reads 
[03:01:43] Read1: loaded 94M reads 
[03:01:44] Read2: loaded 95M reads 
[03:01:44] Read1: loaded 95M reads 
[03:01:45] Read2: loaded 96M reads 
[03:01:45] Read1: loaded 96M reads 
[03:01:46] Read2: loaded 97M reads 
[03:01:46] Read1: loaded 97M reads 
[03:01:46] Read2: loaded 98M reads 
[03:01:47] Read1: loaded 98M reads 
[03:01:47] Read2: loaded 99M reads 
[03:01:48] Read1: loaded 99M reads 
[03:01:48] Read2: loaded 100M reads 
[03:01:48] Read1: loaded 100M reads 
[03:01:49] Read2: loaded 101M reads 
[03:01:49] Read1: loaded 101M reads 
[03:01:50] Read2: loaded 102M reads 
[03:01:50] Read1: loaded 102M reads 
[03:01:51] Read2: loaded 103M reads 
[03:01:51] Read1: loaded 103M reads 
[03:01:51] Read2: loaded 104M reads 
[03:01:52] Read1: loaded 104M reads 
[03:01:52] Read2: loaded 105M reads 
[03:01:53] Read1: loaded 105M reads 
[03:01:53] Read2: loaded 106M reads 
[03:01:53] Read1: loaded 106M reads 
[03:01:54] Read2: loaded 107M reads 
[03:01:54] Read1: loaded 107M reads 
[03:01:55] Read2: loaded 108M reads 
[03:01:55] Read1: loaded 108M reads 
[03:01:56] Read2: loaded 109M reads 
[03:01:56] Read1: loaded 109M reads 
[03:01:56] Read2: loaded 110M reads 
[03:01:57] Read1: loaded 110M reads 
[03:01:57] Read2: loaded 111M reads 
[03:01:58] Read1: loaded 111M reads 
[03:01:58] Read2: loaded 112M reads 
[03:01:58] Read1: loaded 112M reads 
[03:01:59] Read2: loaded 113M reads 
[03:01:59] Read1: loaded 113M reads 
[03:02:00] Read2: loaded 114M reads 
[03:02:00] Read1: loaded 114M reads 
[03:02:01] Read2: loaded 115M reads 
[03:02:01] Read1: loaded 115M reads 
[03:02:01] Read2: loaded 116M reads 
[03:02:02] Read1: loaded 116M reads 
[03:02:02] Read2: loaded 117M reads 
[03:02:02] Read2: loading completed with 14297 packs 
[03:02:03] Read1: loaded 117M reads 
[03:02:03] Read1: loading completed with 14297 packs 
[03:02:03] thread 10 data processing completed 
[03:02:03] thread 10 finished 
[03:02:03] thread 2 data processing completed 
[03:02:03] thread 2 finished 
[03:02:03] thread 8 data processing completed 
[03:02:03] thread 8 finished 
[03:02:03] thread 14 data processing completed 
[03:02:03] thread 14 finished 
[03:02:03] thread 11 data processing completed 
[03:02:03] thread 11 finished 
[03:02:03] thread 15 data processing completed 
[03:02:03] thread 15 finished 
[03:02:03] thread 9 data processing completed 
[03:02:03] thread 9 finished 
[03:02:03] [fastp 1.3.3-d0bromir] Stage: loading (97483 ms) 
[03:02:03] [fastp 1.3.3-d0bromir] Stage: filtering 
[03:02:03] thread 16 data processing completed 
[03:02:03] thread 16 finished 
[03:02:03] thread 7 data processing completed 
[03:02:03] thread 7 finished 
[03:02:03] thread 12 data processing completed 
[03:02:03] thread 12 finished 
[03:02:03] thread 5 data processing completed 
[03:02:03] thread 5 finished 
[03:02:03] thread 13 data processing completed 
[03:02:03] thread 13 finished 
[03:02:03] thread 1 data processing completed 
[03:02:03] thread 1 finished 
[03:02:03] thread 3 data processing completed 
[03:02:03] thread 3 finished 
[03:02:03] thread 6 data processing completed 
[03:02:03] thread 6 finished 
[03:02:03] thread 4 data processing completed 
[03:02:03] thread 4 finished 
[03:02:03] [fastp 1.3.3-d0bromir] Stage: filtering (50 ms) 
[03:02:03] [fastp 1.3.3-d0bromir] Stage: writing 
[03:02:03] /dev/shm/fastp_bench_ee4uyx_R1.fq.gz writer finished 
[03:02:03] /dev/shm/fastp_bench_JIcTLe_R2.fq.gz writer finished 
[03:02:03] [fastp 1.3.3-d0bromir] Stage: writing (21 ms) 
[03:02:03] [GPU] Device 0: batches=14297 reads=117119017 
[03:02:03] [GPU] Device 1: batches=14297 reads=117119017 
[03:02:03] start to generate reports
 
Read1 before filtering:
total reads: 117119017
total bases: 11711901700
Q20 bases: 11040848879(94.2703%)
Q30 bases: 10362226195(88.476%)
Q40 bases: 1948657(0.0166383%)

Read2 before filtering:
total reads: 117119017
total bases: 11711901700
Q20 bases: 10988642082(93.8246%)
Q30 bases: 10314076255(88.0649%)
Q40 bases: 28413202(0.242601%)

Read1 after filtering:
total reads: 108920465
total bases: 10873757549
Q20 bases: 10544216033(96.9694%)
Q30 bases: 9961660084(91.6119%)
Q40 bases: 1912694(0.01759%)

Read2 after filtering:
total reads: 108920465
total bases: 10873757549
Q20 bases: 10557960992(97.0958%)
Q30 bases: 9979237841(91.7736%)
Q40 bases: 27481072(0.252728%)

Filtering result:
reads passed filter: 217840930
reads failed due to low quality: 16397104
reads failed due to too many N: 0
reads failed due to too short: 0
reads failed due to adapter dimer: 0
reads with adapter trimmed: 882278
bases trimmed due to adapters: 37595560

Duplication rate: 1.16051%

Insert size peak (evaluated by paired-end reads): 169

JSON report: /dev/shm/fastp_bench_auEBAf.json
HTML report: /dev/null

/home/mpiuser/bioauto_rev/fastp_d0bromir/fastp -w 16 -j /dev/shm/fastp_bench_auEBAf.json -h /dev/null --verbose -i /home/mpiuser/FASTQ/WGS/ERR1044319_1.fastq.gz -I /home/mpiuser/FASTQ/WGS/ERR1044319_2.fastq.gz -o /dev/shm/fastp_bench_ee4uyx_R1.fq.gz -O /dev/shm/fastp_bench_JIcTLe_R2.fq.gz 
fastp v1.3.3-d0bromir, time used: 99 seconds
================================================================
