=== Full Benchmark Log: Sun Oct  4 12:01:31 UTC 2026 ===


================================================================
 Application  : opengene (/home/mpiuser/bioauto_rev/fastp_d0bromir/../fastp_opengene/fastp)
 Dataset      : WGS SE 6.3G (ERR1044780_1)
 Files        : R1=/home/mpiuser/FASTQ/WGS/ERR1044780_1.fastq.gz
 Type         : SE
 Threads      : 16
 Wall time    : 198.454 s
 reads_in     : 80314764
 reads_out    : 77515798
 vs_opengene  : baseline
--- Resource usage ---
 CPU avg/peak : 697.4% / 1282.2%
 RSS peak     : 1301 MiB
 GPU util a/p : 0.6% / 44.0%
 GPU mem peak : 0 MiB
 Sample CSV   : /home/mpiuser/bioauto_rev/fastp_d0bromir/benchmark_results/20261004_120131/resources/resource_WGS_SE_6.3G_opengene_T16_1791115292.csv
--- Profiling output ---
Detecting adapter sequence for read1...
No adapter detected for read1

[12:01:45] start to load data 
[12:01:45] /dev/shm/fastp_bench_z0KlF9_R1.fq.gz writer finished 
[12:01:46] loaded 1M reads 
[12:01:47] loaded 2M reads 
[12:01:48] loaded 3M reads 
[12:01:50] loaded 4M reads 
[12:01:51] loaded 5M reads 
[12:01:52] loaded 6M reads 
[12:01:53] loaded 7M reads 
[12:01:55] loaded 8M reads 
[12:01:56] loaded 9M reads 
[12:01:57] loaded 10M reads 
[12:01:59] loaded 11M reads 
[12:02:00] loaded 12M reads 
[12:02:01] loaded 13M reads 
[12:02:03] loaded 14M reads 
[12:02:04] loaded 15M reads 
[12:02:05] loaded 16M reads 
[12:02:06] loaded 17M reads 
[12:02:08] loaded 18M reads 
[12:02:09] loaded 19M reads 
[12:02:10] loaded 20M reads 
[12:02:12] loaded 21M reads 
[12:02:13] loaded 22M reads 
[12:02:14] loaded 23M reads 
[12:02:16] loaded 24M reads 
[12:02:19] loaded 25M reads 
[12:02:22] loaded 26M reads 
[12:02:24] loaded 27M reads 
[12:02:27] loaded 28M reads 
[12:02:29] loaded 29M reads 
[12:02:32] loaded 30M reads 
[12:02:35] loaded 31M reads 
[12:02:37] loaded 32M reads 
[12:02:40] loaded 33M reads 
[12:02:43] loaded 34M reads 
[12:02:46] loaded 35M reads 
[12:02:48] loaded 36M reads 
[12:02:51] loaded 37M reads 
[12:02:54] loaded 38M reads 
[12:02:56] loaded 39M reads 
[12:02:59] loaded 40M reads 
[12:03:02] loaded 41M reads 
[12:03:04] loaded 42M reads 
[12:03:07] loaded 43M reads 
[12:03:10] loaded 44M reads 
[12:03:13] loaded 45M reads 
[12:03:16] loaded 46M reads 
[12:03:19] loaded 47M reads 
[12:03:22] loaded 48M reads 
[12:03:24] loaded 49M reads 
[12:03:27] loaded 50M reads 
[12:03:30] loaded 51M reads 
[12:03:32] loaded 52M reads 
[12:03:35] loaded 53M reads 
[12:03:38] loaded 54M reads 
[12:03:41] loaded 55M reads 
[12:03:44] loaded 56M reads 
[12:03:46] loaded 57M reads 
[12:03:49] loaded 58M reads 
[12:03:52] loaded 59M reads 
[12:03:55] loaded 60M reads 
[12:03:58] loaded 61M reads 
[12:04:01] loaded 62M reads 
[12:04:04] loaded 63M reads 
[12:04:06] loaded 64M reads 
[12:04:09] loaded 65M reads 
[12:04:12] loaded 66M reads 
[12:04:14] loaded 67M reads 
[12:04:17] loaded 68M reads 
[12:04:20] loaded 69M reads 
[12:04:23] loaded 70M reads 
[12:04:26] loaded 71M reads 
[12:04:28] loaded 72M reads 
[12:04:31] loaded 73M reads 
[12:04:33] loaded 74M reads 
[12:04:36] loaded 75M reads 
[12:04:39] loaded 76M reads 
[12:04:41] loaded 77M reads 
[12:04:44] loaded 78M reads 
[12:04:47] loaded 79M reads 
[12:04:49] loaded 80M reads 
[12:04:50] Loading completed with 80315 packs 
[12:04:50] thread 13 data processing completed 
[12:04:50] thread 12 data processing completed 
[12:04:50] thread 12 finished 
[12:04:50] thread 4 data processing completed 
[12:04:50] thread 4 finished 
[12:04:50] thread 13 finished 
[12:04:50] thread 16 data processing completed 
[12:04:50] thread 16 finished 
[12:04:50] thread 14 data processing completed 
[12:04:50] thread 14 finished 
[12:04:50] thread 2 data processing completed 
[12:04:50] thread 2 finished 
[12:04:50] thread 15 data processing completed 
[12:04:50] thread 15 finished 
[12:04:50] thread 3 data processing completed 
[12:04:50] thread 3 finished 
[12:04:50] thread 1 data processing completed 
[12:04:50] thread 1 finished 
[12:04:50] thread 5 data processing completed 
[12:04:50] thread 5 finished 
[12:04:50] thread 6 data processing completed 
[12:04:50] thread 6 finished 
[12:04:50] thread 7 data processing completed 
[12:04:50] thread 7 finished 
[12:04:50] thread 8 data processing completed 
[12:04:50] thread 8 finished 
[12:04:50] thread 9 data processing completed 
[12:04:50] thread 9 finished 
[12:04:50] thread 10 data processing completed 
[12:04:50] thread 10 finished 
[12:04:50] thread 11 data processing completed 
[12:04:50] thread 11 finished 
[12:04:50] start to generate reports
 
Read1 before filtering:
total reads: 80314764
total bases: 8031476400
Q20 bases: 7618398149(94.8568%)
Q30 bases: 7189780467(89.52%)
Q40 bases: 1372019(0.017083%)

Read1 after filtering:
total reads: 77515798
total bases: 7751579800
Q20 bases: 7501957244(96.7797%)
Q30 bases: 7095114113(91.5312%)
Q40 bases: 1364356(0.017601%)

Filtering result:
reads passed filter: 77515798
reads failed due to low quality: 2793133
reads failed due to too many N: 5833
reads failed due to too short: 0
reads failed due to adapter dimer: 0
reads with adapter trimmed: 0
bases trimmed due to adapters: 0

Duplication rate (may be overestimated since this is SE data): 3.81534%

JSON report: /dev/shm/fastp_bench_py5D0m.json
HTML report: /dev/null

/home/mpiuser/bioauto_rev/fastp_d0bromir/../fastp_opengene/fastp -w 16 -j /dev/shm/fastp_bench_py5D0m.json -h /dev/null --verbose -i /home/mpiuser/FASTQ/WGS/ERR1044780_1.fastq.gz -o /dev/shm/fastp_bench_z0KlF9_R1.fq.gz 
fastp v1.3.3, time used: 198 seconds
================================================================

================================================================
 Application  : d0bromir_cpu (/home/mpiuser/bioauto_rev/fastp_d0bromir/fastp-cpu)
 Dataset      : WGS SE 6.3G (ERR1044780_1)
 Files        : R1=/home/mpiuser/FASTQ/WGS/ERR1044780_1.fastq.gz
 Type         : SE
 Threads      : 16
 Wall time    : 79.588 s
 reads_in     : 80314764
 reads_out    : 77515798
 vs_opengene  : -59.9%
--- Resource usage ---
 CPU avg/peak : 717.9% / 1475.2%
 RSS peak     : 1493 MiB
 GPU util a/p : 28.8% / 44.0%
 GPU mem peak : 0 MiB
 Sample CSV   : /home/mpiuser/bioauto_rev/fastp_d0bromir/benchmark_results/20261004_120131/resources/resource_WGS_SE_6.3G_d0bromir_cpu_T16_1791115492.csv
--- Profiling output ---
[12:04:52] fastp 1.3.3-d0bromir starting 
Detecting adapter sequence for read1...
No adapter detected for read1

[12:05:04] [fastp 1.3.3-d0bromir] Stage: loading 
[12:05:04] start to load data 
[12:05:05] loaded 1M reads 
[12:05:05] loaded 2M reads 
[12:05:06] loaded 3M reads 
[12:05:07] loaded 4M reads 
[12:05:08] loaded 5M reads 
[12:05:09] loaded 6M reads 
[12:05:10] loaded 7M reads 
[12:05:11] loaded 8M reads 
[12:05:11] loaded 9M reads 
[12:05:12] loaded 10M reads 
[12:05:13] loaded 11M reads 
[12:05:14] loaded 12M reads 
[12:05:15] loaded 13M reads 
[12:05:16] loaded 14M reads 
[12:05:16] loaded 15M reads 
[12:05:17] loaded 16M reads 
[12:05:18] loaded 17M reads 
[12:05:19] loaded 18M reads 
[12:05:20] loaded 19M reads 
[12:05:21] loaded 20M reads 
[12:05:22] loaded 21M reads 
[12:05:22] loaded 22M reads 
[12:05:23] loaded 23M reads 
[12:05:24] loaded 24M reads 
[12:05:25] loaded 25M reads 
[12:05:26] loaded 26M reads 
[12:05:27] loaded 27M reads 
[12:05:27] loaded 28M reads 
[12:05:28] loaded 29M reads 
[12:05:29] loaded 30M reads 
[12:05:30] loaded 31M reads 
[12:05:31] loaded 32M reads 
[12:05:32] loaded 33M reads 
[12:05:32] loaded 34M reads 
[12:05:33] loaded 35M reads 
[12:05:34] loaded 36M reads 
[12:05:35] loaded 37M reads 
[12:05:36] loaded 38M reads 
[12:05:37] loaded 39M reads 
[12:05:38] loaded 40M reads 
[12:05:38] loaded 41M reads 
[12:05:39] loaded 42M reads 
[12:05:40] loaded 43M reads 
[12:05:41] loaded 44M reads 
[12:05:42] loaded 45M reads 
[12:05:43] loaded 46M reads 
[12:05:43] loaded 47M reads 
[12:05:44] loaded 48M reads 
[12:05:45] loaded 49M reads 
[12:05:46] loaded 50M reads 
[12:05:47] loaded 51M reads 
[12:05:48] loaded 52M reads 
[12:05:48] loaded 53M reads 
[12:05:49] loaded 54M reads 
[12:05:50] loaded 55M reads 
[12:05:51] loaded 56M reads 
[12:05:52] loaded 57M reads 
[12:05:53] loaded 58M reads 
[12:05:53] loaded 59M reads 
[12:05:54] loaded 60M reads 
[12:05:55] loaded 61M reads 
[12:05:56] loaded 62M reads 
[12:05:57] loaded 63M reads 
[12:05:57] loaded 64M reads 
[12:05:58] loaded 65M reads 
[12:05:59] loaded 66M reads 
[12:06:00] loaded 67M reads 
[12:06:01] loaded 68M reads 
[12:06:02] loaded 69M reads 
[12:06:02] loaded 70M reads 
[12:06:03] loaded 71M reads 
[12:06:04] loaded 72M reads 
[12:06:05] loaded 73M reads 
[12:06:06] loaded 74M reads 
[12:06:06] loaded 75M reads 
[12:06:07] loaded 76M reads 
[12:06:08] loaded 77M reads 
[12:06:09] loaded 78M reads 
[12:06:10] loaded 79M reads 
[12:06:11] loaded 80M reads 
[12:06:11] Loading completed with 9805 packs 
[12:06:11] thread 9 data processing completed 
[12:06:11] thread 9 finished 
[12:06:11] thread 3 data processing completed 
[12:06:11] thread 3 finished 
[12:06:11] thread 5 data processing completed 
[12:06:11] thread 5 finished 
[12:06:11] thread 16 data processing completed 
[12:06:11] thread 16 finished 
[12:06:11] thread 7 data processing completed 
[12:06:11] thread 7 finished 
[12:06:11] thread 14 data processing completed 
[12:06:11] thread 14 finished 
[12:06:11] thread 8 data processing completed 
[12:06:11] thread 8 finished 
[12:06:11] [fastp 1.3.3-d0bromir] Stage: loading (67069 ms) 
[12:06:11] [fastp 1.3.3-d0bromir] Stage: filtering 
[12:06:11] thread 12 data processing completed 
[12:06:11] thread 12 finished 
[12:06:11] thread 13 data processing completed 
[12:06:11] thread 13 finished 
[12:06:11] thread 1 data processing completed 
[12:06:11] thread 1 finished 
[12:06:11] thread 4 data processing completed 
[12:06:11] thread 4 finished 
[12:06:11] thread 10 data processing completed 
[12:06:11] thread 10 finished 
[12:06:11] thread 6 data processing completed 
[12:06:11] thread 6 finished 
[12:06:11] thread 15 data processing completed 
[12:06:11] thread 15 finished 
[12:06:11] thread 11 data processing completed 
[12:06:11] thread 11 finished 
[12:06:11] thread 2 data processing completed 
[12:06:11] thread 2 finished 
[12:06:11] [fastp 1.3.3-d0bromir] Stage: filtering (19 ms) 
[12:06:11] [fastp 1.3.3-d0bromir] Stage: writing 
[12:06:11] /dev/shm/fastp_bench_V0nNpj_R1.fq.gz writer finished 
[12:06:11] [fastp 1.3.3-d0bromir] Stage: writing (30 ms) 
[12:06:11] start to generate reports
 
Read1 before filtering:
total reads: 80314764
total bases: 8031476400
Q20 bases: 7618398149(94.8568%)
Q30 bases: 7189780467(89.52%)
Q40 bases: 1372019(0.017083%)

Read1 after filtering:
total reads: 77515798
total bases: 7751579800
Q20 bases: 7501957244(96.7797%)
Q30 bases: 7095114113(91.5312%)
Q40 bases: 1364356(0.017601%)

Filtering result:
reads passed filter: 77515798
reads failed due to low quality: 2793133
reads failed due to too many N: 5833
reads failed due to too short: 0
reads failed due to adapter dimer: 0
reads with adapter trimmed: 0
bases trimmed due to adapters: 0

Duplication rate (may be overestimated since this is SE data): 3.81535%

JSON report: /dev/shm/fastp_bench_l0EYAs.json
HTML report: /dev/null

/home/mpiuser/bioauto_rev/fastp_d0bromir/fastp-cpu -w 16 -j /dev/shm/fastp_bench_l0EYAs.json -h /dev/null --verbose -i /home/mpiuser/FASTQ/WGS/ERR1044780_1.fastq.gz -o /dev/shm/fastp_bench_V0nNpj_R1.fq.gz 
fastp v1.3.3-d0bromir, time used: 79 seconds
================================================================

================================================================
 Application  : d0bromir_gpu (/home/mpiuser/bioauto_rev/fastp_d0bromir/fastp)
 Dataset      : WGS SE 6.3G (ERR1044780_1)
 Files        : R1=/home/mpiuser/FASTQ/WGS/ERR1044780_1.fastq.gz
 Type         : SE
 Threads      : 16
 Wall time    : 79.632 s
 reads_in     : 80314764
 reads_out    : 77515798
 vs_opengene  : -59.9%
--- Resource usage ---
 CPU avg/peak : 838.8% / 1525.2%
 RSS peak     : 2220 MiB
 GPU util a/p : 4.5% / 6.0%
 GPU mem peak : 1360 MiB
 Sample CSV   : /home/mpiuser/bioauto_rev/fastp_d0bromir/benchmark_results/20261004_120131/resources/resource_WGS_SE_6.3G_d0bromir_gpu_T16_1791115572.csv
--- Profiling output ---
[12:06:12] fastp 1.3.3-d0bromir starting 
Detecting adapter sequence for read1...
No adapter detected for read1

[12:06:24] [GPU] CUDA GPU available (Device 0) - statistics GPU-accelerated (slots=8) 
[12:06:25] [fastp 1.3.3-d0bromir] Stage: loading 
[12:06:25] start to load data 
[12:06:25] [GPU] CUDA GPU available (Device 1) - statistics GPU-accelerated (slots=8) 
[12:06:25] [GPU] Dual-GPU mode: Device 0 + Device 1 active 
[12:06:26] loaded 1M reads 
[12:06:26] loaded 2M reads 
[12:06:27] loaded 3M reads 
[12:06:28] loaded 4M reads 
[12:06:29] loaded 5M reads 
[12:06:30] loaded 6M reads 
[12:06:31] loaded 7M reads 
[12:06:31] loaded 8M reads 
[12:06:32] loaded 9M reads 
[12:06:33] loaded 10M reads 
[12:06:34] loaded 11M reads 
[12:06:35] loaded 12M reads 
[12:06:36] loaded 13M reads 
[12:06:36] loaded 14M reads 
[12:06:37] loaded 15M reads 
[12:06:38] loaded 16M reads 
[12:06:39] loaded 17M reads 
[12:06:40] loaded 18M reads 
[12:06:41] loaded 19M reads 
[12:06:42] loaded 20M reads 
[12:06:42] loaded 21M reads 
[12:06:43] loaded 22M reads 
[12:06:44] loaded 23M reads 
[12:06:45] loaded 24M reads 
[12:06:46] loaded 25M reads 
[12:06:47] loaded 26M reads 
[12:06:47] loaded 27M reads 
[12:06:48] loaded 28M reads 
[12:06:49] loaded 29M reads 
[12:06:50] loaded 30M reads 
[12:06:51] loaded 31M reads 
[12:06:52] loaded 32M reads 
[12:06:53] loaded 33M reads 
[12:06:53] loaded 34M reads 
[12:06:54] loaded 35M reads 
[12:06:55] loaded 36M reads 
[12:06:56] loaded 37M reads 
[12:06:57] loaded 38M reads 
[12:06:58] loaded 39M reads 
[12:06:58] loaded 40M reads 
[12:06:59] loaded 41M reads 
[12:07:00] loaded 42M reads 
[12:07:01] loaded 43M reads 
[12:07:02] loaded 44M reads 
[12:07:03] loaded 45M reads 
[12:07:03] loaded 46M reads 
[12:07:04] loaded 47M reads 
[12:07:05] loaded 48M reads 
[12:07:06] loaded 49M reads 
[12:07:07] loaded 50M reads 
[12:07:07] loaded 51M reads 
[12:07:08] loaded 52M reads 
[12:07:09] loaded 53M reads 
[12:07:10] loaded 54M reads 
[12:07:11] loaded 55M reads 
[12:07:12] loaded 56M reads 
[12:07:12] loaded 57M reads 
[12:07:13] loaded 58M reads 
[12:07:14] loaded 59M reads 
[12:07:15] loaded 60M reads 
[12:07:16] loaded 61M reads 
[12:07:17] loaded 62M reads 
[12:07:17] loaded 63M reads 
[12:07:18] loaded 64M reads 
[12:07:19] loaded 65M reads 
[12:07:20] loaded 66M reads 
[12:07:21] loaded 67M reads 
[12:07:21] loaded 68M reads 
[12:07:22] loaded 69M reads 
[12:07:23] loaded 70M reads 
[12:07:24] loaded 71M reads 
[12:07:25] loaded 72M reads 
[12:07:25] loaded 73M reads 
[12:07:26] loaded 74M reads 
[12:07:27] loaded 75M reads 
[12:07:28] loaded 76M reads 
[12:07:29] loaded 77M reads 
[12:07:30] loaded 78M reads 
[12:07:30] loaded 79M reads 
[12:07:31] loaded 80M reads 
[12:07:31] Loading completed with 9805 packs 
[12:07:31] thread 12 data processing completed 
[12:07:31] thread 12 finished 
[12:07:31] thread 14 data processing completed 
[12:07:31] thread 14 finished 
[12:07:31] thread 11 data processing completed 
[12:07:31] thread 11 finished 
[12:07:31] thread 10 data processing completed 
[12:07:31] thread 10 finished 
[12:07:31] thread 15 data processing completed 
[12:07:31] thread 15 finished 
[12:07:31] thread 4 data processing completed 
[12:07:31] thread 4 finished 
[12:07:31] thread 9 data processing completed 
[12:07:31] thread 9 finished 
[12:07:31] thread 3 data processing completed 
[12:07:31] thread 3 finished 
[12:07:31] [fastp 1.3.3-d0bromir] Stage: loading (66872 ms) 
[12:07:31] [fastp 1.3.3-d0bromir] Stage: filtering 
[12:07:31] thread 1 data processing completed 
[12:07:31] thread 1 finished 
[12:07:31] thread 16 data processing completed 
[12:07:31] thread 16 finished 
[12:07:31] thread 2 data processing completed 
[12:07:31] thread 2 finished 
[12:07:31] thread 5 data processing completed 
[12:07:31] thread 5 finished 
[12:07:31] thread 6 data processing completed 
[12:07:31] thread 6 finished 
[12:07:31] thread 8 data processing completed 
[12:07:31] thread 8 finished 
[12:07:31] thread 13 data processing completed 
[12:07:31] thread 13 finished 
[12:07:31] thread 7 data processing completed 
[12:07:31] thread 7 finished 
[12:07:31] [fastp 1.3.3-d0bromir] Stage: filtering (17 ms) 
[12:07:31] [fastp 1.3.3-d0bromir] Stage: writing 
[12:07:32] /dev/shm/fastp_bench_wdmP5P_R1.fq.gz writer finished 
[12:07:32] [fastp 1.3.3-d0bromir] Stage: writing (30 ms) 
[12:07:32] [GPU] Device 0: batches=4903 reads=40157580 
[12:07:32] [GPU] Device 1: batches=4902 reads=40157184 
[12:07:32] start to generate reports
 
Read1 before filtering:
total reads: 80314764
total bases: 8031476400
Q20 bases: 7618398149(94.8568%)
Q30 bases: 7189780467(89.52%)
Q40 bases: 1372019(0.017083%)

Read1 after filtering:
total reads: 77515798
total bases: 7751579800
Q20 bases: 7501957244(96.7797%)
Q30 bases: 7095114113(91.5312%)
Q40 bases: 1364356(0.017601%)

Filtering result:
reads passed filter: 77515798
reads failed due to low quality: 2793133
reads failed due to too many N: 5833
reads failed due to too short: 0
reads failed due to adapter dimer: 0
reads with adapter trimmed: 0
bases trimmed due to adapters: 0

Duplication rate (may be overestimated since this is SE data): 3.81535%

JSON report: /dev/shm/fastp_bench_rl6xWz.json
HTML report: /dev/null

/home/mpiuser/bioauto_rev/fastp_d0bromir/fastp -w 16 -j /dev/shm/fastp_bench_rl6xWz.json -h /dev/null --verbose -i /home/mpiuser/FASTQ/WGS/ERR1044780_1.fastq.gz -o /dev/shm/fastp_bench_wdmP5P_R1.fq.gz 
fastp v1.3.3-d0bromir, time used: 80 seconds
================================================================
