[19:23:11] fastp 1.3.3-d0bromir starting 
Detecting adapter sequence for read1...
No adapter detected for read1

[19:23:23] [GPU] CUDA GPU available (Device 0) - statistics GPU-accelerated (slots=8) 
[19:23:23] [GPU] CUDA GPU available (Device 1) - statistics GPU-accelerated (slots=8) 
[19:23:24] [GPU] Dual-GPU mode: Device 0 + Device 1 active 
[19:27:54] [GPU] Device 0: batches=4903 reads=40157580 total_gpu=0.000000ms pack=0.000000ms h2d=0.000000ms kernel=0.000000ms d2h=0.000000ms 
[19:27:54] [GPU] Device 1: batches=4902 reads=40157184 total_gpu=0.000000ms pack=0.000000ms h2d=0.000000ms kernel=0.000000ms d2h=0.000000ms 
[19:27:54] [PROFILE] Filter batches=9805 gpu_reads=80314764 cpu_reads=0 gpu_filter_time=12144.097305ms cpu_filter_time=0.000000ms 
Read1 before filtering:
total reads: 80314764
total bases: 8031476400
Q20 bases: 7618398149(94.8568%)
Q30 bases: 7189780467(89.52%)
Q40 bases: 1372019(0.017083%)

Read1 after filtering:
total reads: 77515798
total bases: 7751579800
Q20 bases: 7501957244(96.7797%)
Q30 bases: 7095114113(91.5312%)
Q40 bases: 1364356(0.017601%)

Filtering result:
reads passed filter: 77515798
reads failed due to low quality: 2793133
reads failed due to too many N: 5833
reads failed due to too short: 0
reads failed due to adapter dimer: 0
reads with adapter trimmed: 0
bases trimmed due to adapters: 0

Duplication rate (may be overestimated since this is SE data): 3.81534%

╔══════════════════════════════════════════════════════════════╗
║              PROFILING SUMMARY (FASTP_PROFILING)            ║
╠══════════════════════════════════════════════════════════════╣
║ Total wall time:            271677.1 ms                     ║
║ Total reads:                80314764                        ║
║ I/O bytes (compressed):   6713401913                        ║
╠══════════════════════════════════════════════════════════════╣
║ I/O (disk read):             64416.5 ms  ( 23.7%)           ║
║ Decompression:               63502.3 ms  ( 23.4%)           ║
║ CPU trim+adapter:             2872.2 ms  (  1.1%)           ║
║ CPU statRead:                41332.7 ms  ( 15.2%)           ║
║ CPU unstatRead:                  0.0 ms  (  0.0%)           ║
║ filter calls (incl. GPU):    12332.8 ms  (  4.5%)           ║
║ CPU output format:            9273.9 ms  (  3.4%)           ║
║ Output compression:         270556.2 ms  ( 99.6%)           ║
║ Output write (fwrite):        2873.9 ms  (  1.1%)           ║
╠══════════════════════════════════════════════════════════════╣
║ (GPU breakdown printed by CudaStatsWrapper above)          ║
╚══════════════════════════════════════════════════════════════╝
[PROF_CSV] wall_ms,io_ms,decomp_ms,cpu_trim_ms,cpu_stat_ms,cpu_unstat_ms,filter_calls_ms,cpu_output_ms,compress_ms,write_ms,reads,io_bytes
[PROF_CSV] 271677.1,64416.5,63502.3,2872.2,41332.7,0.0,12332.8,9273.9,270556.2,2873.9,80314764,6713401913

JSON report: /tmp/plain_gpu_t1.json
HTML report: /dev/null

./fastp -w 1 -i /home/mpiuser/FASTQ/WGS_private/ERR1044780_1.fastq.gz -o /tmp/plain_gpu_t1_out.fastq.gz -j /tmp/plain_gpu_t1.json -h /dev/null 
fastp v1.3.3-d0bromir, time used: 284 seconds
