[19:17:47] fastp 1.3.3-d0bromir starting 
Detecting adapter sequence for read1...
No adapter detected for read1

[19:22:30] [PROFILE] Filter batches=9805 gpu_reads=0 cpu_reads=80314764 gpu_filter_time=0.000000ms cpu_filter_time=52790.073622ms 
Read1 before filtering:
total reads: 80314764
total bases: 8031476400
Q20 bases: 7618398149(94.8568%)
Q30 bases: 7189780467(89.52%)
Q40 bases: 1372019(0.017083%)

Read1 after filtering:
total reads: 77515798
total bases: 7751579800
Q20 bases: 7501957244(96.7797%)
Q30 bases: 7095114113(91.5312%)
Q40 bases: 1364356(0.017601%)

Filtering result:
reads passed filter: 77515798
reads failed due to low quality: 2793133
reads failed due to too many N: 5833
reads failed due to too short: 0
reads failed due to adapter dimer: 0
reads with adapter trimmed: 0
bases trimmed due to adapters: 0

Duplication rate (may be overestimated since this is SE data): 3.81534%

╔══════════════════════════════════════════════════════════════╗
║              PROFILING SUMMARY (FASTP_PROFILING)            ║
╠══════════════════════════════════════════════════════════════╣
║ Total wall time:            271266.2 ms                     ║
║ Total reads:                80314764                        ║
║ I/O bytes (compressed):   6713401913                        ║
╠══════════════════════════════════════════════════════════════╣
║ I/O (disk read):             67041.2 ms  ( 24.7%)           ║
║ Decompression:               64292.7 ms  ( 23.7%)           ║
║ CPU trim+adapter:             2843.5 ms  (  1.0%)           ║
║ CPU statRead:                41474.8 ms  ( 15.3%)           ║
║ CPU unstatRead:                  0.0 ms  (  0.0%)           ║
║ filter calls (incl. GPU):    52808.4 ms  ( 19.5%)           ║
║ CPU output format:            9410.0 ms  (  3.5%)           ║
║ Output compression:         270560.8 ms  ( 99.7%)           ║
║ Output write (fwrite):        2830.9 ms  (  1.0%)           ║
╠══════════════════════════════════════════════════════════════╣
║ (GPU breakdown printed by CudaStatsWrapper above)          ║
╚══════════════════════════════════════════════════════════════╝
[PROF_CSV] wall_ms,io_ms,decomp_ms,cpu_trim_ms,cpu_stat_ms,cpu_unstat_ms,filter_calls_ms,cpu_output_ms,compress_ms,write_ms,reads,io_bytes
[PROF_CSV] 271266.2,67041.2,64292.7,2843.5,41474.8,0.0,52808.4,9410.0,270560.8,2830.9,80314764,6713401913

JSON report: /tmp/prof_stock.json
HTML report: /dev/null

./fastp-cpu-prof -w 1 -i /home/mpiuser/FASTQ/WGS_private/ERR1044780_1.fastq.gz -o /tmp/prof_stock_out.fastq.gz -j /tmp/prof_stock.json -h /dev/null 
fastp v1.3.3-d0bromir, time used: 284 seconds
