[23:54:33] fastp 1.3.3-d0bromir starting 
[23:54:34] [GPU] CUDA GPU available (Device 0) - statistics GPU-accelerated (slots=8) 
[23:54:35] [GPU] CUDA GPU available (Device 1) - statistics GPU-accelerated (slots=8) 
[23:54:35] [GPU] Dual-GPU mode: Device 0 + Device 1 active 
[23:54:42] [GPU] Device 0: batches=3244 reads=26567344 total_gpu=0.000000ms pack=0.000000ms h2d=0.000000ms kernel=0.000000ms d2h=0.000000ms 
[23:54:42] [GPU] Device 1: batches=3244 reads=26567344 total_gpu=0.000000ms pack=0.000000ms h2d=0.000000ms kernel=0.000000ms d2h=0.000000ms 
[23:54:42] [PROFILE] Filter batches=3244 gpu_reads=53134688 cpu_reads=0 gpu_filter_time=6672.678230ms cpu_filter_time=0.000000ms 
Read1 before filtering:
total reads: 26567344
total bases: 949221799
Q20 bases: 903751540(95.2097%)
Q30 bases: 886904330(93.4349%)
Q40 bases: 0(0%)

Read2 before filtering:
total reads: 26567344
total bases: 949470611
Q20 bases: 884290786(93.1351%)
Q30 bases: 866016804(91.2105%)
Q40 bases: 0(0%)

Read1 after filtering:
total reads: 25930135
total bases: 926414865
Q20 bases: 884976894(95.5271%)
Q30 bases: 868981355(93.8005%)
Q40 bases: 0(0%)

Read2 after filtering:
total reads: 25930135
total bases: 926692546
Q20 bases: 874197500(94.3352%)
Q30 bases: 857352998(92.5175%)
Q40 bases: 0(0%)

Filtering result:
reads passed filter: 51860270
reads failed due to low quality: 1254278
reads failed due to too many N: 20140
reads failed due to too short: 0
reads failed due to adapter dimer: 0
reads with adapter trimmed: 33678
bases trimmed due to adapters: 100178

Duplication rate: 49.5385%

Insert size peak (evaluated by paired-end reads): 35

╔══════════════════════════════════════════════════════════════╗
║              PROFILING SUMMARY (FASTP_PROFILING)            ║
╠══════════════════════════════════════════════════════════════╣
║ Total wall time:              8136.2 ms                     ║
║ Total reads:                26567344                        ║
║ I/O bytes (compressed):            0                        ║
╠══════════════════════════════════════════════════════════════╣
║ I/O (disk read):              4770.4 ms  ( 58.6%)           ║
║ Decompression:                3582.4 ms  ( 44.0%)           ║
║ CPU trim+adapter:            13770.0 ms  (169.2%)           ║
║ CPU statRead:                12697.2 ms  (156.1%)           ║
║ CPU unstatRead:                  0.0 ms  (  0.0%)           ║
║ filter calls (incl. GPU):     6680.3 ms  ( 82.1%)           ║
║ CPU output format:            8401.8 ms  (103.3%)           ║
║ Output compression:          66868.6 ms  (821.9%)           ║
║ Output write (fwrite):         648.0 ms  (  8.0%)           ║
╠══════════════════════════════════════════════════════════════╣
║ (GPU breakdown printed by CudaStatsWrapper above)          ║
╚══════════════════════════════════════════════════════════════╝
[PROF_CSV] wall_ms,io_ms,decomp_ms,cpu_trim_ms,cpu_stat_ms,cpu_unstat_ms,filter_calls_ms,cpu_output_ms,compress_ms,write_ms,reads,io_bytes
[PROF_CSV] 8136.2,4770.4,3582.4,13770.0,12697.2,0.0,6680.3,8401.8,66868.6,648.0,26567344,0

JSON report: /tmp/bufsweep/bgzf_8mb_rep1.json
HTML report: /dev/null

./fastp -w 16 -i /tmp/bufsweep/DRR346892_1.bgzf.fastq.gz -I /tmp/bufsweep/DRR346892_2.bgzf.fastq.gz -o /tmp/bufsweep/bgzf_8mb_rep1_R1.fq.gz -O /tmp/bufsweep/bgzf_8mb_rep1_R2.fq.gz -j /tmp/bufsweep/bgzf_8mb_rep1.json -h /dev/null 
fastp v1.3.3-d0bromir, time used: 9 seconds
