g++ -c src/adaptertrimmer.cpp -o obj/adaptertrimmer.o -std=c++11 -pthread -g -O3 -march=native -flto -funroll-loops -MD -MP -I./inc   -DFASTP_PROFILING -DHAVE_CUDA -I/usr/local/cuda-13.1/include -DHAVE_NVCOMP -I/usr/include/libnvcomp5-dev-cuda-13
g++ -c src/basecorrector.cpp -o obj/basecorrector.o -std=c++11 -pthread -g -O3 -march=native -flto -funroll-loops -MD -MP -I./inc   -DFASTP_PROFILING -DHAVE_CUDA -I/usr/local/cuda-13.1/include -DHAVE_NVCOMP -I/usr/include/libnvcomp5-dev-cuda-13
g++ -c src/bgzf_writer.cpp -o obj/bgzf_writer.o -std=c++11 -pthread -g -O3 -march=native -flto -funroll-loops -MD -MP -I./inc   -DFASTP_PROFILING -DHAVE_CUDA -I/usr/local/cuda-13.1/include -DHAVE_NVCOMP -I/usr/include/libnvcomp5-dev-cuda-13
g++ -c src/contaminant_db.cpp -o obj/contaminant_db.o -std=c++11 -pthread -g -O3 -march=native -flto -funroll-loops -MD -MP -I./inc   -DFASTP_PROFILING -DHAVE_CUDA -I/usr/local/cuda-13.1/include -DHAVE_NVCOMP -I/usr/include/libnvcomp5-dev-cuda-13
g++ -c src/cuda_stats_wrapper.cpp -o obj/cuda_stats_wrapper.o -std=c++11 -pthread -g -O3 -march=native -flto -funroll-loops -MD -MP -I./inc   -DFASTP_PROFILING -DHAVE_CUDA -I/usr/local/cuda-13.1/include -DHAVE_NVCOMP -I/usr/include/libnvcomp5-dev-cuda-13
g++ -c src/cuda_unittest.cpp -o obj/cuda_unittest.o -std=c++11 -pthread -g -O3 -march=native -flto -funroll-loops -MD -MP -I./inc   -DFASTP_PROFILING -DHAVE_CUDA -I/usr/local/cuda-13.1/include -DHAVE_NVCOMP -I/usr/include/libnvcomp5-dev-cuda-13
g++ -c src/duplicate.cpp -o obj/duplicate.o -std=c++11 -pthread -g -O3 -march=native -flto -funroll-loops -MD -MP -I./inc   -DFASTP_PROFILING -DHAVE_CUDA -I/usr/local/cuda-13.1/include -DHAVE_NVCOMP -I/usr/include/libnvcomp5-dev-cuda-13
g++ -c src/evaluator.cpp -o obj/evaluator.o -std=c++11 -pthread -g -O3 -march=native -flto -funroll-loops -MD -MP -I./inc   -DFASTP_PROFILING -DHAVE_CUDA -I/usr/local/cuda-13.1/include -DHAVE_NVCOMP -I/usr/include/libnvcomp5-dev-cuda-13
g++ -c src/fastareader.cpp -o obj/fastareader.o -std=c++11 -pthread -g -O3 -march=native -flto -funroll-loops -MD -MP -I./inc   -DFASTP_PROFILING -DHAVE_CUDA -I/usr/local/cuda-13.1/include -DHAVE_NVCOMP -I/usr/include/libnvcomp5-dev-cuda-13
g++ -c src/fastqreader.cpp -o obj/fastqreader.o -std=c++11 -pthread -g -O3 -march=native -flto -funroll-loops -MD -MP -I./inc   -DFASTP_PROFILING -DHAVE_CUDA -I/usr/local/cuda-13.1/include -DHAVE_NVCOMP -I/usr/include/libnvcomp5-dev-cuda-13
g++ -c src/filter.cpp -o obj/filter.o -std=c++11 -pthread -g -O3 -march=native -flto -funroll-loops -MD -MP -I./inc   -DFASTP_PROFILING -DHAVE_CUDA -I/usr/local/cuda-13.1/include -DHAVE_NVCOMP -I/usr/include/libnvcomp5-dev-cuda-13
g++ -c src/filterresult.cpp -o obj/filterresult.o -std=c++11 -pthread -g -O3 -march=native -flto -funroll-loops -MD -MP -I./inc   -DFASTP_PROFILING -DHAVE_CUDA -I/usr/local/cuda-13.1/include -DHAVE_NVCOMP -I/usr/include/libnvcomp5-dev-cuda-13
g++ -c src/gds_reader.cpp -o obj/gds_reader.o -std=c++11 -pthread -g -O3 -march=native -flto -funroll-loops -MD -MP -I./inc   -DFASTP_PROFILING -DHAVE_CUDA -I/usr/local/cuda-13.1/include -DHAVE_NVCOMP -I/usr/include/libnvcomp5-dev-cuda-13
g++ -c src/htmlreporter.cpp -o obj/htmlreporter.o -std=c++11 -pthread -g -O3 -march=native -flto -funroll-loops -MD -MP -I./inc   -DFASTP_PROFILING -DHAVE_CUDA -I/usr/local/cuda-13.1/include -DHAVE_NVCOMP -I/usr/include/libnvcomp5-dev-cuda-13
g++ -c src/jsonreporter.cpp -o obj/jsonreporter.o -std=c++11 -pthread -g -O3 -march=native -flto -funroll-loops -MD -MP -I./inc   -DFASTP_PROFILING -DHAVE_CUDA -I/usr/local/cuda-13.1/include -DHAVE_NVCOMP -I/usr/include/libnvcomp5-dev-cuda-13
g++ -c src/main.cpp -o obj/main.o -std=c++11 -pthread -g -O3 -march=native -flto -funroll-loops -MD -MP -I./inc   -DFASTP_PROFILING -DHAVE_CUDA -I/usr/local/cuda-13.1/include -DHAVE_NVCOMP -I/usr/include/libnvcomp5-dev-cuda-13
g++ -c src/matcher.cpp -o obj/matcher.o -std=c++11 -pthread -g -O3 -march=native -flto -funroll-loops -MD -MP -I./inc   -DFASTP_PROFILING -DHAVE_CUDA -I/usr/local/cuda-13.1/include -DHAVE_NVCOMP -I/usr/include/libnvcomp5-dev-cuda-13
g++ -c src/options.cpp -o obj/options.o -std=c++11 -pthread -g -O3 -march=native -flto -funroll-loops -MD -MP -I./inc   -DFASTP_PROFILING -DHAVE_CUDA -I/usr/local/cuda-13.1/include -DHAVE_NVCOMP -I/usr/include/libnvcomp5-dev-cuda-13
g++ -c src/nucleotidetree.cpp -o obj/nucleotidetree.o -std=c++11 -pthread -g -O3 -march=native -flto -funroll-loops -MD -MP -I./inc   -DFASTP_PROFILING -DHAVE_CUDA -I/usr/local/cuda-13.1/include -DHAVE_NVCOMP -I/usr/include/libnvcomp5-dev-cuda-13
g++ -c src/overlapanalysis.cpp -o obj/overlapanalysis.o -std=c++11 -pthread -g -O3 -march=native -flto -funroll-loops -MD -MP -I./inc   -DFASTP_PROFILING -DHAVE_CUDA -I/usr/local/cuda-13.1/include -DHAVE_NVCOMP -I/usr/include/libnvcomp5-dev-cuda-13
g++ -c src/peprocessor.cpp -o obj/peprocessor.o -std=c++11 -pthread -g -O3 -march=native -flto -funroll-loops -MD -MP -I./inc   -DFASTP_PROFILING -DHAVE_CUDA -I/usr/local/cuda-13.1/include -DHAVE_NVCOMP -I/usr/include/libnvcomp5-dev-cuda-13
g++ -c src/processor.cpp -o obj/processor.o -std=c++11 -pthread -g -O3 -march=native -flto -funroll-loops -MD -MP -I./inc   -DFASTP_PROFILING -DHAVE_CUDA -I/usr/local/cuda-13.1/include -DHAVE_NVCOMP -I/usr/include/libnvcomp5-dev-cuda-13
g++ -c src/polyx.cpp -o obj/polyx.o -std=c++11 -pthread -g -O3 -march=native -flto -funroll-loops -MD -MP -I./inc   -DFASTP_PROFILING -DHAVE_CUDA -I/usr/local/cuda-13.1/include -DHAVE_NVCOMP -I/usr/include/libnvcomp5-dev-cuda-13
g++ -c src/profiling.cpp -o obj/profiling.o -std=c++11 -pthread -g -O3 -march=native -flto -funroll-loops -MD -MP -I./inc   -DFASTP_PROFILING -DHAVE_CUDA -I/usr/local/cuda-13.1/include -DHAVE_NVCOMP -I/usr/include/libnvcomp5-dev-cuda-13
g++ -c src/read.cpp -o obj/read.o -std=c++11 -pthread -g -O3 -march=native -flto -funroll-loops -MD -MP -I./inc   -DFASTP_PROFILING -DHAVE_CUDA -I/usr/local/cuda-13.1/include -DHAVE_NVCOMP -I/usr/include/libnvcomp5-dev-cuda-13
g++ -c src/readpool.cpp -o obj/readpool.o -std=c++11 -pthread -g -O3 -march=native -flto -funroll-loops -MD -MP -I./inc   -DFASTP_PROFILING -DHAVE_CUDA -I/usr/local/cuda-13.1/include -DHAVE_NVCOMP -I/usr/include/libnvcomp5-dev-cuda-13
g++ -c src/repeatfinder.cpp -o obj/repeatfinder.o -std=c++11 -pthread -g -O3 -march=native -flto -funroll-loops -MD -MP -I./inc   -DFASTP_PROFILING -DHAVE_CUDA -I/usr/local/cuda-13.1/include -DHAVE_NVCOMP -I/usr/include/libnvcomp5-dev-cuda-13
g++ -c src/seprocessor.cpp -o obj/seprocessor.o -std=c++11 -pthread -g -O3 -march=native -flto -funroll-loops -MD -MP -I./inc   -DFASTP_PROFILING -DHAVE_CUDA -I/usr/local/cuda-13.1/include -DHAVE_NVCOMP -I/usr/include/libnvcomp5-dev-cuda-13
g++ -c src/sequence.cpp -o obj/sequence.o -std=c++11 -pthread -g -O3 -march=native -flto -funroll-loops -MD -MP -I./inc   -DFASTP_PROFILING -DHAVE_CUDA -I/usr/local/cuda-13.1/include -DHAVE_NVCOMP -I/usr/include/libnvcomp5-dev-cuda-13
g++ -c src/stats.cpp -o obj/stats.o -std=c++11 -pthread -g -O3 -march=native -flto -funroll-loops -MD -MP -I./inc   -DFASTP_PROFILING -DHAVE_CUDA -I/usr/local/cuda-13.1/include -DHAVE_NVCOMP -I/usr/include/libnvcomp5-dev-cuda-13
g++ -c src/threadconfig.cpp -o obj/threadconfig.o -std=c++11 -pthread -g -O3 -march=native -flto -funroll-loops -MD -MP -I./inc   -DFASTP_PROFILING -DHAVE_CUDA -I/usr/local/cuda-13.1/include -DHAVE_NVCOMP -I/usr/include/libnvcomp5-dev-cuda-13
g++ -c src/umiprocessor.cpp -o obj/umiprocessor.o -std=c++11 -pthread -g -O3 -march=native -flto -funroll-loops -MD -MP -I./inc   -DFASTP_PROFILING -DHAVE_CUDA -I/usr/local/cuda-13.1/include -DHAVE_NVCOMP -I/usr/include/libnvcomp5-dev-cuda-13
g++ -c src/unittest.cpp -o obj/unittest.o -std=c++11 -pthread -g -O3 -march=native -flto -funroll-loops -MD -MP -I./inc   -DFASTP_PROFILING -DHAVE_CUDA -I/usr/local/cuda-13.1/include -DHAVE_NVCOMP -I/usr/include/libnvcomp5-dev-cuda-13
g++ -c src/writer.cpp -o obj/writer.o -std=c++11 -pthread -g -O3 -march=native -flto -funroll-loops -MD -MP -I./inc   -DFASTP_PROFILING -DHAVE_CUDA -I/usr/local/cuda-13.1/include -DHAVE_NVCOMP -I/usr/include/libnvcomp5-dev-cuda-13
g++ -c src/writerthread.cpp -o obj/writerthread.o -std=c++11 -pthread -g -O3 -march=native -flto -funroll-loops -MD -MP -I./inc   -DFASTP_PROFILING -DHAVE_CUDA -I/usr/local/cuda-13.1/include -DHAVE_NVCOMP -I/usr/include/libnvcomp5-dev-cuda-13
src/cuda_gzip.cu(41): warning #177-D: variable "BGZF_MAGIC" was declared but never referenced
  static const unsigned char BGZF_MAGIC[2] = {0x1f, 0x8b};
                             ^

Remark: The warnings can be suppressed with "-diag-suppress <warning-number>"

src/cuda_gzip.cu(42): warning #177-D: variable "BGZF_EXTRA_OFFSET" was declared but never referenced
  static const int BGZF_EXTRA_OFFSET = 12;
                   ^

g++ ./obj/adaptertrimmer.o ./obj/basecorrector.o ./obj/bgzf_writer.o ./obj/contaminant_db.o ./obj/cuda_stats_wrapper.o ./obj/cuda_unittest.o ./obj/duplicate.o ./obj/evaluator.o ./obj/fastareader.o ./obj/fastqreader.o ./obj/filter.o ./obj/filterresult.o ./obj/gds_reader.o ./obj/htmlreporter.o ./obj/jsonreporter.o ./obj/main.o ./obj/matcher.o ./obj/nucleotidetree.o ./obj/options.o ./obj/overlapanalysis.o ./obj/peprocessor.o ./obj/polyx.o ./obj/processor.o ./obj/profiling.o ./obj/read.o ./obj/readpool.o ./obj/repeatfinder.o ./obj/seprocessor.o ./obj/sequence.o ./obj/stats.o ./obj/threadconfig.o ./obj/umiprocessor.o ./obj/unittest.o ./obj/writer.o ./obj/writerthread.o ./obj/cuda_gzip_compress.o ./obj/cuda_gzip.o ./obj/cuda_stats.o ./obj/cuda_trim.o ./obj/gds_pipeline.o -o fastp -flto  -lisal -ldeflate -lpthread -L/usr/local/cuda-13.1/lib64 -lcudart -lcuda -L/usr/lib/aarch64-linux-gnu/libnvcomp5-dev-cuda-13 -lnvcomp -Wl,-rpath,/usr/lib/aarch64-linux-gnu/libnvcomp5-dev-cuda-13 -Wl,-rpath,/usr/local/cuda-13.1/lib64
