=== Full Benchmark Log: Sun Oct  4 01:32:59 UTC 2026 ===


================================================================
 Application  : opengene (/home/mpiuser/bioauto_rev/fastp_d0bromir/../fastp_opengene/fastp)
 Dataset      : WGS PE 40G (DRR216653 R1+R2)
 Files        : R1=/home/mpiuser/FASTQ/WGS/DRR216653_1.fastq.gz
               R2=/home/mpiuser/FASTQ/WGS/DRR216653_2.fastq.gz
 Type         : PE
 Threads      : 8
 Wall time    : 689.829 s
 reads_in     : 722563222
 reads_out    : 717214748
 vs_opengene  : baseline
--- Resource usage ---
 CPU avg/peak : 1153.0% / 1617.4%
 RSS peak     : 1307 MiB
 GPU util a/p : 0.0% / 0.0%
 GPU mem peak : 0 MiB
 Sample CSV   : /home/mpiuser/bioauto_rev/fastp_d0bromir/benchmark_results/20261004_013259/resources/resource_WGS_PE_40G_opengene_T8_1791077580.csv
--- Profiling output ---
[01:33:01] start to load data of read1 
[01:33:01] start to load data of read2 
[01:33:01] /dev/shm/fastp_bench_uGq8BI_R1.fq.gz writer finished 
[01:33:01] /dev/shm/fastp_bench_cWP4wx_R2.fq.gz writer finished 
[01:33:02] Read1: loaded 1M reads 
[01:33:02] Read2: loaded 1M reads 
[01:33:04] Read2: loaded 2M reads 
[01:33:04] Read1: loaded 2M reads 
[01:33:06] Read1: loaded 3M reads 
[01:33:06] Read2: loaded 3M reads 
[01:33:08] Read1: loaded 4M reads 
[01:33:08] Read2: loaded 4M reads 
[01:33:10] Read2: loaded 5M reads 
[01:33:10] Read1: loaded 5M reads 
[01:33:12] Read1: loaded 6M reads 
[01:33:12] Read2: loaded 6M reads 
[01:33:14] Read1: loaded 7M reads 
[01:33:14] Read2: loaded 7M reads 
[01:33:16] Read1: loaded 8M reads 
[01:33:16] Read2: loaded 8M reads 
[01:33:18] Read1: loaded 9M reads 
[01:33:18] Read2: loaded 9M reads 
[01:33:20] Read2: loaded 10M reads 
[01:33:20] Read1: loaded 10M reads 
[01:33:22] Read2: loaded 11M reads 
[01:33:22] Read1: loaded 11M reads 
[01:33:23] Read1: loaded 12M reads 
[01:33:23] Read2: loaded 12M reads 
[01:33:25] Read2: loaded 13M reads 
[01:33:25] Read1: loaded 13M reads 
[01:33:27] Read1: loaded 14M reads 
[01:33:27] Read2: loaded 14M reads 
[01:33:29] Read1: loaded 15M reads 
[01:33:29] Read2: loaded 15M reads 
[01:33:31] Read2: loaded 16M reads 
[01:33:31] Read1: loaded 16M reads 
[01:33:33] Read1: loaded 17M reads 
[01:33:33] Read2: loaded 17M reads 
[01:33:35] Read1: loaded 18M reads 
[01:33:35] Read2: loaded 18M reads 
[01:33:37] Read1: loaded 19M reads 
[01:33:37] Read2: loaded 19M reads 
[01:33:39] Read1: loaded 20M reads 
[01:33:39] Read2: loaded 20M reads 
[01:33:41] Read1: loaded 21M reads 
[01:33:41] Read2: loaded 21M reads 
[01:33:43] Read2: loaded 22M reads 
[01:33:43] Read1: loaded 22M reads 
[01:33:44] Read2: loaded 23M reads 
[01:33:44] Read1: loaded 23M reads 
[01:33:46] Read1: loaded 24M reads 
[01:33:46] Read2: loaded 24M reads 
[01:33:48] Read1: loaded 25M reads 
[01:33:48] Read2: loaded 25M reads 
[01:33:50] Read1: loaded 26M reads 
[01:33:50] Read2: loaded 26M reads 
[01:33:52] Read2: loaded 27M reads 
[01:33:52] Read1: loaded 27M reads 
[01:33:54] Read2: loaded 28M reads 
[01:33:54] Read1: loaded 28M reads 
[01:33:56] Read2: loaded 29M reads 
[01:33:56] Read1: loaded 29M reads 
[01:33:58] Read1: loaded 30M reads 
[01:33:58] Read2: loaded 30M reads 
[01:34:00] Read1: loaded 31M reads 
[01:34:00] Read2: loaded 31M reads 
[01:34:02] Read1: loaded 32M reads 
[01:34:02] Read2: loaded 32M reads 
[01:34:04] Read2: loaded 33M reads 
[01:34:04] Read1: loaded 33M reads 
[01:34:05] Read2: loaded 34M reads 
[01:34:05] Read1: loaded 34M reads 
[01:34:07] Read1: loaded 35M reads 
[01:34:07] Read2: loaded 35M reads 
[01:34:09] Read1: loaded 36M reads 
[01:34:09] Read2: loaded 36M reads 
[01:34:11] Read1: loaded 37M reads 
[01:34:11] Read2: loaded 37M reads 
[01:34:13] Read2: loaded 38M reads 
[01:34:13] Read1: loaded 38M reads 
[01:34:15] Read2: loaded 39M reads 
[01:34:15] Read1: loaded 39M reads 
[01:34:17] Read2: loaded 40M reads 
[01:34:17] Read1: loaded 40M reads 
[01:34:19] Read2: loaded 41M reads 
[01:34:19] Read1: loaded 41M reads 
[01:34:21] Read1: loaded 42M reads 
[01:34:21] Read2: loaded 42M reads 
[01:34:23] Read1: loaded 43M reads 
[01:34:23] Read2: loaded 43M reads 
[01:34:25] Read2: loaded 44M reads 
[01:34:25] Read1: loaded 44M reads 
[01:34:26] Read2: loaded 45M reads 
[01:34:26] Read1: loaded 45M reads 
[01:34:28] Read1: loaded 46M reads 
[01:34:28] Read2: loaded 46M reads 
[01:34:30] Read1: loaded 47M reads 
[01:34:30] Read2: loaded 47M reads 
[01:34:32] Read1: loaded 48M reads 
[01:34:32] Read2: loaded 48M reads 
[01:34:34] Read2: loaded 49M reads 
[01:34:34] Read1: loaded 49M reads 
[01:34:36] Read2: loaded 50M reads 
[01:34:36] Read1: loaded 50M reads 
[01:34:38] Read2: loaded 51M reads 
[01:34:38] Read1: loaded 51M reads 
[01:34:40] Read1: loaded 52M reads 
[01:34:40] Read2: loaded 52M reads 
[01:34:42] Read2: loaded 53M reads 
[01:34:42] Read1: loaded 53M reads 
[01:34:44] Read1: loaded 54M reads 
[01:34:44] Read2: loaded 54M reads 
[01:34:46] Read1: loaded 55M reads 
[01:34:46] Read2: loaded 55M reads 
[01:34:47] Read2: loaded 56M reads 
[01:34:47] Read1: loaded 56M reads 
[01:34:49] Read1: loaded 57M reads 
[01:34:49] Read2: loaded 57M reads 
[01:34:51] Read1: loaded 58M reads 
[01:34:51] Read2: loaded 58M reads 
[01:34:53] Read1: loaded 59M reads 
[01:34:53] Read2: loaded 59M reads 
[01:34:55] Read1: loaded 60M reads 
[01:34:55] Read2: loaded 60M reads 
[01:34:57] Read1: loaded 61M reads 
[01:34:57] Read2: loaded 61M reads 
[01:34:59] Read1: loaded 62M reads 
[01:34:59] Read2: loaded 62M reads 
[01:35:01] Read2: loaded 63M reads 
[01:35:01] Read1: loaded 63M reads 
[01:35:03] Read1: loaded 64M reads 
[01:35:03] Read2: loaded 64M reads 
[01:35:05] Read1: loaded 65M reads 
[01:35:05] Read2: loaded 65M reads 
[01:35:07] Read1: loaded 66M reads 
[01:35:07] Read2: loaded 66M reads 
[01:35:08] Read1: loaded 67M reads 
[01:35:09] Read2: loaded 67M reads 
[01:35:10] Read1: loaded 68M reads 
[01:35:10] Read2: loaded 68M reads 
[01:35:12] Read1: loaded 69M reads 
[01:35:12] Read2: loaded 69M reads 
[01:35:14] Read1: loaded 70M reads 
[01:35:14] Read2: loaded 70M reads 
[01:35:16] Read1: loaded 71M reads 
[01:35:16] Read2: loaded 71M reads 
[01:35:18] Read2: loaded 72M reads 
[01:35:18] Read1: loaded 72M reads 
[01:35:20] Read2: loaded 73M reads 
[01:35:20] Read1: loaded 73M reads 
[01:35:22] Read2: loaded 74M reads 
[01:35:22] Read1: loaded 74M reads 
[01:35:24] Read2: loaded 75M reads 
[01:35:24] Read1: loaded 75M reads 
[01:35:26] Read1: loaded 76M reads 
[01:35:26] Read2: loaded 76M reads 
[01:35:28] Read1: loaded 77M reads 
[01:35:28] Read2: loaded 77M reads 
[01:35:30] Read1: loaded 78M reads 
[01:35:30] Read2: loaded 78M reads 
[01:35:32] Read1: loaded 79M reads 
[01:35:32] Read2: loaded 79M reads 
[01:35:33] Read1: loaded 80M reads 
[01:35:33] Read2: loaded 80M reads 
[01:35:35] Read1: loaded 81M reads 
[01:35:35] Read2: loaded 81M reads 
[01:35:37] Read2: loaded 82M reads 
[01:35:37] Read1: loaded 82M reads 
[01:35:39] Read2: loaded 83M reads 
[01:35:39] Read1: loaded 83M reads 
[01:35:41] Read1: loaded 84M reads 
[01:35:41] Read2: loaded 84M reads 
[01:35:43] Read1: loaded 85M reads 
[01:35:43] Read2: loaded 85M reads 
[01:35:45] Read1: loaded 86M reads 
[01:35:45] Read2: loaded 86M reads 
[01:35:47] Read1: loaded 87M reads 
[01:35:47] Read2: loaded 87M reads 
[01:35:49] Read2: loaded 88M reads 
[01:35:49] Read1: loaded 88M reads 
[01:35:51] Read2: loaded 89M reads 
[01:35:51] Read1: loaded 89M reads 
[01:35:53] Read2: loaded 90M reads 
[01:35:53] Read1: loaded 90M reads 
[01:35:55] Read1: loaded 91M reads 
[01:35:55] Read2: loaded 91M reads 
[01:35:56] Read1: loaded 92M reads 
[01:35:56] Read2: loaded 92M reads 
[01:35:58] Read2: loaded 93M reads 
[01:35:58] Read1: loaded 93M reads 
[01:36:00] Read2: loaded 94M reads 
[01:36:00] Read1: loaded 94M reads 
[01:36:02] Read1: loaded 95M reads 
[01:36:02] Read2: loaded 95M reads 
[01:36:04] Read1: loaded 96M reads 
[01:36:04] Read2: loaded 96M reads 
[01:36:06] Read1: loaded 97M reads 
[01:36:06] Read2: loaded 97M reads 
[01:36:08] Read2: loaded 98M reads 
[01:36:08] Read1: loaded 98M reads 
[01:36:10] Read2: loaded 99M reads 
[01:36:10] Read1: loaded 99M reads 
[01:36:12] Read2: loaded 100M reads 
[01:36:12] Read1: loaded 100M reads 
[01:36:14] Read2: loaded 101M reads 
[01:36:14] Read1: loaded 101M reads 
[01:36:16] Read1: loaded 102M reads 
[01:36:16] Read2: loaded 102M reads 
[01:36:17] Read1: loaded 103M reads 
[01:36:17] Read2: loaded 103M reads 
[01:36:19] Read2: loaded 104M reads 
[01:36:19] Read1: loaded 104M reads 
[01:36:21] Read2: loaded 105M reads 
[01:36:21] Read1: loaded 105M reads 
[01:36:23] Read2: loaded 106M reads 
[01:36:23] Read1: loaded 106M reads 
[01:36:25] Read2: loaded 107M reads 
[01:36:25] Read1: loaded 107M reads 
[01:36:27] Read1: loaded 108M reads 
[01:36:27] Read2: loaded 108M reads 
[01:36:29] Read1: loaded 109M reads 
[01:36:29] Read2: loaded 109M reads 
[01:36:31] Read2: loaded 110M reads 
[01:36:31] Read1: loaded 110M reads 
[01:36:33] Read2: loaded 111M reads 
[01:36:33] Read1: loaded 111M reads 
[01:36:35] Read2: loaded 112M reads 
[01:36:35] Read1: loaded 112M reads 
[01:36:37] Read1: loaded 113M reads 
[01:36:37] Read2: loaded 113M reads 
[01:36:39] Read1: loaded 114M reads 
[01:36:39] Read2: loaded 114M reads 
[01:36:40] Read2: loaded 115M reads 
[01:36:40] Read1: loaded 115M reads 
[01:36:42] Read2: loaded 116M reads 
[01:36:42] Read1: loaded 116M reads 
[01:36:44] Read1: loaded 117M reads 
[01:36:44] Read2: loaded 117M reads 
[01:36:46] Read2: loaded 118M reads 
[01:36:46] Read1: loaded 118M reads 
[01:36:48] Read1: loaded 119M reads 
[01:36:48] Read2: loaded 119M reads 
[01:36:50] Read1: loaded 120M reads 
[01:36:50] Read2: loaded 120M reads 
[01:36:52] Read2: loaded 121M reads 
[01:36:52] Read1: loaded 121M reads 
[01:36:54] Read2: loaded 122M reads 
[01:36:54] Read1: loaded 122M reads 
[01:36:56] Read1: loaded 123M reads 
[01:36:56] Read2: loaded 123M reads 
[01:36:58] Read2: loaded 124M reads 
[01:36:58] Read1: loaded 124M reads 
[01:37:00] Read1: loaded 125M reads 
[01:37:00] Read2: loaded 125M reads 
[01:37:01] Read1: loaded 126M reads 
[01:37:01] Read2: loaded 126M reads 
[01:37:03] Read1: loaded 127M reads 
[01:37:03] Read2: loaded 127M reads 
[01:37:05] Read1: loaded 128M reads 
[01:37:05] Read2: loaded 128M reads 
[01:37:07] Read2: loaded 129M reads 
[01:37:07] Read1: loaded 129M reads 
[01:37:09] Read1: loaded 130M reads 
[01:37:09] Read2: loaded 130M reads 
[01:37:11] Read2: loaded 131M reads 
[01:37:11] Read1: loaded 131M reads 
[01:37:13] Read1: loaded 132M reads 
[01:37:13] Read2: loaded 132M reads 
[01:37:15] Read1: loaded 133M reads 
[01:37:15] Read2: loaded 133M reads 
[01:37:17] Read1: loaded 134M reads 
[01:37:17] Read2: loaded 134M reads 
[01:37:19] Read2: loaded 135M reads 
[01:37:19] Read1: loaded 135M reads 
[01:37:20] Read2: loaded 136M reads 
[01:37:20] Read1: loaded 136M reads 
[01:37:22] Read2: loaded 137M reads 
[01:37:22] Read1: loaded 137M reads 
[01:37:24] Read2: loaded 138M reads 
[01:37:24] Read1: loaded 138M reads 
[01:37:26] Read2: loaded 139M reads 
[01:37:26] Read1: loaded 139M reads 
[01:37:28] Read1: loaded 140M reads 
[01:37:28] Read2: loaded 140M reads 
[01:37:30] Read2: loaded 141M reads 
[01:37:30] Read1: loaded 141M reads 
[01:37:32] Read2: loaded 142M reads 
[01:37:32] Read1: loaded 142M reads 
[01:37:34] Read2: loaded 143M reads 
[01:37:34] Read1: loaded 143M reads 
[01:37:36] Read2: loaded 144M reads 
[01:37:36] Read1: loaded 144M reads 
[01:37:38] Read2: loaded 145M reads 
[01:37:38] Read1: loaded 145M reads 
[01:37:39] Read1: loaded 146M reads 
[01:37:39] Read2: loaded 146M reads 
[01:37:41] Read2: loaded 147M reads 
[01:37:41] Read1: loaded 147M reads 
[01:37:43] Read2: loaded 148M reads 
[01:37:43] Read1: loaded 148M reads 
[01:37:45] Read1: loaded 149M reads 
[01:37:45] Read2: loaded 149M reads 
[01:37:47] Read1: loaded 150M reads 
[01:37:47] Read2: loaded 150M reads 
[01:37:49] Read1: loaded 151M reads 
[01:37:49] Read2: loaded 151M reads 
[01:37:51] Read1: loaded 152M reads 
[01:37:51] Read2: loaded 152M reads 
[01:37:53] Read1: loaded 153M reads 
[01:37:53] Read2: loaded 153M reads 
[01:37:55] Read1: loaded 154M reads 
[01:37:55] Read2: loaded 154M reads 
[01:37:57] Read1: loaded 155M reads 
[01:37:57] Read2: loaded 155M reads 
[01:37:58] Read1: loaded 156M reads 
[01:37:58] Read2: loaded 156M reads 
[01:38:00] Read1: loaded 157M reads 
[01:38:00] Read2: loaded 157M reads 
[01:38:02] Read1: loaded 158M reads 
[01:38:02] Read2: loaded 158M reads 
[01:38:04] Read1: loaded 159M reads 
[01:38:04] Read2: loaded 159M reads 
[01:38:06] Read1: loaded 160M reads 
[01:38:06] Read2: loaded 160M reads 
[01:38:08] Read2: loaded 161M reads 
[01:38:08] Read1: loaded 161M reads 
[01:38:10] Read1: loaded 162M reads 
[01:38:10] Read2: loaded 162M reads 
[01:38:12] Read2: loaded 163M reads 
[01:38:12] Read1: loaded 163M reads 
[01:38:14] Read2: loaded 164M reads 
[01:38:14] Read1: loaded 164M reads 
[01:38:16] Read2: loaded 165M reads 
[01:38:16] Read1: loaded 165M reads 
[01:38:17] Read2: loaded 166M reads 
[01:38:17] Read1: loaded 166M reads 
[01:38:19] Read2: loaded 167M reads 
[01:38:19] Read1: loaded 167M reads 
[01:38:21] Read2: loaded 168M reads 
[01:38:21] Read1: loaded 168M reads 
[01:38:23] Read2: loaded 169M reads 
[01:38:23] Read1: loaded 169M reads 
[01:38:25] Read2: loaded 170M reads 
[01:38:25] Read1: loaded 170M reads 
[01:38:27] Read2: loaded 171M reads 
[01:38:27] Read1: loaded 171M reads 
[01:38:29] Read2: loaded 172M reads 
[01:38:29] Read1: loaded 172M reads 
[01:38:31] Read1: loaded 173M reads 
[01:38:31] Read2: loaded 173M reads 
[01:38:33] Read2: loaded 174M reads 
[01:38:33] Read1: loaded 174M reads 
[01:38:35] Read2: loaded 175M reads 
[01:38:35] Read1: loaded 175M reads 
[01:38:36] Read2: loaded 176M reads 
[01:38:36] Read1: loaded 176M reads 
[01:38:38] Read2: loaded 177M reads 
[01:38:38] Read1: loaded 177M reads 
[01:38:40] Read2: loaded 178M reads 
[01:38:40] Read1: loaded 178M reads 
[01:38:42] Read2: loaded 179M reads 
[01:38:42] Read1: loaded 179M reads 
[01:38:44] Read2: loaded 180M reads 
[01:38:44] Read1: loaded 180M reads 
[01:38:46] Read2: loaded 181M reads 
[01:38:46] Read1: loaded 181M reads 
[01:38:48] Read2: loaded 182M reads 
[01:38:48] Read1: loaded 182M reads 
[01:38:50] Read1: loaded 183M reads 
[01:38:50] Read2: loaded 183M reads 
[01:38:52] Read2: loaded 184M reads 
[01:38:52] Read1: loaded 184M reads 
[01:38:54] Read2: loaded 185M reads 
[01:38:54] Read1: loaded 185M reads 
[01:38:55] Read1: loaded 186M reads 
[01:38:55] Read2: loaded 186M reads 
[01:38:57] Read2: loaded 187M reads 
[01:38:57] Read1: loaded 187M reads 
[01:38:59] Read1: loaded 188M reads 
[01:38:59] Read2: loaded 188M reads 
[01:39:01] Read2: loaded 189M reads 
[01:39:01] Read1: loaded 189M reads 
[01:39:03] Read1: loaded 190M reads 
[01:39:03] Read2: loaded 190M reads 
[01:39:05] Read1: loaded 191M reads 
[01:39:05] Read2: loaded 191M reads 
[01:39:07] Read2: loaded 192M reads 
[01:39:07] Read1: loaded 192M reads 
[01:39:09] Read2: loaded 193M reads 
[01:39:09] Read1: loaded 193M reads 
[01:39:11] Read2: loaded 194M reads 
[01:39:11] Read1: loaded 194M reads 
[01:39:13] Read2: loaded 195M reads 
[01:39:13] Read1: loaded 195M reads 
[01:39:14] Read2: loaded 196M reads 
[01:39:14] Read1: loaded 196M reads 
[01:39:16] Read2: loaded 197M reads 
[01:39:16] Read1: loaded 197M reads 
[01:39:18] Read2: loaded 198M reads 
[01:39:18] Read1: loaded 198M reads 
[01:39:20] Read2: loaded 199M reads 
[01:39:20] Read1: loaded 199M reads 
[01:39:22] Read2: loaded 200M reads 
[01:39:22] Read1: loaded 200M reads 
[01:39:24] Read2: loaded 201M reads 
[01:39:24] Read1: loaded 201M reads 
[01:39:26] Read1: loaded 202M reads 
[01:39:26] Read2: loaded 202M reads 
[01:39:28] Read1: loaded 203M reads 
[01:39:28] Read2: loaded 203M reads 
[01:39:30] Read1: loaded 204M reads 
[01:39:30] Read2: loaded 204M reads 
[01:39:31] Read1: loaded 205M reads 
[01:39:32] Read2: loaded 205M reads 
[01:39:33] Read1: loaded 206M reads 
[01:39:33] Read2: loaded 206M reads 
[01:39:35] Read1: loaded 207M reads 
[01:39:35] Read2: loaded 207M reads 
[01:39:37] Read1: loaded 208M reads 
[01:39:37] Read2: loaded 208M reads 
[01:39:39] Read1: loaded 209M reads 
[01:39:39] Read2: loaded 209M reads 
[01:39:41] Read2: loaded 210M reads 
[01:39:41] Read1: loaded 210M reads 
[01:39:43] Read1: loaded 211M reads 
[01:39:43] Read2: loaded 211M reads 
[01:39:45] Read2: loaded 212M reads 
[01:39:45] Read1: loaded 212M reads 
[01:39:47] Read2: loaded 213M reads 
[01:39:47] Read1: loaded 213M reads 
[01:39:49] Read2: loaded 214M reads 
[01:39:49] Read1: loaded 214M reads 
[01:39:51] Read2: loaded 215M reads 
[01:39:51] Read1: loaded 215M reads 
[01:39:53] Read2: loaded 216M reads 
[01:39:53] Read1: loaded 216M reads 
[01:39:54] Read2: loaded 217M reads 
[01:39:54] Read1: loaded 217M reads 
[01:39:56] Read2: loaded 218M reads 
[01:39:56] Read1: loaded 218M reads 
[01:39:58] Read1: loaded 219M reads 
[01:39:58] Read2: loaded 219M reads 
[01:40:00] Read1: loaded 220M reads 
[01:40:00] Read2: loaded 220M reads 
[01:40:02] Read2: loaded 221M reads 
[01:40:02] Read1: loaded 221M reads 
[01:40:04] Read2: loaded 222M reads 
[01:40:04] Read1: loaded 222M reads 
[01:40:06] Read1: loaded 223M reads 
[01:40:06] Read2: loaded 223M reads 
[01:40:08] Read2: loaded 224M reads 
[01:40:08] Read1: loaded 224M reads 
[01:40:10] Read1: loaded 225M reads 
[01:40:10] Read2: loaded 225M reads 
[01:40:12] Read2: loaded 226M reads 
[01:40:12] Read1: loaded 226M reads 
[01:40:13] Read1: loaded 227M reads 
[01:40:13] Read2: loaded 227M reads 
[01:40:15] Read2: loaded 228M reads 
[01:40:15] Read1: loaded 228M reads 
[01:40:17] Read2: loaded 229M reads 
[01:40:17] Read1: loaded 229M reads 
[01:40:19] Read1: loaded 230M reads 
[01:40:19] Read2: loaded 230M reads 
[01:40:21] Read1: loaded 231M reads 
[01:40:21] Read2: loaded 231M reads 
[01:40:23] Read1: loaded 232M reads 
[01:40:23] Read2: loaded 232M reads 
[01:40:25] Read2: loaded 233M reads 
[01:40:25] Read1: loaded 233M reads 
[01:40:27] Read1: loaded 234M reads 
[01:40:27] Read2: loaded 234M reads 
[01:40:29] Read1: loaded 235M reads 
[01:40:29] Read2: loaded 235M reads 
[01:40:30] Read1: loaded 236M reads 
[01:40:30] Read2: loaded 236M reads 
[01:40:32] Read1: loaded 237M reads 
[01:40:32] Read2: loaded 237M reads 
[01:40:34] Read1: loaded 238M reads 
[01:40:34] Read2: loaded 238M reads 
[01:40:36] Read1: loaded 239M reads 
[01:40:36] Read2: loaded 239M reads 
[01:40:38] Read1: loaded 240M reads 
[01:40:38] Read2: loaded 240M reads 
[01:40:40] Read1: loaded 241M reads 
[01:40:40] Read2: loaded 241M reads 
[01:40:42] Read1: loaded 242M reads 
[01:40:42] Read2: loaded 242M reads 
[01:40:44] Read1: loaded 243M reads 
[01:40:44] Read2: loaded 243M reads 
[01:40:46] Read1: loaded 244M reads 
[01:40:46] Read2: loaded 244M reads 
[01:40:48] Read1: loaded 245M reads 
[01:40:48] Read2: loaded 245M reads 
[01:40:50] Read1: loaded 246M reads 
[01:40:50] Read2: loaded 246M reads 
[01:40:51] Read1: loaded 247M reads 
[01:40:51] Read2: loaded 247M reads 
[01:40:53] Read1: loaded 248M reads 
[01:40:53] Read2: loaded 248M reads 
[01:40:55] Read2: loaded 249M reads 
[01:40:55] Read1: loaded 249M reads 
[01:40:57] Read2: loaded 250M reads 
[01:40:57] Read1: loaded 250M reads 
[01:40:59] Read2: loaded 251M reads 
[01:40:59] Read1: loaded 251M reads 
[01:41:01] Read2: loaded 252M reads 
[01:41:01] Read1: loaded 252M reads 
[01:41:03] Read2: loaded 253M reads 
[01:41:03] Read1: loaded 253M reads 
[01:41:05] Read2: loaded 254M reads 
[01:41:05] Read1: loaded 254M reads 
[01:41:07] Read2: loaded 255M reads 
[01:41:07] Read1: loaded 255M reads 
[01:41:08] Read2: loaded 256M reads 
[01:41:08] Read1: loaded 256M reads 
[01:41:10] Read2: loaded 257M reads 
[01:41:10] Read1: loaded 257M reads 
[01:41:12] Read2: loaded 258M reads 
[01:41:12] Read1: loaded 258M reads 
[01:41:14] Read2: loaded 259M reads 
[01:41:14] Read1: loaded 259M reads 
[01:41:16] Read1: loaded 260M reads 
[01:41:16] Read2: loaded 260M reads 
[01:41:18] Read1: loaded 261M reads 
[01:41:18] Read2: loaded 261M reads 
[01:41:20] Read2: loaded 262M reads 
[01:41:20] Read1: loaded 262M reads 
[01:41:22] Read2: loaded 263M reads 
[01:41:22] Read1: loaded 263M reads 
[01:41:24] Read1: loaded 264M reads 
[01:41:24] Read2: loaded 264M reads 
[01:41:26] Read1: loaded 265M reads 
[01:41:26] Read2: loaded 265M reads 
[01:41:27] Read1: loaded 266M reads 
[01:41:27] Read2: loaded 266M reads 
[01:41:29] Read1: loaded 267M reads 
[01:41:29] Read2: loaded 267M reads 
[01:41:31] Read1: loaded 268M reads 
[01:41:31] Read2: loaded 268M reads 
[01:41:33] Read2: loaded 269M reads 
[01:41:33] Read1: loaded 269M reads 
[01:41:35] Read2: loaded 270M reads 
[01:41:35] Read1: loaded 270M reads 
[01:41:37] Read1: loaded 271M reads 
[01:41:37] Read2: loaded 271M reads 
[01:41:39] Read1: loaded 272M reads 
[01:41:39] Read2: loaded 272M reads 
[01:41:41] Read1: loaded 273M reads 
[01:41:41] Read2: loaded 273M reads 
[01:41:43] Read2: loaded 274M reads 
[01:41:43] Read1: loaded 274M reads 
[01:41:45] Read2: loaded 275M reads 
[01:41:45] Read1: loaded 275M reads 
[01:41:46] Read2: loaded 276M reads 
[01:41:46] Read1: loaded 276M reads 
[01:41:48] Read2: loaded 277M reads 
[01:41:48] Read1: loaded 277M reads 
[01:41:50] Read1: loaded 278M reads 
[01:41:50] Read2: loaded 278M reads 
[01:41:52] Read1: loaded 279M reads 
[01:41:52] Read2: loaded 279M reads 
[01:41:54] Read1: loaded 280M reads 
[01:41:54] Read2: loaded 280M reads 
[01:41:56] Read1: loaded 281M reads 
[01:41:56] Read2: loaded 281M reads 
[01:41:58] Read1: loaded 282M reads 
[01:41:58] Read2: loaded 282M reads 
[01:42:00] Read1: loaded 283M reads 
[01:42:00] Read2: loaded 283M reads 
[01:42:02] Read1: loaded 284M reads 
[01:42:02] Read2: loaded 284M reads 
[01:42:04] Read1: loaded 285M reads 
[01:42:04] Read2: loaded 285M reads 
[01:42:05] Read1: loaded 286M reads 
[01:42:05] Read2: loaded 286M reads 
[01:42:07] Read1: loaded 287M reads 
[01:42:07] Read2: loaded 287M reads 
[01:42:09] Read1: loaded 288M reads 
[01:42:09] Read2: loaded 288M reads 
[01:42:11] Read1: loaded 289M reads 
[01:42:11] Read2: loaded 289M reads 
[01:42:13] Read1: loaded 290M reads 
[01:42:13] Read2: loaded 290M reads 
[01:42:15] Read2: loaded 291M reads 
[01:42:15] Read1: loaded 291M reads 
[01:42:17] Read1: loaded 292M reads 
[01:42:17] Read2: loaded 292M reads 
[01:42:19] Read2: loaded 293M reads 
[01:42:19] Read1: loaded 293M reads 
[01:42:21] Read1: loaded 294M reads 
[01:42:21] Read2: loaded 294M reads 
[01:42:23] Read1: loaded 295M reads 
[01:42:23] Read2: loaded 295M reads 
[01:42:25] Read2: loaded 296M reads 
[01:42:25] Read1: loaded 296M reads 
[01:42:26] Read1: loaded 297M reads 
[01:42:26] Read2: loaded 297M reads 
[01:42:28] Read1: loaded 298M reads 
[01:42:28] Read2: loaded 298M reads 
[01:42:30] Read2: loaded 299M reads 
[01:42:30] Read1: loaded 299M reads 
[01:42:32] Read1: loaded 300M reads 
[01:42:32] Read2: loaded 300M reads 
[01:42:34] Read1: loaded 301M reads 
[01:42:34] Read2: loaded 301M reads 
[01:42:36] Read1: loaded 302M reads 
[01:42:36] Read2: loaded 302M reads 
[01:42:38] Read2: loaded 303M reads 
[01:42:38] Read1: loaded 303M reads 
[01:42:40] Read1: loaded 304M reads 
[01:42:40] Read2: loaded 304M reads 
[01:42:42] Read1: loaded 305M reads 
[01:42:42] Read2: loaded 305M reads 
[01:42:44] Read2: loaded 306M reads 
[01:42:44] Read1: loaded 306M reads 
[01:42:46] Read1: loaded 307M reads 
[01:42:46] Read2: loaded 307M reads 
[01:42:47] Read1: loaded 308M reads 
[01:42:47] Read2: loaded 308M reads 
[01:42:49] Read1: loaded 309M reads 
[01:42:49] Read2: loaded 309M reads 
[01:42:51] Read2: loaded 310M reads 
[01:42:51] Read1: loaded 310M reads 
[01:42:53] Read2: loaded 311M reads 
[01:42:53] Read1: loaded 311M reads 
[01:42:55] Read2: loaded 312M reads 
[01:42:55] Read1: loaded 312M reads 
[01:42:57] Read1: loaded 313M reads 
[01:42:57] Read2: loaded 313M reads 
[01:42:59] Read1: loaded 314M reads 
[01:42:59] Read2: loaded 314M reads 
[01:43:01] Read1: loaded 315M reads 
[01:43:01] Read2: loaded 315M reads 
[01:43:03] Read1: loaded 316M reads 
[01:43:03] Read2: loaded 316M reads 
[01:43:05] Read2: loaded 317M reads 
[01:43:05] Read1: loaded 317M reads 
[01:43:06] Read2: loaded 318M reads 
[01:43:06] Read1: loaded 318M reads 
[01:43:08] Read2: loaded 319M reads 
[01:43:08] Read1: loaded 319M reads 
[01:43:10] Read1: loaded 320M reads 
[01:43:10] Read2: loaded 320M reads 
[01:43:12] Read1: loaded 321M reads 
[01:43:12] Read2: loaded 321M reads 
[01:43:14] Read2: loaded 322M reads 
[01:43:14] Read1: loaded 322M reads 
[01:43:16] Read2: loaded 323M reads 
[01:43:16] Read1: loaded 323M reads 
[01:43:18] Read2: loaded 324M reads 
[01:43:18] Read1: loaded 324M reads 
[01:43:20] Read1: loaded 325M reads 
[01:43:20] Read2: loaded 325M reads 
[01:43:22] Read2: loaded 326M reads 
[01:43:22] Read1: loaded 326M reads 
[01:43:24] Read2: loaded 327M reads 
[01:43:24] Read1: loaded 327M reads 
[01:43:26] Read2: loaded 328M reads 
[01:43:26] Read1: loaded 328M reads 
[01:43:28] Read1: loaded 329M reads 
[01:43:28] Read2: loaded 329M reads 
[01:43:30] Read2: loaded 330M reads 
[01:43:30] Read1: loaded 330M reads 
[01:43:31] Read1: loaded 331M reads 
[01:43:31] Read2: loaded 331M reads 
[01:43:33] Read2: loaded 332M reads 
[01:43:33] Read1: loaded 332M reads 
[01:43:35] Read2: loaded 333M reads 
[01:43:35] Read1: loaded 333M reads 
[01:43:37] Read1: loaded 334M reads 
[01:43:37] Read2: loaded 334M reads 
[01:43:39] Read2: loaded 335M reads 
[01:43:39] Read1: loaded 335M reads 
[01:43:41] Read1: loaded 336M reads 
[01:43:41] Read2: loaded 336M reads 
[01:43:43] Read1: loaded 337M reads 
[01:43:43] Read2: loaded 337M reads 
[01:43:45] Read2: loaded 338M reads 
[01:43:45] Read1: loaded 338M reads 
[01:43:47] Read1: loaded 339M reads 
[01:43:47] Read2: loaded 339M reads 
[01:43:49] Read1: loaded 340M reads 
[01:43:49] Read2: loaded 340M reads 
[01:43:51] Read1: loaded 341M reads 
[01:43:51] Read2: loaded 341M reads 
[01:43:52] Read2: loaded 342M reads 
[01:43:52] Read1: loaded 342M reads 
[01:43:54] Read2: loaded 343M reads 
[01:43:54] Read1: loaded 343M reads 
[01:43:56] Read2: loaded 344M reads 
[01:43:56] Read1: loaded 344M reads 
[01:43:58] Read1: loaded 345M reads 
[01:43:58] Read2: loaded 345M reads 
[01:44:00] Read1: loaded 346M reads 
[01:44:00] Read2: loaded 346M reads 
[01:44:02] Read1: loaded 347M reads 
[01:44:02] Read2: loaded 347M reads 
[01:44:04] Read2: loaded 348M reads 
[01:44:04] Read1: loaded 348M reads 
[01:44:06] Read2: loaded 349M reads 
[01:44:06] Read1: loaded 349M reads 
[01:44:08] Read2: loaded 350M reads 
[01:44:08] Read1: loaded 350M reads 
[01:44:10] Read2: loaded 351M reads 
[01:44:10] Read1: loaded 351M reads 
[01:44:12] Read1: loaded 352M reads 
[01:44:12] Read2: loaded 352M reads 
[01:44:13] Read1: loaded 353M reads 
[01:44:13] Read2: loaded 353M reads 
[01:44:15] Read1: loaded 354M reads 
[01:44:15] Read2: loaded 354M reads 
[01:44:17] Read2: loaded 355M reads 
[01:44:17] Read1: loaded 355M reads 
[01:44:19] Read2: loaded 356M reads 
[01:44:19] Read1: loaded 356M reads 
[01:44:21] Read1: loaded 357M reads 
[01:44:21] Read2: loaded 357M reads 
[01:44:23] Read1: loaded 358M reads 
[01:44:23] Read2: loaded 358M reads 
[01:44:25] Read1: loaded 359M reads 
[01:44:25] Read2: loaded 359M reads 
[01:44:27] Read1: loaded 360M reads 
[01:44:27] Read2: loaded 360M reads 
[01:44:29] Read2: loaded 361M reads 
[01:44:29] Read1: loaded 361M reads 
[01:44:29] Read1: loading completed with 361282 packs 
[01:44:29] Read2: loading completed with 361282 packs 
[01:44:29] thread 3 data processing completed 
[01:44:29] thread 3 finished 
[01:44:29] thread 4 data processing completed 
[01:44:29] thread 4 finished 
[01:44:29] thread 5 data processing completed 
[01:44:29] thread 5 finished 
[01:44:29] thread 6 data processing completed 
[01:44:29] thread 6 finished 
[01:44:29] thread 7 data processing completed 
[01:44:29] thread 7 finished 
[01:44:29] thread 8 data processing completed 
[01:44:29] thread 8 finished 
[01:44:29] thread 1 data processing completed 
[01:44:29] thread 1 finished 
[01:44:29] thread 2 data processing completed 
[01:44:29] thread 2 finished 
[01:44:29] start to generate reports
 
Read1 before filtering:
total reads: 361281611
total bases: 54192241650
Q20 bases: 54123398100(99.873%)
Q30 bases: 54123398100(99.873%)
Q40 bases: 0(0%)

Read2 before filtering:
total reads: 361281611
total bases: 54192241650
Q20 bases: 53855170050(99.378%)
Q30 bases: 53855170050(99.378%)
Q40 bases: 0(0%)

Read1 after filtering:
total reads: 358607374
total bases: 53574361382
Q20 bases: 53574361382(100%)
Q30 bases: 53574361382(100%)
Q40 bases: 0(0%)

Read2 after filtering:
total reads: 358607374
total bases: 53574361382
Q20 bases: 53574361382(100%)
Q30 bases: 53574361382(100%)
Q40 bases: 0(0%)

Filtering result:
reads passed filter: 717214748
reads failed due to low quality: 5328396
reads failed due to too many N: 20078
reads failed due to too short: 0
reads failed due to adapter dimer: 0
reads with adapter trimmed: 9627740
bases trimmed due to adapters: 442711160

Duplication rate: 5.60214%

Insert size peak (evaluated by paired-end reads): 269

JSON report: /dev/shm/fastp_bench_Xua6v3.json
HTML report: /dev/null

/home/mpiuser/bioauto_rev/fastp_d0bromir/../fastp_opengene/fastp -w 8 -j /dev/shm/fastp_bench_Xua6v3.json -h /dev/null --verbose -i /home/mpiuser/FASTQ/WGS/DRR216653_1.fastq.gz -I /home/mpiuser/FASTQ/WGS/DRR216653_2.fastq.gz -o /dev/shm/fastp_bench_uGq8BI_R1.fq.gz -O /dev/shm/fastp_bench_cWP4wx_R2.fq.gz 
fastp v1.3.3, time used: 690 seconds
================================================================

================================================================
 Application  : d0bromir_cpu (/home/mpiuser/bioauto_rev/fastp_d0bromir/fastp-cpu)
 Dataset      : WGS PE 40G (DRR216653 R1+R2)
 Files        : R1=/home/mpiuser/FASTQ/WGS/DRR216653_1.fastq.gz
               R2=/home/mpiuser/FASTQ/WGS/DRR216653_2.fastq.gz
 Type         : PE
 Threads      : 8
 Wall time    : 531.488 s
 reads_in     : 722563222
 reads_out    : 717214748
 vs_opengene  : -23.0%
--- Resource usage ---
 CPU avg/peak : 1586.8% / 2077.5%
 RSS peak     : 2263 MiB
 GPU util a/p : 0.0% / 0.0%
 GPU mem peak : 0 MiB
 Sample CSV   : /home/mpiuser/bioauto_rev/fastp_d0bromir/benchmark_results/20261004_013259/resources/resource_WGS_PE_40G_d0bromir_cpu_T8_1791079532.csv
--- Profiling output ---
[02:05:32] fastp 1.3.3-d0bromir starting 
[02:05:32] [fastp 1.3.3-d0bromir] Stage: loading 
[02:05:32] start to load data of read1 
[02:05:32] start to load data of read2 
[02:05:33] Read2: loaded 1M reads 
[02:05:33] Read1: loaded 1M reads 
[02:05:34] Read2: loaded 2M reads 
[02:05:34] Read1: loaded 2M reads 
[02:05:36] Read1: loaded 3M reads 
[02:05:36] Read2: loaded 3M reads 
[02:05:37] Read2: loaded 4M reads 
[02:05:37] Read1: loaded 4M reads 
[02:05:39] Read2: loaded 5M reads 
[02:05:39] Read1: loaded 5M reads 
[02:05:40] Read1: loaded 6M reads 
[02:05:40] Read2: loaded 6M reads 
[02:05:42] Read1: loaded 7M reads 
[02:05:42] Read2: loaded 7M reads 
[02:05:43] Read1: loaded 8M reads 
[02:05:43] Read2: loaded 8M reads 
[02:05:45] Read2: loaded 9M reads 
[02:05:45] Read1: loaded 9M reads 
[02:05:46] Read2: loaded 10M reads 
[02:05:46] Read1: loaded 10M reads 
[02:05:48] Read2: loaded 11M reads 
[02:05:48] Read1: loaded 11M reads 
[02:05:49] Read2: loaded 12M reads 
[02:05:49] Read1: loaded 12M reads 
[02:05:51] Read1: loaded 13M reads 
[02:05:51] Read2: loaded 13M reads 
[02:05:52] Read1: loaded 14M reads 
[02:05:52] Read2: loaded 14M reads 
[02:05:54] Read2: loaded 15M reads 
[02:05:54] Read1: loaded 15M reads 
[02:05:55] Read1: loaded 16M reads 
[02:05:55] Read2: loaded 16M reads 
[02:05:57] Read2: loaded 17M reads 
[02:05:57] Read1: loaded 17M reads 
[02:05:58] Read1: loaded 18M reads 
[02:05:58] Read2: loaded 18M reads 
[02:06:00] Read1: loaded 19M reads 
[02:06:00] Read2: loaded 19M reads 
[02:06:01] Read1: loaded 20M reads 
[02:06:01] Read2: loaded 20M reads 
[02:06:03] Read1: loaded 21M reads 
[02:06:03] Read2: loaded 21M reads 
[02:06:04] Read2: loaded 22M reads 
[02:06:04] Read1: loaded 22M reads 
[02:06:05] Read2: loaded 23M reads 
[02:06:05] Read1: loaded 23M reads 
[02:06:07] Read2: loaded 24M reads 
[02:06:07] Read1: loaded 24M reads 
[02:06:08] Read1: loaded 25M reads 
[02:06:08] Read2: loaded 25M reads 
[02:06:10] Read2: loaded 26M reads 
[02:06:10] Read1: loaded 26M reads 
[02:06:11] Read2: loaded 27M reads 
[02:06:11] Read1: loaded 27M reads 
[02:06:13] Read2: loaded 28M reads 
[02:06:13] Read1: loaded 28M reads 
[02:06:14] Read1: loaded 29M reads 
[02:06:14] Read2: loaded 29M reads 
[02:06:16] Read1: loaded 30M reads 
[02:06:16] Read2: loaded 30M reads 
[02:06:17] Read1: loaded 31M reads 
[02:06:17] Read2: loaded 31M reads 
[02:06:19] Read2: loaded 32M reads 
[02:06:19] Read1: loaded 32M reads 
[02:06:20] Read1: loaded 33M reads 
[02:06:20] Read2: loaded 33M reads 
[02:06:22] Read2: loaded 34M reads 
[02:06:22] Read1: loaded 34M reads 
[02:06:23] Read1: loaded 35M reads 
[02:06:23] Read2: loaded 35M reads 
[02:06:25] Read2: loaded 36M reads 
[02:06:25] Read1: loaded 36M reads 
[02:06:26] Read1: loaded 37M reads 
[02:06:26] Read2: loaded 37M reads 
[02:06:28] Read2: loaded 38M reads 
[02:06:28] Read1: loaded 38M reads 
[02:06:29] Read2: loaded 39M reads 
[02:06:29] Read1: loaded 39M reads 
[02:06:31] Read1: loaded 40M reads 
[02:06:31] Read2: loaded 40M reads 
[02:06:32] Read2: loaded 41M reads 
[02:06:32] Read1: loaded 41M reads 
[02:06:34] Read1: loaded 42M reads 
[02:06:34] Read2: loaded 42M reads 
[02:06:35] Read2: loaded 43M reads 
[02:06:35] Read1: loaded 43M reads 
[02:06:36] Read1: loaded 44M reads 
[02:06:36] Read2: loaded 44M reads 
[02:06:38] Read1: loaded 45M reads 
[02:06:38] Read2: loaded 45M reads 
[02:06:39] Read1: loaded 46M reads 
[02:06:39] Read2: loaded 46M reads 
[02:06:41] Read1: loaded 47M reads 
[02:06:41] Read2: loaded 47M reads 
[02:06:42] Read1: loaded 48M reads 
[02:06:42] Read2: loaded 48M reads 
[02:06:44] Read2: loaded 49M reads 
[02:06:44] Read1: loaded 49M reads 
[02:06:45] Read2: loaded 50M reads 
[02:06:45] Read1: loaded 50M reads 
[02:06:47] Read2: loaded 51M reads 
[02:06:47] Read1: loaded 51M reads 
[02:06:48] Read2: loaded 52M reads 
[02:06:48] Read1: loaded 52M reads 
[02:06:50] Read1: loaded 53M reads 
[02:06:50] Read2: loaded 53M reads 
[02:06:51] Read2: loaded 54M reads 
[02:06:51] Read1: loaded 54M reads 
[02:06:53] Read1: loaded 55M reads 
[02:06:53] Read2: loaded 55M reads 
[02:06:54] Read2: loaded 56M reads 
[02:06:54] Read1: loaded 56M reads 
[02:06:56] Read2: loaded 57M reads 
[02:06:56] Read1: loaded 57M reads 
[02:06:57] Read2: loaded 58M reads 
[02:06:57] Read1: loaded 58M reads 
[02:06:59] Read2: loaded 59M reads 
[02:06:59] Read1: loaded 59M reads 
[02:07:00] Read1: loaded 60M reads 
[02:07:00] Read2: loaded 60M reads 
[02:07:02] Read2: loaded 61M reads 
[02:07:02] Read1: loaded 61M reads 
[02:07:03] Read2: loaded 62M reads 
[02:07:03] Read1: loaded 62M reads 
[02:07:05] Read2: loaded 63M reads 
[02:07:05] Read1: loaded 63M reads 
[02:07:06] Read1: loaded 64M reads 
[02:07:06] Read2: loaded 64M reads 
[02:07:07] Read1: loaded 65M reads 
[02:07:07] Read2: loaded 65M reads 
[02:07:09] Read1: loaded 66M reads 
[02:07:09] Read2: loaded 66M reads 
[02:07:10] Read2: loaded 67M reads 
[02:07:10] Read1: loaded 67M reads 
[02:07:12] Read1: loaded 68M reads 
[02:07:12] Read2: loaded 68M reads 
[02:07:13] Read2: loaded 69M reads 
[02:07:13] Read1: loaded 69M reads 
[02:07:15] Read2: loaded 70M reads 
[02:07:15] Read1: loaded 70M reads 
[02:07:16] Read2: loaded 71M reads 
[02:07:16] Read1: loaded 71M reads 
[02:07:18] Read2: loaded 72M reads 
[02:07:18] Read1: loaded 72M reads 
[02:07:19] Read2: loaded 73M reads 
[02:07:19] Read1: loaded 73M reads 
[02:07:21] Read1: loaded 74M reads 
[02:07:21] Read2: loaded 74M reads 
[02:07:22] Read1: loaded 75M reads 
[02:07:22] Read2: loaded 75M reads 
[02:07:24] Read2: loaded 76M reads 
[02:07:24] Read1: loaded 76M reads 
[02:07:25] Read1: loaded 77M reads 
[02:07:25] Read2: loaded 77M reads 
[02:07:27] Read2: loaded 78M reads 
[02:07:27] Read1: loaded 78M reads 
[02:07:28] Read1: loaded 79M reads 
[02:07:28] Read2: loaded 79M reads 
[02:07:30] Read2: loaded 80M reads 
[02:07:30] Read1: loaded 80M reads 
[02:07:31] Read2: loaded 81M reads 
[02:07:31] Read1: loaded 81M reads 
[02:07:33] Read2: loaded 82M reads 
[02:07:33] Read1: loaded 82M reads 
[02:07:34] Read1: loaded 83M reads 
[02:07:34] Read2: loaded 83M reads 
[02:07:35] Read2: loaded 84M reads 
[02:07:35] Read1: loaded 84M reads 
[02:07:37] Read1: loaded 85M reads 
[02:07:37] Read2: loaded 85M reads 
[02:07:38] Read1: loaded 86M reads 
[02:07:38] Read2: loaded 86M reads 
[02:07:40] Read1: loaded 87M reads 
[02:07:40] Read2: loaded 87M reads 
[02:07:41] Read2: loaded 88M reads 
[02:07:41] Read1: loaded 88M reads 
[02:07:43] Read2: loaded 89M reads 
[02:07:43] Read1: loaded 89M reads 
[02:07:44] Read2: loaded 90M reads 
[02:07:44] Read1: loaded 90M reads 
[02:07:46] Read2: loaded 91M reads 
[02:07:46] Read1: loaded 91M reads 
[02:07:47] Read1: loaded 92M reads 
[02:07:47] Read2: loaded 92M reads 
[02:07:49] Read2: loaded 93M reads 
[02:07:49] Read1: loaded 93M reads 
[02:07:50] Read2: loaded 94M reads 
[02:07:50] Read1: loaded 94M reads 
[02:07:52] Read2: loaded 95M reads 
[02:07:52] Read1: loaded 95M reads 
[02:07:53] Read1: loaded 96M reads 
[02:07:53] Read2: loaded 96M reads 
[02:07:55] Read2: loaded 97M reads 
[02:07:55] Read1: loaded 97M reads 
[02:07:56] Read2: loaded 98M reads 
[02:07:56] Read1: loaded 98M reads 
[02:07:58] Read1: loaded 99M reads 
[02:07:58] Read2: loaded 99M reads 
[02:07:59] Read1: loaded 100M reads 
[02:07:59] Read2: loaded 100M reads 
[02:08:01] Read1: loaded 101M reads 
[02:08:01] Read2: loaded 101M reads 
[02:08:02] Read1: loaded 102M reads 
[02:08:02] Read2: loaded 102M reads 
[02:08:04] Read1: loaded 103M reads 
[02:08:04] Read2: loaded 103M reads 
[02:08:05] Read1: loaded 104M reads 
[02:08:05] Read2: loaded 104M reads 
[02:08:07] Read2: loaded 105M reads 
[02:08:07] Read1: loaded 105M reads 
[02:08:08] Read2: loaded 106M reads 
[02:08:08] Read1: loaded 106M reads 
[02:08:10] Read1: loaded 107M reads 
[02:08:10] Read2: loaded 107M reads 
[02:08:11] Read2: loaded 108M reads 
[02:08:11] Read1: loaded 108M reads 
[02:08:12] Read1: loaded 109M reads 
[02:08:12] Read2: loaded 109M reads 
[02:08:14] Read2: loaded 110M reads 
[02:08:14] Read1: loaded 110M reads 
[02:08:15] Read2: loaded 111M reads 
[02:08:15] Read1: loaded 111M reads 
[02:08:17] Read2: loaded 112M reads 
[02:08:17] Read1: loaded 112M reads 
[02:08:18] Read1: loaded 113M reads 
[02:08:18] Read2: loaded 113M reads 
[02:08:20] Read1: loaded 114M reads 
[02:08:20] Read2: loaded 114M reads 
[02:08:21] Read1: loaded 115M reads 
[02:08:21] Read2: loaded 115M reads 
[02:08:23] Read1: loaded 116M reads 
[02:08:23] Read2: loaded 116M reads 
[02:08:24] Read2: loaded 117M reads 
[02:08:24] Read1: loaded 117M reads 
[02:08:26] Read1: loaded 118M reads 
[02:08:26] Read2: loaded 118M reads 
[02:08:27] Read1: loaded 119M reads 
[02:08:27] Read2: loaded 119M reads 
[02:08:29] Read1: loaded 120M reads 
[02:08:29] Read2: loaded 120M reads 
[02:08:30] Read1: loaded 121M reads 
[02:08:30] Read2: loaded 121M reads 
[02:08:32] Read1: loaded 122M reads 
[02:08:32] Read2: loaded 122M reads 
[02:08:33] Read1: loaded 123M reads 
[02:08:33] Read2: loaded 123M reads 
[02:08:35] Read2: loaded 124M reads 
[02:08:35] Read1: loaded 124M reads 
[02:08:36] Read1: loaded 125M reads 
[02:08:36] Read2: loaded 125M reads 
[02:08:38] Read1: loaded 126M reads 
[02:08:38] Read2: loaded 126M reads 
[02:08:39] Read1: loaded 127M reads 
[02:08:39] Read2: loaded 127M reads 
[02:08:40] Read1: loaded 128M reads 
[02:08:40] Read2: loaded 128M reads 
[02:08:42] Read2: loaded 129M reads 
[02:08:42] Read1: loaded 129M reads 
[02:08:43] Read2: loaded 130M reads 
[02:08:43] Read1: loaded 130M reads 
[02:08:45] Read1: loaded 131M reads 
[02:08:45] Read2: loaded 131M reads 
[02:08:46] Read1: loaded 132M reads 
[02:08:46] Read2: loaded 132M reads 
[02:08:48] Read1: loaded 133M reads 
[02:08:48] Read2: loaded 133M reads 
[02:08:49] Read1: loaded 134M reads 
[02:08:49] Read2: loaded 134M reads 
[02:08:51] Read2: loaded 135M reads 
[02:08:51] Read1: loaded 135M reads 
[02:08:52] Read2: loaded 136M reads 
[02:08:52] Read1: loaded 136M reads 
[02:08:54] Read1: loaded 137M reads 
[02:08:54] Read2: loaded 137M reads 
[02:08:55] Read2: loaded 138M reads 
[02:08:55] Read1: loaded 138M reads 
[02:08:56] Read1: loaded 139M reads 
[02:08:56] Read2: loaded 139M reads 
[02:08:58] Read1: loaded 140M reads 
[02:08:58] Read2: loaded 140M reads 
[02:08:59] Read2: loaded 141M reads 
[02:08:59] Read1: loaded 141M reads 
[02:09:01] Read1: loaded 142M reads 
[02:09:01] Read2: loaded 142M reads 
[02:09:02] Read2: loaded 143M reads 
[02:09:02] Read1: loaded 143M reads 
[02:09:04] Read2: loaded 144M reads 
[02:09:04] Read1: loaded 144M reads 
[02:09:05] Read1: loaded 145M reads 
[02:09:05] Read2: loaded 145M reads 
[02:09:07] Read1: loaded 146M reads 
[02:09:07] Read2: loaded 146M reads 
[02:09:08] Read2: loaded 147M reads 
[02:09:08] Read1: loaded 147M reads 
[02:09:10] Read2: loaded 148M reads 
[02:09:10] Read1: loaded 148M reads 
[02:09:11] Read2: loaded 149M reads 
[02:09:11] Read1: loaded 149M reads 
[02:09:12] Read2: loaded 150M reads 
[02:09:12] Read1: loaded 150M reads 
[02:09:14] Read1: loaded 151M reads 
[02:09:14] Read2: loaded 151M reads 
[02:09:15] Read1: loaded 152M reads 
[02:09:15] Read2: loaded 152M reads 
[02:09:17] Read2: loaded 153M reads 
[02:09:17] Read1: loaded 153M reads 
[02:09:18] Read2: loaded 154M reads 
[02:09:18] Read1: loaded 154M reads 
[02:09:20] Read1: loaded 155M reads 
[02:09:20] Read2: loaded 155M reads 
[02:09:21] Read2: loaded 156M reads 
[02:09:21] Read1: loaded 156M reads 
[02:09:23] Read1: loaded 157M reads 
[02:09:23] Read2: loaded 157M reads 
[02:09:24] Read1: loaded 158M reads 
[02:09:24] Read2: loaded 158M reads 
[02:09:26] Read2: loaded 159M reads 
[02:09:26] Read1: loaded 159M reads 
[02:09:27] Read2: loaded 160M reads 
[02:09:27] Read1: loaded 160M reads 
[02:09:28] Read2: loaded 161M reads 
[02:09:28] Read1: loaded 161M reads 
[02:09:30] Read2: loaded 162M reads 
[02:09:30] Read1: loaded 162M reads 
[02:09:31] Read2: loaded 163M reads 
[02:09:31] Read1: loaded 163M reads 
[02:09:33] Read2: loaded 164M reads 
[02:09:33] Read1: loaded 164M reads 
[02:09:34] Read1: loaded 165M reads 
[02:09:34] Read2: loaded 165M reads 
[02:09:36] Read1: loaded 166M reads 
[02:09:36] Read2: loaded 166M reads 
[02:09:37] Read2: loaded 167M reads 
[02:09:37] Read1: loaded 167M reads 
[02:09:39] Read2: loaded 168M reads 
[02:09:39] Read1: loaded 168M reads 
[02:09:40] Read1: loaded 169M reads 
[02:09:40] Read2: loaded 169M reads 
[02:09:42] Read2: loaded 170M reads 
[02:09:42] Read1: loaded 170M reads 
[02:09:43] Read2: loaded 171M reads 
[02:09:43] Read1: loaded 171M reads 
[02:09:44] Read1: loaded 172M reads 
[02:09:44] Read2: loaded 172M reads 
[02:09:46] Read2: loaded 173M reads 
[02:09:46] Read1: loaded 173M reads 
[02:09:47] Read1: loaded 174M reads 
[02:09:47] Read2: loaded 174M reads 
[02:09:49] Read2: loaded 175M reads 
[02:09:49] Read1: loaded 175M reads 
[02:09:50] Read1: loaded 176M reads 
[02:09:50] Read2: loaded 176M reads 
[02:09:52] Read2: loaded 177M reads 
[02:09:52] Read1: loaded 177M reads 
[02:09:53] Read2: loaded 178M reads 
[02:09:53] Read1: loaded 178M reads 
[02:09:55] Read2: loaded 179M reads 
[02:09:55] Read1: loaded 179M reads 
[02:09:56] Read1: loaded 180M reads 
[02:09:56] Read2: loaded 180M reads 
[02:09:58] Read1: loaded 181M reads 
[02:09:58] Read2: loaded 181M reads 
[02:09:59] Read1: loaded 182M reads 
[02:09:59] Read2: loaded 182M reads 
[02:10:00] Read1: loaded 183M reads 
[02:10:00] Read2: loaded 183M reads 
[02:10:02] Read1: loaded 184M reads 
[02:10:02] Read2: loaded 184M reads 
[02:10:03] Read1: loaded 185M reads 
[02:10:03] Read2: loaded 185M reads 
[02:10:05] Read1: loaded 186M reads 
[02:10:05] Read2: loaded 186M reads 
[02:10:06] Read1: loaded 187M reads 
[02:10:06] Read2: loaded 187M reads 
[02:10:08] Read1: loaded 188M reads 
[02:10:08] Read2: loaded 188M reads 
[02:10:09] Read2: loaded 189M reads 
[02:10:09] Read1: loaded 189M reads 
[02:10:11] Read1: loaded 190M reads 
[02:10:11] Read2: loaded 190M reads 
[02:10:12] Read1: loaded 191M reads 
[02:10:12] Read2: loaded 191M reads 
[02:10:14] Read1: loaded 192M reads 
[02:10:14] Read2: loaded 192M reads 
[02:10:15] Read2: loaded 193M reads 
[02:10:15] Read1: loaded 193M reads 
[02:10:16] Read2: loaded 194M reads 
[02:10:16] Read1: loaded 194M reads 
[02:10:18] Read1: loaded 195M reads 
[02:10:18] Read2: loaded 195M reads 
[02:10:19] Read2: loaded 196M reads 
[02:10:19] Read1: loaded 196M reads 
[02:10:21] Read1: loaded 197M reads 
[02:10:21] Read2: loaded 197M reads 
[02:10:22] Read1: loaded 198M reads 
[02:10:22] Read2: loaded 198M reads 
[02:10:24] Read1: loaded 199M reads 
[02:10:24] Read2: loaded 199M reads 
[02:10:25] Read2: loaded 200M reads 
[02:10:25] Read1: loaded 200M reads 
[02:10:27] Read2: loaded 201M reads 
[02:10:27] Read1: loaded 201M reads 
[02:10:28] Read2: loaded 202M reads 
[02:10:28] Read1: loaded 202M reads 
[02:10:30] Read1: loaded 203M reads 
[02:10:30] Read2: loaded 203M reads 
[02:10:31] Read2: loaded 204M reads 
[02:10:31] Read1: loaded 204M reads 
[02:10:32] Read1: loaded 205M reads 
[02:10:32] Read2: loaded 205M reads 
[02:10:34] Read2: loaded 206M reads 
[02:10:34] Read1: loaded 206M reads 
[02:10:35] Read2: loaded 207M reads 
[02:10:35] Read1: loaded 207M reads 
[02:10:37] Read1: loaded 208M reads 
[02:10:37] Read2: loaded 208M reads 
[02:10:38] Read1: loaded 209M reads 
[02:10:38] Read2: loaded 209M reads 
[02:10:40] Read2: loaded 210M reads 
[02:10:40] Read1: loaded 210M reads 
[02:10:41] Read1: loaded 211M reads 
[02:10:41] Read2: loaded 211M reads 
[02:10:43] Read1: loaded 212M reads 
[02:10:43] Read2: loaded 212M reads 
[02:10:44] Read2: loaded 213M reads 
[02:10:44] Read1: loaded 213M reads 
[02:10:46] Read1: loaded 214M reads 
[02:10:46] Read2: loaded 214M reads 
[02:10:47] Read2: loaded 215M reads 
[02:10:47] Read1: loaded 215M reads 
[02:10:49] Read2: loaded 216M reads 
[02:10:49] Read1: loaded 216M reads 
[02:10:50] Read1: loaded 217M reads 
[02:10:50] Read2: loaded 217M reads 
[02:10:51] Read1: loaded 218M reads 
[02:10:51] Read2: loaded 218M reads 
[02:10:53] Read1: loaded 219M reads 
[02:10:53] Read2: loaded 219M reads 
[02:10:54] Read1: loaded 220M reads 
[02:10:54] Read2: loaded 220M reads 
[02:10:56] Read2: loaded 221M reads 
[02:10:56] Read1: loaded 221M reads 
[02:10:57] Read2: loaded 222M reads 
[02:10:57] Read1: loaded 222M reads 
[02:10:59] Read1: loaded 223M reads 
[02:10:59] Read2: loaded 223M reads 
[02:11:00] Read2: loaded 224M reads 
[02:11:00] Read1: loaded 224M reads 
[02:11:02] Read2: loaded 225M reads 
[02:11:02] Read1: loaded 225M reads 
[02:11:03] Read2: loaded 226M reads 
[02:11:03] Read1: loaded 226M reads 
[02:11:05] Read2: loaded 227M reads 
[02:11:05] Read1: loaded 227M reads 
[02:11:06] Read1: loaded 228M reads 
[02:11:06] Read2: loaded 228M reads 
[02:11:07] Read2: loaded 229M reads 
[02:11:07] Read1: loaded 229M reads 
[02:11:09] Read2: loaded 230M reads 
[02:11:09] Read1: loaded 230M reads 
[02:11:10] Read1: loaded 231M reads 
[02:11:10] Read2: loaded 231M reads 
[02:11:12] Read1: loaded 232M reads 
[02:11:12] Read2: loaded 232M reads 
[02:11:13] Read2: loaded 233M reads 
[02:11:13] Read1: loaded 233M reads 
[02:11:15] Read2: loaded 234M reads 
[02:11:15] Read1: loaded 234M reads 
[02:11:16] Read1: loaded 235M reads 
[02:11:16] Read2: loaded 235M reads 
[02:11:18] Read2: loaded 236M reads 
[02:11:18] Read1: loaded 236M reads 
[02:11:19] Read2: loaded 237M reads 
[02:11:19] Read1: loaded 237M reads 
[02:11:21] Read1: loaded 238M reads 
[02:11:21] Read2: loaded 238M reads 
[02:11:22] Read2: loaded 239M reads 
[02:11:22] Read1: loaded 239M reads 
[02:11:24] Read2: loaded 240M reads 
[02:11:24] Read1: loaded 240M reads 
[02:11:25] Read2: loaded 241M reads 
[02:11:25] Read1: loaded 241M reads 
[02:11:26] Read2: loaded 242M reads 
[02:11:26] Read1: loaded 242M reads 
[02:11:28] Read2: loaded 243M reads 
[02:11:28] Read1: loaded 243M reads 
[02:11:29] Read2: loaded 244M reads 
[02:11:29] Read1: loaded 244M reads 
[02:11:31] Read1: loaded 245M reads 
[02:11:31] Read2: loaded 245M reads 
[02:11:32] Read2: loaded 246M reads 
[02:11:32] Read1: loaded 246M reads 
[02:11:34] Read1: loaded 247M reads 
[02:11:34] Read2: loaded 247M reads 
[02:11:35] Read2: loaded 248M reads 
[02:11:35] Read1: loaded 248M reads 
[02:11:37] Read2: loaded 249M reads 
[02:11:37] Read1: loaded 249M reads 
[02:11:38] Read1: loaded 250M reads 
[02:11:38] Read2: loaded 250M reads 
[02:11:40] Read2: loaded 251M reads 
[02:11:40] Read1: loaded 251M reads 
[02:11:41] Read2: loaded 252M reads 
[02:11:41] Read1: loaded 252M reads 
[02:11:42] Read1: loaded 253M reads 
[02:11:42] Read2: loaded 253M reads 
[02:11:44] Read1: loaded 254M reads 
[02:11:44] Read2: loaded 254M reads 
[02:11:45] Read1: loaded 255M reads 
[02:11:45] Read2: loaded 255M reads 
[02:11:47] Read2: loaded 256M reads 
[02:11:47] Read1: loaded 256M reads 
[02:11:48] Read2: loaded 257M reads 
[02:11:48] Read1: loaded 257M reads 
[02:11:50] Read1: loaded 258M reads 
[02:11:50] Read2: loaded 258M reads 
[02:11:51] Read2: loaded 259M reads 
[02:11:51] Read1: loaded 259M reads 
[02:11:53] Read1: loaded 260M reads 
[02:11:53] Read2: loaded 260M reads 
[02:11:54] Read2: loaded 261M reads 
[02:11:54] Read1: loaded 261M reads 
[02:11:56] Read1: loaded 262M reads 
[02:11:56] Read2: loaded 262M reads 
[02:11:57] Read2: loaded 263M reads 
[02:11:57] Read1: loaded 263M reads 
[02:11:59] Read1: loaded 264M reads 
[02:11:59] Read2: loaded 264M reads 
[02:12:00] Read1: loaded 265M reads 
[02:12:00] Read2: loaded 265M reads 
[02:12:01] Read1: loaded 266M reads 
[02:12:01] Read2: loaded 266M reads 
[02:12:03] Read1: loaded 267M reads 
[02:12:03] Read2: loaded 267M reads 
[02:12:04] Read1: loaded 268M reads 
[02:12:04] Read2: loaded 268M reads 
[02:12:06] Read2: loaded 269M reads 
[02:12:06] Read1: loaded 269M reads 
[02:12:07] Read2: loaded 270M reads 
[02:12:07] Read1: loaded 270M reads 
[02:12:09] Read1: loaded 271M reads 
[02:12:09] Read2: loaded 271M reads 
[02:12:10] Read1: loaded 272M reads 
[02:12:10] Read2: loaded 272M reads 
[02:12:12] Read2: loaded 273M reads 
[02:12:12] Read1: loaded 273M reads 
[02:12:13] Read2: loaded 274M reads 
[02:12:13] Read1: loaded 274M reads 
[02:12:15] Read1: loaded 275M reads 
[02:12:15] Read2: loaded 275M reads 
[02:12:16] Read1: loaded 276M reads 
[02:12:16] Read2: loaded 276M reads 
[02:12:17] Read2: loaded 277M reads 
[02:12:17] Read1: loaded 277M reads 
[02:12:19] Read2: loaded 278M reads 
[02:12:19] Read1: loaded 278M reads 
[02:12:20] Read1: loaded 279M reads 
[02:12:20] Read2: loaded 279M reads 
[02:12:22] Read1: loaded 280M reads 
[02:12:22] Read2: loaded 280M reads 
[02:12:23] Read1: loaded 281M reads 
[02:12:23] Read2: loaded 281M reads 
[02:12:25] Read1: loaded 282M reads 
[02:12:25] Read2: loaded 282M reads 
[02:12:26] Read2: loaded 283M reads 
[02:12:26] Read1: loaded 283M reads 
[02:12:28] Read2: loaded 284M reads 
[02:12:28] Read1: loaded 284M reads 
[02:12:29] Read2: loaded 285M reads 
[02:12:29] Read1: loaded 285M reads 
[02:12:31] Read2: loaded 286M reads 
[02:12:31] Read1: loaded 286M reads 
[02:12:32] Read1: loaded 287M reads 
[02:12:32] Read2: loaded 287M reads 
[02:12:34] Read1: loaded 288M reads 
[02:12:34] Read2: loaded 288M reads 
[02:12:35] Read1: loaded 289M reads 
[02:12:35] Read2: loaded 289M reads 
[02:12:36] Read2: loaded 290M reads 
[02:12:36] Read1: loaded 290M reads 
[02:12:38] Read1: loaded 291M reads 
[02:12:38] Read2: loaded 291M reads 
[02:12:39] Read2: loaded 292M reads 
[02:12:39] Read1: loaded 292M reads 
[02:12:41] Read2: loaded 293M reads 
[02:12:41] Read1: loaded 293M reads 
[02:12:42] Read1: loaded 294M reads 
[02:12:42] Read2: loaded 294M reads 
[02:12:44] Read1: loaded 295M reads 
[02:12:44] Read2: loaded 295M reads 
[02:12:45] Read2: loaded 296M reads 
[02:12:45] Read1: loaded 296M reads 
[02:12:47] Read2: loaded 297M reads 
[02:12:47] Read1: loaded 297M reads 
[02:12:48] Read1: loaded 298M reads 
[02:12:48] Read2: loaded 298M reads 
[02:12:50] Read2: loaded 299M reads 
[02:12:50] Read1: loaded 299M reads 
[02:12:51] Read2: loaded 300M reads 
[02:12:51] Read1: loaded 300M reads 
[02:12:52] Read2: loaded 301M reads 
[02:12:52] Read1: loaded 301M reads 
[02:12:54] Read1: loaded 302M reads 
[02:12:54] Read2: loaded 302M reads 
[02:12:55] Read2: loaded 303M reads 
[02:12:55] Read1: loaded 303M reads 
[02:12:57] Read2: loaded 304M reads 
[02:12:57] Read1: loaded 304M reads 
[02:12:58] Read1: loaded 305M reads 
[02:12:58] Read2: loaded 305M reads 
[02:13:00] Read2: loaded 306M reads 
[02:13:00] Read1: loaded 306M reads 
[02:13:01] Read1: loaded 307M reads 
[02:13:01] Read2: loaded 307M reads 
[02:13:03] Read2: loaded 308M reads 
[02:13:03] Read1: loaded 308M reads 
[02:13:04] Read2: loaded 309M reads 
[02:13:04] Read1: loaded 309M reads 
[02:13:06] Read2: loaded 310M reads 
[02:13:06] Read1: loaded 310M reads 
[02:13:07] Read1: loaded 311M reads 
[02:13:07] Read2: loaded 311M reads 
[02:13:09] Read1: loaded 312M reads 
[02:13:09] Read2: loaded 312M reads 
[02:13:10] Read1: loaded 313M reads 
[02:13:10] Read2: loaded 313M reads 
[02:13:12] Read2: loaded 314M reads 
[02:13:12] Read1: loaded 314M reads 
[02:13:13] Read2: loaded 315M reads 
[02:13:13] Read1: loaded 315M reads 
[02:13:15] Read1: loaded 316M reads 
[02:13:15] Read2: loaded 316M reads 
[02:13:16] Read1: loaded 317M reads 
[02:13:16] Read2: loaded 317M reads 
[02:13:17] Read2: loaded 318M reads 
[02:13:17] Read1: loaded 318M reads 
[02:13:19] Read1: loaded 319M reads 
[02:13:19] Read2: loaded 319M reads 
[02:13:20] Read2: loaded 320M reads 
[02:13:20] Read1: loaded 320M reads 
[02:13:22] Read1: loaded 321M reads 
[02:13:22] Read2: loaded 321M reads 
[02:13:23] Read2: loaded 322M reads 
[02:13:23] Read1: loaded 322M reads 
[02:13:25] Read1: loaded 323M reads 
[02:13:25] Read2: loaded 323M reads 
[02:13:26] Read1: loaded 324M reads 
[02:13:26] Read2: loaded 324M reads 
[02:13:28] Read2: loaded 325M reads 
[02:13:28] Read1: loaded 325M reads 
[02:13:29] Read1: loaded 326M reads 
[02:13:29] Read2: loaded 326M reads 
[02:13:31] Read2: loaded 327M reads 
[02:13:31] Read1: loaded 327M reads 
[02:13:32] Read1: loaded 328M reads 
[02:13:32] Read2: loaded 328M reads 
[02:13:34] Read2: loaded 329M reads 
[02:13:34] Read1: loaded 329M reads 
[02:13:35] Read2: loaded 330M reads 
[02:13:35] Read1: loaded 330M reads 
[02:13:37] Read2: loaded 331M reads 
[02:13:37] Read1: loaded 331M reads 
[02:13:38] Read1: loaded 332M reads 
[02:13:38] Read2: loaded 332M reads 
[02:13:40] Read2: loaded 333M reads 
[02:13:40] Read1: loaded 333M reads 
[02:13:41] Read2: loaded 334M reads 
[02:13:41] Read1: loaded 334M reads 
[02:13:43] Read1: loaded 335M reads 
[02:13:43] Read2: loaded 335M reads 
[02:13:44] Read1: loaded 336M reads 
[02:13:44] Read2: loaded 336M reads 
[02:13:45] Read1: loaded 337M reads 
[02:13:45] Read2: loaded 337M reads 
[02:13:47] Read1: loaded 338M reads 
[02:13:47] Read2: loaded 338M reads 
[02:13:48] Read2: loaded 339M reads 
[02:13:48] Read1: loaded 339M reads 
[02:13:50] Read1: loaded 340M reads 
[02:13:50] Read2: loaded 340M reads 
[02:13:51] Read1: loaded 341M reads 
[02:13:51] Read2: loaded 341M reads 
[02:13:53] Read1: loaded 342M reads 
[02:13:53] Read2: loaded 342M reads 
[02:13:54] Read1: loaded 343M reads 
[02:13:54] Read2: loaded 343M reads 
[02:13:56] Read2: loaded 344M reads 
[02:13:56] Read1: loaded 344M reads 
[02:13:57] Read1: loaded 345M reads 
[02:13:57] Read2: loaded 345M reads 
[02:13:59] Read1: loaded 346M reads 
[02:13:59] Read2: loaded 346M reads 
[02:14:00] Read1: loaded 347M reads 
[02:14:00] Read2: loaded 347M reads 
[02:14:02] Read2: loaded 348M reads 
[02:14:02] Read1: loaded 348M reads 
[02:14:03] Read1: loaded 349M reads 
[02:14:03] Read2: loaded 349M reads 
[02:14:05] Read2: loaded 350M reads 
[02:14:05] Read1: loaded 350M reads 
[02:14:06] Read2: loaded 351M reads 
[02:14:06] Read1: loaded 351M reads 
[02:14:08] Read1: loaded 352M reads 
[02:14:08] Read2: loaded 352M reads 
[02:14:09] Read1: loaded 353M reads 
[02:14:09] Read2: loaded 353M reads 
[02:14:11] Read2: loaded 354M reads 
[02:14:11] Read1: loaded 354M reads 
[02:14:12] Read2: loaded 355M reads 
[02:14:12] Read1: loaded 355M reads 
[02:14:14] Read2: loaded 356M reads 
[02:14:14] Read1: loaded 356M reads 
[02:14:15] Read1: loaded 357M reads 
[02:14:15] Read2: loaded 357M reads 
[02:14:17] Read1: loaded 358M reads 
[02:14:17] Read2: loaded 358M reads 
[02:14:18] Read1: loaded 359M reads 
[02:14:18] Read2: loaded 359M reads 
[02:14:19] Read2: loaded 360M reads 
[02:14:19] Read1: loaded 360M reads 
[02:14:21] Read2: loaded 361M reads 
[02:14:21] Read1: loaded 361M reads 
[02:14:21] Read1: loading completed with 44102 packs 
[02:14:21] Read2: loading completed with 44102 packs 
[02:14:21] [fastp 1.3.3-d0bromir] Stage: loading (529271 ms) 
[02:14:21] [fastp 1.3.3-d0bromir] Stage: filtering 
[02:14:22] thread 6 data processing completed 
[02:14:22] thread 6 finished 
[02:14:22] thread 3 data processing completed 
[02:14:22] thread 3 finished 
[02:14:22] thread 8 data processing completed 
[02:14:22] thread 8 finished 
[02:14:22] thread 7 data processing completed 
[02:14:22] thread 7 finished 
[02:14:22] thread 2 data processing completed 
[02:14:22] thread 2 finished 
[02:14:22] thread 4 data processing completed 
[02:14:22] thread 4 finished 
[02:14:22] thread 1 data processing completed 
[02:14:22] thread 1 finished 
[02:14:22] thread 5 data processing completed 
[02:14:22] thread 5 finished 
[02:14:22] [fastp 1.3.3-d0bromir] Stage: filtering (768 ms) 
[02:14:22] [fastp 1.3.3-d0bromir] Stage: writing 
[02:14:22] /dev/shm/fastp_bench_BeaZtB_R2.fq.gz writer finished 
[02:14:22] /dev/shm/fastp_bench_lwXsqt_R1.fq.gz writer finished 
[02:14:22] [fastp 1.3.3-d0bromir] Stage: writing (26 ms) 
[02:14:22] start to generate reports
 
Read1 before filtering:
total reads: 361281611
total bases: 54192241650
Q20 bases: 54123398100(99.873%)
Q30 bases: 54123398100(99.873%)
Q40 bases: 0(0%)

Read2 before filtering:
total reads: 361281611
total bases: 54192241650
Q20 bases: 53855170050(99.378%)
Q30 bases: 53855170050(99.378%)
Q40 bases: 0(0%)

Read1 after filtering:
total reads: 358607374
total bases: 53574361382
Q20 bases: 53574361382(100%)
Q30 bases: 53574361382(100%)
Q40 bases: 0(0%)

Read2 after filtering:
total reads: 358607374
total bases: 53574361382
Q20 bases: 53574361382(100%)
Q30 bases: 53574361382(100%)
Q40 bases: 0(0%)

Filtering result:
reads passed filter: 717214748
reads failed due to low quality: 5328396
reads failed due to too many N: 20078
reads failed due to too short: 0
reads failed due to adapter dimer: 0
reads with adapter trimmed: 9627740
bases trimmed due to adapters: 442711160

Duplication rate: 5.60214%

Insert size peak (evaluated by paired-end reads): 269

JSON report: /dev/shm/fastp_bench_kAqZ5q.json
HTML report: /dev/null

/home/mpiuser/bioauto_rev/fastp_d0bromir/fastp-cpu -w 8 -j /dev/shm/fastp_bench_kAqZ5q.json -h /dev/null --verbose -i /home/mpiuser/FASTQ/WGS/DRR216653_1.fastq.gz -I /home/mpiuser/FASTQ/WGS/DRR216653_2.fastq.gz -o /dev/shm/fastp_bench_lwXsqt_R1.fq.gz -O /dev/shm/fastp_bench_BeaZtB_R2.fq.gz 
fastp v1.3.3-d0bromir, time used: 531 seconds
================================================================

================================================================
 Application  : d0bromir_gpu (/home/mpiuser/bioauto_rev/fastp_d0bromir/fastp)
 Dataset      : WGS PE 40G (DRR216653 R1+R2)
 Files        : R1=/home/mpiuser/FASTQ/WGS/DRR216653_1.fastq.gz
               R2=/home/mpiuser/FASTQ/WGS/DRR216653_2.fastq.gz
 Type         : PE
 Threads      : 8
 Wall time    : 468.434 s
 reads_in     : 722563222
 reads_out    : 717214748
 vs_opengene  : -32.1%
--- Resource usage ---
 CPU avg/peak : 1687.9% / 2149.5%
 RSS peak     : 2994 MiB
 GPU util a/p : 13.8% / 16.0%
 GPU mem peak : 1360 MiB
 Sample CSV   : /home/mpiuser/bioauto_rev/fastp_d0bromir/benchmark_results/20261004_013259/resources/resource_WGS_PE_40G_d0bromir_gpu_T8_1791081341.csv
--- Profiling output ---
[02:35:41] fastp 1.3.3-d0bromir starting 
[02:35:42] [GPU] CUDA GPU available (Device 0) - statistics GPU-accelerated (slots=8) 
[02:35:42] [fastp 1.3.3-d0bromir] Stage: loading 
[02:35:42] start to load data of read1 
[02:35:42] start to load data of read2 
[02:35:42] [GPU] CUDA GPU available (Device 1) - statistics GPU-accelerated (slots=8) 
[02:35:42] [GPU] Dual-GPU mode: Device 0 + Device 1 active 
[02:35:43] Read1: loaded 1M reads 
[02:35:43] Read2: loaded 1M reads 
[02:35:44] Read1: loaded 2M reads 
[02:35:44] Read2: loaded 2M reads 
[02:35:45] Read1: loaded 3M reads 
[02:35:45] Read2: loaded 3M reads 
[02:35:47] Read1: loaded 4M reads 
[02:35:47] Read2: loaded 4M reads 
[02:35:48] Read2: loaded 5M reads 
[02:35:48] Read1: loaded 5M reads 
[02:35:49] Read2: loaded 6M reads 
[02:35:49] Read1: loaded 6M reads 
[02:35:51] Read1: loaded 7M reads 
[02:35:51] Read2: loaded 7M reads 
[02:35:52] Read2: loaded 8M reads 
[02:35:52] Read1: loaded 8M reads 
[02:35:53] Read1: loaded 9M reads 
[02:35:53] Read2: loaded 9M reads 
[02:35:54] Read2: loaded 10M reads 
[02:35:54] Read1: loaded 10M reads 
[02:35:56] Read1: loaded 11M reads 
[02:35:56] Read2: loaded 11M reads 
[02:35:57] Read1: loaded 12M reads 
[02:35:57] Read2: loaded 12M reads 
[02:35:58] Read1: loaded 13M reads 
[02:35:58] Read2: loaded 13M reads 
[02:36:00] Read1: loaded 14M reads 
[02:36:00] Read2: loaded 14M reads 
[02:36:01] Read2: loaded 15M reads 
[02:36:01] Read1: loaded 15M reads 
[02:36:02] Read1: loaded 16M reads 
[02:36:02] Read2: loaded 16M reads 
[02:36:04] Read2: loaded 17M reads 
[02:36:04] Read1: loaded 17M reads 
[02:36:05] Read2: loaded 18M reads 
[02:36:05] Read1: loaded 18M reads 
[02:36:06] Read2: loaded 19M reads 
[02:36:06] Read1: loaded 19M reads 
[02:36:07] Read2: loaded 20M reads 
[02:36:07] Read1: loaded 20M reads 
[02:36:09] Read2: loaded 21M reads 
[02:36:09] Read1: loaded 21M reads 
[02:36:10] Read2: loaded 22M reads 
[02:36:10] Read1: loaded 22M reads 
[02:36:11] Read2: loaded 23M reads 
[02:36:11] Read1: loaded 23M reads 
[02:36:13] Read2: loaded 24M reads 
[02:36:13] Read1: loaded 24M reads 
[02:36:14] Read1: loaded 25M reads 
[02:36:14] Read2: loaded 25M reads 
[02:36:15] Read2: loaded 26M reads 
[02:36:15] Read1: loaded 26M reads 
[02:36:17] Read1: loaded 27M reads 
[02:36:17] Read2: loaded 27M reads 
[02:36:18] Read1: loaded 28M reads 
[02:36:18] Read2: loaded 28M reads 
[02:36:19] Read1: loaded 29M reads 
[02:36:19] Read2: loaded 29M reads 
[02:36:20] Read1: loaded 30M reads 
[02:36:20] Read2: loaded 30M reads 
[02:36:22] Read2: loaded 31M reads 
[02:36:22] Read1: loaded 31M reads 
[02:36:23] Read1: loaded 32M reads 
[02:36:23] Read2: loaded 32M reads 
[02:36:24] Read1: loaded 33M reads 
[02:36:24] Read2: loaded 33M reads 
[02:36:26] Read1: loaded 34M reads 
[02:36:26] Read2: loaded 34M reads 
[02:36:27] Read1: loaded 35M reads 
[02:36:27] Read2: loaded 35M reads 
[02:36:28] Read2: loaded 36M reads 
[02:36:28] Read1: loaded 36M reads 
[02:36:30] Read2: loaded 37M reads 
[02:36:30] Read1: loaded 37M reads 
[02:36:31] Read1: loaded 38M reads 
[02:36:31] Read2: loaded 38M reads 
[02:36:32] Read1: loaded 39M reads 
[02:36:32] Read2: loaded 39M reads 
[02:36:33] Read1: loaded 40M reads 
[02:36:33] Read2: loaded 40M reads 
[02:36:35] Read1: loaded 41M reads 
[02:36:35] Read2: loaded 41M reads 
[02:36:36] Read2: loaded 42M reads 
[02:36:36] Read1: loaded 42M reads 
[02:36:37] Read2: loaded 43M reads 
[02:36:37] Read1: loaded 43M reads 
[02:36:39] Read2: loaded 44M reads 
[02:36:39] Read1: loaded 44M reads 
[02:36:40] Read1: loaded 45M reads 
[02:36:40] Read2: loaded 45M reads 
[02:36:41] Read2: loaded 46M reads 
[02:36:41] Read1: loaded 46M reads 
[02:36:43] Read1: loaded 47M reads 
[02:36:43] Read2: loaded 47M reads 
[02:36:44] Read1: loaded 48M reads 
[02:36:44] Read2: loaded 48M reads 
[02:36:45] Read2: loaded 49M reads 
[02:36:45] Read1: loaded 49M reads 
[02:36:46] Read1: loaded 50M reads 
[02:36:46] Read2: loaded 50M reads 
[02:36:48] Read1: loaded 51M reads 
[02:36:48] Read2: loaded 51M reads 
[02:36:49] Read2: loaded 52M reads 
[02:36:49] Read1: loaded 52M reads 
[02:36:50] Read2: loaded 53M reads 
[02:36:50] Read1: loaded 53M reads 
[02:36:52] Read1: loaded 54M reads 
[02:36:52] Read2: loaded 54M reads 
[02:36:53] Read1: loaded 55M reads 
[02:36:53] Read2: loaded 55M reads 
[02:36:54] Read2: loaded 56M reads 
[02:36:54] Read1: loaded 56M reads 
[02:36:56] Read2: loaded 57M reads 
[02:36:56] Read1: loaded 57M reads 
[02:36:57] Read1: loaded 58M reads 
[02:36:57] Read2: loaded 58M reads 
[02:36:58] Read2: loaded 59M reads 
[02:36:58] Read1: loaded 59M reads 
[02:36:59] Read1: loaded 60M reads 
[02:36:59] Read2: loaded 60M reads 
[02:37:01] Read2: loaded 61M reads 
[02:37:01] Read1: loaded 61M reads 
[02:37:02] Read1: loaded 62M reads 
[02:37:02] Read2: loaded 62M reads 
[02:37:03] Read1: loaded 63M reads 
[02:37:03] Read2: loaded 63M reads 
[02:37:05] Read1: loaded 64M reads 
[02:37:05] Read2: loaded 64M reads 
[02:37:06] Read1: loaded 65M reads 
[02:37:06] Read2: loaded 65M reads 
[02:37:07] Read2: loaded 66M reads 
[02:37:07] Read1: loaded 66M reads 
[02:37:09] Read1: loaded 67M reads 
[02:37:09] Read2: loaded 67M reads 
[02:37:10] Read1: loaded 68M reads 
[02:37:10] Read2: loaded 68M reads 
[02:37:11] Read1: loaded 69M reads 
[02:37:11] Read2: loaded 69M reads 
[02:37:12] Read1: loaded 70M reads 
[02:37:12] Read2: loaded 70M reads 
[02:37:14] Read1: loaded 71M reads 
[02:37:14] Read2: loaded 71M reads 
[02:37:15] Read2: loaded 72M reads 
[02:37:15] Read1: loaded 72M reads 
[02:37:16] Read2: loaded 73M reads 
[02:37:16] Read1: loaded 73M reads 
[02:37:18] Read1: loaded 74M reads 
[02:37:18] Read2: loaded 74M reads 
[02:37:19] Read1: loaded 75M reads 
[02:37:19] Read2: loaded 75M reads 
[02:37:20] Read2: loaded 76M reads 
[02:37:20] Read1: loaded 76M reads 
[02:37:22] Read2: loaded 77M reads 
[02:37:22] Read1: loaded 77M reads 
[02:37:23] Read2: loaded 78M reads 
[02:37:23] Read1: loaded 78M reads 
[02:37:24] Read2: loaded 79M reads 
[02:37:24] Read1: loaded 79M reads 
[02:37:25] Read1: loaded 80M reads 
[02:37:25] Read2: loaded 80M reads 
[02:37:27] Read1: loaded 81M reads 
[02:37:27] Read2: loaded 81M reads 
[02:37:28] Read1: loaded 82M reads 
[02:37:28] Read2: loaded 82M reads 
[02:37:29] Read2: loaded 83M reads 
[02:37:29] Read1: loaded 83M reads 
[02:37:31] Read2: loaded 84M reads 
[02:37:31] Read1: loaded 84M reads 
[02:37:32] Read1: loaded 85M reads 
[02:37:32] Read2: loaded 85M reads 
[02:37:33] Read2: loaded 86M reads 
[02:37:33] Read1: loaded 86M reads 
[02:37:35] Read1: loaded 87M reads 
[02:37:35] Read2: loaded 87M reads 
[02:37:36] Read2: loaded 88M reads 
[02:37:36] Read1: loaded 88M reads 
[02:37:37] Read1: loaded 89M reads 
[02:37:37] Read2: loaded 89M reads 
[02:37:39] Read2: loaded 90M reads 
[02:37:39] Read1: loaded 90M reads 
[02:37:40] Read1: loaded 91M reads 
[02:37:40] Read2: loaded 91M reads 
[02:37:41] Read1: loaded 92M reads 
[02:37:41] Read2: loaded 92M reads 
[02:37:42] Read2: loaded 93M reads 
[02:37:42] Read1: loaded 93M reads 
[02:37:44] Read1: loaded 94M reads 
[02:37:44] Read2: loaded 94M reads 
[02:37:45] Read2: loaded 95M reads 
[02:37:45] Read1: loaded 95M reads 
[02:37:46] Read1: loaded 96M reads 
[02:37:46] Read2: loaded 96M reads 
[02:37:48] Read2: loaded 97M reads 
[02:37:48] Read1: loaded 97M reads 
[02:37:49] Read2: loaded 98M reads 
[02:37:49] Read1: loaded 98M reads 
[02:37:50] Read1: loaded 99M reads 
[02:37:50] Read2: loaded 99M reads 
[02:37:52] Read2: loaded 100M reads 
[02:37:52] Read1: loaded 100M reads 
[02:37:53] Read2: loaded 101M reads 
[02:37:53] Read1: loaded 101M reads 
[02:37:54] Read2: loaded 102M reads 
[02:37:54] Read1: loaded 102M reads 
[02:37:55] Read2: loaded 103M reads 
[02:37:55] Read1: loaded 103M reads 
[02:37:57] Read2: loaded 104M reads 
[02:37:57] Read1: loaded 104M reads 
[02:37:58] Read2: loaded 105M reads 
[02:37:58] Read1: loaded 105M reads 
[02:37:59] Read2: loaded 106M reads 
[02:37:59] Read1: loaded 106M reads 
[02:38:01] Read2: loaded 107M reads 
[02:38:01] Read1: loaded 107M reads 
[02:38:02] Read1: loaded 108M reads 
[02:38:02] Read2: loaded 108M reads 
[02:38:03] Read2: loaded 109M reads 
[02:38:03] Read1: loaded 109M reads 
[02:38:05] Read1: loaded 110M reads 
[02:38:05] Read2: loaded 110M reads 
[02:38:06] Read1: loaded 111M reads 
[02:38:06] Read2: loaded 111M reads 
[02:38:07] Read1: loaded 112M reads 
[02:38:07] Read2: loaded 112M reads 
[02:38:08] Read1: loaded 113M reads 
[02:38:09] Read2: loaded 113M reads 
[02:38:10] Read2: loaded 114M reads 
[02:38:10] Read1: loaded 114M reads 
[02:38:11] Read2: loaded 115M reads 
[02:38:11] Read1: loaded 115M reads 
[02:38:12] Read2: loaded 116M reads 
[02:38:12] Read1: loaded 116M reads 
[02:38:14] Read2: loaded 117M reads 
[02:38:14] Read1: loaded 117M reads 
[02:38:15] Read1: loaded 118M reads 
[02:38:15] Read2: loaded 118M reads 
[02:38:16] Read2: loaded 119M reads 
[02:38:16] Read1: loaded 119M reads 
[02:38:18] Read2: loaded 120M reads 
[02:38:18] Read1: loaded 120M reads 
[02:38:19] Read2: loaded 121M reads 
[02:38:19] Read1: loaded 121M reads 
[02:38:20] Read2: loaded 122M reads 
[02:38:20] Read1: loaded 122M reads 
[02:38:22] Read1: loaded 123M reads 
[02:38:22] Read2: loaded 123M reads 
[02:38:23] Read2: loaded 124M reads 
[02:38:23] Read1: loaded 124M reads 
[02:38:24] Read2: loaded 125M reads 
[02:38:24] Read1: loaded 125M reads 
[02:38:25] Read1: loaded 126M reads 
[02:38:25] Read2: loaded 126M reads 
[02:38:27] Read1: loaded 127M reads 
[02:38:27] Read2: loaded 127M reads 
[02:38:28] Read1: loaded 128M reads 
[02:38:28] Read2: loaded 128M reads 
[02:38:29] Read2: loaded 129M reads 
[02:38:29] Read1: loaded 129M reads 
[02:38:30] Read1: loaded 130M reads 
[02:38:30] Read2: loaded 130M reads 
[02:38:32] Read1: loaded 131M reads 
[02:38:32] Read2: loaded 131M reads 
[02:38:33] Read1: loaded 132M reads 
[02:38:33] Read2: loaded 132M reads 
[02:38:34] Read1: loaded 133M reads 
[02:38:34] Read2: loaded 133M reads 
[02:38:36] Read1: loaded 134M reads 
[02:38:36] Read2: loaded 134M reads 
[02:38:37] Read2: loaded 135M reads 
[02:38:37] Read1: loaded 135M reads 
[02:38:38] Read1: loaded 136M reads 
[02:38:38] Read2: loaded 136M reads 
[02:38:39] Read2: loaded 137M reads 
[02:38:39] Read1: loaded 137M reads 
[02:38:41] Read2: loaded 138M reads 
[02:38:41] Read1: loaded 138M reads 
[02:38:42] Read1: loaded 139M reads 
[02:38:42] Read2: loaded 139M reads 
[02:38:43] Read1: loaded 140M reads 
[02:38:43] Read2: loaded 140M reads 
[02:38:44] Read2: loaded 141M reads 
[02:38:45] Read1: loaded 141M reads 
[02:38:46] Read2: loaded 142M reads 
[02:38:46] Read1: loaded 142M reads 
[02:38:47] Read1: loaded 143M reads 
[02:38:47] Read2: loaded 143M reads 
[02:38:48] Read1: loaded 144M reads 
[02:38:48] Read2: loaded 144M reads 
[02:38:50] Read2: loaded 145M reads 
[02:38:50] Read1: loaded 145M reads 
[02:38:51] Read1: loaded 146M reads 
[02:38:51] Read2: loaded 146M reads 
[02:38:52] Read2: loaded 147M reads 
[02:38:52] Read1: loaded 147M reads 
[02:38:53] Read1: loaded 148M reads 
[02:38:53] Read2: loaded 148M reads 
[02:38:55] Read2: loaded 149M reads 
[02:38:55] Read1: loaded 149M reads 
[02:38:56] Read1: loaded 150M reads 
[02:38:56] Read2: loaded 150M reads 
[02:38:57] Read1: loaded 151M reads 
[02:38:57] Read2: loaded 151M reads 
[02:38:59] Read1: loaded 152M reads 
[02:38:59] Read2: loaded 152M reads 
[02:39:00] Read1: loaded 153M reads 
[02:39:00] Read2: loaded 153M reads 
[02:39:01] Read1: loaded 154M reads 
[02:39:01] Read2: loaded 154M reads 
[02:39:02] Read1: loaded 155M reads 
[02:39:02] Read2: loaded 155M reads 
[02:39:04] Read1: loaded 156M reads 
[02:39:04] Read2: loaded 156M reads 
[02:39:05] Read1: loaded 157M reads 
[02:39:05] Read2: loaded 157M reads 
[02:39:06] Read1: loaded 158M reads 
[02:39:06] Read2: loaded 158M reads 
[02:39:08] Read2: loaded 159M reads 
[02:39:08] Read1: loaded 159M reads 
[02:39:09] Read1: loaded 160M reads 
[02:39:09] Read2: loaded 160M reads 
[02:39:10] Read2: loaded 161M reads 
[02:39:10] Read1: loaded 161M reads 
[02:39:11] Read1: loaded 162M reads 
[02:39:11] Read2: loaded 162M reads 
[02:39:13] Read1: loaded 163M reads 
[02:39:13] Read2: loaded 163M reads 
[02:39:14] Read2: loaded 164M reads 
[02:39:14] Read1: loaded 164M reads 
[02:39:15] Read2: loaded 165M reads 
[02:39:15] Read1: loaded 165M reads 
[02:39:16] Read2: loaded 166M reads 
[02:39:16] Read1: loaded 166M reads 
[02:39:18] Read2: loaded 167M reads 
[02:39:18] Read1: loaded 167M reads 
[02:39:19] Read1: loaded 168M reads 
[02:39:19] Read2: loaded 168M reads 
[02:39:20] Read2: loaded 169M reads 
[02:39:20] Read1: loaded 169M reads 
[02:39:22] Read2: loaded 170M reads 
[02:39:22] Read1: loaded 170M reads 
[02:39:23] Read1: loaded 171M reads 
[02:39:23] Read2: loaded 171M reads 
[02:39:24] Read1: loaded 172M reads 
[02:39:24] Read2: loaded 172M reads 
[02:39:25] Read1: loaded 173M reads 
[02:39:25] Read2: loaded 173M reads 
[02:39:27] Read1: loaded 174M reads 
[02:39:27] Read2: loaded 174M reads 
[02:39:28] Read2: loaded 175M reads 
[02:39:28] Read1: loaded 175M reads 
[02:39:29] Read2: loaded 176M reads 
[02:39:29] Read1: loaded 176M reads 
[02:39:31] Read1: loaded 177M reads 
[02:39:31] Read2: loaded 177M reads 
[02:39:32] Read2: loaded 178M reads 
[02:39:32] Read1: loaded 178M reads 
[02:39:33] Read1: loaded 179M reads 
[02:39:33] Read2: loaded 179M reads 
[02:39:34] Read2: loaded 180M reads 
[02:39:34] Read1: loaded 180M reads 
[02:39:36] Read2: loaded 181M reads 
[02:39:36] Read1: loaded 181M reads 
[02:39:37] Read2: loaded 182M reads 
[02:39:37] Read1: loaded 182M reads 
[02:39:38] Read1: loaded 183M reads 
[02:39:38] Read2: loaded 183M reads 
[02:39:39] Read1: loaded 184M reads 
[02:39:39] Read2: loaded 184M reads 
[02:39:41] Read1: loaded 185M reads 
[02:39:41] Read2: loaded 185M reads 
[02:39:42] Read2: loaded 186M reads 
[02:39:42] Read1: loaded 186M reads 
[02:39:43] Read2: loaded 187M reads 
[02:39:43] Read1: loaded 187M reads 
[02:39:45] Read2: loaded 188M reads 
[02:39:45] Read1: loaded 188M reads 
[02:39:46] Read2: loaded 189M reads 
[02:39:46] Read1: loaded 189M reads 
[02:39:47] Read1: loaded 190M reads 
[02:39:47] Read2: loaded 190M reads 
[02:39:48] Read2: loaded 191M reads 
[02:39:48] Read1: loaded 191M reads 
[02:39:50] Read1: loaded 192M reads 
[02:39:50] Read2: loaded 192M reads 
[02:39:51] Read1: loaded 193M reads 
[02:39:51] Read2: loaded 193M reads 
[02:39:52] Read2: loaded 194M reads 
[02:39:52] Read1: loaded 194M reads 
[02:39:54] Read1: loaded 195M reads 
[02:39:54] Read2: loaded 195M reads 
[02:39:55] Read2: loaded 196M reads 
[02:39:55] Read1: loaded 196M reads 
[02:39:56] Read2: loaded 197M reads 
[02:39:56] Read1: loaded 197M reads 
[02:39:57] Read2: loaded 198M reads 
[02:39:57] Read1: loaded 198M reads 
[02:39:59] Read1: loaded 199M reads 
[02:39:59] Read2: loaded 199M reads 
[02:40:00] Read1: loaded 200M reads 
[02:40:00] Read2: loaded 200M reads 
[02:40:01] Read1: loaded 201M reads 
[02:40:01] Read2: loaded 201M reads 
[02:40:03] Read2: loaded 202M reads 
[02:40:03] Read1: loaded 202M reads 
[02:40:04] Read2: loaded 203M reads 
[02:40:04] Read1: loaded 203M reads 
[02:40:05] Read2: loaded 204M reads 
[02:40:05] Read1: loaded 204M reads 
[02:40:06] Read1: loaded 205M reads 
[02:40:06] Read2: loaded 205M reads 
[02:40:08] Read2: loaded 206M reads 
[02:40:08] Read1: loaded 206M reads 
[02:40:09] Read2: loaded 207M reads 
[02:40:09] Read1: loaded 207M reads 
[02:40:10] Read1: loaded 208M reads 
[02:40:10] Read2: loaded 208M reads 
[02:40:12] Read1: loaded 209M reads 
[02:40:12] Read2: loaded 209M reads 
[02:40:13] Read2: loaded 210M reads 
[02:40:13] Read1: loaded 210M reads 
[02:40:14] Read1: loaded 211M reads 
[02:40:14] Read2: loaded 211M reads 
[02:40:15] Read1: loaded 212M reads 
[02:40:15] Read2: loaded 212M reads 
[02:40:17] Read2: loaded 213M reads 
[02:40:17] Read1: loaded 213M reads 
[02:40:18] Read1: loaded 214M reads 
[02:40:18] Read2: loaded 214M reads 
[02:40:19] Read1: loaded 215M reads 
[02:40:19] Read2: loaded 215M reads 
[02:40:21] Read1: loaded 216M reads 
[02:40:21] Read2: loaded 216M reads 
[02:40:22] Read2: loaded 217M reads 
[02:40:22] Read1: loaded 217M reads 
[02:40:23] Read1: loaded 218M reads 
[02:40:23] Read2: loaded 218M reads 
[02:40:24] Read2: loaded 219M reads 
[02:40:24] Read1: loaded 219M reads 
[02:40:26] Read2: loaded 220M reads 
[02:40:26] Read1: loaded 220M reads 
[02:40:27] Read1: loaded 221M reads 
[02:40:27] Read2: loaded 221M reads 
[02:40:28] Read2: loaded 222M reads 
[02:40:28] Read1: loaded 222M reads 
[02:40:30] Read1: loaded 223M reads 
[02:40:30] Read2: loaded 223M reads 
[02:40:31] Read1: loaded 224M reads 
[02:40:31] Read2: loaded 224M reads 
[02:40:32] Read2: loaded 225M reads 
[02:40:32] Read1: loaded 225M reads 
[02:40:33] Read2: loaded 226M reads 
[02:40:33] Read1: loaded 226M reads 
[02:40:35] Read1: loaded 227M reads 
[02:40:35] Read2: loaded 227M reads 
[02:40:36] Read1: loaded 228M reads 
[02:40:36] Read2: loaded 228M reads 
[02:40:37] Read2: loaded 229M reads 
[02:40:37] Read1: loaded 229M reads 
[02:40:39] Read1: loaded 230M reads 
[02:40:39] Read2: loaded 230M reads 
[02:40:40] Read1: loaded 231M reads 
[02:40:40] Read2: loaded 231M reads 
[02:40:41] Read2: loaded 232M reads 
[02:40:41] Read1: loaded 232M reads 
[02:40:42] Read1: loaded 233M reads 
[02:40:42] Read2: loaded 233M reads 
[02:40:44] Read2: loaded 234M reads 
[02:40:44] Read1: loaded 234M reads 
[02:40:45] Read2: loaded 235M reads 
[02:40:45] Read1: loaded 235M reads 
[02:40:46] Read2: loaded 236M reads 
[02:40:46] Read1: loaded 236M reads 
[02:40:48] Read1: loaded 237M reads 
[02:40:48] Read2: loaded 237M reads 
[02:40:49] Read1: loaded 238M reads 
[02:40:49] Read2: loaded 238M reads 
[02:40:50] Read2: loaded 239M reads 
[02:40:50] Read1: loaded 239M reads 
[02:40:51] Read1: loaded 240M reads 
[02:40:51] Read2: loaded 240M reads 
[02:40:53] Read1: loaded 241M reads 
[02:40:53] Read2: loaded 241M reads 
[02:40:54] Read2: loaded 242M reads 
[02:40:54] Read1: loaded 242M reads 
[02:40:55] Read1: loaded 243M reads 
[02:40:55] Read2: loaded 243M reads 
[02:40:56] Read2: loaded 244M reads 
[02:40:56] Read1: loaded 244M reads 
[02:40:58] Read1: loaded 245M reads 
[02:40:58] Read2: loaded 245M reads 
[02:40:59] Read1: loaded 246M reads 
[02:40:59] Read2: loaded 246M reads 
[02:41:00] Read1: loaded 247M reads 
[02:41:00] Read2: loaded 247M reads 
[02:41:02] Read1: loaded 248M reads 
[02:41:02] Read2: loaded 248M reads 
[02:41:03] Read2: loaded 249M reads 
[02:41:03] Read1: loaded 249M reads 
[02:41:04] Read2: loaded 250M reads 
[02:41:04] Read1: loaded 250M reads 
[02:41:05] Read2: loaded 251M reads 
[02:41:05] Read1: loaded 251M reads 
[02:41:07] Read2: loaded 252M reads 
[02:41:07] Read1: loaded 252M reads 
[02:41:08] Read2: loaded 253M reads 
[02:41:08] Read1: loaded 253M reads 
[02:41:09] Read1: loaded 254M reads 
[02:41:09] Read2: loaded 254M reads 
[02:41:11] Read1: loaded 255M reads 
[02:41:11] Read2: loaded 255M reads 
[02:41:12] Read1: loaded 256M reads 
[02:41:12] Read2: loaded 256M reads 
[02:41:13] Read1: loaded 257M reads 
[02:41:13] Read2: loaded 257M reads 
[02:41:14] Read2: loaded 258M reads 
[02:41:14] Read1: loaded 258M reads 
[02:41:16] Read2: loaded 259M reads 
[02:41:16] Read1: loaded 259M reads 
[02:41:17] Read1: loaded 260M reads 
[02:41:17] Read2: loaded 260M reads 
[02:41:18] Read2: loaded 261M reads 
[02:41:18] Read1: loaded 261M reads 
[02:41:20] Read2: loaded 262M reads 
[02:41:20] Read1: loaded 262M reads 
[02:41:21] Read2: loaded 263M reads 
[02:41:21] Read1: loaded 263M reads 
[02:41:22] Read1: loaded 264M reads 
[02:41:22] Read2: loaded 264M reads 
[02:41:23] Read2: loaded 265M reads 
[02:41:23] Read1: loaded 265M reads 
[02:41:25] Read2: loaded 266M reads 
[02:41:25] Read1: loaded 266M reads 
[02:41:26] Read2: loaded 267M reads 
[02:41:26] Read1: loaded 267M reads 
[02:41:27] Read1: loaded 268M reads 
[02:41:27] Read2: loaded 268M reads 
[02:41:29] Read2: loaded 269M reads 
[02:41:29] Read1: loaded 269M reads 
[02:41:30] Read1: loaded 270M reads 
[02:41:30] Read2: loaded 270M reads 
[02:41:31] Read2: loaded 271M reads 
[02:41:31] Read1: loaded 271M reads 
[02:41:32] Read1: loaded 272M reads 
[02:41:32] Read2: loaded 272M reads 
[02:41:34] Read1: loaded 273M reads 
[02:41:34] Read2: loaded 273M reads 
[02:41:35] Read1: loaded 274M reads 
[02:41:35] Read2: loaded 274M reads 
[02:41:36] Read2: loaded 275M reads 
[02:41:36] Read1: loaded 275M reads 
[02:41:38] Read2: loaded 276M reads 
[02:41:38] Read1: loaded 276M reads 
[02:41:39] Read2: loaded 277M reads 
[02:41:39] Read1: loaded 277M reads 
[02:41:40] Read2: loaded 278M reads 
[02:41:40] Read1: loaded 278M reads 
[02:41:41] Read2: loaded 279M reads 
[02:41:41] Read1: loaded 279M reads 
[02:41:43] Read2: loaded 280M reads 
[02:41:43] Read1: loaded 280M reads 
[02:41:44] Read1: loaded 281M reads 
[02:41:44] Read2: loaded 281M reads 
[02:41:45] Read1: loaded 282M reads 
[02:41:45] Read2: loaded 282M reads 
[02:41:47] Read1: loaded 283M reads 
[02:41:47] Read2: loaded 283M reads 
[02:41:48] Read1: loaded 284M reads 
[02:41:48] Read2: loaded 284M reads 
[02:41:49] Read1: loaded 285M reads 
[02:41:49] Read2: loaded 285M reads 
[02:41:50] Read1: loaded 286M reads 
[02:41:50] Read2: loaded 286M reads 
[02:41:52] Read1: loaded 287M reads 
[02:41:52] Read2: loaded 287M reads 
[02:41:53] Read2: loaded 288M reads 
[02:41:53] Read1: loaded 288M reads 
[02:41:54] Read2: loaded 289M reads 
[02:41:54] Read1: loaded 289M reads 
[02:41:55] Read2: loaded 290M reads 
[02:41:55] Read1: loaded 290M reads 
[02:41:57] Read2: loaded 291M reads 
[02:41:57] Read1: loaded 291M reads 
[02:41:58] Read1: loaded 292M reads 
[02:41:58] Read2: loaded 292M reads 
[02:41:59] Read1: loaded 293M reads 
[02:41:59] Read2: loaded 293M reads 
[02:42:01] Read1: loaded 294M reads 
[02:42:01] Read2: loaded 294M reads 
[02:42:02] Read2: loaded 295M reads 
[02:42:02] Read1: loaded 295M reads 
[02:42:03] Read1: loaded 296M reads 
[02:42:03] Read2: loaded 296M reads 
[02:42:04] Read1: loaded 297M reads 
[02:42:04] Read2: loaded 297M reads 
[02:42:06] Read2: loaded 298M reads 
[02:42:06] Read1: loaded 298M reads 
[02:42:07] Read1: loaded 299M reads 
[02:42:07] Read2: loaded 299M reads 
[02:42:08] Read1: loaded 300M reads 
[02:42:08] Read2: loaded 300M reads 
[02:42:10] Read1: loaded 301M reads 
[02:42:10] Read2: loaded 301M reads 
[02:42:11] Read2: loaded 302M reads 
[02:42:11] Read1: loaded 302M reads 
[02:42:12] Read2: loaded 303M reads 
[02:42:12] Read1: loaded 303M reads 
[02:42:13] Read1: loaded 304M reads 
[02:42:13] Read2: loaded 304M reads 
[02:42:15] Read2: loaded 305M reads 
[02:42:15] Read1: loaded 305M reads 
[02:42:16] Read2: loaded 306M reads 
[02:42:16] Read1: loaded 306M reads 
[02:42:17] Read2: loaded 307M reads 
[02:42:17] Read1: loaded 307M reads 
[02:42:19] Read2: loaded 308M reads 
[02:42:19] Read1: loaded 308M reads 
[02:42:20] Read2: loaded 309M reads 
[02:42:20] Read1: loaded 309M reads 
[02:42:21] Read2: loaded 310M reads 
[02:42:21] Read1: loaded 310M reads 
[02:42:23] Read1: loaded 311M reads 
[02:42:23] Read2: loaded 311M reads 
[02:42:24] Read2: loaded 312M reads 
[02:42:24] Read1: loaded 312M reads 
[02:42:25] Read1: loaded 313M reads 
[02:42:25] Read2: loaded 313M reads 
[02:42:26] Read1: loaded 314M reads 
[02:42:26] Read2: loaded 314M reads 
[02:42:28] Read2: loaded 315M reads 
[02:42:28] Read1: loaded 315M reads 
[02:42:29] Read1: loaded 316M reads 
[02:42:29] Read2: loaded 316M reads 
[02:42:30] Read1: loaded 317M reads 
[02:42:30] Read2: loaded 317M reads 
[02:42:32] Read2: loaded 318M reads 
[02:42:32] Read1: loaded 318M reads 
[02:42:33] Read1: loaded 319M reads 
[02:42:33] Read2: loaded 319M reads 
[02:42:34] Read2: loaded 320M reads 
[02:42:34] Read1: loaded 320M reads 
[02:42:36] Read1: loaded 321M reads 
[02:42:36] Read2: loaded 321M reads 
[02:42:37] Read2: loaded 322M reads 
[02:42:37] Read1: loaded 322M reads 
[02:42:38] Read1: loaded 323M reads 
[02:42:38] Read2: loaded 323M reads 
[02:42:39] Read1: loaded 324M reads 
[02:42:39] Read2: loaded 324M reads 
[02:42:41] Read2: loaded 325M reads 
[02:42:41] Read1: loaded 325M reads 
[02:42:42] Read1: loaded 326M reads 
[02:42:42] Read2: loaded 326M reads 
[02:42:43] Read1: loaded 327M reads 
[02:42:43] Read2: loaded 327M reads 
[02:42:45] Read1: loaded 328M reads 
[02:42:45] Read2: loaded 328M reads 
[02:42:46] Read2: loaded 329M reads 
[02:42:46] Read1: loaded 329M reads 
[02:42:47] Read2: loaded 330M reads 
[02:42:47] Read1: loaded 330M reads 
[02:42:49] Read1: loaded 331M reads 
[02:42:49] Read2: loaded 331M reads 
[02:42:50] Read1: loaded 332M reads 
[02:42:50] Read2: loaded 332M reads 
[02:42:51] Read2: loaded 333M reads 
[02:42:51] Read1: loaded 333M reads 
[02:42:52] Read2: loaded 334M reads 
[02:42:52] Read1: loaded 334M reads 
[02:42:54] Read2: loaded 335M reads 
[02:42:54] Read1: loaded 335M reads 
[02:42:55] Read1: loaded 336M reads 
[02:42:55] Read2: loaded 336M reads 
[02:42:56] Read1: loaded 337M reads 
[02:42:56] Read2: loaded 337M reads 
[02:42:58] Read2: loaded 338M reads 
[02:42:58] Read1: loaded 338M reads 
[02:42:59] Read2: loaded 339M reads 
[02:42:59] Read1: loaded 339M reads 
[02:43:00] Read2: loaded 340M reads 
[02:43:00] Read1: loaded 340M reads 
[02:43:02] Read2: loaded 341M reads 
[02:43:02] Read1: loaded 341M reads 
[02:43:03] Read1: loaded 342M reads 
[02:43:03] Read2: loaded 342M reads 
[02:43:04] Read2: loaded 343M reads 
[02:43:04] Read1: loaded 343M reads 
[02:43:05] Read2: loaded 344M reads 
[02:43:05] Read1: loaded 344M reads 
[02:43:07] Read2: loaded 345M reads 
[02:43:07] Read1: loaded 345M reads 
[02:43:08] Read1: loaded 346M reads 
[02:43:08] Read2: loaded 346M reads 
[02:43:09] Read2: loaded 347M reads 
[02:43:09] Read1: loaded 347M reads 
[02:43:11] Read1: loaded 348M reads 
[02:43:11] Read2: loaded 348M reads 
[02:43:12] Read1: loaded 349M reads 
[02:43:12] Read2: loaded 349M reads 
[02:43:13] Read2: loaded 350M reads 
[02:43:13] Read1: loaded 350M reads 
[02:43:15] Read2: loaded 351M reads 
[02:43:15] Read1: loaded 351M reads 
[02:43:16] Read1: loaded 352M reads 
[02:43:16] Read2: loaded 352M reads 
[02:43:17] Read2: loaded 353M reads 
[02:43:17] Read1: loaded 353M reads 
[02:43:18] Read2: loaded 354M reads 
[02:43:18] Read1: loaded 354M reads 
[02:43:20] Read2: loaded 355M reads 
[02:43:20] Read1: loaded 355M reads 
[02:43:21] Read2: loaded 356M reads 
[02:43:21] Read1: loaded 356M reads 
[02:43:22] Read1: loaded 357M reads 
[02:43:22] Read2: loaded 357M reads 
[02:43:24] Read1: loaded 358M reads 
[02:43:24] Read2: loaded 358M reads 
[02:43:25] Read1: loaded 359M reads 
[02:43:25] Read2: loaded 359M reads 
[02:43:26] Read1: loaded 360M reads 
[02:43:26] Read2: loaded 360M reads 
[02:43:28] Read1: loaded 361M reads 
[02:43:28] Read2: loaded 361M reads 
[02:43:28] Read2: loading completed with 44102 packs 
[02:43:28] Read1: loading completed with 44102 packs 
[02:43:28] [fastp 1.3.3-d0bromir] Stage: loading (465992 ms) 
[02:43:28] [fastp 1.3.3-d0bromir] Stage: filtering 
[02:43:29] thread 7 data processing completed 
[02:43:29] thread 7 finished 
[02:43:29] thread 2 data processing completed 
[02:43:29] thread 2 finished 
[02:43:29] thread 4 data processing completed 
[02:43:29] thread 4 finished 
[02:43:29] thread 5 data processing completed 
[02:43:29] thread 5 finished 
[02:43:29] thread 3 data processing completed 
[02:43:29] thread 3 finished 
[02:43:29] thread 6 data processing completed 
[02:43:29] thread 6 finished 
[02:43:29] thread 8 data processing completed 
[02:43:29] thread 8 finished 
[02:43:29] thread 1 data processing completed 
[02:43:29] thread 1 finished 
[02:43:29] [fastp 1.3.3-d0bromir] Stage: filtering (685 ms) 
[02:43:29] [fastp 1.3.3-d0bromir] Stage: writing 
[02:43:29] /dev/shm/fastp_bench_TeHtnj_R2.fq.gz writer finished 
[02:43:29] /dev/shm/fastp_bench_L8A2pC_R1.fq.gz writer finished 
[02:43:29] [fastp 1.3.3-d0bromir] Stage: writing (27 ms) 
[02:43:29] [GPU] Device 0: batches=44102 reads=361281611 
[02:43:29] [GPU] Device 1: batches=44102 reads=361281611 
[02:43:29] start to generate reports
 
Read1 before filtering:
total reads: 361281611
total bases: 54192241650
Q20 bases: 54123398100(99.873%)
Q30 bases: 54123398100(99.873%)
Q40 bases: 0(0%)

Read2 before filtering:
total reads: 361281611
total bases: 54192241650
Q20 bases: 53855170050(99.378%)
Q30 bases: 53855170050(99.378%)
Q40 bases: 0(0%)

Read1 after filtering:
total reads: 358607374
total bases: 53574361382
Q20 bases: 53574361382(100%)
Q30 bases: 53574361382(100%)
Q40 bases: 0(0%)

Read2 after filtering:
total reads: 358607374
total bases: 53574361382
Q20 bases: 53574361382(100%)
Q30 bases: 53574361382(100%)
Q40 bases: 0(0%)

Filtering result:
reads passed filter: 717214748
reads failed due to low quality: 5328396
reads failed due to too many N: 20078
reads failed due to too short: 0
reads failed due to adapter dimer: 0
reads with adapter trimmed: 9627740
bases trimmed due to adapters: 442711160

Duplication rate: 5.60214%

Insert size peak (evaluated by paired-end reads): 269

JSON report: /dev/shm/fastp_bench_85HLmq.json
HTML report: /dev/null

/home/mpiuser/bioauto_rev/fastp_d0bromir/fastp -w 8 -j /dev/shm/fastp_bench_85HLmq.json -h /dev/null --verbose -i /home/mpiuser/FASTQ/WGS/DRR216653_1.fastq.gz -I /home/mpiuser/FASTQ/WGS/DRR216653_2.fastq.gz -o /dev/shm/fastp_bench_L8A2pC_R1.fq.gz -O /dev/shm/fastp_bench_TeHtnj_R2.fq.gz 
fastp v1.3.3-d0bromir, time used: 468 seconds
================================================================
