=== Full Benchmark Log: Sun Oct  4 12:34:38 UTC 2026 ===


================================================================
 Application  : opengene (/home/mpiuser/bioauto_rev/fastp_d0bromir/../fastp_opengene/fastp)
 Dataset      : WGS PE 40G (DRR216653 R1+R2)
 Files        : R1=/home/mpiuser/FASTQ/WGS/DRR216653_1.fastq.gz
               R2=/home/mpiuser/FASTQ/WGS/DRR216653_2.fastq.gz
 Type         : PE
 Threads      : 32
 Wall time    : 697.422 s
 reads_in     : 722563222
 reads_out    : 717214748
 vs_opengene  : baseline
--- Resource usage ---
 CPU avg/peak : 1789.7% / 2545.3%
 RSS peak     : 1939 MiB
 GPU util a/p : 2.2% / 44.0%
 GPU mem peak : 0 MiB
 Sample CSV   : /home/mpiuser/bioauto_rev/fastp_d0bromir/benchmark_results/20261004_123438/resources/resource_WGS_PE_40G_opengene_T32_1791117279.csv
--- Profiling output ---
[12:34:39] start to load data of read2 
[12:34:39] start to load data of read1 
[12:34:39] /dev/shm/fastp_bench_fT2j90_R2.fq.gz writer finished 
[12:34:39] /dev/shm/fastp_bench_qyAUyE_R1.fq.gz writer finished 
[12:34:40] Read2: loaded 1M reads 
[12:34:40] Read1: loaded 1M reads 
[12:34:42] Read2: loaded 2M reads 
[12:34:42] Read1: loaded 2M reads 
[12:34:43] Read2: loaded 3M reads 
[12:34:43] Read1: loaded 3M reads 
[12:34:44] Read2: loaded 4M reads 
[12:34:44] Read1: loaded 4M reads 
[12:34:45] Read2: loaded 5M reads 
[12:34:45] Read1: loaded 5M reads 
[12:34:46] Read2: loaded 6M reads 
[12:34:46] Read1: loaded 6M reads 
[12:34:47] Read2: loaded 7M reads 
[12:34:47] Read1: loaded 7M reads 
[12:34:48] Read1: loaded 8M reads 
[12:34:49] Read2: loaded 8M reads 
[12:34:50] Read1: loaded 9M reads 
[12:34:50] Read2: loaded 9M reads 
[12:34:51] Read2: loaded 10M reads 
[12:34:51] Read1: loaded 10M reads 
[12:34:52] Read2: loaded 11M reads 
[12:34:52] Read1: loaded 11M reads 
[12:34:53] Read1: loaded 12M reads 
[12:34:53] Read2: loaded 12M reads 
[12:34:54] Read1: loaded 13M reads 
[12:34:54] Read2: loaded 13M reads 
[12:34:55] Read1: loaded 14M reads 
[12:34:55] Read2: loaded 14M reads 
[12:34:57] Read1: loaded 15M reads 
[12:34:57] Read2: loaded 15M reads 
[12:34:58] Read2: loaded 16M reads 
[12:34:58] Read1: loaded 16M reads 
[12:34:59] Read1: loaded 17M reads 
[12:34:59] Read2: loaded 17M reads 
[12:35:00] Read1: loaded 18M reads 
[12:35:00] Read2: loaded 18M reads 
[12:35:01] Read1: loaded 19M reads 
[12:35:01] Read2: loaded 19M reads 
[12:35:02] Read1: loaded 20M reads 
[12:35:02] Read2: loaded 20M reads 
[12:35:03] Read1: loaded 21M reads 
[12:35:03] Read2: loaded 21M reads 
[12:35:04] Read2: loaded 22M reads 
[12:35:04] Read1: loaded 22M reads 
[12:35:06] Read1: loaded 23M reads 
[12:35:06] Read2: loaded 23M reads 
[12:35:07] Read1: loaded 24M reads 
[12:35:07] Read2: loaded 24M reads 
[12:35:08] Read1: loaded 25M reads 
[12:35:08] Read2: loaded 25M reads 
[12:35:09] Read1: loaded 26M reads 
[12:35:09] Read2: loaded 26M reads 
[12:35:10] Read2: loaded 27M reads 
[12:35:10] Read1: loaded 27M reads 
[12:35:11] Read2: loaded 28M reads 
[12:35:11] Read1: loaded 28M reads 
[12:35:12] Read2: loaded 29M reads 
[12:35:12] Read1: loaded 29M reads 
[12:35:13] Read1: loaded 30M reads 
[12:35:14] Read2: loaded 30M reads 
[12:35:15] Read1: loaded 31M reads 
[12:35:15] Read2: loaded 31M reads 
[12:35:16] Read2: loaded 32M reads 
[12:35:16] Read1: loaded 32M reads 
[12:35:17] Read2: loaded 33M reads 
[12:35:17] Read1: loaded 33M reads 
[12:35:18] Read2: loaded 34M reads 
[12:35:18] Read1: loaded 34M reads 
[12:35:19] Read1: loaded 35M reads 
[12:35:19] Read2: loaded 35M reads 
[12:35:20] Read1: loaded 36M reads 
[12:35:20] Read2: loaded 36M reads 
[12:35:21] Read1: loaded 37M reads 
[12:35:21] Read2: loaded 37M reads 
[12:35:23] Read2: loaded 38M reads 
[12:35:23] Read1: loaded 38M reads 
[12:35:24] Read1: loaded 39M reads 
[12:35:24] Read2: loaded 39M reads 
[12:35:25] Read1: loaded 40M reads 
[12:35:25] Read2: loaded 40M reads 
[12:35:26] Read1: loaded 41M reads 
[12:35:26] Read2: loaded 41M reads 
[12:35:27] Read1: loaded 42M reads 
[12:35:27] Read2: loaded 42M reads 
[12:35:28] Read1: loaded 43M reads 
[12:35:28] Read2: loaded 43M reads 
[12:35:30] Read1: loaded 44M reads 
[12:35:30] Read2: loaded 44M reads 
[12:35:31] Read1: loaded 45M reads 
[12:35:31] Read2: loaded 45M reads 
[12:35:32] Read1: loaded 46M reads 
[12:35:32] Read2: loaded 46M reads 
[12:35:33] Read1: loaded 47M reads 
[12:35:33] Read2: loaded 47M reads 
[12:35:34] Read1: loaded 48M reads 
[12:35:34] Read2: loaded 48M reads 
[12:35:35] Read1: loaded 49M reads 
[12:35:35] Read2: loaded 49M reads 
[12:35:36] Read1: loaded 50M reads 
[12:35:36] Read2: loaded 50M reads 
[12:35:38] Read1: loaded 51M reads 
[12:35:38] Read2: loaded 51M reads 
[12:35:39] Read1: loaded 52M reads 
[12:35:39] Read2: loaded 52M reads 
[12:35:40] Read1: loaded 53M reads 
[12:35:40] Read2: loaded 53M reads 
[12:35:41] Read1: loaded 54M reads 
[12:35:41] Read2: loaded 54M reads 
[12:35:42] Read1: loaded 55M reads 
[12:35:42] Read2: loaded 55M reads 
[12:35:43] Read1: loaded 56M reads 
[12:35:44] Read2: loaded 56M reads 
[12:35:45] Read1: loaded 57M reads 
[12:35:45] Read2: loaded 57M reads 
[12:35:46] Read1: loaded 58M reads 
[12:35:46] Read2: loaded 58M reads 
[12:35:47] Read1: loaded 59M reads 
[12:35:47] Read2: loaded 59M reads 
[12:35:48] Read1: loaded 60M reads 
[12:35:48] Read2: loaded 60M reads 
[12:35:49] Read1: loaded 61M reads 
[12:35:49] Read2: loaded 61M reads 
[12:35:50] Read1: loaded 62M reads 
[12:35:51] Read2: loaded 62M reads 
[12:35:52] Read2: loaded 63M reads 
[12:35:52] Read1: loaded 63M reads 
[12:35:53] Read1: loaded 64M reads 
[12:35:53] Read2: loaded 64M reads 
[12:35:54] Read1: loaded 65M reads 
[12:35:54] Read2: loaded 65M reads 
[12:35:55] Read1: loaded 66M reads 
[12:35:55] Read2: loaded 66M reads 
[12:35:56] Read1: loaded 67M reads 
[12:35:56] Read2: loaded 67M reads 
[12:35:57] Read1: loaded 68M reads 
[12:35:57] Read2: loaded 68M reads 
[12:35:59] Read1: loaded 69M reads 
[12:35:59] Read2: loaded 69M reads 
[12:36:00] Read1: loaded 70M reads 
[12:36:00] Read2: loaded 70M reads 
[12:36:01] Read1: loaded 71M reads 
[12:36:01] Read2: loaded 71M reads 
[12:36:02] Read2: loaded 72M reads 
[12:36:02] Read1: loaded 72M reads 
[12:36:03] Read1: loaded 73M reads 
[12:36:03] Read2: loaded 73M reads 
[12:36:04] Read1: loaded 74M reads 
[12:36:04] Read2: loaded 74M reads 
[12:36:05] Read1: loaded 75M reads 
[12:36:05] Read2: loaded 75M reads 
[12:36:07] Read1: loaded 76M reads 
[12:36:07] Read2: loaded 76M reads 
[12:36:08] Read1: loaded 77M reads 
[12:36:08] Read2: loaded 77M reads 
[12:36:09] Read1: loaded 78M reads 
[12:36:09] Read2: loaded 78M reads 
[12:36:10] Read1: loaded 79M reads 
[12:36:10] Read2: loaded 79M reads 
[12:36:11] Read1: loaded 80M reads 
[12:36:11] Read2: loaded 80M reads 
[12:36:12] Read1: loaded 81M reads 
[12:36:12] Read2: loaded 81M reads 
[12:36:13] Read2: loaded 82M reads 
[12:36:13] Read1: loaded 82M reads 
[12:36:15] Read2: loaded 83M reads 
[12:36:15] Read1: loaded 83M reads 
[12:36:16] Read2: loaded 84M reads 
[12:36:16] Read1: loaded 84M reads 
[12:36:17] Read2: loaded 85M reads 
[12:36:17] Read1: loaded 85M reads 
[12:36:18] Read1: loaded 86M reads 
[12:36:18] Read2: loaded 86M reads 
[12:36:19] Read2: loaded 87M reads 
[12:36:19] Read1: loaded 87M reads 
[12:36:21] Read2: loaded 88M reads 
[12:36:21] Read1: loaded 88M reads 
[12:36:22] Read1: loaded 89M reads 
[12:36:22] Read2: loaded 89M reads 
[12:36:23] Read1: loaded 90M reads 
[12:36:23] Read2: loaded 90M reads 
[12:36:24] Read1: loaded 91M reads 
[12:36:24] Read2: loaded 91M reads 
[12:36:25] Read1: loaded 92M reads 
[12:36:25] Read2: loaded 92M reads 
[12:36:26] Read2: loaded 93M reads 
[12:36:26] Read1: loaded 93M reads 
[12:36:27] Read2: loaded 94M reads 
[12:36:27] Read1: loaded 94M reads 
[12:36:28] Read1: loaded 95M reads 
[12:36:28] Read2: loaded 95M reads 
[12:36:30] Read1: loaded 96M reads 
[12:36:30] Read2: loaded 96M reads 
[12:36:31] Read1: loaded 97M reads 
[12:36:31] Read2: loaded 97M reads 
[12:36:32] Read2: loaded 98M reads 
[12:36:32] Read1: loaded 98M reads 
[12:36:33] Read2: loaded 99M reads 
[12:36:33] Read1: loaded 99M reads 
[12:36:34] Read2: loaded 100M reads 
[12:36:34] Read1: loaded 100M reads 
[12:36:35] Read1: loaded 101M reads 
[12:36:35] Read2: loaded 101M reads 
[12:36:36] Read1: loaded 102M reads 
[12:36:36] Read2: loaded 102M reads 
[12:36:38] Read1: loaded 103M reads 
[12:36:38] Read2: loaded 103M reads 
[12:36:39] Read2: loaded 104M reads 
[12:36:39] Read1: loaded 104M reads 
[12:36:40] Read1: loaded 105M reads 
[12:36:40] Read2: loaded 105M reads 
[12:36:41] Read2: loaded 106M reads 
[12:36:41] Read1: loaded 106M reads 
[12:36:42] Read1: loaded 107M reads 
[12:36:42] Read2: loaded 107M reads 
[12:36:43] Read1: loaded 108M reads 
[12:36:43] Read2: loaded 108M reads 
[12:36:45] Read1: loaded 109M reads 
[12:36:45] Read2: loaded 109M reads 
[12:36:46] Read2: loaded 110M reads 
[12:36:46] Read1: loaded 110M reads 
[12:36:47] Read2: loaded 111M reads 
[12:36:47] Read1: loaded 111M reads 
[12:36:48] Read2: loaded 112M reads 
[12:36:48] Read1: loaded 112M reads 
[12:36:49] Read1: loaded 113M reads 
[12:36:49] Read2: loaded 113M reads 
[12:36:51] Read1: loaded 114M reads 
[12:36:51] Read2: loaded 114M reads 
[12:36:52] Read2: loaded 115M reads 
[12:36:52] Read1: loaded 115M reads 
[12:36:53] Read2: loaded 116M reads 
[12:36:53] Read1: loaded 116M reads 
[12:36:54] Read2: loaded 117M reads 
[12:36:54] Read1: loaded 117M reads 
[12:36:56] Read2: loaded 118M reads 
[12:36:56] Read1: loaded 118M reads 
[12:36:57] Read1: loaded 119M reads 
[12:36:57] Read2: loaded 119M reads 
[12:36:58] Read1: loaded 120M reads 
[12:36:58] Read2: loaded 120M reads 
[12:36:59] Read2: loaded 121M reads 
[12:36:59] Read1: loaded 121M reads 
[12:37:01] Read1: loaded 122M reads 
[12:37:01] Read2: loaded 122M reads 
[12:37:02] Read2: loaded 123M reads 
[12:37:02] Read1: loaded 123M reads 
[12:37:03] Read2: loaded 124M reads 
[12:37:03] Read1: loaded 124M reads 
[12:37:04] Read2: loaded 125M reads 
[12:37:05] Read1: loaded 125M reads 
[12:37:06] Read2: loaded 126M reads 
[12:37:06] Read1: loaded 126M reads 
[12:37:07] Read1: loaded 127M reads 
[12:37:07] Read2: loaded 127M reads 
[12:37:08] Read1: loaded 128M reads 
[12:37:08] Read2: loaded 128M reads 
[12:37:10] Read1: loaded 129M reads 
[12:37:10] Read2: loaded 129M reads 
[12:37:11] Read1: loaded 130M reads 
[12:37:11] Read2: loaded 130M reads 
[12:37:12] Read1: loaded 131M reads 
[12:37:12] Read2: loaded 131M reads 
[12:37:13] Read1: loaded 132M reads 
[12:37:13] Read2: loaded 132M reads 
[12:37:15] Read1: loaded 133M reads 
[12:37:15] Read2: loaded 133M reads 
[12:37:16] Read1: loaded 134M reads 
[12:37:16] Read2: loaded 134M reads 
[12:37:17] Read1: loaded 135M reads 
[12:37:17] Read2: loaded 135M reads 
[12:37:18] Read1: loaded 136M reads 
[12:37:18] Read2: loaded 136M reads 
[12:37:20] Read1: loaded 137M reads 
[12:37:20] Read2: loaded 137M reads 
[12:37:21] Read2: loaded 138M reads 
[12:37:21] Read1: loaded 138M reads 
[12:37:22] Read1: loaded 139M reads 
[12:37:22] Read2: loaded 139M reads 
[12:37:23] Read2: loaded 140M reads 
[12:37:23] Read1: loaded 140M reads 
[12:37:24] Read2: loaded 141M reads 
[12:37:24] Read1: loaded 141M reads 
[12:37:26] Read1: loaded 142M reads 
[12:37:26] Read2: loaded 142M reads 
[12:37:27] Read1: loaded 143M reads 
[12:37:27] Read2: loaded 143M reads 
[12:37:28] Read2: loaded 144M reads 
[12:37:28] Read1: loaded 144M reads 
[12:37:29] Read1: loaded 145M reads 
[12:37:29] Read2: loaded 145M reads 
[12:37:31] Read1: loaded 146M reads 
[12:37:31] Read2: loaded 146M reads 
[12:37:32] Read2: loaded 147M reads 
[12:37:32] Read1: loaded 147M reads 
[12:37:33] Read1: loaded 148M reads 
[12:37:33] Read2: loaded 148M reads 
[12:37:34] Read1: loaded 149M reads 
[12:37:34] Read2: loaded 149M reads 
[12:37:36] Read1: loaded 150M reads 
[12:37:36] Read2: loaded 150M reads 
[12:37:37] Read1: loaded 151M reads 
[12:37:37] Read2: loaded 151M reads 
[12:37:38] Read1: loaded 152M reads 
[12:37:38] Read2: loaded 152M reads 
[12:37:39] Read1: loaded 153M reads 
[12:37:39] Read2: loaded 153M reads 
[12:37:40] Read1: loaded 154M reads 
[12:37:40] Read2: loaded 154M reads 
[12:37:42] Read1: loaded 155M reads 
[12:37:42] Read2: loaded 155M reads 
[12:37:43] Read1: loaded 156M reads 
[12:37:43] Read2: loaded 156M reads 
[12:37:44] Read1: loaded 157M reads 
[12:37:44] Read2: loaded 157M reads 
[12:37:45] Read1: loaded 158M reads 
[12:37:45] Read2: loaded 158M reads 
[12:37:47] Read1: loaded 159M reads 
[12:37:47] Read2: loaded 159M reads 
[12:37:48] Read1: loaded 160M reads 
[12:37:48] Read2: loaded 160M reads 
[12:37:49] Read2: loaded 161M reads 
[12:37:49] Read1: loaded 161M reads 
[12:37:50] Read1: loaded 162M reads 
[12:37:50] Read2: loaded 162M reads 
[12:37:52] Read2: loaded 163M reads 
[12:37:52] Read1: loaded 163M reads 
[12:37:53] Read2: loaded 164M reads 
[12:37:53] Read1: loaded 164M reads 
[12:37:54] Read2: loaded 165M reads 
[12:37:54] Read1: loaded 165M reads 
[12:37:55] Read2: loaded 166M reads 
[12:37:55] Read1: loaded 166M reads 
[12:37:57] Read2: loaded 167M reads 
[12:37:57] Read1: loaded 167M reads 
[12:37:58] Read2: loaded 168M reads 
[12:37:58] Read1: loaded 168M reads 
[12:37:59] Read2: loaded 169M reads 
[12:37:59] Read1: loaded 169M reads 
[12:38:00] Read2: loaded 170M reads 
[12:38:00] Read1: loaded 170M reads 
[12:38:02] Read2: loaded 171M reads 
[12:38:02] Read1: loaded 171M reads 
[12:38:03] Read2: loaded 172M reads 
[12:38:03] Read1: loaded 172M reads 
[12:38:04] Read2: loaded 173M reads 
[12:38:04] Read1: loaded 173M reads 
[12:38:06] Read2: loaded 174M reads 
[12:38:06] Read1: loaded 174M reads 
[12:38:07] Read2: loaded 175M reads 
[12:38:07] Read1: loaded 175M reads 
[12:38:08] Read1: loaded 176M reads 
[12:38:08] Read2: loaded 176M reads 
[12:38:09] Read2: loaded 177M reads 
[12:38:09] Read1: loaded 177M reads 
[12:38:11] Read1: loaded 178M reads 
[12:38:11] Read2: loaded 178M reads 
[12:38:12] Read2: loaded 179M reads 
[12:38:12] Read1: loaded 179M reads 
[12:38:13] Read2: loaded 180M reads 
[12:38:13] Read1: loaded 180M reads 
[12:38:15] Read1: loaded 181M reads 
[12:38:15] Read2: loaded 181M reads 
[12:38:16] Read1: loaded 182M reads 
[12:38:16] Read2: loaded 182M reads 
[12:38:17] Read2: loaded 183M reads 
[12:38:17] Read1: loaded 183M reads 
[12:38:18] Read2: loaded 184M reads 
[12:38:18] Read1: loaded 184M reads 
[12:38:20] Read1: loaded 185M reads 
[12:38:20] Read2: loaded 185M reads 
[12:38:21] Read1: loaded 186M reads 
[12:38:21] Read2: loaded 186M reads 
[12:38:22] Read1: loaded 187M reads 
[12:38:22] Read2: loaded 187M reads 
[12:38:24] Read1: loaded 188M reads 
[12:38:24] Read2: loaded 188M reads 
[12:38:25] Read1: loaded 189M reads 
[12:38:25] Read2: loaded 189M reads 
[12:38:26] Read1: loaded 190M reads 
[12:38:26] Read2: loaded 190M reads 
[12:38:28] Read1: loaded 191M reads 
[12:38:28] Read2: loaded 191M reads 
[12:38:29] Read1: loaded 192M reads 
[12:38:29] Read2: loaded 192M reads 
[12:38:30] Read1: loaded 193M reads 
[12:38:31] Read2: loaded 193M reads 
[12:38:32] Read1: loaded 194M reads 
[12:38:32] Read2: loaded 194M reads 
[12:38:33] Read1: loaded 195M reads 
[12:38:33] Read2: loaded 195M reads 
[12:38:35] Read1: loaded 196M reads 
[12:38:35] Read2: loaded 196M reads 
[12:38:36] Read1: loaded 197M reads 
[12:38:36] Read2: loaded 197M reads 
[12:38:37] Read1: loaded 198M reads 
[12:38:37] Read2: loaded 198M reads 
[12:38:39] Read1: loaded 199M reads 
[12:38:39] Read2: loaded 199M reads 
[12:38:40] Read1: loaded 200M reads 
[12:38:40] Read2: loaded 200M reads 
[12:38:41] Read1: loaded 201M reads 
[12:38:41] Read2: loaded 201M reads 
[12:38:43] Read1: loaded 202M reads 
[12:38:43] Read2: loaded 202M reads 
[12:38:44] Read1: loaded 203M reads 
[12:38:44] Read2: loaded 203M reads 
[12:38:46] Read1: loaded 204M reads 
[12:38:46] Read2: loaded 204M reads 
[12:38:47] Read1: loaded 205M reads 
[12:38:47] Read2: loaded 205M reads 
[12:38:48] Read1: loaded 206M reads 
[12:38:48] Read2: loaded 206M reads 
[12:38:50] Read1: loaded 207M reads 
[12:38:50] Read2: loaded 207M reads 
[12:38:51] Read1: loaded 208M reads 
[12:38:51] Read2: loaded 208M reads 
[12:38:53] Read1: loaded 209M reads 
[12:38:53] Read2: loaded 209M reads 
[12:38:54] Read1: loaded 210M reads 
[12:38:54] Read2: loaded 210M reads 
[12:38:56] Read1: loaded 211M reads 
[12:38:56] Read2: loaded 211M reads 
[12:38:57] Read1: loaded 212M reads 
[12:38:57] Read2: loaded 212M reads 
[12:38:58] Read1: loaded 213M reads 
[12:38:58] Read2: loaded 213M reads 
[12:39:00] Read1: loaded 214M reads 
[12:39:00] Read2: loaded 214M reads 
[12:39:01] Read1: loaded 215M reads 
[12:39:01] Read2: loaded 215M reads 
[12:39:03] Read1: loaded 216M reads 
[12:39:03] Read2: loaded 216M reads 
[12:39:04] Read1: loaded 217M reads 
[12:39:04] Read2: loaded 217M reads 
[12:39:06] Read1: loaded 218M reads 
[12:39:06] Read2: loaded 218M reads 
[12:39:07] Read1: loaded 219M reads 
[12:39:07] Read2: loaded 219M reads 
[12:39:09] Read1: loaded 220M reads 
[12:39:09] Read2: loaded 220M reads 
[12:39:10] Read1: loaded 221M reads 
[12:39:10] Read2: loaded 221M reads 
[12:39:12] Read1: loaded 222M reads 
[12:39:12] Read2: loaded 222M reads 
[12:39:13] Read1: loaded 223M reads 
[12:39:13] Read2: loaded 223M reads 
[12:39:14] Read1: loaded 224M reads 
[12:39:14] Read2: loaded 224M reads 
[12:39:16] Read1: loaded 225M reads 
[12:39:16] Read2: loaded 225M reads 
[12:39:17] Read1: loaded 226M reads 
[12:39:17] Read2: loaded 226M reads 
[12:39:19] Read1: loaded 227M reads 
[12:39:19] Read2: loaded 227M reads 
[12:39:20] Read1: loaded 228M reads 
[12:39:21] Read2: loaded 228M reads 
[12:39:22] Read1: loaded 229M reads 
[12:39:22] Read2: loaded 229M reads 
[12:39:24] Read1: loaded 230M reads 
[12:39:24] Read2: loaded 230M reads 
[12:39:25] Read1: loaded 231M reads 
[12:39:25] Read2: loaded 231M reads 
[12:39:27] Read1: loaded 232M reads 
[12:39:27] Read2: loaded 232M reads 
[12:39:28] Read1: loaded 233M reads 
[12:39:28] Read2: loaded 233M reads 
[12:39:30] Read1: loaded 234M reads 
[12:39:30] Read2: loaded 234M reads 
[12:39:31] Read1: loaded 235M reads 
[12:39:31] Read2: loaded 235M reads 
[12:39:33] Read1: loaded 236M reads 
[12:39:33] Read2: loaded 236M reads 
[12:39:34] Read1: loaded 237M reads 
[12:39:34] Read2: loaded 237M reads 
[12:39:36] Read1: loaded 238M reads 
[12:39:36] Read2: loaded 238M reads 
[12:39:37] Read1: loaded 239M reads 
[12:39:37] Read2: loaded 239M reads 
[12:39:39] Read1: loaded 240M reads 
[12:39:39] Read2: loaded 240M reads 
[12:39:40] Read1: loaded 241M reads 
[12:39:40] Read2: loaded 241M reads 
[12:39:42] Read1: loaded 242M reads 
[12:39:42] Read2: loaded 242M reads 
[12:39:44] Read1: loaded 243M reads 
[12:39:44] Read2: loaded 243M reads 
[12:39:45] Read1: loaded 244M reads 
[12:39:45] Read2: loaded 244M reads 
[12:39:47] Read1: loaded 245M reads 
[12:39:47] Read2: loaded 245M reads 
[12:39:48] Read1: loaded 246M reads 
[12:39:48] Read2: loaded 246M reads 
[12:39:50] Read1: loaded 247M reads 
[12:39:50] Read2: loaded 247M reads 
[12:39:51] Read1: loaded 248M reads 
[12:39:51] Read2: loaded 248M reads 
[12:39:53] Read1: loaded 249M reads 
[12:39:53] Read2: loaded 249M reads 
[12:39:56] Read1: loaded 250M reads 
[12:39:56] Read2: loaded 250M reads 
[12:40:00] Read1: loaded 251M reads 
[12:40:00] Read2: loaded 251M reads 
[12:40:03] Read1: loaded 252M reads 
[12:40:03] Read2: loaded 252M reads 
[12:40:06] Read1: loaded 253M reads 
[12:40:06] Read2: loaded 253M reads 
[12:40:10] Read1: loaded 254M reads 
[12:40:10] Read2: loaded 254M reads 
[12:40:13] Read1: loaded 255M reads 
[12:40:13] Read2: loaded 255M reads 
[12:40:17] Read1: loaded 256M reads 
[12:40:17] Read2: loaded 256M reads 
[12:40:20] Read1: loaded 257M reads 
[12:40:20] Read2: loaded 257M reads 
[12:40:24] Read1: loaded 258M reads 
[12:40:24] Read2: loaded 258M reads 
[12:40:27] Read1: loaded 259M reads 
[12:40:27] Read2: loaded 259M reads 
[12:40:30] Read1: loaded 260M reads 
[12:40:30] Read2: loaded 260M reads 
[12:40:34] Read1: loaded 261M reads 
[12:40:34] Read2: loaded 261M reads 
[12:40:37] Read1: loaded 262M reads 
[12:40:37] Read2: loaded 262M reads 
[12:40:40] Read1: loaded 263M reads 
[12:40:40] Read2: loaded 263M reads 
[12:40:44] Read1: loaded 264M reads 
[12:40:44] Read2: loaded 264M reads 
[12:40:47] Read1: loaded 265M reads 
[12:40:47] Read2: loaded 265M reads 
[12:40:50] Read1: loaded 266M reads 
[12:40:50] Read2: loaded 266M reads 
[12:40:54] Read1: loaded 267M reads 
[12:40:54] Read2: loaded 267M reads 
[12:40:57] Read1: loaded 268M reads 
[12:40:57] Read2: loaded 268M reads 
[12:41:00] Read1: loaded 269M reads 
[12:41:00] Read2: loaded 269M reads 
[12:41:04] Read1: loaded 270M reads 
[12:41:04] Read2: loaded 270M reads 
[12:41:07] Read1: loaded 271M reads 
[12:41:07] Read2: loaded 271M reads 
[12:41:11] Read1: loaded 272M reads 
[12:41:11] Read2: loaded 272M reads 
[12:41:14] Read1: loaded 273M reads 
[12:41:14] Read2: loaded 273M reads 
[12:41:17] Read1: loaded 274M reads 
[12:41:17] Read2: loaded 274M reads 
[12:41:21] Read1: loaded 275M reads 
[12:41:21] Read2: loaded 275M reads 
[12:41:24] Read1: loaded 276M reads 
[12:41:24] Read2: loaded 276M reads 
[12:41:28] Read1: loaded 277M reads 
[12:41:28] Read2: loaded 277M reads 
[12:41:31] Read1: loaded 278M reads 
[12:41:31] Read2: loaded 278M reads 
[12:41:35] Read1: loaded 279M reads 
[12:41:35] Read2: loaded 279M reads 
[12:41:38] Read1: loaded 280M reads 
[12:41:38] Read2: loaded 280M reads 
[12:41:41] Read1: loaded 281M reads 
[12:41:41] Read2: loaded 281M reads 
[12:41:45] Read1: loaded 282M reads 
[12:41:45] Read2: loaded 282M reads 
[12:41:48] Read1: loaded 283M reads 
[12:41:48] Read2: loaded 283M reads 
[12:41:51] Read1: loaded 284M reads 
[12:41:51] Read2: loaded 284M reads 
[12:41:55] Read1: loaded 285M reads 
[12:41:55] Read2: loaded 285M reads 
[12:41:58] Read1: loaded 286M reads 
[12:41:58] Read2: loaded 286M reads 
[12:42:02] Read1: loaded 287M reads 
[12:42:02] Read2: loaded 287M reads 
[12:42:05] Read1: loaded 288M reads 
[12:42:05] Read2: loaded 288M reads 
[12:42:08] Read1: loaded 289M reads 
[12:42:09] Read2: loaded 289M reads 
[12:42:12] Read1: loaded 290M reads 
[12:42:12] Read2: loaded 290M reads 
[12:42:15] Read1: loaded 291M reads 
[12:42:15] Read2: loaded 291M reads 
[12:42:19] Read1: loaded 292M reads 
[12:42:19] Read2: loaded 292M reads 
[12:42:22] Read1: loaded 293M reads 
[12:42:22] Read2: loaded 293M reads 
[12:42:25] Read1: loaded 294M reads 
[12:42:25] Read2: loaded 294M reads 
[12:42:29] Read1: loaded 295M reads 
[12:42:29] Read2: loaded 295M reads 
[12:42:32] Read1: loaded 296M reads 
[12:42:32] Read2: loaded 296M reads 
[12:42:36] Read1: loaded 297M reads 
[12:42:36] Read2: loaded 297M reads 
[12:42:39] Read1: loaded 298M reads 
[12:42:39] Read2: loaded 298M reads 
[12:42:42] Read1: loaded 299M reads 
[12:42:43] Read2: loaded 299M reads 
[12:42:46] Read1: loaded 300M reads 
[12:42:46] Read2: loaded 300M reads 
[12:42:49] Read1: loaded 301M reads 
[12:42:49] Read2: loaded 301M reads 
[12:42:53] Read1: loaded 302M reads 
[12:42:53] Read2: loaded 302M reads 
[12:42:56] Read1: loaded 303M reads 
[12:42:56] Read2: loaded 303M reads 
[12:43:00] Read1: loaded 304M reads 
[12:43:00] Read2: loaded 304M reads 
[12:43:03] Read1: loaded 305M reads 
[12:43:03] Read2: loaded 305M reads 
[12:43:06] Read1: loaded 306M reads 
[12:43:06] Read2: loaded 306M reads 
[12:43:10] Read1: loaded 307M reads 
[12:43:10] Read2: loaded 307M reads 
[12:43:13] Read1: loaded 308M reads 
[12:43:13] Read2: loaded 308M reads 
[12:43:17] Read1: loaded 309M reads 
[12:43:17] Read2: loaded 309M reads 
[12:43:20] Read1: loaded 310M reads 
[12:43:20] Read2: loaded 310M reads 
[12:43:23] Read1: loaded 311M reads 
[12:43:23] Read2: loaded 311M reads 
[12:43:27] Read1: loaded 312M reads 
[12:43:27] Read2: loaded 312M reads 
[12:43:30] Read1: loaded 313M reads 
[12:43:30] Read2: loaded 313M reads 
[12:43:33] Read1: loaded 314M reads 
[12:43:34] Read2: loaded 314M reads 
[12:43:37] Read1: loaded 315M reads 
[12:43:37] Read2: loaded 315M reads 
[12:43:40] Read1: loaded 316M reads 
[12:43:40] Read2: loaded 316M reads 
[12:43:44] Read1: loaded 317M reads 
[12:43:44] Read2: loaded 317M reads 
[12:43:47] Read1: loaded 318M reads 
[12:43:47] Read2: loaded 318M reads 
[12:43:50] Read1: loaded 319M reads 
[12:43:50] Read2: loaded 319M reads 
[12:43:54] Read1: loaded 320M reads 
[12:43:54] Read2: loaded 320M reads 
[12:43:57] Read1: loaded 321M reads 
[12:43:57] Read2: loaded 321M reads 
[12:44:01] Read1: loaded 322M reads 
[12:44:01] Read2: loaded 322M reads 
[12:44:04] Read1: loaded 323M reads 
[12:44:04] Read2: loaded 323M reads 
[12:44:08] Read1: loaded 324M reads 
[12:44:08] Read2: loaded 324M reads 
[12:44:11] Read1: loaded 325M reads 
[12:44:11] Read2: loaded 325M reads 
[12:44:14] Read1: loaded 326M reads 
[12:44:14] Read2: loaded 326M reads 
[12:44:18] Read1: loaded 327M reads 
[12:44:18] Read2: loaded 327M reads 
[12:44:21] Read1: loaded 328M reads 
[12:44:21] Read2: loaded 328M reads 
[12:44:24] Read1: loaded 329M reads 
[12:44:25] Read2: loaded 329M reads 
[12:44:28] Read1: loaded 330M reads 
[12:44:28] Read2: loaded 330M reads 
[12:44:32] Read1: loaded 331M reads 
[12:44:32] Read2: loaded 331M reads 
[12:44:35] Read1: loaded 332M reads 
[12:44:35] Read2: loaded 332M reads 
[12:44:39] Read1: loaded 333M reads 
[12:44:39] Read2: loaded 333M reads 
[12:44:42] Read1: loaded 334M reads 
[12:44:42] Read2: loaded 334M reads 
[12:44:46] Read1: loaded 335M reads 
[12:44:46] Read2: loaded 335M reads 
[12:44:49] Read1: loaded 336M reads 
[12:44:49] Read2: loaded 336M reads 
[12:44:52] Read1: loaded 337M reads 
[12:44:52] Read2: loaded 337M reads 
[12:44:56] Read1: loaded 338M reads 
[12:44:56] Read2: loaded 338M reads 
[12:44:59] Read1: loaded 339M reads 
[12:44:59] Read2: loaded 339M reads 
[12:45:02] Read1: loaded 340M reads 
[12:45:03] Read2: loaded 340M reads 
[12:45:06] Read1: loaded 341M reads 
[12:45:06] Read2: loaded 341M reads 
[12:45:09] Read1: loaded 342M reads 
[12:45:09] Read2: loaded 342M reads 
[12:45:13] Read1: loaded 343M reads 
[12:45:13] Read2: loaded 343M reads 
[12:45:16] Read1: loaded 344M reads 
[12:45:16] Read2: loaded 344M reads 
[12:45:19] Read1: loaded 345M reads 
[12:45:19] Read2: loaded 345M reads 
[12:45:23] Read1: loaded 346M reads 
[12:45:23] Read2: loaded 346M reads 
[12:45:26] Read1: loaded 347M reads 
[12:45:26] Read2: loaded 347M reads 
[12:45:29] Read1: loaded 348M reads 
[12:45:29] Read2: loaded 348M reads 
[12:45:33] Read1: loaded 349M reads 
[12:45:33] Read2: loaded 349M reads 
[12:45:36] Read1: loaded 350M reads 
[12:45:36] Read2: loaded 350M reads 
[12:45:39] Read1: loaded 351M reads 
[12:45:39] Read2: loaded 351M reads 
[12:45:43] Read1: loaded 352M reads 
[12:45:43] Read2: loaded 352M reads 
[12:45:46] Read1: loaded 353M reads 
[12:45:46] Read2: loaded 353M reads 
[12:45:49] Read1: loaded 354M reads 
[12:45:49] Read2: loaded 354M reads 
[12:45:53] Read1: loaded 355M reads 
[12:45:53] Read2: loaded 355M reads 
[12:45:56] Read1: loaded 356M reads 
[12:45:56] Read2: loaded 356M reads 
[12:45:59] Read1: loaded 357M reads 
[12:45:59] Read2: loaded 357M reads 
[12:46:03] Read1: loaded 358M reads 
[12:46:03] Read2: loaded 358M reads 
[12:46:06] Read1: loaded 359M reads 
[12:46:06] Read2: loaded 359M reads 
[12:46:10] Read1: loaded 360M reads 
[12:46:10] Read2: loaded 360M reads 
[12:46:13] Read1: loaded 361M reads 
[12:46:13] Read2: loaded 361M reads 
[12:46:14] Read1: loading completed with 361282 packs 
[12:46:14] thread 3 data processing completed 
[12:46:14] thread 3 finished 
[12:46:14] thread 4 data processing completed 
[12:46:14] thread 4 finished 
[12:46:14] thread 5 data processing completed 
[12:46:14] thread 5 finished 
[12:46:14] thread 6 data processing completed 
[12:46:14] thread 6 finished 
[12:46:14] thread 7 data processing completed 
[12:46:14] thread 7 finished 
[12:46:14] thread 8 data processing completed 
[12:46:14] thread 8 finished 
[12:46:14] thread 9 data processing completed 
[12:46:14] thread 9 finished 
[12:46:14] thread 10 data processing completed 
[12:46:14] thread 10 finished 
[12:46:14] thread 11 data processing completed 
[12:46:14] thread 11 finished 
[12:46:14] thread 12 data processing completed 
[12:46:14] thread 12 finished 
[12:46:14] thread 13 data processing completed 
[12:46:14] thread 13 finished 
[12:46:14] thread 14 data processing completed 
[12:46:14] thread 14 finished 
[12:46:14] thread 15 data processing completed 
[12:46:14] thread 15 finished 
[12:46:14] thread 16 data processing completed 
[12:46:14] thread 16 finished 
[12:46:14] thread 17 data processing completed 
[12:46:14] thread 17 finished 
[12:46:14] thread 18 data processing completed 
[12:46:14] thread 18 finished 
[12:46:14] thread 19 data processing completed 
[12:46:14] thread 19 finished 
[12:46:14] thread 20 data processing completed 
[12:46:14] thread 20 finished 
[12:46:14] thread 21 data processing completed 
[12:46:14] thread 21 finished 
[12:46:14] thread 22 data processing completed 
[12:46:14] thread 22 finished 
[12:46:14] thread 23 data processing completed 
[12:46:14] thread 23 finished 
[12:46:14] thread 24 data processing completed 
[12:46:14] thread 24 finished 
[12:46:14] Read2: loading completed with 361282 packs 
[12:46:14] thread 25 data processing completed 
[12:46:14] thread 25 finished 
[12:46:14] thread 26 data processing completed 
[12:46:14] thread 26 finished 
[12:46:14] thread 27 data processing completed 
[12:46:14] thread 27 finished 
[12:46:14] thread 28 data processing completed 
[12:46:14] thread 28 finished 
[12:46:14] thread 29 data processing completed 
[12:46:14] thread 29 finished 
[12:46:14] thread 30 data processing completed 
[12:46:14] thread 30 finished 
[12:46:14] thread 31 data processing completed 
[12:46:14] thread 31 finished 
[12:46:14] thread 32 data processing completed 
[12:46:14] thread 32 finished 
[12:46:14] thread 1 data processing completed 
[12:46:14] thread 1 finished 
[12:46:14] thread 2 data processing completed 
[12:46:14] thread 2 finished 
[12:46:14] start to generate reports
 
Read1 before filtering:
total reads: 361281611
total bases: 54192241650
Q20 bases: 54123398100(99.873%)
Q30 bases: 54123398100(99.873%)
Q40 bases: 0(0%)

Read2 before filtering:
total reads: 361281611
total bases: 54192241650
Q20 bases: 53855170050(99.378%)
Q30 bases: 53855170050(99.378%)
Q40 bases: 0(0%)

Read1 after filtering:
total reads: 358607374
total bases: 53574361382
Q20 bases: 53574361382(100%)
Q30 bases: 53574361382(100%)
Q40 bases: 0(0%)

Read2 after filtering:
total reads: 358607374
total bases: 53574361382
Q20 bases: 53574361382(100%)
Q30 bases: 53574361382(100%)
Q40 bases: 0(0%)

Filtering result:
reads passed filter: 717214748
reads failed due to low quality: 5328396
reads failed due to too many N: 20078
reads failed due to too short: 0
reads failed due to adapter dimer: 0
reads with adapter trimmed: 9627740
bases trimmed due to adapters: 442711160

Duplication rate: 5.60214%

Insert size peak (evaluated by paired-end reads): 269

JSON report: /dev/shm/fastp_bench_F7M0po.json
HTML report: /dev/null

/home/mpiuser/bioauto_rev/fastp_d0bromir/../fastp_opengene/fastp -w 32 -j /dev/shm/fastp_bench_F7M0po.json -h /dev/null --verbose -i /home/mpiuser/FASTQ/WGS/DRR216653_1.fastq.gz -I /home/mpiuser/FASTQ/WGS/DRR216653_2.fastq.gz -o /dev/shm/fastp_bench_qyAUyE_R1.fq.gz -O /dev/shm/fastp_bench_fT2j90_R2.fq.gz 
fastp v1.3.3, time used: 697 seconds
================================================================

================================================================
 Application  : d0bromir_cpu (/home/mpiuser/bioauto_rev/fastp_d0bromir/fastp-cpu)
 Dataset      : WGS PE 40G (DRR216653 R1+R2)
 Files        : R1=/home/mpiuser/FASTQ/WGS/DRR216653_1.fastq.gz
               R2=/home/mpiuser/FASTQ/WGS/DRR216653_2.fastq.gz
 Type         : PE
 Threads      : 32
 Wall time    : 243.208 s
 reads_in     : 722563222
 reads_out    : 717214748
 vs_opengene  : -65.1%
--- Resource usage ---
 CPU avg/peak : 3062.8% / 3709.5%
 RSS peak     : 3447 MiB
 GPU util a/p : 7.3% / 44.0%
 GPU mem peak : 0 MiB
 Sample CSV   : /home/mpiuser/bioauto_rev/fastp_d0bromir/benchmark_results/20261004_123438/resources/resource_WGS_PE_40G_d0bromir_cpu_T32_1791117981.csv
--- Profiling output ---
[12:46:21] fastp 1.3.3-d0bromir starting 
[12:46:22] [fastp 1.3.3-d0bromir] Stage: loading 
[12:46:22] start to load data of read1 
[12:46:22] start to load data of read2 
[12:46:23] Read2: loaded 1M reads 
[12:46:23] Read1: loaded 1M reads 
[12:46:23] Read2: loaded 2M reads 
[12:46:23] Read1: loaded 2M reads 
[12:46:24] Read1: loaded 3M reads 
[12:46:24] Read2: loaded 3M reads 
[12:46:25] Read1: loaded 4M reads 
[12:46:25] Read2: loaded 4M reads 
[12:46:25] Read2: loaded 5M reads 
[12:46:25] Read1: loaded 5M reads 
[12:46:26] Read1: loaded 6M reads 
[12:46:26] Read2: loaded 6M reads 
[12:46:27] Read1: loaded 7M reads 
[12:46:27] Read2: loaded 7M reads 
[12:46:27] Read1: loaded 8M reads 
[12:46:27] Read2: loaded 8M reads 
[12:46:28] Read1: loaded 9M reads 
[12:46:28] Read2: loaded 9M reads 
[12:46:29] Read1: loaded 10M reads 
[12:46:29] Read2: loaded 10M reads 
[12:46:29] Read1: loaded 11M reads 
[12:46:29] Read2: loaded 11M reads 
[12:46:30] Read2: loaded 12M reads 
[12:46:30] Read1: loaded 12M reads 
[12:46:31] Read1: loaded 13M reads 
[12:46:31] Read2: loaded 13M reads 
[12:46:31] Read1: loaded 14M reads 
[12:46:31] Read2: loaded 14M reads 
[12:46:32] Read1: loaded 15M reads 
[12:46:32] Read2: loaded 15M reads 
[12:46:33] Read1: loaded 16M reads 
[12:46:33] Read2: loaded 16M reads 
[12:46:33] Read2: loaded 17M reads 
[12:46:33] Read1: loaded 17M reads 
[12:46:34] Read2: loaded 18M reads 
[12:46:34] Read1: loaded 18M reads 
[12:46:35] Read2: loaded 19M reads 
[12:46:35] Read1: loaded 19M reads 
[12:46:35] Read2: loaded 20M reads 
[12:46:35] Read1: loaded 20M reads 
[12:46:36] Read1: loaded 21M reads 
[12:46:36] Read2: loaded 21M reads 
[12:46:37] Read2: loaded 22M reads 
[12:46:37] Read1: loaded 22M reads 
[12:46:37] Read2: loaded 23M reads 
[12:46:37] Read1: loaded 23M reads 
[12:46:38] Read1: loaded 24M reads 
[12:46:38] Read2: loaded 24M reads 
[12:46:38] Read2: loaded 25M reads 
[12:46:39] Read1: loaded 25M reads 
[12:46:39] Read2: loaded 26M reads 
[12:46:39] Read1: loaded 26M reads 
[12:46:40] Read2: loaded 27M reads 
[12:46:40] Read1: loaded 27M reads 
[12:46:40] Read2: loaded 28M reads 
[12:46:40] Read1: loaded 28M reads 
[12:46:41] Read2: loaded 29M reads 
[12:46:41] Read1: loaded 29M reads 
[12:46:42] Read1: loaded 30M reads 
[12:46:42] Read2: loaded 30M reads 
[12:46:42] Read1: loaded 31M reads 
[12:46:43] Read2: loaded 31M reads 
[12:46:43] Read1: loaded 32M reads 
[12:46:43] Read2: loaded 32M reads 
[12:46:44] Read1: loaded 33M reads 
[12:46:44] Read2: loaded 33M reads 
[12:46:44] Read1: loaded 34M reads 
[12:46:45] Read2: loaded 34M reads 
[12:46:45] Read2: loaded 35M reads 
[12:46:45] Read1: loaded 35M reads 
[12:46:46] Read2: loaded 36M reads 
[12:46:46] Read1: loaded 36M reads 
[12:46:46] Read2: loaded 37M reads 
[12:46:47] Read1: loaded 37M reads 
[12:46:47] Read2: loaded 38M reads 
[12:46:47] Read1: loaded 38M reads 
[12:46:48] Read2: loaded 39M reads 
[12:46:48] Read1: loaded 39M reads 
[12:46:48] Read2: loaded 40M reads 
[12:46:49] Read1: loaded 40M reads 
[12:46:49] Read2: loaded 41M reads 
[12:46:49] Read1: loaded 41M reads 
[12:46:50] Read2: loaded 42M reads 
[12:46:50] Read1: loaded 42M reads 
[12:46:50] Read2: loaded 43M reads 
[12:46:51] Read1: loaded 43M reads 
[12:46:51] Read2: loaded 44M reads 
[12:46:51] Read1: loaded 44M reads 
[12:46:52] Read2: loaded 45M reads 
[12:46:52] Read1: loaded 45M reads 
[12:46:52] Read2: loaded 46M reads 
[12:46:52] Read1: loaded 46M reads 
[12:46:53] Read2: loaded 47M reads 
[12:46:53] Read1: loaded 47M reads 
[12:46:54] Read2: loaded 48M reads 
[12:46:54] Read1: loaded 48M reads 
[12:46:54] Read2: loaded 49M reads 
[12:46:54] Read1: loaded 49M reads 
[12:46:55] Read2: loaded 50M reads 
[12:46:55] Read1: loaded 50M reads 
[12:46:56] Read2: loaded 51M reads 
[12:46:56] Read1: loaded 51M reads 
[12:46:56] Read2: loaded 52M reads 
[12:46:56] Read1: loaded 52M reads 
[12:46:57] Read2: loaded 53M reads 
[12:46:57] Read1: loaded 53M reads 
[12:46:58] Read2: loaded 54M reads 
[12:46:58] Read1: loaded 54M reads 
[12:46:58] Read2: loaded 55M reads 
[12:46:58] Read1: loaded 55M reads 
[12:46:59] Read2: loaded 56M reads 
[12:46:59] Read1: loaded 56M reads 
[12:46:59] Read2: loaded 57M reads 
[12:47:00] Read1: loaded 57M reads 
[12:47:00] Read2: loaded 58M reads 
[12:47:00] Read1: loaded 58M reads 
[12:47:01] Read2: loaded 59M reads 
[12:47:01] Read1: loaded 59M reads 
[12:47:01] Read2: loaded 60M reads 
[12:47:02] Read1: loaded 60M reads 
[12:47:02] Read2: loaded 61M reads 
[12:47:02] Read1: loaded 61M reads 
[12:47:03] Read2: loaded 62M reads 
[12:47:03] Read1: loaded 62M reads 
[12:47:03] Read2: loaded 63M reads 
[12:47:03] Read1: loaded 63M reads 
[12:47:04] Read2: loaded 64M reads 
[12:47:04] Read1: loaded 64M reads 
[12:47:05] Read2: loaded 65M reads 
[12:47:05] Read1: loaded 65M reads 
[12:47:05] Read2: loaded 66M reads 
[12:47:05] Read1: loaded 66M reads 
[12:47:06] Read2: loaded 67M reads 
[12:47:06] Read1: loaded 67M reads 
[12:47:07] Read2: loaded 68M reads 
[12:47:07] Read1: loaded 68M reads 
[12:47:07] Read2: loaded 69M reads 
[12:47:07] Read1: loaded 69M reads 
[12:47:08] Read2: loaded 70M reads 
[12:47:08] Read1: loaded 70M reads 
[12:47:09] Read2: loaded 71M reads 
[12:47:09] Read1: loaded 71M reads 
[12:47:09] Read2: loaded 72M reads 
[12:47:09] Read1: loaded 72M reads 
[12:47:10] Read2: loaded 73M reads 
[12:47:10] Read1: loaded 73M reads 
[12:47:11] Read2: loaded 74M reads 
[12:47:11] Read1: loaded 74M reads 
[12:47:11] Read2: loaded 75M reads 
[12:47:11] Read1: loaded 75M reads 
[12:47:12] Read2: loaded 76M reads 
[12:47:12] Read1: loaded 76M reads 
[12:47:13] Read2: loaded 77M reads 
[12:47:13] Read1: loaded 77M reads 
[12:47:13] Read2: loaded 78M reads 
[12:47:13] Read1: loaded 78M reads 
[12:47:14] Read2: loaded 79M reads 
[12:47:14] Read1: loaded 79M reads 
[12:47:14] Read2: loaded 80M reads 
[12:47:15] Read1: loaded 80M reads 
[12:47:15] Read2: loaded 81M reads 
[12:47:15] Read1: loaded 81M reads 
[12:47:16] Read2: loaded 82M reads 
[12:47:16] Read1: loaded 82M reads 
[12:47:16] Read2: loaded 83M reads 
[12:47:17] Read1: loaded 83M reads 
[12:47:17] Read2: loaded 84M reads 
[12:47:17] Read1: loaded 84M reads 
[12:47:18] Read2: loaded 85M reads 
[12:47:18] Read1: loaded 85M reads 
[12:47:18] Read2: loaded 86M reads 
[12:47:19] Read1: loaded 86M reads 
[12:47:19] Read2: loaded 87M reads 
[12:47:19] Read1: loaded 87M reads 
[12:47:20] Read2: loaded 88M reads 
[12:47:20] Read1: loaded 88M reads 
[12:47:20] Read2: loaded 89M reads 
[12:47:21] Read1: loaded 89M reads 
[12:47:21] Read2: loaded 90M reads 
[12:47:21] Read1: loaded 90M reads 
[12:47:22] Read2: loaded 91M reads 
[12:47:22] Read1: loaded 91M reads 
[12:47:22] Read2: loaded 92M reads 
[12:47:23] Read1: loaded 92M reads 
[12:47:23] Read2: loaded 93M reads 
[12:47:23] Read1: loaded 93M reads 
[12:47:24] Read2: loaded 94M reads 
[12:47:24] Read1: loaded 94M reads 
[12:47:24] Read2: loaded 95M reads 
[12:47:25] Read1: loaded 95M reads 
[12:47:25] Read2: loaded 96M reads 
[12:47:26] Read1: loaded 96M reads 
[12:47:26] Read2: loaded 97M reads 
[12:47:26] Read1: loaded 97M reads 
[12:47:27] Read2: loaded 98M reads 
[12:47:27] Read1: loaded 98M reads 
[12:47:27] Read2: loaded 99M reads 
[12:47:28] Read1: loaded 99M reads 
[12:47:28] Read2: loaded 100M reads 
[12:47:28] Read1: loaded 100M reads 
[12:47:29] Read2: loaded 101M reads 
[12:47:29] Read1: loaded 101M reads 
[12:47:29] Read2: loaded 102M reads 
[12:47:30] Read1: loaded 102M reads 
[12:47:30] Read2: loaded 103M reads 
[12:47:30] Read1: loaded 103M reads 
[12:47:31] Read2: loaded 104M reads 
[12:47:31] Read1: loaded 104M reads 
[12:47:31] Read2: loaded 105M reads 
[12:47:32] Read1: loaded 105M reads 
[12:47:32] Read2: loaded 106M reads 
[12:47:32] Read1: loaded 106M reads 
[12:47:32] Read2: loaded 107M reads 
[12:47:33] Read1: loaded 107M reads 
[12:47:33] Read2: loaded 108M reads 
[12:47:34] Read1: loaded 108M reads 
[12:47:34] Read2: loaded 109M reads 
[12:47:34] Read1: loaded 109M reads 
[12:47:34] Read2: loaded 110M reads 
[12:47:35] Read1: loaded 110M reads 
[12:47:35] Read2: loaded 111M reads 
[12:47:36] Read1: loaded 111M reads 
[12:47:36] Read2: loaded 112M reads 
[12:47:36] Read1: loaded 112M reads 
[12:47:36] Read2: loaded 113M reads 
[12:47:37] Read1: loaded 113M reads 
[12:47:37] Read2: loaded 114M reads 
[12:47:37] Read1: loaded 114M reads 
[12:47:38] Read2: loaded 115M reads 
[12:47:38] Read1: loaded 115M reads 
[12:47:38] Read2: loaded 116M reads 
[12:47:39] Read1: loaded 116M reads 
[12:47:39] Read2: loaded 117M reads 
[12:47:39] Read1: loaded 117M reads 
[12:47:40] Read2: loaded 118M reads 
[12:47:40] Read1: loaded 118M reads 
[12:47:40] Read2: loaded 119M reads 
[12:47:41] Read1: loaded 119M reads 
[12:47:41] Read2: loaded 120M reads 
[12:47:41] Read1: loaded 120M reads 
[12:47:42] Read2: loaded 121M reads 
[12:47:42] Read1: loaded 121M reads 
[12:47:42] Read2: loaded 122M reads 
[12:47:43] Read1: loaded 122M reads 
[12:47:43] Read2: loaded 123M reads 
[12:47:43] Read1: loaded 123M reads 
[12:47:44] Read2: loaded 124M reads 
[12:47:44] Read1: loaded 124M reads 
[12:47:44] Read2: loaded 125M reads 
[12:47:45] Read1: loaded 125M reads 
[12:47:45] Read2: loaded 126M reads 
[12:47:45] Read1: loaded 126M reads 
[12:47:46] Read2: loaded 127M reads 
[12:47:46] Read1: loaded 127M reads 
[12:47:46] Read2: loaded 128M reads 
[12:47:47] Read1: loaded 128M reads 
[12:47:47] Read2: loaded 129M reads 
[12:47:47] Read1: loaded 129M reads 
[12:47:47] Read2: loaded 130M reads 
[12:47:48] Read1: loaded 130M reads 
[12:47:48] Read2: loaded 131M reads 
[12:47:49] Read1: loaded 131M reads 
[12:47:49] Read2: loaded 132M reads 
[12:47:49] Read1: loaded 132M reads 
[12:47:49] Read2: loaded 133M reads 
[12:47:50] Read1: loaded 133M reads 
[12:47:50] Read2: loaded 134M reads 
[12:47:51] Read1: loaded 134M reads 
[12:47:51] Read2: loaded 135M reads 
[12:47:51] Read1: loaded 135M reads 
[12:47:51] Read2: loaded 136M reads 
[12:47:52] Read1: loaded 136M reads 
[12:47:52] Read2: loaded 137M reads 
[12:47:53] Read1: loaded 137M reads 
[12:47:53] Read2: loaded 138M reads 
[12:47:53] Read1: loaded 138M reads 
[12:47:53] Read2: loaded 139M reads 
[12:47:54] Read1: loaded 139M reads 
[12:47:54] Read2: loaded 140M reads 
[12:47:54] Read1: loaded 140M reads 
[12:47:55] Read2: loaded 141M reads 
[12:47:55] Read1: loaded 141M reads 
[12:47:55] Read2: loaded 142M reads 
[12:47:56] Read1: loaded 142M reads 
[12:47:56] Read2: loaded 143M reads 
[12:47:56] Read1: loaded 143M reads 
[12:47:57] Read2: loaded 144M reads 
[12:47:57] Read1: loaded 144M reads 
[12:47:57] Read2: loaded 145M reads 
[12:47:58] Read1: loaded 145M reads 
[12:47:58] Read2: loaded 146M reads 
[12:47:58] Read1: loaded 146M reads 
[12:47:59] Read2: loaded 147M reads 
[12:47:59] Read1: loaded 147M reads 
[12:47:59] Read2: loaded 148M reads 
[12:48:00] Read1: loaded 148M reads 
[12:48:00] Read2: loaded 149M reads 
[12:48:00] Read1: loaded 149M reads 
[12:48:01] Read2: loaded 150M reads 
[12:48:01] Read1: loaded 150M reads 
[12:48:01] Read2: loaded 151M reads 
[12:48:02] Read1: loaded 151M reads 
[12:48:02] Read2: loaded 152M reads 
[12:48:02] Read1: loaded 152M reads 
[12:48:03] Read2: loaded 153M reads 
[12:48:03] Read1: loaded 153M reads 
[12:48:03] Read2: loaded 154M reads 
[12:48:04] Read1: loaded 154M reads 
[12:48:04] Read2: loaded 155M reads 
[12:48:04] Read1: loaded 155M reads 
[12:48:04] Read2: loaded 156M reads 
[12:48:05] Read1: loaded 156M reads 
[12:48:05] Read2: loaded 157M reads 
[12:48:06] Read1: loaded 157M reads 
[12:48:06] Read2: loaded 158M reads 
[12:48:06] Read1: loaded 158M reads 
[12:48:06] Read2: loaded 159M reads 
[12:48:07] Read1: loaded 159M reads 
[12:48:07] Read2: loaded 160M reads 
[12:48:08] Read1: loaded 160M reads 
[12:48:08] Read2: loaded 161M reads 
[12:48:08] Read1: loaded 161M reads 
[12:48:08] Read2: loaded 162M reads 
[12:48:09] Read1: loaded 162M reads 
[12:48:09] Read2: loaded 163M reads 
[12:48:10] Read1: loaded 163M reads 
[12:48:10] Read2: loaded 164M reads 
[12:48:10] Read1: loaded 164M reads 
[12:48:10] Read2: loaded 165M reads 
[12:48:11] Read1: loaded 165M reads 
[12:48:11] Read2: loaded 166M reads 
[12:48:11] Read1: loaded 166M reads 
[12:48:12] Read2: loaded 167M reads 
[12:48:12] Read1: loaded 167M reads 
[12:48:12] Read2: loaded 168M reads 
[12:48:13] Read1: loaded 168M reads 
[12:48:13] Read2: loaded 169M reads 
[12:48:13] Read1: loaded 169M reads 
[12:48:14] Read2: loaded 170M reads 
[12:48:14] Read1: loaded 170M reads 
[12:48:14] Read2: loaded 171M reads 
[12:48:15] Read1: loaded 171M reads 
[12:48:15] Read2: loaded 172M reads 
[12:48:15] Read1: loaded 172M reads 
[12:48:16] Read2: loaded 173M reads 
[12:48:16] Read1: loaded 173M reads 
[12:48:16] Read2: loaded 174M reads 
[12:48:17] Read1: loaded 174M reads 
[12:48:17] Read2: loaded 175M reads 
[12:48:17] Read1: loaded 175M reads 
[12:48:18] Read2: loaded 176M reads 
[12:48:18] Read1: loaded 176M reads 
[12:48:18] Read2: loaded 177M reads 
[12:48:19] Read1: loaded 177M reads 
[12:48:19] Read2: loaded 178M reads 
[12:48:19] Read1: loaded 178M reads 
[12:48:20] Read2: loaded 179M reads 
[12:48:20] Read1: loaded 179M reads 
[12:48:20] Read2: loaded 180M reads 
[12:48:21] Read1: loaded 180M reads 
[12:48:21] Read2: loaded 181M reads 
[12:48:21] Read1: loaded 181M reads 
[12:48:21] Read2: loaded 182M reads 
[12:48:22] Read1: loaded 182M reads 
[12:48:22] Read2: loaded 183M reads 
[12:48:23] Read1: loaded 183M reads 
[12:48:23] Read2: loaded 184M reads 
[12:48:23] Read1: loaded 184M reads 
[12:48:23] Read2: loaded 185M reads 
[12:48:24] Read1: loaded 185M reads 
[12:48:24] Read2: loaded 186M reads 
[12:48:25] Read1: loaded 186M reads 
[12:48:25] Read2: loaded 187M reads 
[12:48:25] Read1: loaded 187M reads 
[12:48:25] Read2: loaded 188M reads 
[12:48:26] Read1: loaded 188M reads 
[12:48:26] Read2: loaded 189M reads 
[12:48:27] Read1: loaded 189M reads 
[12:48:27] Read2: loaded 190M reads 
[12:48:27] Read1: loaded 190M reads 
[12:48:27] Read2: loaded 191M reads 
[12:48:28] Read1: loaded 191M reads 
[12:48:28] Read2: loaded 192M reads 
[12:48:29] Read1: loaded 192M reads 
[12:48:29] Read2: loaded 193M reads 
[12:48:29] Read1: loaded 193M reads 
[12:48:29] Read2: loaded 194M reads 
[12:48:30] Read1: loaded 194M reads 
[12:48:30] Read2: loaded 195M reads 
[12:48:30] Read1: loaded 195M reads 
[12:48:31] Read2: loaded 196M reads 
[12:48:31] Read1: loaded 196M reads 
[12:48:31] Read2: loaded 197M reads 
[12:48:32] Read1: loaded 197M reads 
[12:48:32] Read2: loaded 198M reads 
[12:48:32] Read1: loaded 198M reads 
[12:48:33] Read2: loaded 199M reads 
[12:48:33] Read1: loaded 199M reads 
[12:48:33] Read2: loaded 200M reads 
[12:48:34] Read1: loaded 200M reads 
[12:48:34] Read2: loaded 201M reads 
[12:48:34] Read1: loaded 201M reads 
[12:48:35] Read2: loaded 202M reads 
[12:48:35] Read1: loaded 202M reads 
[12:48:35] Read2: loaded 203M reads 
[12:48:36] Read1: loaded 203M reads 
[12:48:36] Read2: loaded 204M reads 
[12:48:36] Read1: loaded 204M reads 
[12:48:37] Read2: loaded 205M reads 
[12:48:37] Read1: loaded 205M reads 
[12:48:37] Read2: loaded 206M reads 
[12:48:38] Read1: loaded 206M reads 
[12:48:38] Read2: loaded 207M reads 
[12:48:38] Read1: loaded 207M reads 
[12:48:39] Read2: loaded 208M reads 
[12:48:39] Read1: loaded 208M reads 
[12:48:39] Read2: loaded 209M reads 
[12:48:40] Read1: loaded 209M reads 
[12:48:40] Read2: loaded 210M reads 
[12:48:40] Read1: loaded 210M reads 
[12:48:40] Read2: loaded 211M reads 
[12:48:41] Read1: loaded 211M reads 
[12:48:41] Read2: loaded 212M reads 
[12:48:42] Read1: loaded 212M reads 
[12:48:42] Read2: loaded 213M reads 
[12:48:42] Read1: loaded 213M reads 
[12:48:42] Read2: loaded 214M reads 
[12:48:43] Read1: loaded 214M reads 
[12:48:43] Read2: loaded 215M reads 
[12:48:44] Read1: loaded 215M reads 
[12:48:44] Read2: loaded 216M reads 
[12:48:44] Read1: loaded 216M reads 
[12:48:44] Read2: loaded 217M reads 
[12:48:45] Read1: loaded 217M reads 
[12:48:45] Read2: loaded 218M reads 
[12:48:46] Read1: loaded 218M reads 
[12:48:46] Read2: loaded 219M reads 
[12:48:46] Read1: loaded 219M reads 
[12:48:46] Read2: loaded 220M reads 
[12:48:47] Read1: loaded 220M reads 
[12:48:47] Read2: loaded 221M reads 
[12:48:48] Read1: loaded 221M reads 
[12:48:48] Read2: loaded 222M reads 
[12:48:48] Read1: loaded 222M reads 
[12:48:48] Read2: loaded 223M reads 
[12:48:49] Read1: loaded 223M reads 
[12:48:49] Read2: loaded 224M reads 
[12:48:50] Read1: loaded 224M reads 
[12:48:50] Read2: loaded 225M reads 
[12:48:50] Read1: loaded 225M reads 
[12:48:50] Read2: loaded 226M reads 
[12:48:51] Read1: loaded 226M reads 
[12:48:51] Read2: loaded 227M reads 
[12:48:52] Read1: loaded 227M reads 
[12:48:52] Read2: loaded 228M reads 
[12:48:52] Read1: loaded 228M reads 
[12:48:52] Read2: loaded 229M reads 
[12:48:53] Read1: loaded 229M reads 
[12:48:53] Read2: loaded 230M reads 
[12:48:54] Read1: loaded 230M reads 
[12:48:54] Read2: loaded 231M reads 
[12:48:54] Read1: loaded 231M reads 
[12:48:54] Read2: loaded 232M reads 
[12:48:55] Read1: loaded 232M reads 
[12:48:55] Read2: loaded 233M reads 
[12:48:56] Read1: loaded 233M reads 
[12:48:56] Read2: loaded 234M reads 
[12:48:56] Read1: loaded 234M reads 
[12:48:56] Read2: loaded 235M reads 
[12:48:57] Read1: loaded 235M reads 
[12:48:57] Read2: loaded 236M reads 
[12:48:58] Read1: loaded 236M reads 
[12:48:58] Read2: loaded 237M reads 
[12:48:58] Read1: loaded 237M reads 
[12:48:58] Read2: loaded 238M reads 
[12:48:59] Read1: loaded 238M reads 
[12:48:59] Read2: loaded 239M reads 
[12:49:00] Read1: loaded 239M reads 
[12:49:00] Read2: loaded 240M reads 
[12:49:00] Read1: loaded 240M reads 
[12:49:00] Read2: loaded 241M reads 
[12:49:01] Read1: loaded 241M reads 
[12:49:01] Read2: loaded 242M reads 
[12:49:02] Read1: loaded 242M reads 
[12:49:02] Read2: loaded 243M reads 
[12:49:02] Read1: loaded 243M reads 
[12:49:02] Read2: loaded 244M reads 
[12:49:03] Read1: loaded 244M reads 
[12:49:03] Read2: loaded 245M reads 
[12:49:04] Read1: loaded 245M reads 
[12:49:04] Read2: loaded 246M reads 
[12:49:04] Read1: loaded 246M reads 
[12:49:04] Read2: loaded 247M reads 
[12:49:05] Read1: loaded 247M reads 
[12:49:05] Read2: loaded 248M reads 
[12:49:05] Read1: loaded 248M reads 
[12:49:06] Read2: loaded 249M reads 
[12:49:06] Read1: loaded 249M reads 
[12:49:06] Read2: loaded 250M reads 
[12:49:07] Read1: loaded 250M reads 
[12:49:07] Read2: loaded 251M reads 
[12:49:07] Read1: loaded 251M reads 
[12:49:08] Read2: loaded 252M reads 
[12:49:08] Read1: loaded 252M reads 
[12:49:08] Read2: loaded 253M reads 
[12:49:09] Read1: loaded 253M reads 
[12:49:09] Read2: loaded 254M reads 
[12:49:09] Read1: loaded 254M reads 
[12:49:10] Read2: loaded 255M reads 
[12:49:10] Read1: loaded 255M reads 
[12:49:10] Read2: loaded 256M reads 
[12:49:11] Read1: loaded 256M reads 
[12:49:11] Read2: loaded 257M reads 
[12:49:11] Read1: loaded 257M reads 
[12:49:11] Read2: loaded 258M reads 
[12:49:12] Read1: loaded 258M reads 
[12:49:12] Read2: loaded 259M reads 
[12:49:13] Read1: loaded 259M reads 
[12:49:13] Read2: loaded 260M reads 
[12:49:13] Read1: loaded 260M reads 
[12:49:13] Read2: loaded 261M reads 
[12:49:14] Read1: loaded 261M reads 
[12:49:14] Read2: loaded 262M reads 
[12:49:15] Read1: loaded 262M reads 
[12:49:15] Read2: loaded 263M reads 
[12:49:15] Read1: loaded 263M reads 
[12:49:15] Read2: loaded 264M reads 
[12:49:16] Read1: loaded 264M reads 
[12:49:16] Read2: loaded 265M reads 
[12:49:17] Read1: loaded 265M reads 
[12:49:17] Read2: loaded 266M reads 
[12:49:17] Read1: loaded 266M reads 
[12:49:17] Read2: loaded 267M reads 
[12:49:18] Read1: loaded 267M reads 
[12:49:18] Read2: loaded 268M reads 
[12:49:19] Read1: loaded 268M reads 
[12:49:19] Read2: loaded 269M reads 
[12:49:19] Read1: loaded 269M reads 
[12:49:19] Read2: loaded 270M reads 
[12:49:20] Read1: loaded 270M reads 
[12:49:20] Read2: loaded 271M reads 
[12:49:21] Read1: loaded 271M reads 
[12:49:21] Read2: loaded 272M reads 
[12:49:21] Read1: loaded 272M reads 
[12:49:21] Read2: loaded 273M reads 
[12:49:22] Read1: loaded 273M reads 
[12:49:22] Read2: loaded 274M reads 
[12:49:23] Read1: loaded 274M reads 
[12:49:23] Read2: loaded 275M reads 
[12:49:23] Read1: loaded 275M reads 
[12:49:23] Read2: loaded 276M reads 
[12:49:24] Read1: loaded 276M reads 
[12:49:24] Read2: loaded 277M reads 
[12:49:25] Read1: loaded 277M reads 
[12:49:25] Read2: loaded 278M reads 
[12:49:25] Read1: loaded 278M reads 
[12:49:25] Read2: loaded 279M reads 
[12:49:26] Read1: loaded 279M reads 
[12:49:26] Read2: loaded 280M reads 
[12:49:27] Read1: loaded 280M reads 
[12:49:27] Read2: loaded 281M reads 
[12:49:27] Read1: loaded 281M reads 
[12:49:27] Read2: loaded 282M reads 
[12:49:28] Read1: loaded 282M reads 
[12:49:28] Read2: loaded 283M reads 
[12:49:29] Read1: loaded 283M reads 
[12:49:29] Read2: loaded 284M reads 
[12:49:29] Read1: loaded 284M reads 
[12:49:29] Read2: loaded 285M reads 
[12:49:30] Read1: loaded 285M reads 
[12:49:30] Read2: loaded 286M reads 
[12:49:31] Read1: loaded 286M reads 
[12:49:31] Read2: loaded 287M reads 
[12:49:31] Read1: loaded 287M reads 
[12:49:31] Read2: loaded 288M reads 
[12:49:32] Read1: loaded 288M reads 
[12:49:32] Read2: loaded 289M reads 
[12:49:33] Read1: loaded 289M reads 
[12:49:33] Read2: loaded 290M reads 
[12:49:33] Read1: loaded 290M reads 
[12:49:33] Read2: loaded 291M reads 
[12:49:34] Read1: loaded 291M reads 
[12:49:34] Read2: loaded 292M reads 
[12:49:35] Read1: loaded 292M reads 
[12:49:35] Read2: loaded 293M reads 
[12:49:35] Read1: loaded 293M reads 
[12:49:35] Read2: loaded 294M reads 
[12:49:36] Read1: loaded 294M reads 
[12:49:36] Read2: loaded 295M reads 
[12:49:37] Read1: loaded 295M reads 
[12:49:37] Read2: loaded 296M reads 
[12:49:37] Read1: loaded 296M reads 
[12:49:37] Read2: loaded 297M reads 
[12:49:38] Read1: loaded 297M reads 
[12:49:38] Read2: loaded 298M reads 
[12:49:39] Read1: loaded 298M reads 
[12:49:39] Read2: loaded 299M reads 
[12:49:39] Read1: loaded 299M reads 
[12:49:39] Read2: loaded 300M reads 
[12:49:40] Read1: loaded 300M reads 
[12:49:40] Read2: loaded 301M reads 
[12:49:41] Read1: loaded 301M reads 
[12:49:41] Read2: loaded 302M reads 
[12:49:41] Read1: loaded 302M reads 
[12:49:41] Read2: loaded 303M reads 
[12:49:42] Read1: loaded 303M reads 
[12:49:42] Read2: loaded 304M reads 
[12:49:43] Read1: loaded 304M reads 
[12:49:43] Read2: loaded 305M reads 
[12:49:43] Read1: loaded 305M reads 
[12:49:43] Read2: loaded 306M reads 
[12:49:44] Read1: loaded 306M reads 
[12:49:44] Read2: loaded 307M reads 
[12:49:45] Read1: loaded 307M reads 
[12:49:45] Read2: loaded 308M reads 
[12:49:45] Read1: loaded 308M reads 
[12:49:45] Read2: loaded 309M reads 
[12:49:46] Read1: loaded 309M reads 
[12:49:46] Read2: loaded 310M reads 
[12:49:47] Read1: loaded 310M reads 
[12:49:47] Read2: loaded 311M reads 
[12:49:47] Read1: loaded 311M reads 
[12:49:47] Read2: loaded 312M reads 
[12:49:48] Read1: loaded 312M reads 
[12:49:48] Read2: loaded 313M reads 
[12:49:49] Read1: loaded 313M reads 
[12:49:49] Read2: loaded 314M reads 
[12:49:49] Read1: loaded 314M reads 
[12:49:49] Read2: loaded 315M reads 
[12:49:50] Read1: loaded 315M reads 
[12:49:50] Read2: loaded 316M reads 
[12:49:51] Read1: loaded 316M reads 
[12:49:51] Read2: loaded 317M reads 
[12:49:51] Read1: loaded 317M reads 
[12:49:51] Read2: loaded 318M reads 
[12:49:52] Read1: loaded 318M reads 
[12:49:52] Read2: loaded 319M reads 
[12:49:53] Read1: loaded 319M reads 
[12:49:53] Read2: loaded 320M reads 
[12:49:53] Read1: loaded 320M reads 
[12:49:53] Read2: loaded 321M reads 
[12:49:54] Read1: loaded 321M reads 
[12:49:54] Read2: loaded 322M reads 
[12:49:54] Read1: loaded 322M reads 
[12:49:55] Read2: loaded 323M reads 
[12:49:55] Read1: loaded 323M reads 
[12:49:55] Read2: loaded 324M reads 
[12:49:56] Read1: loaded 324M reads 
[12:49:56] Read2: loaded 325M reads 
[12:49:56] Read1: loaded 325M reads 
[12:49:57] Read2: loaded 326M reads 
[12:49:57] Read1: loaded 326M reads 
[12:49:57] Read2: loaded 327M reads 
[12:49:58] Read1: loaded 327M reads 
[12:49:58] Read2: loaded 328M reads 
[12:49:58] Read1: loaded 328M reads 
[12:49:59] Read2: loaded 329M reads 
[12:49:59] Read1: loaded 329M reads 
[12:49:59] Read2: loaded 330M reads 
[12:50:00] Read1: loaded 330M reads 
[12:50:00] Read2: loaded 331M reads 
[12:50:00] Read1: loaded 331M reads 
[12:50:01] Read2: loaded 332M reads 
[12:50:01] Read1: loaded 332M reads 
[12:50:01] Read2: loaded 333M reads 
[12:50:02] Read1: loaded 333M reads 
[12:50:02] Read2: loaded 334M reads 
[12:50:02] Read1: loaded 334M reads 
[12:50:03] Read2: loaded 335M reads 
[12:50:03] Read1: loaded 335M reads 
[12:50:03] Read2: loaded 336M reads 
[12:50:04] Read1: loaded 336M reads 
[12:50:04] Read2: loaded 337M reads 
[12:50:04] Read1: loaded 337M reads 
[12:50:05] Read2: loaded 338M reads 
[12:50:05] Read1: loaded 338M reads 
[12:50:05] Read2: loaded 339M reads 
[12:50:06] Read1: loaded 339M reads 
[12:50:06] Read2: loaded 340M reads 
[12:50:06] Read1: loaded 340M reads 
[12:50:07] Read2: loaded 341M reads 
[12:50:07] Read1: loaded 341M reads 
[12:50:07] Read2: loaded 342M reads 
[12:50:08] Read1: loaded 342M reads 
[12:50:08] Read2: loaded 343M reads 
[12:50:08] Read1: loaded 343M reads 
[12:50:09] Read2: loaded 344M reads 
[12:50:09] Read1: loaded 344M reads 
[12:50:09] Read2: loaded 345M reads 
[12:50:10] Read1: loaded 345M reads 
[12:50:10] Read2: loaded 346M reads 
[12:50:10] Read1: loaded 346M reads 
[12:50:11] Read2: loaded 347M reads 
[12:50:11] Read1: loaded 347M reads 
[12:50:11] Read2: loaded 348M reads 
[12:50:12] Read1: loaded 348M reads 
[12:50:12] Read2: loaded 349M reads 
[12:50:12] Read1: loaded 349M reads 
[12:50:13] Read2: loaded 350M reads 
[12:50:13] Read1: loaded 350M reads 
[12:50:13] Read2: loaded 351M reads 
[12:50:14] Read1: loaded 351M reads 
[12:50:14] Read2: loaded 352M reads 
[12:50:14] Read1: loaded 352M reads 
[12:50:15] Read2: loaded 353M reads 
[12:50:15] Read1: loaded 353M reads 
[12:50:15] Read2: loaded 354M reads 
[12:50:16] Read1: loaded 354M reads 
[12:50:16] Read2: loaded 355M reads 
[12:50:16] Read1: loaded 355M reads 
[12:50:17] Read2: loaded 356M reads 
[12:50:17] Read1: loaded 356M reads 
[12:50:17] Read2: loaded 357M reads 
[12:50:18] Read1: loaded 357M reads 
[12:50:18] Read2: loaded 358M reads 
[12:50:18] Read1: loaded 358M reads 
[12:50:19] Read2: loaded 359M reads 
[12:50:19] Read1: loaded 359M reads 
[12:50:19] Read2: loaded 360M reads 
[12:50:20] Read1: loaded 360M reads 
[12:50:20] Read2: loaded 361M reads 
[12:50:20] Read2: loading completed with 44102 packs 
[12:50:20] Read1: loaded 361M reads 
[12:50:21] Read1: loading completed with 44102 packs 
[12:50:21] [fastp 1.3.3-d0bromir] Stage: loading (238851 ms) 
[12:50:21] [fastp 1.3.3-d0bromir] Stage: filtering 
[12:50:21] thread 29 data processing completed 
[12:50:21] thread 29 finished 
[12:50:21] thread 18 data processing completed 
[12:50:21] thread 18 finished 
[12:50:21] thread 20 data processing completed 
[12:50:21] thread 20 finished 
[12:50:21] thread 31 data processing completed 
[12:50:21] thread 31 finished 
[12:50:21] thread 14 data processing completed 
[12:50:21] thread 14 finished 
[12:50:21] thread 10 data processing completed 
[12:50:21] thread 10 finished 
[12:50:21] thread 32 data processing completed 
[12:50:21] thread 32 finished 
[12:50:21] thread 6 data processing completed 
[12:50:21] thread 6 finished 
[12:50:21] thread 30 data processing completed 
[12:50:21] thread 30 finished 
[12:50:21] thread 13 data processing completed 
[12:50:21] thread 13 finished 
[12:50:21] thread 19 data processing completed 
[12:50:21] thread 19 finished 
[12:50:21] thread 15 data processing completed 
[12:50:21] thread 15 finished 
[12:50:21] thread 23 data processing completed 
[12:50:21] thread 23 finished 
[12:50:21] thread 3 data processing completed 
[12:50:21] thread 3 finished 
[12:50:21] thread 28 data processing completed 
[12:50:21] thread 28 finished 
[12:50:21] thread 5 data processing completed 
[12:50:21] thread 5 finished 
[12:50:21] thread 12 data processing completed 
[12:50:21] thread 12 finished 
[12:50:21] thread 24 data processing completed 
[12:50:21] thread 24 finished 
[12:50:21] thread 7 data processing completed 
[12:50:21] thread 7 finished 
[12:50:21] thread 25 data processing completed 
[12:50:21] thread 25 finished 
[12:50:21] thread 11 data processing completed 
[12:50:21] thread 11 finished 
[12:50:21] thread 8 data processing completed 
[12:50:21] thread 8 finished 
[12:50:21] thread 22 data processing completed 
[12:50:21] thread 22 finished 
[12:50:21] thread 26 data processing completed 
[12:50:21] thread 26 finished 
[12:50:21] thread 21 data processing completed 
[12:50:21] thread 21 finished 
[12:50:21] thread 17 data processing completed 
[12:50:21] thread 17 finished 
[12:50:21] thread 4 data processing completed 
[12:50:21] thread 4 finished 
[12:50:21] thread 1 data processing completed 
[12:50:21] thread 1 finished 
[12:50:21] thread 9 data processing completed 
[12:50:21] thread 9 finished 
[12:50:21] thread 27 data processing completed 
[12:50:21] thread 27 finished 
[12:50:21] thread 16 data processing completed 
[12:50:21] thread 16 finished 
[12:50:21] thread 2 data processing completed 
[12:50:21] thread 2 finished 
[12:50:21] [fastp 1.3.3-d0bromir] Stage: filtering (668 ms) 
[12:50:21] [fastp 1.3.3-d0bromir] Stage: writing 
[12:50:21] /dev/shm/fastp_bench_es2yaU_R1.fq.gz writer finished 
[12:50:21] /dev/shm/fastp_bench_c2lwZE_R2.fq.gz writer finished 
[12:50:21] [fastp 1.3.3-d0bromir] Stage: writing (29 ms) 
[12:50:21] start to generate reports
 
Read1 before filtering:
total reads: 361281611
total bases: 54192241650
Q20 bases: 54123398100(99.873%)
Q30 bases: 54123398100(99.873%)
Q40 bases: 0(0%)

Read2 before filtering:
total reads: 361281611
total bases: 54192241650
Q20 bases: 53855170050(99.378%)
Q30 bases: 53855170050(99.378%)
Q40 bases: 0(0%)

Read1 after filtering:
total reads: 358607374
total bases: 53574361382
Q20 bases: 53574361382(100%)
Q30 bases: 53574361382(100%)
Q40 bases: 0(0%)

Read2 after filtering:
total reads: 358607374
total bases: 53574361382
Q20 bases: 53574361382(100%)
Q30 bases: 53574361382(100%)
Q40 bases: 0(0%)

Filtering result:
reads passed filter: 717214748
reads failed due to low quality: 5328396
reads failed due to too many N: 20078
reads failed due to too short: 0
reads failed due to adapter dimer: 0
reads with adapter trimmed: 9627740
bases trimmed due to adapters: 442711160

Duplication rate: 5.60214%

Insert size peak (evaluated by paired-end reads): 269

JSON report: /dev/shm/fastp_bench_52fgZx.json
HTML report: /dev/null

/home/mpiuser/bioauto_rev/fastp_d0bromir/fastp-cpu -w 32 -j /dev/shm/fastp_bench_52fgZx.json -h /dev/null --verbose -i /home/mpiuser/FASTQ/WGS/DRR216653_1.fastq.gz -I /home/mpiuser/FASTQ/WGS/DRR216653_2.fastq.gz -o /dev/shm/fastp_bench_es2yaU_R1.fq.gz -O /dev/shm/fastp_bench_c2lwZE_R2.fq.gz 
fastp v1.3.3-d0bromir, time used: 243 seconds
================================================================

================================================================
 Application  : d0bromir_gpu (/home/mpiuser/bioauto_rev/fastp_d0bromir/fastp)
 Dataset      : WGS PE 40G (DRR216653 R1+R2)
 Files        : R1=/home/mpiuser/FASTQ/WGS/DRR216653_1.fastq.gz
               R2=/home/mpiuser/FASTQ/WGS/DRR216653_2.fastq.gz
 Type         : PE
 Threads      : 32
 Wall time    : 246.035 s
 reads_in     : 722563222
 reads_out    : 717214748
 vs_opengene  : -64.7%
--- Resource usage ---
 CPU avg/peak : 2901.3% / 3540.4%
 RSS peak     : 4150 MiB
 GPU util a/p : 43.0% / 62.0%
 GPU mem peak : 1360 MiB
 Sample CSV   : /home/mpiuser/bioauto_rev/fastp_d0bromir/benchmark_results/20261004_123438/resources/resource_WGS_PE_40G_d0bromir_gpu_T32_1791118229.csv
--- Profiling output ---
[12:50:29] fastp 1.3.3-d0bromir starting 
[12:50:30] [GPU] CUDA GPU available (Device 0) - statistics GPU-accelerated (slots=8) 
[12:50:30] [fastp 1.3.3-d0bromir] Stage: loading 
[12:50:30] [GPU] CUDA GPU available (Device 1) - statistics GPU-accelerated (slots=8) 
[12:50:30] start to load data of read1 
[12:50:30] start to load data of read2 
[12:50:30] [GPU] Dual-GPU mode: Device 0 + Device 1 active 
[12:50:31] Read1: loaded 1M reads 
[12:50:31] Read2: loaded 1M reads 
[12:50:31] Read1: loaded 2M reads 
[12:50:31] Read2: loaded 2M reads 
[12:50:32] Read1: loaded 3M reads 
[12:50:32] Read2: loaded 3M reads 
[12:50:33] Read1: loaded 4M reads 
[12:50:33] Read2: loaded 4M reads 
[12:50:33] Read2: loaded 5M reads 
[12:50:33] Read1: loaded 5M reads 
[12:50:34] Read1: loaded 6M reads 
[12:50:34] Read2: loaded 6M reads 
[12:50:35] Read1: loaded 7M reads 
[12:50:35] Read2: loaded 7M reads 
[12:50:35] Read1: loaded 8M reads 
[12:50:35] Read2: loaded 8M reads 
[12:50:36] Read1: loaded 9M reads 
[12:50:36] Read2: loaded 9M reads 
[12:50:37] Read2: loaded 10M reads 
[12:50:37] Read1: loaded 10M reads 
[12:50:37] Read1: loaded 11M reads 
[12:50:37] Read2: loaded 11M reads 
[12:50:38] Read2: loaded 12M reads 
[12:50:38] Read1: loaded 12M reads 
[12:50:39] Read1: loaded 13M reads 
[12:50:39] Read2: loaded 13M reads 
[12:50:39] Read1: loaded 14M reads 
[12:50:39] Read2: loaded 14M reads 
[12:50:40] Read1: loaded 15M reads 
[12:50:40] Read2: loaded 15M reads 
[12:50:41] Read1: loaded 16M reads 
[12:50:41] Read2: loaded 16M reads 
[12:50:41] Read2: loaded 17M reads 
[12:50:41] Read1: loaded 17M reads 
[12:50:42] Read1: loaded 18M reads 
[12:50:42] Read2: loaded 18M reads 
[12:50:42] Read1: loaded 19M reads 
[12:50:42] Read2: loaded 19M reads 
[12:50:43] Read1: loaded 20M reads 
[12:50:43] Read2: loaded 20M reads 
[12:50:44] Read1: loaded 21M reads 
[12:50:44] Read2: loaded 21M reads 
[12:50:44] Read2: loaded 22M reads 
[12:50:44] Read1: loaded 22M reads 
[12:50:45] Read1: loaded 23M reads 
[12:50:45] Read2: loaded 23M reads 
[12:50:46] Read2: loaded 24M reads 
[12:50:46] Read1: loaded 24M reads 
[12:50:46] Read2: loaded 25M reads 
[12:50:46] Read1: loaded 25M reads 
[12:50:47] Read2: loaded 26M reads 
[12:50:47] Read1: loaded 26M reads 
[12:50:48] Read2: loaded 27M reads 
[12:50:48] Read1: loaded 27M reads 
[12:50:48] Read2: loaded 28M reads 
[12:50:48] Read1: loaded 28M reads 
[12:50:49] Read2: loaded 29M reads 
[12:50:49] Read1: loaded 29M reads 
[12:50:50] Read2: loaded 30M reads 
[12:50:50] Read1: loaded 30M reads 
[12:50:50] Read2: loaded 31M reads 
[12:50:50] Read1: loaded 31M reads 
[12:50:51] Read2: loaded 32M reads 
[12:50:51] Read1: loaded 32M reads 
[12:50:51] Read2: loaded 33M reads 
[12:50:51] Read1: loaded 33M reads 
[12:50:52] Read2: loaded 34M reads 
[12:50:52] Read1: loaded 34M reads 
[12:50:53] Read2: loaded 35M reads 
[12:50:53] Read1: loaded 35M reads 
[12:50:53] Read2: loaded 36M reads 
[12:50:53] Read1: loaded 36M reads 
[12:50:54] Read2: loaded 37M reads 
[12:50:54] Read1: loaded 37M reads 
[12:50:55] Read2: loaded 38M reads 
[12:50:55] Read1: loaded 38M reads 
[12:50:55] Read2: loaded 39M reads 
[12:50:55] Read1: loaded 39M reads 
[12:50:56] Read2: loaded 40M reads 
[12:50:56] Read1: loaded 40M reads 
[12:50:57] Read2: loaded 41M reads 
[12:50:57] Read1: loaded 41M reads 
[12:50:57] Read1: loaded 42M reads 
[12:50:57] Read2: loaded 42M reads 
[12:50:58] Read1: loaded 43M reads 
[12:50:58] Read2: loaded 43M reads 
[12:50:59] Read2: loaded 44M reads 
[12:50:59] Read1: loaded 44M reads 
[12:50:59] Read1: loaded 45M reads 
[12:50:59] Read2: loaded 45M reads 
[12:51:00] Read1: loaded 46M reads 
[12:51:00] Read2: loaded 46M reads 
[12:51:01] Read1: loaded 47M reads 
[12:51:01] Read2: loaded 47M reads 
[12:51:01] Read1: loaded 48M reads 
[12:51:01] Read2: loaded 48M reads 
[12:51:02] Read2: loaded 49M reads 
[12:51:02] Read1: loaded 49M reads 
[12:51:02] Read1: loaded 50M reads 
[12:51:03] Read2: loaded 50M reads 
[12:51:03] Read2: loaded 51M reads 
[12:51:03] Read1: loaded 51M reads 
[12:51:04] Read1: loaded 52M reads 
[12:51:04] Read2: loaded 52M reads 
[12:51:04] Read1: loaded 53M reads 
[12:51:04] Read2: loaded 53M reads 
[12:51:05] Read1: loaded 54M reads 
[12:51:05] Read2: loaded 54M reads 
[12:51:06] Read1: loaded 55M reads 
[12:51:06] Read2: loaded 55M reads 
[12:51:06] Read2: loaded 56M reads 
[12:51:06] Read1: loaded 56M reads 
[12:51:07] Read1: loaded 57M reads 
[12:51:07] Read2: loaded 57M reads 
[12:51:08] Read1: loaded 58M reads 
[12:51:08] Read2: loaded 58M reads 
[12:51:08] Read1: loaded 59M reads 
[12:51:08] Read2: loaded 59M reads 
[12:51:09] Read1: loaded 60M reads 
[12:51:09] Read2: loaded 60M reads 
[12:51:10] Read1: loaded 61M reads 
[12:51:10] Read2: loaded 61M reads 
[12:51:10] Read1: loaded 62M reads 
[12:51:10] Read2: loaded 62M reads 
[12:51:11] Read1: loaded 63M reads 
[12:51:11] Read2: loaded 63M reads 
[12:51:12] Read1: loaded 64M reads 
[12:51:12] Read2: loaded 64M reads 
[12:51:12] Read1: loaded 65M reads 
[12:51:12] Read2: loaded 65M reads 
[12:51:13] Read2: loaded 66M reads 
[12:51:13] Read1: loaded 66M reads 
[12:51:14] Read1: loaded 67M reads 
[12:51:14] Read2: loaded 67M reads 
[12:51:14] Read1: loaded 68M reads 
[12:51:14] Read2: loaded 68M reads 
[12:51:15] Read1: loaded 69M reads 
[12:51:15] Read2: loaded 69M reads 
[12:51:16] Read1: loaded 70M reads 
[12:51:16] Read2: loaded 70M reads 
[12:51:16] Read1: loaded 71M reads 
[12:51:16] Read2: loaded 71M reads 
[12:51:17] Read1: loaded 72M reads 
[12:51:17] Read2: loaded 72M reads 
[12:51:18] Read1: loaded 73M reads 
[12:51:18] Read2: loaded 73M reads 
[12:51:18] Read2: loaded 74M reads 
[12:51:18] Read1: loaded 74M reads 
[12:51:19] Read1: loaded 75M reads 
[12:51:19] Read2: loaded 75M reads 
[12:51:19] Read1: loaded 76M reads 
[12:51:19] Read2: loaded 76M reads 
[12:51:20] Read1: loaded 77M reads 
[12:51:20] Read2: loaded 77M reads 
[12:51:21] Read1: loaded 78M reads 
[12:51:21] Read2: loaded 78M reads 
[12:51:21] Read1: loaded 79M reads 
[12:51:21] Read2: loaded 79M reads 
[12:51:22] Read1: loaded 80M reads 
[12:51:22] Read2: loaded 80M reads 
[12:51:23] Read1: loaded 81M reads 
[12:51:23] Read2: loaded 81M reads 
[12:51:23] Read1: loaded 82M reads 
[12:51:23] Read2: loaded 82M reads 
[12:51:24] Read1: loaded 83M reads 
[12:51:24] Read2: loaded 83M reads 
[12:51:25] Read1: loaded 84M reads 
[12:51:25] Read2: loaded 84M reads 
[12:51:25] Read1: loaded 85M reads 
[12:51:25] Read2: loaded 85M reads 
[12:51:26] Read1: loaded 86M reads 
[12:51:26] Read2: loaded 86M reads 
[12:51:27] Read1: loaded 87M reads 
[12:51:27] Read2: loaded 87M reads 
[12:51:27] Read1: loaded 88M reads 
[12:51:27] Read2: loaded 88M reads 
[12:51:28] Read1: loaded 89M reads 
[12:51:28] Read2: loaded 89M reads 
[12:51:29] Read1: loaded 90M reads 
[12:51:29] Read2: loaded 90M reads 
[12:51:29] Read1: loaded 91M reads 
[12:51:29] Read2: loaded 91M reads 
[12:51:30] Read1: loaded 92M reads 
[12:51:30] Read2: loaded 92M reads 
[12:51:31] Read1: loaded 93M reads 
[12:51:31] Read2: loaded 93M reads 
[12:51:31] Read1: loaded 94M reads 
[12:51:31] Read2: loaded 94M reads 
[12:51:32] Read1: loaded 95M reads 
[12:51:32] Read2: loaded 95M reads 
[12:51:33] Read1: loaded 96M reads 
[12:51:33] Read2: loaded 96M reads 
[12:51:33] Read1: loaded 97M reads 
[12:51:33] Read2: loaded 97M reads 
[12:51:34] Read1: loaded 98M reads 
[12:51:34] Read2: loaded 98M reads 
[12:51:34] Read1: loaded 99M reads 
[12:51:34] Read2: loaded 99M reads 
[12:51:35] Read1: loaded 100M reads 
[12:51:35] Read2: loaded 100M reads 
[12:51:36] Read1: loaded 101M reads 
[12:51:36] Read2: loaded 101M reads 
[12:51:36] Read1: loaded 102M reads 
[12:51:36] Read2: loaded 102M reads 
[12:51:37] Read1: loaded 103M reads 
[12:51:37] Read2: loaded 103M reads 
[12:51:38] Read1: loaded 104M reads 
[12:51:38] Read2: loaded 104M reads 
[12:51:38] Read1: loaded 105M reads 
[12:51:38] Read2: loaded 105M reads 
[12:51:39] Read1: loaded 106M reads 
[12:51:39] Read2: loaded 106M reads 
[12:51:40] Read1: loaded 107M reads 
[12:51:40] Read2: loaded 107M reads 
[12:51:40] Read1: loaded 108M reads 
[12:51:40] Read2: loaded 108M reads 
[12:51:41] Read1: loaded 109M reads 
[12:51:41] Read2: loaded 109M reads 
[12:51:42] Read1: loaded 110M reads 
[12:51:42] Read2: loaded 110M reads 
[12:51:42] Read1: loaded 111M reads 
[12:51:42] Read2: loaded 111M reads 
[12:51:43] Read1: loaded 112M reads 
[12:51:43] Read2: loaded 112M reads 
[12:51:44] Read1: loaded 113M reads 
[12:51:44] Read2: loaded 113M reads 
[12:51:44] Read1: loaded 114M reads 
[12:51:44] Read2: loaded 114M reads 
[12:51:45] Read1: loaded 115M reads 
[12:51:45] Read2: loaded 115M reads 
[12:51:46] Read1: loaded 116M reads 
[12:51:46] Read2: loaded 116M reads 
[12:51:46] Read1: loaded 117M reads 
[12:51:46] Read2: loaded 117M reads 
[12:51:47] Read1: loaded 118M reads 
[12:51:47] Read2: loaded 118M reads 
[12:51:48] Read1: loaded 119M reads 
[12:51:48] Read2: loaded 119M reads 
[12:51:48] Read1: loaded 120M reads 
[12:51:48] Read2: loaded 120M reads 
[12:51:49] Read1: loaded 121M reads 
[12:51:49] Read2: loaded 121M reads 
[12:51:50] Read1: loaded 122M reads 
[12:51:50] Read2: loaded 122M reads 
[12:51:50] Read1: loaded 123M reads 
[12:51:50] Read2: loaded 123M reads 
[12:51:51] Read1: loaded 124M reads 
[12:51:51] Read2: loaded 124M reads 
[12:51:51] Read1: loaded 125M reads 
[12:51:52] Read2: loaded 125M reads 
[12:51:52] Read1: loaded 126M reads 
[12:51:52] Read2: loaded 126M reads 
[12:51:53] Read1: loaded 127M reads 
[12:51:53] Read2: loaded 127M reads 
[12:51:53] Read1: loaded 128M reads 
[12:51:53] Read2: loaded 128M reads 
[12:51:54] Read2: loaded 129M reads 
[12:51:54] Read1: loaded 129M reads 
[12:51:55] Read1: loaded 130M reads 
[12:51:55] Read2: loaded 130M reads 
[12:51:55] Read1: loaded 131M reads 
[12:51:55] Read2: loaded 131M reads 
[12:51:56] Read1: loaded 132M reads 
[12:51:56] Read2: loaded 132M reads 
[12:51:57] Read2: loaded 133M reads 
[12:51:57] Read1: loaded 133M reads 
[12:51:57] Read1: loaded 134M reads 
[12:51:57] Read2: loaded 134M reads 
[12:51:58] Read2: loaded 135M reads 
[12:51:58] Read1: loaded 135M reads 
[12:51:59] Read1: loaded 136M reads 
[12:51:59] Read2: loaded 136M reads 
[12:51:59] Read1: loaded 137M reads 
[12:51:59] Read2: loaded 137M reads 
[12:52:00] Read1: loaded 138M reads 
[12:52:00] Read2: loaded 138M reads 
[12:52:01] Read1: loaded 139M reads 
[12:52:01] Read2: loaded 139M reads 
[12:52:01] Read1: loaded 140M reads 
[12:52:01] Read2: loaded 140M reads 
[12:52:02] Read2: loaded 141M reads 
[12:52:02] Read1: loaded 141M reads 
[12:52:03] Read1: loaded 142M reads 
[12:52:03] Read2: loaded 142M reads 
[12:52:03] Read1: loaded 143M reads 
[12:52:03] Read2: loaded 143M reads 
[12:52:04] Read1: loaded 144M reads 
[12:52:04] Read2: loaded 144M reads 
[12:52:05] Read1: loaded 145M reads 
[12:52:05] Read2: loaded 145M reads 
[12:52:05] Read1: loaded 146M reads 
[12:52:05] Read2: loaded 146M reads 
[12:52:06] Read2: loaded 147M reads 
[12:52:06] Read1: loaded 147M reads 
[12:52:07] Read1: loaded 148M reads 
[12:52:07] Read2: loaded 148M reads 
[12:52:07] Read1: loaded 149M reads 
[12:52:07] Read2: loaded 149M reads 
[12:52:08] Read1: loaded 150M reads 
[12:52:08] Read2: loaded 150M reads 
[12:52:09] Read1: loaded 151M reads 
[12:52:09] Read2: loaded 151M reads 
[12:52:09] Read1: loaded 152M reads 
[12:52:10] Read2: loaded 152M reads 
[12:52:10] Read1: loaded 153M reads 
[12:52:10] Read2: loaded 153M reads 
[12:52:11] Read1: loaded 154M reads 
[12:52:11] Read2: loaded 154M reads 
[12:52:11] Read1: loaded 155M reads 
[12:52:12] Read2: loaded 155M reads 
[12:52:12] Read1: loaded 156M reads 
[12:52:12] Read2: loaded 156M reads 
[12:52:13] Read1: loaded 157M reads 
[12:52:13] Read2: loaded 157M reads 
[12:52:14] Read1: loaded 158M reads 
[12:52:14] Read2: loaded 158M reads 
[12:52:14] Read2: loaded 159M reads 
[12:52:14] Read1: loaded 159M reads 
[12:52:15] Read2: loaded 160M reads 
[12:52:15] Read1: loaded 160M reads 
[12:52:16] Read1: loaded 161M reads 
[12:52:16] Read2: loaded 161M reads 
[12:52:16] Read1: loaded 162M reads 
[12:52:16] Read2: loaded 162M reads 
[12:52:17] Read2: loaded 163M reads 
[12:52:17] Read1: loaded 163M reads 
[12:52:18] Read2: loaded 164M reads 
[12:52:18] Read1: loaded 164M reads 
[12:52:18] Read2: loaded 165M reads 
[12:52:18] Read1: loaded 165M reads 
[12:52:19] Read2: loaded 166M reads 
[12:52:19] Read1: loaded 166M reads 
[12:52:20] Read2: loaded 167M reads 
[12:52:20] Read1: loaded 167M reads 
[12:52:20] Read2: loaded 168M reads 
[12:52:20] Read1: loaded 168M reads 
[12:52:21] Read2: loaded 169M reads 
[12:52:21] Read1: loaded 169M reads 
[12:52:22] Read2: loaded 170M reads 
[12:52:22] Read1: loaded 170M reads 
[12:52:22] Read2: loaded 171M reads 
[12:52:22] Read1: loaded 171M reads 
[12:52:23] Read2: loaded 172M reads 
[12:52:23] Read1: loaded 172M reads 
[12:52:24] Read2: loaded 173M reads 
[12:52:24] Read1: loaded 173M reads 
[12:52:24] Read2: loaded 174M reads 
[12:52:25] Read1: loaded 174M reads 
[12:52:25] Read2: loaded 175M reads 
[12:52:25] Read1: loaded 175M reads 
[12:52:26] Read2: loaded 176M reads 
[12:52:26] Read1: loaded 176M reads 
[12:52:26] Read2: loaded 177M reads 
[12:52:27] Read1: loaded 177M reads 
[12:52:27] Read2: loaded 178M reads 
[12:52:27] Read1: loaded 178M reads 
[12:52:28] Read2: loaded 179M reads 
[12:52:28] Read1: loaded 179M reads 
[12:52:29] Read2: loaded 180M reads 
[12:52:29] Read1: loaded 180M reads 
[12:52:29] Read2: loaded 181M reads 
[12:52:29] Read1: loaded 181M reads 
[12:52:30] Read2: loaded 182M reads 
[12:52:30] Read1: loaded 182M reads 
[12:52:31] Read2: loaded 183M reads 
[12:52:31] Read1: loaded 183M reads 
[12:52:31] Read2: loaded 184M reads 
[12:52:31] Read1: loaded 184M reads 
[12:52:32] Read2: loaded 185M reads 
[12:52:32] Read1: loaded 185M reads 
[12:52:33] Read2: loaded 186M reads 
[12:52:33] Read1: loaded 186M reads 
[12:52:33] Read2: loaded 187M reads 
[12:52:33] Read1: loaded 187M reads 
[12:52:34] Read2: loaded 188M reads 
[12:52:34] Read1: loaded 188M reads 
[12:52:35] Read2: loaded 189M reads 
[12:52:35] Read1: loaded 189M reads 
[12:52:35] Read2: loaded 190M reads 
[12:52:35] Read1: loaded 190M reads 
[12:52:36] Read2: loaded 191M reads 
[12:52:36] Read1: loaded 191M reads 
[12:52:37] Read2: loaded 192M reads 
[12:52:37] Read1: loaded 192M reads 
[12:52:37] Read2: loaded 193M reads 
[12:52:37] Read1: loaded 193M reads 
[12:52:38] Read2: loaded 194M reads 
[12:52:38] Read1: loaded 194M reads 
[12:52:39] Read2: loaded 195M reads 
[12:52:39] Read1: loaded 195M reads 
[12:52:39] Read2: loaded 196M reads 
[12:52:39] Read1: loaded 196M reads 
[12:52:40] Read1: loaded 197M reads 
[12:52:40] Read2: loaded 197M reads 
[12:52:41] Read1: loaded 198M reads 
[12:52:41] Read2: loaded 198M reads 
[12:52:42] Read1: loaded 199M reads 
[12:52:42] Read2: loaded 199M reads 
[12:52:42] Read1: loaded 200M reads 
[12:52:42] Read2: loaded 200M reads 
[12:52:43] Read1: loaded 201M reads 
[12:52:43] Read2: loaded 201M reads 
[12:52:44] Read2: loaded 202M reads 
[12:52:44] Read1: loaded 202M reads 
[12:52:44] Read1: loaded 203M reads 
[12:52:44] Read2: loaded 203M reads 
[12:52:45] Read1: loaded 204M reads 
[12:52:45] Read2: loaded 204M reads 
[12:52:46] Read1: loaded 205M reads 
[12:52:46] Read2: loaded 205M reads 
[12:52:46] Read1: loaded 206M reads 
[12:52:46] Read2: loaded 206M reads 
[12:52:47] Read2: loaded 207M reads 
[12:52:47] Read1: loaded 207M reads 
[12:52:48] Read2: loaded 208M reads 
[12:52:48] Read1: loaded 208M reads 
[12:52:48] Read2: loaded 209M reads 
[12:52:48] Read1: loaded 209M reads 
[12:52:49] Read2: loaded 210M reads 
[12:52:49] Read1: loaded 210M reads 
[12:52:50] Read2: loaded 211M reads 
[12:52:50] Read1: loaded 211M reads 
[12:52:50] Read2: loaded 212M reads 
[12:52:50] Read1: loaded 212M reads 
[12:52:51] Read2: loaded 213M reads 
[12:52:51] Read1: loaded 213M reads 
[12:52:52] Read2: loaded 214M reads 
[12:52:52] Read1: loaded 214M reads 
[12:52:52] Read2: loaded 215M reads 
[12:52:52] Read1: loaded 215M reads 
[12:52:53] Read2: loaded 216M reads 
[12:52:53] Read1: loaded 216M reads 
[12:52:54] Read2: loaded 217M reads 
[12:52:54] Read1: loaded 217M reads 
[12:52:54] Read2: loaded 218M reads 
[12:52:54] Read1: loaded 218M reads 
[12:52:55] Read2: loaded 219M reads 
[12:52:55] Read1: loaded 219M reads 
[12:52:56] Read2: loaded 220M reads 
[12:52:56] Read1: loaded 220M reads 
[12:52:56] Read2: loaded 221M reads 
[12:52:56] Read1: loaded 221M reads 
[12:52:57] Read2: loaded 222M reads 
[12:52:57] Read1: loaded 222M reads 
[12:52:58] Read2: loaded 223M reads 
[12:52:58] Read1: loaded 223M reads 
[12:52:58] Read2: loaded 224M reads 
[12:52:59] Read1: loaded 224M reads 
[12:52:59] Read2: loaded 225M reads 
[12:52:59] Read1: loaded 225M reads 
[12:53:00] Read2: loaded 226M reads 
[12:53:00] Read1: loaded 226M reads 
[12:53:01] Read2: loaded 227M reads 
[12:53:01] Read1: loaded 227M reads 
[12:53:01] Read2: loaded 228M reads 
[12:53:01] Read1: loaded 228M reads 
[12:53:02] Read2: loaded 229M reads 
[12:53:02] Read1: loaded 229M reads 
[12:53:03] Read2: loaded 230M reads 
[12:53:03] Read1: loaded 230M reads 
[12:53:03] Read2: loaded 231M reads 
[12:53:03] Read1: loaded 231M reads 
[12:53:04] Read2: loaded 232M reads 
[12:53:04] Read1: loaded 232M reads 
[12:53:05] Read2: loaded 233M reads 
[12:53:05] Read1: loaded 233M reads 
[12:53:05] Read2: loaded 234M reads 
[12:53:05] Read1: loaded 234M reads 
[12:53:06] Read2: loaded 235M reads 
[12:53:06] Read1: loaded 235M reads 
[12:53:07] Read2: loaded 236M reads 
[12:53:07] Read1: loaded 236M reads 
[12:53:07] Read2: loaded 237M reads 
[12:53:07] Read1: loaded 237M reads 
[12:53:08] Read2: loaded 238M reads 
[12:53:08] Read1: loaded 238M reads 
[12:53:09] Read2: loaded 239M reads 
[12:53:09] Read1: loaded 239M reads 
[12:53:09] Read2: loaded 240M reads 
[12:53:10] Read1: loaded 240M reads 
[12:53:10] Read2: loaded 241M reads 
[12:53:10] Read1: loaded 241M reads 
[12:53:11] Read2: loaded 242M reads 
[12:53:11] Read1: loaded 242M reads 
[12:53:11] Read2: loaded 243M reads 
[12:53:12] Read1: loaded 243M reads 
[12:53:12] Read2: loaded 244M reads 
[12:53:12] Read1: loaded 244M reads 
[12:53:13] Read2: loaded 245M reads 
[12:53:13] Read1: loaded 245M reads 
[12:53:13] Read2: loaded 246M reads 
[12:53:14] Read1: loaded 246M reads 
[12:53:14] Read2: loaded 247M reads 
[12:53:14] Read1: loaded 247M reads 
[12:53:15] Read2: loaded 248M reads 
[12:53:15] Read1: loaded 248M reads 
[12:53:15] Read2: loaded 249M reads 
[12:53:16] Read1: loaded 249M reads 
[12:53:16] Read2: loaded 250M reads 
[12:53:16] Read1: loaded 250M reads 
[12:53:17] Read2: loaded 251M reads 
[12:53:17] Read1: loaded 251M reads 
[12:53:17] Read2: loaded 252M reads 
[12:53:18] Read1: loaded 252M reads 
[12:53:18] Read2: loaded 253M reads 
[12:53:18] Read1: loaded 253M reads 
[12:53:19] Read2: loaded 254M reads 
[12:53:19] Read1: loaded 254M reads 
[12:53:19] Read2: loaded 255M reads 
[12:53:20] Read1: loaded 255M reads 
[12:53:20] Read2: loaded 256M reads 
[12:53:20] Read1: loaded 256M reads 
[12:53:21] Read2: loaded 257M reads 
[12:53:21] Read1: loaded 257M reads 
[12:53:21] Read2: loaded 258M reads 
[12:53:22] Read1: loaded 258M reads 
[12:53:22] Read2: loaded 259M reads 
[12:53:22] Read1: loaded 259M reads 
[12:53:23] Read2: loaded 260M reads 
[12:53:23] Read1: loaded 260M reads 
[12:53:23] Read2: loaded 261M reads 
[12:53:24] Read1: loaded 261M reads 
[12:53:24] Read2: loaded 262M reads 
[12:53:24] Read1: loaded 262M reads 
[12:53:25] Read2: loaded 263M reads 
[12:53:25] Read1: loaded 263M reads 
[12:53:25] Read2: loaded 264M reads 
[12:53:26] Read1: loaded 264M reads 
[12:53:26] Read2: loaded 265M reads 
[12:53:27] Read1: loaded 265M reads 
[12:53:27] Read2: loaded 266M reads 
[12:53:27] Read1: loaded 266M reads 
[12:53:28] Read2: loaded 267M reads 
[12:53:28] Read1: loaded 267M reads 
[12:53:28] Read2: loaded 268M reads 
[12:53:29] Read1: loaded 268M reads 
[12:53:29] Read2: loaded 269M reads 
[12:53:29] Read1: loaded 269M reads 
[12:53:30] Read2: loaded 270M reads 
[12:53:30] Read1: loaded 270M reads 
[12:53:30] Read2: loaded 271M reads 
[12:53:31] Read1: loaded 271M reads 
[12:53:31] Read2: loaded 272M reads 
[12:53:31] Read1: loaded 272M reads 
[12:53:32] Read2: loaded 273M reads 
[12:53:32] Read1: loaded 273M reads 
[12:53:32] Read2: loaded 274M reads 
[12:53:33] Read1: loaded 274M reads 
[12:53:33] Read2: loaded 275M reads 
[12:53:33] Read1: loaded 275M reads 
[12:53:34] Read2: loaded 276M reads 
[12:53:34] Read1: loaded 276M reads 
[12:53:34] Read2: loaded 277M reads 
[12:53:35] Read1: loaded 277M reads 
[12:53:35] Read2: loaded 278M reads 
[12:53:35] Read1: loaded 278M reads 
[12:53:36] Read2: loaded 279M reads 
[12:53:36] Read1: loaded 279M reads 
[12:53:36] Read2: loaded 280M reads 
[12:53:37] Read1: loaded 280M reads 
[12:53:37] Read2: loaded 281M reads 
[12:53:37] Read1: loaded 281M reads 
[12:53:38] Read2: loaded 282M reads 
[12:53:38] Read1: loaded 282M reads 
[12:53:38] Read2: loaded 283M reads 
[12:53:39] Read1: loaded 283M reads 
[12:53:39] Read2: loaded 284M reads 
[12:53:39] Read1: loaded 284M reads 
[12:53:40] Read2: loaded 285M reads 
[12:53:40] Read1: loaded 285M reads 
[12:53:40] Read2: loaded 286M reads 
[12:53:41] Read1: loaded 286M reads 
[12:53:41] Read2: loaded 287M reads 
[12:53:42] Read1: loaded 287M reads 
[12:53:42] Read2: loaded 288M reads 
[12:53:42] Read1: loaded 288M reads 
[12:53:42] Read2: loaded 289M reads 
[12:53:43] Read1: loaded 289M reads 
[12:53:43] Read2: loaded 290M reads 
[12:53:44] Read1: loaded 290M reads 
[12:53:44] Read2: loaded 291M reads 
[12:53:44] Read1: loaded 291M reads 
[12:53:44] Read2: loaded 292M reads 
[12:53:45] Read1: loaded 292M reads 
[12:53:45] Read2: loaded 293M reads 
[12:53:46] Read1: loaded 293M reads 
[12:53:46] Read2: loaded 294M reads 
[12:53:46] Read1: loaded 294M reads 
[12:53:46] Read2: loaded 295M reads 
[12:53:47] Read1: loaded 295M reads 
[12:53:47] Read2: loaded 296M reads 
[12:53:48] Read1: loaded 296M reads 
[12:53:48] Read2: loaded 297M reads 
[12:53:48] Read1: loaded 297M reads 
[12:53:49] Read2: loaded 298M reads 
[12:53:49] Read1: loaded 298M reads 
[12:53:49] Read2: loaded 299M reads 
[12:53:50] Read1: loaded 299M reads 
[12:53:50] Read2: loaded 300M reads 
[12:53:50] Read1: loaded 300M reads 
[12:53:50] Read2: loaded 301M reads 
[12:53:51] Read1: loaded 301M reads 
[12:53:51] Read2: loaded 302M reads 
[12:53:52] Read1: loaded 302M reads 
[12:53:52] Read2: loaded 303M reads 
[12:53:52] Read1: loaded 303M reads 
[12:53:52] Read2: loaded 304M reads 
[12:53:53] Read1: loaded 304M reads 
[12:53:53] Read2: loaded 305M reads 
[12:53:54] Read1: loaded 305M reads 
[12:53:54] Read2: loaded 306M reads 
[12:53:54] Read1: loaded 306M reads 
[12:53:54] Read2: loaded 307M reads 
[12:53:55] Read1: loaded 307M reads 
[12:53:55] Read2: loaded 308M reads 
[12:53:56] Read1: loaded 308M reads 
[12:53:56] Read2: loaded 309M reads 
[12:53:56] Read1: loaded 309M reads 
[12:53:56] Read2: loaded 310M reads 
[12:53:57] Read1: loaded 310M reads 
[12:53:57] Read2: loaded 311M reads 
[12:53:58] Read1: loaded 311M reads 
[12:53:58] Read2: loaded 312M reads 
[12:53:58] Read1: loaded 312M reads 
[12:53:59] Read2: loaded 313M reads 
[12:53:59] Read1: loaded 313M reads 
[12:53:59] Read2: loaded 314M reads 
[12:54:00] Read1: loaded 314M reads 
[12:54:00] Read2: loaded 315M reads 
[12:54:01] Read1: loaded 315M reads 
[12:54:01] Read2: loaded 316M reads 
[12:54:01] Read1: loaded 316M reads 
[12:54:01] Read2: loaded 317M reads 
[12:54:02] Read1: loaded 317M reads 
[12:54:02] Read2: loaded 318M reads 
[12:54:03] Read1: loaded 318M reads 
[12:54:03] Read2: loaded 319M reads 
[12:54:03] Read1: loaded 319M reads 
[12:54:03] Read2: loaded 320M reads 
[12:54:04] Read1: loaded 320M reads 
[12:54:04] Read2: loaded 321M reads 
[12:54:05] Read1: loaded 321M reads 
[12:54:05] Read2: loaded 322M reads 
[12:54:05] Read1: loaded 322M reads 
[12:54:05] Read2: loaded 323M reads 
[12:54:06] Read1: loaded 323M reads 
[12:54:06] Read2: loaded 324M reads 
[12:54:07] Read1: loaded 324M reads 
[12:54:07] Read2: loaded 325M reads 
[12:54:07] Read1: loaded 325M reads 
[12:54:07] Read2: loaded 326M reads 
[12:54:08] Read1: loaded 326M reads 
[12:54:08] Read2: loaded 327M reads 
[12:54:09] Read1: loaded 327M reads 
[12:54:09] Read2: loaded 328M reads 
[12:54:09] Read1: loaded 328M reads 
[12:54:10] Read2: loaded 329M reads 
[12:54:10] Read1: loaded 329M reads 
[12:54:10] Read2: loaded 330M reads 
[12:54:11] Read1: loaded 330M reads 
[12:54:11] Read2: loaded 331M reads 
[12:54:11] Read1: loaded 331M reads 
[12:54:12] Read2: loaded 332M reads 
[12:54:12] Read1: loaded 332M reads 
[12:54:12] Read2: loaded 333M reads 
[12:54:13] Read1: loaded 333M reads 
[12:54:13] Read2: loaded 334M reads 
[12:54:13] Read1: loaded 334M reads 
[12:54:14] Read2: loaded 335M reads 
[12:54:14] Read1: loaded 335M reads 
[12:54:14] Read2: loaded 336M reads 
[12:54:15] Read1: loaded 336M reads 
[12:54:15] Read2: loaded 337M reads 
[12:54:16] Read1: loaded 337M reads 
[12:54:16] Read2: loaded 338M reads 
[12:54:16] Read1: loaded 338M reads 
[12:54:16] Read2: loaded 339M reads 
[12:54:17] Read1: loaded 339M reads 
[12:54:17] Read2: loaded 340M reads 
[12:54:18] Read1: loaded 340M reads 
[12:54:18] Read2: loaded 341M reads 
[12:54:18] Read1: loaded 341M reads 
[12:54:18] Read2: loaded 342M reads 
[12:54:19] Read1: loaded 342M reads 
[12:54:19] Read2: loaded 343M reads 
[12:54:20] Read1: loaded 343M reads 
[12:54:20] Read2: loaded 344M reads 
[12:54:20] Read1: loaded 344M reads 
[12:54:20] Read2: loaded 345M reads 
[12:54:21] Read1: loaded 345M reads 
[12:54:21] Read2: loaded 346M reads 
[12:54:22] Read1: loaded 346M reads 
[12:54:22] Read2: loaded 347M reads 
[12:54:22] Read1: loaded 347M reads 
[12:54:22] Read2: loaded 348M reads 
[12:54:23] Read1: loaded 348M reads 
[12:54:23] Read2: loaded 349M reads 
[12:54:24] Read1: loaded 349M reads 
[12:54:24] Read2: loaded 350M reads 
[12:54:24] Read1: loaded 350M reads 
[12:54:24] Read2: loaded 351M reads 
[12:54:25] Read1: loaded 351M reads 
[12:54:25] Read2: loaded 352M reads 
[12:54:25] Read1: loaded 352M reads 
[12:54:26] Read2: loaded 353M reads 
[12:54:26] Read1: loaded 353M reads 
[12:54:26] Read2: loaded 354M reads 
[12:54:27] Read1: loaded 354M reads 
[12:54:27] Read2: loaded 355M reads 
[12:54:27] Read1: loaded 355M reads 
[12:54:27] Read2: loaded 356M reads 
[12:54:28] Read1: loaded 356M reads 
[12:54:28] Read2: loaded 357M reads 
[12:54:29] Read1: loaded 357M reads 
[12:54:29] Read2: loaded 358M reads 
[12:54:29] Read1: loaded 358M reads 
[12:54:29] Read2: loaded 359M reads 
[12:54:30] Read1: loaded 359M reads 
[12:54:30] Read2: loaded 360M reads 
[12:54:31] Read1: loaded 360M reads 
[12:54:31] Read2: loaded 361M reads 
[12:54:31] Read2: loading completed with 44102 packs 
[12:54:31] Read1: loaded 361M reads 
[12:54:32] Read1: loading completed with 44102 packs 
[12:54:32] [fastp 1.3.3-d0bromir] Stage: loading (241660 ms) 
[12:54:32] [fastp 1.3.3-d0bromir] Stage: filtering 
[12:54:32] thread 22 data processing completed 
[12:54:32] thread 22 finished 
[12:54:32] thread 28 data processing completed 
[12:54:32] thread 28 finished 
[12:54:32] thread 16 data processing completed 
[12:54:32] thread 16 finished 
[12:54:32] thread 20 data processing completed 
[12:54:32] thread 20 finished 
[12:54:32] thread 17 data processing completed 
[12:54:32] thread 17 finished 
[12:54:32] thread 21 data processing completed 
[12:54:32] thread 21 finished 
[12:54:32] thread 29 data processing completed 
[12:54:32] thread 29 finished 
[12:54:32] thread 27 data processing completed 
[12:54:32] thread 27 finished 
[12:54:32] thread 32 data processing completed 
[12:54:32] thread 32 finished 
[12:54:32] thread 12 data processing completed 
[12:54:32] thread 12 finished 
[12:54:32] thread 11 data processing completed 
[12:54:32] thread 11 finished 
[12:54:32] thread 8 data processing completed 
[12:54:32] thread 8 finished 
[12:54:32] thread 6 data processing completed 
[12:54:32] thread 6 finished 
[12:54:32] thread 10 data processing completed 
[12:54:32] thread 10 finished 
[12:54:32] thread 25 data processing completed 
[12:54:32] thread 25 finished 
[12:54:32] thread 7 data processing completed 
[12:54:32] thread 7 finished 
[12:54:32] thread 24 data processing completed 
[12:54:32] thread 24 finished 
[12:54:32] thread 18 data processing completed 
[12:54:32] thread 18 finished 
[12:54:32] thread 26 data processing completed 
[12:54:32] thread 26 finished 
[12:54:32] thread 31 data processing completed 
[12:54:32] thread 31 finished 
[12:54:32] thread 9 data processing completed 
[12:54:32] thread 9 finished 
[12:54:32] thread 13 data processing completed 
[12:54:32] thread 13 finished 
[12:54:32] thread 15 data processing completed 
[12:54:32] thread 15 finished 
[12:54:32] thread 30 data processing completed 
[12:54:32] thread 30 finished 
[12:54:32] thread 23 data processing completed 
[12:54:32] thread 23 finished 
[12:54:32] thread 3 data processing completed 
[12:54:32] thread 3 finished 
[12:54:32] thread 4 data processing completed 
[12:54:32] thread 4 finished 
[12:54:32] thread 2 data processing completed 
[12:54:32] thread 2 finished 
[12:54:32] thread 19 data processing completed 
[12:54:32] thread 19 finished 
[12:54:32] thread 1 data processing completed 
[12:54:32] thread 1 finished 
[12:54:32] thread 14 data processing completed 
[12:54:32] thread 14 finished 
[12:54:32] thread 5 data processing completed 
[12:54:32] thread 5 finished 
[12:54:32] [fastp 1.3.3-d0bromir] Stage: filtering (611 ms) 
[12:54:32] [fastp 1.3.3-d0bromir] Stage: writing 
[12:54:32] /dev/shm/fastp_bench_dlWbKn_R1.fq.gz writer finished 
[12:54:32] /dev/shm/fastp_bench_WY67kn_R2.fq.gz writer finished 
[12:54:32] [fastp 1.3.3-d0bromir] Stage: writing (27 ms) 
[12:54:32] [GPU] Device 0: batches=44102 reads=361281611 
[12:54:32] [GPU] Device 1: batches=44102 reads=361281611 
[12:54:32] start to generate reports
 
Read1 before filtering:
total reads: 361281611
total bases: 54192241650
Q20 bases: 54123398100(99.873%)
Q30 bases: 54123398100(99.873%)
Q40 bases: 0(0%)

Read2 before filtering:
total reads: 361281611
total bases: 54192241650
Q20 bases: 53855170050(99.378%)
Q30 bases: 53855170050(99.378%)
Q40 bases: 0(0%)

Read1 after filtering:
total reads: 358607374
total bases: 53574361382
Q20 bases: 53574361382(100%)
Q30 bases: 53574361382(100%)
Q40 bases: 0(0%)

Read2 after filtering:
total reads: 358607374
total bases: 53574361382
Q20 bases: 53574361382(100%)
Q30 bases: 53574361382(100%)
Q40 bases: 0(0%)

Filtering result:
reads passed filter: 717214748
reads failed due to low quality: 5328396
reads failed due to too many N: 20078
reads failed due to too short: 0
reads failed due to adapter dimer: 0
reads with adapter trimmed: 9627740
bases trimmed due to adapters: 442711160

Duplication rate: 5.60214%

Insert size peak (evaluated by paired-end reads): 269

JSON report: /dev/shm/fastp_bench_tImV7E.json
HTML report: /dev/null

/home/mpiuser/bioauto_rev/fastp_d0bromir/fastp -w 32 -j /dev/shm/fastp_bench_tImV7E.json -h /dev/null --verbose -i /home/mpiuser/FASTQ/WGS/DRR216653_1.fastq.gz -I /home/mpiuser/FASTQ/WGS/DRR216653_2.fastq.gz -o /dev/shm/fastp_bench_dlWbKn_R1.fq.gz -O /dev/shm/fastp_bench_WY67kn_R2.fq.gz 
fastp v1.3.3-d0bromir, time used: 246 seconds
================================================================
