=== Full Benchmark Log: Sat Oct  3 13:37:45 UTC 2026 ===


================================================================
 Application  : opengene (/home/mpiuser/bioauto_rev/fastp_d0bromir/../fastp_opengene/fastp)
 Dataset      : WGS PE 40G (DRR216653 R1+R2)
 Files        : R1=/home/mpiuser/FASTQ/WGS/DRR216653_1.fastq.gz
               R2=/home/mpiuser/FASTQ/WGS/DRR216653_2.fastq.gz
 Type         : PE
 Threads      : 32
 Wall time    : 706.577 s
 reads_in     : 722563222
 reads_out    : 717214748
 vs_opengene  : baseline
--- Resource usage ---
 CPU avg/peak : 1756.3% / 2522.3%
 RSS peak     : 1956 MiB
 GPU util a/p : 0.0% / 0.0%
 GPU mem peak : 0 MiB
 Sample CSV   : /home/mpiuser/bioauto_rev/fastp_d0bromir/benchmark_results/20261003_133745/resources/resource_WGS_PE_40G_opengene_T32_1791034666.csv
--- Profiling output ---
[13:37:47] start to load data of read2 
[13:37:47] start to load data of read1 
[13:37:47] /dev/shm/fastp_bench_KDDpyq_R1.fq.gz writer finished 
[13:37:47] /dev/shm/fastp_bench_BZlXHF_R2.fq.gz writer finished 
[13:37:48] Read1: loaded 1M reads 
[13:37:48] Read2: loaded 1M reads 
[13:37:49] Read2: loaded 2M reads 
[13:37:49] Read1: loaded 2M reads 
[13:37:50] Read2: loaded 3M reads 
[13:37:50] Read1: loaded 3M reads 
[13:37:51] Read1: loaded 4M reads 
[13:37:51] Read2: loaded 4M reads 
[13:37:52] Read2: loaded 5M reads 
[13:37:52] Read1: loaded 5M reads 
[13:37:53] Read2: loaded 6M reads 
[13:37:53] Read1: loaded 6M reads 
[13:37:55] Read2: loaded 7M reads 
[13:37:55] Read1: loaded 7M reads 
[13:37:56] Read2: loaded 8M reads 
[13:37:56] Read1: loaded 8M reads 
[13:37:57] Read2: loaded 9M reads 
[13:37:57] Read1: loaded 9M reads 
[13:37:58] Read2: loaded 10M reads 
[13:37:58] Read1: loaded 10M reads 
[13:37:59] Read2: loaded 11M reads 
[13:37:59] Read1: loaded 11M reads 
[13:38:00] Read1: loaded 12M reads 
[13:38:00] Read2: loaded 12M reads 
[13:38:01] Read1: loaded 13M reads 
[13:38:01] Read2: loaded 13M reads 
[13:38:02] Read1: loaded 14M reads 
[13:38:02] Read2: loaded 14M reads 
[13:38:04] Read1: loaded 15M reads 
[13:38:04] Read2: loaded 15M reads 
[13:38:05] Read2: loaded 16M reads 
[13:38:05] Read1: loaded 16M reads 
[13:38:06] Read1: loaded 17M reads 
[13:38:06] Read2: loaded 17M reads 
[13:38:07] Read1: loaded 18M reads 
[13:38:07] Read2: loaded 18M reads 
[13:38:08] Read2: loaded 19M reads 
[13:38:08] Read1: loaded 19M reads 
[13:38:09] Read2: loaded 20M reads 
[13:38:09] Read1: loaded 20M reads 
[13:38:10] Read2: loaded 21M reads 
[13:38:10] Read1: loaded 21M reads 
[13:38:12] Read2: loaded 22M reads 
[13:38:12] Read1: loaded 22M reads 
[13:38:13] Read2: loaded 23M reads 
[13:38:13] Read1: loaded 23M reads 
[13:38:14] Read1: loaded 24M reads 
[13:38:14] Read2: loaded 24M reads 
[13:38:15] Read1: loaded 25M reads 
[13:38:15] Read2: loaded 25M reads 
[13:38:16] Read1: loaded 26M reads 
[13:38:16] Read2: loaded 26M reads 
[13:38:17] Read2: loaded 27M reads 
[13:38:17] Read1: loaded 27M reads 
[13:38:18] Read2: loaded 28M reads 
[13:38:18] Read1: loaded 28M reads 
[13:38:19] Read2: loaded 29M reads 
[13:38:19] Read1: loaded 29M reads 
[13:38:21] Read2: loaded 30M reads 
[13:38:21] Read1: loaded 30M reads 
[13:38:22] Read1: loaded 31M reads 
[13:38:22] Read2: loaded 31M reads 
[13:38:23] Read2: loaded 32M reads 
[13:38:23] Read1: loaded 32M reads 
[13:38:24] Read2: loaded 33M reads 
[13:38:24] Read1: loaded 33M reads 
[13:38:25] Read2: loaded 34M reads 
[13:38:25] Read1: loaded 34M reads 
[13:38:26] Read1: loaded 35M reads 
[13:38:26] Read2: loaded 35M reads 
[13:38:27] Read1: loaded 36M reads 
[13:38:27] Read2: loaded 36M reads 
[13:38:28] Read1: loaded 37M reads 
[13:38:28] Read2: loaded 37M reads 
[13:38:30] Read2: loaded 38M reads 
[13:38:30] Read1: loaded 38M reads 
[13:38:31] Read2: loaded 39M reads 
[13:38:31] Read1: loaded 39M reads 
[13:38:32] Read2: loaded 40M reads 
[13:38:32] Read1: loaded 40M reads 
[13:38:33] Read2: loaded 41M reads 
[13:38:33] Read1: loaded 41M reads 
[13:38:34] Read1: loaded 42M reads 
[13:38:34] Read2: loaded 42M reads 
[13:38:35] Read2: loaded 43M reads 
[13:38:35] Read1: loaded 43M reads 
[13:38:36] Read1: loaded 44M reads 
[13:38:36] Read2: loaded 44M reads 
[13:38:38] Read1: loaded 45M reads 
[13:38:38] Read2: loaded 45M reads 
[13:38:39] Read1: loaded 46M reads 
[13:38:39] Read2: loaded 46M reads 
[13:38:40] Read1: loaded 47M reads 
[13:38:40] Read2: loaded 47M reads 
[13:38:41] Read2: loaded 48M reads 
[13:38:41] Read1: loaded 48M reads 
[13:38:42] Read2: loaded 49M reads 
[13:38:42] Read1: loaded 49M reads 
[13:38:43] Read2: loaded 50M reads 
[13:38:43] Read1: loaded 50M reads 
[13:38:44] Read1: loaded 51M reads 
[13:38:44] Read2: loaded 51M reads 
[13:38:46] Read1: loaded 52M reads 
[13:38:46] Read2: loaded 52M reads 
[13:38:47] Read1: loaded 53M reads 
[13:38:47] Read2: loaded 53M reads 
[13:38:48] Read1: loaded 54M reads 
[13:38:48] Read2: loaded 54M reads 
[13:38:49] Read2: loaded 55M reads 
[13:38:49] Read1: loaded 55M reads 
[13:38:50] Read2: loaded 56M reads 
[13:38:50] Read1: loaded 56M reads 
[13:38:51] Read1: loaded 57M reads 
[13:38:51] Read2: loaded 57M reads 
[13:38:52] Read1: loaded 58M reads 
[13:38:52] Read2: loaded 58M reads 
[13:38:54] Read1: loaded 59M reads 
[13:38:54] Read2: loaded 59M reads 
[13:38:55] Read1: loaded 60M reads 
[13:38:55] Read2: loaded 60M reads 
[13:38:56] Read1: loaded 61M reads 
[13:38:56] Read2: loaded 61M reads 
[13:38:57] Read1: loaded 62M reads 
[13:38:57] Read2: loaded 62M reads 
[13:38:58] Read2: loaded 63M reads 
[13:38:58] Read1: loaded 63M reads 
[13:38:59] Read1: loaded 64M reads 
[13:38:59] Read2: loaded 64M reads 
[13:39:00] Read1: loaded 65M reads 
[13:39:00] Read2: loaded 65M reads 
[13:39:01] Read1: loaded 66M reads 
[13:39:01] Read2: loaded 66M reads 
[13:39:03] Read1: loaded 67M reads 
[13:39:03] Read2: loaded 67M reads 
[13:39:04] Read1: loaded 68M reads 
[13:39:04] Read2: loaded 68M reads 
[13:39:05] Read1: loaded 69M reads 
[13:39:05] Read2: loaded 69M reads 
[13:39:06] Read1: loaded 70M reads 
[13:39:06] Read2: loaded 70M reads 
[13:39:07] Read1: loaded 71M reads 
[13:39:07] Read2: loaded 71M reads 
[13:39:08] Read2: loaded 72M reads 
[13:39:08] Read1: loaded 72M reads 
[13:39:09] Read2: loaded 73M reads 
[13:39:09] Read1: loaded 73M reads 
[13:39:11] Read1: loaded 74M reads 
[13:39:11] Read2: loaded 74M reads 
[13:39:12] Read1: loaded 75M reads 
[13:39:12] Read2: loaded 75M reads 
[13:39:13] Read1: loaded 76M reads 
[13:39:13] Read2: loaded 76M reads 
[13:39:14] Read1: loaded 77M reads 
[13:39:14] Read2: loaded 77M reads 
[13:39:15] Read1: loaded 78M reads 
[13:39:15] Read2: loaded 78M reads 
[13:39:16] Read1: loaded 79M reads 
[13:39:16] Read2: loaded 79M reads 
[13:39:17] Read1: loaded 80M reads 
[13:39:17] Read2: loaded 80M reads 
[13:39:18] Read1: loaded 81M reads 
[13:39:18] Read2: loaded 81M reads 
[13:39:20] Read2: loaded 82M reads 
[13:39:20] Read1: loaded 82M reads 
[13:39:21] Read2: loaded 83M reads 
[13:39:21] Read1: loaded 83M reads 
[13:39:22] Read1: loaded 84M reads 
[13:39:22] Read2: loaded 84M reads 
[13:39:23] Read2: loaded 85M reads 
[13:39:23] Read1: loaded 85M reads 
[13:39:24] Read2: loaded 86M reads 
[13:39:24] Read1: loaded 86M reads 
[13:39:25] Read1: loaded 87M reads 
[13:39:25] Read2: loaded 87M reads 
[13:39:26] Read2: loaded 88M reads 
[13:39:26] Read1: loaded 88M reads 
[13:39:27] Read2: loaded 89M reads 
[13:39:27] Read1: loaded 89M reads 
[13:39:29] Read1: loaded 90M reads 
[13:39:29] Read2: loaded 90M reads 
[13:39:30] Read1: loaded 91M reads 
[13:39:30] Read2: loaded 91M reads 
[13:39:31] Read1: loaded 92M reads 
[13:39:31] Read2: loaded 92M reads 
[13:39:32] Read2: loaded 93M reads 
[13:39:32] Read1: loaded 93M reads 
[13:39:33] Read2: loaded 94M reads 
[13:39:33] Read1: loaded 94M reads 
[13:39:34] Read2: loaded 95M reads 
[13:39:34] Read1: loaded 95M reads 
[13:39:35] Read2: loaded 96M reads 
[13:39:35] Read1: loaded 96M reads 
[13:39:37] Read1: loaded 97M reads 
[13:39:37] Read2: loaded 97M reads 
[13:39:38] Read2: loaded 98M reads 
[13:39:38] Read1: loaded 98M reads 
[13:39:39] Read2: loaded 99M reads 
[13:39:39] Read1: loaded 99M reads 
[13:39:40] Read2: loaded 100M reads 
[13:39:40] Read1: loaded 100M reads 
[13:39:41] Read1: loaded 101M reads 
[13:39:41] Read2: loaded 101M reads 
[13:39:42] Read1: loaded 102M reads 
[13:39:42] Read2: loaded 102M reads 
[13:39:43] Read1: loaded 103M reads 
[13:39:43] Read2: loaded 103M reads 
[13:39:44] Read1: loaded 104M reads 
[13:39:44] Read2: loaded 104M reads 
[13:39:46] Read2: loaded 105M reads 
[13:39:46] Read1: loaded 105M reads 
[13:39:47] Read2: loaded 106M reads 
[13:39:47] Read1: loaded 106M reads 
[13:39:48] Read2: loaded 107M reads 
[13:39:48] Read1: loaded 107M reads 
[13:39:49] Read1: loaded 108M reads 
[13:39:49] Read2: loaded 108M reads 
[13:39:50] Read2: loaded 109M reads 
[13:39:50] Read1: loaded 109M reads 
[13:39:51] Read2: loaded 110M reads 
[13:39:51] Read1: loaded 110M reads 
[13:39:53] Read2: loaded 111M reads 
[13:39:53] Read1: loaded 111M reads 
[13:39:54] Read2: loaded 112M reads 
[13:39:54] Read1: loaded 112M reads 
[13:39:55] Read2: loaded 113M reads 
[13:39:55] Read1: loaded 113M reads 
[13:39:56] Read1: loaded 114M reads 
[13:39:56] Read2: loaded 114M reads 
[13:39:57] Read1: loaded 115M reads 
[13:39:57] Read2: loaded 115M reads 
[13:39:58] Read2: loaded 116M reads 
[13:39:58] Read1: loaded 116M reads 
[13:40:00] Read2: loaded 117M reads 
[13:40:00] Read1: loaded 117M reads 
[13:40:01] Read1: loaded 118M reads 
[13:40:01] Read2: loaded 118M reads 
[13:40:02] Read1: loaded 119M reads 
[13:40:02] Read2: loaded 119M reads 
[13:40:03] Read1: loaded 120M reads 
[13:40:03] Read2: loaded 120M reads 
[13:40:04] Read1: loaded 121M reads 
[13:40:04] Read2: loaded 121M reads 
[13:40:05] Read1: loaded 122M reads 
[13:40:05] Read2: loaded 122M reads 
[13:40:07] Read1: loaded 123M reads 
[13:40:07] Read2: loaded 123M reads 
[13:40:08] Read2: loaded 124M reads 
[13:40:08] Read1: loaded 124M reads 
[13:40:09] Read1: loaded 125M reads 
[13:40:09] Read2: loaded 125M reads 
[13:40:10] Read1: loaded 126M reads 
[13:40:10] Read2: loaded 126M reads 
[13:40:11] Read1: loaded 127M reads 
[13:40:11] Read2: loaded 127M reads 
[13:40:13] Read1: loaded 128M reads 
[13:40:13] Read2: loaded 128M reads 
[13:40:14] Read1: loaded 129M reads 
[13:40:14] Read2: loaded 129M reads 
[13:40:15] Read1: loaded 130M reads 
[13:40:15] Read2: loaded 130M reads 
[13:40:16] Read1: loaded 131M reads 
[13:40:16] Read2: loaded 131M reads 
[13:40:17] Read2: loaded 132M reads 
[13:40:17] Read1: loaded 132M reads 
[13:40:19] Read1: loaded 133M reads 
[13:40:19] Read2: loaded 133M reads 
[13:40:20] Read1: loaded 134M reads 
[13:40:20] Read2: loaded 134M reads 
[13:40:21] Read2: loaded 135M reads 
[13:40:21] Read1: loaded 135M reads 
[13:40:22] Read2: loaded 136M reads 
[13:40:22] Read1: loaded 136M reads 
[13:40:24] Read1: loaded 137M reads 
[13:40:24] Read2: loaded 137M reads 
[13:40:25] Read2: loaded 138M reads 
[13:40:25] Read1: loaded 138M reads 
[13:40:26] Read2: loaded 139M reads 
[13:40:26] Read1: loaded 139M reads 
[13:40:27] Read1: loaded 140M reads 
[13:40:27] Read2: loaded 140M reads 
[13:40:29] Read1: loaded 141M reads 
[13:40:29] Read2: loaded 141M reads 
[13:40:30] Read1: loaded 142M reads 
[13:40:30] Read2: loaded 142M reads 
[13:40:31] Read1: loaded 143M reads 
[13:40:31] Read2: loaded 143M reads 
[13:40:32] Read1: loaded 144M reads 
[13:40:32] Read2: loaded 144M reads 
[13:40:34] Read1: loaded 145M reads 
[13:40:34] Read2: loaded 145M reads 
[13:40:35] Read1: loaded 146M reads 
[13:40:35] Read2: loaded 146M reads 
[13:40:36] Read1: loaded 147M reads 
[13:40:36] Read2: loaded 147M reads 
[13:40:37] Read1: loaded 148M reads 
[13:40:37] Read2: loaded 148M reads 
[13:40:39] Read1: loaded 149M reads 
[13:40:39] Read2: loaded 149M reads 
[13:40:40] Read1: loaded 150M reads 
[13:40:40] Read2: loaded 150M reads 
[13:40:41] Read1: loaded 151M reads 
[13:40:41] Read2: loaded 151M reads 
[13:40:42] Read1: loaded 152M reads 
[13:40:42] Read2: loaded 152M reads 
[13:40:44] Read1: loaded 153M reads 
[13:40:44] Read2: loaded 153M reads 
[13:40:45] Read1: loaded 154M reads 
[13:40:45] Read2: loaded 154M reads 
[13:40:46] Read2: loaded 155M reads 
[13:40:46] Read1: loaded 155M reads 
[13:40:47] Read2: loaded 156M reads 
[13:40:47] Read1: loaded 156M reads 
[13:40:49] Read1: loaded 157M reads 
[13:40:49] Read2: loaded 157M reads 
[13:40:50] Read1: loaded 158M reads 
[13:40:50] Read2: loaded 158M reads 
[13:40:51] Read1: loaded 159M reads 
[13:40:51] Read2: loaded 159M reads 
[13:40:52] Read1: loaded 160M reads 
[13:40:53] Read2: loaded 160M reads 
[13:40:54] Read2: loaded 161M reads 
[13:40:54] Read1: loaded 161M reads 
[13:40:55] Read1: loaded 162M reads 
[13:40:55] Read2: loaded 162M reads 
[13:40:56] Read1: loaded 163M reads 
[13:40:56] Read2: loaded 163M reads 
[13:40:58] Read1: loaded 164M reads 
[13:40:58] Read2: loaded 164M reads 
[13:40:59] Read1: loaded 165M reads 
[13:40:59] Read2: loaded 165M reads 
[13:41:00] Read1: loaded 166M reads 
[13:41:00] Read2: loaded 166M reads 
[13:41:01] Read2: loaded 167M reads 
[13:41:01] Read1: loaded 167M reads 
[13:41:03] Read2: loaded 168M reads 
[13:41:03] Read1: loaded 168M reads 
[13:41:04] Read2: loaded 169M reads 
[13:41:04] Read1: loaded 169M reads 
[13:41:05] Read2: loaded 170M reads 
[13:41:05] Read1: loaded 170M reads 
[13:41:07] Read2: loaded 171M reads 
[13:41:07] Read1: loaded 171M reads 
[13:41:08] Read2: loaded 172M reads 
[13:41:08] Read1: loaded 172M reads 
[13:41:09] Read1: loaded 173M reads 
[13:41:09] Read2: loaded 173M reads 
[13:41:10] Read2: loaded 174M reads 
[13:41:10] Read1: loaded 174M reads 
[13:41:12] Read2: loaded 175M reads 
[13:41:12] Read1: loaded 175M reads 
[13:41:13] Read1: loaded 176M reads 
[13:41:13] Read2: loaded 176M reads 
[13:41:14] Read2: loaded 177M reads 
[13:41:14] Read1: loaded 177M reads 
[13:41:16] Read2: loaded 178M reads 
[13:41:16] Read1: loaded 178M reads 
[13:41:17] Read1: loaded 179M reads 
[13:41:17] Read2: loaded 179M reads 
[13:41:18] Read2: loaded 180M reads 
[13:41:18] Read1: loaded 180M reads 
[13:41:19] Read1: loaded 181M reads 
[13:41:19] Read2: loaded 181M reads 
[13:41:21] Read1: loaded 182M reads 
[13:41:21] Read2: loaded 182M reads 
[13:41:22] Read1: loaded 183M reads 
[13:41:22] Read2: loaded 183M reads 
[13:41:23] Read1: loaded 184M reads 
[13:41:23] Read2: loaded 184M reads 
[13:41:25] Read1: loaded 185M reads 
[13:41:25] Read2: loaded 185M reads 
[13:41:26] Read1: loaded 186M reads 
[13:41:26] Read2: loaded 186M reads 
[13:41:27] Read1: loaded 187M reads 
[13:41:27] Read2: loaded 187M reads 
[13:41:29] Read1: loaded 188M reads 
[13:41:29] Read2: loaded 188M reads 
[13:41:30] Read1: loaded 189M reads 
[13:41:30] Read2: loaded 189M reads 
[13:41:32] Read1: loaded 190M reads 
[13:41:32] Read2: loaded 190M reads 
[13:41:33] Read1: loaded 191M reads 
[13:41:33] Read2: loaded 191M reads 
[13:41:34] Read1: loaded 192M reads 
[13:41:34] Read2: loaded 192M reads 
[13:41:36] Read1: loaded 193M reads 
[13:41:36] Read2: loaded 193M reads 
[13:41:37] Read1: loaded 194M reads 
[13:41:37] Read2: loaded 194M reads 
[13:41:38] Read1: loaded 195M reads 
[13:41:38] Read2: loaded 195M reads 
[13:41:40] Read1: loaded 196M reads 
[13:41:40] Read2: loaded 196M reads 
[13:41:41] Read1: loaded 197M reads 
[13:41:41] Read2: loaded 197M reads 
[13:41:43] Read1: loaded 198M reads 
[13:41:43] Read2: loaded 198M reads 
[13:41:44] Read1: loaded 199M reads 
[13:41:44] Read2: loaded 199M reads 
[13:41:45] Read1: loaded 200M reads 
[13:41:45] Read2: loaded 200M reads 
[13:41:47] Read1: loaded 201M reads 
[13:41:47] Read2: loaded 201M reads 
[13:41:48] Read1: loaded 202M reads 
[13:41:48] Read2: loaded 202M reads 
[13:41:50] Read1: loaded 203M reads 
[13:41:50] Read2: loaded 203M reads 
[13:41:51] Read1: loaded 204M reads 
[13:41:51] Read2: loaded 204M reads 
[13:41:52] Read1: loaded 205M reads 
[13:41:52] Read2: loaded 205M reads 
[13:41:54] Read1: loaded 206M reads 
[13:41:54] Read2: loaded 206M reads 
[13:41:55] Read1: loaded 207M reads 
[13:41:55] Read2: loaded 207M reads 
[13:41:57] Read1: loaded 208M reads 
[13:41:57] Read2: loaded 208M reads 
[13:41:58] Read1: loaded 209M reads 
[13:41:58] Read2: loaded 209M reads 
[13:42:00] Read1: loaded 210M reads 
[13:42:00] Read2: loaded 210M reads 
[13:42:01] Read1: loaded 211M reads 
[13:42:01] Read2: loaded 211M reads 
[13:42:02] Read1: loaded 212M reads 
[13:42:02] Read2: loaded 212M reads 
[13:42:04] Read1: loaded 213M reads 
[13:42:04] Read2: loaded 213M reads 
[13:42:05] Read1: loaded 214M reads 
[13:42:05] Read2: loaded 214M reads 
[13:42:07] Read1: loaded 215M reads 
[13:42:07] Read2: loaded 215M reads 
[13:42:08] Read1: loaded 216M reads 
[13:42:08] Read2: loaded 216M reads 
[13:42:10] Read1: loaded 217M reads 
[13:42:10] Read2: loaded 217M reads 
[13:42:11] Read1: loaded 218M reads 
[13:42:11] Read2: loaded 218M reads 
[13:42:13] Read1: loaded 219M reads 
[13:42:13] Read2: loaded 219M reads 
[13:42:14] Read1: loaded 220M reads 
[13:42:14] Read2: loaded 220M reads 
[13:42:15] Read1: loaded 221M reads 
[13:42:15] Read2: loaded 221M reads 
[13:42:17] Read1: loaded 222M reads 
[13:42:17] Read2: loaded 222M reads 
[13:42:18] Read1: loaded 223M reads 
[13:42:18] Read2: loaded 223M reads 
[13:42:20] Read1: loaded 224M reads 
[13:42:20] Read2: loaded 224M reads 
[13:42:21] Read1: loaded 225M reads 
[13:42:21] Read2: loaded 225M reads 
[13:42:23] Read1: loaded 226M reads 
[13:42:23] Read2: loaded 226M reads 
[13:42:24] Read1: loaded 227M reads 
[13:42:24] Read2: loaded 227M reads 
[13:42:26] Read1: loaded 228M reads 
[13:42:26] Read2: loaded 228M reads 
[13:42:27] Read1: loaded 229M reads 
[13:42:27] Read2: loaded 229M reads 
[13:42:29] Read1: loaded 230M reads 
[13:42:29] Read2: loaded 230M reads 
[13:42:30] Read1: loaded 231M reads 
[13:42:30] Read2: loaded 231M reads 
[13:42:32] Read1: loaded 232M reads 
[13:42:32] Read2: loaded 232M reads 
[13:42:33] Read1: loaded 233M reads 
[13:42:33] Read2: loaded 233M reads 
[13:42:34] Read1: loaded 234M reads 
[13:42:34] Read2: loaded 234M reads 
[13:42:36] Read1: loaded 235M reads 
[13:42:36] Read2: loaded 235M reads 
[13:42:37] Read1: loaded 236M reads 
[13:42:38] Read2: loaded 236M reads 
[13:42:39] Read1: loaded 237M reads 
[13:42:39] Read2: loaded 237M reads 
[13:42:41] Read1: loaded 238M reads 
[13:42:41] Read2: loaded 238M reads 
[13:42:42] Read1: loaded 239M reads 
[13:42:42] Read2: loaded 239M reads 
[13:42:44] Read1: loaded 240M reads 
[13:42:44] Read2: loaded 240M reads 
[13:42:45] Read1: loaded 241M reads 
[13:42:45] Read2: loaded 241M reads 
[13:42:47] Read1: loaded 242M reads 
[13:42:47] Read2: loaded 242M reads 
[13:42:48] Read1: loaded 243M reads 
[13:42:48] Read2: loaded 243M reads 
[13:42:51] Read1: loaded 244M reads 
[13:42:51] Read2: loaded 244M reads 
[13:42:54] Read1: loaded 245M reads 
[13:42:54] Read2: loaded 245M reads 
[13:42:58] Read1: loaded 246M reads 
[13:42:58] Read2: loaded 246M reads 
[13:43:01] Read1: loaded 247M reads 
[13:43:01] Read2: loaded 247M reads 
[13:43:05] Read1: loaded 248M reads 
[13:43:05] Read2: loaded 248M reads 
[13:43:08] Read1: loaded 249M reads 
[13:43:08] Read2: loaded 249M reads 
[13:43:11] Read1: loaded 250M reads 
[13:43:11] Read2: loaded 250M reads 
[13:43:15] Read1: loaded 251M reads 
[13:43:15] Read2: loaded 251M reads 
[13:43:18] Read1: loaded 252M reads 
[13:43:18] Read2: loaded 252M reads 
[13:43:22] Read1: loaded 253M reads 
[13:43:22] Read2: loaded 253M reads 
[13:43:25] Read1: loaded 254M reads 
[13:43:25] Read2: loaded 254M reads 
[13:43:29] Read1: loaded 255M reads 
[13:43:29] Read2: loaded 255M reads 
[13:43:32] Read1: loaded 256M reads 
[13:43:32] Read2: loaded 256M reads 
[13:43:35] Read1: loaded 257M reads 
[13:43:35] Read2: loaded 257M reads 
[13:43:39] Read1: loaded 258M reads 
[13:43:39] Read2: loaded 258M reads 
[13:43:42] Read1: loaded 259M reads 
[13:43:42] Read2: loaded 259M reads 
[13:43:45] Read1: loaded 260M reads 
[13:43:45] Read2: loaded 260M reads 
[13:43:49] Read1: loaded 261M reads 
[13:43:49] Read2: loaded 261M reads 
[13:43:52] Read1: loaded 262M reads 
[13:43:52] Read2: loaded 262M reads 
[13:43:56] Read1: loaded 263M reads 
[13:43:56] Read2: loaded 263M reads 
[13:43:59] Read1: loaded 264M reads 
[13:43:59] Read2: loaded 264M reads 
[13:44:03] Read1: loaded 265M reads 
[13:44:03] Read2: loaded 265M reads 
[13:44:06] Read1: loaded 266M reads 
[13:44:06] Read2: loaded 266M reads 
[13:44:09] Read1: loaded 267M reads 
[13:44:10] Read2: loaded 267M reads 
[13:44:13] Read1: loaded 268M reads 
[13:44:13] Read2: loaded 268M reads 
[13:44:16] Read1: loaded 269M reads 
[13:44:16] Read2: loaded 269M reads 
[13:44:20] Read1: loaded 270M reads 
[13:44:20] Read2: loaded 270M reads 
[13:44:23] Read1: loaded 271M reads 
[13:44:23] Read2: loaded 271M reads 
[13:44:26] Read1: loaded 272M reads 
[13:44:26] Read2: loaded 272M reads 
[13:44:30] Read1: loaded 273M reads 
[13:44:30] Read2: loaded 273M reads 
[13:44:33] Read1: loaded 274M reads 
[13:44:33] Read2: loaded 274M reads 
[13:44:37] Read1: loaded 275M reads 
[13:44:37] Read2: loaded 275M reads 
[13:44:40] Read1: loaded 276M reads 
[13:44:40] Read2: loaded 276M reads 
[13:44:43] Read1: loaded 277M reads 
[13:44:44] Read2: loaded 277M reads 
[13:44:47] Read1: loaded 278M reads 
[13:44:47] Read2: loaded 278M reads 
[13:44:50] Read1: loaded 279M reads 
[13:44:50] Read2: loaded 279M reads 
[13:44:54] Read1: loaded 280M reads 
[13:44:54] Read2: loaded 280M reads 
[13:44:57] Read1: loaded 281M reads 
[13:44:57] Read2: loaded 281M reads 
[13:45:01] Read1: loaded 282M reads 
[13:45:01] Read2: loaded 282M reads 
[13:45:04] Read1: loaded 283M reads 
[13:45:04] Read2: loaded 283M reads 
[13:45:07] Read1: loaded 284M reads 
[13:45:07] Read2: loaded 284M reads 
[13:45:11] Read1: loaded 285M reads 
[13:45:11] Read2: loaded 285M reads 
[13:45:14] Read1: loaded 286M reads 
[13:45:14] Read2: loaded 286M reads 
[13:45:18] Read1: loaded 287M reads 
[13:45:18] Read2: loaded 287M reads 
[13:45:21] Read1: loaded 288M reads 
[13:45:21] Read2: loaded 288M reads 
[13:45:25] Read1: loaded 289M reads 
[13:45:25] Read2: loaded 289M reads 
[13:45:28] Read1: loaded 290M reads 
[13:45:28] Read2: loaded 290M reads 
[13:45:32] Read1: loaded 291M reads 
[13:45:32] Read2: loaded 291M reads 
[13:45:35] Read1: loaded 292M reads 
[13:45:35] Read2: loaded 292M reads 
[13:45:38] Read1: loaded 293M reads 
[13:45:38] Read2: loaded 293M reads 
[13:45:42] Read1: loaded 294M reads 
[13:45:42] Read2: loaded 294M reads 
[13:45:45] Read1: loaded 295M reads 
[13:45:45] Read2: loaded 295M reads 
[13:45:49] Read1: loaded 296M reads 
[13:45:49] Read2: loaded 296M reads 
[13:45:52] Read1: loaded 297M reads 
[13:45:52] Read2: loaded 297M reads 
[13:45:55] Read1: loaded 298M reads 
[13:45:55] Read2: loaded 298M reads 
[13:45:59] Read1: loaded 299M reads 
[13:45:59] Read2: loaded 299M reads 
[13:46:02] Read1: loaded 300M reads 
[13:46:02] Read2: loaded 300M reads 
[13:46:06] Read1: loaded 301M reads 
[13:46:06] Read2: loaded 301M reads 
[13:46:09] Read1: loaded 302M reads 
[13:46:09] Read2: loaded 302M reads 
[13:46:13] Read1: loaded 303M reads 
[13:46:13] Read2: loaded 303M reads 
[13:46:16] Read1: loaded 304M reads 
[13:46:16] Read2: loaded 304M reads 
[13:46:19] Read1: loaded 305M reads 
[13:46:19] Read2: loaded 305M reads 
[13:46:23] Read1: loaded 306M reads 
[13:46:23] Read2: loaded 306M reads 
[13:46:26] Read1: loaded 307M reads 
[13:46:26] Read2: loaded 307M reads 
[13:46:30] Read1: loaded 308M reads 
[13:46:30] Read2: loaded 308M reads 
[13:46:33] Read1: loaded 309M reads 
[13:46:33] Read2: loaded 309M reads 
[13:46:37] Read1: loaded 310M reads 
[13:46:37] Read2: loaded 310M reads 
[13:46:40] Read1: loaded 311M reads 
[13:46:40] Read2: loaded 311M reads 
[13:46:43] Read1: loaded 312M reads 
[13:46:43] Read2: loaded 312M reads 
[13:46:46] Read1: loaded 313M reads 
[13:46:47] Read2: loaded 313M reads 
[13:46:50] Read1: loaded 314M reads 
[13:46:50] Read2: loaded 314M reads 
[13:46:53] Read1: loaded 315M reads 
[13:46:53] Read2: loaded 315M reads 
[13:46:56] Read1: loaded 316M reads 
[13:46:56] Read2: loaded 316M reads 
[13:47:00] Read1: loaded 317M reads 
[13:47:00] Read2: loaded 317M reads 
[13:47:03] Read1: loaded 318M reads 
[13:47:03] Read2: loaded 318M reads 
[13:47:07] Read1: loaded 319M reads 
[13:47:07] Read2: loaded 319M reads 
[13:47:10] Read1: loaded 320M reads 
[13:47:10] Read2: loaded 320M reads 
[13:47:13] Read1: loaded 321M reads 
[13:47:13] Read2: loaded 321M reads 
[13:47:17] Read1: loaded 322M reads 
[13:47:17] Read2: loaded 322M reads 
[13:47:20] Read1: loaded 323M reads 
[13:47:20] Read2: loaded 323M reads 
[13:47:24] Read1: loaded 324M reads 
[13:47:24] Read2: loaded 324M reads 
[13:47:27] Read1: loaded 325M reads 
[13:47:27] Read2: loaded 325M reads 
[13:47:30] Read1: loaded 326M reads 
[13:47:31] Read2: loaded 326M reads 
[13:47:34] Read1: loaded 327M reads 
[13:47:34] Read2: loaded 327M reads 
[13:47:37] Read1: loaded 328M reads 
[13:47:37] Read2: loaded 328M reads 
[13:47:41] Read1: loaded 329M reads 
[13:47:41] Read2: loaded 329M reads 
[13:47:44] Read1: loaded 330M reads 
[13:47:44] Read2: loaded 330M reads 
[13:47:48] Read1: loaded 331M reads 
[13:47:48] Read2: loaded 331M reads 
[13:47:51] Read1: loaded 332M reads 
[13:47:51] Read2: loaded 332M reads 
[13:47:55] Read1: loaded 333M reads 
[13:47:55] Read2: loaded 333M reads 
[13:47:58] Read1: loaded 334M reads 
[13:47:58] Read2: loaded 334M reads 
[13:48:01] Read1: loaded 335M reads 
[13:48:01] Read2: loaded 335M reads 
[13:48:05] Read1: loaded 336M reads 
[13:48:05] Read2: loaded 336M reads 
[13:48:08] Read1: loaded 337M reads 
[13:48:08] Read2: loaded 337M reads 
[13:48:12] Read1: loaded 338M reads 
[13:48:12] Read2: loaded 338M reads 
[13:48:15] Read1: loaded 339M reads 
[13:48:15] Read2: loaded 339M reads 
[13:48:18] Read1: loaded 340M reads 
[13:48:18] Read2: loaded 340M reads 
[13:48:22] Read1: loaded 341M reads 
[13:48:22] Read2: loaded 341M reads 
[13:48:25] Read1: loaded 342M reads 
[13:48:25] Read2: loaded 342M reads 
[13:48:29] Read1: loaded 343M reads 
[13:48:29] Read2: loaded 343M reads 
[13:48:32] Read1: loaded 344M reads 
[13:48:32] Read2: loaded 344M reads 
[13:48:35] Read1: loaded 345M reads 
[13:48:35] Read2: loaded 345M reads 
[13:48:39] Read1: loaded 346M reads 
[13:48:39] Read2: loaded 346M reads 
[13:48:42] Read1: loaded 347M reads 
[13:48:42] Read2: loaded 347M reads 
[13:48:45] Read1: loaded 348M reads 
[13:48:46] Read2: loaded 348M reads 
[13:48:49] Read1: loaded 349M reads 
[13:48:49] Read2: loaded 349M reads 
[13:48:52] Read1: loaded 350M reads 
[13:48:52] Read2: loaded 350M reads 
[13:48:56] Read1: loaded 351M reads 
[13:48:56] Read2: loaded 351M reads 
[13:48:59] Read1: loaded 352M reads 
[13:48:59] Read2: loaded 352M reads 
[13:49:02] Read1: loaded 353M reads 
[13:49:02] Read2: loaded 353M reads 
[13:49:06] Read1: loaded 354M reads 
[13:49:06] Read2: loaded 354M reads 
[13:49:09] Read1: loaded 355M reads 
[13:49:09] Read2: loaded 355M reads 
[13:49:13] Read1: loaded 356M reads 
[13:49:13] Read2: loaded 356M reads 
[13:49:16] Read1: loaded 357M reads 
[13:49:16] Read2: loaded 357M reads 
[13:49:19] Read1: loaded 358M reads 
[13:49:19] Read2: loaded 358M reads 
[13:49:23] Read1: loaded 359M reads 
[13:49:23] Read2: loaded 359M reads 
[13:49:26] Read1: loaded 360M reads 
[13:49:26] Read2: loaded 360M reads 
[13:49:29] Read1: loaded 361M reads 
[13:49:29] Read2: loaded 361M reads 
[13:49:30] Read1: loading completed with 361282 packs 
[13:49:30] thread 3 data processing completed 
[13:49:30] thread 3 finished 
[13:49:30] thread 4 data processing completed 
[13:49:30] thread 4 finished 
[13:49:30] thread 5 data processing completed 
[13:49:30] thread 5 finished 
[13:49:30] thread 6 data processing completed 
[13:49:30] thread 6 finished 
[13:49:30] thread 7 data processing completed 
[13:49:30] thread 7 finished 
[13:49:30] thread 8 data processing completed 
[13:49:30] thread 8 finished 
[13:49:30] thread 9 data processing completed 
[13:49:30] thread 9 finished 
[13:49:30] thread 11 data processing completed 
[13:49:30] thread 11 finished 
[13:49:30] thread 10 data processing completed 
[13:49:30] thread 10 finished 
[13:49:30] thread 12 data processing completed 
[13:49:30] thread 12 finished 
[13:49:30] thread 13 data processing completed 
[13:49:30] thread 13 finished 
[13:49:30] thread 14 data processing completed 
[13:49:30] thread 14 finished 
[13:49:30] thread 15 data processing completed 
[13:49:30] thread 15 finished 
[13:49:30] thread 16 data processing completed 
[13:49:30] thread 16 finished 
[13:49:30] thread 17 data processing completed 
[13:49:30] thread 17 finished 
[13:49:30] thread 18 data processing completed 
[13:49:30] thread 18 finished 
[13:49:30] thread 19 data processing completed 
[13:49:30] thread 19 finished 
[13:49:30] thread 20 data processing completed 
[13:49:30] thread 20 finished 
[13:49:30] thread 21 data processing completed 
[13:49:30] thread 21 finished 
[13:49:30] thread 22 data processing completed 
[13:49:30] thread 22 finished 
[13:49:30] thread 23 data processing completed 
[13:49:30] thread 23 finished 
[13:49:30] thread 24 data processing completed 
[13:49:30] thread 24 finished 
[13:49:30] Read2: loading completed with 361282 packs 
[13:49:30] thread 26 data processing completed 
[13:49:30] thread 26 finished 
[13:49:30] thread 27 data processing completed 
[13:49:30] thread 27 finished 
[13:49:30] thread 25 data processing completed 
[13:49:30] thread 25 finished 
[13:49:30] thread 28 data processing completed 
[13:49:30] thread 28 finished 
[13:49:30] thread 29 data processing completed 
[13:49:30] thread 29 finished 
[13:49:30] thread 30 data processing completed 
[13:49:30] thread 30 finished 
[13:49:30] thread 31 data processing completed 
[13:49:30] thread 31 finished 
[13:49:30] thread 32 data processing completed 
[13:49:30] thread 32 finished 
[13:49:30] thread 1 data processing completed 
[13:49:30] thread 1 finished 
[13:49:30] thread 2 data processing completed 
[13:49:30] thread 2 finished 
[13:49:30] start to generate reports
 
Read1 before filtering:
total reads: 361281611
total bases: 54192241650
Q20 bases: 54123398100(99.873%)
Q30 bases: 54123398100(99.873%)
Q40 bases: 0(0%)

Read2 before filtering:
total reads: 361281611
total bases: 54192241650
Q20 bases: 53855170050(99.378%)
Q30 bases: 53855170050(99.378%)
Q40 bases: 0(0%)

Read1 after filtering:
total reads: 358607374
total bases: 53574361382
Q20 bases: 53574361382(100%)
Q30 bases: 53574361382(100%)
Q40 bases: 0(0%)

Read2 after filtering:
total reads: 358607374
total bases: 53574361382
Q20 bases: 53574361382(100%)
Q30 bases: 53574361382(100%)
Q40 bases: 0(0%)

Filtering result:
reads passed filter: 717214748
reads failed due to low quality: 5328396
reads failed due to too many N: 20078
reads failed due to too short: 0
reads failed due to adapter dimer: 0
reads with adapter trimmed: 9627740
bases trimmed due to adapters: 442711160

Duplication rate: 5.60214%

Insert size peak (evaluated by paired-end reads): 269

JSON report: /dev/shm/fastp_bench_chPqPA.json
HTML report: /dev/null

/home/mpiuser/bioauto_rev/fastp_d0bromir/../fastp_opengene/fastp -w 32 -j /dev/shm/fastp_bench_chPqPA.json -h /dev/null --verbose -i /home/mpiuser/FASTQ/WGS/DRR216653_1.fastq.gz -I /home/mpiuser/FASTQ/WGS/DRR216653_2.fastq.gz -o /dev/shm/fastp_bench_KDDpyq_R1.fq.gz -O /dev/shm/fastp_bench_BZlXHF_R2.fq.gz 
fastp v1.3.3, time used: 707 seconds
================================================================

================================================================
 Application  : d0bromir_cpu (/home/mpiuser/bioauto_rev/fastp_d0bromir/fastp-cpu)
 Dataset      : WGS PE 40G (DRR216653 R1+R2)
 Files        : R1=/home/mpiuser/FASTQ/WGS/DRR216653_1.fastq.gz
               R2=/home/mpiuser/FASTQ/WGS/DRR216653_2.fastq.gz
 Type         : PE
 Threads      : 32
 Wall time    : 242.041 s
 reads_in     : 722563222
 reads_out    : 717214748
 vs_opengene  : -65.7%
--- Resource usage ---
 CPU avg/peak : 3434.1% / 4072.4%
 RSS peak     : 3415 MiB
 GPU util a/p : 0.0% / 0.0%
 GPU mem peak : 0 MiB
 Sample CSV   : /home/mpiuser/bioauto_rev/fastp_d0bromir/benchmark_results/20261003_133745/resources/resource_WGS_PE_40G_d0bromir_cpu_T32_1791035378.csv
--- Profiling output ---
[13:49:38] fastp 1.3.3-d0bromir starting 
[13:49:38] [fastp 1.3.3-d0bromir] Stage: loading 
[13:49:38] start to load data of read1 
[13:49:38] start to load data of read2 
[13:49:39] Read2: loaded 1M reads 
[13:49:39] Read1: loaded 1M reads 
[13:49:40] Read2: loaded 2M reads 
[13:49:40] Read1: loaded 2M reads 
[13:49:40] Read2: loaded 3M reads 
[13:49:40] Read1: loaded 3M reads 
[13:49:41] Read1: loaded 4M reads 
[13:49:41] Read2: loaded 4M reads 
[13:49:42] Read2: loaded 5M reads 
[13:49:42] Read1: loaded 5M reads 
[13:49:42] Read1: loaded 6M reads 
[13:49:42] Read2: loaded 6M reads 
[13:49:43] Read1: loaded 7M reads 
[13:49:43] Read2: loaded 7M reads 
[13:49:44] Read1: loaded 8M reads 
[13:49:44] Read2: loaded 8M reads 
[13:49:44] Read1: loaded 9M reads 
[13:49:44] Read2: loaded 9M reads 
[13:49:45] Read2: loaded 10M reads 
[13:49:45] Read1: loaded 10M reads 
[13:49:46] Read1: loaded 11M reads 
[13:49:46] Read2: loaded 11M reads 
[13:49:46] Read2: loaded 12M reads 
[13:49:46] Read1: loaded 12M reads 
[13:49:47] Read2: loaded 13M reads 
[13:49:47] Read1: loaded 13M reads 
[13:49:48] Read2: loaded 14M reads 
[13:49:48] Read1: loaded 14M reads 
[13:49:48] Read2: loaded 15M reads 
[13:49:48] Read1: loaded 15M reads 
[13:49:49] Read2: loaded 16M reads 
[13:49:49] Read1: loaded 16M reads 
[13:49:50] Read2: loaded 17M reads 
[13:49:50] Read1: loaded 17M reads 
[13:49:50] Read2: loaded 18M reads 
[13:49:50] Read1: loaded 18M reads 
[13:49:51] Read2: loaded 19M reads 
[13:49:51] Read1: loaded 19M reads 
[13:49:51] Read2: loaded 20M reads 
[13:49:51] Read1: loaded 20M reads 
[13:49:52] Read2: loaded 21M reads 
[13:49:52] Read1: loaded 21M reads 
[13:49:53] Read2: loaded 22M reads 
[13:49:53] Read1: loaded 22M reads 
[13:49:53] Read2: loaded 23M reads 
[13:49:53] Read1: loaded 23M reads 
[13:49:54] Read2: loaded 24M reads 
[13:49:54] Read1: loaded 24M reads 
[13:49:55] Read2: loaded 25M reads 
[13:49:55] Read1: loaded 25M reads 
[13:49:55] Read2: loaded 26M reads 
[13:49:55] Read1: loaded 26M reads 
[13:49:56] Read2: loaded 27M reads 
[13:49:56] Read1: loaded 27M reads 
[13:49:57] Read2: loaded 28M reads 
[13:49:57] Read1: loaded 28M reads 
[13:49:57] Read2: loaded 29M reads 
[13:49:57] Read1: loaded 29M reads 
[13:49:58] Read2: loaded 30M reads 
[13:49:58] Read1: loaded 30M reads 
[13:49:59] Read2: loaded 31M reads 
[13:49:59] Read1: loaded 31M reads 
[13:49:59] Read2: loaded 32M reads 
[13:49:59] Read1: loaded 32M reads 
[13:50:00] Read2: loaded 33M reads 
[13:50:00] Read1: loaded 33M reads 
[13:50:00] Read2: loaded 34M reads 
[13:50:01] Read1: loaded 34M reads 
[13:50:01] Read2: loaded 35M reads 
[13:50:01] Read1: loaded 35M reads 
[13:50:02] Read2: loaded 36M reads 
[13:50:02] Read1: loaded 36M reads 
[13:50:02] Read2: loaded 37M reads 
[13:50:02] Read1: loaded 37M reads 
[13:50:03] Read2: loaded 38M reads 
[13:50:03] Read1: loaded 38M reads 
[13:50:04] Read2: loaded 39M reads 
[13:50:04] Read1: loaded 39M reads 
[13:50:04] Read2: loaded 40M reads 
[13:50:04] Read1: loaded 40M reads 
[13:50:05] Read2: loaded 41M reads 
[13:50:05] Read1: loaded 41M reads 
[13:50:06] Read2: loaded 42M reads 
[13:50:06] Read1: loaded 42M reads 
[13:50:06] Read2: loaded 43M reads 
[13:50:06] Read1: loaded 43M reads 
[13:50:07] Read2: loaded 44M reads 
[13:50:07] Read1: loaded 44M reads 
[13:50:08] Read2: loaded 45M reads 
[13:50:08] Read1: loaded 45M reads 
[13:50:08] Read2: loaded 46M reads 
[13:50:08] Read1: loaded 46M reads 
[13:50:09] Read2: loaded 47M reads 
[13:50:09] Read1: loaded 47M reads 
[13:50:10] Read2: loaded 48M reads 
[13:50:10] Read1: loaded 48M reads 
[13:50:10] Read2: loaded 49M reads 
[13:50:10] Read1: loaded 49M reads 
[13:50:11] Read2: loaded 50M reads 
[13:50:11] Read1: loaded 50M reads 
[13:50:11] Read2: loaded 51M reads 
[13:50:12] Read1: loaded 51M reads 
[13:50:12] Read2: loaded 52M reads 
[13:50:12] Read1: loaded 52M reads 
[13:50:13] Read2: loaded 53M reads 
[13:50:13] Read1: loaded 53M reads 
[13:50:13] Read2: loaded 54M reads 
[13:50:13] Read1: loaded 54M reads 
[13:50:14] Read2: loaded 55M reads 
[13:50:14] Read1: loaded 55M reads 
[13:50:15] Read2: loaded 56M reads 
[13:50:15] Read1: loaded 56M reads 
[13:50:15] Read2: loaded 57M reads 
[13:50:15] Read1: loaded 57M reads 
[13:50:16] Read2: loaded 58M reads 
[13:50:16] Read1: loaded 58M reads 
[13:50:17] Read2: loaded 59M reads 
[13:50:17] Read1: loaded 59M reads 
[13:50:17] Read2: loaded 60M reads 
[13:50:17] Read1: loaded 60M reads 
[13:50:18] Read2: loaded 61M reads 
[13:50:18] Read1: loaded 61M reads 
[13:50:19] Read2: loaded 62M reads 
[13:50:19] Read1: loaded 62M reads 
[13:50:19] Read2: loaded 63M reads 
[13:50:19] Read1: loaded 63M reads 
[13:50:20] Read2: loaded 64M reads 
[13:50:20] Read1: loaded 64M reads 
[13:50:21] Read2: loaded 65M reads 
[13:50:21] Read1: loaded 65M reads 
[13:50:21] Read2: loaded 66M reads 
[13:50:21] Read1: loaded 66M reads 
[13:50:22] Read2: loaded 67M reads 
[13:50:22] Read1: loaded 67M reads 
[13:50:23] Read2: loaded 68M reads 
[13:50:23] Read1: loaded 68M reads 
[13:50:23] Read2: loaded 69M reads 
[13:50:23] Read1: loaded 69M reads 
[13:50:24] Read2: loaded 70M reads 
[13:50:24] Read1: loaded 70M reads 
[13:50:24] Read2: loaded 71M reads 
[13:50:25] Read1: loaded 71M reads 
[13:50:25] Read2: loaded 72M reads 
[13:50:25] Read1: loaded 72M reads 
[13:50:26] Read2: loaded 73M reads 
[13:50:26] Read1: loaded 73M reads 
[13:50:26] Read2: loaded 74M reads 
[13:50:27] Read1: loaded 74M reads 
[13:50:27] Read2: loaded 75M reads 
[13:50:27] Read1: loaded 75M reads 
[13:50:28] Read2: loaded 76M reads 
[13:50:28] Read1: loaded 76M reads 
[13:50:28] Read2: loaded 77M reads 
[13:50:29] Read1: loaded 77M reads 
[13:50:29] Read2: loaded 78M reads 
[13:50:29] Read1: loaded 78M reads 
[13:50:30] Read2: loaded 79M reads 
[13:50:30] Read1: loaded 79M reads 
[13:50:30] Read2: loaded 80M reads 
[13:50:30] Read1: loaded 80M reads 
[13:50:31] Read2: loaded 81M reads 
[13:50:31] Read1: loaded 81M reads 
[13:50:32] Read2: loaded 82M reads 
[13:50:32] Read1: loaded 82M reads 
[13:50:32] Read2: loaded 83M reads 
[13:50:32] Read1: loaded 83M reads 
[13:50:33] Read2: loaded 84M reads 
[13:50:33] Read1: loaded 84M reads 
[13:50:34] Read2: loaded 85M reads 
[13:50:34] Read1: loaded 85M reads 
[13:50:34] Read2: loaded 86M reads 
[13:50:34] Read1: loaded 86M reads 
[13:50:35] Read2: loaded 87M reads 
[13:50:35] Read1: loaded 87M reads 
[13:50:35] Read2: loaded 88M reads 
[13:50:36] Read1: loaded 88M reads 
[13:50:36] Read2: loaded 89M reads 
[13:50:36] Read1: loaded 89M reads 
[13:50:37] Read2: loaded 90M reads 
[13:50:37] Read1: loaded 90M reads 
[13:50:37] Read2: loaded 91M reads 
[13:50:38] Read1: loaded 91M reads 
[13:50:38] Read2: loaded 92M reads 
[13:50:38] Read1: loaded 92M reads 
[13:50:39] Read2: loaded 93M reads 
[13:50:39] Read1: loaded 93M reads 
[13:50:39] Read2: loaded 94M reads 
[13:50:40] Read1: loaded 94M reads 
[13:50:40] Read2: loaded 95M reads 
[13:50:40] Read1: loaded 95M reads 
[13:50:41] Read2: loaded 96M reads 
[13:50:41] Read1: loaded 96M reads 
[13:50:41] Read2: loaded 97M reads 
[13:50:41] Read1: loaded 97M reads 
[13:50:42] Read2: loaded 98M reads 
[13:50:42] Read1: loaded 98M reads 
[13:50:43] Read2: loaded 99M reads 
[13:50:43] Read1: loaded 99M reads 
[13:50:43] Read2: loaded 100M reads 
[13:50:43] Read1: loaded 100M reads 
[13:50:44] Read2: loaded 101M reads 
[13:50:44] Read1: loaded 101M reads 
[13:50:45] Read2: loaded 102M reads 
[13:50:45] Read1: loaded 102M reads 
[13:50:45] Read2: loaded 103M reads 
[13:50:45] Read1: loaded 103M reads 
[13:50:46] Read2: loaded 104M reads 
[13:50:46] Read1: loaded 104M reads 
[13:50:47] Read2: loaded 105M reads 
[13:50:47] Read1: loaded 105M reads 
[13:50:47] Read2: loaded 106M reads 
[13:50:47] Read1: loaded 106M reads 
[13:50:48] Read2: loaded 107M reads 
[13:50:48] Read1: loaded 107M reads 
[13:50:48] Read2: loaded 108M reads 
[13:50:49] Read1: loaded 108M reads 
[13:50:49] Read2: loaded 109M reads 
[13:50:49] Read1: loaded 109M reads 
[13:50:50] Read2: loaded 110M reads 
[13:50:50] Read1: loaded 110M reads 
[13:50:50] Read2: loaded 111M reads 
[13:50:51] Read1: loaded 111M reads 
[13:50:51] Read2: loaded 112M reads 
[13:50:51] Read1: loaded 112M reads 
[13:50:52] Read2: loaded 113M reads 
[13:50:52] Read1: loaded 113M reads 
[13:50:52] Read2: loaded 114M reads 
[13:50:53] Read1: loaded 114M reads 
[13:50:53] Read2: loaded 115M reads 
[13:50:53] Read1: loaded 115M reads 
[13:50:54] Read2: loaded 116M reads 
[13:50:54] Read1: loaded 116M reads 
[13:50:54] Read2: loaded 117M reads 
[13:50:54] Read1: loaded 117M reads 
[13:50:55] Read2: loaded 118M reads 
[13:50:55] Read1: loaded 118M reads 
[13:50:56] Read2: loaded 119M reads 
[13:50:56] Read1: loaded 119M reads 
[13:50:56] Read2: loaded 120M reads 
[13:50:56] Read1: loaded 120M reads 
[13:50:57] Read2: loaded 121M reads 
[13:50:57] Read1: loaded 121M reads 
[13:50:58] Read2: loaded 122M reads 
[13:50:58] Read1: loaded 122M reads 
[13:50:58] Read2: loaded 123M reads 
[13:50:58] Read1: loaded 123M reads 
[13:50:59] Read2: loaded 124M reads 
[13:50:59] Read1: loaded 124M reads 
[13:50:59] Read2: loaded 125M reads 
[13:51:00] Read1: loaded 125M reads 
[13:51:00] Read2: loaded 126M reads 
[13:51:00] Read1: loaded 126M reads 
[13:51:01] Read2: loaded 127M reads 
[13:51:01] Read1: loaded 127M reads 
[13:51:01] Read2: loaded 128M reads 
[13:51:02] Read1: loaded 128M reads 
[13:51:02] Read2: loaded 129M reads 
[13:51:02] Read1: loaded 129M reads 
[13:51:03] Read2: loaded 130M reads 
[13:51:03] Read1: loaded 130M reads 
[13:51:03] Read2: loaded 131M reads 
[13:51:04] Read1: loaded 131M reads 
[13:51:04] Read2: loaded 132M reads 
[13:51:04] Read1: loaded 132M reads 
[13:51:05] Read2: loaded 133M reads 
[13:51:05] Read1: loaded 133M reads 
[13:51:05] Read2: loaded 134M reads 
[13:51:06] Read1: loaded 134M reads 
[13:51:06] Read2: loaded 135M reads 
[13:51:06] Read1: loaded 135M reads 
[13:51:07] Read2: loaded 136M reads 
[13:51:07] Read1: loaded 136M reads 
[13:51:07] Read2: loaded 137M reads 
[13:51:08] Read1: loaded 137M reads 
[13:51:08] Read2: loaded 138M reads 
[13:51:08] Read1: loaded 138M reads 
[13:51:09] Read2: loaded 139M reads 
[13:51:09] Read1: loaded 139M reads 
[13:51:09] Read2: loaded 140M reads 
[13:51:09] Read1: loaded 140M reads 
[13:51:10] Read2: loaded 141M reads 
[13:51:10] Read1: loaded 141M reads 
[13:51:11] Read2: loaded 142M reads 
[13:51:11] Read1: loaded 142M reads 
[13:51:11] Read2: loaded 143M reads 
[13:51:11] Read1: loaded 143M reads 
[13:51:12] Read2: loaded 144M reads 
[13:51:12] Read1: loaded 144M reads 
[13:51:13] Read2: loaded 145M reads 
[13:51:13] Read1: loaded 145M reads 
[13:51:13] Read2: loaded 146M reads 
[13:51:13] Read1: loaded 146M reads 
[13:51:14] Read2: loaded 147M reads 
[13:51:14] Read1: loaded 147M reads 
[13:51:15] Read2: loaded 148M reads 
[13:51:15] Read1: loaded 148M reads 
[13:51:15] Read2: loaded 149M reads 
[13:51:15] Read1: loaded 149M reads 
[13:51:16] Read2: loaded 150M reads 
[13:51:16] Read1: loaded 150M reads 
[13:51:16] Read2: loaded 151M reads 
[13:51:17] Read1: loaded 151M reads 
[13:51:17] Read2: loaded 152M reads 
[13:51:17] Read1: loaded 152M reads 
[13:51:18] Read2: loaded 153M reads 
[13:51:18] Read1: loaded 153M reads 
[13:51:18] Read2: loaded 154M reads 
[13:51:19] Read1: loaded 154M reads 
[13:51:19] Read2: loaded 155M reads 
[13:51:19] Read1: loaded 155M reads 
[13:51:20] Read2: loaded 156M reads 
[13:51:20] Read1: loaded 156M reads 
[13:51:20] Read2: loaded 157M reads 
[13:51:21] Read1: loaded 157M reads 
[13:51:21] Read2: loaded 158M reads 
[13:51:21] Read1: loaded 158M reads 
[13:51:22] Read2: loaded 159M reads 
[13:51:22] Read1: loaded 159M reads 
[13:51:22] Read2: loaded 160M reads 
[13:51:23] Read1: loaded 160M reads 
[13:51:23] Read2: loaded 161M reads 
[13:51:23] Read1: loaded 161M reads 
[13:51:24] Read2: loaded 162M reads 
[13:51:24] Read1: loaded 162M reads 
[13:51:24] Read2: loaded 163M reads 
[13:51:25] Read1: loaded 163M reads 
[13:51:25] Read2: loaded 164M reads 
[13:51:25] Read1: loaded 164M reads 
[13:51:26] Read2: loaded 165M reads 
[13:51:26] Read1: loaded 165M reads 
[13:51:26] Read2: loaded 166M reads 
[13:51:26] Read1: loaded 166M reads 
[13:51:27] Read2: loaded 167M reads 
[13:51:27] Read1: loaded 167M reads 
[13:51:28] Read2: loaded 168M reads 
[13:51:28] Read1: loaded 168M reads 
[13:51:28] Read2: loaded 169M reads 
[13:51:28] Read1: loaded 169M reads 
[13:51:29] Read2: loaded 170M reads 
[13:51:29] Read1: loaded 170M reads 
[13:51:30] Read2: loaded 171M reads 
[13:51:30] Read1: loaded 171M reads 
[13:51:30] Read2: loaded 172M reads 
[13:51:30] Read1: loaded 172M reads 
[13:51:31] Read2: loaded 173M reads 
[13:51:31] Read1: loaded 173M reads 
[13:51:32] Read2: loaded 174M reads 
[13:51:32] Read1: loaded 174M reads 
[13:51:32] Read2: loaded 175M reads 
[13:51:32] Read1: loaded 175M reads 
[13:51:33] Read2: loaded 176M reads 
[13:51:33] Read1: loaded 176M reads 
[13:51:34] Read2: loaded 177M reads 
[13:51:34] Read1: loaded 177M reads 
[13:51:34] Read2: loaded 178M reads 
[13:51:34] Read1: loaded 178M reads 
[13:51:35] Read2: loaded 179M reads 
[13:51:35] Read1: loaded 179M reads 
[13:51:35] Read2: loaded 180M reads 
[13:51:36] Read1: loaded 180M reads 
[13:51:36] Read2: loaded 181M reads 
[13:51:36] Read1: loaded 181M reads 
[13:51:37] Read2: loaded 182M reads 
[13:51:37] Read1: loaded 182M reads 
[13:51:37] Read2: loaded 183M reads 
[13:51:38] Read1: loaded 183M reads 
[13:51:38] Read2: loaded 184M reads 
[13:51:38] Read1: loaded 184M reads 
[13:51:39] Read2: loaded 185M reads 
[13:51:39] Read1: loaded 185M reads 
[13:51:39] Read2: loaded 186M reads 
[13:51:40] Read1: loaded 186M reads 
[13:51:40] Read2: loaded 187M reads 
[13:51:40] Read1: loaded 187M reads 
[13:51:41] Read2: loaded 188M reads 
[13:51:41] Read1: loaded 188M reads 
[13:51:41] Read2: loaded 189M reads 
[13:51:42] Read1: loaded 189M reads 
[13:51:42] Read2: loaded 190M reads 
[13:51:42] Read1: loaded 190M reads 
[13:51:43] Read2: loaded 191M reads 
[13:51:43] Read1: loaded 191M reads 
[13:51:43] Read2: loaded 192M reads 
[13:51:44] Read1: loaded 192M reads 
[13:51:44] Read2: loaded 193M reads 
[13:51:44] Read1: loaded 193M reads 
[13:51:45] Read2: loaded 194M reads 
[13:51:45] Read1: loaded 194M reads 
[13:51:45] Read2: loaded 195M reads 
[13:51:46] Read1: loaded 195M reads 
[13:51:46] Read2: loaded 196M reads 
[13:51:46] Read1: loaded 196M reads 
[13:51:47] Read2: loaded 197M reads 
[13:51:47] Read1: loaded 197M reads 
[13:51:47] Read2: loaded 198M reads 
[13:51:48] Read1: loaded 198M reads 
[13:51:48] Read2: loaded 199M reads 
[13:51:48] Read1: loaded 199M reads 
[13:51:49] Read2: loaded 200M reads 
[13:51:49] Read1: loaded 200M reads 
[13:51:49] Read2: loaded 201M reads 
[13:51:50] Read1: loaded 201M reads 
[13:51:50] Read2: loaded 202M reads 
[13:51:50] Read1: loaded 202M reads 
[13:51:51] Read2: loaded 203M reads 
[13:51:51] Read1: loaded 203M reads 
[13:51:51] Read2: loaded 204M reads 
[13:51:52] Read1: loaded 204M reads 
[13:51:52] Read2: loaded 205M reads 
[13:51:52] Read1: loaded 205M reads 
[13:51:52] Read2: loaded 206M reads 
[13:51:53] Read1: loaded 206M reads 
[13:51:53] Read2: loaded 207M reads 
[13:51:54] Read1: loaded 207M reads 
[13:51:54] Read2: loaded 208M reads 
[13:51:54] Read1: loaded 208M reads 
[13:51:54] Read2: loaded 209M reads 
[13:51:55] Read1: loaded 209M reads 
[13:51:55] Read2: loaded 210M reads 
[13:51:56] Read1: loaded 210M reads 
[13:51:56] Read2: loaded 211M reads 
[13:51:56] Read1: loaded 211M reads 
[13:51:56] Read2: loaded 212M reads 
[13:51:57] Read1: loaded 212M reads 
[13:51:57] Read2: loaded 213M reads 
[13:51:58] Read1: loaded 213M reads 
[13:51:58] Read2: loaded 214M reads 
[13:51:58] Read1: loaded 214M reads 
[13:51:58] Read2: loaded 215M reads 
[13:51:59] Read1: loaded 215M reads 
[13:51:59] Read2: loaded 216M reads 
[13:52:00] Read1: loaded 216M reads 
[13:52:00] Read2: loaded 217M reads 
[13:52:00] Read1: loaded 217M reads 
[13:52:00] Read2: loaded 218M reads 
[13:52:01] Read1: loaded 218M reads 
[13:52:01] Read2: loaded 219M reads 
[13:52:02] Read1: loaded 219M reads 
[13:52:02] Read2: loaded 220M reads 
[13:52:02] Read1: loaded 220M reads 
[13:52:02] Read2: loaded 221M reads 
[13:52:03] Read1: loaded 221M reads 
[13:52:03] Read2: loaded 222M reads 
[13:52:03] Read1: loaded 222M reads 
[13:52:04] Read2: loaded 223M reads 
[13:52:04] Read1: loaded 223M reads 
[13:52:04] Read2: loaded 224M reads 
[13:52:05] Read1: loaded 224M reads 
[13:52:05] Read2: loaded 225M reads 
[13:52:05] Read1: loaded 225M reads 
[13:52:06] Read2: loaded 226M reads 
[13:52:06] Read1: loaded 226M reads 
[13:52:06] Read2: loaded 227M reads 
[13:52:07] Read1: loaded 227M reads 
[13:52:07] Read2: loaded 228M reads 
[13:52:07] Read1: loaded 228M reads 
[13:52:08] Read2: loaded 229M reads 
[13:52:08] Read1: loaded 229M reads 
[13:52:08] Read2: loaded 230M reads 
[13:52:09] Read1: loaded 230M reads 
[13:52:09] Read2: loaded 231M reads 
[13:52:09] Read1: loaded 231M reads 
[13:52:10] Read2: loaded 232M reads 
[13:52:10] Read1: loaded 232M reads 
[13:52:10] Read2: loaded 233M reads 
[13:52:11] Read1: loaded 233M reads 
[13:52:11] Read2: loaded 234M reads 
[13:52:11] Read1: loaded 234M reads 
[13:52:12] Read2: loaded 235M reads 
[13:52:12] Read1: loaded 235M reads 
[13:52:12] Read2: loaded 236M reads 
[13:52:13] Read1: loaded 236M reads 
[13:52:13] Read2: loaded 237M reads 
[13:52:13] Read1: loaded 237M reads 
[13:52:14] Read2: loaded 238M reads 
[13:52:14] Read1: loaded 238M reads 
[13:52:14] Read2: loaded 239M reads 
[13:52:15] Read1: loaded 239M reads 
[13:52:15] Read2: loaded 240M reads 
[13:52:15] Read1: loaded 240M reads 
[13:52:16] Read2: loaded 241M reads 
[13:52:16] Read1: loaded 241M reads 
[13:52:16] Read2: loaded 242M reads 
[13:52:17] Read1: loaded 242M reads 
[13:52:17] Read2: loaded 243M reads 
[13:52:17] Read1: loaded 243M reads 
[13:52:17] Read2: loaded 244M reads 
[13:52:18] Read1: loaded 244M reads 
[13:52:18] Read2: loaded 245M reads 
[13:52:19] Read1: loaded 245M reads 
[13:52:19] Read2: loaded 246M reads 
[13:52:19] Read1: loaded 246M reads 
[13:52:19] Read2: loaded 247M reads 
[13:52:20] Read1: loaded 247M reads 
[13:52:20] Read2: loaded 248M reads 
[13:52:21] Read1: loaded 248M reads 
[13:52:21] Read2: loaded 249M reads 
[13:52:21] Read1: loaded 249M reads 
[13:52:21] Read2: loaded 250M reads 
[13:52:22] Read1: loaded 250M reads 
[13:52:22] Read2: loaded 251M reads 
[13:52:23] Read1: loaded 251M reads 
[13:52:23] Read2: loaded 252M reads 
[13:52:23] Read1: loaded 252M reads 
[13:52:23] Read2: loaded 253M reads 
[13:52:24] Read1: loaded 253M reads 
[13:52:24] Read2: loaded 254M reads 
[13:52:25] Read1: loaded 254M reads 
[13:52:25] Read2: loaded 255M reads 
[13:52:25] Read1: loaded 255M reads 
[13:52:25] Read2: loaded 256M reads 
[13:52:26] Read1: loaded 256M reads 
[13:52:26] Read2: loaded 257M reads 
[13:52:27] Read1: loaded 257M reads 
[13:52:27] Read2: loaded 258M reads 
[13:52:27] Read1: loaded 258M reads 
[13:52:27] Read2: loaded 259M reads 
[13:52:28] Read1: loaded 259M reads 
[13:52:28] Read2: loaded 260M reads 
[13:52:29] Read1: loaded 260M reads 
[13:52:29] Read2: loaded 261M reads 
[13:52:29] Read1: loaded 261M reads 
[13:52:29] Read2: loaded 262M reads 
[13:52:30] Read1: loaded 262M reads 
[13:52:30] Read2: loaded 263M reads 
[13:52:31] Read1: loaded 263M reads 
[13:52:31] Read2: loaded 264M reads 
[13:52:31] Read1: loaded 264M reads 
[13:52:31] Read2: loaded 265M reads 
[13:52:32] Read1: loaded 265M reads 
[13:52:32] Read2: loaded 266M reads 
[13:52:33] Read1: loaded 266M reads 
[13:52:33] Read2: loaded 267M reads 
[13:52:33] Read1: loaded 267M reads 
[13:52:33] Read2: loaded 268M reads 
[13:52:34] Read1: loaded 268M reads 
[13:52:34] Read2: loaded 269M reads 
[13:52:35] Read1: loaded 269M reads 
[13:52:35] Read2: loaded 270M reads 
[13:52:35] Read1: loaded 270M reads 
[13:52:35] Read2: loaded 271M reads 
[13:52:36] Read1: loaded 271M reads 
[13:52:36] Read2: loaded 272M reads 
[13:52:37] Read1: loaded 272M reads 
[13:52:37] Read2: loaded 273M reads 
[13:52:37] Read1: loaded 273M reads 
[13:52:37] Read2: loaded 274M reads 
[13:52:38] Read1: loaded 274M reads 
[13:52:38] Read2: loaded 275M reads 
[13:52:39] Read1: loaded 275M reads 
[13:52:39] Read2: loaded 276M reads 
[13:52:39] Read1: loaded 276M reads 
[13:52:39] Read2: loaded 277M reads 
[13:52:40] Read1: loaded 277M reads 
[13:52:40] Read2: loaded 278M reads 
[13:52:41] Read1: loaded 278M reads 
[13:52:41] Read2: loaded 279M reads 
[13:52:41] Read1: loaded 279M reads 
[13:52:41] Read2: loaded 280M reads 
[13:52:42] Read1: loaded 280M reads 
[13:52:42] Read2: loaded 281M reads 
[13:52:43] Read1: loaded 281M reads 
[13:52:43] Read2: loaded 282M reads 
[13:52:43] Read1: loaded 282M reads 
[13:52:43] Read2: loaded 283M reads 
[13:52:44] Read1: loaded 283M reads 
[13:52:44] Read2: loaded 284M reads 
[13:52:45] Read1: loaded 284M reads 
[13:52:45] Read2: loaded 285M reads 
[13:52:45] Read1: loaded 285M reads 
[13:52:45] Read2: loaded 286M reads 
[13:52:46] Read1: loaded 286M reads 
[13:52:46] Read2: loaded 287M reads 
[13:52:47] Read1: loaded 287M reads 
[13:52:47] Read2: loaded 288M reads 
[13:52:47] Read1: loaded 288M reads 
[13:52:47] Read2: loaded 289M reads 
[13:52:48] Read1: loaded 289M reads 
[13:52:48] Read2: loaded 290M reads 
[13:52:49] Read1: loaded 290M reads 
[13:52:49] Read2: loaded 291M reads 
[13:52:49] Read1: loaded 291M reads 
[13:52:49] Read2: loaded 292M reads 
[13:52:50] Read1: loaded 292M reads 
[13:52:50] Read2: loaded 293M reads 
[13:52:51] Read1: loaded 293M reads 
[13:52:51] Read2: loaded 294M reads 
[13:52:51] Read1: loaded 294M reads 
[13:52:51] Read2: loaded 295M reads 
[13:52:52] Read1: loaded 295M reads 
[13:52:52] Read2: loaded 296M reads 
[13:52:53] Read1: loaded 296M reads 
[13:52:53] Read2: loaded 297M reads 
[13:52:53] Read1: loaded 297M reads 
[13:52:53] Read2: loaded 298M reads 
[13:52:54] Read1: loaded 298M reads 
[13:52:54] Read2: loaded 299M reads 
[13:52:55] Read1: loaded 299M reads 
[13:52:55] Read2: loaded 300M reads 
[13:52:55] Read1: loaded 300M reads 
[13:52:55] Read2: loaded 301M reads 
[13:52:56] Read1: loaded 301M reads 
[13:52:56] Read2: loaded 302M reads 
[13:52:57] Read1: loaded 302M reads 
[13:52:57] Read2: loaded 303M reads 
[13:52:57] Read1: loaded 303M reads 
[13:52:57] Read2: loaded 304M reads 
[13:52:58] Read1: loaded 304M reads 
[13:52:58] Read2: loaded 305M reads 
[13:52:59] Read1: loaded 305M reads 
[13:52:59] Read2: loaded 306M reads 
[13:52:59] Read1: loaded 306M reads 
[13:52:59] Read2: loaded 307M reads 
[13:53:00] Read1: loaded 307M reads 
[13:53:00] Read2: loaded 308M reads 
[13:53:01] Read1: loaded 308M reads 
[13:53:01] Read2: loaded 309M reads 
[13:53:01] Read1: loaded 309M reads 
[13:53:01] Read2: loaded 310M reads 
[13:53:02] Read1: loaded 310M reads 
[13:53:02] Read2: loaded 311M reads 
[13:53:03] Read1: loaded 311M reads 
[13:53:03] Read2: loaded 312M reads 
[13:53:03] Read1: loaded 312M reads 
[13:53:03] Read2: loaded 313M reads 
[13:53:04] Read1: loaded 313M reads 
[13:53:04] Read2: loaded 314M reads 
[13:53:05] Read1: loaded 314M reads 
[13:53:05] Read2: loaded 315M reads 
[13:53:05] Read1: loaded 315M reads 
[13:53:05] Read2: loaded 316M reads 
[13:53:06] Read1: loaded 316M reads 
[13:53:06] Read2: loaded 317M reads 
[13:53:07] Read1: loaded 317M reads 
[13:53:07] Read2: loaded 318M reads 
[13:53:07] Read1: loaded 318M reads 
[13:53:07] Read2: loaded 319M reads 
[13:53:08] Read1: loaded 319M reads 
[13:53:08] Read2: loaded 320M reads 
[13:53:09] Read1: loaded 320M reads 
[13:53:09] Read2: loaded 321M reads 
[13:53:09] Read1: loaded 321M reads 
[13:53:09] Read2: loaded 322M reads 
[13:53:10] Read1: loaded 322M reads 
[13:53:10] Read2: loaded 323M reads 
[13:53:11] Read1: loaded 323M reads 
[13:53:11] Read2: loaded 324M reads 
[13:53:11] Read1: loaded 324M reads 
[13:53:11] Read2: loaded 325M reads 
[13:53:12] Read1: loaded 325M reads 
[13:53:12] Read2: loaded 326M reads 
[13:53:12] Read1: loaded 326M reads 
[13:53:13] Read2: loaded 327M reads 
[13:53:13] Read1: loaded 327M reads 
[13:53:13] Read2: loaded 328M reads 
[13:53:14] Read1: loaded 328M reads 
[13:53:14] Read2: loaded 329M reads 
[13:53:15] Read1: loaded 329M reads 
[13:53:15] Read2: loaded 330M reads 
[13:53:15] Read1: loaded 330M reads 
[13:53:15] Read2: loaded 331M reads 
[13:53:16] Read1: loaded 331M reads 
[13:53:16] Read2: loaded 332M reads 
[13:53:17] Read1: loaded 332M reads 
[13:53:17] Read2: loaded 333M reads 
[13:53:17] Read1: loaded 333M reads 
[13:53:17] Read2: loaded 334M reads 
[13:53:18] Read1: loaded 334M reads 
[13:53:18] Read2: loaded 335M reads 
[13:53:19] Read1: loaded 335M reads 
[13:53:19] Read2: loaded 336M reads 
[13:53:19] Read1: loaded 336M reads 
[13:53:19] Read2: loaded 337M reads 
[13:53:20] Read1: loaded 337M reads 
[13:53:20] Read2: loaded 338M reads 
[13:53:20] Read1: loaded 338M reads 
[13:53:21] Read2: loaded 339M reads 
[13:53:21] Read1: loaded 339M reads 
[13:53:21] Read2: loaded 340M reads 
[13:53:22] Read1: loaded 340M reads 
[13:53:22] Read2: loaded 341M reads 
[13:53:22] Read1: loaded 341M reads 
[13:53:23] Read2: loaded 342M reads 
[13:53:23] Read1: loaded 342M reads 
[13:53:23] Read2: loaded 343M reads 
[13:53:24] Read1: loaded 343M reads 
[13:53:24] Read2: loaded 344M reads 
[13:53:24] Read1: loaded 344M reads 
[13:53:25] Read2: loaded 345M reads 
[13:53:25] Read1: loaded 345M reads 
[13:53:25] Read2: loaded 346M reads 
[13:53:26] Read1: loaded 346M reads 
[13:53:26] Read2: loaded 347M reads 
[13:53:27] Read1: loaded 347M reads 
[13:53:27] Read2: loaded 348M reads 
[13:53:27] Read1: loaded 348M reads 
[13:53:27] Read2: loaded 349M reads 
[13:53:28] Read1: loaded 349M reads 
[13:53:28] Read2: loaded 350M reads 
[13:53:29] Read1: loaded 350M reads 
[13:53:29] Read2: loaded 351M reads 
[13:53:29] Read1: loaded 351M reads 
[13:53:29] Read2: loaded 352M reads 
[13:53:30] Read1: loaded 352M reads 
[13:53:30] Read2: loaded 353M reads 
[13:53:30] Read1: loaded 353M reads 
[13:53:31] Read2: loaded 354M reads 
[13:53:31] Read1: loaded 354M reads 
[13:53:31] Read2: loaded 355M reads 
[13:53:32] Read1: loaded 355M reads 
[13:53:32] Read2: loaded 356M reads 
[13:53:33] Read1: loaded 356M reads 
[13:53:33] Read2: loaded 357M reads 
[13:53:33] Read1: loaded 357M reads 
[13:53:33] Read2: loaded 358M reads 
[13:53:34] Read1: loaded 358M reads 
[13:53:34] Read2: loaded 359M reads 
[13:53:34] Read1: loaded 359M reads 
[13:53:35] Read2: loaded 360M reads 
[13:53:35] Read1: loaded 360M reads 
[13:53:35] Read2: loaded 361M reads 
[13:53:35] Read2: loading completed with 44102 packs 
[13:53:36] Read1: loaded 361M reads 
[13:53:36] Read1: loading completed with 44102 packs 
[13:53:36] [fastp 1.3.3-d0bromir] Stage: loading (237729 ms) 
[13:53:36] [fastp 1.3.3-d0bromir] Stage: filtering 
[13:53:36] thread 25 data processing completed 
[13:53:36] thread 25 finished 
[13:53:36] thread 11 data processing completed 
[13:53:36] thread 11 finished 
[13:53:36] thread 16 data processing completed 
[13:53:36] thread 16 finished 
[13:53:36] thread 12 data processing completed 
[13:53:36] thread 12 finished 
[13:53:36] thread 14 data processing completed 
[13:53:36] thread 14 finished 
[13:53:36] thread 17 data processing completed 
[13:53:36] thread 17 finished 
[13:53:36] thread 2 data processing completed 
[13:53:36] thread 2 finished 
[13:53:36] thread 20 data processing completed 
[13:53:36] thread 20 finished 
[13:53:36] thread 29 data processing completed 
[13:53:36] thread 29 finished 
[13:53:36] thread 18 data processing completed 
[13:53:36] thread 18 finished 
[13:53:37] thread 5 data processing completed 
[13:53:37] thread 5 finished 
[13:53:37] thread 6 data processing completed 
[13:53:37] thread 6 finished 
[13:53:37] thread 10 data processing completed 
[13:53:37] thread 10 finished 
[13:53:37] thread 30 data processing completed 
[13:53:37] thread 30 finished 
[13:53:37] thread 32 data processing completed 
[13:53:37] thread 32 finished 
[13:53:37] thread 21 data processing completed 
[13:53:37] thread 21 finished 
[13:53:37] thread 3 data processing completed 
[13:53:37] thread 3 finished 
[13:53:37] thread 24 data processing completed 
[13:53:37] thread 24 finished 
[13:53:37] thread 26 data processing completed 
[13:53:37] thread 26 finished 
[13:53:37] thread 22 data processing completed 
[13:53:37] thread 22 finished 
[13:53:37] thread 1 data processing completed 
[13:53:37] thread 1 finished 
[13:53:37] thread 9 data processing completed 
[13:53:37] thread 9 finished 
[13:53:37] thread 7 data processing completed 
[13:53:37] thread 7 finished 
[13:53:37] thread 27 data processing completed 
[13:53:37] thread 27 finished 
[13:53:37] thread 23 data processing completed 
[13:53:37] thread 23 finished 
[13:53:37] thread 8 data processing completed 
[13:53:37] thread 8 finished 
[13:53:37] thread 15 data processing completed 
[13:53:37] thread 15 finished 
[13:53:37] thread 28 data processing completed 
[13:53:37] thread 28 finished 
[13:53:37] thread 31 data processing completed 
[13:53:37] thread 31 finished 
[13:53:37] thread 19 data processing completed 
[13:53:37] thread 19 finished 
[13:53:37] thread 4 data processing completed 
[13:53:37] thread 4 finished 
[13:53:37] thread 13 data processing completed 
[13:53:37] thread 13 finished 
[13:53:37] [fastp 1.3.3-d0bromir] Stage: filtering (611 ms) 
[13:53:37] [fastp 1.3.3-d0bromir] Stage: writing 
[13:53:37] /dev/shm/fastp_bench_wyX206_R1.fq.gz writer finished 
[13:53:37] /dev/shm/fastp_bench_X9z4Mj_R2.fq.gz writer finished 
[13:53:37] [fastp 1.3.3-d0bromir] Stage: writing (28 ms) 
[13:53:37] start to generate reports
 
Read1 before filtering:
total reads: 361281611
total bases: 54192241650
Q20 bases: 54123398100(99.873%)
Q30 bases: 54123398100(99.873%)
Q40 bases: 0(0%)

Read2 before filtering:
total reads: 361281611
total bases: 54192241650
Q20 bases: 53855170050(99.378%)
Q30 bases: 53855170050(99.378%)
Q40 bases: 0(0%)

Read1 after filtering:
total reads: 358607374
total bases: 53574361382
Q20 bases: 53574361382(100%)
Q30 bases: 53574361382(100%)
Q40 bases: 0(0%)

Read2 after filtering:
total reads: 358607374
total bases: 53574361382
Q20 bases: 53574361382(100%)
Q30 bases: 53574361382(100%)
Q40 bases: 0(0%)

Filtering result:
reads passed filter: 717214748
reads failed due to low quality: 5328396
reads failed due to too many N: 20078
reads failed due to too short: 0
reads failed due to adapter dimer: 0
reads with adapter trimmed: 9627740
bases trimmed due to adapters: 442711160

Duplication rate: 5.60214%

Insert size peak (evaluated by paired-end reads): 269

JSON report: /dev/shm/fastp_bench_dmLXkF.json
HTML report: /dev/null

/home/mpiuser/bioauto_rev/fastp_d0bromir/fastp-cpu -w 32 -j /dev/shm/fastp_bench_dmLXkF.json -h /dev/null --verbose -i /home/mpiuser/FASTQ/WGS/DRR216653_1.fastq.gz -I /home/mpiuser/FASTQ/WGS/DRR216653_2.fastq.gz -o /dev/shm/fastp_bench_wyX206_R1.fq.gz -O /dev/shm/fastp_bench_X9z4Mj_R2.fq.gz 
fastp v1.3.3-d0bromir, time used: 242 seconds
================================================================

================================================================
 Application  : d0bromir_gpu (/home/mpiuser/bioauto_rev/fastp_d0bromir/fastp)
 Dataset      : WGS PE 40G (DRR216653 R1+R2)
 Files        : R1=/home/mpiuser/FASTQ/WGS/DRR216653_1.fastq.gz
               R2=/home/mpiuser/FASTQ/WGS/DRR216653_2.fastq.gz
 Type         : PE
 Threads      : 32
 Wall time    : 244.852 s
 reads_in     : 722563222
 reads_out    : 717214748
 vs_opengene  : -65.3%
--- Resource usage ---
 CPU avg/peak : 3223.4% / 3825.5%
 RSS peak     : 4089 MiB
 GPU util a/p : 26.2% / 29.0%
 GPU mem peak : 1360 MiB
 Sample CSV   : /home/mpiuser/bioauto_rev/fastp_d0bromir/benchmark_results/20261003_133745/resources/resource_WGS_PE_40G_d0bromir_gpu_T32_1791035625.csv
--- Profiling output ---
[13:53:45] fastp 1.3.3-d0bromir starting 
[13:53:45] [GPU] CUDA GPU available (Device 0) - statistics GPU-accelerated (slots=8) 
[13:53:45] [fastp 1.3.3-d0bromir] Stage: loading 
[13:53:45] [GPU] CUDA GPU available (Device 1) - statistics GPU-accelerated (slots=8) 
[13:53:45] start to load data of read2 
[13:53:45] start to load data of read1 
[13:53:45] [GPU] Dual-GPU mode: Device 0 + Device 1 active 
[13:53:46] Read2: loaded 1M reads 
[13:53:46] Read1: loaded 1M reads 
[13:53:47] Read2: loaded 2M reads 
[13:53:47] Read1: loaded 2M reads 
[13:53:48] Read2: loaded 3M reads 
[13:53:48] Read1: loaded 3M reads 
[13:53:48] Read2: loaded 4M reads 
[13:53:48] Read1: loaded 4M reads 
[13:53:49] Read2: loaded 5M reads 
[13:53:49] Read1: loaded 5M reads 
[13:53:49] Read2: loaded 6M reads 
[13:53:49] Read1: loaded 6M reads 
[13:53:50] Read2: loaded 7M reads 
[13:53:50] Read1: loaded 7M reads 
[13:53:51] Read2: loaded 8M reads 
[13:53:51] Read1: loaded 8M reads 
[13:53:51] Read2: loaded 9M reads 
[13:53:51] Read1: loaded 9M reads 
[13:53:52] Read2: loaded 10M reads 
[13:53:52] Read1: loaded 10M reads 
[13:53:53] Read2: loaded 11M reads 
[13:53:53] Read1: loaded 11M reads 
[13:53:53] Read2: loaded 12M reads 
[13:53:53] Read1: loaded 12M reads 
[13:53:54] Read2: loaded 13M reads 
[13:53:54] Read1: loaded 13M reads 
[13:53:55] Read2: loaded 14M reads 
[13:53:55] Read1: loaded 14M reads 
[13:53:55] Read2: loaded 15M reads 
[13:53:55] Read1: loaded 15M reads 
[13:53:56] Read2: loaded 16M reads 
[13:53:56] Read1: loaded 16M reads 
[13:53:57] Read2: loaded 17M reads 
[13:53:57] Read1: loaded 17M reads 
[13:53:57] Read2: loaded 18M reads 
[13:53:57] Read1: loaded 18M reads 
[13:53:58] Read2: loaded 19M reads 
[13:53:58] Read1: loaded 19M reads 
[13:53:59] Read2: loaded 20M reads 
[13:53:59] Read1: loaded 20M reads 
[13:53:59] Read2: loaded 21M reads 
[13:53:59] Read1: loaded 21M reads 
[13:54:00] Read2: loaded 22M reads 
[13:54:00] Read1: loaded 22M reads 
[13:54:00] Read2: loaded 23M reads 
[13:54:01] Read1: loaded 23M reads 
[13:54:01] Read2: loaded 24M reads 
[13:54:01] Read1: loaded 24M reads 
[13:54:02] Read2: loaded 25M reads 
[13:54:02] Read1: loaded 25M reads 
[13:54:02] Read2: loaded 26M reads 
[13:54:02] Read1: loaded 26M reads 
[13:54:03] Read2: loaded 27M reads 
[13:54:03] Read1: loaded 27M reads 
[13:54:04] Read2: loaded 28M reads 
[13:54:04] Read1: loaded 28M reads 
[13:54:04] Read2: loaded 29M reads 
[13:54:04] Read1: loaded 29M reads 
[13:54:05] Read2: loaded 30M reads 
[13:54:05] Read1: loaded 30M reads 
[13:54:06] Read2: loaded 31M reads 
[13:54:06] Read1: loaded 31M reads 
[13:54:06] Read2: loaded 32M reads 
[13:54:06] Read1: loaded 32M reads 
[13:54:07] Read2: loaded 33M reads 
[13:54:07] Read1: loaded 33M reads 
[13:54:08] Read2: loaded 34M reads 
[13:54:08] Read1: loaded 34M reads 
[13:54:08] Read2: loaded 35M reads 
[13:54:08] Read1: loaded 35M reads 
[13:54:09] Read2: loaded 36M reads 
[13:54:09] Read1: loaded 36M reads 
[13:54:10] Read2: loaded 37M reads 
[13:54:10] Read1: loaded 37M reads 
[13:54:10] Read2: loaded 38M reads 
[13:54:10] Read1: loaded 38M reads 
[13:54:11] Read2: loaded 39M reads 
[13:54:11] Read1: loaded 39M reads 
[13:54:12] Read2: loaded 40M reads 
[13:54:12] Read1: loaded 40M reads 
[13:54:12] Read2: loaded 41M reads 
[13:54:12] Read1: loaded 41M reads 
[13:54:13] Read2: loaded 42M reads 
[13:54:13] Read1: loaded 42M reads 
[13:54:13] Read2: loaded 43M reads 
[13:54:14] Read1: loaded 43M reads 
[13:54:14] Read2: loaded 44M reads 
[13:54:14] Read1: loaded 44M reads 
[13:54:15] Read2: loaded 45M reads 
[13:54:15] Read1: loaded 45M reads 
[13:54:15] Read2: loaded 46M reads 
[13:54:15] Read1: loaded 46M reads 
[13:54:16] Read2: loaded 47M reads 
[13:54:16] Read1: loaded 47M reads 
[13:54:17] Read2: loaded 48M reads 
[13:54:17] Read1: loaded 48M reads 
[13:54:17] Read2: loaded 49M reads 
[13:54:17] Read1: loaded 49M reads 
[13:54:18] Read2: loaded 50M reads 
[13:54:18] Read1: loaded 50M reads 
[13:54:19] Read2: loaded 51M reads 
[13:54:19] Read1: loaded 51M reads 
[13:54:19] Read2: loaded 52M reads 
[13:54:19] Read1: loaded 52M reads 
[13:54:20] Read2: loaded 53M reads 
[13:54:20] Read1: loaded 53M reads 
[13:54:21] Read2: loaded 54M reads 
[13:54:21] Read1: loaded 54M reads 
[13:54:21] Read2: loaded 55M reads 
[13:54:21] Read1: loaded 55M reads 
[13:54:22] Read2: loaded 56M reads 
[13:54:22] Read1: loaded 56M reads 
[13:54:23] Read2: loaded 57M reads 
[13:54:23] Read1: loaded 57M reads 
[13:54:23] Read2: loaded 58M reads 
[13:54:23] Read1: loaded 58M reads 
[13:54:24] Read2: loaded 59M reads 
[13:54:24] Read1: loaded 59M reads 
[13:54:25] Read2: loaded 60M reads 
[13:54:25] Read1: loaded 60M reads 
[13:54:25] Read2: loaded 61M reads 
[13:54:25] Read1: loaded 61M reads 
[13:54:26] Read2: loaded 62M reads 
[13:54:26] Read1: loaded 62M reads 
[13:54:27] Read2: loaded 63M reads 
[13:54:27] Read1: loaded 63M reads 
[13:54:27] Read2: loaded 64M reads 
[13:54:27] Read1: loaded 64M reads 
[13:54:28] Read2: loaded 65M reads 
[13:54:28] Read1: loaded 65M reads 
[13:54:28] Read2: loaded 66M reads 
[13:54:29] Read1: loaded 66M reads 
[13:54:29] Read2: loaded 67M reads 
[13:54:29] Read1: loaded 67M reads 
[13:54:30] Read2: loaded 68M reads 
[13:54:30] Read1: loaded 68M reads 
[13:54:30] Read2: loaded 69M reads 
[13:54:31] Read1: loaded 69M reads 
[13:54:31] Read2: loaded 70M reads 
[13:54:31] Read1: loaded 70M reads 
[13:54:32] Read2: loaded 71M reads 
[13:54:32] Read1: loaded 71M reads 
[13:54:32] Read2: loaded 72M reads 
[13:54:33] Read1: loaded 72M reads 
[13:54:33] Read2: loaded 73M reads 
[13:54:33] Read1: loaded 73M reads 
[13:54:34] Read2: loaded 74M reads 
[13:54:34] Read1: loaded 74M reads 
[13:54:34] Read2: loaded 75M reads 
[13:54:34] Read1: loaded 75M reads 
[13:54:35] Read2: loaded 76M reads 
[13:54:35] Read1: loaded 76M reads 
[13:54:36] Read2: loaded 77M reads 
[13:54:36] Read1: loaded 77M reads 
[13:54:36] Read2: loaded 78M reads 
[13:54:36] Read1: loaded 78M reads 
[13:54:37] Read2: loaded 79M reads 
[13:54:37] Read1: loaded 79M reads 
[13:54:38] Read2: loaded 80M reads 
[13:54:38] Read1: loaded 80M reads 
[13:54:38] Read2: loaded 81M reads 
[13:54:38] Read1: loaded 81M reads 
[13:54:39] Read2: loaded 82M reads 
[13:54:39] Read1: loaded 82M reads 
[13:54:40] Read2: loaded 83M reads 
[13:54:40] Read1: loaded 83M reads 
[13:54:40] Read2: loaded 84M reads 
[13:54:40] Read1: loaded 84M reads 
[13:54:41] Read2: loaded 85M reads 
[13:54:41] Read1: loaded 85M reads 
[13:54:42] Read2: loaded 86M reads 
[13:54:42] Read1: loaded 86M reads 
[13:54:42] Read2: loaded 87M reads 
[13:54:42] Read1: loaded 87M reads 
[13:54:43] Read2: loaded 88M reads 
[13:54:43] Read1: loaded 88M reads 
[13:54:43] Read2: loaded 89M reads 
[13:54:44] Read1: loaded 89M reads 
[13:54:44] Read2: loaded 90M reads 
[13:54:44] Read1: loaded 90M reads 
[13:54:45] Read2: loaded 91M reads 
[13:54:45] Read1: loaded 91M reads 
[13:54:45] Read2: loaded 92M reads 
[13:54:46] Read1: loaded 92M reads 
[13:54:46] Read2: loaded 93M reads 
[13:54:46] Read1: loaded 93M reads 
[13:54:47] Read2: loaded 94M reads 
[13:54:47] Read1: loaded 94M reads 
[13:54:47] Read2: loaded 95M reads 
[13:54:48] Read1: loaded 95M reads 
[13:54:48] Read2: loaded 96M reads 
[13:54:48] Read1: loaded 96M reads 
[13:54:49] Read2: loaded 97M reads 
[13:54:49] Read1: loaded 97M reads 
[13:54:49] Read2: loaded 98M reads 
[13:54:50] Read1: loaded 98M reads 
[13:54:50] Read2: loaded 99M reads 
[13:54:50] Read1: loaded 99M reads 
[13:54:51] Read2: loaded 100M reads 
[13:54:51] Read1: loaded 100M reads 
[13:54:51] Read2: loaded 101M reads 
[13:54:52] Read1: loaded 101M reads 
[13:54:52] Read2: loaded 102M reads 
[13:54:52] Read1: loaded 102M reads 
[13:54:53] Read2: loaded 103M reads 
[13:54:53] Read1: loaded 103M reads 
[13:54:53] Read2: loaded 104M reads 
[13:54:54] Read1: loaded 104M reads 
[13:54:54] Read2: loaded 105M reads 
[13:54:54] Read1: loaded 105M reads 
[13:54:55] Read2: loaded 106M reads 
[13:54:55] Read1: loaded 106M reads 
[13:54:55] Read2: loaded 107M reads 
[13:54:56] Read1: loaded 107M reads 
[13:54:56] Read2: loaded 108M reads 
[13:54:56] Read1: loaded 108M reads 
[13:54:57] Read2: loaded 109M reads 
[13:54:57] Read1: loaded 109M reads 
[13:54:57] Read2: loaded 110M reads 
[13:54:57] Read1: loaded 110M reads 
[13:54:58] Read2: loaded 111M reads 
[13:54:58] Read1: loaded 111M reads 
[13:54:58] Read2: loaded 112M reads 
[13:54:59] Read1: loaded 112M reads 
[13:54:59] Read2: loaded 113M reads 
[13:54:59] Read1: loaded 113M reads 
[13:55:00] Read2: loaded 114M reads 
[13:55:00] Read1: loaded 114M reads 
[13:55:00] Read2: loaded 115M reads 
[13:55:01] Read1: loaded 115M reads 
[13:55:01] Read2: loaded 116M reads 
[13:55:01] Read1: loaded 116M reads 
[13:55:02] Read2: loaded 117M reads 
[13:55:02] Read1: loaded 117M reads 
[13:55:02] Read2: loaded 118M reads 
[13:55:03] Read1: loaded 118M reads 
[13:55:03] Read2: loaded 119M reads 
[13:55:03] Read1: loaded 119M reads 
[13:55:04] Read2: loaded 120M reads 
[13:55:04] Read1: loaded 120M reads 
[13:55:04] Read2: loaded 121M reads 
[13:55:05] Read1: loaded 121M reads 
[13:55:05] Read2: loaded 122M reads 
[13:55:05] Read1: loaded 122M reads 
[13:55:06] Read2: loaded 123M reads 
[13:55:06] Read1: loaded 123M reads 
[13:55:06] Read2: loaded 124M reads 
[13:55:07] Read1: loaded 124M reads 
[13:55:07] Read2: loaded 125M reads 
[13:55:07] Read1: loaded 125M reads 
[13:55:08] Read2: loaded 126M reads 
[13:55:08] Read1: loaded 126M reads 
[13:55:08] Read2: loaded 127M reads 
[13:55:09] Read1: loaded 127M reads 
[13:55:09] Read2: loaded 128M reads 
[13:55:09] Read1: loaded 128M reads 
[13:55:10] Read2: loaded 129M reads 
[13:55:10] Read1: loaded 129M reads 
[13:55:10] Read2: loaded 130M reads 
[13:55:11] Read1: loaded 130M reads 
[13:55:11] Read2: loaded 131M reads 
[13:55:11] Read1: loaded 131M reads 
[13:55:12] Read2: loaded 132M reads 
[13:55:12] Read1: loaded 132M reads 
[13:55:12] Read2: loaded 133M reads 
[13:55:13] Read1: loaded 133M reads 
[13:55:13] Read2: loaded 134M reads 
[13:55:13] Read1: loaded 134M reads 
[13:55:13] Read2: loaded 135M reads 
[13:55:14] Read1: loaded 135M reads 
[13:55:14] Read2: loaded 136M reads 
[13:55:15] Read1: loaded 136M reads 
[13:55:15] Read2: loaded 137M reads 
[13:55:15] Read1: loaded 137M reads 
[13:55:15] Read2: loaded 138M reads 
[13:55:16] Read1: loaded 138M reads 
[13:55:16] Read2: loaded 139M reads 
[13:55:17] Read1: loaded 139M reads 
[13:55:17] Read2: loaded 140M reads 
[13:55:17] Read1: loaded 140M reads 
[13:55:17] Read2: loaded 141M reads 
[13:55:18] Read1: loaded 141M reads 
[13:55:18] Read2: loaded 142M reads 
[13:55:19] Read1: loaded 142M reads 
[13:55:19] Read2: loaded 143M reads 
[13:55:19] Read1: loaded 143M reads 
[13:55:19] Read2: loaded 144M reads 
[13:55:20] Read1: loaded 144M reads 
[13:55:20] Read2: loaded 145M reads 
[13:55:21] Read1: loaded 145M reads 
[13:55:21] Read2: loaded 146M reads 
[13:55:21] Read1: loaded 146M reads 
[13:55:21] Read2: loaded 147M reads 
[13:55:22] Read1: loaded 147M reads 
[13:55:22] Read2: loaded 148M reads 
[13:55:23] Read1: loaded 148M reads 
[13:55:23] Read2: loaded 149M reads 
[13:55:23] Read1: loaded 149M reads 
[13:55:23] Read2: loaded 150M reads 
[13:55:24] Read1: loaded 150M reads 
[13:55:24] Read2: loaded 151M reads 
[13:55:25] Read1: loaded 151M reads 
[13:55:25] Read2: loaded 152M reads 
[13:55:25] Read1: loaded 152M reads 
[13:55:25] Read2: loaded 153M reads 
[13:55:26] Read1: loaded 153M reads 
[13:55:26] Read2: loaded 154M reads 
[13:55:27] Read1: loaded 154M reads 
[13:55:27] Read2: loaded 155M reads 
[13:55:27] Read1: loaded 155M reads 
[13:55:27] Read2: loaded 156M reads 
[13:55:28] Read1: loaded 156M reads 
[13:55:28] Read2: loaded 157M reads 
[13:55:29] Read1: loaded 157M reads 
[13:55:29] Read2: loaded 158M reads 
[13:55:29] Read1: loaded 158M reads 
[13:55:29] Read2: loaded 159M reads 
[13:55:30] Read1: loaded 159M reads 
[13:55:30] Read2: loaded 160M reads 
[13:55:31] Read1: loaded 160M reads 
[13:55:31] Read2: loaded 161M reads 
[13:55:31] Read1: loaded 161M reads 
[13:55:31] Read2: loaded 162M reads 
[13:55:32] Read1: loaded 162M reads 
[13:55:32] Read2: loaded 163M reads 
[13:55:33] Read1: loaded 163M reads 
[13:55:33] Read2: loaded 164M reads 
[13:55:33] Read1: loaded 164M reads 
[13:55:33] Read2: loaded 165M reads 
[13:55:34] Read1: loaded 165M reads 
[13:55:34] Read2: loaded 166M reads 
[13:55:35] Read1: loaded 166M reads 
[13:55:35] Read2: loaded 167M reads 
[13:55:35] Read1: loaded 167M reads 
[13:55:35] Read2: loaded 168M reads 
[13:55:36] Read1: loaded 168M reads 
[13:55:36] Read2: loaded 169M reads 
[13:55:37] Read1: loaded 169M reads 
[13:55:37] Read2: loaded 170M reads 
[13:55:37] Read1: loaded 170M reads 
[13:55:37] Read2: loaded 171M reads 
[13:55:38] Read1: loaded 171M reads 
[13:55:38] Read2: loaded 172M reads 
[13:55:39] Read1: loaded 172M reads 
[13:55:39] Read2: loaded 173M reads 
[13:55:39] Read1: loaded 173M reads 
[13:55:39] Read2: loaded 174M reads 
[13:55:40] Read1: loaded 174M reads 
[13:55:40] Read2: loaded 175M reads 
[13:55:41] Read1: loaded 175M reads 
[13:55:41] Read2: loaded 176M reads 
[13:55:41] Read1: loaded 176M reads 
[13:55:41] Read2: loaded 177M reads 
[13:55:42] Read1: loaded 177M reads 
[13:55:42] Read2: loaded 178M reads 
[13:55:43] Read1: loaded 178M reads 
[13:55:43] Read2: loaded 179M reads 
[13:55:43] Read1: loaded 179M reads 
[13:55:43] Read2: loaded 180M reads 
[13:55:44] Read1: loaded 180M reads 
[13:55:44] Read2: loaded 181M reads 
[13:55:45] Read1: loaded 181M reads 
[13:55:45] Read2: loaded 182M reads 
[13:55:45] Read1: loaded 182M reads 
[13:55:45] Read2: loaded 183M reads 
[13:55:46] Read1: loaded 183M reads 
[13:55:46] Read2: loaded 184M reads 
[13:55:47] Read1: loaded 184M reads 
[13:55:47] Read2: loaded 185M reads 
[13:55:47] Read1: loaded 185M reads 
[13:55:47] Read2: loaded 186M reads 
[13:55:48] Read1: loaded 186M reads 
[13:55:48] Read2: loaded 187M reads 
[13:55:49] Read1: loaded 187M reads 
[13:55:49] Read2: loaded 188M reads 
[13:55:49] Read1: loaded 188M reads 
[13:55:49] Read2: loaded 189M reads 
[13:55:50] Read1: loaded 189M reads 
[13:55:50] Read2: loaded 190M reads 
[13:55:51] Read1: loaded 190M reads 
[13:55:51] Read2: loaded 191M reads 
[13:55:51] Read1: loaded 191M reads 
[13:55:51] Read2: loaded 192M reads 
[13:55:52] Read1: loaded 192M reads 
[13:55:52] Read2: loaded 193M reads 
[13:55:53] Read1: loaded 193M reads 
[13:55:53] Read2: loaded 194M reads 
[13:55:53] Read1: loaded 194M reads 
[13:55:53] Read2: loaded 195M reads 
[13:55:54] Read1: loaded 195M reads 
[13:55:54] Read2: loaded 196M reads 
[13:55:55] Read1: loaded 196M reads 
[13:55:55] Read2: loaded 197M reads 
[13:55:55] Read1: loaded 197M reads 
[13:55:55] Read2: loaded 198M reads 
[13:55:56] Read1: loaded 198M reads 
[13:55:56] Read2: loaded 199M reads 
[13:55:57] Read1: loaded 199M reads 
[13:55:57] Read2: loaded 200M reads 
[13:55:57] Read1: loaded 200M reads 
[13:55:57] Read2: loaded 201M reads 
[13:55:58] Read1: loaded 201M reads 
[13:55:58] Read2: loaded 202M reads 
[13:55:59] Read1: loaded 202M reads 
[13:55:59] Read2: loaded 203M reads 
[13:55:59] Read1: loaded 203M reads 
[13:55:59] Read2: loaded 204M reads 
[13:56:00] Read1: loaded 204M reads 
[13:56:00] Read2: loaded 205M reads 
[13:56:01] Read1: loaded 205M reads 
[13:56:01] Read2: loaded 206M reads 
[13:56:01] Read1: loaded 206M reads 
[13:56:01] Read2: loaded 207M reads 
[13:56:02] Read1: loaded 207M reads 
[13:56:02] Read2: loaded 208M reads 
[13:56:03] Read1: loaded 208M reads 
[13:56:03] Read2: loaded 209M reads 
[13:56:03] Read1: loaded 209M reads 
[13:56:03] Read2: loaded 210M reads 
[13:56:04] Read1: loaded 210M reads 
[13:56:04] Read2: loaded 211M reads 
[13:56:05] Read1: loaded 211M reads 
[13:56:05] Read2: loaded 212M reads 
[13:56:05] Read1: loaded 212M reads 
[13:56:05] Read2: loaded 213M reads 
[13:56:06] Read1: loaded 213M reads 
[13:56:06] Read2: loaded 214M reads 
[13:56:07] Read1: loaded 214M reads 
[13:56:07] Read2: loaded 215M reads 
[13:56:07] Read1: loaded 215M reads 
[13:56:07] Read2: loaded 216M reads 
[13:56:08] Read1: loaded 216M reads 
[13:56:08] Read2: loaded 217M reads 
[13:56:09] Read1: loaded 217M reads 
[13:56:09] Read2: loaded 218M reads 
[13:56:09] Read1: loaded 218M reads 
[13:56:09] Read2: loaded 219M reads 
[13:56:10] Read1: loaded 219M reads 
[13:56:10] Read2: loaded 220M reads 
[13:56:11] Read1: loaded 220M reads 
[13:56:11] Read2: loaded 221M reads 
[13:56:11] Read1: loaded 221M reads 
[13:56:11] Read2: loaded 222M reads 
[13:56:12] Read1: loaded 222M reads 
[13:56:12] Read2: loaded 223M reads 
[13:56:13] Read1: loaded 223M reads 
[13:56:13] Read2: loaded 224M reads 
[13:56:13] Read1: loaded 224M reads 
[13:56:13] Read2: loaded 225M reads 
[13:56:14] Read1: loaded 225M reads 
[13:56:14] Read2: loaded 226M reads 
[13:56:15] Read1: loaded 226M reads 
[13:56:15] Read2: loaded 227M reads 
[13:56:15] Read1: loaded 227M reads 
[13:56:15] Read2: loaded 228M reads 
[13:56:16] Read1: loaded 228M reads 
[13:56:16] Read2: loaded 229M reads 
[13:56:17] Read1: loaded 229M reads 
[13:56:17] Read2: loaded 230M reads 
[13:56:17] Read1: loaded 230M reads 
[13:56:17] Read2: loaded 231M reads 
[13:56:18] Read1: loaded 231M reads 
[13:56:18] Read2: loaded 232M reads 
[13:56:19] Read1: loaded 232M reads 
[13:56:19] Read2: loaded 233M reads 
[13:56:19] Read1: loaded 233M reads 
[13:56:19] Read2: loaded 234M reads 
[13:56:20] Read1: loaded 234M reads 
[13:56:20] Read2: loaded 235M reads 
[13:56:21] Read1: loaded 235M reads 
[13:56:21] Read2: loaded 236M reads 
[13:56:21] Read1: loaded 236M reads 
[13:56:21] Read2: loaded 237M reads 
[13:56:22] Read1: loaded 237M reads 
[13:56:22] Read2: loaded 238M reads 
[13:56:23] Read1: loaded 238M reads 
[13:56:23] Read2: loaded 239M reads 
[13:56:23] Read1: loaded 239M reads 
[13:56:23] Read2: loaded 240M reads 
[13:56:24] Read1: loaded 240M reads 
[13:56:24] Read2: loaded 241M reads 
[13:56:25] Read1: loaded 241M reads 
[13:56:25] Read2: loaded 242M reads 
[13:56:25] Read1: loaded 242M reads 
[13:56:25] Read2: loaded 243M reads 
[13:56:26] Read1: loaded 243M reads 
[13:56:26] Read2: loaded 244M reads 
[13:56:27] Read1: loaded 244M reads 
[13:56:27] Read2: loaded 245M reads 
[13:56:27] Read1: loaded 245M reads 
[13:56:27] Read2: loaded 246M reads 
[13:56:28] Read1: loaded 246M reads 
[13:56:28] Read2: loaded 247M reads 
[13:56:29] Read1: loaded 247M reads 
[13:56:29] Read2: loaded 248M reads 
[13:56:29] Read1: loaded 248M reads 
[13:56:29] Read2: loaded 249M reads 
[13:56:30] Read1: loaded 249M reads 
[13:56:30] Read2: loaded 250M reads 
[13:56:31] Read1: loaded 250M reads 
[13:56:31] Read2: loaded 251M reads 
[13:56:31] Read1: loaded 251M reads 
[13:56:31] Read2: loaded 252M reads 
[13:56:32] Read1: loaded 252M reads 
[13:56:32] Read2: loaded 253M reads 
[13:56:33] Read1: loaded 253M reads 
[13:56:33] Read2: loaded 254M reads 
[13:56:33] Read1: loaded 254M reads 
[13:56:33] Read2: loaded 255M reads 
[13:56:34] Read1: loaded 255M reads 
[13:56:34] Read2: loaded 256M reads 
[13:56:35] Read1: loaded 256M reads 
[13:56:35] Read2: loaded 257M reads 
[13:56:35] Read1: loaded 257M reads 
[13:56:35] Read2: loaded 258M reads 
[13:56:36] Read1: loaded 258M reads 
[13:56:36] Read2: loaded 259M reads 
[13:56:37] Read1: loaded 259M reads 
[13:56:37] Read2: loaded 260M reads 
[13:56:37] Read1: loaded 260M reads 
[13:56:37] Read2: loaded 261M reads 
[13:56:38] Read1: loaded 261M reads 
[13:56:38] Read2: loaded 262M reads 
[13:56:39] Read1: loaded 262M reads 
[13:56:39] Read2: loaded 263M reads 
[13:56:39] Read1: loaded 263M reads 
[13:56:39] Read2: loaded 264M reads 
[13:56:40] Read1: loaded 264M reads 
[13:56:40] Read2: loaded 265M reads 
[13:56:41] Read1: loaded 265M reads 
[13:56:41] Read2: loaded 266M reads 
[13:56:41] Read1: loaded 266M reads 
[13:56:41] Read2: loaded 267M reads 
[13:56:42] Read1: loaded 267M reads 
[13:56:42] Read2: loaded 268M reads 
[13:56:43] Read1: loaded 268M reads 
[13:56:43] Read2: loaded 269M reads 
[13:56:43] Read1: loaded 269M reads 
[13:56:43] Read2: loaded 270M reads 
[13:56:44] Read1: loaded 270M reads 
[13:56:44] Read2: loaded 271M reads 
[13:56:45] Read1: loaded 271M reads 
[13:56:45] Read2: loaded 272M reads 
[13:56:45] Read1: loaded 272M reads 
[13:56:45] Read2: loaded 273M reads 
[13:56:46] Read1: loaded 273M reads 
[13:56:46] Read2: loaded 274M reads 
[13:56:47] Read1: loaded 274M reads 
[13:56:47] Read2: loaded 275M reads 
[13:56:47] Read1: loaded 275M reads 
[13:56:47] Read2: loaded 276M reads 
[13:56:48] Read1: loaded 276M reads 
[13:56:48] Read2: loaded 277M reads 
[13:56:49] Read1: loaded 277M reads 
[13:56:49] Read2: loaded 278M reads 
[13:56:49] Read1: loaded 278M reads 
[13:56:49] Read2: loaded 279M reads 
[13:56:50] Read1: loaded 279M reads 
[13:56:50] Read2: loaded 280M reads 
[13:56:51] Read1: loaded 280M reads 
[13:56:51] Read2: loaded 281M reads 
[13:56:51] Read1: loaded 281M reads 
[13:56:51] Read2: loaded 282M reads 
[13:56:52] Read1: loaded 282M reads 
[13:56:52] Read2: loaded 283M reads 
[13:56:53] Read1: loaded 283M reads 
[13:56:53] Read2: loaded 284M reads 
[13:56:53] Read1: loaded 284M reads 
[13:56:54] Read2: loaded 285M reads 
[13:56:54] Read1: loaded 285M reads 
[13:56:54] Read2: loaded 286M reads 
[13:56:55] Read1: loaded 286M reads 
[13:56:55] Read2: loaded 287M reads 
[13:56:55] Read1: loaded 287M reads 
[13:56:56] Read2: loaded 288M reads 
[13:56:56] Read1: loaded 288M reads 
[13:56:56] Read2: loaded 289M reads 
[13:56:57] Read1: loaded 289M reads 
[13:56:57] Read2: loaded 290M reads 
[13:56:57] Read1: loaded 290M reads 
[13:56:58] Read2: loaded 291M reads 
[13:56:58] Read1: loaded 291M reads 
[13:56:58] Read2: loaded 292M reads 
[13:56:59] Read1: loaded 292M reads 
[13:56:59] Read2: loaded 293M reads 
[13:56:59] Read1: loaded 293M reads 
[13:57:00] Read2: loaded 294M reads 
[13:57:00] Read1: loaded 294M reads 
[13:57:00] Read2: loaded 295M reads 
[13:57:01] Read1: loaded 295M reads 
[13:57:01] Read2: loaded 296M reads 
[13:57:02] Read1: loaded 296M reads 
[13:57:02] Read2: loaded 297M reads 
[13:57:02] Read1: loaded 297M reads 
[13:57:02] Read2: loaded 298M reads 
[13:57:03] Read1: loaded 298M reads 
[13:57:03] Read2: loaded 299M reads 
[13:57:04] Read1: loaded 299M reads 
[13:57:04] Read2: loaded 300M reads 
[13:57:04] Read1: loaded 300M reads 
[13:57:04] Read2: loaded 301M reads 
[13:57:05] Read1: loaded 301M reads 
[13:57:05] Read2: loaded 302M reads 
[13:57:06] Read1: loaded 302M reads 
[13:57:06] Read2: loaded 303M reads 
[13:57:06] Read1: loaded 303M reads 
[13:57:06] Read2: loaded 304M reads 
[13:57:07] Read1: loaded 304M reads 
[13:57:07] Read2: loaded 305M reads 
[13:57:08] Read1: loaded 305M reads 
[13:57:08] Read2: loaded 306M reads 
[13:57:08] Read1: loaded 306M reads 
[13:57:08] Read2: loaded 307M reads 
[13:57:09] Read1: loaded 307M reads 
[13:57:09] Read2: loaded 308M reads 
[13:57:10] Read1: loaded 308M reads 
[13:57:10] Read2: loaded 309M reads 
[13:57:10] Read1: loaded 309M reads 
[13:57:10] Read2: loaded 310M reads 
[13:57:11] Read1: loaded 310M reads 
[13:57:11] Read2: loaded 311M reads 
[13:57:12] Read1: loaded 311M reads 
[13:57:12] Read2: loaded 312M reads 
[13:57:12] Read1: loaded 312M reads 
[13:57:12] Read2: loaded 313M reads 
[13:57:13] Read1: loaded 313M reads 
[13:57:13] Read2: loaded 314M reads 
[13:57:14] Read1: loaded 314M reads 
[13:57:14] Read2: loaded 315M reads 
[13:57:14] Read1: loaded 315M reads 
[13:57:14] Read2: loaded 316M reads 
[13:57:15] Read1: loaded 316M reads 
[13:57:15] Read2: loaded 317M reads 
[13:57:16] Read1: loaded 317M reads 
[13:57:16] Read2: loaded 318M reads 
[13:57:16] Read1: loaded 318M reads 
[13:57:16] Read2: loaded 319M reads 
[13:57:17] Read1: loaded 319M reads 
[13:57:17] Read2: loaded 320M reads 
[13:57:18] Read1: loaded 320M reads 
[13:57:18] Read2: loaded 321M reads 
[13:57:18] Read1: loaded 321M reads 
[13:57:18] Read2: loaded 322M reads 
[13:57:19] Read1: loaded 322M reads 
[13:57:19] Read2: loaded 323M reads 
[13:57:20] Read1: loaded 323M reads 
[13:57:20] Read2: loaded 324M reads 
[13:57:20] Read1: loaded 324M reads 
[13:57:20] Read2: loaded 325M reads 
[13:57:21] Read1: loaded 325M reads 
[13:57:21] Read2: loaded 326M reads 
[13:57:22] Read1: loaded 326M reads 
[13:57:22] Read2: loaded 327M reads 
[13:57:22] Read1: loaded 327M reads 
[13:57:22] Read2: loaded 328M reads 
[13:57:23] Read1: loaded 328M reads 
[13:57:23] Read2: loaded 329M reads 
[13:57:24] Read1: loaded 329M reads 
[13:57:24] Read2: loaded 330M reads 
[13:57:24] Read1: loaded 330M reads 
[13:57:24] Read2: loaded 331M reads 
[13:57:25] Read1: loaded 331M reads 
[13:57:25] Read2: loaded 332M reads 
[13:57:26] Read1: loaded 332M reads 
[13:57:26] Read2: loaded 333M reads 
[13:57:26] Read1: loaded 333M reads 
[13:57:27] Read2: loaded 334M reads 
[13:57:27] Read1: loaded 334M reads 
[13:57:27] Read2: loaded 335M reads 
[13:57:28] Read1: loaded 335M reads 
[13:57:28] Read2: loaded 336M reads 
[13:57:28] Read1: loaded 336M reads 
[13:57:29] Read2: loaded 337M reads 
[13:57:29] Read1: loaded 337M reads 
[13:57:29] Read2: loaded 338M reads 
[13:57:30] Read1: loaded 338M reads 
[13:57:30] Read2: loaded 339M reads 
[13:57:31] Read1: loaded 339M reads 
[13:57:31] Read2: loaded 340M reads 
[13:57:31] Read1: loaded 340M reads 
[13:57:31] Read2: loaded 341M reads 
[13:57:32] Read1: loaded 341M reads 
[13:57:32] Read2: loaded 342M reads 
[13:57:33] Read1: loaded 342M reads 
[13:57:33] Read2: loaded 343M reads 
[13:57:33] Read1: loaded 343M reads 
[13:57:33] Read2: loaded 344M reads 
[13:57:34] Read1: loaded 344M reads 
[13:57:34] Read2: loaded 345M reads 
[13:57:35] Read1: loaded 345M reads 
[13:57:35] Read2: loaded 346M reads 
[13:57:35] Read1: loaded 346M reads 
[13:57:35] Read2: loaded 347M reads 
[13:57:36] Read1: loaded 347M reads 
[13:57:36] Read2: loaded 348M reads 
[13:57:37] Read1: loaded 348M reads 
[13:57:37] Read2: loaded 349M reads 
[13:57:37] Read1: loaded 349M reads 
[13:57:37] Read2: loaded 350M reads 
[13:57:38] Read1: loaded 350M reads 
[13:57:38] Read2: loaded 351M reads 
[13:57:39] Read1: loaded 351M reads 
[13:57:39] Read2: loaded 352M reads 
[13:57:39] Read1: loaded 352M reads 
[13:57:39] Read2: loaded 353M reads 
[13:57:40] Read1: loaded 353M reads 
[13:57:40] Read2: loaded 354M reads 
[13:57:41] Read1: loaded 354M reads 
[13:57:41] Read2: loaded 355M reads 
[13:57:41] Read1: loaded 355M reads 
[13:57:41] Read2: loaded 356M reads 
[13:57:42] Read1: loaded 356M reads 
[13:57:42] Read2: loaded 357M reads 
[13:57:43] Read1: loaded 357M reads 
[13:57:43] Read2: loaded 358M reads 
[13:57:43] Read1: loaded 358M reads 
[13:57:43] Read2: loaded 359M reads 
[13:57:44] Read1: loaded 359M reads 
[13:57:44] Read2: loaded 360M reads 
[13:57:45] Read1: loaded 360M reads 
[13:57:45] Read2: loaded 361M reads 
[13:57:45] Read2: loading completed with 44102 packs 
[13:57:45] Read1: loaded 361M reads 
[13:57:46] Read1: loading completed with 44102 packs 
[13:57:46] [fastp 1.3.3-d0bromir] Stage: loading (240455 ms) 
[13:57:46] [fastp 1.3.3-d0bromir] Stage: filtering 
[13:57:46] thread 32 data processing completed 
[13:57:46] thread 32 finished 
[13:57:46] thread 6 data processing completed 
[13:57:46] thread 6 finished 
[13:57:46] thread 13 data processing completed 
[13:57:46] thread 13 finished 
[13:57:46] thread 19 data processing completed 
[13:57:46] thread 19 finished 
[13:57:46] thread 15 data processing completed 
[13:57:46] thread 15 finished 
[13:57:46] thread 18 data processing completed 
[13:57:46] thread 18 finished 
[13:57:46] thread 20 data processing completed 
[13:57:46] thread 20 finished 
[13:57:46] thread 11 data processing completed 
[13:57:46] thread 11 finished 
[13:57:46] thread 14 data processing completed 
[13:57:46] thread 14 finished 
[13:57:46] thread 4 data processing completed 
[13:57:46] thread 4 finished 
[13:57:46] thread 29 data processing completed 
[13:57:46] thread 29 finished 
[13:57:46] thread 10 data processing completed 
[13:57:46] thread 10 finished 
[13:57:46] thread 25 data processing completed 
[13:57:46] thread 25 finished 
[13:57:46] thread 8 data processing completed 
[13:57:46] thread 8 finished 
[13:57:46] thread 9 data processing completed 
[13:57:46] thread 9 finished 
[13:57:46] thread 24 data processing completed 
[13:57:46] thread 24 finished 
[13:57:46] thread 22 data processing completed 
[13:57:46] thread 22 finished 
[13:57:46] thread 28 data processing completed 
[13:57:46] thread 28 finished 
[13:57:46] thread 21 data processing completed 
[13:57:46] thread 21 finished 
[13:57:46] thread 17 data processing completed 
[13:57:46] thread 17 finished 
[13:57:46] thread 7 data processing completed 
[13:57:46] thread 7 finished 
[13:57:46] thread 1 data processing completed 
[13:57:46] thread 1 finished 
[13:57:46] thread 16 data processing completed 
[13:57:46] thread 16 finished 
[13:57:46] thread 27 data processing completed 
[13:57:46] thread 27 finished 
[13:57:46] thread 26 data processing completed 
[13:57:46] thread 26 finished 
[13:57:46] thread 12 data processing completed 
[13:57:46] thread 12 finished 
[13:57:46] thread 2 data processing completed 
[13:57:46] thread 2 finished 
[13:57:46] thread 30 data processing completed 
[13:57:46] thread 30 finished 
[13:57:46] thread 31 data processing completed 
[13:57:46] thread 31 finished 
[13:57:46] thread 3 data processing completed 
[13:57:46] thread 3 finished 
[13:57:46] thread 23 data processing completed 
[13:57:46] thread 23 finished 
[13:57:46] thread 5 data processing completed 
[13:57:46] thread 5 finished 
[13:57:46] [fastp 1.3.3-d0bromir] Stage: filtering (581 ms) 
[13:57:46] [fastp 1.3.3-d0bromir] Stage: writing 
[13:57:46] /dev/shm/fastp_bench_fRpLs7_R1.fq.gz writer finished 
[13:57:46] /dev/shm/fastp_bench_obTmkp_R2.fq.gz writer finished 
[13:57:46] [fastp 1.3.3-d0bromir] Stage: writing (28 ms) 
[13:57:46] [GPU] Device 0: batches=44102 reads=361279638 
[13:57:46] [GPU] Device 1: batches=44102 reads=361283584 
[13:57:46] start to generate reports
 
Read1 before filtering:
total reads: 361281611
total bases: 54192241650
Q20 bases: 54123398100(99.873%)
Q30 bases: 54123398100(99.873%)
Q40 bases: 0(0%)

Read2 before filtering:
total reads: 361281611
total bases: 54192241650
Q20 bases: 53855170050(99.378%)
Q30 bases: 53855170050(99.378%)
Q40 bases: 0(0%)

Read1 after filtering:
total reads: 358607374
total bases: 53574361382
Q20 bases: 53574361382(100%)
Q30 bases: 53574361382(100%)
Q40 bases: 0(0%)

Read2 after filtering:
total reads: 358607374
total bases: 53574361382
Q20 bases: 53574361382(100%)
Q30 bases: 53574361382(100%)
Q40 bases: 0(0%)

Filtering result:
reads passed filter: 717214748
reads failed due to low quality: 5328396
reads failed due to too many N: 20078
reads failed due to too short: 0
reads failed due to adapter dimer: 0
reads with adapter trimmed: 9627740
bases trimmed due to adapters: 442711160

Duplication rate: 5.60214%

Insert size peak (evaluated by paired-end reads): 269

JSON report: /dev/shm/fastp_bench_TODgC1.json
HTML report: /dev/null

/home/mpiuser/bioauto_rev/fastp_d0bromir/fastp -w 32 -j /dev/shm/fastp_bench_TODgC1.json -h /dev/null --verbose -i /home/mpiuser/FASTQ/WGS/DRR216653_1.fastq.gz -I /home/mpiuser/FASTQ/WGS/DRR216653_2.fastq.gz -o /dev/shm/fastp_bench_fRpLs7_R1.fq.gz -O /dev/shm/fastp_bench_obTmkp_R2.fq.gz 
fastp v1.3.3-d0bromir, time used: 244 seconds
================================================================
