=== Full Benchmark Log: Sat Oct  3 19:47:30 UTC 2026 ===


================================================================
 Application  : opengene (/home/mpiuser/bioauto_rev/fastp_d0bromir/../fastp_opengene/fastp)
 Dataset      : WGS PE 40G (DRR216653 R1+R2)
 Files        : R1=/home/mpiuser/FASTQ/WGS/DRR216653_1.fastq.gz
               R2=/home/mpiuser/FASTQ/WGS/DRR216653_2.fastq.gz
 Type         : PE
 Threads      : 32
 Wall time    : 709.019 s
 reads_in     : 722563222
 reads_out    : 717214748
 vs_opengene  : baseline
--- Resource usage ---
 CPU avg/peak : 1774.9% / 2543.3%
 RSS peak     : 1960 MiB
 GPU util a/p : 0.0% / 0.0%
 GPU mem peak : 0 MiB
 Sample CSV   : /home/mpiuser/bioauto_rev/fastp_d0bromir/benchmark_results/20261003_194729/resources/resource_WGS_PE_40G_opengene_T32_1791056850.csv
--- Profiling output ---
[19:47:31] start to load data of read1 
[19:47:31] start to load data of read2 
[19:47:31] /dev/shm/fastp_bench_zoIF9g_R1.fq.gz writer finished 
[19:47:31] /dev/shm/fastp_bench_bM43eu_R2.fq.gz writer finished 
[19:47:32] Read1: loaded 1M reads 
[19:47:32] Read2: loaded 1M reads 
[19:47:33] Read1: loaded 2M reads 
[19:47:33] Read2: loaded 2M reads 
[19:47:34] Read2: loaded 3M reads 
[19:47:34] Read1: loaded 3M reads 
[19:47:35] Read2: loaded 4M reads 
[19:47:35] Read1: loaded 4M reads 
[19:47:36] Read2: loaded 5M reads 
[19:47:36] Read1: loaded 5M reads 
[19:47:37] Read2: loaded 6M reads 
[19:47:37] Read1: loaded 6M reads 
[19:47:39] Read2: loaded 7M reads 
[19:47:39] Read1: loaded 7M reads 
[19:47:40] Read2: loaded 8M reads 
[19:47:40] Read1: loaded 8M reads 
[19:47:41] Read2: loaded 9M reads 
[19:47:41] Read1: loaded 9M reads 
[19:47:42] Read2: loaded 10M reads 
[19:47:42] Read1: loaded 10M reads 
[19:47:43] Read1: loaded 11M reads 
[19:47:43] Read2: loaded 11M reads 
[19:47:44] Read1: loaded 12M reads 
[19:47:44] Read2: loaded 12M reads 
[19:47:45] Read1: loaded 13M reads 
[19:47:45] Read2: loaded 13M reads 
[19:47:47] Read1: loaded 14M reads 
[19:47:47] Read2: loaded 14M reads 
[19:47:48] Read1: loaded 15M reads 
[19:47:48] Read2: loaded 15M reads 
[19:47:49] Read1: loaded 16M reads 
[19:47:49] Read2: loaded 16M reads 
[19:47:50] Read1: loaded 17M reads 
[19:47:50] Read2: loaded 17M reads 
[19:47:51] Read1: loaded 18M reads 
[19:47:51] Read2: loaded 18M reads 
[19:47:53] Read1: loaded 19M reads 
[19:47:53] Read2: loaded 19M reads 
[19:47:54] Read1: loaded 20M reads 
[19:47:54] Read2: loaded 20M reads 
[19:47:55] Read1: loaded 21M reads 
[19:47:55] Read2: loaded 21M reads 
[19:47:56] Read1: loaded 22M reads 
[19:47:56] Read2: loaded 22M reads 
[19:47:57] Read1: loaded 23M reads 
[19:47:57] Read2: loaded 23M reads 
[19:47:58] Read1: loaded 24M reads 
[19:47:58] Read2: loaded 24M reads 
[19:48:00] Read1: loaded 25M reads 
[19:48:00] Read2: loaded 25M reads 
[19:48:01] Read1: loaded 26M reads 
[19:48:01] Read2: loaded 26M reads 
[19:48:02] Read2: loaded 27M reads 
[19:48:02] Read1: loaded 27M reads 
[19:48:03] Read2: loaded 28M reads 
[19:48:03] Read1: loaded 28M reads 
[19:48:04] Read2: loaded 29M reads 
[19:48:04] Read1: loaded 29M reads 
[19:48:05] Read1: loaded 30M reads 
[19:48:05] Read2: loaded 30M reads 
[19:48:06] Read1: loaded 31M reads 
[19:48:06] Read2: loaded 31M reads 
[19:48:07] Read2: loaded 32M reads 
[19:48:07] Read1: loaded 32M reads 
[19:48:09] Read2: loaded 33M reads 
[19:48:09] Read1: loaded 33M reads 
[19:48:10] Read2: loaded 34M reads 
[19:48:10] Read1: loaded 34M reads 
[19:48:11] Read2: loaded 35M reads 
[19:48:11] Read1: loaded 35M reads 
[19:48:12] Read1: loaded 36M reads 
[19:48:12] Read2: loaded 36M reads 
[19:48:13] Read1: loaded 37M reads 
[19:48:13] Read2: loaded 37M reads 
[19:48:14] Read2: loaded 38M reads 
[19:48:14] Read1: loaded 38M reads 
[19:48:15] Read1: loaded 39M reads 
[19:48:15] Read2: loaded 39M reads 
[19:48:17] Read2: loaded 40M reads 
[19:48:17] Read1: loaded 40M reads 
[19:48:18] Read2: loaded 41M reads 
[19:48:18] Read1: loaded 41M reads 
[19:48:19] Read1: loaded 42M reads 
[19:48:19] Read2: loaded 42M reads 
[19:48:20] Read2: loaded 43M reads 
[19:48:20] Read1: loaded 43M reads 
[19:48:21] Read2: loaded 44M reads 
[19:48:21] Read1: loaded 44M reads 
[19:48:22] Read2: loaded 45M reads 
[19:48:22] Read1: loaded 45M reads 
[19:48:23] Read1: loaded 46M reads 
[19:48:23] Read2: loaded 46M reads 
[19:48:24] Read1: loaded 47M reads 
[19:48:25] Read2: loaded 47M reads 
[19:48:26] Read1: loaded 48M reads 
[19:48:26] Read2: loaded 48M reads 
[19:48:27] Read1: loaded 49M reads 
[19:48:27] Read2: loaded 49M reads 
[19:48:28] Read1: loaded 50M reads 
[19:48:28] Read2: loaded 50M reads 
[19:48:29] Read1: loaded 51M reads 
[19:48:29] Read2: loaded 51M reads 
[19:48:30] Read1: loaded 52M reads 
[19:48:30] Read2: loaded 52M reads 
[19:48:31] Read1: loaded 53M reads 
[19:48:31] Read2: loaded 53M reads 
[19:48:33] Read1: loaded 54M reads 
[19:48:33] Read2: loaded 54M reads 
[19:48:34] Read1: loaded 55M reads 
[19:48:34] Read2: loaded 55M reads 
[19:48:35] Read2: loaded 56M reads 
[19:48:35] Read1: loaded 56M reads 
[19:48:36] Read1: loaded 57M reads 
[19:48:36] Read2: loaded 57M reads 
[19:48:37] Read1: loaded 58M reads 
[19:48:37] Read2: loaded 58M reads 
[19:48:38] Read2: loaded 59M reads 
[19:48:38] Read1: loaded 59M reads 
[19:48:39] Read2: loaded 60M reads 
[19:48:39] Read1: loaded 60M reads 
[19:48:41] Read2: loaded 61M reads 
[19:48:41] Read1: loaded 61M reads 
[19:48:42] Read2: loaded 62M reads 
[19:48:42] Read1: loaded 62M reads 
[19:48:43] Read2: loaded 63M reads 
[19:48:43] Read1: loaded 63M reads 
[19:48:44] Read1: loaded 64M reads 
[19:48:44] Read2: loaded 64M reads 
[19:48:45] Read2: loaded 65M reads 
[19:48:45] Read1: loaded 65M reads 
[19:48:46] Read2: loaded 66M reads 
[19:48:46] Read1: loaded 66M reads 
[19:48:47] Read1: loaded 67M reads 
[19:48:47] Read2: loaded 67M reads 
[19:48:49] Read1: loaded 68M reads 
[19:48:49] Read2: loaded 68M reads 
[19:48:50] Read1: loaded 69M reads 
[19:48:50] Read2: loaded 69M reads 
[19:48:51] Read1: loaded 70M reads 
[19:48:51] Read2: loaded 70M reads 
[19:48:52] Read1: loaded 71M reads 
[19:48:52] Read2: loaded 71M reads 
[19:48:53] Read2: loaded 72M reads 
[19:48:53] Read1: loaded 72M reads 
[19:48:54] Read1: loaded 73M reads 
[19:48:54] Read2: loaded 73M reads 
[19:48:56] Read2: loaded 74M reads 
[19:48:56] Read1: loaded 74M reads 
[19:48:57] Read1: loaded 75M reads 
[19:48:57] Read2: loaded 75M reads 
[19:48:58] Read1: loaded 76M reads 
[19:48:58] Read2: loaded 76M reads 
[19:48:59] Read1: loaded 77M reads 
[19:48:59] Read2: loaded 77M reads 
[19:49:00] Read1: loaded 78M reads 
[19:49:00] Read2: loaded 78M reads 
[19:49:01] Read1: loaded 79M reads 
[19:49:01] Read2: loaded 79M reads 
[19:49:03] Read1: loaded 80M reads 
[19:49:03] Read2: loaded 80M reads 
[19:49:04] Read1: loaded 81M reads 
[19:49:04] Read2: loaded 81M reads 
[19:49:05] Read1: loaded 82M reads 
[19:49:05] Read2: loaded 82M reads 
[19:49:06] Read1: loaded 83M reads 
[19:49:06] Read2: loaded 83M reads 
[19:49:07] Read1: loaded 84M reads 
[19:49:07] Read2: loaded 84M reads 
[19:49:08] Read1: loaded 85M reads 
[19:49:08] Read2: loaded 85M reads 
[19:49:10] Read1: loaded 86M reads 
[19:49:10] Read2: loaded 86M reads 
[19:49:11] Read1: loaded 87M reads 
[19:49:11] Read2: loaded 87M reads 
[19:49:12] Read2: loaded 88M reads 
[19:49:12] Read1: loaded 88M reads 
[19:49:13] Read1: loaded 89M reads 
[19:49:13] Read2: loaded 89M reads 
[19:49:14] Read2: loaded 90M reads 
[19:49:14] Read1: loaded 90M reads 
[19:49:15] Read2: loaded 91M reads 
[19:49:15] Read1: loaded 91M reads 
[19:49:16] Read1: loaded 92M reads 
[19:49:16] Read2: loaded 92M reads 
[19:49:18] Read2: loaded 93M reads 
[19:49:18] Read1: loaded 93M reads 
[19:49:19] Read1: loaded 94M reads 
[19:49:19] Read2: loaded 94M reads 
[19:49:20] Read1: loaded 95M reads 
[19:49:20] Read2: loaded 95M reads 
[19:49:21] Read1: loaded 96M reads 
[19:49:21] Read2: loaded 96M reads 
[19:49:22] Read1: loaded 97M reads 
[19:49:22] Read2: loaded 97M reads 
[19:49:23] Read2: loaded 98M reads 
[19:49:23] Read1: loaded 98M reads 
[19:49:24] Read2: loaded 99M reads 
[19:49:24] Read1: loaded 99M reads 
[19:49:26] Read2: loaded 100M reads 
[19:49:26] Read1: loaded 100M reads 
[19:49:27] Read2: loaded 101M reads 
[19:49:27] Read1: loaded 101M reads 
[19:49:28] Read2: loaded 102M reads 
[19:49:28] Read1: loaded 102M reads 
[19:49:29] Read1: loaded 103M reads 
[19:49:29] Read2: loaded 103M reads 
[19:49:30] Read2: loaded 104M reads 
[19:49:30] Read1: loaded 104M reads 
[19:49:31] Read2: loaded 105M reads 
[19:49:31] Read1: loaded 105M reads 
[19:49:32] Read2: loaded 106M reads 
[19:49:32] Read1: loaded 106M reads 
[19:49:34] Read1: loaded 107M reads 
[19:49:34] Read2: loaded 107M reads 
[19:49:35] Read1: loaded 108M reads 
[19:49:35] Read2: loaded 108M reads 
[19:49:36] Read1: loaded 109M reads 
[19:49:36] Read2: loaded 109M reads 
[19:49:37] Read1: loaded 110M reads 
[19:49:37] Read2: loaded 110M reads 
[19:49:38] Read2: loaded 111M reads 
[19:49:38] Read1: loaded 111M reads 
[19:49:39] Read1: loaded 112M reads 
[19:49:39] Read2: loaded 112M reads 
[19:49:41] Read1: loaded 113M reads 
[19:49:41] Read2: loaded 113M reads 
[19:49:42] Read1: loaded 114M reads 
[19:49:42] Read2: loaded 114M reads 
[19:49:43] Read1: loaded 115M reads 
[19:49:43] Read2: loaded 115M reads 
[19:49:44] Read1: loaded 116M reads 
[19:49:44] Read2: loaded 116M reads 
[19:49:45] Read1: loaded 117M reads 
[19:49:45] Read2: loaded 117M reads 
[19:49:46] Read1: loaded 118M reads 
[19:49:46] Read2: loaded 118M reads 
[19:49:47] Read1: loaded 119M reads 
[19:49:47] Read2: loaded 119M reads 
[19:49:49] Read1: loaded 120M reads 
[19:49:49] Read2: loaded 120M reads 
[19:49:50] Read1: loaded 121M reads 
[19:49:50] Read2: loaded 121M reads 
[19:49:51] Read1: loaded 122M reads 
[19:49:51] Read2: loaded 122M reads 
[19:49:52] Read2: loaded 123M reads 
[19:49:52] Read1: loaded 123M reads 
[19:49:53] Read1: loaded 124M reads 
[19:49:53] Read2: loaded 124M reads 
[19:49:54] Read1: loaded 125M reads 
[19:49:54] Read2: loaded 125M reads 
[19:49:56] Read1: loaded 126M reads 
[19:49:56] Read2: loaded 126M reads 
[19:49:57] Read1: loaded 127M reads 
[19:49:57] Read2: loaded 127M reads 
[19:49:58] Read1: loaded 128M reads 
[19:49:58] Read2: loaded 128M reads 
[19:49:59] Read2: loaded 129M reads 
[19:49:59] Read1: loaded 129M reads 
[19:50:00] Read1: loaded 130M reads 
[19:50:00] Read2: loaded 130M reads 
[19:50:02] Read1: loaded 131M reads 
[19:50:02] Read2: loaded 131M reads 
[19:50:03] Read1: loaded 132M reads 
[19:50:03] Read2: loaded 132M reads 
[19:50:04] Read2: loaded 133M reads 
[19:50:04] Read1: loaded 133M reads 
[19:50:05] Read1: loaded 134M reads 
[19:50:05] Read2: loaded 134M reads 
[19:50:06] Read1: loaded 135M reads 
[19:50:06] Read2: loaded 135M reads 
[19:50:08] Read1: loaded 136M reads 
[19:50:08] Read2: loaded 136M reads 
[19:50:09] Read1: loaded 137M reads 
[19:50:09] Read2: loaded 137M reads 
[19:50:10] Read1: loaded 138M reads 
[19:50:10] Read2: loaded 138M reads 
[19:50:11] Read1: loaded 139M reads 
[19:50:11] Read2: loaded 139M reads 
[19:50:13] Read1: loaded 140M reads 
[19:50:13] Read2: loaded 140M reads 
[19:50:14] Read1: loaded 141M reads 
[19:50:14] Read2: loaded 141M reads 
[19:50:15] Read1: loaded 142M reads 
[19:50:15] Read2: loaded 142M reads 
[19:50:16] Read2: loaded 143M reads 
[19:50:16] Read1: loaded 143M reads 
[19:50:18] Read1: loaded 144M reads 
[19:50:18] Read2: loaded 144M reads 
[19:50:19] Read1: loaded 145M reads 
[19:50:19] Read2: loaded 145M reads 
[19:50:20] Read1: loaded 146M reads 
[19:50:20] Read2: loaded 146M reads 
[19:50:21] Read2: loaded 147M reads 
[19:50:21] Read1: loaded 147M reads 
[19:50:22] Read1: loaded 148M reads 
[19:50:22] Read2: loaded 148M reads 
[19:50:24] Read1: loaded 149M reads 
[19:50:24] Read2: loaded 149M reads 
[19:50:25] Read1: loaded 150M reads 
[19:50:25] Read2: loaded 150M reads 
[19:50:26] Read1: loaded 151M reads 
[19:50:26] Read2: loaded 151M reads 
[19:50:27] Read1: loaded 152M reads 
[19:50:27] Read2: loaded 152M reads 
[19:50:29] Read1: loaded 153M reads 
[19:50:29] Read2: loaded 153M reads 
[19:50:30] Read1: loaded 154M reads 
[19:50:30] Read2: loaded 154M reads 
[19:50:31] Read2: loaded 155M reads 
[19:50:31] Read1: loaded 155M reads 
[19:50:32] Read2: loaded 156M reads 
[19:50:32] Read1: loaded 156M reads 
[19:50:34] Read2: loaded 157M reads 
[19:50:34] Read1: loaded 157M reads 
[19:50:35] Read2: loaded 158M reads 
[19:50:35] Read1: loaded 158M reads 
[19:50:36] Read2: loaded 159M reads 
[19:50:36] Read1: loaded 159M reads 
[19:50:37] Read2: loaded 160M reads 
[19:50:37] Read1: loaded 160M reads 
[19:50:39] Read2: loaded 161M reads 
[19:50:39] Read1: loaded 161M reads 
[19:50:40] Read2: loaded 162M reads 
[19:50:40] Read1: loaded 162M reads 
[19:50:41] Read2: loaded 163M reads 
[19:50:41] Read1: loaded 163M reads 
[19:50:42] Read2: loaded 164M reads 
[19:50:42] Read1: loaded 164M reads 
[19:50:44] Read2: loaded 165M reads 
[19:50:44] Read1: loaded 165M reads 
[19:50:45] Read2: loaded 166M reads 
[19:50:45] Read1: loaded 166M reads 
[19:50:46] Read2: loaded 167M reads 
[19:50:46] Read1: loaded 167M reads 
[19:50:47] Read2: loaded 168M reads 
[19:50:47] Read1: loaded 168M reads 
[19:50:48] Read2: loaded 169M reads 
[19:50:49] Read1: loaded 169M reads 
[19:50:50] Read2: loaded 170M reads 
[19:50:50] Read1: loaded 170M reads 
[19:50:51] Read2: loaded 171M reads 
[19:50:51] Read1: loaded 171M reads 
[19:50:52] Read2: loaded 172M reads 
[19:50:52] Read1: loaded 172M reads 
[19:50:53] Read2: loaded 173M reads 
[19:50:53] Read1: loaded 173M reads 
[19:50:55] Read2: loaded 174M reads 
[19:50:55] Read1: loaded 174M reads 
[19:50:56] Read2: loaded 175M reads 
[19:50:56] Read1: loaded 175M reads 
[19:50:57] Read2: loaded 176M reads 
[19:50:57] Read1: loaded 176M reads 
[19:50:58] Read2: loaded 177M reads 
[19:50:58] Read1: loaded 177M reads 
[19:51:00] Read2: loaded 178M reads 
[19:51:00] Read1: loaded 178M reads 
[19:51:01] Read1: loaded 179M reads 
[19:51:01] Read2: loaded 179M reads 
[19:51:02] Read2: loaded 180M reads 
[19:51:02] Read1: loaded 180M reads 
[19:51:03] Read1: loaded 181M reads 
[19:51:03] Read2: loaded 181M reads 
[19:51:05] Read1: loaded 182M reads 
[19:51:05] Read2: loaded 182M reads 
[19:51:06] Read1: loaded 183M reads 
[19:51:06] Read2: loaded 183M reads 
[19:51:07] Read1: loaded 184M reads 
[19:51:07] Read2: loaded 184M reads 
[19:51:09] Read1: loaded 185M reads 
[19:51:09] Read2: loaded 185M reads 
[19:51:10] Read1: loaded 186M reads 
[19:51:10] Read2: loaded 186M reads 
[19:51:11] Read1: loaded 187M reads 
[19:51:11] Read2: loaded 187M reads 
[19:51:13] Read1: loaded 188M reads 
[19:51:13] Read2: loaded 188M reads 
[19:51:14] Read1: loaded 189M reads 
[19:51:14] Read2: loaded 189M reads 
[19:51:15] Read1: loaded 190M reads 
[19:51:15] Read2: loaded 190M reads 
[19:51:17] Read1: loaded 191M reads 
[19:51:17] Read2: loaded 191M reads 
[19:51:18] Read1: loaded 192M reads 
[19:51:18] Read2: loaded 192M reads 
[19:51:19] Read1: loaded 193M reads 
[19:51:19] Read2: loaded 193M reads 
[19:51:21] Read1: loaded 194M reads 
[19:51:21] Read2: loaded 194M reads 
[19:51:22] Read1: loaded 195M reads 
[19:51:22] Read2: loaded 195M reads 
[19:51:24] Read1: loaded 196M reads 
[19:51:24] Read2: loaded 196M reads 
[19:51:25] Read1: loaded 197M reads 
[19:51:25] Read2: loaded 197M reads 
[19:51:26] Read1: loaded 198M reads 
[19:51:26] Read2: loaded 198M reads 
[19:51:28] Read1: loaded 199M reads 
[19:51:28] Read2: loaded 199M reads 
[19:51:29] Read1: loaded 200M reads 
[19:51:29] Read2: loaded 200M reads 
[19:51:31] Read1: loaded 201M reads 
[19:51:31] Read2: loaded 201M reads 
[19:51:32] Read1: loaded 202M reads 
[19:51:32] Read2: loaded 202M reads 
[19:51:33] Read1: loaded 203M reads 
[19:51:33] Read2: loaded 203M reads 
[19:51:35] Read1: loaded 204M reads 
[19:51:35] Read2: loaded 204M reads 
[19:51:36] Read1: loaded 205M reads 
[19:51:36] Read2: loaded 205M reads 
[19:51:38] Read1: loaded 206M reads 
[19:51:38] Read2: loaded 206M reads 
[19:51:39] Read1: loaded 207M reads 
[19:51:39] Read2: loaded 207M reads 
[19:51:40] Read1: loaded 208M reads 
[19:51:40] Read2: loaded 208M reads 
[19:51:42] Read1: loaded 209M reads 
[19:51:42] Read2: loaded 209M reads 
[19:51:43] Read1: loaded 210M reads 
[19:51:43] Read2: loaded 210M reads 
[19:51:45] Read1: loaded 211M reads 
[19:51:45] Read2: loaded 211M reads 
[19:51:46] Read1: loaded 212M reads 
[19:51:46] Read2: loaded 212M reads 
[19:51:48] Read1: loaded 213M reads 
[19:51:48] Read2: loaded 213M reads 
[19:51:49] Read1: loaded 214M reads 
[19:51:49] Read2: loaded 214M reads 
[19:51:51] Read1: loaded 215M reads 
[19:51:51] Read2: loaded 215M reads 
[19:51:52] Read1: loaded 216M reads 
[19:51:52] Read2: loaded 216M reads 
[19:51:54] Read1: loaded 217M reads 
[19:51:54] Read2: loaded 217M reads 
[19:51:55] Read1: loaded 218M reads 
[19:51:55] Read2: loaded 218M reads 
[19:51:57] Read1: loaded 219M reads 
[19:51:57] Read2: loaded 219M reads 
[19:51:58] Read1: loaded 220M reads 
[19:51:58] Read2: loaded 220M reads 
[19:52:00] Read1: loaded 221M reads 
[19:52:00] Read2: loaded 221M reads 
[19:52:01] Read1: loaded 222M reads 
[19:52:01] Read2: loaded 222M reads 
[19:52:03] Read1: loaded 223M reads 
[19:52:03] Read2: loaded 223M reads 
[19:52:04] Read1: loaded 224M reads 
[19:52:04] Read2: loaded 224M reads 
[19:52:06] Read1: loaded 225M reads 
[19:52:06] Read2: loaded 225M reads 
[19:52:07] Read1: loaded 226M reads 
[19:52:07] Read2: loaded 226M reads 
[19:52:09] Read1: loaded 227M reads 
[19:52:09] Read2: loaded 227M reads 
[19:52:10] Read1: loaded 228M reads 
[19:52:10] Read2: loaded 228M reads 
[19:52:12] Read1: loaded 229M reads 
[19:52:12] Read2: loaded 229M reads 
[19:52:13] Read1: loaded 230M reads 
[19:52:13] Read2: loaded 230M reads 
[19:52:15] Read1: loaded 231M reads 
[19:52:15] Read2: loaded 231M reads 
[19:52:16] Read1: loaded 232M reads 
[19:52:16] Read2: loaded 232M reads 
[19:52:18] Read1: loaded 233M reads 
[19:52:18] Read2: loaded 233M reads 
[19:52:19] Read1: loaded 234M reads 
[19:52:19] Read2: loaded 234M reads 
[19:52:21] Read1: loaded 235M reads 
[19:52:21] Read2: loaded 235M reads 
[19:52:22] Read1: loaded 236M reads 
[19:52:22] Read2: loaded 236M reads 
[19:52:24] Read1: loaded 237M reads 
[19:52:24] Read2: loaded 237M reads 
[19:52:25] Read1: loaded 238M reads 
[19:52:25] Read2: loaded 238M reads 
[19:52:27] Read1: loaded 239M reads 
[19:52:27] Read2: loaded 239M reads 
[19:52:28] Read1: loaded 240M reads 
[19:52:28] Read2: loaded 240M reads 
[19:52:30] Read1: loaded 241M reads 
[19:52:30] Read2: loaded 241M reads 
[19:52:31] Read1: loaded 242M reads 
[19:52:31] Read2: loaded 242M reads 
[19:52:34] Read1: loaded 243M reads 
[19:52:34] Read2: loaded 243M reads 
[19:52:38] Read1: loaded 244M reads 
[19:52:38] Read2: loaded 244M reads 
[19:52:41] Read1: loaded 245M reads 
[19:52:41] Read2: loaded 245M reads 
[19:52:44] Read1: loaded 246M reads 
[19:52:45] Read2: loaded 246M reads 
[19:52:48] Read1: loaded 247M reads 
[19:52:48] Read2: loaded 247M reads 
[19:52:51] Read1: loaded 248M reads 
[19:52:51] Read2: loaded 248M reads 
[19:52:55] Read1: loaded 249M reads 
[19:52:55] Read2: loaded 249M reads 
[19:52:58] Read1: loaded 250M reads 
[19:52:58] Read2: loaded 250M reads 
[19:53:01] Read1: loaded 251M reads 
[19:53:01] Read2: loaded 251M reads 
[19:53:05] Read1: loaded 252M reads 
[19:53:05] Read2: loaded 252M reads 
[19:53:08] Read1: loaded 253M reads 
[19:53:08] Read2: loaded 253M reads 
[19:53:11] Read1: loaded 254M reads 
[19:53:11] Read2: loaded 254M reads 
[19:53:15] Read1: loaded 255M reads 
[19:53:15] Read2: loaded 255M reads 
[19:53:18] Read1: loaded 256M reads 
[19:53:18] Read2: loaded 256M reads 
[19:53:22] Read1: loaded 257M reads 
[19:53:22] Read2: loaded 257M reads 
[19:53:25] Read1: loaded 258M reads 
[19:53:25] Read2: loaded 258M reads 
[19:53:29] Read1: loaded 259M reads 
[19:53:29] Read2: loaded 259M reads 
[19:53:32] Read1: loaded 260M reads 
[19:53:32] Read2: loaded 260M reads 
[19:53:36] Read1: loaded 261M reads 
[19:53:36] Read2: loaded 261M reads 
[19:53:39] Read1: loaded 262M reads 
[19:53:39] Read2: loaded 262M reads 
[19:53:43] Read1: loaded 263M reads 
[19:53:43] Read2: loaded 263M reads 
[19:53:46] Read1: loaded 264M reads 
[19:53:46] Read2: loaded 264M reads 
[19:53:49] Read1: loaded 265M reads 
[19:53:50] Read2: loaded 265M reads 
[19:53:53] Read1: loaded 266M reads 
[19:53:53] Read2: loaded 266M reads 
[19:53:56] Read1: loaded 267M reads 
[19:53:56] Read2: loaded 267M reads 
[19:54:00] Read1: loaded 268M reads 
[19:54:00] Read2: loaded 268M reads 
[19:54:03] Read1: loaded 269M reads 
[19:54:03] Read2: loaded 269M reads 
[19:54:07] Read1: loaded 270M reads 
[19:54:07] Read2: loaded 270M reads 
[19:54:10] Read1: loaded 271M reads 
[19:54:10] Read2: loaded 271M reads 
[19:54:13] Read1: loaded 272M reads 
[19:54:14] Read2: loaded 272M reads 
[19:54:17] Read1: loaded 273M reads 
[19:54:17] Read2: loaded 273M reads 
[19:54:20] Read1: loaded 274M reads 
[19:54:20] Read2: loaded 274M reads 
[19:54:24] Read1: loaded 275M reads 
[19:54:24] Read2: loaded 275M reads 
[19:54:27] Read1: loaded 276M reads 
[19:54:27] Read2: loaded 276M reads 
[19:54:31] Read1: loaded 277M reads 
[19:54:31] Read2: loaded 277M reads 
[19:54:34] Read1: loaded 278M reads 
[19:54:34] Read2: loaded 278M reads 
[19:54:37] Read1: loaded 279M reads 
[19:54:37] Read2: loaded 279M reads 
[19:54:41] Read1: loaded 280M reads 
[19:54:41] Read2: loaded 280M reads 
[19:54:44] Read1: loaded 281M reads 
[19:54:44] Read2: loaded 281M reads 
[19:54:48] Read1: loaded 282M reads 
[19:54:48] Read2: loaded 282M reads 
[19:54:51] Read1: loaded 283M reads 
[19:54:51] Read2: loaded 283M reads 
[19:54:54] Read1: loaded 284M reads 
[19:54:55] Read2: loaded 284M reads 
[19:54:58] Read1: loaded 285M reads 
[19:54:58] Read2: loaded 285M reads 
[19:55:01] Read1: loaded 286M reads 
[19:55:01] Read2: loaded 286M reads 
[19:55:04] Read1: loaded 287M reads 
[19:55:05] Read2: loaded 287M reads 
[19:55:08] Read1: loaded 288M reads 
[19:55:08] Read2: loaded 288M reads 
[19:55:11] Read1: loaded 289M reads 
[19:55:11] Read2: loaded 289M reads 
[19:55:15] Read1: loaded 290M reads 
[19:55:15] Read2: loaded 290M reads 
[19:55:18] Read1: loaded 291M reads 
[19:55:18] Read2: loaded 291M reads 
[19:55:21] Read1: loaded 292M reads 
[19:55:21] Read2: loaded 292M reads 
[19:55:25] Read1: loaded 293M reads 
[19:55:25] Read2: loaded 293M reads 
[19:55:28] Read1: loaded 294M reads 
[19:55:28] Read2: loaded 294M reads 
[19:55:31] Read1: loaded 295M reads 
[19:55:32] Read2: loaded 295M reads 
[19:55:35] Read1: loaded 296M reads 
[19:55:35] Read2: loaded 296M reads 
[19:55:38] Read1: loaded 297M reads 
[19:55:38] Read2: loaded 297M reads 
[19:55:42] Read1: loaded 298M reads 
[19:55:42] Read2: loaded 298M reads 
[19:55:45] Read1: loaded 299M reads 
[19:55:45] Read2: loaded 299M reads 
[19:55:49] Read1: loaded 300M reads 
[19:55:49] Read2: loaded 300M reads 
[19:55:52] Read1: loaded 301M reads 
[19:55:52] Read2: loaded 301M reads 
[19:55:55] Read1: loaded 302M reads 
[19:55:55] Read2: loaded 302M reads 
[19:55:59] Read1: loaded 303M reads 
[19:55:59] Read2: loaded 303M reads 
[19:56:02] Read1: loaded 304M reads 
[19:56:02] Read2: loaded 304M reads 
[19:56:06] Read1: loaded 305M reads 
[19:56:06] Read2: loaded 305M reads 
[19:56:09] Read1: loaded 306M reads 
[19:56:09] Read2: loaded 306M reads 
[19:56:12] Read1: loaded 307M reads 
[19:56:12] Read2: loaded 307M reads 
[19:56:16] Read1: loaded 308M reads 
[19:56:16] Read2: loaded 308M reads 
[19:56:19] Read1: loaded 309M reads 
[19:56:19] Read2: loaded 309M reads 
[19:56:23] Read1: loaded 310M reads 
[19:56:23] Read2: loaded 310M reads 
[19:56:26] Read1: loaded 311M reads 
[19:56:26] Read2: loaded 311M reads 
[19:56:29] Read1: loaded 312M reads 
[19:56:29] Read2: loaded 312M reads 
[19:56:33] Read1: loaded 313M reads 
[19:56:33] Read2: loaded 313M reads 
[19:56:36] Read1: loaded 314M reads 
[19:56:36] Read2: loaded 314M reads 
[19:56:39] Read1: loaded 315M reads 
[19:56:40] Read2: loaded 315M reads 
[19:56:43] Read1: loaded 316M reads 
[19:56:43] Read2: loaded 316M reads 
[19:56:46] Read1: loaded 317M reads 
[19:56:46] Read2: loaded 317M reads 
[19:56:50] Read1: loaded 318M reads 
[19:56:50] Read2: loaded 318M reads 
[19:56:53] Read1: loaded 319M reads 
[19:56:53] Read2: loaded 319M reads 
[19:56:56] Read1: loaded 320M reads 
[19:56:57] Read2: loaded 320M reads 
[19:57:00] Read1: loaded 321M reads 
[19:57:00] Read2: loaded 321M reads 
[19:57:03] Read1: loaded 322M reads 
[19:57:03] Read2: loaded 322M reads 
[19:57:07] Read1: loaded 323M reads 
[19:57:07] Read2: loaded 323M reads 
[19:57:10] Read1: loaded 324M reads 
[19:57:10] Read2: loaded 324M reads 
[19:57:13] Read1: loaded 325M reads 
[19:57:13] Read2: loaded 325M reads 
[19:57:17] Read1: loaded 326M reads 
[19:57:17] Read2: loaded 326M reads 
[19:57:20] Read1: loaded 327M reads 
[19:57:20] Read2: loaded 327M reads 
[19:57:23] Read1: loaded 328M reads 
[19:57:23] Read2: loaded 328M reads 
[19:57:27] Read1: loaded 329M reads 
[19:57:27] Read2: loaded 329M reads 
[19:57:30] Read1: loaded 330M reads 
[19:57:30] Read2: loaded 330M reads 
[19:57:34] Read1: loaded 331M reads 
[19:57:34] Read2: loaded 331M reads 
[19:57:37] Read1: loaded 332M reads 
[19:57:37] Read2: loaded 332M reads 
[19:57:40] Read1: loaded 333M reads 
[19:57:40] Read2: loaded 333M reads 
[19:57:44] Read1: loaded 334M reads 
[19:57:44] Read2: loaded 334M reads 
[19:57:47] Read1: loaded 335M reads 
[19:57:47] Read2: loaded 335M reads 
[19:57:51] Read1: loaded 336M reads 
[19:57:51] Read2: loaded 336M reads 
[19:57:54] Read1: loaded 337M reads 
[19:57:54] Read2: loaded 337M reads 
[19:57:57] Read1: loaded 338M reads 
[19:57:57] Read2: loaded 338M reads 
[19:58:01] Read1: loaded 339M reads 
[19:58:01] Read2: loaded 339M reads 
[19:58:04] Read1: loaded 340M reads 
[19:58:04] Read2: loaded 340M reads 
[19:58:08] Read1: loaded 341M reads 
[19:58:08] Read2: loaded 341M reads 
[19:58:11] Read1: loaded 342M reads 
[19:58:11] Read2: loaded 342M reads 
[19:58:14] Read1: loaded 343M reads 
[19:58:14] Read2: loaded 343M reads 
[19:58:18] Read1: loaded 344M reads 
[19:58:18] Read2: loaded 344M reads 
[19:58:21] Read1: loaded 345M reads 
[19:58:21] Read2: loaded 345M reads 
[19:58:24] Read1: loaded 346M reads 
[19:58:25] Read2: loaded 346M reads 
[19:58:28] Read1: loaded 347M reads 
[19:58:28] Read2: loaded 347M reads 
[19:58:31] Read1: loaded 348M reads 
[19:58:31] Read2: loaded 348M reads 
[19:58:35] Read1: loaded 349M reads 
[19:58:35] Read2: loaded 349M reads 
[19:58:38] Read1: loaded 350M reads 
[19:58:38] Read2: loaded 350M reads 
[19:58:42] Read1: loaded 351M reads 
[19:58:42] Read2: loaded 351M reads 
[19:58:45] Read1: loaded 352M reads 
[19:58:45] Read2: loaded 352M reads 
[19:58:49] Read1: loaded 353M reads 
[19:58:49] Read2: loaded 353M reads 
[19:58:52] Read1: loaded 354M reads 
[19:58:52] Read2: loaded 354M reads 
[19:58:56] Read1: loaded 355M reads 
[19:58:56] Read2: loaded 355M reads 
[19:58:59] Read1: loaded 356M reads 
[19:58:59] Read2: loaded 356M reads 
[19:59:02] Read1: loaded 357M reads 
[19:59:02] Read2: loaded 357M reads 
[19:59:06] Read1: loaded 358M reads 
[19:59:06] Read2: loaded 358M reads 
[19:59:09] Read1: loaded 359M reads 
[19:59:09] Read2: loaded 359M reads 
[19:59:12] Read1: loaded 360M reads 
[19:59:12] Read2: loaded 360M reads 
[19:59:16] Read1: loaded 361M reads 
[19:59:16] Read2: loaded 361M reads 
[19:59:17] Read1: loading completed with 361282 packs 
[19:59:17] thread 3 data processing completed 
[19:59:17] thread 3 finished 
[19:59:17] thread 4 data processing completed 
[19:59:17] thread 4 finished 
[19:59:17] thread 5 data processing completed 
[19:59:17] thread 5 finished 
[19:59:17] thread 6 data processing completed 
[19:59:17] thread 6 finished 
[19:59:17] thread 7 data processing completed 
[19:59:17] thread 7 finished 
[19:59:17] thread 8 data processing completed 
[19:59:17] thread 8 finished 
[19:59:17] thread 9 data processing completed 
[19:59:17] thread 9 finished 
[19:59:17] thread 10 data processing completed 
[19:59:17] thread 10 finished 
[19:59:17] thread 11 data processing completed 
[19:59:17] thread 11 finished 
[19:59:17] thread 12 data processing completed 
[19:59:17] thread 12 finished 
[19:59:17] thread 13 data processing completed 
[19:59:17] thread 13 finished 
[19:59:17] thread 14 data processing completed 
[19:59:17] thread 14 finished 
[19:59:17] thread 15 data processing completed 
[19:59:17] thread 15 finished 
[19:59:17] thread 16 data processing completed 
[19:59:17] thread 16 finished 
[19:59:17] thread 17 data processing completed 
[19:59:17] thread 17 finished 
[19:59:17] thread 18 data processing completed 
[19:59:17] thread 18 finished 
[19:59:17] thread 19 data processing completed 
[19:59:17] thread 19 finished 
[19:59:17] thread 20 data processing completed 
[19:59:17] thread 20 finished 
[19:59:17] thread 21 data processing completed 
[19:59:17] thread 21 finished 
[19:59:17] thread 22 data processing completed 
[19:59:17] thread 22 finished 
[19:59:17] thread 23 data processing completed 
[19:59:17] thread 23 finished 
[19:59:17] Read2: loading completed with 361282 packs 
[19:59:17] thread 24 data processing completed 
[19:59:17] thread 24 finished 
[19:59:17] thread 25 data processing completed 
[19:59:17] thread 25 finished 
[19:59:17] thread 26 data processing completed 
[19:59:17] thread 26 finished 
[19:59:17] thread 27 data processing completed 
[19:59:17] thread 27 finished 
[19:59:17] thread 28 data processing completed 
[19:59:17] thread 28 finished 
[19:59:17] thread 29 data processing completed 
[19:59:17] thread 29 finished 
[19:59:17] thread 30 data processing completed 
[19:59:17] thread 30 finished 
[19:59:17] thread 31 data processing completed 
[19:59:17] thread 31 finished 
[19:59:17] thread 32 data processing completed 
[19:59:17] thread 32 finished 
[19:59:17] thread 1 data processing completed 
[19:59:17] thread 1 finished 
[19:59:17] thread 2 data processing completed 
[19:59:17] thread 2 finished 
[19:59:17] start to generate reports
 
Read1 before filtering:
total reads: 361281611
total bases: 54192241650
Q20 bases: 54123398100(99.873%)
Q30 bases: 54123398100(99.873%)
Q40 bases: 0(0%)

Read2 before filtering:
total reads: 361281611
total bases: 54192241650
Q20 bases: 53855170050(99.378%)
Q30 bases: 53855170050(99.378%)
Q40 bases: 0(0%)

Read1 after filtering:
total reads: 358607374
total bases: 53574361382
Q20 bases: 53574361382(100%)
Q30 bases: 53574361382(100%)
Q40 bases: 0(0%)

Read2 after filtering:
total reads: 358607374
total bases: 53574361382
Q20 bases: 53574361382(100%)
Q30 bases: 53574361382(100%)
Q40 bases: 0(0%)

Filtering result:
reads passed filter: 717214748
reads failed due to low quality: 5328396
reads failed due to too many N: 20078
reads failed due to too short: 0
reads failed due to adapter dimer: 0
reads with adapter trimmed: 9627740
bases trimmed due to adapters: 442711160

Duplication rate: 5.60214%

Insert size peak (evaluated by paired-end reads): 269

JSON report: /dev/shm/fastp_bench_93WScs.json
HTML report: /dev/null

/home/mpiuser/bioauto_rev/fastp_d0bromir/../fastp_opengene/fastp -w 32 -j /dev/shm/fastp_bench_93WScs.json -h /dev/null --verbose -i /home/mpiuser/FASTQ/WGS/DRR216653_1.fastq.gz -I /home/mpiuser/FASTQ/WGS/DRR216653_2.fastq.gz -o /dev/shm/fastp_bench_zoIF9g_R1.fq.gz -O /dev/shm/fastp_bench_bM43eu_R2.fq.gz 
fastp v1.3.3, time used: 709 seconds
================================================================

================================================================
 Application  : d0bromir_cpu (/home/mpiuser/bioauto_rev/fastp_d0bromir/fastp-cpu)
 Dataset      : WGS PE 40G (DRR216653 R1+R2)
 Files        : R1=/home/mpiuser/FASTQ/WGS/DRR216653_1.fastq.gz
               R2=/home/mpiuser/FASTQ/WGS/DRR216653_2.fastq.gz
 Type         : PE
 Threads      : 32
 Wall time    : 242.038 s
 reads_in     : 722563222
 reads_out    : 717214748
 vs_opengene  : -65.9%
--- Resource usage ---
 CPU avg/peak : 3474.4% / 4023.2%
 RSS peak     : 3431 MiB
 GPU util a/p : 0.0% / 0.0%
 GPU mem peak : 0 MiB
 Sample CSV   : /home/mpiuser/bioauto_rev/fastp_d0bromir/benchmark_results/20261003_194729/resources/resource_WGS_PE_40G_d0bromir_cpu_T32_1791057564.csv
--- Profiling output ---
[19:59:24] fastp 1.3.3-d0bromir starting 
[19:59:25] [fastp 1.3.3-d0bromir] Stage: loading 
[19:59:25] start to load data of read1 
[19:59:25] start to load data of read2 
[19:59:26] Read2: loaded 1M reads 
[19:59:26] Read1: loaded 1M reads 
[19:59:26] Read2: loaded 2M reads 
[19:59:26] Read1: loaded 2M reads 
[19:59:27] Read2: loaded 3M reads 
[19:59:27] Read1: loaded 3M reads 
[19:59:28] Read2: loaded 4M reads 
[19:59:28] Read1: loaded 4M reads 
[19:59:28] Read2: loaded 5M reads 
[19:59:28] Read1: loaded 5M reads 
[19:59:29] Read2: loaded 6M reads 
[19:59:29] Read1: loaded 6M reads 
[19:59:30] Read2: loaded 7M reads 
[19:59:30] Read1: loaded 7M reads 
[19:59:30] Read2: loaded 8M reads 
[19:59:30] Read1: loaded 8M reads 
[19:59:31] Read2: loaded 9M reads 
[19:59:31] Read1: loaded 9M reads 
[19:59:31] Read2: loaded 10M reads 
[19:59:31] Read1: loaded 10M reads 
[19:59:32] Read2: loaded 11M reads 
[19:59:32] Read1: loaded 11M reads 
[19:59:33] Read2: loaded 12M reads 
[19:59:33] Read1: loaded 12M reads 
[19:59:33] Read2: loaded 13M reads 
[19:59:33] Read1: loaded 13M reads 
[19:59:34] Read2: loaded 14M reads 
[19:59:34] Read1: loaded 14M reads 
[19:59:35] Read2: loaded 15M reads 
[19:59:35] Read1: loaded 15M reads 
[19:59:35] Read2: loaded 16M reads 
[19:59:35] Read1: loaded 16M reads 
[19:59:36] Read2: loaded 17M reads 
[19:59:36] Read1: loaded 17M reads 
[19:59:37] Read2: loaded 18M reads 
[19:59:37] Read1: loaded 18M reads 
[19:59:37] Read2: loaded 19M reads 
[19:59:37] Read1: loaded 19M reads 
[19:59:38] Read2: loaded 20M reads 
[19:59:38] Read1: loaded 20M reads 
[19:59:38] Read2: loaded 21M reads 
[19:59:39] Read1: loaded 21M reads 
[19:59:39] Read2: loaded 22M reads 
[19:59:39] Read1: loaded 22M reads 
[19:59:40] Read2: loaded 23M reads 
[19:59:40] Read1: loaded 23M reads 
[19:59:40] Read2: loaded 24M reads 
[19:59:40] Read1: loaded 24M reads 
[19:59:41] Read2: loaded 25M reads 
[19:59:41] Read1: loaded 25M reads 
[19:59:42] Read2: loaded 26M reads 
[19:59:42] Read1: loaded 26M reads 
[19:59:42] Read2: loaded 27M reads 
[19:59:42] Read1: loaded 27M reads 
[19:59:43] Read2: loaded 28M reads 
[19:59:43] Read1: loaded 28M reads 
[19:59:44] Read2: loaded 29M reads 
[19:59:44] Read1: loaded 29M reads 
[19:59:44] Read2: loaded 30M reads 
[19:59:44] Read1: loaded 30M reads 
[19:59:45] Read2: loaded 31M reads 
[19:59:45] Read1: loaded 31M reads 
[19:59:46] Read2: loaded 32M reads 
[19:59:46] Read1: loaded 32M reads 
[19:59:46] Read2: loaded 33M reads 
[19:59:46] Read1: loaded 33M reads 
[19:59:47] Read2: loaded 34M reads 
[19:59:47] Read1: loaded 34M reads 
[19:59:48] Read2: loaded 35M reads 
[19:59:48] Read1: loaded 35M reads 
[19:59:48] Read2: loaded 36M reads 
[19:59:48] Read1: loaded 36M reads 
[19:59:49] Read2: loaded 37M reads 
[19:59:49] Read1: loaded 37M reads 
[19:59:49] Read2: loaded 38M reads 
[19:59:50] Read1: loaded 38M reads 
[19:59:50] Read2: loaded 39M reads 
[19:59:50] Read1: loaded 39M reads 
[19:59:51] Read2: loaded 40M reads 
[19:59:51] Read1: loaded 40M reads 
[19:59:51] Read2: loaded 41M reads 
[19:59:52] Read1: loaded 41M reads 
[19:59:52] Read2: loaded 42M reads 
[19:59:52] Read1: loaded 42M reads 
[19:59:53] Read2: loaded 43M reads 
[19:59:53] Read1: loaded 43M reads 
[19:59:53] Read2: loaded 44M reads 
[19:59:53] Read1: loaded 44M reads 
[19:59:54] Read2: loaded 45M reads 
[19:59:54] Read1: loaded 45M reads 
[19:59:55] Read2: loaded 46M reads 
[19:59:55] Read1: loaded 46M reads 
[19:59:55] Read2: loaded 47M reads 
[19:59:55] Read1: loaded 47M reads 
[19:59:56] Read2: loaded 48M reads 
[19:59:56] Read1: loaded 48M reads 
[19:59:57] Read2: loaded 49M reads 
[19:59:57] Read1: loaded 49M reads 
[19:59:57] Read2: loaded 50M reads 
[19:59:57] Read1: loaded 50M reads 
[19:59:58] Read2: loaded 51M reads 
[19:59:58] Read1: loaded 51M reads 
[19:59:59] Read2: loaded 52M reads 
[19:59:59] Read1: loaded 52M reads 
[19:59:59] Read2: loaded 53M reads 
[19:59:59] Read1: loaded 53M reads 
[20:00:00] Read2: loaded 54M reads 
[20:00:00] Read1: loaded 54M reads 
[20:00:00] Read2: loaded 55M reads 
[20:00:01] Read1: loaded 55M reads 
[20:00:01] Read2: loaded 56M reads 
[20:00:01] Read1: loaded 56M reads 
[20:00:02] Read2: loaded 57M reads 
[20:00:02] Read1: loaded 57M reads 
[20:00:02] Read2: loaded 58M reads 
[20:00:03] Read1: loaded 58M reads 
[20:00:03] Read2: loaded 59M reads 
[20:00:03] Read1: loaded 59M reads 
[20:00:04] Read2: loaded 60M reads 
[20:00:04] Read1: loaded 60M reads 
[20:00:04] Read2: loaded 61M reads 
[20:00:04] Read1: loaded 61M reads 
[20:00:05] Read2: loaded 62M reads 
[20:00:05] Read1: loaded 62M reads 
[20:00:06] Read2: loaded 63M reads 
[20:00:06] Read1: loaded 63M reads 
[20:00:06] Read2: loaded 64M reads 
[20:00:06] Read1: loaded 64M reads 
[20:00:07] Read2: loaded 65M reads 
[20:00:07] Read1: loaded 65M reads 
[20:00:08] Read2: loaded 66M reads 
[20:00:08] Read1: loaded 66M reads 
[20:00:08] Read2: loaded 67M reads 
[20:00:08] Read1: loaded 67M reads 
[20:00:09] Read2: loaded 68M reads 
[20:00:09] Read1: loaded 68M reads 
[20:00:10] Read2: loaded 69M reads 
[20:00:10] Read1: loaded 69M reads 
[20:00:10] Read2: loaded 70M reads 
[20:00:10] Read1: loaded 70M reads 
[20:00:11] Read2: loaded 71M reads 
[20:00:11] Read1: loaded 71M reads 
[20:00:11] Read2: loaded 72M reads 
[20:00:12] Read1: loaded 72M reads 
[20:00:12] Read2: loaded 73M reads 
[20:00:12] Read1: loaded 73M reads 
[20:00:13] Read2: loaded 74M reads 
[20:00:13] Read1: loaded 74M reads 
[20:00:13] Read2: loaded 75M reads 
[20:00:14] Read1: loaded 75M reads 
[20:00:14] Read2: loaded 76M reads 
[20:00:14] Read1: loaded 76M reads 
[20:00:15] Read2: loaded 77M reads 
[20:00:15] Read1: loaded 77M reads 
[20:00:15] Read2: loaded 78M reads 
[20:00:16] Read1: loaded 78M reads 
[20:00:16] Read2: loaded 79M reads 
[20:00:16] Read1: loaded 79M reads 
[20:00:17] Read2: loaded 80M reads 
[20:00:17] Read1: loaded 80M reads 
[20:00:17] Read2: loaded 81M reads 
[20:00:18] Read1: loaded 81M reads 
[20:00:18] Read2: loaded 82M reads 
[20:00:18] Read1: loaded 82M reads 
[20:00:19] Read2: loaded 83M reads 
[20:00:19] Read1: loaded 83M reads 
[20:00:19] Read2: loaded 84M reads 
[20:00:19] Read1: loaded 84M reads 
[20:00:20] Read2: loaded 85M reads 
[20:00:20] Read1: loaded 85M reads 
[20:00:21] Read2: loaded 86M reads 
[20:00:21] Read1: loaded 86M reads 
[20:00:21] Read2: loaded 87M reads 
[20:00:21] Read1: loaded 87M reads 
[20:00:22] Read2: loaded 88M reads 
[20:00:22] Read1: loaded 88M reads 
[20:00:22] Read2: loaded 89M reads 
[20:00:23] Read1: loaded 89M reads 
[20:00:23] Read2: loaded 90M reads 
[20:00:23] Read1: loaded 90M reads 
[20:00:24] Read2: loaded 91M reads 
[20:00:24] Read1: loaded 91M reads 
[20:00:24] Read2: loaded 92M reads 
[20:00:25] Read1: loaded 92M reads 
[20:00:25] Read2: loaded 93M reads 
[20:00:25] Read1: loaded 93M reads 
[20:00:26] Read2: loaded 94M reads 
[20:00:26] Read1: loaded 94M reads 
[20:00:26] Read2: loaded 95M reads 
[20:00:27] Read1: loaded 95M reads 
[20:00:27] Read2: loaded 96M reads 
[20:00:27] Read1: loaded 96M reads 
[20:00:28] Read2: loaded 97M reads 
[20:00:28] Read1: loaded 97M reads 
[20:00:28] Read2: loaded 98M reads 
[20:00:29] Read1: loaded 98M reads 
[20:00:29] Read2: loaded 99M reads 
[20:00:29] Read1: loaded 99M reads 
[20:00:30] Read2: loaded 100M reads 
[20:00:30] Read1: loaded 100M reads 
[20:00:30] Read2: loaded 101M reads 
[20:00:30] Read1: loaded 101M reads 
[20:00:31] Read2: loaded 102M reads 
[20:00:31] Read1: loaded 102M reads 
[20:00:32] Read2: loaded 103M reads 
[20:00:32] Read1: loaded 103M reads 
[20:00:32] Read2: loaded 104M reads 
[20:00:32] Read1: loaded 104M reads 
[20:00:33] Read2: loaded 105M reads 
[20:00:33] Read1: loaded 105M reads 
[20:00:34] Read2: loaded 106M reads 
[20:00:34] Read1: loaded 106M reads 
[20:00:34] Read2: loaded 107M reads 
[20:00:34] Read1: loaded 107M reads 
[20:00:35] Read2: loaded 108M reads 
[20:00:35] Read1: loaded 108M reads 
[20:00:35] Read2: loaded 109M reads 
[20:00:36] Read1: loaded 109M reads 
[20:00:36] Read2: loaded 110M reads 
[20:00:36] Read1: loaded 110M reads 
[20:00:37] Read2: loaded 111M reads 
[20:00:37] Read1: loaded 111M reads 
[20:00:37] Read2: loaded 112M reads 
[20:00:38] Read1: loaded 112M reads 
[20:00:38] Read2: loaded 113M reads 
[20:00:38] Read1: loaded 113M reads 
[20:00:39] Read2: loaded 114M reads 
[20:00:39] Read1: loaded 114M reads 
[20:00:39] Read2: loaded 115M reads 
[20:00:40] Read1: loaded 115M reads 
[20:00:40] Read2: loaded 116M reads 
[20:00:40] Read1: loaded 116M reads 
[20:00:41] Read2: loaded 117M reads 
[20:00:41] Read1: loaded 117M reads 
[20:00:41] Read2: loaded 118M reads 
[20:00:42] Read1: loaded 118M reads 
[20:00:42] Read2: loaded 119M reads 
[20:00:42] Read1: loaded 119M reads 
[20:00:43] Read2: loaded 120M reads 
[20:00:43] Read1: loaded 120M reads 
[20:00:43] Read2: loaded 121M reads 
[20:00:43] Read1: loaded 121M reads 
[20:00:44] Read2: loaded 122M reads 
[20:00:44] Read1: loaded 122M reads 
[20:00:45] Read2: loaded 123M reads 
[20:00:45] Read1: loaded 123M reads 
[20:00:45] Read2: loaded 124M reads 
[20:00:45] Read1: loaded 124M reads 
[20:00:46] Read2: loaded 125M reads 
[20:00:46] Read1: loaded 125M reads 
[20:00:46] Read2: loaded 126M reads 
[20:00:47] Read1: loaded 126M reads 
[20:00:47] Read2: loaded 127M reads 
[20:00:47] Read1: loaded 127M reads 
[20:00:48] Read2: loaded 128M reads 
[20:00:48] Read1: loaded 128M reads 
[20:00:48] Read2: loaded 129M reads 
[20:00:49] Read1: loaded 129M reads 
[20:00:49] Read2: loaded 130M reads 
[20:00:49] Read1: loaded 130M reads 
[20:00:50] Read2: loaded 131M reads 
[20:00:50] Read1: loaded 131M reads 
[20:00:50] Read2: loaded 132M reads 
[20:00:51] Read1: loaded 132M reads 
[20:00:51] Read2: loaded 133M reads 
[20:00:51] Read1: loaded 133M reads 
[20:00:52] Read2: loaded 134M reads 
[20:00:52] Read1: loaded 134M reads 
[20:00:52] Read2: loaded 135M reads 
[20:00:53] Read1: loaded 135M reads 
[20:00:53] Read2: loaded 136M reads 
[20:00:53] Read1: loaded 136M reads 
[20:00:54] Read2: loaded 137M reads 
[20:00:54] Read1: loaded 137M reads 
[20:00:54] Read2: loaded 138M reads 
[20:00:55] Read1: loaded 138M reads 
[20:00:55] Read2: loaded 139M reads 
[20:00:55] Read1: loaded 139M reads 
[20:00:56] Read2: loaded 140M reads 
[20:00:56] Read1: loaded 140M reads 
[20:00:56] Read2: loaded 141M reads 
[20:00:57] Read1: loaded 141M reads 
[20:00:57] Read2: loaded 142M reads 
[20:00:57] Read1: loaded 142M reads 
[20:00:58] Read2: loaded 143M reads 
[20:00:58] Read1: loaded 143M reads 
[20:00:58] Read2: loaded 144M reads 
[20:00:59] Read1: loaded 144M reads 
[20:00:59] Read2: loaded 145M reads 
[20:00:59] Read1: loaded 145M reads 
[20:01:00] Read2: loaded 146M reads 
[20:01:00] Read1: loaded 146M reads 
[20:01:00] Read2: loaded 147M reads 
[20:01:00] Read1: loaded 147M reads 
[20:01:01] Read2: loaded 148M reads 
[20:01:01] Read1: loaded 148M reads 
[20:01:01] Read2: loaded 149M reads 
[20:01:02] Read1: loaded 149M reads 
[20:01:02] Read2: loaded 150M reads 
[20:01:02] Read1: loaded 150M reads 
[20:01:03] Read2: loaded 151M reads 
[20:01:03] Read1: loaded 151M reads 
[20:01:03] Read2: loaded 152M reads 
[20:01:04] Read1: loaded 152M reads 
[20:01:04] Read2: loaded 153M reads 
[20:01:04] Read1: loaded 153M reads 
[20:01:05] Read2: loaded 154M reads 
[20:01:05] Read1: loaded 154M reads 
[20:01:05] Read2: loaded 155M reads 
[20:01:06] Read1: loaded 155M reads 
[20:01:06] Read2: loaded 156M reads 
[20:01:06] Read1: loaded 156M reads 
[20:01:07] Read2: loaded 157M reads 
[20:01:07] Read1: loaded 157M reads 
[20:01:07] Read2: loaded 158M reads 
[20:01:08] Read1: loaded 158M reads 
[20:01:08] Read2: loaded 159M reads 
[20:01:08] Read1: loaded 159M reads 
[20:01:09] Read2: loaded 160M reads 
[20:01:09] Read1: loaded 160M reads 
[20:01:09] Read2: loaded 161M reads 
[20:01:10] Read1: loaded 161M reads 
[20:01:10] Read2: loaded 162M reads 
[20:01:10] Read1: loaded 162M reads 
[20:01:11] Read2: loaded 163M reads 
[20:01:11] Read1: loaded 163M reads 
[20:01:11] Read2: loaded 164M reads 
[20:01:12] Read1: loaded 164M reads 
[20:01:12] Read2: loaded 165M reads 
[20:01:12] Read1: loaded 165M reads 
[20:01:13] Read2: loaded 166M reads 
[20:01:13] Read1: loaded 166M reads 
[20:01:13] Read2: loaded 167M reads 
[20:01:14] Read1: loaded 167M reads 
[20:01:14] Read2: loaded 168M reads 
[20:01:14] Read1: loaded 168M reads 
[20:01:15] Read2: loaded 169M reads 
[20:01:15] Read1: loaded 169M reads 
[20:01:15] Read2: loaded 170M reads 
[20:01:16] Read1: loaded 170M reads 
[20:01:16] Read2: loaded 171M reads 
[20:01:16] Read1: loaded 171M reads 
[20:01:17] Read2: loaded 172M reads 
[20:01:17] Read1: loaded 172M reads 
[20:01:17] Read2: loaded 173M reads 
[20:01:18] Read1: loaded 173M reads 
[20:01:18] Read2: loaded 174M reads 
[20:01:18] Read1: loaded 174M reads 
[20:01:19] Read2: loaded 175M reads 
[20:01:19] Read1: loaded 175M reads 
[20:01:19] Read2: loaded 176M reads 
[20:01:20] Read1: loaded 176M reads 
[20:01:20] Read2: loaded 177M reads 
[20:01:20] Read1: loaded 177M reads 
[20:01:20] Read2: loaded 178M reads 
[20:01:21] Read1: loaded 178M reads 
[20:01:21] Read2: loaded 179M reads 
[20:01:22] Read1: loaded 179M reads 
[20:01:22] Read2: loaded 180M reads 
[20:01:22] Read1: loaded 180M reads 
[20:01:22] Read2: loaded 181M reads 
[20:01:23] Read1: loaded 181M reads 
[20:01:23] Read2: loaded 182M reads 
[20:01:23] Read1: loaded 182M reads 
[20:01:24] Read2: loaded 183M reads 
[20:01:24] Read1: loaded 183M reads 
[20:01:24] Read2: loaded 184M reads 
[20:01:25] Read1: loaded 184M reads 
[20:01:25] Read2: loaded 185M reads 
[20:01:25] Read1: loaded 185M reads 
[20:01:26] Read2: loaded 186M reads 
[20:01:26] Read1: loaded 186M reads 
[20:01:26] Read2: loaded 187M reads 
[20:01:27] Read1: loaded 187M reads 
[20:01:27] Read2: loaded 188M reads 
[20:01:27] Read1: loaded 188M reads 
[20:01:28] Read2: loaded 189M reads 
[20:01:28] Read1: loaded 189M reads 
[20:01:28] Read2: loaded 190M reads 
[20:01:29] Read1: loaded 190M reads 
[20:01:29] Read2: loaded 191M reads 
[20:01:29] Read1: loaded 191M reads 
[20:01:30] Read2: loaded 192M reads 
[20:01:30] Read1: loaded 192M reads 
[20:01:30] Read2: loaded 193M reads 
[20:01:31] Read1: loaded 193M reads 
[20:01:31] Read2: loaded 194M reads 
[20:01:31] Read1: loaded 194M reads 
[20:01:32] Read2: loaded 195M reads 
[20:01:32] Read1: loaded 195M reads 
[20:01:32] Read2: loaded 196M reads 
[20:01:33] Read1: loaded 196M reads 
[20:01:33] Read2: loaded 197M reads 
[20:01:33] Read1: loaded 197M reads 
[20:01:34] Read2: loaded 198M reads 
[20:01:34] Read1: loaded 198M reads 
[20:01:34] Read2: loaded 199M reads 
[20:01:35] Read1: loaded 199M reads 
[20:01:35] Read2: loaded 200M reads 
[20:01:35] Read1: loaded 200M reads 
[20:01:36] Read2: loaded 201M reads 
[20:01:36] Read1: loaded 201M reads 
[20:01:36] Read2: loaded 202M reads 
[20:01:37] Read1: loaded 202M reads 
[20:01:37] Read2: loaded 203M reads 
[20:01:37] Read1: loaded 203M reads 
[20:01:37] Read2: loaded 204M reads 
[20:01:38] Read1: loaded 204M reads 
[20:01:38] Read2: loaded 205M reads 
[20:01:39] Read1: loaded 205M reads 
[20:01:39] Read2: loaded 206M reads 
[20:01:39] Read1: loaded 206M reads 
[20:01:39] Read2: loaded 207M reads 
[20:01:40] Read1: loaded 207M reads 
[20:01:40] Read2: loaded 208M reads 
[20:01:41] Read1: loaded 208M reads 
[20:01:41] Read2: loaded 209M reads 
[20:01:41] Read1: loaded 209M reads 
[20:01:41] Read2: loaded 210M reads 
[20:01:42] Read1: loaded 210M reads 
[20:01:42] Read2: loaded 211M reads 
[20:01:43] Read1: loaded 211M reads 
[20:01:43] Read2: loaded 212M reads 
[20:01:43] Read1: loaded 212M reads 
[20:01:43] Read2: loaded 213M reads 
[20:01:44] Read1: loaded 213M reads 
[20:01:44] Read2: loaded 214M reads 
[20:01:45] Read1: loaded 214M reads 
[20:01:45] Read2: loaded 215M reads 
[20:01:45] Read1: loaded 215M reads 
[20:01:45] Read2: loaded 216M reads 
[20:01:46] Read1: loaded 216M reads 
[20:01:46] Read2: loaded 217M reads 
[20:01:47] Read1: loaded 217M reads 
[20:01:47] Read2: loaded 218M reads 
[20:01:47] Read1: loaded 218M reads 
[20:01:47] Read2: loaded 219M reads 
[20:01:48] Read1: loaded 219M reads 
[20:01:48] Read2: loaded 220M reads 
[20:01:49] Read1: loaded 220M reads 
[20:01:49] Read2: loaded 221M reads 
[20:01:49] Read1: loaded 221M reads 
[20:01:49] Read2: loaded 222M reads 
[20:01:50] Read1: loaded 222M reads 
[20:01:50] Read2: loaded 223M reads 
[20:01:51] Read1: loaded 223M reads 
[20:01:51] Read2: loaded 224M reads 
[20:01:51] Read1: loaded 224M reads 
[20:01:51] Read2: loaded 225M reads 
[20:01:52] Read1: loaded 225M reads 
[20:01:52] Read2: loaded 226M reads 
[20:01:53] Read1: loaded 226M reads 
[20:01:53] Read2: loaded 227M reads 
[20:01:53] Read1: loaded 227M reads 
[20:01:53] Read2: loaded 228M reads 
[20:01:54] Read1: loaded 228M reads 
[20:01:54] Read2: loaded 229M reads 
[20:01:55] Read1: loaded 229M reads 
[20:01:55] Read2: loaded 230M reads 
[20:01:55] Read1: loaded 230M reads 
[20:01:55] Read2: loaded 231M reads 
[20:01:56] Read1: loaded 231M reads 
[20:01:56] Read2: loaded 232M reads 
[20:01:57] Read1: loaded 232M reads 
[20:01:57] Read2: loaded 233M reads 
[20:01:57] Read1: loaded 233M reads 
[20:01:57] Read2: loaded 234M reads 
[20:01:58] Read1: loaded 234M reads 
[20:01:58] Read2: loaded 235M reads 
[20:01:59] Read1: loaded 235M reads 
[20:01:59] Read2: loaded 236M reads 
[20:01:59] Read1: loaded 236M reads 
[20:01:59] Read2: loaded 237M reads 
[20:02:00] Read1: loaded 237M reads 
[20:02:00] Read2: loaded 238M reads 
[20:02:01] Read1: loaded 238M reads 
[20:02:01] Read2: loaded 239M reads 
[20:02:01] Read1: loaded 239M reads 
[20:02:01] Read2: loaded 240M reads 
[20:02:02] Read1: loaded 240M reads 
[20:02:02] Read2: loaded 241M reads 
[20:02:03] Read1: loaded 241M reads 
[20:02:03] Read2: loaded 242M reads 
[20:02:03] Read1: loaded 242M reads 
[20:02:03] Read2: loaded 243M reads 
[20:02:04] Read1: loaded 243M reads 
[20:02:04] Read2: loaded 244M reads 
[20:02:05] Read1: loaded 244M reads 
[20:02:05] Read2: loaded 245M reads 
[20:02:05] Read1: loaded 245M reads 
[20:02:05] Read2: loaded 246M reads 
[20:02:06] Read1: loaded 246M reads 
[20:02:06] Read2: loaded 247M reads 
[20:02:07] Read1: loaded 247M reads 
[20:02:07] Read2: loaded 248M reads 
[20:02:07] Read1: loaded 248M reads 
[20:02:07] Read2: loaded 249M reads 
[20:02:08] Read1: loaded 249M reads 
[20:02:08] Read2: loaded 250M reads 
[20:02:09] Read1: loaded 250M reads 
[20:02:09] Read2: loaded 251M reads 
[20:02:09] Read1: loaded 251M reads 
[20:02:09] Read2: loaded 252M reads 
[20:02:10] Read1: loaded 252M reads 
[20:02:10] Read2: loaded 253M reads 
[20:02:11] Read1: loaded 253M reads 
[20:02:11] Read2: loaded 254M reads 
[20:02:11] Read1: loaded 254M reads 
[20:02:11] Read2: loaded 255M reads 
[20:02:12] Read1: loaded 255M reads 
[20:02:12] Read2: loaded 256M reads 
[20:02:13] Read1: loaded 256M reads 
[20:02:13] Read2: loaded 257M reads 
[20:02:13] Read1: loaded 257M reads 
[20:02:13] Read2: loaded 258M reads 
[20:02:14] Read1: loaded 258M reads 
[20:02:14] Read2: loaded 259M reads 
[20:02:15] Read1: loaded 259M reads 
[20:02:15] Read2: loaded 260M reads 
[20:02:15] Read1: loaded 260M reads 
[20:02:15] Read2: loaded 261M reads 
[20:02:16] Read1: loaded 261M reads 
[20:02:16] Read2: loaded 262M reads 
[20:02:17] Read1: loaded 262M reads 
[20:02:17] Read2: loaded 263M reads 
[20:02:17] Read1: loaded 263M reads 
[20:02:17] Read2: loaded 264M reads 
[20:02:18] Read1: loaded 264M reads 
[20:02:18] Read2: loaded 265M reads 
[20:02:19] Read1: loaded 265M reads 
[20:02:19] Read2: loaded 266M reads 
[20:02:19] Read1: loaded 266M reads 
[20:02:19] Read2: loaded 267M reads 
[20:02:20] Read1: loaded 267M reads 
[20:02:20] Read2: loaded 268M reads 
[20:02:21] Read1: loaded 268M reads 
[20:02:21] Read2: loaded 269M reads 
[20:02:21] Read1: loaded 269M reads 
[20:02:21] Read2: loaded 270M reads 
[20:02:22] Read1: loaded 270M reads 
[20:02:22] Read2: loaded 271M reads 
[20:02:23] Read1: loaded 271M reads 
[20:02:23] Read2: loaded 272M reads 
[20:02:23] Read1: loaded 272M reads 
[20:02:23] Read2: loaded 273M reads 
[20:02:24] Read1: loaded 273M reads 
[20:02:24] Read2: loaded 274M reads 
[20:02:25] Read1: loaded 274M reads 
[20:02:25] Read2: loaded 275M reads 
[20:02:25] Read1: loaded 275M reads 
[20:02:25] Read2: loaded 276M reads 
[20:02:26] Read1: loaded 276M reads 
[20:02:26] Read2: loaded 277M reads 
[20:02:27] Read1: loaded 277M reads 
[20:02:27] Read2: loaded 278M reads 
[20:02:27] Read1: loaded 278M reads 
[20:02:27] Read2: loaded 279M reads 
[20:02:28] Read1: loaded 279M reads 
[20:02:28] Read2: loaded 280M reads 
[20:02:29] Read1: loaded 280M reads 
[20:02:29] Read2: loaded 281M reads 
[20:02:29] Read1: loaded 281M reads 
[20:02:29] Read2: loaded 282M reads 
[20:02:30] Read1: loaded 282M reads 
[20:02:30] Read2: loaded 283M reads 
[20:02:31] Read1: loaded 283M reads 
[20:02:31] Read2: loaded 284M reads 
[20:02:31] Read1: loaded 284M reads 
[20:02:31] Read2: loaded 285M reads 
[20:02:32] Read1: loaded 285M reads 
[20:02:32] Read2: loaded 286M reads 
[20:02:33] Read1: loaded 286M reads 
[20:02:33] Read2: loaded 287M reads 
[20:02:33] Read1: loaded 287M reads 
[20:02:33] Read2: loaded 288M reads 
[20:02:34] Read1: loaded 288M reads 
[20:02:34] Read2: loaded 289M reads 
[20:02:34] Read1: loaded 289M reads 
[20:02:35] Read2: loaded 290M reads 
[20:02:35] Read1: loaded 290M reads 
[20:02:35] Read2: loaded 291M reads 
[20:02:36] Read1: loaded 291M reads 
[20:02:36] Read2: loaded 292M reads 
[20:02:36] Read1: loaded 292M reads 
[20:02:37] Read2: loaded 293M reads 
[20:02:37] Read1: loaded 293M reads 
[20:02:37] Read2: loaded 294M reads 
[20:02:38] Read1: loaded 294M reads 
[20:02:38] Read2: loaded 295M reads 
[20:02:38] Read1: loaded 295M reads 
[20:02:39] Read2: loaded 296M reads 
[20:02:39] Read1: loaded 296M reads 
[20:02:39] Read2: loaded 297M reads 
[20:02:40] Read1: loaded 297M reads 
[20:02:40] Read2: loaded 298M reads 
[20:02:40] Read1: loaded 298M reads 
[20:02:41] Read2: loaded 299M reads 
[20:02:41] Read1: loaded 299M reads 
[20:02:41] Read2: loaded 300M reads 
[20:02:42] Read1: loaded 300M reads 
[20:02:42] Read2: loaded 301M reads 
[20:02:42] Read1: loaded 301M reads 
[20:02:43] Read2: loaded 302M reads 
[20:02:43] Read1: loaded 302M reads 
[20:02:43] Read2: loaded 303M reads 
[20:02:44] Read1: loaded 303M reads 
[20:02:44] Read2: loaded 304M reads 
[20:02:44] Read1: loaded 304M reads 
[20:02:45] Read2: loaded 305M reads 
[20:02:45] Read1: loaded 305M reads 
[20:02:45] Read2: loaded 306M reads 
[20:02:46] Read1: loaded 306M reads 
[20:02:46] Read2: loaded 307M reads 
[20:02:46] Read1: loaded 307M reads 
[20:02:47] Read2: loaded 308M reads 
[20:02:47] Read1: loaded 308M reads 
[20:02:47] Read2: loaded 309M reads 
[20:02:48] Read1: loaded 309M reads 
[20:02:48] Read2: loaded 310M reads 
[20:02:48] Read1: loaded 310M reads 
[20:02:49] Read2: loaded 311M reads 
[20:02:49] Read1: loaded 311M reads 
[20:02:49] Read2: loaded 312M reads 
[20:02:50] Read1: loaded 312M reads 
[20:02:50] Read2: loaded 313M reads 
[20:02:50] Read1: loaded 313M reads 
[20:02:51] Read2: loaded 314M reads 
[20:02:51] Read1: loaded 314M reads 
[20:02:51] Read2: loaded 315M reads 
[20:02:52] Read1: loaded 315M reads 
[20:02:52] Read2: loaded 316M reads 
[20:02:52] Read1: loaded 316M reads 
[20:02:53] Read2: loaded 317M reads 
[20:02:53] Read1: loaded 317M reads 
[20:02:53] Read2: loaded 318M reads 
[20:02:54] Read1: loaded 318M reads 
[20:02:54] Read2: loaded 319M reads 
[20:02:54] Read1: loaded 319M reads 
[20:02:55] Read2: loaded 320M reads 
[20:02:55] Read1: loaded 320M reads 
[20:02:55] Read2: loaded 321M reads 
[20:02:56] Read1: loaded 321M reads 
[20:02:56] Read2: loaded 322M reads 
[20:02:56] Read1: loaded 322M reads 
[20:02:57] Read2: loaded 323M reads 
[20:02:57] Read1: loaded 323M reads 
[20:02:57] Read2: loaded 324M reads 
[20:02:58] Read1: loaded 324M reads 
[20:02:58] Read2: loaded 325M reads 
[20:02:58] Read1: loaded 325M reads 
[20:02:59] Read2: loaded 326M reads 
[20:02:59] Read1: loaded 326M reads 
[20:02:59] Read2: loaded 327M reads 
[20:03:00] Read1: loaded 327M reads 
[20:03:00] Read2: loaded 328M reads 
[20:03:00] Read1: loaded 328M reads 
[20:03:01] Read2: loaded 329M reads 
[20:03:01] Read1: loaded 329M reads 
[20:03:01] Read2: loaded 330M reads 
[20:03:02] Read1: loaded 330M reads 
[20:03:02] Read2: loaded 331M reads 
[20:03:02] Read1: loaded 331M reads 
[20:03:03] Read2: loaded 332M reads 
[20:03:03] Read1: loaded 332M reads 
[20:03:03] Read2: loaded 333M reads 
[20:03:04] Read1: loaded 333M reads 
[20:03:04] Read2: loaded 334M reads 
[20:03:04] Read1: loaded 334M reads 
[20:03:05] Read2: loaded 335M reads 
[20:03:05] Read1: loaded 335M reads 
[20:03:05] Read2: loaded 336M reads 
[20:03:06] Read1: loaded 336M reads 
[20:03:06] Read2: loaded 337M reads 
[20:03:06] Read1: loaded 337M reads 
[20:03:07] Read2: loaded 338M reads 
[20:03:07] Read1: loaded 338M reads 
[20:03:07] Read2: loaded 339M reads 
[20:03:08] Read1: loaded 339M reads 
[20:03:08] Read2: loaded 340M reads 
[20:03:08] Read1: loaded 340M reads 
[20:03:09] Read2: loaded 341M reads 
[20:03:09] Read1: loaded 341M reads 
[20:03:09] Read2: loaded 342M reads 
[20:03:10] Read1: loaded 342M reads 
[20:03:10] Read2: loaded 343M reads 
[20:03:10] Read1: loaded 343M reads 
[20:03:11] Read2: loaded 344M reads 
[20:03:11] Read1: loaded 344M reads 
[20:03:11] Read2: loaded 345M reads 
[20:03:12] Read1: loaded 345M reads 
[20:03:12] Read2: loaded 346M reads 
[20:03:12] Read1: loaded 346M reads 
[20:03:13] Read2: loaded 347M reads 
[20:03:13] Read1: loaded 347M reads 
[20:03:13] Read2: loaded 348M reads 
[20:03:14] Read1: loaded 348M reads 
[20:03:14] Read2: loaded 349M reads 
[20:03:14] Read1: loaded 349M reads 
[20:03:15] Read2: loaded 350M reads 
[20:03:15] Read1: loaded 350M reads 
[20:03:15] Read2: loaded 351M reads 
[20:03:16] Read1: loaded 351M reads 
[20:03:16] Read2: loaded 352M reads 
[20:03:16] Read1: loaded 352M reads 
[20:03:17] Read2: loaded 353M reads 
[20:03:17] Read1: loaded 353M reads 
[20:03:17] Read2: loaded 354M reads 
[20:03:18] Read1: loaded 354M reads 
[20:03:18] Read2: loaded 355M reads 
[20:03:18] Read1: loaded 355M reads 
[20:03:19] Read2: loaded 356M reads 
[20:03:19] Read1: loaded 356M reads 
[20:03:19] Read2: loaded 357M reads 
[20:03:20] Read1: loaded 357M reads 
[20:03:20] Read2: loaded 358M reads 
[20:03:20] Read1: loaded 358M reads 
[20:03:21] Read2: loaded 359M reads 
[20:03:21] Read1: loaded 359M reads 
[20:03:21] Read2: loaded 360M reads 
[20:03:22] Read1: loaded 360M reads 
[20:03:22] Read2: loaded 361M reads 
[20:03:22] Read2: loading completed with 44102 packs 
[20:03:22] Read1: loaded 361M reads 
[20:03:23] Read1: loading completed with 44102 packs 
[20:03:23] [fastp 1.3.3-d0bromir] Stage: loading (237879 ms) 
[20:03:23] [fastp 1.3.3-d0bromir] Stage: filtering 
[20:03:23] thread 11 data processing completed 
[20:03:23] thread 11 finished 
[20:03:23] thread 2 data processing completed 
[20:03:23] thread 2 finished 
[20:03:23] thread 31 data processing completed 
[20:03:23] thread 31 finished 
[20:03:23] thread 17 data processing completed 
[20:03:23] thread 17 finished 
[20:03:23] thread 32 data processing completed 
[20:03:23] thread 32 finished 
[20:03:23] thread 22 data processing completed 
[20:03:23] thread 22 finished 
[20:03:23] thread 13 data processing completed 
[20:03:23] thread 13 finished 
[20:03:23] thread 7 data processing completed 
[20:03:23] thread 7 finished 
[20:03:23] thread 21 data processing completed 
[20:03:23] thread 21 finished 
[20:03:23] thread 25 data processing completed 
[20:03:23] thread 25 finished 
[20:03:23] thread 18 data processing completed 
[20:03:23] thread 18 finished 
[20:03:23] thread 8 data processing completed 
[20:03:23] thread 8 finished 
[20:03:23] thread 5 data processing completed 
[20:03:23] thread 5 finished 
[20:03:23] thread 12 data processing completed 
[20:03:23] thread 12 finished 
[20:03:23] thread 15 data processing completed 
[20:03:23] thread 15 finished 
[20:03:23] thread 30 data processing completed 
[20:03:23] thread 30 finished 
[20:03:23] thread 16 data processing completed 
[20:03:23] thread 16 finished 
[20:03:23] thread 14 data processing completed 
[20:03:23] thread 14 finished 
[20:03:23] thread 20 data processing completed 
[20:03:23] thread 20 finished 
[20:03:23] thread 10 data processing completed 
[20:03:23] thread 10 finished 
[20:03:23] thread 24 data processing completed 
[20:03:23] thread 24 finished 
[20:03:23] thread 23 data processing completed 
[20:03:23] thread 23 finished 
[20:03:23] thread 4 data processing completed 
[20:03:23] thread 4 finished 
[20:03:23] thread 9 data processing completed 
[20:03:23] thread 9 finished 
[20:03:23] thread 3 data processing completed 
[20:03:23] thread 3 finished 
[20:03:23] thread 27 data processing completed 
[20:03:23] thread 27 finished 
[20:03:23] thread 1 data processing completed 
[20:03:23] thread 1 finished 
[20:03:23] thread 28 data processing completed 
[20:03:23] thread 28 finished 
[20:03:23] thread 19 data processing completed 
[20:03:23] thread 19 finished 
[20:03:23] thread 29 data processing completed 
[20:03:23] thread 29 finished 
[20:03:23] thread 6 data processing completed 
[20:03:23] thread 6 finished 
[20:03:23] thread 26 data processing completed 
[20:03:23] thread 26 finished 
[20:03:23] [fastp 1.3.3-d0bromir] Stage: filtering (636 ms) 
[20:03:23] [fastp 1.3.3-d0bromir] Stage: writing 
[20:03:23] /dev/shm/fastp_bench_MFKeSd_R1.fq.gz writer finished 
[20:03:23] /dev/shm/fastp_bench_LLI9SO_R2.fq.gz writer finished 
[20:03:23] [fastp 1.3.3-d0bromir] Stage: writing (32 ms) 
[20:03:23] start to generate reports
 
Read1 before filtering:
total reads: 361281611
total bases: 54192241650
Q20 bases: 54123398100(99.873%)
Q30 bases: 54123398100(99.873%)
Q40 bases: 0(0%)

Read2 before filtering:
total reads: 361281611
total bases: 54192241650
Q20 bases: 53855170050(99.378%)
Q30 bases: 53855170050(99.378%)
Q40 bases: 0(0%)

Read1 after filtering:
total reads: 358607374
total bases: 53574361382
Q20 bases: 53574361382(100%)
Q30 bases: 53574361382(100%)
Q40 bases: 0(0%)

Read2 after filtering:
total reads: 358607374
total bases: 53574361382
Q20 bases: 53574361382(100%)
Q30 bases: 53574361382(100%)
Q40 bases: 0(0%)

Filtering result:
reads passed filter: 717214748
reads failed due to low quality: 5328396
reads failed due to too many N: 20078
reads failed due to too short: 0
reads failed due to adapter dimer: 0
reads with adapter trimmed: 9627740
bases trimmed due to adapters: 442711160

Duplication rate: 5.60214%

Insert size peak (evaluated by paired-end reads): 269

JSON report: /dev/shm/fastp_bench_KTy4K4.json
HTML report: /dev/null

/home/mpiuser/bioauto_rev/fastp_d0bromir/fastp-cpu -w 32 -j /dev/shm/fastp_bench_KTy4K4.json -h /dev/null --verbose -i /home/mpiuser/FASTQ/WGS/DRR216653_1.fastq.gz -I /home/mpiuser/FASTQ/WGS/DRR216653_2.fastq.gz -o /dev/shm/fastp_bench_MFKeSd_R1.fq.gz -O /dev/shm/fastp_bench_LLI9SO_R2.fq.gz 
fastp v1.3.3-d0bromir, time used: 242 seconds
================================================================

================================================================
 Application  : d0bromir_gpu (/home/mpiuser/bioauto_rev/fastp_d0bromir/fastp)
 Dataset      : WGS PE 40G (DRR216653 R1+R2)
 Files        : R1=/home/mpiuser/FASTQ/WGS/DRR216653_1.fastq.gz
               R2=/home/mpiuser/FASTQ/WGS/DRR216653_2.fastq.gz
 Type         : PE
 Threads      : 32
 Wall time    : 245.281 s
 reads_in     : 722563222
 reads_out    : 717214748
 vs_opengene  : -65.4%
--- Resource usage ---
 CPU avg/peak : 3227.1% / 3830.3%
 RSS peak     : 4154 MiB
 GPU util a/p : 26.2% / 28.0%
 GPU mem peak : 1360 MiB
 Sample CSV   : /home/mpiuser/bioauto_rev/fastp_d0bromir/benchmark_results/20261003_194729/resources/resource_WGS_PE_40G_d0bromir_gpu_T32_1791057811.csv
--- Profiling output ---
[20:03:31] fastp 1.3.3-d0bromir starting 
[20:03:32] [GPU] CUDA GPU available (Device 0) - statistics GPU-accelerated (slots=8) 
[20:03:32] [fastp 1.3.3-d0bromir] Stage: loading 
[20:03:32] [GPU] CUDA GPU available (Device 1) - statistics GPU-accelerated (slots=8) 
[20:03:32] start to load data of read1 
[20:03:32] start to load data of read2 
[20:03:32] [GPU] Dual-GPU mode: Device 0 + Device 1 active 
[20:03:33] Read2: loaded 1M reads 
[20:03:33] Read1: loaded 1M reads 
[20:03:33] Read2: loaded 2M reads 
[20:03:33] Read1: loaded 2M reads 
[20:03:34] Read2: loaded 3M reads 
[20:03:34] Read1: loaded 3M reads 
[20:03:35] Read2: loaded 4M reads 
[20:03:35] Read1: loaded 4M reads 
[20:03:35] Read2: loaded 5M reads 
[20:03:35] Read1: loaded 5M reads 
[20:03:36] Read2: loaded 6M reads 
[20:03:36] Read1: loaded 6M reads 
[20:03:37] Read2: loaded 7M reads 
[20:03:37] Read1: loaded 7M reads 
[20:03:37] Read2: loaded 8M reads 
[20:03:37] Read1: loaded 8M reads 
[20:03:38] Read2: loaded 9M reads 
[20:03:38] Read1: loaded 9M reads 
[20:03:38] Read2: loaded 10M reads 
[20:03:39] Read1: loaded 10M reads 
[20:03:39] Read2: loaded 11M reads 
[20:03:39] Read1: loaded 11M reads 
[20:03:40] Read2: loaded 12M reads 
[20:03:40] Read1: loaded 12M reads 
[20:03:40] Read2: loaded 13M reads 
[20:03:41] Read1: loaded 13M reads 
[20:03:41] Read2: loaded 14M reads 
[20:03:41] Read1: loaded 14M reads 
[20:03:42] Read2: loaded 15M reads 
[20:03:42] Read1: loaded 15M reads 
[20:03:42] Read2: loaded 16M reads 
[20:03:42] Read1: loaded 16M reads 
[20:03:43] Read2: loaded 17M reads 
[20:03:43] Read1: loaded 17M reads 
[20:03:44] Read2: loaded 18M reads 
[20:03:44] Read1: loaded 18M reads 
[20:03:44] Read2: loaded 19M reads 
[20:03:44] Read1: loaded 19M reads 
[20:03:45] Read2: loaded 20M reads 
[20:03:45] Read1: loaded 20M reads 
[20:03:46] Read2: loaded 21M reads 
[20:03:46] Read1: loaded 21M reads 
[20:03:46] Read2: loaded 22M reads 
[20:03:46] Read1: loaded 22M reads 
[20:03:47] Read2: loaded 23M reads 
[20:03:47] Read1: loaded 23M reads 
[20:03:48] Read2: loaded 24M reads 
[20:03:48] Read1: loaded 24M reads 
[20:03:48] Read2: loaded 25M reads 
[20:03:48] Read1: loaded 25M reads 
[20:03:49] Read2: loaded 26M reads 
[20:03:49] Read1: loaded 26M reads 
[20:03:50] Read2: loaded 27M reads 
[20:03:50] Read1: loaded 27M reads 
[20:03:50] Read2: loaded 28M reads 
[20:03:50] Read1: loaded 28M reads 
[20:03:51] Read2: loaded 29M reads 
[20:03:51] Read1: loaded 29M reads 
[20:03:52] Read2: loaded 30M reads 
[20:03:52] Read1: loaded 30M reads 
[20:03:52] Read2: loaded 31M reads 
[20:03:52] Read1: loaded 31M reads 
[20:03:53] Read2: loaded 32M reads 
[20:03:53] Read1: loaded 32M reads 
[20:03:53] Read2: loaded 33M reads 
[20:03:54] Read1: loaded 33M reads 
[20:03:54] Read2: loaded 34M reads 
[20:03:54] Read1: loaded 34M reads 
[20:03:55] Read2: loaded 35M reads 
[20:03:55] Read1: loaded 35M reads 
[20:03:55] Read2: loaded 36M reads 
[20:03:56] Read1: loaded 36M reads 
[20:03:56] Read2: loaded 37M reads 
[20:03:56] Read1: loaded 37M reads 
[20:03:57] Read2: loaded 38M reads 
[20:03:57] Read1: loaded 38M reads 
[20:03:57] Read2: loaded 39M reads 
[20:03:58] Read1: loaded 39M reads 
[20:03:58] Read2: loaded 40M reads 
[20:03:58] Read1: loaded 40M reads 
[20:03:59] Read2: loaded 41M reads 
[20:03:59] Read1: loaded 41M reads 
[20:03:59] Read2: loaded 42M reads 
[20:03:59] Read1: loaded 42M reads 
[20:04:00] Read2: loaded 43M reads 
[20:04:00] Read1: loaded 43M reads 
[20:04:01] Read2: loaded 44M reads 
[20:04:01] Read1: loaded 44M reads 
[20:04:01] Read2: loaded 45M reads 
[20:04:01] Read1: loaded 45M reads 
[20:04:02] Read2: loaded 46M reads 
[20:04:02] Read1: loaded 46M reads 
[20:04:03] Read2: loaded 47M reads 
[20:04:03] Read1: loaded 47M reads 
[20:04:03] Read2: loaded 48M reads 
[20:04:03] Read1: loaded 48M reads 
[20:04:04] Read2: loaded 49M reads 
[20:04:04] Read1: loaded 49M reads 
[20:04:05] Read2: loaded 50M reads 
[20:04:05] Read1: loaded 50M reads 
[20:04:05] Read2: loaded 51M reads 
[20:04:05] Read1: loaded 51M reads 
[20:04:06] Read2: loaded 52M reads 
[20:04:06] Read1: loaded 52M reads 
[20:04:06] Read2: loaded 53M reads 
[20:04:07] Read1: loaded 53M reads 
[20:04:07] Read2: loaded 54M reads 
[20:04:07] Read1: loaded 54M reads 
[20:04:08] Read2: loaded 55M reads 
[20:04:08] Read1: loaded 55M reads 
[20:04:08] Read2: loaded 56M reads 
[20:04:09] Read1: loaded 56M reads 
[20:04:09] Read2: loaded 57M reads 
[20:04:09] Read1: loaded 57M reads 
[20:04:10] Read2: loaded 58M reads 
[20:04:10] Read1: loaded 58M reads 
[20:04:10] Read2: loaded 59M reads 
[20:04:11] Read1: loaded 59M reads 
[20:04:11] Read2: loaded 60M reads 
[20:04:11] Read1: loaded 60M reads 
[20:04:12] Read2: loaded 61M reads 
[20:04:12] Read1: loaded 61M reads 
[20:04:12] Read2: loaded 62M reads 
[20:04:13] Read1: loaded 62M reads 
[20:04:13] Read2: loaded 63M reads 
[20:04:13] Read1: loaded 63M reads 
[20:04:14] Read2: loaded 64M reads 
[20:04:14] Read1: loaded 64M reads 
[20:04:14] Read2: loaded 65M reads 
[20:04:15] Read1: loaded 65M reads 
[20:04:15] Read2: loaded 66M reads 
[20:04:15] Read1: loaded 66M reads 
[20:04:16] Read2: loaded 67M reads 
[20:04:16] Read1: loaded 67M reads 
[20:04:16] Read2: loaded 68M reads 
[20:04:17] Read1: loaded 68M reads 
[20:04:17] Read2: loaded 69M reads 
[20:04:17] Read1: loaded 69M reads 
[20:04:18] Read2: loaded 70M reads 
[20:04:18] Read1: loaded 70M reads 
[20:04:18] Read2: loaded 71M reads 
[20:04:19] Read1: loaded 71M reads 
[20:04:19] Read2: loaded 72M reads 
[20:04:19] Read1: loaded 72M reads 
[20:04:20] Read2: loaded 73M reads 
[20:04:20] Read1: loaded 73M reads 
[20:04:20] Read2: loaded 74M reads 
[20:04:20] Read1: loaded 74M reads 
[20:04:21] Read2: loaded 75M reads 
[20:04:21] Read1: loaded 75M reads 
[20:04:22] Read2: loaded 76M reads 
[20:04:22] Read1: loaded 76M reads 
[20:04:22] Read2: loaded 77M reads 
[20:04:22] Read1: loaded 77M reads 
[20:04:23] Read2: loaded 78M reads 
[20:04:23] Read1: loaded 78M reads 
[20:04:23] Read2: loaded 79M reads 
[20:04:24] Read1: loaded 79M reads 
[20:04:24] Read2: loaded 80M reads 
[20:04:24] Read1: loaded 80M reads 
[20:04:25] Read2: loaded 81M reads 
[20:04:25] Read1: loaded 81M reads 
[20:04:25] Read2: loaded 82M reads 
[20:04:26] Read1: loaded 82M reads 
[20:04:26] Read2: loaded 83M reads 
[20:04:26] Read1: loaded 83M reads 
[20:04:27] Read2: loaded 84M reads 
[20:04:27] Read1: loaded 84M reads 
[20:04:27] Read2: loaded 85M reads 
[20:04:28] Read1: loaded 85M reads 
[20:04:28] Read2: loaded 86M reads 
[20:04:28] Read1: loaded 86M reads 
[20:04:29] Read2: loaded 87M reads 
[20:04:29] Read1: loaded 87M reads 
[20:04:29] Read2: loaded 88M reads 
[20:04:30] Read1: loaded 88M reads 
[20:04:30] Read2: loaded 89M reads 
[20:04:30] Read1: loaded 89M reads 
[20:04:31] Read2: loaded 90M reads 
[20:04:31] Read1: loaded 90M reads 
[20:04:31] Read2: loaded 91M reads 
[20:04:32] Read1: loaded 91M reads 
[20:04:32] Read2: loaded 92M reads 
[20:04:32] Read1: loaded 92M reads 
[20:04:33] Read2: loaded 93M reads 
[20:04:33] Read1: loaded 93M reads 
[20:04:33] Read2: loaded 94M reads 
[20:04:34] Read1: loaded 94M reads 
[20:04:34] Read2: loaded 95M reads 
[20:04:34] Read1: loaded 95M reads 
[20:04:35] Read2: loaded 96M reads 
[20:04:35] Read1: loaded 96M reads 
[20:04:35] Read2: loaded 97M reads 
[20:04:36] Read1: loaded 97M reads 
[20:04:36] Read2: loaded 98M reads 
[20:04:36] Read1: loaded 98M reads 
[20:04:37] Read2: loaded 99M reads 
[20:04:37] Read1: loaded 99M reads 
[20:04:37] Read2: loaded 100M reads 
[20:04:38] Read1: loaded 100M reads 
[20:04:38] Read2: loaded 101M reads 
[20:04:38] Read1: loaded 101M reads 
[20:04:39] Read2: loaded 102M reads 
[20:04:39] Read1: loaded 102M reads 
[20:04:39] Read2: loaded 103M reads 
[20:04:40] Read1: loaded 103M reads 
[20:04:40] Read2: loaded 104M reads 
[20:04:40] Read1: loaded 104M reads 
[20:04:40] Read2: loaded 105M reads 
[20:04:41] Read1: loaded 105M reads 
[20:04:41] Read2: loaded 106M reads 
[20:04:42] Read1: loaded 106M reads 
[20:04:42] Read2: loaded 107M reads 
[20:04:42] Read1: loaded 107M reads 
[20:04:42] Read2: loaded 108M reads 
[20:04:43] Read1: loaded 108M reads 
[20:04:43] Read2: loaded 109M reads 
[20:04:43] Read1: loaded 109M reads 
[20:04:44] Read2: loaded 110M reads 
[20:04:44] Read1: loaded 110M reads 
[20:04:44] Read2: loaded 111M reads 
[20:04:45] Read1: loaded 111M reads 
[20:04:45] Read2: loaded 112M reads 
[20:04:45] Read1: loaded 112M reads 
[20:04:46] Read2: loaded 113M reads 
[20:04:46] Read1: loaded 113M reads 
[20:04:46] Read2: loaded 114M reads 
[20:04:47] Read1: loaded 114M reads 
[20:04:47] Read2: loaded 115M reads 
[20:04:47] Read1: loaded 115M reads 
[20:04:48] Read2: loaded 116M reads 
[20:04:48] Read1: loaded 116M reads 
[20:04:48] Read2: loaded 117M reads 
[20:04:49] Read1: loaded 117M reads 
[20:04:49] Read2: loaded 118M reads 
[20:04:49] Read1: loaded 118M reads 
[20:04:50] Read2: loaded 119M reads 
[20:04:50] Read1: loaded 119M reads 
[20:04:50] Read2: loaded 120M reads 
[20:04:51] Read1: loaded 120M reads 
[20:04:51] Read2: loaded 121M reads 
[20:04:51] Read1: loaded 121M reads 
[20:04:52] Read2: loaded 122M reads 
[20:04:52] Read1: loaded 122M reads 
[20:04:52] Read2: loaded 123M reads 
[20:04:53] Read1: loaded 123M reads 
[20:04:53] Read2: loaded 124M reads 
[20:04:53] Read1: loaded 124M reads 
[20:04:54] Read2: loaded 125M reads 
[20:04:54] Read1: loaded 125M reads 
[20:04:54] Read2: loaded 126M reads 
[20:04:55] Read1: loaded 126M reads 
[20:04:55] Read2: loaded 127M reads 
[20:04:55] Read1: loaded 127M reads 
[20:04:56] Read2: loaded 128M reads 
[20:04:56] Read1: loaded 128M reads 
[20:04:56] Read2: loaded 129M reads 
[20:04:57] Read1: loaded 129M reads 
[20:04:57] Read2: loaded 130M reads 
[20:04:57] Read1: loaded 130M reads 
[20:04:57] Read2: loaded 131M reads 
[20:04:58] Read1: loaded 131M reads 
[20:04:58] Read2: loaded 132M reads 
[20:04:59] Read1: loaded 132M reads 
[20:04:59] Read2: loaded 133M reads 
[20:04:59] Read1: loaded 133M reads 
[20:04:59] Read2: loaded 134M reads 
[20:05:00] Read1: loaded 134M reads 
[20:05:00] Read2: loaded 135M reads 
[20:05:01] Read1: loaded 135M reads 
[20:05:01] Read2: loaded 136M reads 
[20:05:01] Read1: loaded 136M reads 
[20:05:01] Read2: loaded 137M reads 
[20:05:02] Read1: loaded 137M reads 
[20:05:02] Read2: loaded 138M reads 
[20:05:03] Read1: loaded 138M reads 
[20:05:03] Read2: loaded 139M reads 
[20:05:03] Read1: loaded 139M reads 
[20:05:03] Read2: loaded 140M reads 
[20:05:04] Read1: loaded 140M reads 
[20:05:04] Read2: loaded 141M reads 
[20:05:05] Read1: loaded 141M reads 
[20:05:05] Read2: loaded 142M reads 
[20:05:05] Read1: loaded 142M reads 
[20:05:05] Read2: loaded 143M reads 
[20:05:06] Read1: loaded 143M reads 
[20:05:06] Read2: loaded 144M reads 
[20:05:07] Read1: loaded 144M reads 
[20:05:07] Read2: loaded 145M reads 
[20:05:07] Read1: loaded 145M reads 
[20:05:07] Read2: loaded 146M reads 
[20:05:08] Read1: loaded 146M reads 
[20:05:08] Read2: loaded 147M reads 
[20:05:09] Read1: loaded 147M reads 
[20:05:09] Read2: loaded 148M reads 
[20:05:09] Read1: loaded 148M reads 
[20:05:09] Read2: loaded 149M reads 
[20:05:10] Read1: loaded 149M reads 
[20:05:10] Read2: loaded 150M reads 
[20:05:11] Read1: loaded 150M reads 
[20:05:11] Read2: loaded 151M reads 
[20:05:11] Read1: loaded 151M reads 
[20:05:11] Read2: loaded 152M reads 
[20:05:12] Read1: loaded 152M reads 
[20:05:12] Read2: loaded 153M reads 
[20:05:13] Read1: loaded 153M reads 
[20:05:13] Read2: loaded 154M reads 
[20:05:13] Read1: loaded 154M reads 
[20:05:13] Read2: loaded 155M reads 
[20:05:14] Read1: loaded 155M reads 
[20:05:14] Read2: loaded 156M reads 
[20:05:15] Read1: loaded 156M reads 
[20:05:15] Read2: loaded 157M reads 
[20:05:15] Read1: loaded 157M reads 
[20:05:15] Read2: loaded 158M reads 
[20:05:16] Read1: loaded 158M reads 
[20:05:16] Read2: loaded 159M reads 
[20:05:16] Read1: loaded 159M reads 
[20:05:17] Read2: loaded 160M reads 
[20:05:17] Read1: loaded 160M reads 
[20:05:17] Read2: loaded 161M reads 
[20:05:18] Read1: loaded 161M reads 
[20:05:18] Read2: loaded 162M reads 
[20:05:18] Read1: loaded 162M reads 
[20:05:19] Read2: loaded 163M reads 
[20:05:19] Read1: loaded 163M reads 
[20:05:19] Read2: loaded 164M reads 
[20:05:20] Read1: loaded 164M reads 
[20:05:20] Read2: loaded 165M reads 
[20:05:20] Read1: loaded 165M reads 
[20:05:21] Read2: loaded 166M reads 
[20:05:21] Read1: loaded 166M reads 
[20:05:21] Read2: loaded 167M reads 
[20:05:22] Read1: loaded 167M reads 
[20:05:22] Read2: loaded 168M reads 
[20:05:22] Read1: loaded 168M reads 
[20:05:23] Read2: loaded 169M reads 
[20:05:23] Read1: loaded 169M reads 
[20:05:23] Read2: loaded 170M reads 
[20:05:24] Read1: loaded 170M reads 
[20:05:24] Read2: loaded 171M reads 
[20:05:24] Read1: loaded 171M reads 
[20:05:25] Read2: loaded 172M reads 
[20:05:25] Read1: loaded 172M reads 
[20:05:25] Read2: loaded 173M reads 
[20:05:26] Read1: loaded 173M reads 
[20:05:26] Read2: loaded 174M reads 
[20:05:26] Read1: loaded 174M reads 
[20:05:27] Read2: loaded 175M reads 
[20:05:27] Read1: loaded 175M reads 
[20:05:27] Read2: loaded 176M reads 
[20:05:28] Read1: loaded 176M reads 
[20:05:28] Read2: loaded 177M reads 
[20:05:28] Read1: loaded 177M reads 
[20:05:29] Read2: loaded 178M reads 
[20:05:29] Read1: loaded 178M reads 
[20:05:29] Read2: loaded 179M reads 
[20:05:30] Read1: loaded 179M reads 
[20:05:30] Read2: loaded 180M reads 
[20:05:30] Read1: loaded 180M reads 
[20:05:31] Read2: loaded 181M reads 
[20:05:31] Read1: loaded 181M reads 
[20:05:31] Read2: loaded 182M reads 
[20:05:32] Read1: loaded 182M reads 
[20:05:32] Read2: loaded 183M reads 
[20:05:32] Read1: loaded 183M reads 
[20:05:33] Read2: loaded 184M reads 
[20:05:33] Read1: loaded 184M reads 
[20:05:33] Read2: loaded 185M reads 
[20:05:34] Read1: loaded 185M reads 
[20:05:34] Read2: loaded 186M reads 
[20:05:34] Read1: loaded 186M reads 
[20:05:35] Read2: loaded 187M reads 
[20:05:35] Read1: loaded 187M reads 
[20:05:35] Read2: loaded 188M reads 
[20:05:36] Read1: loaded 188M reads 
[20:05:36] Read2: loaded 189M reads 
[20:05:36] Read1: loaded 189M reads 
[20:05:37] Read2: loaded 190M reads 
[20:05:37] Read1: loaded 190M reads 
[20:05:37] Read2: loaded 191M reads 
[20:05:38] Read1: loaded 191M reads 
[20:05:38] Read2: loaded 192M reads 
[20:05:38] Read1: loaded 192M reads 
[20:05:39] Read2: loaded 193M reads 
[20:05:39] Read1: loaded 193M reads 
[20:05:39] Read2: loaded 194M reads 
[20:05:40] Read1: loaded 194M reads 
[20:05:40] Read2: loaded 195M reads 
[20:05:40] Read1: loaded 195M reads 
[20:05:41] Read2: loaded 196M reads 
[20:05:41] Read1: loaded 196M reads 
[20:05:41] Read2: loaded 197M reads 
[20:05:42] Read1: loaded 197M reads 
[20:05:42] Read2: loaded 198M reads 
[20:05:43] Read1: loaded 198M reads 
[20:05:43] Read2: loaded 199M reads 
[20:05:43] Read1: loaded 199M reads 
[20:05:43] Read2: loaded 200M reads 
[20:05:44] Read1: loaded 200M reads 
[20:05:44] Read2: loaded 201M reads 
[20:05:45] Read1: loaded 201M reads 
[20:05:45] Read2: loaded 202M reads 
[20:05:45] Read1: loaded 202M reads 
[20:05:45] Read2: loaded 203M reads 
[20:05:46] Read1: loaded 203M reads 
[20:05:46] Read2: loaded 204M reads 
[20:05:47] Read1: loaded 204M reads 
[20:05:47] Read2: loaded 205M reads 
[20:05:47] Read1: loaded 205M reads 
[20:05:47] Read2: loaded 206M reads 
[20:05:48] Read1: loaded 206M reads 
[20:05:48] Read2: loaded 207M reads 
[20:05:49] Read1: loaded 207M reads 
[20:05:49] Read2: loaded 208M reads 
[20:05:49] Read1: loaded 208M reads 
[20:05:49] Read2: loaded 209M reads 
[20:05:50] Read1: loaded 209M reads 
[20:05:50] Read2: loaded 210M reads 
[20:05:51] Read1: loaded 210M reads 
[20:05:51] Read2: loaded 211M reads 
[20:05:51] Read1: loaded 211M reads 
[20:05:51] Read2: loaded 212M reads 
[20:05:52] Read1: loaded 212M reads 
[20:05:52] Read2: loaded 213M reads 
[20:05:53] Read1: loaded 213M reads 
[20:05:53] Read2: loaded 214M reads 
[20:05:53] Read1: loaded 214M reads 
[20:05:53] Read2: loaded 215M reads 
[20:05:54] Read1: loaded 215M reads 
[20:05:54] Read2: loaded 216M reads 
[20:05:55] Read1: loaded 216M reads 
[20:05:55] Read2: loaded 217M reads 
[20:05:55] Read1: loaded 217M reads 
[20:05:55] Read2: loaded 218M reads 
[20:05:56] Read1: loaded 218M reads 
[20:05:56] Read2: loaded 219M reads 
[20:05:57] Read1: loaded 219M reads 
[20:05:57] Read2: loaded 220M reads 
[20:05:57] Read1: loaded 220M reads 
[20:05:57] Read2: loaded 221M reads 
[20:05:58] Read1: loaded 221M reads 
[20:05:58] Read2: loaded 222M reads 
[20:05:59] Read1: loaded 222M reads 
[20:05:59] Read2: loaded 223M reads 
[20:05:59] Read1: loaded 223M reads 
[20:05:59] Read2: loaded 224M reads 
[20:06:00] Read1: loaded 224M reads 
[20:06:00] Read2: loaded 225M reads 
[20:06:01] Read1: loaded 225M reads 
[20:06:01] Read2: loaded 226M reads 
[20:06:01] Read1: loaded 226M reads 
[20:06:01] Read2: loaded 227M reads 
[20:06:02] Read1: loaded 227M reads 
[20:06:02] Read2: loaded 228M reads 
[20:06:03] Read1: loaded 228M reads 
[20:06:03] Read2: loaded 229M reads 
[20:06:03] Read1: loaded 229M reads 
[20:06:03] Read2: loaded 230M reads 
[20:06:04] Read1: loaded 230M reads 
[20:06:04] Read2: loaded 231M reads 
[20:06:05] Read1: loaded 231M reads 
[20:06:05] Read2: loaded 232M reads 
[20:06:05] Read1: loaded 232M reads 
[20:06:05] Read2: loaded 233M reads 
[20:06:06] Read1: loaded 233M reads 
[20:06:06] Read2: loaded 234M reads 
[20:06:07] Read1: loaded 234M reads 
[20:06:07] Read2: loaded 235M reads 
[20:06:07] Read1: loaded 235M reads 
[20:06:07] Read2: loaded 236M reads 
[20:06:08] Read1: loaded 236M reads 
[20:06:08] Read2: loaded 237M reads 
[20:06:09] Read1: loaded 237M reads 
[20:06:09] Read2: loaded 238M reads 
[20:06:09] Read1: loaded 238M reads 
[20:06:09] Read2: loaded 239M reads 
[20:06:10] Read1: loaded 239M reads 
[20:06:10] Read2: loaded 240M reads 
[20:06:11] Read1: loaded 240M reads 
[20:06:11] Read2: loaded 241M reads 
[20:06:11] Read1: loaded 241M reads 
[20:06:12] Read2: loaded 242M reads 
[20:06:12] Read1: loaded 242M reads 
[20:06:12] Read2: loaded 243M reads 
[20:06:13] Read1: loaded 243M reads 
[20:06:13] Read2: loaded 244M reads 
[20:06:13] Read1: loaded 244M reads 
[20:06:14] Read2: loaded 245M reads 
[20:06:14] Read1: loaded 245M reads 
[20:06:14] Read2: loaded 246M reads 
[20:06:15] Read1: loaded 246M reads 
[20:06:15] Read2: loaded 247M reads 
[20:06:15] Read1: loaded 247M reads 
[20:06:16] Read2: loaded 248M reads 
[20:06:16] Read1: loaded 248M reads 
[20:06:16] Read2: loaded 249M reads 
[20:06:17] Read1: loaded 249M reads 
[20:06:17] Read2: loaded 250M reads 
[20:06:17] Read1: loaded 250M reads 
[20:06:18] Read2: loaded 251M reads 
[20:06:18] Read1: loaded 251M reads 
[20:06:18] Read2: loaded 252M reads 
[20:06:19] Read1: loaded 252M reads 
[20:06:19] Read2: loaded 253M reads 
[20:06:19] Read1: loaded 253M reads 
[20:06:20] Read2: loaded 254M reads 
[20:06:20] Read1: loaded 254M reads 
[20:06:20] Read2: loaded 255M reads 
[20:06:21] Read1: loaded 255M reads 
[20:06:21] Read2: loaded 256M reads 
[20:06:22] Read1: loaded 256M reads 
[20:06:22] Read2: loaded 257M reads 
[20:06:22] Read1: loaded 257M reads 
[20:06:22] Read2: loaded 258M reads 
[20:06:23] Read1: loaded 258M reads 
[20:06:23] Read2: loaded 259M reads 
[20:06:24] Read1: loaded 259M reads 
[20:06:24] Read2: loaded 260M reads 
[20:06:24] Read1: loaded 260M reads 
[20:06:24] Read2: loaded 261M reads 
[20:06:25] Read1: loaded 261M reads 
[20:06:25] Read2: loaded 262M reads 
[20:06:26] Read1: loaded 262M reads 
[20:06:26] Read2: loaded 263M reads 
[20:06:26] Read1: loaded 263M reads 
[20:06:26] Read2: loaded 264M reads 
[20:06:27] Read1: loaded 264M reads 
[20:06:27] Read2: loaded 265M reads 
[20:06:28] Read1: loaded 265M reads 
[20:06:28] Read2: loaded 266M reads 
[20:06:28] Read1: loaded 266M reads 
[20:06:28] Read2: loaded 267M reads 
[20:06:29] Read1: loaded 267M reads 
[20:06:29] Read2: loaded 268M reads 
[20:06:30] Read1: loaded 268M reads 
[20:06:30] Read2: loaded 269M reads 
[20:06:30] Read1: loaded 269M reads 
[20:06:30] Read2: loaded 270M reads 
[20:06:31] Read1: loaded 270M reads 
[20:06:31] Read2: loaded 271M reads 
[20:06:32] Read1: loaded 271M reads 
[20:06:32] Read2: loaded 272M reads 
[20:06:32] Read1: loaded 272M reads 
[20:06:32] Read2: loaded 273M reads 
[20:06:33] Read1: loaded 273M reads 
[20:06:33] Read2: loaded 274M reads 
[20:06:34] Read1: loaded 274M reads 
[20:06:34] Read2: loaded 275M reads 
[20:06:34] Read1: loaded 275M reads 
[20:06:34] Read2: loaded 276M reads 
[20:06:35] Read1: loaded 276M reads 
[20:06:35] Read2: loaded 277M reads 
[20:06:36] Read1: loaded 277M reads 
[20:06:36] Read2: loaded 278M reads 
[20:06:36] Read1: loaded 278M reads 
[20:06:36] Read2: loaded 279M reads 
[20:06:37] Read1: loaded 279M reads 
[20:06:37] Read2: loaded 280M reads 
[20:06:38] Read1: loaded 280M reads 
[20:06:38] Read2: loaded 281M reads 
[20:06:38] Read1: loaded 281M reads 
[20:06:38] Read2: loaded 282M reads 
[20:06:39] Read1: loaded 282M reads 
[20:06:39] Read2: loaded 283M reads 
[20:06:40] Read1: loaded 283M reads 
[20:06:40] Read2: loaded 284M reads 
[20:06:40] Read1: loaded 284M reads 
[20:06:40] Read2: loaded 285M reads 
[20:06:41] Read1: loaded 285M reads 
[20:06:41] Read2: loaded 286M reads 
[20:06:42] Read1: loaded 286M reads 
[20:06:42] Read2: loaded 287M reads 
[20:06:42] Read1: loaded 287M reads 
[20:06:42] Read2: loaded 288M reads 
[20:06:43] Read1: loaded 288M reads 
[20:06:43] Read2: loaded 289M reads 
[20:06:44] Read1: loaded 289M reads 
[20:06:44] Read2: loaded 290M reads 
[20:06:44] Read1: loaded 290M reads 
[20:06:45] Read2: loaded 291M reads 
[20:06:45] Read1: loaded 291M reads 
[20:06:45] Read2: loaded 292M reads 
[20:06:46] Read1: loaded 292M reads 
[20:06:46] Read2: loaded 293M reads 
[20:06:46] Read1: loaded 293M reads 
[20:06:47] Read2: loaded 294M reads 
[20:06:47] Read1: loaded 294M reads 
[20:06:47] Read2: loaded 295M reads 
[20:06:48] Read1: loaded 295M reads 
[20:06:48] Read2: loaded 296M reads 
[20:06:48] Read1: loaded 296M reads 
[20:06:49] Read2: loaded 297M reads 
[20:06:49] Read1: loaded 297M reads 
[20:06:49] Read2: loaded 298M reads 
[20:06:50] Read1: loaded 298M reads 
[20:06:50] Read2: loaded 299M reads 
[20:06:51] Read1: loaded 299M reads 
[20:06:51] Read2: loaded 300M reads 
[20:06:51] Read1: loaded 300M reads 
[20:06:51] Read2: loaded 301M reads 
[20:06:52] Read1: loaded 301M reads 
[20:06:52] Read2: loaded 302M reads 
[20:06:53] Read1: loaded 302M reads 
[20:06:53] Read2: loaded 303M reads 
[20:06:53] Read1: loaded 303M reads 
[20:06:53] Read2: loaded 304M reads 
[20:06:54] Read1: loaded 304M reads 
[20:06:54] Read2: loaded 305M reads 
[20:06:55] Read1: loaded 305M reads 
[20:06:55] Read2: loaded 306M reads 
[20:06:55] Read1: loaded 306M reads 
[20:06:55] Read2: loaded 307M reads 
[20:06:56] Read1: loaded 307M reads 
[20:06:56] Read2: loaded 308M reads 
[20:06:57] Read1: loaded 308M reads 
[20:06:57] Read2: loaded 309M reads 
[20:06:57] Read1: loaded 309M reads 
[20:06:57] Read2: loaded 310M reads 
[20:06:58] Read1: loaded 310M reads 
[20:06:58] Read2: loaded 311M reads 
[20:06:59] Read1: loaded 311M reads 
[20:06:59] Read2: loaded 312M reads 
[20:06:59] Read1: loaded 312M reads 
[20:06:59] Read2: loaded 313M reads 
[20:07:00] Read1: loaded 313M reads 
[20:07:00] Read2: loaded 314M reads 
[20:07:01] Read1: loaded 314M reads 
[20:07:01] Read2: loaded 315M reads 
[20:07:01] Read1: loaded 315M reads 
[20:07:01] Read2: loaded 316M reads 
[20:07:02] Read1: loaded 316M reads 
[20:07:02] Read2: loaded 317M reads 
[20:07:03] Read1: loaded 317M reads 
[20:07:03] Read2: loaded 318M reads 
[20:07:03] Read1: loaded 318M reads 
[20:07:03] Read2: loaded 319M reads 
[20:07:04] Read1: loaded 319M reads 
[20:07:04] Read2: loaded 320M reads 
[20:07:05] Read1: loaded 320M reads 
[20:07:05] Read2: loaded 321M reads 
[20:07:05] Read1: loaded 321M reads 
[20:07:05] Read2: loaded 322M reads 
[20:07:06] Read1: loaded 322M reads 
[20:07:06] Read2: loaded 323M reads 
[20:07:07] Read1: loaded 323M reads 
[20:07:07] Read2: loaded 324M reads 
[20:07:07] Read1: loaded 324M reads 
[20:07:07] Read2: loaded 325M reads 
[20:07:08] Read1: loaded 325M reads 
[20:07:08] Read2: loaded 326M reads 
[20:07:09] Read1: loaded 326M reads 
[20:07:09] Read2: loaded 327M reads 
[20:07:09] Read1: loaded 327M reads 
[20:07:09] Read2: loaded 328M reads 
[20:07:10] Read1: loaded 328M reads 
[20:07:10] Read2: loaded 329M reads 
[20:07:11] Read1: loaded 329M reads 
[20:07:11] Read2: loaded 330M reads 
[20:07:11] Read1: loaded 330M reads 
[20:07:11] Read2: loaded 331M reads 
[20:07:12] Read1: loaded 331M reads 
[20:07:12] Read2: loaded 332M reads 
[20:07:13] Read1: loaded 332M reads 
[20:07:13] Read2: loaded 333M reads 
[20:07:13] Read1: loaded 333M reads 
[20:07:13] Read2: loaded 334M reads 
[20:07:14] Read1: loaded 334M reads 
[20:07:14] Read2: loaded 335M reads 
[20:07:15] Read1: loaded 335M reads 
[20:07:15] Read2: loaded 336M reads 
[20:07:15] Read1: loaded 336M reads 
[20:07:15] Read2: loaded 337M reads 
[20:07:16] Read1: loaded 337M reads 
[20:07:16] Read2: loaded 338M reads 
[20:07:17] Read1: loaded 338M reads 
[20:07:17] Read2: loaded 339M reads 
[20:07:17] Read1: loaded 339M reads 
[20:07:18] Read2: loaded 340M reads 
[20:07:18] Read1: loaded 340M reads 
[20:07:18] Read2: loaded 341M reads 
[20:07:19] Read1: loaded 341M reads 
[20:07:19] Read2: loaded 342M reads 
[20:07:19] Read1: loaded 342M reads 
[20:07:20] Read2: loaded 343M reads 
[20:07:20] Read1: loaded 343M reads 
[20:07:20] Read2: loaded 344M reads 
[20:07:21] Read1: loaded 344M reads 
[20:07:21] Read2: loaded 345M reads 
[20:07:22] Read1: loaded 345M reads 
[20:07:22] Read2: loaded 346M reads 
[20:07:22] Read1: loaded 346M reads 
[20:07:22] Read2: loaded 347M reads 
[20:07:23] Read1: loaded 347M reads 
[20:07:23] Read2: loaded 348M reads 
[20:07:24] Read1: loaded 348M reads 
[20:07:24] Read2: loaded 349M reads 
[20:07:24] Read1: loaded 349M reads 
[20:07:24] Read2: loaded 350M reads 
[20:07:25] Read1: loaded 350M reads 
[20:07:25] Read2: loaded 351M reads 
[20:07:26] Read1: loaded 351M reads 
[20:07:26] Read2: loaded 352M reads 
[20:07:26] Read1: loaded 352M reads 
[20:07:26] Read2: loaded 353M reads 
[20:07:27] Read1: loaded 353M reads 
[20:07:27] Read2: loaded 354M reads 
[20:07:28] Read1: loaded 354M reads 
[20:07:28] Read2: loaded 355M reads 
[20:07:28] Read1: loaded 355M reads 
[20:07:28] Read2: loaded 356M reads 
[20:07:29] Read1: loaded 356M reads 
[20:07:29] Read2: loaded 357M reads 
[20:07:30] Read1: loaded 357M reads 
[20:07:30] Read2: loaded 358M reads 
[20:07:30] Read1: loaded 358M reads 
[20:07:30] Read2: loaded 359M reads 
[20:07:31] Read1: loaded 359M reads 
[20:07:31] Read2: loaded 360M reads 
[20:07:32] Read1: loaded 360M reads 
[20:07:32] Read2: loaded 361M reads 
[20:07:32] Read2: loading completed with 44102 packs 
[20:07:32] Read1: loaded 361M reads 
[20:07:33] Read1: loading completed with 44102 packs 
[20:07:33] [fastp 1.3.3-d0bromir] Stage: loading (240813 ms) 
[20:07:33] [fastp 1.3.3-d0bromir] Stage: filtering 
[20:07:33] thread 23 data processing completed 
[20:07:33] thread 23 finished 
[20:07:33] thread 15 data processing completed 
[20:07:33] thread 15 finished 
[20:07:33] thread 1 data processing completed 
[20:07:33] thread 1 finished 
[20:07:33] thread 16 data processing completed 
[20:07:33] thread 16 finished 
[20:07:33] thread 31 data processing completed 
[20:07:33] thread 31 finished 
[20:07:33] thread 6 data processing completed 
[20:07:33] thread 6 finished 
[20:07:33] thread 30 data processing completed 
[20:07:33] thread 30 finished 
[20:07:33] thread 9 data processing completed 
[20:07:33] thread 9 finished 
[20:07:33] thread 2 data processing completed 
[20:07:33] thread 2 finished 
[20:07:33] thread 29 data processing completed 
[20:07:33] thread 29 finished 
[20:07:33] thread 4 data processing completed 
[20:07:33] thread 4 finished 
[20:07:33] thread 12 data processing completed 
[20:07:33] thread 12 finished 
[20:07:33] thread 5 data processing completed 
[20:07:33] thread 5 finished 
[20:07:33] thread 10 data processing completed 
[20:07:33] thread 10 finished 
[20:07:33] thread 19 data processing completed 
[20:07:33] thread 19 finished 
[20:07:33] thread 20 data processing completed 
[20:07:33] thread 20 finished 
[20:07:33] thread 21 data processing completed 
[20:07:33] thread 21 finished 
[20:07:33] thread 17 data processing completed 
[20:07:33] thread 17 finished 
[20:07:33] thread 24 data processing completed 
[20:07:33] thread 24 finished 
[20:07:33] thread 11 data processing completed 
[20:07:33] thread 11 finished 
[20:07:33] thread 26 data processing completed 
[20:07:33] thread 26 finished 
[20:07:33] thread 7 data processing completed 
[20:07:33] thread 7 finished 
[20:07:33] thread 32 data processing completed 
[20:07:33] thread 32 finished 
[20:07:33] thread 22 data processing completed 
[20:07:33] thread 22 finished 
[20:07:33] thread 14 data processing completed 
[20:07:33] thread 14 finished 
[20:07:33] thread 13 data processing completed 
[20:07:33] thread 13 finished 
[20:07:33] thread 8 data processing completed 
[20:07:33] thread 8 finished 
[20:07:33] thread 3 data processing completed 
[20:07:33] thread 3 finished 
[20:07:33] thread 18 data processing completed 
[20:07:33] thread 18 finished 
[20:07:33] thread 28 data processing completed 
[20:07:33] thread 28 finished 
[20:07:33] thread 27 data processing completed 
[20:07:33] thread 27 finished 
[20:07:33] thread 25 data processing completed 
[20:07:33] thread 25 finished 
[20:07:33] [fastp 1.3.3-d0bromir] Stage: filtering (644 ms) 
[20:07:33] [fastp 1.3.3-d0bromir] Stage: writing 
[20:07:33] /dev/shm/fastp_bench_tz6ZOo_R2.fq.gz writer finished 
[20:07:33] /dev/shm/fastp_bench_fBpS6n_R1.fq.gz writer finished 
[20:07:33] [fastp 1.3.3-d0bromir] Stage: writing (31 ms) 
[20:07:33] [GPU] Device 0: batches=44102 reads=361281611 
[20:07:33] [GPU] Device 1: batches=44102 reads=361281611 
[20:07:33] start to generate reports
 
Read1 before filtering:
total reads: 361281611
total bases: 54192241650
Q20 bases: 54123398100(99.873%)
Q30 bases: 54123398100(99.873%)
Q40 bases: 0(0%)

Read2 before filtering:
total reads: 361281611
total bases: 54192241650
Q20 bases: 53855170050(99.378%)
Q30 bases: 53855170050(99.378%)
Q40 bases: 0(0%)

Read1 after filtering:
total reads: 358607374
total bases: 53574361382
Q20 bases: 53574361382(100%)
Q30 bases: 53574361382(100%)
Q40 bases: 0(0%)

Read2 after filtering:
total reads: 358607374
total bases: 53574361382
Q20 bases: 53574361382(100%)
Q30 bases: 53574361382(100%)
Q40 bases: 0(0%)

Filtering result:
reads passed filter: 717214748
reads failed due to low quality: 5328396
reads failed due to too many N: 20078
reads failed due to too short: 0
reads failed due to adapter dimer: 0
reads with adapter trimmed: 9627740
bases trimmed due to adapters: 442711160

Duplication rate: 5.60214%

Insert size peak (evaluated by paired-end reads): 269

JSON report: /dev/shm/fastp_bench_Z2RGJD.json
HTML report: /dev/null

/home/mpiuser/bioauto_rev/fastp_d0bromir/fastp -w 32 -j /dev/shm/fastp_bench_Z2RGJD.json -h /dev/null --verbose -i /home/mpiuser/FASTQ/WGS/DRR216653_1.fastq.gz -I /home/mpiuser/FASTQ/WGS/DRR216653_2.fastq.gz -o /dev/shm/fastp_bench_fBpS6n_R1.fq.gz -O /dev/shm/fastp_bench_tz6ZOo_R2.fq.gz 
fastp v1.3.3-d0bromir, time used: 245 seconds
================================================================
