=== Full Benchmark Log: Sun Oct  4 14:41:04 UTC 2026 ===


================================================================
 Application  : opengene (/home/mpiuser/bioauto_rev/fastp_d0bromir/../fastp_opengene/fastp)
 Dataset      : WGS SE 6.3G (ERR1044780_1)
 Files        : R1=/home/mpiuser/FASTQ/WGS/ERR1044780_1.fastq.gz
 Type         : SE
 Threads      : 32
 Wall time    : 184.392 s
 reads_in     : 80314764
 reads_out    : 77515798
 vs_opengene  : baseline
--- Resource usage ---
 CPU avg/peak : 775.1% / 1322.3%
 RSS peak     : 1316 MiB
 GPU util a/p : 1.2% / 44.0%
 GPU mem peak : 0 MiB
 Sample CSV   : /home/mpiuser/bioauto_rev/fastp_d0bromir/benchmark_results/20261004_144104/resources/resource_WGS_SE_6.3G_opengene_T32_1791124865.csv
--- Profiling output ---
Detecting adapter sequence for read1...
No adapter detected for read1

[14:41:17] start to load data 
[14:41:17] /dev/shm/fastp_bench_LuK4Nw_R1.fq.gz writer finished 
[14:41:19] loaded 1M reads 
[14:41:20] loaded 2M reads 
[14:41:21] loaded 3M reads 
[14:41:22] loaded 4M reads 
[14:41:24] loaded 5M reads 
[14:41:25] loaded 6M reads 
[14:41:26] loaded 7M reads 
[14:41:28] loaded 8M reads 
[14:41:29] loaded 9M reads 
[14:41:30] loaded 10M reads 
[14:41:32] loaded 11M reads 
[14:41:33] loaded 12M reads 
[14:41:34] loaded 13M reads 
[14:41:35] loaded 14M reads 
[14:41:37] loaded 15M reads 
[14:41:38] loaded 16M reads 
[14:41:39] loaded 17M reads 
[14:41:41] loaded 18M reads 
[14:41:42] loaded 19M reads 
[14:41:43] loaded 20M reads 
[14:41:44] loaded 21M reads 
[14:41:46] loaded 22M reads 
[14:41:47] loaded 23M reads 
[14:41:48] loaded 24M reads 
[14:41:49] loaded 25M reads 
[14:41:51] loaded 26M reads 
[14:41:52] loaded 27M reads 
[14:41:53] loaded 28M reads 
[14:41:55] loaded 29M reads 
[14:41:56] loaded 30M reads 
[14:41:57] loaded 31M reads 
[14:41:59] loaded 32M reads 
[14:42:00] loaded 33M reads 
[14:42:02] loaded 34M reads 
[14:42:05] loaded 35M reads 
[14:42:07] loaded 36M reads 
[14:42:10] loaded 37M reads 
[14:42:13] loaded 38M reads 
[14:42:16] loaded 39M reads 
[14:42:18] loaded 40M reads 
[14:42:21] loaded 41M reads 
[14:42:24] loaded 42M reads 
[14:42:27] loaded 43M reads 
[14:42:29] loaded 44M reads 
[14:42:32] loaded 45M reads 
[14:42:35] loaded 46M reads 
[14:42:38] loaded 47M reads 
[14:42:41] loaded 48M reads 
[14:42:43] loaded 49M reads 
[14:42:46] loaded 50M reads 
[14:42:49] loaded 51M reads 
[14:42:52] loaded 52M reads 
[14:42:55] loaded 53M reads 
[14:42:58] loaded 54M reads 
[14:43:00] loaded 55M reads 
[14:43:03] loaded 56M reads 
[14:43:06] loaded 57M reads 
[14:43:09] loaded 58M reads 
[14:43:11] loaded 59M reads 
[14:43:14] loaded 60M reads 
[14:43:17] loaded 61M reads 
[14:43:19] loaded 62M reads 
[14:43:22] loaded 63M reads 
[14:43:25] loaded 64M reads 
[14:43:28] loaded 65M reads 
[14:43:30] loaded 66M reads 
[14:43:33] loaded 67M reads 
[14:43:36] loaded 68M reads 
[14:43:39] loaded 69M reads 
[14:43:41] loaded 70M reads 
[14:43:44] loaded 71M reads 
[14:43:47] loaded 72M reads 
[14:43:49] loaded 73M reads 
[14:43:52] loaded 74M reads 
[14:43:55] loaded 75M reads 
[14:43:57] loaded 76M reads 
[14:44:00] loaded 77M reads 
[14:44:03] loaded 78M reads 
[14:44:05] loaded 79M reads 
[14:44:08] loaded 80M reads 
[14:44:09] Loading completed with 80315 packs 
[14:44:09] thread 5 data processing completed 
[14:44:09] thread 5 finished 
[14:44:09] thread 21 data processing completed 
[14:44:09] thread 21 finished 
[14:44:09] thread 9 data processing completed 
[14:44:09] thread 9 finished 
[14:44:09] thread 2 data processing completed 
[14:44:09] thread 2 finished 
[14:44:09] thread 14 data processing completed 
[14:44:09] thread 14 finished 
[14:44:09] thread 6 data processing completed 
[14:44:09] thread 6 finished 
[14:44:09] thread 29 data processing completed 
[14:44:09] thread 29 finished 
[14:44:09] thread 16 data processing completed 
[14:44:09] thread 16 finished 
[14:44:09] thread 30 data processing completed 
[14:44:09] thread 30 finished 
[14:44:09] thread 20 data processing completed 
[14:44:09] thread 20 finished 
[14:44:09] thread 11 data processing completed 
[14:44:09] thread 11 finished 
[14:44:09] thread 22 data processing completed 
[14:44:09] thread 15 data processing completed 
[14:44:09] thread 4 data processing completed 
[14:44:09] thread 19 data processing completed 
[14:44:09] thread 19 finished 
[14:44:09] thread 3 data processing completed 
[14:44:09] thread 3 finished 
[14:44:09] thread 23 data processing completed 
[14:44:09] thread 23 finished 
[14:44:09] thread 7 data processing completed 
[14:44:09] thread 7 finished 
[14:44:09] thread 8 data processing completed 
[14:44:09] thread 8 finished 
[14:44:09] thread 22 finished 
[14:44:09] thread 13 data processing completed 
[14:44:09] thread 13 finished 
[14:44:09] thread 12 data processing completed 
[14:44:09] thread 12 finished 
[14:44:09] thread 10 data processing completed 
[14:44:09] thread 10 finished 
[14:44:09] thread 28 data processing completed 
[14:44:09] thread 28 finished 
[14:44:09] thread 1 data processing completed 
[14:44:09] thread 1 finished 
[14:44:09] thread 17 data processing completed 
[14:44:09] thread 17 finished 
[14:44:09] thread 31 data processing completed 
[14:44:09] thread 31 finished 
[14:44:09] thread 4 finished 
[14:44:09] thread 32 data processing completed 
[14:44:09] thread 32 finished 
[14:44:09] thread 15 finished 
[14:44:09] thread 18 data processing completed 
[14:44:09] thread 18 finished 
[14:44:09] thread 24 data processing completed 
[14:44:09] thread 24 finished 
[14:44:09] thread 25 data processing completed 
[14:44:09] thread 25 finished 
[14:44:09] thread 26 data processing completed 
[14:44:09] thread 26 finished 
[14:44:09] thread 27 data processing completed 
[14:44:09] thread 27 finished 
[14:44:09] start to generate reports
 
Read1 before filtering:
total reads: 80314764
total bases: 8031476400
Q20 bases: 7618398149(94.8568%)
Q30 bases: 7189780467(89.52%)
Q40 bases: 1372019(0.017083%)

Read1 after filtering:
total reads: 77515798
total bases: 7751579800
Q20 bases: 7501957244(96.7797%)
Q30 bases: 7095114113(91.5312%)
Q40 bases: 1364356(0.017601%)

Filtering result:
reads passed filter: 77515798
reads failed due to low quality: 2793133
reads failed due to too many N: 5833
reads failed due to too short: 0
reads failed due to adapter dimer: 0
reads with adapter trimmed: 0
bases trimmed due to adapters: 0

Duplication rate (may be overestimated since this is SE data): 3.81534%

JSON report: /dev/shm/fastp_bench_K7yIvt.json
HTML report: /dev/null

/home/mpiuser/bioauto_rev/fastp_d0bromir/../fastp_opengene/fastp -w 32 -j /dev/shm/fastp_bench_K7yIvt.json -h /dev/null --verbose -i /home/mpiuser/FASTQ/WGS/ERR1044780_1.fastq.gz -o /dev/shm/fastp_bench_LuK4Nw_R1.fq.gz 
fastp v1.3.3, time used: 184 seconds
================================================================

================================================================
 Application  : d0bromir_cpu (/home/mpiuser/bioauto_rev/fastp_d0bromir/fastp-cpu)
 Dataset      : WGS SE 6.3G (ERR1044780_1)
 Files        : R1=/home/mpiuser/FASTQ/WGS/ERR1044780_1.fastq.gz
 Type         : SE
 Threads      : 32
 Wall time    : 79.034 s
 reads_in     : 80314764
 reads_out    : 77515798
 vs_opengene  : -57.1%
--- Resource usage ---
 CPU avg/peak : 889.8% / 1520.2%
 RSS peak     : 1646 MiB
 GPU util a/p : 0.0% / 0.0%
 GPU mem peak : 0 MiB
 Sample CSV   : /home/mpiuser/bioauto_rev/fastp_d0bromir/benchmark_results/20261004_144104/resources/resource_WGS_SE_6.3G_d0bromir_cpu_T32_1791125050.csv
--- Profiling output ---
[14:44:10] fastp 1.3.3-d0bromir starting 
Detecting adapter sequence for read1...
No adapter detected for read1

[14:44:22] [fastp 1.3.3-d0bromir] Stage: loading 
[14:44:22] start to load data 
[14:44:23] loaded 1M reads 
[14:44:24] loaded 2M reads 
[14:44:25] loaded 3M reads 
[14:44:26] loaded 4M reads 
[14:44:27] loaded 5M reads 
[14:44:28] loaded 6M reads 
[14:44:28] loaded 7M reads 
[14:44:29] loaded 8M reads 
[14:44:30] loaded 9M reads 
[14:44:31] loaded 10M reads 
[14:44:32] loaded 11M reads 
[14:44:33] loaded 12M reads 
[14:44:33] loaded 13M reads 
[14:44:34] loaded 14M reads 
[14:44:35] loaded 15M reads 
[14:44:36] loaded 16M reads 
[14:44:37] loaded 17M reads 
[14:44:38] loaded 18M reads 
[14:44:38] loaded 19M reads 
[14:44:39] loaded 20M reads 
[14:44:40] loaded 21M reads 
[14:44:41] loaded 22M reads 
[14:44:42] loaded 23M reads 
[14:44:43] loaded 24M reads 
[14:44:44] loaded 25M reads 
[14:44:44] loaded 26M reads 
[14:44:45] loaded 27M reads 
[14:44:46] loaded 28M reads 
[14:44:47] loaded 29M reads 
[14:44:48] loaded 30M reads 
[14:44:49] loaded 31M reads 
[14:44:49] loaded 32M reads 
[14:44:50] loaded 33M reads 
[14:44:51] loaded 34M reads 
[14:44:52] loaded 35M reads 
[14:44:53] loaded 36M reads 
[14:44:54] loaded 37M reads 
[14:44:54] loaded 38M reads 
[14:44:55] loaded 39M reads 
[14:44:56] loaded 40M reads 
[14:44:57] loaded 41M reads 
[14:44:58] loaded 42M reads 
[14:44:59] loaded 43M reads 
[14:44:59] loaded 44M reads 
[14:45:00] loaded 45M reads 
[14:45:01] loaded 46M reads 
[14:45:02] loaded 47M reads 
[14:45:03] loaded 48M reads 
[14:45:03] loaded 49M reads 
[14:45:04] loaded 50M reads 
[14:45:05] loaded 51M reads 
[14:45:06] loaded 52M reads 
[14:45:07] loaded 53M reads 
[14:45:08] loaded 54M reads 
[14:45:08] loaded 55M reads 
[14:45:09] loaded 56M reads 
[14:45:10] loaded 57M reads 
[14:45:11] loaded 58M reads 
[14:45:12] loaded 59M reads 
[14:45:12] loaded 60M reads 
[14:45:13] loaded 61M reads 
[14:45:14] loaded 62M reads 
[14:45:15] loaded 63M reads 
[14:45:16] loaded 64M reads 
[14:45:17] loaded 65M reads 
[14:45:17] loaded 66M reads 
[14:45:18] loaded 67M reads 
[14:45:19] loaded 68M reads 
[14:45:20] loaded 69M reads 
[14:45:21] loaded 70M reads 
[14:45:21] loaded 71M reads 
[14:45:22] loaded 72M reads 
[14:45:23] loaded 73M reads 
[14:45:24] loaded 74M reads 
[14:45:25] loaded 75M reads 
[14:45:25] loaded 76M reads 
[14:45:26] loaded 77M reads 
[14:45:27] loaded 78M reads 
[14:45:28] loaded 79M reads 
[14:45:29] loaded 80M reads 
[14:45:29] Loading completed with 9805 packs 
[14:45:29] thread 29 data processing completed 
[14:45:29] thread 12 data processing completed 
[14:45:29] thread 12 finished 
[14:45:29] thread 18 data processing completed 
[14:45:29] [fastp 1.3.3-d0bromir] Stage: loading (66542 ms) 
[14:45:29] [fastp 1.3.3-d0bromir] Stage: filtering 
[14:45:29] thread 3 data processing completed 
[14:45:29] thread 3 finished 
[14:45:29] thread 19 data processing completed 
[14:45:29] thread 19 finished 
[14:45:29] thread 21 data processing completed 
[14:45:29] thread 21 finished 
[14:45:29] thread 16 data processing completed 
[14:45:29] thread 16 finished 
[14:45:29] thread 26 data processing completed 
[14:45:29] thread 26 finished 
[14:45:29] thread 30 data processing completed 
[14:45:29] thread 30 finished 
[14:45:29] thread 4 data processing completed 
[14:45:29] thread 4 finished 
[14:45:29] thread 24 data processing completed 
[14:45:29] thread 24 finished 
[14:45:29] thread 13 data processing completed 
[14:45:29] thread 13 finished 
[14:45:29] thread 8 data processing completed 
[14:45:29] thread 8 finished 
[14:45:29] thread 10 data processing completed 
[14:45:29] thread 10 finished 
[14:45:29] thread 22 data processing completed 
[14:45:29] thread 22 finished 
[14:45:29] thread 9 data processing completed 
[14:45:29] thread 9 finished 
[14:45:29] thread 23 data processing completed 
[14:45:29] thread 23 finished 
[14:45:29] thread 1 data processing completed 
[14:45:29] thread 1 finished 
[14:45:29] thread 18 finished 
[14:45:29] thread 28 data processing completed 
[14:45:29] thread 28 finished 
[14:45:29] thread 2 data processing completed 
[14:45:29] thread 2 finished 
[14:45:29] thread 31 data processing completed 
[14:45:29] thread 31 finished 
[14:45:29] thread 14 data processing completed 
[14:45:29] thread 14 finished 
[14:45:29] thread 11 data processing completed 
[14:45:29] thread 11 finished 
[14:45:29] thread 29 finished 
[14:45:29] thread 7 data processing completed 
[14:45:29] thread 7 finished 
[14:45:29] thread 6 data processing completed 
[14:45:29] thread 6 finished 
[14:45:29] thread 25 data processing completed 
[14:45:29] thread 25 finished 
[14:45:29] thread 15 data processing completed 
[14:45:29] thread 15 finished 
[14:45:29] thread 32 data processing completed 
[14:45:29] thread 32 finished 
[14:45:29] thread 5 data processing completed 
[14:45:29] thread 5 finished 
[14:45:29] thread 27 data processing completed 
[14:45:29] thread 27 finished 
[14:45:29] thread 20 data processing completed 
[14:45:29] thread 20 finished 
[14:45:29] thread 17 data processing completed 
[14:45:29] thread 17 finished 
[14:45:29] [fastp 1.3.3-d0bromir] Stage: filtering (20 ms) 
[14:45:29] [fastp 1.3.3-d0bromir] Stage: writing 
[14:45:29] /dev/shm/fastp_bench_DDEpTf_R1.fq.gz writer finished 
[14:45:29] [fastp 1.3.3-d0bromir] Stage: writing (31 ms) 
[14:45:29] start to generate reports
 
Read1 before filtering:
total reads: 80314764
total bases: 8031476400
Q20 bases: 7618398149(94.8568%)
Q30 bases: 7189780467(89.52%)
Q40 bases: 1372019(0.017083%)

Read1 after filtering:
total reads: 77515798
total bases: 7751579800
Q20 bases: 7501957244(96.7797%)
Q30 bases: 7095114113(91.5312%)
Q40 bases: 1364356(0.017601%)

Filtering result:
reads passed filter: 77515798
reads failed due to low quality: 2793133
reads failed due to too many N: 5833
reads failed due to too short: 0
reads failed due to adapter dimer: 0
reads with adapter trimmed: 0
bases trimmed due to adapters: 0

Duplication rate (may be overestimated since this is SE data): 3.81535%

JSON report: /dev/shm/fastp_bench_OrVIg9.json
HTML report: /dev/null

/home/mpiuser/bioauto_rev/fastp_d0bromir/fastp-cpu -w 32 -j /dev/shm/fastp_bench_OrVIg9.json -h /dev/null --verbose -i /home/mpiuser/FASTQ/WGS/ERR1044780_1.fastq.gz -o /dev/shm/fastp_bench_DDEpTf_R1.fq.gz 
fastp v1.3.3-d0bromir, time used: 79 seconds
================================================================

================================================================
 Application  : d0bromir_gpu (/home/mpiuser/bioauto_rev/fastp_d0bromir/fastp)
 Dataset      : WGS SE 6.3G (ERR1044780_1)
 Files        : R1=/home/mpiuser/FASTQ/WGS/ERR1044780_1.fastq.gz
 Type         : SE
 Threads      : 32
 Wall time    : 79.398 s
 reads_in     : 80314764
 reads_out    : 77515798
 vs_opengene  : -56.9%
--- Resource usage ---
 CPU avg/peak : 855.0% / 1567.4%
 RSS peak     : 2379 MiB
 GPU util a/p : 4.4% / 6.0%
 GPU mem peak : 1360 MiB
 Sample CSV   : /home/mpiuser/bioauto_rev/fastp_d0bromir/benchmark_results/20261004_144104/resources/resource_WGS_SE_6.3G_d0bromir_gpu_T32_1791125131.csv
--- Profiling output ---
[14:45:31] fastp 1.3.3-d0bromir starting 
Detecting adapter sequence for read1...
No adapter detected for read1

[14:45:43] [GPU] CUDA GPU available (Device 0) - statistics GPU-accelerated (slots=8) 
[14:45:43] [fastp 1.3.3-d0bromir] Stage: loading 
[14:45:43] start to load data 
[14:45:43] [GPU] CUDA GPU available (Device 1) - statistics GPU-accelerated (slots=8) 
[14:45:43] [GPU] Dual-GPU mode: Device 0 + Device 1 active 
[14:45:44] loaded 1M reads 
[14:45:45] loaded 2M reads 
[14:45:45] loaded 3M reads 
[14:45:46] loaded 4M reads 
[14:45:47] loaded 5M reads 
[14:45:48] loaded 6M reads 
[14:45:49] loaded 7M reads 
[14:45:50] loaded 8M reads 
[14:45:50] loaded 9M reads 
[14:45:51] loaded 10M reads 
[14:45:52] loaded 11M reads 
[14:45:53] loaded 12M reads 
[14:45:54] loaded 13M reads 
[14:45:55] loaded 14M reads 
[14:45:56] loaded 15M reads 
[14:45:56] loaded 16M reads 
[14:45:57] loaded 17M reads 
[14:45:58] loaded 18M reads 
[14:45:59] loaded 19M reads 
[14:46:00] loaded 20M reads 
[14:46:01] loaded 21M reads 
[14:46:01] loaded 22M reads 
[14:46:02] loaded 23M reads 
[14:46:03] loaded 24M reads 
[14:46:04] loaded 25M reads 
[14:46:05] loaded 26M reads 
[14:46:06] loaded 27M reads 
[14:46:06] loaded 28M reads 
[14:46:07] loaded 29M reads 
[14:46:08] loaded 30M reads 
[14:46:09] loaded 31M reads 
[14:46:10] loaded 32M reads 
[14:46:11] loaded 33M reads 
[14:46:11] loaded 34M reads 
[14:46:12] loaded 35M reads 
[14:46:13] loaded 36M reads 
[14:46:14] loaded 37M reads 
[14:46:15] loaded 38M reads 
[14:46:16] loaded 39M reads 
[14:46:17] loaded 40M reads 
[14:46:17] loaded 41M reads 
[14:46:18] loaded 42M reads 
[14:46:19] loaded 43M reads 
[14:46:20] loaded 44M reads 
[14:46:21] loaded 45M reads 
[14:46:21] loaded 46M reads 
[14:46:22] loaded 47M reads 
[14:46:23] loaded 48M reads 
[14:46:24] loaded 49M reads 
[14:46:25] loaded 50M reads 
[14:46:25] loaded 51M reads 
[14:46:26] loaded 52M reads 
[14:46:27] loaded 53M reads 
[14:46:28] loaded 54M reads 
[14:46:29] loaded 55M reads 
[14:46:30] loaded 56M reads 
[14:46:30] loaded 57M reads 
[14:46:31] loaded 58M reads 
[14:46:32] loaded 59M reads 
[14:46:33] loaded 60M reads 
[14:46:34] loaded 61M reads 
[14:46:34] loaded 62M reads 
[14:46:35] loaded 63M reads 
[14:46:36] loaded 64M reads 
[14:46:37] loaded 65M reads 
[14:46:38] loaded 66M reads 
[14:46:39] loaded 67M reads 
[14:46:39] loaded 68M reads 
[14:46:40] loaded 69M reads 
[14:46:41] loaded 70M reads 
[14:46:42] loaded 71M reads 
[14:46:43] loaded 72M reads 
[14:46:43] loaded 73M reads 
[14:46:44] loaded 74M reads 
[14:46:45] loaded 75M reads 
[14:46:46] loaded 76M reads 
[14:46:47] loaded 77M reads 
[14:46:48] loaded 78M reads 
[14:46:48] loaded 79M reads 
[14:46:49] loaded 80M reads 
[14:46:49] Loading completed with 9805 packs 
[14:46:49] thread 7 data processing completed 
[14:46:49] thread 7 finished 
[14:46:49] thread 5 data processing completed 
[14:46:49] thread 5 finished 
[14:46:49] thread 18 data processing completed 
[14:46:49] [fastp 1.3.3-d0bromir] Stage: loading (66649 ms) 
[14:46:49] [fastp 1.3.3-d0bromir] Stage: filtering 
[14:46:49] thread 26 data processing completed 
[14:46:49] thread 26 finished 
[14:46:49] thread 1 data processing completed 
[14:46:49] thread 1 finished 
[14:46:49] thread 12 data processing completed 
[14:46:49] thread 12 finished 
[14:46:49] thread 16 data processing completed 
[14:46:49] thread 16 finished 
[14:46:49] thread 4 data processing completed 
[14:46:49] thread 4 finished 
[14:46:49] thread 30 data processing completed 
[14:46:49] thread 30 finished 
[14:46:49] thread 25 data processing completed 
[14:46:49] thread 25 finished 
[14:46:49] thread 9 data processing completed 
[14:46:49] thread 9 finished 
[14:46:49] thread 31 data processing completed 
[14:46:49] thread 31 finished 
[14:46:49] thread 21 data processing completed 
[14:46:49] thread 21 finished 
[14:46:49] thread 22 data processing completed 
[14:46:49] thread 22 finished 
[14:46:49] thread 15 data processing completed 
[14:46:49] thread 17 data processing completed 
[14:46:49] thread 24 data processing completed 
[14:46:49] thread 19 data processing completed 
[14:46:49] thread 19 finished 
[14:46:49] thread 8 data processing completed 
[14:46:49] thread 8 finished 
[14:46:49] thread 18 finished 
[14:46:49] thread 32 data processing completed 
[14:46:49] thread 32 finished 
[14:46:49] thread 13 data processing completed 
[14:46:49] thread 13 finished 
[14:46:49] thread 6 data processing completed 
[14:46:49] thread 6 finished 
[14:46:49] thread 23 data processing completed 
[14:46:49] thread 23 finished 
[14:46:49] thread 15 finished 
[14:46:49] thread 17 finished 
[14:46:49] thread 24 finished 
[14:46:49] thread 29 data processing completed 
[14:46:49] thread 29 finished 
[14:46:49] thread 14 data processing completed 
[14:46:49] thread 14 finished 
[14:46:49] thread 27 data processing completed 
[14:46:49] thread 27 finished 
[14:46:49] thread 11 data processing completed 
[14:46:49] thread 11 finished 
[14:46:49] thread 10 data processing completed 
[14:46:49] thread 10 finished 
[14:46:49] thread 20 data processing completed 
[14:46:49] thread 20 finished 
[14:46:49] thread 2 data processing completed 
[14:46:49] thread 2 finished 
[14:46:49] thread 3 data processing completed 
[14:46:49] thread 3 finished 
[14:46:49] thread 28 data processing completed 
[14:46:49] thread 28 finished 
[14:46:49] [fastp 1.3.3-d0bromir] Stage: filtering (16 ms) 
[14:46:49] [fastp 1.3.3-d0bromir] Stage: writing 
[14:46:49] /dev/shm/fastp_bench_fvc8IG_R1.fq.gz writer finished 
[14:46:49] [fastp 1.3.3-d0bromir] Stage: writing (31 ms) 
[14:46:49] [GPU] Device 0: batches=4903 reads=40157580 
[14:46:49] [GPU] Device 1: batches=4902 reads=40157184 
[14:46:49] start to generate reports
 
Read1 before filtering:
total reads: 80314764
total bases: 8031476400
Q20 bases: 7618398149(94.8568%)
Q30 bases: 7189780467(89.52%)
Q40 bases: 1372019(0.017083%)

Read1 after filtering:
total reads: 77515798
total bases: 7751579800
Q20 bases: 7501957244(96.7797%)
Q30 bases: 7095114113(91.5312%)
Q40 bases: 1364356(0.017601%)

Filtering result:
reads passed filter: 77515798
reads failed due to low quality: 2793133
reads failed due to too many N: 5833
reads failed due to too short: 0
reads failed due to adapter dimer: 0
reads with adapter trimmed: 0
bases trimmed due to adapters: 0

Duplication rate (may be overestimated since this is SE data): 3.81535%

JSON report: /dev/shm/fastp_bench_xkDY0Y.json
HTML report: /dev/null

/home/mpiuser/bioauto_rev/fastp_d0bromir/fastp -w 32 -j /dev/shm/fastp_bench_xkDY0Y.json -h /dev/null --verbose -i /home/mpiuser/FASTQ/WGS/ERR1044780_1.fastq.gz -o /dev/shm/fastp_bench_fvc8IG_R1.fq.gz 
fastp v1.3.3-d0bromir, time used: 79 seconds
================================================================
