=== Full Benchmark Log: Sun Oct  4 15:01:56 UTC 2026 ===


================================================================
 Application  : opengene (/home/mpiuser/bioauto_rev/fastp_d0bromir/../fastp_opengene/fastp)
 Dataset      : WGS PE 40G (DRR216653 R1+R2)
 Files        : R1=/home/mpiuser/FASTQ/WGS/DRR216653_1.fastq.gz
               R2=/home/mpiuser/FASTQ/WGS/DRR216653_2.fastq.gz
 Type         : PE
 Threads      : 32
 Wall time    : 690.921 s
 reads_in     : 722563222
 reads_out    : 717214748
 vs_opengene  : baseline
--- Resource usage ---
 CPU avg/peak : 1778.1% / 2538.3%
 RSS peak     : 1976 MiB
 GPU util a/p : 4.7% / 44.0%
 GPU mem peak : 0 MiB
 Sample CSV   : /home/mpiuser/bioauto_rev/fastp_d0bromir/benchmark_results/20261004_150156/resources/resource_WGS_PE_40G_opengene_T32_1791126116.csv
--- Profiling output ---
[15:01:57] start to load data of read2 
[15:01:57] start to load data of read1 
[15:01:57] /dev/shm/fastp_bench_lqAawv_R1.fq.gz writer finished 
[15:01:57] /dev/shm/fastp_bench_Si6kiL_R2.fq.gz writer finished 
[15:01:58] Read2: loaded 1M reads 
[15:01:58] Read1: loaded 1M reads 
[15:01:59] Read1: loaded 2M reads 
[15:01:59] Read2: loaded 2M reads 
[15:02:00] Read1: loaded 3M reads 
[15:02:00] Read2: loaded 3M reads 
[15:02:01] Read2: loaded 4M reads 
[15:02:01] Read1: loaded 4M reads 
[15:02:03] Read2: loaded 5M reads 
[15:02:03] Read1: loaded 5M reads 
[15:02:04] Read1: loaded 6M reads 
[15:02:04] Read2: loaded 6M reads 
[15:02:05] Read1: loaded 7M reads 
[15:02:05] Read2: loaded 7M reads 
[15:02:06] Read2: loaded 8M reads 
[15:02:06] Read1: loaded 8M reads 
[15:02:07] Read2: loaded 9M reads 
[15:02:07] Read1: loaded 9M reads 
[15:02:08] Read2: loaded 10M reads 
[15:02:08] Read1: loaded 10M reads 
[15:02:09] Read2: loaded 11M reads 
[15:02:09] Read1: loaded 11M reads 
[15:02:11] Read1: loaded 12M reads 
[15:02:11] Read2: loaded 12M reads 
[15:02:12] Read1: loaded 13M reads 
[15:02:12] Read2: loaded 13M reads 
[15:02:13] Read1: loaded 14M reads 
[15:02:13] Read2: loaded 14M reads 
[15:02:14] Read1: loaded 15M reads 
[15:02:14] Read2: loaded 15M reads 
[15:02:15] Read2: loaded 16M reads 
[15:02:15] Read1: loaded 16M reads 
[15:02:16] Read1: loaded 17M reads 
[15:02:16] Read2: loaded 17M reads 
[15:02:17] Read1: loaded 18M reads 
[15:02:17] Read2: loaded 18M reads 
[15:02:18] Read1: loaded 19M reads 
[15:02:18] Read2: loaded 19M reads 
[15:02:20] Read1: loaded 20M reads 
[15:02:20] Read2: loaded 20M reads 
[15:02:21] Read1: loaded 21M reads 
[15:02:21] Read2: loaded 21M reads 
[15:02:22] Read2: loaded 22M reads 
[15:02:22] Read1: loaded 22M reads 
[15:02:23] Read2: loaded 23M reads 
[15:02:23] Read1: loaded 23M reads 
[15:02:24] Read2: loaded 24M reads 
[15:02:24] Read1: loaded 24M reads 
[15:02:25] Read1: loaded 25M reads 
[15:02:25] Read2: loaded 25M reads 
[15:02:27] Read1: loaded 26M reads 
[15:02:27] Read2: loaded 26M reads 
[15:02:28] Read2: loaded 27M reads 
[15:02:28] Read1: loaded 27M reads 
[15:02:29] Read2: loaded 28M reads 
[15:02:29] Read1: loaded 28M reads 
[15:02:30] Read2: loaded 29M reads 
[15:02:30] Read1: loaded 29M reads 
[15:02:32] Read1: loaded 30M reads 
[15:02:32] Read2: loaded 30M reads 
[15:02:33] Read1: loaded 31M reads 
[15:02:33] Read2: loaded 31M reads 
[15:02:34] Read1: loaded 32M reads 
[15:02:34] Read2: loaded 32M reads 
[15:02:35] Read2: loaded 33M reads 
[15:02:35] Read1: loaded 33M reads 
[15:02:36] Read1: loaded 34M reads 
[15:02:36] Read2: loaded 34M reads 
[15:02:37] Read1: loaded 35M reads 
[15:02:37] Read2: loaded 35M reads 
[15:02:38] Read1: loaded 36M reads 
[15:02:38] Read2: loaded 36M reads 
[15:02:40] Read1: loaded 37M reads 
[15:02:40] Read2: loaded 37M reads 
[15:02:41] Read2: loaded 38M reads 
[15:02:41] Read1: loaded 38M reads 
[15:02:42] Read1: loaded 39M reads 
[15:02:42] Read2: loaded 39M reads 
[15:02:43] Read1: loaded 40M reads 
[15:02:43] Read2: loaded 40M reads 
[15:02:44] Read1: loaded 41M reads 
[15:02:44] Read2: loaded 41M reads 
[15:02:45] Read1: loaded 42M reads 
[15:02:45] Read2: loaded 42M reads 
[15:02:46] Read2: loaded 43M reads 
[15:02:46] Read1: loaded 43M reads 
[15:02:48] Read1: loaded 44M reads 
[15:02:48] Read2: loaded 44M reads 
[15:02:49] Read1: loaded 45M reads 
[15:02:49] Read2: loaded 45M reads 
[15:02:50] Read1: loaded 46M reads 
[15:02:50] Read2: loaded 46M reads 
[15:02:51] Read1: loaded 47M reads 
[15:02:51] Read2: loaded 47M reads 
[15:02:52] Read1: loaded 48M reads 
[15:02:52] Read2: loaded 48M reads 
[15:02:53] Read1: loaded 49M reads 
[15:02:53] Read2: loaded 49M reads 
[15:02:55] Read1: loaded 50M reads 
[15:02:55] Read2: loaded 50M reads 
[15:02:56] Read1: loaded 51M reads 
[15:02:56] Read2: loaded 51M reads 
[15:02:57] Read1: loaded 52M reads 
[15:02:57] Read2: loaded 52M reads 
[15:02:58] Read1: loaded 53M reads 
[15:02:58] Read2: loaded 53M reads 
[15:02:59] Read1: loaded 54M reads 
[15:02:59] Read2: loaded 54M reads 
[15:03:00] Read1: loaded 55M reads 
[15:03:00] Read2: loaded 55M reads 
[15:03:01] Read2: loaded 56M reads 
[15:03:01] Read1: loaded 56M reads 
[15:03:03] Read2: loaded 57M reads 
[15:03:03] Read1: loaded 57M reads 
[15:03:04] Read2: loaded 58M reads 
[15:03:04] Read1: loaded 58M reads 
[15:03:05] Read2: loaded 59M reads 
[15:03:05] Read1: loaded 59M reads 
[15:03:06] Read2: loaded 60M reads 
[15:03:06] Read1: loaded 60M reads 
[15:03:07] Read1: loaded 61M reads 
[15:03:07] Read2: loaded 61M reads 
[15:03:08] Read1: loaded 62M reads 
[15:03:08] Read2: loaded 62M reads 
[15:03:10] Read1: loaded 63M reads 
[15:03:10] Read2: loaded 63M reads 
[15:03:11] Read1: loaded 64M reads 
[15:03:11] Read2: loaded 64M reads 
[15:03:12] Read1: loaded 65M reads 
[15:03:12] Read2: loaded 65M reads 
[15:03:13] Read1: loaded 66M reads 
[15:03:13] Read2: loaded 66M reads 
[15:03:14] Read1: loaded 67M reads 
[15:03:14] Read2: loaded 67M reads 
[15:03:15] Read1: loaded 68M reads 
[15:03:15] Read2: loaded 68M reads 
[15:03:17] Read1: loaded 69M reads 
[15:03:17] Read2: loaded 69M reads 
[15:03:18] Read1: loaded 70M reads 
[15:03:18] Read2: loaded 70M reads 
[15:03:19] Read1: loaded 71M reads 
[15:03:19] Read2: loaded 71M reads 
[15:03:20] Read2: loaded 72M reads 
[15:03:20] Read1: loaded 72M reads 
[15:03:21] Read2: loaded 73M reads 
[15:03:21] Read1: loaded 73M reads 
[15:03:22] Read2: loaded 74M reads 
[15:03:22] Read1: loaded 74M reads 
[15:03:23] Read1: loaded 75M reads 
[15:03:23] Read2: loaded 75M reads 
[15:03:25] Read1: loaded 76M reads 
[15:03:25] Read2: loaded 76M reads 
[15:03:26] Read1: loaded 77M reads 
[15:03:26] Read2: loaded 77M reads 
[15:03:27] Read1: loaded 78M reads 
[15:03:27] Read2: loaded 78M reads 
[15:03:28] Read1: loaded 79M reads 
[15:03:28] Read2: loaded 79M reads 
[15:03:29] Read1: loaded 80M reads 
[15:03:29] Read2: loaded 80M reads 
[15:03:30] Read1: loaded 81M reads 
[15:03:30] Read2: loaded 81M reads 
[15:03:31] Read2: loaded 82M reads 
[15:03:31] Read1: loaded 82M reads 
[15:03:33] Read1: loaded 83M reads 
[15:03:33] Read2: loaded 83M reads 
[15:03:34] Read1: loaded 84M reads 
[15:03:34] Read2: loaded 84M reads 
[15:03:35] Read1: loaded 85M reads 
[15:03:35] Read2: loaded 85M reads 
[15:03:36] Read1: loaded 86M reads 
[15:03:36] Read2: loaded 86M reads 
[15:03:37] Read1: loaded 87M reads 
[15:03:37] Read2: loaded 87M reads 
[15:03:38] Read2: loaded 88M reads 
[15:03:38] Read1: loaded 88M reads 
[15:03:39] Read1: loaded 89M reads 
[15:03:39] Read2: loaded 89M reads 
[15:03:41] Read1: loaded 90M reads 
[15:03:41] Read2: loaded 90M reads 
[15:03:42] Read1: loaded 91M reads 
[15:03:42] Read2: loaded 91M reads 
[15:03:43] Read1: loaded 92M reads 
[15:03:43] Read2: loaded 92M reads 
[15:03:44] Read2: loaded 93M reads 
[15:03:44] Read1: loaded 93M reads 
[15:03:45] Read2: loaded 94M reads 
[15:03:45] Read1: loaded 94M reads 
[15:03:46] Read1: loaded 95M reads 
[15:03:46] Read2: loaded 95M reads 
[15:03:48] Read2: loaded 96M reads 
[15:03:48] Read1: loaded 96M reads 
[15:03:49] Read1: loaded 97M reads 
[15:03:49] Read2: loaded 97M reads 
[15:03:50] Read2: loaded 98M reads 
[15:03:50] Read1: loaded 98M reads 
[15:03:51] Read2: loaded 99M reads 
[15:03:51] Read1: loaded 99M reads 
[15:03:52] Read2: loaded 100M reads 
[15:03:52] Read1: loaded 100M reads 
[15:03:53] Read2: loaded 101M reads 
[15:03:53] Read1: loaded 101M reads 
[15:03:54] Read2: loaded 102M reads 
[15:03:54] Read1: loaded 102M reads 
[15:03:56] Read1: loaded 103M reads 
[15:03:56] Read2: loaded 103M reads 
[15:03:57] Read1: loaded 104M reads 
[15:03:57] Read2: loaded 104M reads 
[15:03:58] Read1: loaded 105M reads 
[15:03:58] Read2: loaded 105M reads 
[15:03:59] Read2: loaded 106M reads 
[15:03:59] Read1: loaded 106M reads 
[15:04:00] Read1: loaded 107M reads 
[15:04:00] Read2: loaded 107M reads 
[15:04:02] Read1: loaded 108M reads 
[15:04:02] Read2: loaded 108M reads 
[15:04:03] Read1: loaded 109M reads 
[15:04:03] Read2: loaded 109M reads 
[15:04:04] Read1: loaded 110M reads 
[15:04:04] Read2: loaded 110M reads 
[15:04:05] Read2: loaded 111M reads 
[15:04:05] Read1: loaded 111M reads 
[15:04:06] Read2: loaded 112M reads 
[15:04:06] Read1: loaded 112M reads 
[15:04:07] Read1: loaded 113M reads 
[15:04:07] Read2: loaded 113M reads 
[15:04:09] Read1: loaded 114M reads 
[15:04:09] Read2: loaded 114M reads 
[15:04:10] Read1: loaded 115M reads 
[15:04:10] Read2: loaded 115M reads 
[15:04:11] Read2: loaded 116M reads 
[15:04:11] Read1: loaded 116M reads 
[15:04:12] Read2: loaded 117M reads 
[15:04:12] Read1: loaded 117M reads 
[15:04:13] Read2: loaded 118M reads 
[15:04:13] Read1: loaded 118M reads 
[15:04:14] Read1: loaded 119M reads 
[15:04:14] Read2: loaded 119M reads 
[15:04:15] Read1: loaded 120M reads 
[15:04:15] Read2: loaded 120M reads 
[15:04:17] Read1: loaded 121M reads 
[15:04:17] Read2: loaded 121M reads 
[15:04:18] Read1: loaded 122M reads 
[15:04:18] Read2: loaded 122M reads 
[15:04:19] Read1: loaded 123M reads 
[15:04:19] Read2: loaded 123M reads 
[15:04:20] Read2: loaded 124M reads 
[15:04:20] Read1: loaded 124M reads 
[15:04:21] Read2: loaded 125M reads 
[15:04:21] Read1: loaded 125M reads 
[15:04:23] Read2: loaded 126M reads 
[15:04:23] Read1: loaded 126M reads 
[15:04:24] Read1: loaded 127M reads 
[15:04:24] Read2: loaded 127M reads 
[15:04:25] Read1: loaded 128M reads 
[15:04:25] Read2: loaded 128M reads 
[15:04:26] Read1: loaded 129M reads 
[15:04:26] Read2: loaded 129M reads 
[15:04:27] Read1: loaded 130M reads 
[15:04:27] Read2: loaded 130M reads 
[15:04:29] Read1: loaded 131M reads 
[15:04:29] Read2: loaded 131M reads 
[15:04:30] Read1: loaded 132M reads 
[15:04:30] Read2: loaded 132M reads 
[15:04:31] Read1: loaded 133M reads 
[15:04:31] Read2: loaded 133M reads 
[15:04:32] Read1: loaded 134M reads 
[15:04:32] Read2: loaded 134M reads 
[15:04:34] Read1: loaded 135M reads 
[15:04:34] Read2: loaded 135M reads 
[15:04:35] Read1: loaded 136M reads 
[15:04:35] Read2: loaded 136M reads 
[15:04:36] Read1: loaded 137M reads 
[15:04:36] Read2: loaded 137M reads 
[15:04:37] Read1: loaded 138M reads 
[15:04:37] Read2: loaded 138M reads 
[15:04:39] Read1: loaded 139M reads 
[15:04:39] Read2: loaded 139M reads 
[15:04:40] Read1: loaded 140M reads 
[15:04:40] Read2: loaded 140M reads 
[15:04:41] Read2: loaded 141M reads 
[15:04:41] Read1: loaded 141M reads 
[15:04:42] Read1: loaded 142M reads 
[15:04:42] Read2: loaded 142M reads 
[15:04:44] Read2: loaded 143M reads 
[15:04:44] Read1: loaded 143M reads 
[15:04:45] Read2: loaded 144M reads 
[15:04:45] Read1: loaded 144M reads 
[15:04:46] Read1: loaded 145M reads 
[15:04:46] Read2: loaded 145M reads 
[15:04:47] Read2: loaded 146M reads 
[15:04:47] Read1: loaded 146M reads 
[15:04:49] Read2: loaded 147M reads 
[15:04:49] Read1: loaded 147M reads 
[15:04:50] Read2: loaded 148M reads 
[15:04:50] Read1: loaded 148M reads 
[15:04:51] Read2: loaded 149M reads 
[15:04:51] Read1: loaded 149M reads 
[15:04:52] Read2: loaded 150M reads 
[15:04:52] Read1: loaded 150M reads 
[15:04:54] Read1: loaded 151M reads 
[15:04:54] Read2: loaded 151M reads 
[15:04:55] Read1: loaded 152M reads 
[15:04:55] Read2: loaded 152M reads 
[15:04:56] Read1: loaded 153M reads 
[15:04:56] Read2: loaded 153M reads 
[15:04:57] Read1: loaded 154M reads 
[15:04:57] Read2: loaded 154M reads 
[15:04:59] Read1: loaded 155M reads 
[15:04:59] Read2: loaded 155M reads 
[15:05:00] Read2: loaded 156M reads 
[15:05:00] Read1: loaded 156M reads 
[15:05:01] Read2: loaded 157M reads 
[15:05:01] Read1: loaded 157M reads 
[15:05:03] Read1: loaded 158M reads 
[15:05:03] Read2: loaded 158M reads 
[15:05:04] Read1: loaded 159M reads 
[15:05:04] Read2: loaded 159M reads 
[15:05:05] Read1: loaded 160M reads 
[15:05:05] Read2: loaded 160M reads 
[15:05:06] Read2: loaded 161M reads 
[15:05:06] Read1: loaded 161M reads 
[15:05:08] Read1: loaded 162M reads 
[15:05:08] Read2: loaded 162M reads 
[15:05:09] Read2: loaded 163M reads 
[15:05:09] Read1: loaded 163M reads 
[15:05:10] Read2: loaded 164M reads 
[15:05:10] Read1: loaded 164M reads 
[15:05:12] Read2: loaded 165M reads 
[15:05:12] Read1: loaded 165M reads 
[15:05:13] Read2: loaded 166M reads 
[15:05:13] Read1: loaded 166M reads 
[15:05:14] Read2: loaded 167M reads 
[15:05:14] Read1: loaded 167M reads 
[15:05:15] Read2: loaded 168M reads 
[15:05:15] Read1: loaded 168M reads 
[15:05:17] Read2: loaded 169M reads 
[15:05:17] Read1: loaded 169M reads 
[15:05:18] Read2: loaded 170M reads 
[15:05:18] Read1: loaded 170M reads 
[15:05:19] Read2: loaded 171M reads 
[15:05:19] Read1: loaded 171M reads 
[15:05:20] Read2: loaded 172M reads 
[15:05:20] Read1: loaded 172M reads 
[15:05:22] Read1: loaded 173M reads 
[15:05:22] Read2: loaded 173M reads 
[15:05:23] Read2: loaded 174M reads 
[15:05:23] Read1: loaded 174M reads 
[15:05:24] Read2: loaded 175M reads 
[15:05:24] Read1: loaded 175M reads 
[15:05:25] Read1: loaded 176M reads 
[15:05:25] Read2: loaded 176M reads 
[15:05:27] Read2: loaded 177M reads 
[15:05:27] Read1: loaded 177M reads 
[15:05:28] Read2: loaded 178M reads 
[15:05:28] Read1: loaded 178M reads 
[15:05:29] Read1: loaded 179M reads 
[15:05:29] Read2: loaded 179M reads 
[15:05:31] Read2: loaded 180M reads 
[15:05:31] Read1: loaded 180M reads 
[15:05:32] Read1: loaded 181M reads 
[15:05:32] Read2: loaded 181M reads 
[15:05:33] Read1: loaded 182M reads 
[15:05:33] Read2: loaded 182M reads 
[15:05:34] Read1: loaded 183M reads 
[15:05:34] Read2: loaded 183M reads 
[15:05:36] Read1: loaded 184M reads 
[15:05:36] Read2: loaded 184M reads 
[15:05:37] Read1: loaded 185M reads 
[15:05:37] Read2: loaded 185M reads 
[15:05:38] Read1: loaded 186M reads 
[15:05:38] Read2: loaded 186M reads 
[15:05:40] Read1: loaded 187M reads 
[15:05:40] Read2: loaded 187M reads 
[15:05:41] Read1: loaded 188M reads 
[15:05:41] Read2: loaded 188M reads 
[15:05:42] Read1: loaded 189M reads 
[15:05:42] Read2: loaded 189M reads 
[15:05:43] Read1: loaded 190M reads 
[15:05:43] Read2: loaded 190M reads 
[15:05:45] Read1: loaded 191M reads 
[15:05:45] Read2: loaded 191M reads 
[15:05:46] Read1: loaded 192M reads 
[15:05:46] Read2: loaded 192M reads 
[15:05:47] Read1: loaded 193M reads 
[15:05:47] Read2: loaded 193M reads 
[15:05:49] Read1: loaded 194M reads 
[15:05:49] Read2: loaded 194M reads 
[15:05:50] Read1: loaded 195M reads 
[15:05:50] Read2: loaded 195M reads 
[15:05:51] Read1: loaded 196M reads 
[15:05:51] Read2: loaded 196M reads 
[15:05:53] Read1: loaded 197M reads 
[15:05:53] Read2: loaded 197M reads 
[15:05:54] Read1: loaded 198M reads 
[15:05:54] Read2: loaded 198M reads 
[15:05:56] Read1: loaded 199M reads 
[15:05:56] Read2: loaded 199M reads 
[15:05:57] Read1: loaded 200M reads 
[15:05:57] Read2: loaded 200M reads 
[15:05:58] Read1: loaded 201M reads 
[15:05:58] Read2: loaded 201M reads 
[15:06:00] Read1: loaded 202M reads 
[15:06:00] Read2: loaded 202M reads 
[15:06:01] Read1: loaded 203M reads 
[15:06:01] Read2: loaded 203M reads 
[15:06:02] Read1: loaded 204M reads 
[15:06:02] Read2: loaded 204M reads 
[15:06:04] Read1: loaded 205M reads 
[15:06:04] Read2: loaded 205M reads 
[15:06:05] Read1: loaded 206M reads 
[15:06:05] Read2: loaded 206M reads 
[15:06:07] Read1: loaded 207M reads 
[15:06:07] Read2: loaded 207M reads 
[15:06:08] Read1: loaded 208M reads 
[15:06:08] Read2: loaded 208M reads 
[15:06:09] Read1: loaded 209M reads 
[15:06:09] Read2: loaded 209M reads 
[15:06:11] Read1: loaded 210M reads 
[15:06:11] Read2: loaded 210M reads 
[15:06:12] Read1: loaded 211M reads 
[15:06:12] Read2: loaded 211M reads 
[15:06:14] Read1: loaded 212M reads 
[15:06:14] Read2: loaded 212M reads 
[15:06:15] Read1: loaded 213M reads 
[15:06:15] Read2: loaded 213M reads 
[15:06:17] Read1: loaded 214M reads 
[15:06:17] Read2: loaded 214M reads 
[15:06:18] Read1: loaded 215M reads 
[15:06:18] Read2: loaded 215M reads 
[15:06:19] Read2: loaded 216M reads 
[15:06:19] Read1: loaded 216M reads 
[15:06:21] Read1: loaded 217M reads 
[15:06:21] Read2: loaded 217M reads 
[15:06:22] Read1: loaded 218M reads 
[15:06:22] Read2: loaded 218M reads 
[15:06:24] Read1: loaded 219M reads 
[15:06:24] Read2: loaded 219M reads 
[15:06:25] Read1: loaded 220M reads 
[15:06:25] Read2: loaded 220M reads 
[15:06:27] Read1: loaded 221M reads 
[15:06:27] Read2: loaded 221M reads 
[15:06:28] Read1: loaded 222M reads 
[15:06:28] Read2: loaded 222M reads 
[15:06:29] Read1: loaded 223M reads 
[15:06:29] Read2: loaded 223M reads 
[15:06:31] Read1: loaded 224M reads 
[15:06:31] Read2: loaded 224M reads 
[15:06:32] Read1: loaded 225M reads 
[15:06:32] Read2: loaded 225M reads 
[15:06:34] Read1: loaded 226M reads 
[15:06:34] Read2: loaded 226M reads 
[15:06:35] Read1: loaded 227M reads 
[15:06:35] Read2: loaded 227M reads 
[15:06:37] Read1: loaded 228M reads 
[15:06:37] Read2: loaded 228M reads 
[15:06:38] Read1: loaded 229M reads 
[15:06:38] Read2: loaded 229M reads 
[15:06:40] Read1: loaded 230M reads 
[15:06:40] Read2: loaded 230M reads 
[15:06:41] Read1: loaded 231M reads 
[15:06:41] Read2: loaded 231M reads 
[15:06:43] Read1: loaded 232M reads 
[15:06:43] Read2: loaded 232M reads 
[15:06:44] Read1: loaded 233M reads 
[15:06:44] Read2: loaded 233M reads 
[15:06:46] Read1: loaded 234M reads 
[15:06:46] Read2: loaded 234M reads 
[15:06:47] Read1: loaded 235M reads 
[15:06:47] Read2: loaded 235M reads 
[15:06:49] Read1: loaded 236M reads 
[15:06:49] Read2: loaded 236M reads 
[15:06:51] Read1: loaded 237M reads 
[15:06:51] Read2: loaded 237M reads 
[15:06:52] Read1: loaded 238M reads 
[15:06:52] Read2: loaded 238M reads 
[15:06:54] Read1: loaded 239M reads 
[15:06:54] Read2: loaded 239M reads 
[15:06:55] Read1: loaded 240M reads 
[15:06:55] Read2: loaded 240M reads 
[15:06:57] Read1: loaded 241M reads 
[15:06:57] Read2: loaded 241M reads 
[15:06:58] Read1: loaded 242M reads 
[15:06:58] Read2: loaded 242M reads 
[15:07:00] Read1: loaded 243M reads 
[15:07:00] Read2: loaded 243M reads 
[15:07:01] Read1: loaded 244M reads 
[15:07:02] Read2: loaded 244M reads 
[15:07:03] Read1: loaded 245M reads 
[15:07:03] Read2: loaded 245M reads 
[15:07:05] Read1: loaded 246M reads 
[15:07:05] Read2: loaded 246M reads 
[15:07:06] Read1: loaded 247M reads 
[15:07:06] Read2: loaded 247M reads 
[15:07:08] Read1: loaded 248M reads 
[15:07:08] Read2: loaded 248M reads 
[15:07:09] Read1: loaded 249M reads 
[15:07:09] Read2: loaded 249M reads 
[15:07:11] Read1: loaded 250M reads 
[15:07:11] Read2: loaded 250M reads 
[15:07:12] Read1: loaded 251M reads 
[15:07:12] Read2: loaded 251M reads 
[15:07:14] Read1: loaded 252M reads 
[15:07:14] Read2: loaded 252M reads 
[15:07:16] Read1: loaded 253M reads 
[15:07:16] Read2: loaded 253M reads 
[15:07:20] Read1: loaded 254M reads 
[15:07:20] Read2: loaded 254M reads 
[15:07:23] Read1: loaded 255M reads 
[15:07:23] Read2: loaded 255M reads 
[15:07:27] Read1: loaded 256M reads 
[15:07:27] Read2: loaded 256M reads 
[15:07:30] Read1: loaded 257M reads 
[15:07:30] Read2: loaded 257M reads 
[15:07:33] Read1: loaded 258M reads 
[15:07:33] Read2: loaded 258M reads 
[15:07:37] Read1: loaded 259M reads 
[15:07:37] Read2: loaded 259M reads 
[15:07:40] Read1: loaded 260M reads 
[15:07:40] Read2: loaded 260M reads 
[15:07:44] Read1: loaded 261M reads 
[15:07:44] Read2: loaded 261M reads 
[15:07:47] Read1: loaded 262M reads 
[15:07:47] Read2: loaded 262M reads 
[15:07:50] Read1: loaded 263M reads 
[15:07:50] Read2: loaded 263M reads 
[15:07:54] Read1: loaded 264M reads 
[15:07:54] Read2: loaded 264M reads 
[15:07:57] Read1: loaded 265M reads 
[15:07:57] Read2: loaded 265M reads 
[15:08:01] Read1: loaded 266M reads 
[15:08:01] Read2: loaded 266M reads 
[15:08:04] Read1: loaded 267M reads 
[15:08:04] Read2: loaded 267M reads 
[15:08:08] Read1: loaded 268M reads 
[15:08:08] Read2: loaded 268M reads 
[15:08:11] Read1: loaded 269M reads 
[15:08:11] Read2: loaded 269M reads 
[15:08:14] Read1: loaded 270M reads 
[15:08:14] Read2: loaded 270M reads 
[15:08:18] Read1: loaded 271M reads 
[15:08:18] Read2: loaded 271M reads 
[15:08:21] Read1: loaded 272M reads 
[15:08:21] Read2: loaded 272M reads 
[15:08:25] Read1: loaded 273M reads 
[15:08:25] Read2: loaded 273M reads 
[15:08:28] Read1: loaded 274M reads 
[15:08:28] Read2: loaded 274M reads 
[15:08:31] Read1: loaded 275M reads 
[15:08:32] Read2: loaded 275M reads 
[15:08:35] Read1: loaded 276M reads 
[15:08:35] Read2: loaded 276M reads 
[15:08:38] Read1: loaded 277M reads 
[15:08:38] Read2: loaded 277M reads 
[15:08:42] Read1: loaded 278M reads 
[15:08:42] Read2: loaded 278M reads 
[15:08:45] Read1: loaded 279M reads 
[15:08:45] Read2: loaded 279M reads 
[15:08:49] Read1: loaded 280M reads 
[15:08:49] Read2: loaded 280M reads 
[15:08:52] Read1: loaded 281M reads 
[15:08:52] Read2: loaded 281M reads 
[15:08:56] Read1: loaded 282M reads 
[15:08:56] Read2: loaded 282M reads 
[15:08:59] Read1: loaded 283M reads 
[15:08:59] Read2: loaded 283M reads 
[15:09:02] Read1: loaded 284M reads 
[15:09:03] Read2: loaded 284M reads 
[15:09:06] Read1: loaded 285M reads 
[15:09:06] Read2: loaded 285M reads 
[15:09:09] Read1: loaded 286M reads 
[15:09:09] Read2: loaded 286M reads 
[15:09:13] Read1: loaded 287M reads 
[15:09:13] Read2: loaded 287M reads 
[15:09:16] Read1: loaded 288M reads 
[15:09:16] Read2: loaded 288M reads 
[15:09:19] Read1: loaded 289M reads 
[15:09:19] Read2: loaded 289M reads 
[15:09:23] Read1: loaded 290M reads 
[15:09:23] Read2: loaded 290M reads 
[15:09:26] Read1: loaded 291M reads 
[15:09:26] Read2: loaded 291M reads 
[15:09:30] Read1: loaded 292M reads 
[15:09:30] Read2: loaded 292M reads 
[15:09:33] Read1: loaded 293M reads 
[15:09:33] Read2: loaded 293M reads 
[15:09:36] Read1: loaded 294M reads 
[15:09:36] Read2: loaded 294M reads 
[15:09:40] Read1: loaded 295M reads 
[15:09:40] Read2: loaded 295M reads 
[15:09:43] Read1: loaded 296M reads 
[15:09:43] Read2: loaded 296M reads 
[15:09:47] Read1: loaded 297M reads 
[15:09:47] Read2: loaded 297M reads 
[15:09:50] Read1: loaded 298M reads 
[15:09:50] Read2: loaded 298M reads 
[15:09:53] Read1: loaded 299M reads 
[15:09:54] Read2: loaded 299M reads 
[15:09:57] Read1: loaded 300M reads 
[15:09:57] Read2: loaded 300M reads 
[15:10:00] Read1: loaded 301M reads 
[15:10:00] Read2: loaded 301M reads 
[15:10:04] Read1: loaded 302M reads 
[15:10:04] Read2: loaded 302M reads 
[15:10:07] Read1: loaded 303M reads 
[15:10:07] Read2: loaded 303M reads 
[15:10:11] Read1: loaded 304M reads 
[15:10:11] Read2: loaded 304M reads 
[15:10:14] Read1: loaded 305M reads 
[15:10:14] Read2: loaded 305M reads 
[15:10:17] Read1: loaded 306M reads 
[15:10:18] Read2: loaded 306M reads 
[15:10:21] Read1: loaded 307M reads 
[15:10:21] Read2: loaded 307M reads 
[15:10:24] Read1: loaded 308M reads 
[15:10:24] Read2: loaded 308M reads 
[15:10:28] Read1: loaded 309M reads 
[15:10:28] Read2: loaded 309M reads 
[15:10:31] Read1: loaded 310M reads 
[15:10:31] Read2: loaded 310M reads 
[15:10:34] Read1: loaded 311M reads 
[15:10:34] Read2: loaded 311M reads 
[15:10:38] Read1: loaded 312M reads 
[15:10:38] Read2: loaded 312M reads 
[15:10:41] Read1: loaded 313M reads 
[15:10:41] Read2: loaded 313M reads 
[15:10:44] Read1: loaded 314M reads 
[15:10:44] Read2: loaded 314M reads 
[15:10:48] Read1: loaded 315M reads 
[15:10:48] Read2: loaded 315M reads 
[15:10:51] Read1: loaded 316M reads 
[15:10:51] Read2: loaded 316M reads 
[15:10:55] Read1: loaded 317M reads 
[15:10:55] Read2: loaded 317M reads 
[15:10:58] Read1: loaded 318M reads 
[15:10:58] Read2: loaded 318M reads 
[15:11:01] Read1: loaded 319M reads 
[15:11:01] Read2: loaded 319M reads 
[15:11:05] Read1: loaded 320M reads 
[15:11:05] Read2: loaded 320M reads 
[15:11:08] Read1: loaded 321M reads 
[15:11:08] Read2: loaded 321M reads 
[15:11:12] Read1: loaded 322M reads 
[15:11:12] Read2: loaded 322M reads 
[15:11:15] Read1: loaded 323M reads 
[15:11:15] Read2: loaded 323M reads 
[15:11:18] Read1: loaded 324M reads 
[15:11:18] Read2: loaded 324M reads 
[15:11:22] Read1: loaded 325M reads 
[15:11:22] Read2: loaded 325M reads 
[15:11:25] Read1: loaded 326M reads 
[15:11:25] Read2: loaded 326M reads 
[15:11:28] Read1: loaded 327M reads 
[15:11:28] Read2: loaded 327M reads 
[15:11:32] Read1: loaded 328M reads 
[15:11:32] Read2: loaded 328M reads 
[15:11:35] Read1: loaded 329M reads 
[15:11:35] Read2: loaded 329M reads 
[15:11:39] Read1: loaded 330M reads 
[15:11:39] Read2: loaded 330M reads 
[15:11:42] Read1: loaded 331M reads 
[15:11:42] Read2: loaded 331M reads 
[15:11:45] Read1: loaded 332M reads 
[15:11:45] Read2: loaded 332M reads 
[15:11:49] Read1: loaded 333M reads 
[15:11:49] Read2: loaded 333M reads 
[15:11:52] Read1: loaded 334M reads 
[15:11:52] Read2: loaded 334M reads 
[15:11:56] Read1: loaded 335M reads 
[15:11:56] Read2: loaded 335M reads 
[15:11:59] Read1: loaded 336M reads 
[15:11:59] Read2: loaded 336M reads 
[15:12:02] Read1: loaded 337M reads 
[15:12:02] Read2: loaded 337M reads 
[15:12:06] Read1: loaded 338M reads 
[15:12:06] Read2: loaded 338M reads 
[15:12:09] Read1: loaded 339M reads 
[15:12:09] Read2: loaded 339M reads 
[15:12:13] Read1: loaded 340M reads 
[15:12:13] Read2: loaded 340M reads 
[15:12:16] Read1: loaded 341M reads 
[15:12:16] Read2: loaded 341M reads 
[15:12:19] Read1: loaded 342M reads 
[15:12:19] Read2: loaded 342M reads 
[15:12:23] Read1: loaded 343M reads 
[15:12:23] Read2: loaded 343M reads 
[15:12:26] Read1: loaded 344M reads 
[15:12:26] Read2: loaded 344M reads 
[15:12:29] Read1: loaded 345M reads 
[15:12:29] Read2: loaded 345M reads 
[15:12:33] Read1: loaded 346M reads 
[15:12:33] Read2: loaded 346M reads 
[15:12:36] Read1: loaded 347M reads 
[15:12:36] Read2: loaded 347M reads 
[15:12:40] Read1: loaded 348M reads 
[15:12:40] Read2: loaded 348M reads 
[15:12:43] Read1: loaded 349M reads 
[15:12:43] Read2: loaded 349M reads 
[15:12:46] Read1: loaded 350M reads 
[15:12:47] Read2: loaded 350M reads 
[15:12:50] Read1: loaded 351M reads 
[15:12:50] Read2: loaded 351M reads 
[15:12:53] Read1: loaded 352M reads 
[15:12:53] Read2: loaded 352M reads 
[15:12:57] Read1: loaded 353M reads 
[15:12:57] Read2: loaded 353M reads 
[15:13:00] Read1: loaded 354M reads 
[15:13:00] Read2: loaded 354M reads 
[15:13:04] Read1: loaded 355M reads 
[15:13:04] Read2: loaded 355M reads 
[15:13:07] Read1: loaded 356M reads 
[15:13:07] Read2: loaded 356M reads 
[15:13:10] Read1: loaded 357M reads 
[15:13:10] Read2: loaded 357M reads 
[15:13:14] Read1: loaded 358M reads 
[15:13:14] Read2: loaded 358M reads 
[15:13:17] Read1: loaded 359M reads 
[15:13:17] Read2: loaded 359M reads 
[15:13:20] Read1: loaded 360M reads 
[15:13:20] Read2: loaded 360M reads 
[15:13:24] Read1: loaded 361M reads 
[15:13:24] Read2: loaded 361M reads 
[15:13:25] Read1: loading completed with 361282 packs 
[15:13:25] thread 3 data processing completed 
[15:13:25] thread 3 finished 
[15:13:25] thread 4 data processing completed 
[15:13:25] thread 4 finished 
[15:13:25] thread 5 data processing completed 
[15:13:25] thread 5 finished 
[15:13:25] thread 6 data processing completed 
[15:13:25] thread 6 finished 
[15:13:25] thread 7 data processing completed 
[15:13:25] thread 7 finished 
[15:13:25] thread 8 data processing completed 
[15:13:25] thread 8 finished 
[15:13:25] thread 9 data processing completed 
[15:13:25] thread 9 finished 
[15:13:25] thread 10 data processing completed 
[15:13:25] thread 10 finished 
[15:13:25] thread 11 data processing completed 
[15:13:25] thread 11 finished 
[15:13:25] thread 12 data processing completed 
[15:13:25] thread 12 finished 
[15:13:25] thread 13 data processing completed 
[15:13:25] thread 13 finished 
[15:13:25] thread 14 data processing completed 
[15:13:25] thread 14 finished 
[15:13:25] thread 15 data processing completed 
[15:13:25] thread 15 finished 
[15:13:25] thread 16 data processing completed 
[15:13:25] thread 16 finished 
[15:13:25] thread 17 data processing completed 
[15:13:25] thread 17 finished 
[15:13:25] thread 18 data processing completed 
[15:13:25] thread 18 finished 
[15:13:25] thread 19 data processing completed 
[15:13:25] thread 19 finished 
[15:13:25] thread 20 data processing completed 
[15:13:25] thread 20 finished 
[15:13:25] Read2: loading completed with 361282 packs 
[15:13:25] thread 21 data processing completed 
[15:13:25] thread 21 finished 
[15:13:25] thread 23 data processing completed 
[15:13:25] thread 23 finished 
[15:13:25] thread 22 data processing completed 
[15:13:25] thread 22 finished 
[15:13:25] thread 24 data processing completed 
[15:13:25] thread 24 finished 
[15:13:25] thread 25 data processing completed 
[15:13:25] thread 25 finished 
[15:13:25] thread 26 data processing completed 
[15:13:25] thread 26 finished 
[15:13:25] thread 27 data processing completed 
[15:13:25] thread 27 finished 
[15:13:25] thread 28 data processing completed 
[15:13:25] thread 28 finished 
[15:13:25] thread 29 data processing completed 
[15:13:25] thread 29 finished 
[15:13:25] thread 30 data processing completed 
[15:13:25] thread 30 finished 
[15:13:25] thread 31 data processing completed 
[15:13:25] thread 31 finished 
[15:13:25] thread 32 data processing completed 
[15:13:25] thread 2 data processing completed 
[15:13:25] thread 2 finished 
[15:13:25] thread 32 finished 
[15:13:25] thread 1 data processing completed 
[15:13:25] thread 1 finished 
[15:13:25] start to generate reports
 
Read1 before filtering:
total reads: 361281611
total bases: 54192241650
Q20 bases: 54123398100(99.873%)
Q30 bases: 54123398100(99.873%)
Q40 bases: 0(0%)

Read2 before filtering:
total reads: 361281611
total bases: 54192241650
Q20 bases: 53855170050(99.378%)
Q30 bases: 53855170050(99.378%)
Q40 bases: 0(0%)

Read1 after filtering:
total reads: 358607374
total bases: 53574361382
Q20 bases: 53574361382(100%)
Q30 bases: 53574361382(100%)
Q40 bases: 0(0%)

Read2 after filtering:
total reads: 358607374
total bases: 53574361382
Q20 bases: 53574361382(100%)
Q30 bases: 53574361382(100%)
Q40 bases: 0(0%)

Filtering result:
reads passed filter: 717214748
reads failed due to low quality: 5328396
reads failed due to too many N: 20078
reads failed due to too short: 0
reads failed due to adapter dimer: 0
reads with adapter trimmed: 9627740
bases trimmed due to adapters: 442711160

Duplication rate: 5.60214%

Insert size peak (evaluated by paired-end reads): 269

JSON report: /dev/shm/fastp_bench_oqhBnq.json
HTML report: /dev/null

/home/mpiuser/bioauto_rev/fastp_d0bromir/../fastp_opengene/fastp -w 32 -j /dev/shm/fastp_bench_oqhBnq.json -h /dev/null --verbose -i /home/mpiuser/FASTQ/WGS/DRR216653_1.fastq.gz -I /home/mpiuser/FASTQ/WGS/DRR216653_2.fastq.gz -o /dev/shm/fastp_bench_lqAawv_R1.fq.gz -O /dev/shm/fastp_bench_Si6kiL_R2.fq.gz 
fastp v1.3.3, time used: 691 seconds
================================================================

================================================================
 Application  : d0bromir_cpu (/home/mpiuser/bioauto_rev/fastp_d0bromir/fastp-cpu)
 Dataset      : WGS PE 40G (DRR216653 R1+R2)
 Files        : R1=/home/mpiuser/FASTQ/WGS/DRR216653_1.fastq.gz
               R2=/home/mpiuser/FASTQ/WGS/DRR216653_2.fastq.gz
 Type         : PE
 Threads      : 32
 Wall time    : 243.443 s
 reads_in     : 722563222
 reads_out    : 717214748
 vs_opengene  : -64.8%
--- Resource usage ---
 CPU avg/peak : 3142.7% / 3730.3%
 RSS peak     : 3353 MiB
 GPU util a/p : 2.9% / 44.0%
 GPU mem peak : 0 MiB
 Sample CSV   : /home/mpiuser/bioauto_rev/fastp_d0bromir/benchmark_results/20261004_150156/resources/resource_WGS_PE_40G_d0bromir_cpu_T32_1791126812.csv
--- Profiling output ---
[15:13:32] fastp 1.3.3-d0bromir starting 
[15:13:33] [fastp 1.3.3-d0bromir] Stage: loading 
[15:13:33] start to load data of read2 
[15:13:33] start to load data of read1 
[15:13:34] Read2: loaded 1M reads 
[15:13:34] Read1: loaded 1M reads 
[15:13:34] Read2: loaded 2M reads 
[15:13:34] Read1: loaded 2M reads 
[15:13:35] Read2: loaded 3M reads 
[15:13:35] Read1: loaded 3M reads 
[15:13:35] Read2: loaded 4M reads 
[15:13:35] Read1: loaded 4M reads 
[15:13:36] Read2: loaded 5M reads 
[15:13:36] Read1: loaded 5M reads 
[15:13:37] Read2: loaded 6M reads 
[15:13:37] Read1: loaded 6M reads 
[15:13:37] Read2: loaded 7M reads 
[15:13:37] Read1: loaded 7M reads 
[15:13:38] Read2: loaded 8M reads 
[15:13:38] Read1: loaded 8M reads 
[15:13:39] Read2: loaded 9M reads 
[15:13:39] Read1: loaded 9M reads 
[15:13:39] Read2: loaded 10M reads 
[15:13:39] Read1: loaded 10M reads 
[15:13:40] Read2: loaded 11M reads 
[15:13:40] Read1: loaded 11M reads 
[15:13:41] Read2: loaded 12M reads 
[15:13:41] Read1: loaded 12M reads 
[15:13:41] Read2: loaded 13M reads 
[15:13:41] Read1: loaded 13M reads 
[15:13:42] Read2: loaded 14M reads 
[15:13:42] Read1: loaded 14M reads 
[15:13:43] Read2: loaded 15M reads 
[15:13:43] Read1: loaded 15M reads 
[15:13:43] Read2: loaded 16M reads 
[15:13:43] Read1: loaded 16M reads 
[15:13:44] Read2: loaded 17M reads 
[15:13:44] Read1: loaded 17M reads 
[15:13:44] Read1: loaded 18M reads 
[15:13:44] Read2: loaded 18M reads 
[15:13:45] Read2: loaded 19M reads 
[15:13:45] Read1: loaded 19M reads 
[15:13:46] Read2: loaded 20M reads 
[15:13:46] Read1: loaded 20M reads 
[15:13:46] Read2: loaded 21M reads 
[15:13:46] Read1: loaded 21M reads 
[15:13:47] Read2: loaded 22M reads 
[15:13:47] Read1: loaded 22M reads 
[15:13:48] Read2: loaded 23M reads 
[15:13:48] Read1: loaded 23M reads 
[15:13:48] Read2: loaded 24M reads 
[15:13:48] Read1: loaded 24M reads 
[15:13:49] Read2: loaded 25M reads 
[15:13:49] Read1: loaded 25M reads 
[15:13:50] Read1: loaded 26M reads 
[15:13:50] Read2: loaded 26M reads 
[15:13:50] Read2: loaded 27M reads 
[15:13:50] Read1: loaded 27M reads 
[15:13:51] Read2: loaded 28M reads 
[15:13:51] Read1: loaded 28M reads 
[15:13:52] Read2: loaded 29M reads 
[15:13:52] Read1: loaded 29M reads 
[15:13:52] Read2: loaded 30M reads 
[15:13:52] Read1: loaded 30M reads 
[15:13:53] Read2: loaded 31M reads 
[15:13:53] Read1: loaded 31M reads 
[15:13:54] Read2: loaded 32M reads 
[15:13:54] Read1: loaded 32M reads 
[15:13:54] Read2: loaded 33M reads 
[15:13:54] Read1: loaded 33M reads 
[15:13:55] Read2: loaded 34M reads 
[15:13:55] Read1: loaded 34M reads 
[15:13:56] Read2: loaded 35M reads 
[15:13:56] Read1: loaded 35M reads 
[15:13:56] Read2: loaded 36M reads 
[15:13:56] Read1: loaded 36M reads 
[15:13:57] Read2: loaded 37M reads 
[15:13:57] Read1: loaded 37M reads 
[15:13:57] Read2: loaded 38M reads 
[15:13:57] Read1: loaded 38M reads 
[15:13:58] Read2: loaded 39M reads 
[15:13:58] Read1: loaded 39M reads 
[15:13:59] Read2: loaded 40M reads 
[15:13:59] Read1: loaded 40M reads 
[15:13:59] Read1: loaded 41M reads 
[15:13:59] Read2: loaded 41M reads 
[15:14:00] Read1: loaded 42M reads 
[15:14:00] Read2: loaded 42M reads 
[15:14:01] Read1: loaded 43M reads 
[15:14:01] Read2: loaded 43M reads 
[15:14:01] Read2: loaded 44M reads 
[15:14:01] Read1: loaded 44M reads 
[15:14:02] Read2: loaded 45M reads 
[15:14:02] Read1: loaded 45M reads 
[15:14:03] Read2: loaded 46M reads 
[15:14:03] Read1: loaded 46M reads 
[15:14:03] Read2: loaded 47M reads 
[15:14:03] Read1: loaded 47M reads 
[15:14:04] Read2: loaded 48M reads 
[15:14:04] Read1: loaded 48M reads 
[15:14:05] Read2: loaded 49M reads 
[15:14:05] Read1: loaded 49M reads 
[15:14:05] Read2: loaded 50M reads 
[15:14:05] Read1: loaded 50M reads 
[15:14:06] Read2: loaded 51M reads 
[15:14:06] Read1: loaded 51M reads 
[15:14:07] Read2: loaded 52M reads 
[15:14:07] Read1: loaded 52M reads 
[15:14:07] Read2: loaded 53M reads 
[15:14:07] Read1: loaded 53M reads 
[15:14:08] Read2: loaded 54M reads 
[15:14:08] Read1: loaded 54M reads 
[15:14:09] Read2: loaded 55M reads 
[15:14:09] Read1: loaded 55M reads 
[15:14:09] Read2: loaded 56M reads 
[15:14:09] Read1: loaded 56M reads 
[15:14:10] Read1: loaded 57M reads 
[15:14:10] Read2: loaded 57M reads 
[15:14:10] Read2: loaded 58M reads 
[15:14:10] Read1: loaded 58M reads 
[15:14:11] Read2: loaded 59M reads 
[15:14:11] Read1: loaded 59M reads 
[15:14:12] Read1: loaded 60M reads 
[15:14:12] Read2: loaded 60M reads 
[15:14:12] Read2: loaded 61M reads 
[15:14:12] Read1: loaded 61M reads 
[15:14:13] Read2: loaded 62M reads 
[15:14:13] Read1: loaded 62M reads 
[15:14:14] Read2: loaded 63M reads 
[15:14:14] Read1: loaded 63M reads 
[15:14:14] Read1: loaded 64M reads 
[15:14:14] Read2: loaded 64M reads 
[15:14:15] Read1: loaded 65M reads 
[15:14:15] Read2: loaded 65M reads 
[15:14:16] Read2: loaded 66M reads 
[15:14:16] Read1: loaded 66M reads 
[15:14:16] Read1: loaded 67M reads 
[15:14:16] Read2: loaded 67M reads 
[15:14:17] Read1: loaded 68M reads 
[15:14:17] Read2: loaded 68M reads 
[15:14:18] Read1: loaded 69M reads 
[15:14:18] Read2: loaded 69M reads 
[15:14:18] Read1: loaded 70M reads 
[15:14:18] Read2: loaded 70M reads 
[15:14:19] Read1: loaded 71M reads 
[15:14:19] Read2: loaded 71M reads 
[15:14:20] Read2: loaded 72M reads 
[15:14:20] Read1: loaded 72M reads 
[15:14:20] Read1: loaded 73M reads 
[15:14:20] Read2: loaded 73M reads 
[15:14:21] Read1: loaded 74M reads 
[15:14:21] Read2: loaded 74M reads 
[15:14:22] Read1: loaded 75M reads 
[15:14:22] Read2: loaded 75M reads 
[15:14:22] Read1: loaded 76M reads 
[15:14:22] Read2: loaded 76M reads 
[15:14:23] Read1: loaded 77M reads 
[15:14:23] Read2: loaded 77M reads 
[15:14:23] Read1: loaded 78M reads 
[15:14:24] Read2: loaded 78M reads 
[15:14:24] Read1: loaded 79M reads 
[15:14:24] Read2: loaded 79M reads 
[15:14:25] Read1: loaded 80M reads 
[15:14:25] Read2: loaded 80M reads 
[15:14:25] Read1: loaded 81M reads 
[15:14:26] Read2: loaded 81M reads 
[15:14:26] Read1: loaded 82M reads 
[15:14:26] Read2: loaded 82M reads 
[15:14:27] Read1: loaded 83M reads 
[15:14:27] Read2: loaded 83M reads 
[15:14:27] Read1: loaded 84M reads 
[15:14:27] Read2: loaded 84M reads 
[15:14:28] Read1: loaded 85M reads 
[15:14:28] Read2: loaded 85M reads 
[15:14:29] Read1: loaded 86M reads 
[15:14:29] Read2: loaded 86M reads 
[15:14:29] Read1: loaded 87M reads 
[15:14:29] Read2: loaded 87M reads 
[15:14:30] Read1: loaded 88M reads 
[15:14:30] Read2: loaded 88M reads 
[15:14:31] Read1: loaded 89M reads 
[15:14:31] Read2: loaded 89M reads 
[15:14:31] Read1: loaded 90M reads 
[15:14:31] Read2: loaded 90M reads 
[15:14:32] Read1: loaded 91M reads 
[15:14:32] Read2: loaded 91M reads 
[15:14:33] Read1: loaded 92M reads 
[15:14:33] Read2: loaded 92M reads 
[15:14:33] Read1: loaded 93M reads 
[15:14:33] Read2: loaded 93M reads 
[15:14:34] Read1: loaded 94M reads 
[15:14:34] Read2: loaded 94M reads 
[15:14:35] Read1: loaded 95M reads 
[15:14:35] Read2: loaded 95M reads 
[15:14:35] Read1: loaded 96M reads 
[15:14:35] Read2: loaded 96M reads 
[15:14:36] Read1: loaded 97M reads 
[15:14:36] Read2: loaded 97M reads 
[15:14:37] Read1: loaded 98M reads 
[15:14:37] Read2: loaded 98M reads 
[15:14:37] Read1: loaded 99M reads 
[15:14:37] Read2: loaded 99M reads 
[15:14:38] Read1: loaded 100M reads 
[15:14:38] Read2: loaded 100M reads 
[15:14:39] Read1: loaded 101M reads 
[15:14:39] Read2: loaded 101M reads 
[15:14:39] Read1: loaded 102M reads 
[15:14:39] Read2: loaded 102M reads 
[15:14:40] Read1: loaded 103M reads 
[15:14:40] Read2: loaded 103M reads 
[15:14:41] Read1: loaded 104M reads 
[15:14:41] Read2: loaded 104M reads 
[15:14:41] Read1: loaded 105M reads 
[15:14:41] Read2: loaded 105M reads 
[15:14:42] Read1: loaded 106M reads 
[15:14:42] Read2: loaded 106M reads 
[15:14:43] Read1: loaded 107M reads 
[15:14:43] Read2: loaded 107M reads 
[15:14:43] Read1: loaded 108M reads 
[15:14:43] Read2: loaded 108M reads 
[15:14:44] Read1: loaded 109M reads 
[15:14:44] Read2: loaded 109M reads 
[15:14:45] Read1: loaded 110M reads 
[15:14:45] Read2: loaded 110M reads 
[15:14:45] Read1: loaded 111M reads 
[15:14:45] Read2: loaded 111M reads 
[15:14:46] Read1: loaded 112M reads 
[15:14:46] Read2: loaded 112M reads 
[15:14:47] Read1: loaded 113M reads 
[15:14:47] Read2: loaded 113M reads 
[15:14:47] Read1: loaded 114M reads 
[15:14:47] Read2: loaded 114M reads 
[15:14:48] Read1: loaded 115M reads 
[15:14:48] Read2: loaded 115M reads 
[15:14:48] Read1: loaded 116M reads 
[15:14:49] Read2: loaded 116M reads 
[15:14:49] Read1: loaded 117M reads 
[15:14:49] Read2: loaded 117M reads 
[15:14:50] Read1: loaded 118M reads 
[15:14:50] Read2: loaded 118M reads 
[15:14:50] Read1: loaded 119M reads 
[15:14:51] Read2: loaded 119M reads 
[15:14:51] Read1: loaded 120M reads 
[15:14:51] Read2: loaded 120M reads 
[15:14:52] Read1: loaded 121M reads 
[15:14:52] Read2: loaded 121M reads 
[15:14:52] Read1: loaded 122M reads 
[15:14:53] Read2: loaded 122M reads 
[15:14:53] Read1: loaded 123M reads 
[15:14:53] Read2: loaded 123M reads 
[15:14:54] Read1: loaded 124M reads 
[15:14:54] Read2: loaded 124M reads 
[15:14:54] Read1: loaded 125M reads 
[15:14:55] Read2: loaded 125M reads 
[15:14:55] Read1: loaded 126M reads 
[15:14:55] Read2: loaded 126M reads 
[15:14:56] Read1: loaded 127M reads 
[15:14:56] Read2: loaded 127M reads 
[15:14:56] Read1: loaded 128M reads 
[15:14:57] Read2: loaded 128M reads 
[15:14:57] Read1: loaded 129M reads 
[15:14:57] Read2: loaded 129M reads 
[15:14:58] Read1: loaded 130M reads 
[15:14:58] Read2: loaded 130M reads 
[15:14:58] Read1: loaded 131M reads 
[15:14:58] Read2: loaded 131M reads 
[15:14:59] Read1: loaded 132M reads 
[15:14:59] Read2: loaded 132M reads 
[15:15:00] Read1: loaded 133M reads 
[15:15:00] Read2: loaded 133M reads 
[15:15:00] Read1: loaded 134M reads 
[15:15:00] Read2: loaded 134M reads 
[15:15:01] Read1: loaded 135M reads 
[15:15:01] Read2: loaded 135M reads 
[15:15:01] Read1: loaded 136M reads 
[15:15:02] Read2: loaded 136M reads 
[15:15:02] Read1: loaded 137M reads 
[15:15:02] Read2: loaded 137M reads 
[15:15:03] Read1: loaded 138M reads 
[15:15:03] Read2: loaded 138M reads 
[15:15:03] Read1: loaded 139M reads 
[15:15:04] Read2: loaded 139M reads 
[15:15:04] Read1: loaded 140M reads 
[15:15:04] Read2: loaded 140M reads 
[15:15:05] Read1: loaded 141M reads 
[15:15:05] Read2: loaded 141M reads 
[15:15:05] Read1: loaded 142M reads 
[15:15:06] Read2: loaded 142M reads 
[15:15:06] Read1: loaded 143M reads 
[15:15:06] Read2: loaded 143M reads 
[15:15:07] Read1: loaded 144M reads 
[15:15:07] Read2: loaded 144M reads 
[15:15:07] Read1: loaded 145M reads 
[15:15:08] Read2: loaded 145M reads 
[15:15:08] Read1: loaded 146M reads 
[15:15:08] Read2: loaded 146M reads 
[15:15:09] Read1: loaded 147M reads 
[15:15:09] Read2: loaded 147M reads 
[15:15:09] Read1: loaded 148M reads 
[15:15:10] Read2: loaded 148M reads 
[15:15:10] Read1: loaded 149M reads 
[15:15:10] Read2: loaded 149M reads 
[15:15:11] Read1: loaded 150M reads 
[15:15:11] Read2: loaded 150M reads 
[15:15:11] Read1: loaded 151M reads 
[15:15:12] Read2: loaded 151M reads 
[15:15:12] Read1: loaded 152M reads 
[15:15:12] Read2: loaded 152M reads 
[15:15:12] Read1: loaded 153M reads 
[15:15:13] Read2: loaded 153M reads 
[15:15:13] Read1: loaded 154M reads 
[15:15:14] Read2: loaded 154M reads 
[15:15:14] Read1: loaded 155M reads 
[15:15:14] Read2: loaded 155M reads 
[15:15:14] Read1: loaded 156M reads 
[15:15:15] Read2: loaded 156M reads 
[15:15:15] Read1: loaded 157M reads 
[15:15:16] Read2: loaded 157M reads 
[15:15:16] Read1: loaded 158M reads 
[15:15:16] Read2: loaded 158M reads 
[15:15:16] Read1: loaded 159M reads 
[15:15:17] Read2: loaded 159M reads 
[15:15:17] Read1: loaded 160M reads 
[15:15:18] Read2: loaded 160M reads 
[15:15:18] Read1: loaded 161M reads 
[15:15:18] Read2: loaded 161M reads 
[15:15:18] Read1: loaded 162M reads 
[15:15:19] Read2: loaded 162M reads 
[15:15:19] Read1: loaded 163M reads 
[15:15:20] Read2: loaded 163M reads 
[15:15:20] Read1: loaded 164M reads 
[15:15:20] Read2: loaded 164M reads 
[15:15:20] Read1: loaded 165M reads 
[15:15:21] Read2: loaded 165M reads 
[15:15:21] Read1: loaded 166M reads 
[15:15:22] Read2: loaded 166M reads 
[15:15:22] Read1: loaded 167M reads 
[15:15:22] Read2: loaded 167M reads 
[15:15:22] Read1: loaded 168M reads 
[15:15:23] Read2: loaded 168M reads 
[15:15:23] Read1: loaded 169M reads 
[15:15:24] Read2: loaded 169M reads 
[15:15:24] Read1: loaded 170M reads 
[15:15:24] Read2: loaded 170M reads 
[15:15:24] Read1: loaded 171M reads 
[15:15:25] Read2: loaded 171M reads 
[15:15:25] Read1: loaded 172M reads 
[15:15:26] Read2: loaded 172M reads 
[15:15:26] Read1: loaded 173M reads 
[15:15:26] Read2: loaded 173M reads 
[15:15:26] Read1: loaded 174M reads 
[15:15:27] Read2: loaded 174M reads 
[15:15:27] Read1: loaded 175M reads 
[15:15:28] Read2: loaded 175M reads 
[15:15:28] Read1: loaded 176M reads 
[15:15:28] Read2: loaded 176M reads 
[15:15:28] Read1: loaded 177M reads 
[15:15:29] Read2: loaded 177M reads 
[15:15:29] Read1: loaded 178M reads 
[15:15:30] Read2: loaded 178M reads 
[15:15:30] Read1: loaded 179M reads 
[15:15:30] Read2: loaded 179M reads 
[15:15:30] Read1: loaded 180M reads 
[15:15:31] Read2: loaded 180M reads 
[15:15:31] Read1: loaded 181M reads 
[15:15:32] Read2: loaded 181M reads 
[15:15:32] Read1: loaded 182M reads 
[15:15:32] Read2: loaded 182M reads 
[15:15:32] Read1: loaded 183M reads 
[15:15:33] Read2: loaded 183M reads 
[15:15:33] Read1: loaded 184M reads 
[15:15:34] Read2: loaded 184M reads 
[15:15:34] Read1: loaded 185M reads 
[15:15:34] Read2: loaded 185M reads 
[15:15:34] Read1: loaded 186M reads 
[15:15:35] Read2: loaded 186M reads 
[15:15:35] Read1: loaded 187M reads 
[15:15:36] Read2: loaded 187M reads 
[15:15:36] Read1: loaded 188M reads 
[15:15:36] Read2: loaded 188M reads 
[15:15:36] Read1: loaded 189M reads 
[15:15:37] Read2: loaded 189M reads 
[15:15:37] Read1: loaded 190M reads 
[15:15:37] Read2: loaded 190M reads 
[15:15:38] Read1: loaded 191M reads 
[15:15:38] Read2: loaded 191M reads 
[15:15:38] Read1: loaded 192M reads 
[15:15:39] Read2: loaded 192M reads 
[15:15:39] Read1: loaded 193M reads 
[15:15:39] Read2: loaded 193M reads 
[15:15:40] Read1: loaded 194M reads 
[15:15:40] Read2: loaded 194M reads 
[15:15:40] Read1: loaded 195M reads 
[15:15:41] Read2: loaded 195M reads 
[15:15:41] Read1: loaded 196M reads 
[15:15:41] Read2: loaded 196M reads 
[15:15:42] Read1: loaded 197M reads 
[15:15:42] Read2: loaded 197M reads 
[15:15:42] Read1: loaded 198M reads 
[15:15:43] Read2: loaded 198M reads 
[15:15:43] Read1: loaded 199M reads 
[15:15:43] Read2: loaded 199M reads 
[15:15:43] Read1: loaded 200M reads 
[15:15:44] Read2: loaded 200M reads 
[15:15:44] Read1: loaded 201M reads 
[15:15:45] Read2: loaded 201M reads 
[15:15:45] Read1: loaded 202M reads 
[15:15:45] Read2: loaded 202M reads 
[15:15:45] Read1: loaded 203M reads 
[15:15:46] Read2: loaded 203M reads 
[15:15:46] Read1: loaded 204M reads 
[15:15:47] Read2: loaded 204M reads 
[15:15:47] Read1: loaded 205M reads 
[15:15:47] Read2: loaded 205M reads 
[15:15:47] Read1: loaded 206M reads 
[15:15:48] Read2: loaded 206M reads 
[15:15:48] Read1: loaded 207M reads 
[15:15:49] Read2: loaded 207M reads 
[15:15:49] Read1: loaded 208M reads 
[15:15:49] Read2: loaded 208M reads 
[15:15:49] Read1: loaded 209M reads 
[15:15:50] Read2: loaded 209M reads 
[15:15:50] Read1: loaded 210M reads 
[15:15:51] Read2: loaded 210M reads 
[15:15:51] Read1: loaded 211M reads 
[15:15:51] Read2: loaded 211M reads 
[15:15:51] Read1: loaded 212M reads 
[15:15:52] Read2: loaded 212M reads 
[15:15:52] Read1: loaded 213M reads 
[15:15:53] Read2: loaded 213M reads 
[15:15:53] Read1: loaded 214M reads 
[15:15:53] Read2: loaded 214M reads 
[15:15:53] Read1: loaded 215M reads 
[15:15:54] Read2: loaded 215M reads 
[15:15:54] Read1: loaded 216M reads 
[15:15:55] Read2: loaded 216M reads 
[15:15:55] Read1: loaded 217M reads 
[15:15:55] Read2: loaded 217M reads 
[15:15:55] Read1: loaded 218M reads 
[15:15:56] Read2: loaded 218M reads 
[15:15:56] Read1: loaded 219M reads 
[15:15:57] Read2: loaded 219M reads 
[15:15:57] Read1: loaded 220M reads 
[15:15:57] Read2: loaded 220M reads 
[15:15:57] Read1: loaded 221M reads 
[15:15:58] Read2: loaded 221M reads 
[15:15:58] Read1: loaded 222M reads 
[15:15:59] Read2: loaded 222M reads 
[15:15:59] Read1: loaded 223M reads 
[15:15:59] Read2: loaded 223M reads 
[15:15:59] Read1: loaded 224M reads 
[15:16:00] Read2: loaded 224M reads 
[15:16:00] Read1: loaded 225M reads 
[15:16:01] Read2: loaded 225M reads 
[15:16:01] Read1: loaded 226M reads 
[15:16:01] Read2: loaded 226M reads 
[15:16:01] Read1: loaded 227M reads 
[15:16:02] Read2: loaded 227M reads 
[15:16:02] Read1: loaded 228M reads 
[15:16:03] Read2: loaded 228M reads 
[15:16:03] Read1: loaded 229M reads 
[15:16:03] Read2: loaded 229M reads 
[15:16:03] Read1: loaded 230M reads 
[15:16:04] Read2: loaded 230M reads 
[15:16:04] Read1: loaded 231M reads 
[15:16:05] Read2: loaded 231M reads 
[15:16:05] Read1: loaded 232M reads 
[15:16:05] Read2: loaded 232M reads 
[15:16:05] Read1: loaded 233M reads 
[15:16:06] Read2: loaded 233M reads 
[15:16:06] Read1: loaded 234M reads 
[15:16:07] Read2: loaded 234M reads 
[15:16:07] Read1: loaded 235M reads 
[15:16:07] Read2: loaded 235M reads 
[15:16:07] Read1: loaded 236M reads 
[15:16:08] Read2: loaded 236M reads 
[15:16:08] Read1: loaded 237M reads 
[15:16:09] Read2: loaded 237M reads 
[15:16:09] Read1: loaded 238M reads 
[15:16:09] Read2: loaded 238M reads 
[15:16:09] Read1: loaded 239M reads 
[15:16:10] Read2: loaded 239M reads 
[15:16:10] Read1: loaded 240M reads 
[15:16:11] Read2: loaded 240M reads 
[15:16:11] Read1: loaded 241M reads 
[15:16:11] Read2: loaded 241M reads 
[15:16:11] Read1: loaded 242M reads 
[15:16:12] Read2: loaded 242M reads 
[15:16:12] Read1: loaded 243M reads 
[15:16:13] Read2: loaded 243M reads 
[15:16:13] Read1: loaded 244M reads 
[15:16:13] Read2: loaded 244M reads 
[15:16:14] Read1: loaded 245M reads 
[15:16:14] Read2: loaded 245M reads 
[15:16:14] Read1: loaded 246M reads 
[15:16:15] Read2: loaded 246M reads 
[15:16:15] Read1: loaded 247M reads 
[15:16:15] Read2: loaded 247M reads 
[15:16:16] Read1: loaded 248M reads 
[15:16:16] Read2: loaded 248M reads 
[15:16:16] Read1: loaded 249M reads 
[15:16:17] Read2: loaded 249M reads 
[15:16:17] Read1: loaded 250M reads 
[15:16:17] Read2: loaded 250M reads 
[15:16:18] Read1: loaded 251M reads 
[15:16:18] Read2: loaded 251M reads 
[15:16:18] Read1: loaded 252M reads 
[15:16:19] Read2: loaded 252M reads 
[15:16:19] Read1: loaded 253M reads 
[15:16:19] Read2: loaded 253M reads 
[15:16:20] Read1: loaded 254M reads 
[15:16:20] Read2: loaded 254M reads 
[15:16:20] Read1: loaded 255M reads 
[15:16:21] Read2: loaded 255M reads 
[15:16:21] Read1: loaded 256M reads 
[15:16:21] Read2: loaded 256M reads 
[15:16:22] Read1: loaded 257M reads 
[15:16:22] Read2: loaded 257M reads 
[15:16:22] Read1: loaded 258M reads 
[15:16:23] Read2: loaded 258M reads 
[15:16:23] Read1: loaded 259M reads 
[15:16:23] Read2: loaded 259M reads 
[15:16:24] Read1: loaded 260M reads 
[15:16:24] Read2: loaded 260M reads 
[15:16:24] Read1: loaded 261M reads 
[15:16:25] Read2: loaded 261M reads 
[15:16:25] Read1: loaded 262M reads 
[15:16:26] Read2: loaded 262M reads 
[15:16:26] Read1: loaded 263M reads 
[15:16:26] Read2: loaded 263M reads 
[15:16:26] Read1: loaded 264M reads 
[15:16:27] Read2: loaded 264M reads 
[15:16:27] Read1: loaded 265M reads 
[15:16:28] Read2: loaded 265M reads 
[15:16:28] Read1: loaded 266M reads 
[15:16:28] Read2: loaded 266M reads 
[15:16:28] Read1: loaded 267M reads 
[15:16:29] Read2: loaded 267M reads 
[15:16:29] Read1: loaded 268M reads 
[15:16:30] Read2: loaded 268M reads 
[15:16:30] Read1: loaded 269M reads 
[15:16:30] Read2: loaded 269M reads 
[15:16:30] Read1: loaded 270M reads 
[15:16:31] Read2: loaded 270M reads 
[15:16:31] Read1: loaded 271M reads 
[15:16:32] Read2: loaded 271M reads 
[15:16:32] Read1: loaded 272M reads 
[15:16:32] Read2: loaded 272M reads 
[15:16:32] Read1: loaded 273M reads 
[15:16:33] Read2: loaded 273M reads 
[15:16:33] Read1: loaded 274M reads 
[15:16:34] Read2: loaded 274M reads 
[15:16:34] Read1: loaded 275M reads 
[15:16:34] Read2: loaded 275M reads 
[15:16:34] Read1: loaded 276M reads 
[15:16:35] Read2: loaded 276M reads 
[15:16:35] Read1: loaded 277M reads 
[15:16:36] Read2: loaded 277M reads 
[15:16:36] Read1: loaded 278M reads 
[15:16:36] Read2: loaded 278M reads 
[15:16:36] Read1: loaded 279M reads 
[15:16:37] Read2: loaded 279M reads 
[15:16:37] Read1: loaded 280M reads 
[15:16:38] Read2: loaded 280M reads 
[15:16:38] Read1: loaded 281M reads 
[15:16:38] Read2: loaded 281M reads 
[15:16:38] Read1: loaded 282M reads 
[15:16:39] Read2: loaded 282M reads 
[15:16:39] Read1: loaded 283M reads 
[15:16:40] Read2: loaded 283M reads 
[15:16:40] Read1: loaded 284M reads 
[15:16:40] Read2: loaded 284M reads 
[15:16:40] Read1: loaded 285M reads 
[15:16:41] Read2: loaded 285M reads 
[15:16:41] Read1: loaded 286M reads 
[15:16:42] Read2: loaded 286M reads 
[15:16:42] Read1: loaded 287M reads 
[15:16:42] Read2: loaded 287M reads 
[15:16:42] Read1: loaded 288M reads 
[15:16:43] Read2: loaded 288M reads 
[15:16:43] Read1: loaded 289M reads 
[15:16:44] Read2: loaded 289M reads 
[15:16:44] Read1: loaded 290M reads 
[15:16:44] Read2: loaded 290M reads 
[15:16:44] Read1: loaded 291M reads 
[15:16:45] Read2: loaded 291M reads 
[15:16:45] Read1: loaded 292M reads 
[15:16:46] Read2: loaded 292M reads 
[15:16:46] Read1: loaded 293M reads 
[15:16:46] Read2: loaded 293M reads 
[15:16:46] Read1: loaded 294M reads 
[15:16:47] Read2: loaded 294M reads 
[15:16:47] Read1: loaded 295M reads 
[15:16:48] Read2: loaded 295M reads 
[15:16:48] Read1: loaded 296M reads 
[15:16:48] Read2: loaded 296M reads 
[15:16:48] Read1: loaded 297M reads 
[15:16:49] Read2: loaded 297M reads 
[15:16:49] Read1: loaded 298M reads 
[15:16:50] Read2: loaded 298M reads 
[15:16:50] Read1: loaded 299M reads 
[15:16:50] Read2: loaded 299M reads 
[15:16:50] Read1: loaded 300M reads 
[15:16:51] Read2: loaded 300M reads 
[15:16:51] Read1: loaded 301M reads 
[15:16:52] Read2: loaded 301M reads 
[15:16:52] Read1: loaded 302M reads 
[15:16:52] Read2: loaded 302M reads 
[15:16:52] Read1: loaded 303M reads 
[15:16:53] Read2: loaded 303M reads 
[15:16:53] Read1: loaded 304M reads 
[15:16:54] Read2: loaded 304M reads 
[15:16:54] Read1: loaded 305M reads 
[15:16:54] Read2: loaded 305M reads 
[15:16:54] Read1: loaded 306M reads 
[15:16:55] Read2: loaded 306M reads 
[15:16:55] Read1: loaded 307M reads 
[15:16:56] Read2: loaded 307M reads 
[15:16:56] Read1: loaded 308M reads 
[15:16:56] Read2: loaded 308M reads 
[15:16:56] Read1: loaded 309M reads 
[15:16:57] Read2: loaded 309M reads 
[15:16:57] Read1: loaded 310M reads 
[15:16:58] Read2: loaded 310M reads 
[15:16:58] Read1: loaded 311M reads 
[15:16:58] Read2: loaded 311M reads 
[15:16:58] Read1: loaded 312M reads 
[15:16:59] Read2: loaded 312M reads 
[15:16:59] Read1: loaded 313M reads 
[15:17:00] Read2: loaded 313M reads 
[15:17:00] Read1: loaded 314M reads 
[15:17:00] Read2: loaded 314M reads 
[15:17:00] Read1: loaded 315M reads 
[15:17:01] Read2: loaded 315M reads 
[15:17:01] Read1: loaded 316M reads 
[15:17:02] Read2: loaded 316M reads 
[15:17:02] Read1: loaded 317M reads 
[15:17:02] Read2: loaded 317M reads 
[15:17:02] Read1: loaded 318M reads 
[15:17:03] Read2: loaded 318M reads 
[15:17:03] Read1: loaded 319M reads 
[15:17:04] Read2: loaded 319M reads 
[15:17:04] Read1: loaded 320M reads 
[15:17:04] Read2: loaded 320M reads 
[15:17:04] Read1: loaded 321M reads 
[15:17:05] Read2: loaded 321M reads 
[15:17:05] Read1: loaded 322M reads 
[15:17:06] Read2: loaded 322M reads 
[15:17:06] Read1: loaded 323M reads 
[15:17:06] Read2: loaded 323M reads 
[15:17:06] Read1: loaded 324M reads 
[15:17:07] Read2: loaded 324M reads 
[15:17:07] Read1: loaded 325M reads 
[15:17:08] Read2: loaded 325M reads 
[15:17:08] Read1: loaded 326M reads 
[15:17:08] Read2: loaded 326M reads 
[15:17:08] Read1: loaded 327M reads 
[15:17:09] Read2: loaded 327M reads 
[15:17:09] Read1: loaded 328M reads 
[15:17:10] Read2: loaded 328M reads 
[15:17:10] Read1: loaded 329M reads 
[15:17:10] Read2: loaded 329M reads 
[15:17:10] Read1: loaded 330M reads 
[15:17:11] Read2: loaded 330M reads 
[15:17:11] Read1: loaded 331M reads 
[15:17:12] Read2: loaded 331M reads 
[15:17:12] Read1: loaded 332M reads 
[15:17:12] Read2: loaded 332M reads 
[15:17:12] Read1: loaded 333M reads 
[15:17:13] Read2: loaded 333M reads 
[15:17:13] Read1: loaded 334M reads 
[15:17:14] Read2: loaded 334M reads 
[15:17:14] Read1: loaded 335M reads 
[15:17:14] Read2: loaded 335M reads 
[15:17:14] Read1: loaded 336M reads 
[15:17:15] Read2: loaded 336M reads 
[15:17:15] Read1: loaded 337M reads 
[15:17:16] Read2: loaded 337M reads 
[15:17:16] Read1: loaded 338M reads 
[15:17:16] Read2: loaded 338M reads 
[15:17:16] Read1: loaded 339M reads 
[15:17:17] Read2: loaded 339M reads 
[15:17:17] Read1: loaded 340M reads 
[15:17:18] Read2: loaded 340M reads 
[15:17:18] Read1: loaded 341M reads 
[15:17:18] Read2: loaded 341M reads 
[15:17:18] Read1: loaded 342M reads 
[15:17:19] Read2: loaded 342M reads 
[15:17:19] Read1: loaded 343M reads 
[15:17:20] Read2: loaded 343M reads 
[15:17:20] Read1: loaded 344M reads 
[15:17:20] Read2: loaded 344M reads 
[15:17:21] Read1: loaded 345M reads 
[15:17:21] Read2: loaded 345M reads 
[15:17:21] Read1: loaded 346M reads 
[15:17:22] Read2: loaded 346M reads 
[15:17:22] Read1: loaded 347M reads 
[15:17:22] Read2: loaded 347M reads 
[15:17:23] Read1: loaded 348M reads 
[15:17:23] Read2: loaded 348M reads 
[15:17:23] Read1: loaded 349M reads 
[15:17:24] Read2: loaded 349M reads 
[15:17:24] Read1: loaded 350M reads 
[15:17:24] Read2: loaded 350M reads 
[15:17:25] Read1: loaded 351M reads 
[15:17:25] Read2: loaded 351M reads 
[15:17:25] Read1: loaded 352M reads 
[15:17:26] Read2: loaded 352M reads 
[15:17:26] Read1: loaded 353M reads 
[15:17:26] Read2: loaded 353M reads 
[15:17:27] Read1: loaded 354M reads 
[15:17:27] Read2: loaded 354M reads 
[15:17:27] Read1: loaded 355M reads 
[15:17:28] Read2: loaded 355M reads 
[15:17:28] Read1: loaded 356M reads 
[15:17:28] Read2: loaded 356M reads 
[15:17:29] Read1: loaded 357M reads 
[15:17:29] Read2: loaded 357M reads 
[15:17:29] Read1: loaded 358M reads 
[15:17:30] Read2: loaded 358M reads 
[15:17:30] Read1: loaded 359M reads 
[15:17:30] Read2: loaded 359M reads 
[15:17:31] Read1: loaded 360M reads 
[15:17:31] Read2: loaded 360M reads 
[15:17:31] Read1: loaded 361M reads 
[15:17:31] Read1: loading completed with 44102 packs 
[15:17:32] Read2: loaded 361M reads 
[15:17:32] Read2: loading completed with 44102 packs 
[15:17:32] [fastp 1.3.3-d0bromir] Stage: loading (239378 ms) 
[15:17:32] [fastp 1.3.3-d0bromir] Stage: filtering 
[15:17:32] thread 9 data processing completed 
[15:17:32] thread 9 finished 
[15:17:32] thread 6 data processing completed 
[15:17:32] thread 6 finished 
[15:17:32] thread 5 data processing completed 
[15:17:32] thread 5 finished 
[15:17:32] thread 30 data processing completed 
[15:17:32] thread 30 finished 
[15:17:32] thread 24 data processing completed 
[15:17:32] thread 24 finished 
[15:17:32] thread 23 data processing completed 
[15:17:32] thread 23 finished 
[15:17:32] thread 31 data processing completed 
[15:17:32] thread 31 finished 
[15:17:32] thread 27 data processing completed 
[15:17:32] thread 27 finished 
[15:17:33] thread 10 data processing completed 
[15:17:33] thread 10 finished 
[15:17:33] thread 13 data processing completed 
[15:17:33] thread 13 finished 
[15:17:33] thread 11 data processing completed 
[15:17:33] thread 11 finished 
[15:17:33] thread 32 data processing completed 
[15:17:33] thread 32 finished 
[15:17:33] thread 2 data processing completed 
[15:17:33] thread 2 finished 
[15:17:33] thread 26 data processing completed 
[15:17:33] thread 26 finished 
[15:17:33] thread 21 data processing completed 
[15:17:33] thread 21 finished 
[15:17:33] thread 15 data processing completed 
[15:17:33] thread 15 finished 
[15:17:33] thread 22 data processing completed 
[15:17:33] thread 22 finished 
[15:17:33] thread 25 data processing completed 
[15:17:33] thread 25 finished 
[15:17:33] thread 14 data processing completed 
[15:17:33] thread 14 finished 
[15:17:33] thread 18 data processing completed 
[15:17:33] thread 18 finished 
[15:17:33] thread 28 data processing completed 
[15:17:33] thread 28 finished 
[15:17:33] thread 29 data processing completed 
[15:17:33] thread 29 finished 
[15:17:33] thread 1 data processing completed 
[15:17:33] thread 1 finished 
[15:17:33] thread 12 data processing completed 
[15:17:33] thread 12 finished 
[15:17:33] thread 3 data processing completed 
[15:17:33] thread 3 finished 
[15:17:33] thread 17 data processing completed 
[15:17:33] thread 17 finished 
[15:17:33] thread 16 data processing completed 
[15:17:33] thread 16 finished 
[15:17:33] thread 19 data processing completed 
[15:17:33] thread 19 finished 
[15:17:33] thread 7 data processing completed 
[15:17:33] thread 7 finished 
[15:17:33] thread 8 data processing completed 
[15:17:33] thread 8 finished 
[15:17:33] thread 20 data processing completed 
[15:17:33] thread 20 finished 
[15:17:33] thread 4 data processing completed 
[15:17:33] thread 4 finished 
[15:17:33] [fastp 1.3.3-d0bromir] Stage: filtering (587 ms) 
[15:17:33] [fastp 1.3.3-d0bromir] Stage: writing 
[15:17:33] /dev/shm/fastp_bench_SOXhnE_R1.fq.gz writer finished 
[15:17:33] /dev/shm/fastp_bench_K9EgW1_R2.fq.gz writer finished 
[15:17:33] [fastp 1.3.3-d0bromir] Stage: writing (28 ms) 
[15:17:33] start to generate reports
 
Read1 before filtering:
total reads: 361281611
total bases: 54192241650
Q20 bases: 54123398100(99.873%)
Q30 bases: 54123398100(99.873%)
Q40 bases: 0(0%)

Read2 before filtering:
total reads: 361281611
total bases: 54192241650
Q20 bases: 53855170050(99.378%)
Q30 bases: 53855170050(99.378%)
Q40 bases: 0(0%)

Read1 after filtering:
total reads: 358607374
total bases: 53574361382
Q20 bases: 53574361382(100%)
Q30 bases: 53574361382(100%)
Q40 bases: 0(0%)

Read2 after filtering:
total reads: 358607374
total bases: 53574361382
Q20 bases: 53574361382(100%)
Q30 bases: 53574361382(100%)
Q40 bases: 0(0%)

Filtering result:
reads passed filter: 717214748
reads failed due to low quality: 5328396
reads failed due to too many N: 20078
reads failed due to too short: 0
reads failed due to adapter dimer: 0
reads with adapter trimmed: 9627740
bases trimmed due to adapters: 442711160

Duplication rate: 5.60214%

Insert size peak (evaluated by paired-end reads): 269

JSON report: /dev/shm/fastp_bench_ZU5ymK.json
HTML report: /dev/null

/home/mpiuser/bioauto_rev/fastp_d0bromir/fastp-cpu -w 32 -j /dev/shm/fastp_bench_ZU5ymK.json -h /dev/null --verbose -i /home/mpiuser/FASTQ/WGS/DRR216653_1.fastq.gz -I /home/mpiuser/FASTQ/WGS/DRR216653_2.fastq.gz -o /dev/shm/fastp_bench_SOXhnE_R1.fq.gz -O /dev/shm/fastp_bench_K9EgW1_R2.fq.gz 
fastp v1.3.3-d0bromir, time used: 243 seconds
================================================================

================================================================
 Application  : d0bromir_gpu (/home/mpiuser/bioauto_rev/fastp_d0bromir/fastp)
 Dataset      : WGS PE 40G (DRR216653 R1+R2)
 Files        : R1=/home/mpiuser/FASTQ/WGS/DRR216653_1.fastq.gz
               R2=/home/mpiuser/FASTQ/WGS/DRR216653_2.fastq.gz
 Type         : PE
 Threads      : 32
 Wall time    : 242.755 s
 reads_in     : 722563222
 reads_out    : 717214748
 vs_opengene  : -64.9%
--- Resource usage ---
 CPU avg/peak : 2979.5% / 3548.5%
 RSS peak     : 4163 MiB
 GPU util a/p : 34.5% / 63.0%
 GPU mem peak : 1360 MiB
 Sample CSV   : /home/mpiuser/bioauto_rev/fastp_d0bromir/benchmark_results/20261004_150156/resources/resource_WGS_PE_40G_d0bromir_gpu_T32_1791127060.csv
--- Profiling output ---
[15:17:40] fastp 1.3.3-d0bromir starting 
[15:17:41] [GPU] CUDA GPU available (Device 0) - statistics GPU-accelerated (slots=8) 
[15:17:41] [fastp 1.3.3-d0bromir] Stage: loading 
[15:17:41] [GPU] CUDA GPU available (Device 1) - statistics GPU-accelerated (slots=8) 
[15:17:41] start to load data of read1 
[15:17:41] start to load data of read2 
[15:17:41] [GPU] Dual-GPU mode: Device 0 + Device 1 active 
[15:17:42] Read2: loaded 1M reads 
[15:17:42] Read1: loaded 1M reads 
[15:17:42] Read2: loaded 2M reads 
[15:17:43] Read1: loaded 2M reads 
[15:17:43] Read2: loaded 3M reads 
[15:17:43] Read1: loaded 3M reads 
[15:17:44] Read2: loaded 4M reads 
[15:17:44] Read1: loaded 4M reads 
[15:17:44] Read2: loaded 5M reads 
[15:17:44] Read1: loaded 5M reads 
[15:17:45] Read2: loaded 6M reads 
[15:17:45] Read1: loaded 6M reads 
[15:17:46] Read2: loaded 7M reads 
[15:17:46] Read1: loaded 7M reads 
[15:17:46] Read2: loaded 8M reads 
[15:17:46] Read1: loaded 8M reads 
[15:17:47] Read2: loaded 9M reads 
[15:17:47] Read1: loaded 9M reads 
[15:17:48] Read2: loaded 10M reads 
[15:17:48] Read1: loaded 10M reads 
[15:17:48] Read2: loaded 11M reads 
[15:17:48] Read1: loaded 11M reads 
[15:17:49] Read2: loaded 12M reads 
[15:17:49] Read1: loaded 12M reads 
[15:17:50] Read1: loaded 13M reads 
[15:17:50] Read2: loaded 13M reads 
[15:17:50] Read1: loaded 14M reads 
[15:17:50] Read2: loaded 14M reads 
[15:17:51] Read1: loaded 15M reads 
[15:17:51] Read2: loaded 15M reads 
[15:17:51] Read1: loaded 16M reads 
[15:17:51] Read2: loaded 16M reads 
[15:17:52] Read2: loaded 17M reads 
[15:17:52] Read1: loaded 17M reads 
[15:17:53] Read1: loaded 18M reads 
[15:17:53] Read2: loaded 18M reads 
[15:17:53] Read1: loaded 19M reads 
[15:17:53] Read2: loaded 19M reads 
[15:17:54] Read1: loaded 20M reads 
[15:17:54] Read2: loaded 20M reads 
[15:17:55] Read1: loaded 21M reads 
[15:17:55] Read2: loaded 21M reads 
[15:17:55] Read1: loaded 22M reads 
[15:17:55] Read2: loaded 22M reads 
[15:17:56] Read1: loaded 23M reads 
[15:17:56] Read2: loaded 23M reads 
[15:17:57] Read1: loaded 24M reads 
[15:17:57] Read2: loaded 24M reads 
[15:17:57] Read1: loaded 25M reads 
[15:17:57] Read2: loaded 25M reads 
[15:17:58] Read1: loaded 26M reads 
[15:17:58] Read2: loaded 26M reads 
[15:17:59] Read1: loaded 27M reads 
[15:17:59] Read2: loaded 27M reads 
[15:17:59] Read1: loaded 28M reads 
[15:17:59] Read2: loaded 28M reads 
[15:18:00] Read1: loaded 29M reads 
[15:18:00] Read2: loaded 29M reads 
[15:18:00] Read1: loaded 30M reads 
[15:18:00] Read2: loaded 30M reads 
[15:18:01] Read1: loaded 31M reads 
[15:18:01] Read2: loaded 31M reads 
[15:18:02] Read1: loaded 32M reads 
[15:18:02] Read2: loaded 32M reads 
[15:18:02] Read1: loaded 33M reads 
[15:18:02] Read2: loaded 33M reads 
[15:18:03] Read1: loaded 34M reads 
[15:18:03] Read2: loaded 34M reads 
[15:18:04] Read1: loaded 35M reads 
[15:18:04] Read2: loaded 35M reads 
[15:18:04] Read1: loaded 36M reads 
[15:18:04] Read2: loaded 36M reads 
[15:18:05] Read1: loaded 37M reads 
[15:18:05] Read2: loaded 37M reads 
[15:18:06] Read1: loaded 38M reads 
[15:18:06] Read2: loaded 38M reads 
[15:18:06] Read2: loaded 39M reads 
[15:18:06] Read1: loaded 39M reads 
[15:18:07] Read1: loaded 40M reads 
[15:18:07] Read2: loaded 40M reads 
[15:18:08] Read2: loaded 41M reads 
[15:18:08] Read1: loaded 41M reads 
[15:18:08] Read2: loaded 42M reads 
[15:18:08] Read1: loaded 42M reads 
[15:18:09] Read2: loaded 43M reads 
[15:18:09] Read1: loaded 43M reads 
[15:18:09] Read2: loaded 44M reads 
[15:18:10] Read1: loaded 44M reads 
[15:18:10] Read2: loaded 45M reads 
[15:18:10] Read1: loaded 45M reads 
[15:18:11] Read2: loaded 46M reads 
[15:18:11] Read1: loaded 46M reads 
[15:18:11] Read2: loaded 47M reads 
[15:18:11] Read1: loaded 47M reads 
[15:18:12] Read2: loaded 48M reads 
[15:18:12] Read1: loaded 48M reads 
[15:18:13] Read2: loaded 49M reads 
[15:18:13] Read1: loaded 49M reads 
[15:18:13] Read2: loaded 50M reads 
[15:18:13] Read1: loaded 50M reads 
[15:18:14] Read2: loaded 51M reads 
[15:18:14] Read1: loaded 51M reads 
[15:18:15] Read1: loaded 52M reads 
[15:18:15] Read2: loaded 52M reads 
[15:18:15] Read2: loaded 53M reads 
[15:18:15] Read1: loaded 53M reads 
[15:18:16] Read2: loaded 54M reads 
[15:18:16] Read1: loaded 54M reads 
[15:18:17] Read1: loaded 55M reads 
[15:18:17] Read2: loaded 55M reads 
[15:18:17] Read2: loaded 56M reads 
[15:18:17] Read1: loaded 56M reads 
[15:18:18] Read1: loaded 57M reads 
[15:18:18] Read2: loaded 57M reads 
[15:18:19] Read1: loaded 58M reads 
[15:18:19] Read2: loaded 58M reads 
[15:18:19] Read1: loaded 59M reads 
[15:18:19] Read2: loaded 59M reads 
[15:18:20] Read1: loaded 60M reads 
[15:18:20] Read2: loaded 60M reads 
[15:18:20] Read2: loaded 61M reads 
[15:18:20] Read1: loaded 61M reads 
[15:18:21] Read1: loaded 62M reads 
[15:18:21] Read2: loaded 62M reads 
[15:18:22] Read1: loaded 63M reads 
[15:18:22] Read2: loaded 63M reads 
[15:18:22] Read1: loaded 64M reads 
[15:18:22] Read2: loaded 64M reads 
[15:18:23] Read1: loaded 65M reads 
[15:18:23] Read2: loaded 65M reads 
[15:18:24] Read2: loaded 66M reads 
[15:18:24] Read1: loaded 66M reads 
[15:18:24] Read1: loaded 67M reads 
[15:18:24] Read2: loaded 67M reads 
[15:18:25] Read1: loaded 68M reads 
[15:18:25] Read2: loaded 68M reads 
[15:18:26] Read1: loaded 69M reads 
[15:18:26] Read2: loaded 69M reads 
[15:18:26] Read1: loaded 70M reads 
[15:18:26] Read2: loaded 70M reads 
[15:18:27] Read1: loaded 71M reads 
[15:18:27] Read2: loaded 71M reads 
[15:18:28] Read2: loaded 72M reads 
[15:18:28] Read1: loaded 72M reads 
[15:18:28] Read1: loaded 73M reads 
[15:18:28] Read2: loaded 73M reads 
[15:18:29] Read2: loaded 74M reads 
[15:18:29] Read1: loaded 74M reads 
[15:18:30] Read1: loaded 75M reads 
[15:18:30] Read2: loaded 75M reads 
[15:18:30] Read1: loaded 76M reads 
[15:18:30] Read2: loaded 76M reads 
[15:18:31] Read1: loaded 77M reads 
[15:18:31] Read2: loaded 77M reads 
[15:18:32] Read1: loaded 78M reads 
[15:18:32] Read2: loaded 78M reads 
[15:18:32] Read1: loaded 79M reads 
[15:18:32] Read2: loaded 79M reads 
[15:18:33] Read1: loaded 80M reads 
[15:18:33] Read2: loaded 80M reads 
[15:18:34] Read2: loaded 81M reads 
[15:18:34] Read1: loaded 81M reads 
[15:18:34] Read1: loaded 82M reads 
[15:18:34] Read2: loaded 82M reads 
[15:18:35] Read1: loaded 83M reads 
[15:18:35] Read2: loaded 83M reads 
[15:18:35] Read1: loaded 84M reads 
[15:18:35] Read2: loaded 84M reads 
[15:18:36] Read1: loaded 85M reads 
[15:18:36] Read2: loaded 85M reads 
[15:18:37] Read1: loaded 86M reads 
[15:18:37] Read2: loaded 86M reads 
[15:18:37] Read1: loaded 87M reads 
[15:18:37] Read2: loaded 87M reads 
[15:18:38] Read2: loaded 88M reads 
[15:18:38] Read1: loaded 88M reads 
[15:18:39] Read1: loaded 89M reads 
[15:18:39] Read2: loaded 89M reads 
[15:18:39] Read1: loaded 90M reads 
[15:18:39] Read2: loaded 90M reads 
[15:18:40] Read1: loaded 91M reads 
[15:18:40] Read2: loaded 91M reads 
[15:18:41] Read1: loaded 92M reads 
[15:18:41] Read2: loaded 92M reads 
[15:18:41] Read2: loaded 93M reads 
[15:18:41] Read1: loaded 93M reads 
[15:18:42] Read1: loaded 94M reads 
[15:18:42] Read2: loaded 94M reads 
[15:18:43] Read1: loaded 95M reads 
[15:18:43] Read2: loaded 95M reads 
[15:18:43] Read1: loaded 96M reads 
[15:18:43] Read2: loaded 96M reads 
[15:18:44] Read1: loaded 97M reads 
[15:18:44] Read2: loaded 97M reads 
[15:18:45] Read2: loaded 98M reads 
[15:18:45] Read1: loaded 98M reads 
[15:18:45] Read1: loaded 99M reads 
[15:18:45] Read2: loaded 99M reads 
[15:18:46] Read1: loaded 100M reads 
[15:18:46] Read2: loaded 100M reads 
[15:18:46] Read1: loaded 101M reads 
[15:18:47] Read2: loaded 101M reads 
[15:18:47] Read1: loaded 102M reads 
[15:18:47] Read2: loaded 102M reads 
[15:18:48] Read1: loaded 103M reads 
[15:18:48] Read2: loaded 103M reads 
[15:18:48] Read1: loaded 104M reads 
[15:18:48] Read2: loaded 104M reads 
[15:18:49] Read2: loaded 105M reads 
[15:18:49] Read1: loaded 105M reads 
[15:18:50] Read1: loaded 106M reads 
[15:18:50] Read2: loaded 106M reads 
[15:18:50] Read1: loaded 107M reads 
[15:18:50] Read2: loaded 107M reads 
[15:18:51] Read1: loaded 108M reads 
[15:18:51] Read2: loaded 108M reads 
[15:18:52] Read2: loaded 109M reads 
[15:18:52] Read1: loaded 109M reads 
[15:18:52] Read2: loaded 110M reads 
[15:18:52] Read1: loaded 110M reads 
[15:18:53] Read2: loaded 111M reads 
[15:18:53] Read1: loaded 111M reads 
[15:18:54] Read2: loaded 112M reads 
[15:18:54] Read1: loaded 112M reads 
[15:18:54] Read2: loaded 113M reads 
[15:18:54] Read1: loaded 113M reads 
[15:18:55] Read2: loaded 114M reads 
[15:18:55] Read1: loaded 114M reads 
[15:18:56] Read2: loaded 115M reads 
[15:18:56] Read1: loaded 115M reads 
[15:18:57] Read2: loaded 116M reads 
[15:18:57] Read1: loaded 116M reads 
[15:18:57] Read1: loaded 117M reads 
[15:18:57] Read2: loaded 117M reads 
[15:18:58] Read1: loaded 118M reads 
[15:18:58] Read2: loaded 118M reads 
[15:18:59] Read1: loaded 119M reads 
[15:18:59] Read2: loaded 119M reads 
[15:18:59] Read1: loaded 120M reads 
[15:18:59] Read2: loaded 120M reads 
[15:19:00] Read1: loaded 121M reads 
[15:19:00] Read2: loaded 121M reads 
[15:19:01] Read1: loaded 122M reads 
[15:19:01] Read2: loaded 122M reads 
[15:19:01] Read1: loaded 123M reads 
[15:19:01] Read2: loaded 123M reads 
[15:19:02] Read1: loaded 124M reads 
[15:19:02] Read2: loaded 124M reads 
[15:19:02] Read1: loaded 125M reads 
[15:19:03] Read2: loaded 125M reads 
[15:19:03] Read1: loaded 126M reads 
[15:19:03] Read2: loaded 126M reads 
[15:19:04] Read1: loaded 127M reads 
[15:19:04] Read2: loaded 127M reads 
[15:19:04] Read1: loaded 128M reads 
[15:19:05] Read2: loaded 128M reads 
[15:19:05] Read1: loaded 129M reads 
[15:19:05] Read2: loaded 129M reads 
[15:19:06] Read1: loaded 130M reads 
[15:19:06] Read2: loaded 130M reads 
[15:19:06] Read1: loaded 131M reads 
[15:19:07] Read2: loaded 131M reads 
[15:19:07] Read1: loaded 132M reads 
[15:19:07] Read2: loaded 132M reads 
[15:19:08] Read1: loaded 133M reads 
[15:19:08] Read2: loaded 133M reads 
[15:19:08] Read1: loaded 134M reads 
[15:19:08] Read2: loaded 134M reads 
[15:19:09] Read1: loaded 135M reads 
[15:19:09] Read2: loaded 135M reads 
[15:19:10] Read1: loaded 136M reads 
[15:19:10] Read2: loaded 136M reads 
[15:19:10] Read1: loaded 137M reads 
[15:19:10] Read2: loaded 137M reads 
[15:19:11] Read1: loaded 138M reads 
[15:19:11] Read2: loaded 138M reads 
[15:19:12] Read1: loaded 139M reads 
[15:19:12] Read2: loaded 139M reads 
[15:19:12] Read1: loaded 140M reads 
[15:19:12] Read2: loaded 140M reads 
[15:19:13] Read1: loaded 141M reads 
[15:19:13] Read2: loaded 141M reads 
[15:19:13] Read1: loaded 142M reads 
[15:19:14] Read2: loaded 142M reads 
[15:19:14] Read1: loaded 143M reads 
[15:19:14] Read2: loaded 143M reads 
[15:19:15] Read1: loaded 144M reads 
[15:19:15] Read2: loaded 144M reads 
[15:19:15] Read1: loaded 145M reads 
[15:19:16] Read2: loaded 145M reads 
[15:19:16] Read1: loaded 146M reads 
[15:19:16] Read2: loaded 146M reads 
[15:19:17] Read1: loaded 147M reads 
[15:19:17] Read2: loaded 147M reads 
[15:19:17] Read1: loaded 148M reads 
[15:19:18] Read2: loaded 148M reads 
[15:19:18] Read1: loaded 149M reads 
[15:19:18] Read2: loaded 149M reads 
[15:19:19] Read1: loaded 150M reads 
[15:19:19] Read2: loaded 150M reads 
[15:19:19] Read1: loaded 151M reads 
[15:19:19] Read2: loaded 151M reads 
[15:19:20] Read1: loaded 152M reads 
[15:19:20] Read2: loaded 152M reads 
[15:19:21] Read1: loaded 153M reads 
[15:19:21] Read2: loaded 153M reads 
[15:19:21] Read1: loaded 154M reads 
[15:19:21] Read2: loaded 154M reads 
[15:19:22] Read1: loaded 155M reads 
[15:19:22] Read2: loaded 155M reads 
[15:19:23] Read1: loaded 156M reads 
[15:19:23] Read2: loaded 156M reads 
[15:19:23] Read1: loaded 157M reads 
[15:19:23] Read2: loaded 157M reads 
[15:19:24] Read1: loaded 158M reads 
[15:19:24] Read2: loaded 158M reads 
[15:19:24] Read1: loaded 159M reads 
[15:19:25] Read2: loaded 159M reads 
[15:19:25] Read1: loaded 160M reads 
[15:19:25] Read2: loaded 160M reads 
[15:19:26] Read1: loaded 161M reads 
[15:19:26] Read2: loaded 161M reads 
[15:19:26] Read1: loaded 162M reads 
[15:19:27] Read2: loaded 162M reads 
[15:19:27] Read1: loaded 163M reads 
[15:19:27] Read2: loaded 163M reads 
[15:19:28] Read1: loaded 164M reads 
[15:19:28] Read2: loaded 164M reads 
[15:19:28] Read1: loaded 165M reads 
[15:19:29] Read2: loaded 165M reads 
[15:19:29] Read1: loaded 166M reads 
[15:19:29] Read2: loaded 166M reads 
[15:19:30] Read1: loaded 167M reads 
[15:19:30] Read2: loaded 167M reads 
[15:19:30] Read1: loaded 168M reads 
[15:19:31] Read2: loaded 168M reads 
[15:19:31] Read1: loaded 169M reads 
[15:19:31] Read2: loaded 169M reads 
[15:19:32] Read1: loaded 170M reads 
[15:19:32] Read2: loaded 170M reads 
[15:19:32] Read1: loaded 171M reads 
[15:19:32] Read2: loaded 171M reads 
[15:19:33] Read1: loaded 172M reads 
[15:19:33] Read2: loaded 172M reads 
[15:19:34] Read1: loaded 173M reads 
[15:19:34] Read2: loaded 173M reads 
[15:19:34] Read1: loaded 174M reads 
[15:19:34] Read2: loaded 174M reads 
[15:19:35] Read1: loaded 175M reads 
[15:19:35] Read2: loaded 175M reads 
[15:19:35] Read1: loaded 176M reads 
[15:19:36] Read2: loaded 176M reads 
[15:19:36] Read1: loaded 177M reads 
[15:19:36] Read2: loaded 177M reads 
[15:19:37] Read1: loaded 178M reads 
[15:19:37] Read2: loaded 178M reads 
[15:19:37] Read1: loaded 179M reads 
[15:19:38] Read2: loaded 179M reads 
[15:19:38] Read1: loaded 180M reads 
[15:19:38] Read2: loaded 180M reads 
[15:19:39] Read1: loaded 181M reads 
[15:19:39] Read2: loaded 181M reads 
[15:19:39] Read1: loaded 182M reads 
[15:19:40] Read2: loaded 182M reads 
[15:19:40] Read1: loaded 183M reads 
[15:19:40] Read2: loaded 183M reads 
[15:19:41] Read1: loaded 184M reads 
[15:19:41] Read2: loaded 184M reads 
[15:19:41] Read1: loaded 185M reads 
[15:19:42] Read2: loaded 185M reads 
[15:19:42] Read1: loaded 186M reads 
[15:19:42] Read2: loaded 186M reads 
[15:19:43] Read1: loaded 187M reads 
[15:19:43] Read2: loaded 187M reads 
[15:19:43] Read1: loaded 188M reads 
[15:19:44] Read2: loaded 188M reads 
[15:19:44] Read1: loaded 189M reads 
[15:19:44] Read2: loaded 189M reads 
[15:19:45] Read1: loaded 190M reads 
[15:19:45] Read2: loaded 190M reads 
[15:19:45] Read1: loaded 191M reads 
[15:19:45] Read2: loaded 191M reads 
[15:19:46] Read1: loaded 192M reads 
[15:19:46] Read2: loaded 192M reads 
[15:19:47] Read1: loaded 193M reads 
[15:19:47] Read2: loaded 193M reads 
[15:19:47] Read1: loaded 194M reads 
[15:19:47] Read2: loaded 194M reads 
[15:19:48] Read1: loaded 195M reads 
[15:19:48] Read2: loaded 195M reads 
[15:19:49] Read1: loaded 196M reads 
[15:19:49] Read2: loaded 196M reads 
[15:19:49] Read1: loaded 197M reads 
[15:19:49] Read2: loaded 197M reads 
[15:19:50] Read1: loaded 198M reads 
[15:19:50] Read2: loaded 198M reads 
[15:19:51] Read1: loaded 199M reads 
[15:19:51] Read2: loaded 199M reads 
[15:19:51] Read1: loaded 200M reads 
[15:19:51] Read2: loaded 200M reads 
[15:19:52] Read1: loaded 201M reads 
[15:19:52] Read2: loaded 201M reads 
[15:19:52] Read1: loaded 202M reads 
[15:19:53] Read2: loaded 202M reads 
[15:19:53] Read1: loaded 203M reads 
[15:19:53] Read2: loaded 203M reads 
[15:19:54] Read1: loaded 204M reads 
[15:19:54] Read2: loaded 204M reads 
[15:19:54] Read1: loaded 205M reads 
[15:19:55] Read2: loaded 205M reads 
[15:19:55] Read1: loaded 206M reads 
[15:19:55] Read2: loaded 206M reads 
[15:19:56] Read1: loaded 207M reads 
[15:19:56] Read2: loaded 207M reads 
[15:19:56] Read1: loaded 208M reads 
[15:19:57] Read2: loaded 208M reads 
[15:19:57] Read1: loaded 209M reads 
[15:19:57] Read2: loaded 209M reads 
[15:19:58] Read1: loaded 210M reads 
[15:19:58] Read2: loaded 210M reads 
[15:19:58] Read1: loaded 211M reads 
[15:19:59] Read2: loaded 211M reads 
[15:19:59] Read1: loaded 212M reads 
[15:19:59] Read2: loaded 212M reads 
[15:20:00] Read1: loaded 213M reads 
[15:20:00] Read2: loaded 213M reads 
[15:20:00] Read1: loaded 214M reads 
[15:20:00] Read2: loaded 214M reads 
[15:20:01] Read1: loaded 215M reads 
[15:20:01] Read2: loaded 215M reads 
[15:20:02] Read1: loaded 216M reads 
[15:20:02] Read2: loaded 216M reads 
[15:20:02] Read1: loaded 217M reads 
[15:20:02] Read2: loaded 217M reads 
[15:20:03] Read1: loaded 218M reads 
[15:20:03] Read2: loaded 218M reads 
[15:20:04] Read1: loaded 219M reads 
[15:20:04] Read2: loaded 219M reads 
[15:20:04] Read1: loaded 220M reads 
[15:20:04] Read2: loaded 220M reads 
[15:20:05] Read1: loaded 221M reads 
[15:20:05] Read2: loaded 221M reads 
[15:20:06] Read1: loaded 222M reads 
[15:20:06] Read2: loaded 222M reads 
[15:20:06] Read1: loaded 223M reads 
[15:20:06] Read2: loaded 223M reads 
[15:20:07] Read1: loaded 224M reads 
[15:20:07] Read2: loaded 224M reads 
[15:20:07] Read1: loaded 225M reads 
[15:20:08] Read2: loaded 225M reads 
[15:20:08] Read1: loaded 226M reads 
[15:20:08] Read2: loaded 226M reads 
[15:20:09] Read1: loaded 227M reads 
[15:20:09] Read2: loaded 227M reads 
[15:20:09] Read1: loaded 228M reads 
[15:20:10] Read2: loaded 228M reads 
[15:20:10] Read1: loaded 229M reads 
[15:20:10] Read2: loaded 229M reads 
[15:20:11] Read1: loaded 230M reads 
[15:20:11] Read2: loaded 230M reads 
[15:20:11] Read1: loaded 231M reads 
[15:20:12] Read2: loaded 231M reads 
[15:20:12] Read1: loaded 232M reads 
[15:20:12] Read2: loaded 232M reads 
[15:20:13] Read1: loaded 233M reads 
[15:20:13] Read2: loaded 233M reads 
[15:20:13] Read1: loaded 234M reads 
[15:20:14] Read2: loaded 234M reads 
[15:20:14] Read1: loaded 235M reads 
[15:20:14] Read2: loaded 235M reads 
[15:20:15] Read1: loaded 236M reads 
[15:20:15] Read2: loaded 236M reads 
[15:20:15] Read1: loaded 237M reads 
[15:20:16] Read2: loaded 237M reads 
[15:20:16] Read1: loaded 238M reads 
[15:20:16] Read2: loaded 238M reads 
[15:20:17] Read1: loaded 239M reads 
[15:20:17] Read2: loaded 239M reads 
[15:20:17] Read1: loaded 240M reads 
[15:20:18] Read2: loaded 240M reads 
[15:20:18] Read1: loaded 241M reads 
[15:20:18] Read2: loaded 241M reads 
[15:20:19] Read1: loaded 242M reads 
[15:20:19] Read2: loaded 242M reads 
[15:20:19] Read1: loaded 243M reads 
[15:20:20] Read2: loaded 243M reads 
[15:20:20] Read1: loaded 244M reads 
[15:20:20] Read2: loaded 244M reads 
[15:20:21] Read1: loaded 245M reads 
[15:20:21] Read2: loaded 245M reads 
[15:20:21] Read1: loaded 246M reads 
[15:20:21] Read2: loaded 246M reads 
[15:20:22] Read1: loaded 247M reads 
[15:20:22] Read2: loaded 247M reads 
[15:20:23] Read1: loaded 248M reads 
[15:20:23] Read2: loaded 248M reads 
[15:20:23] Read1: loaded 249M reads 
[15:20:23] Read2: loaded 249M reads 
[15:20:24] Read1: loaded 250M reads 
[15:20:24] Read2: loaded 250M reads 
[15:20:24] Read1: loaded 251M reads 
[15:20:25] Read2: loaded 251M reads 
[15:20:25] Read1: loaded 252M reads 
[15:20:25] Read2: loaded 252M reads 
[15:20:26] Read1: loaded 253M reads 
[15:20:26] Read2: loaded 253M reads 
[15:20:26] Read1: loaded 254M reads 
[15:20:27] Read2: loaded 254M reads 
[15:20:27] Read1: loaded 255M reads 
[15:20:27] Read2: loaded 255M reads 
[15:20:28] Read1: loaded 256M reads 
[15:20:28] Read2: loaded 256M reads 
[15:20:28] Read1: loaded 257M reads 
[15:20:29] Read2: loaded 257M reads 
[15:20:29] Read1: loaded 258M reads 
[15:20:29] Read2: loaded 258M reads 
[15:20:30] Read1: loaded 259M reads 
[15:20:30] Read2: loaded 259M reads 
[15:20:30] Read1: loaded 260M reads 
[15:20:31] Read2: loaded 260M reads 
[15:20:31] Read1: loaded 261M reads 
[15:20:31] Read2: loaded 261M reads 
[15:20:32] Read1: loaded 262M reads 
[15:20:32] Read2: loaded 262M reads 
[15:20:32] Read1: loaded 263M reads 
[15:20:33] Read2: loaded 263M reads 
[15:20:33] Read1: loaded 264M reads 
[15:20:33] Read2: loaded 264M reads 
[15:20:34] Read1: loaded 265M reads 
[15:20:34] Read2: loaded 265M reads 
[15:20:34] Read1: loaded 266M reads 
[15:20:35] Read2: loaded 266M reads 
[15:20:35] Read1: loaded 267M reads 
[15:20:35] Read2: loaded 267M reads 
[15:20:36] Read1: loaded 268M reads 
[15:20:36] Read2: loaded 268M reads 
[15:20:36] Read1: loaded 269M reads 
[15:20:36] Read2: loaded 269M reads 
[15:20:37] Read1: loaded 270M reads 
[15:20:37] Read2: loaded 270M reads 
[15:20:38] Read1: loaded 271M reads 
[15:20:38] Read2: loaded 271M reads 
[15:20:38] Read1: loaded 272M reads 
[15:20:38] Read2: loaded 272M reads 
[15:20:39] Read1: loaded 273M reads 
[15:20:39] Read2: loaded 273M reads 
[15:20:39] Read1: loaded 274M reads 
[15:20:40] Read2: loaded 274M reads 
[15:20:40] Read1: loaded 275M reads 
[15:20:40] Read2: loaded 275M reads 
[15:20:41] Read1: loaded 276M reads 
[15:20:41] Read2: loaded 276M reads 
[15:20:41] Read1: loaded 277M reads 
[15:20:42] Read2: loaded 277M reads 
[15:20:42] Read1: loaded 278M reads 
[15:20:42] Read2: loaded 278M reads 
[15:20:43] Read1: loaded 279M reads 
[15:20:43] Read2: loaded 279M reads 
[15:20:43] Read1: loaded 280M reads 
[15:20:44] Read2: loaded 280M reads 
[15:20:44] Read1: loaded 281M reads 
[15:20:44] Read2: loaded 281M reads 
[15:20:45] Read1: loaded 282M reads 
[15:20:45] Read2: loaded 282M reads 
[15:20:45] Read1: loaded 283M reads 
[15:20:46] Read2: loaded 283M reads 
[15:20:46] Read1: loaded 284M reads 
[15:20:46] Read2: loaded 284M reads 
[15:20:47] Read1: loaded 285M reads 
[15:20:47] Read2: loaded 285M reads 
[15:20:47] Read1: loaded 286M reads 
[15:20:48] Read2: loaded 286M reads 
[15:20:48] Read1: loaded 287M reads 
[15:20:48] Read2: loaded 287M reads 
[15:20:49] Read1: loaded 288M reads 
[15:20:49] Read2: loaded 288M reads 
[15:20:49] Read1: loaded 289M reads 
[15:20:50] Read2: loaded 289M reads 
[15:20:50] Read1: loaded 290M reads 
[15:20:50] Read2: loaded 290M reads 
[15:20:51] Read1: loaded 291M reads 
[15:20:51] Read2: loaded 291M reads 
[15:20:51] Read1: loaded 292M reads 
[15:20:52] Read2: loaded 292M reads 
[15:20:52] Read1: loaded 293M reads 
[15:20:53] Read2: loaded 293M reads 
[15:20:53] Read1: loaded 294M reads 
[15:20:53] Read2: loaded 294M reads 
[15:20:54] Read1: loaded 295M reads 
[15:20:54] Read2: loaded 295M reads 
[15:20:54] Read1: loaded 296M reads 
[15:20:55] Read2: loaded 296M reads 
[15:20:55] Read1: loaded 297M reads 
[15:20:55] Read2: loaded 297M reads 
[15:20:56] Read1: loaded 298M reads 
[15:20:56] Read2: loaded 298M reads 
[15:20:56] Read1: loaded 299M reads 
[15:20:57] Read2: loaded 299M reads 
[15:20:57] Read1: loaded 300M reads 
[15:20:57] Read2: loaded 300M reads 
[15:20:58] Read1: loaded 301M reads 
[15:20:58] Read2: loaded 301M reads 
[15:20:58] Read1: loaded 302M reads 
[15:20:59] Read2: loaded 302M reads 
[15:20:59] Read1: loaded 303M reads 
[15:20:59] Read2: loaded 303M reads 
[15:21:00] Read1: loaded 304M reads 
[15:21:00] Read2: loaded 304M reads 
[15:21:00] Read1: loaded 305M reads 
[15:21:01] Read2: loaded 305M reads 
[15:21:01] Read1: loaded 306M reads 
[15:21:02] Read2: loaded 306M reads 
[15:21:02] Read1: loaded 307M reads 
[15:21:02] Read2: loaded 307M reads 
[15:21:02] Read1: loaded 308M reads 
[15:21:03] Read2: loaded 308M reads 
[15:21:03] Read1: loaded 309M reads 
[15:21:04] Read2: loaded 309M reads 
[15:21:04] Read1: loaded 310M reads 
[15:21:04] Read2: loaded 310M reads 
[15:21:04] Read1: loaded 311M reads 
[15:21:05] Read2: loaded 311M reads 
[15:21:05] Read1: loaded 312M reads 
[15:21:06] Read2: loaded 312M reads 
[15:21:06] Read1: loaded 313M reads 
[15:21:06] Read2: loaded 313M reads 
[15:21:06] Read1: loaded 314M reads 
[15:21:07] Read2: loaded 314M reads 
[15:21:07] Read1: loaded 315M reads 
[15:21:08] Read2: loaded 315M reads 
[15:21:08] Read1: loaded 316M reads 
[15:21:08] Read2: loaded 316M reads 
[15:21:08] Read1: loaded 317M reads 
[15:21:09] Read2: loaded 317M reads 
[15:21:09] Read1: loaded 318M reads 
[15:21:10] Read2: loaded 318M reads 
[15:21:10] Read1: loaded 319M reads 
[15:21:10] Read2: loaded 319M reads 
[15:21:11] Read1: loaded 320M reads 
[15:21:11] Read2: loaded 320M reads 
[15:21:11] Read1: loaded 321M reads 
[15:21:12] Read2: loaded 321M reads 
[15:21:12] Read1: loaded 322M reads 
[15:21:12] Read2: loaded 322M reads 
[15:21:13] Read1: loaded 323M reads 
[15:21:13] Read2: loaded 323M reads 
[15:21:13] Read1: loaded 324M reads 
[15:21:14] Read2: loaded 324M reads 
[15:21:14] Read1: loaded 325M reads 
[15:21:14] Read2: loaded 325M reads 
[15:21:15] Read1: loaded 326M reads 
[15:21:15] Read2: loaded 326M reads 
[15:21:15] Read1: loaded 327M reads 
[15:21:16] Read2: loaded 327M reads 
[15:21:16] Read1: loaded 328M reads 
[15:21:17] Read2: loaded 328M reads 
[15:21:17] Read1: loaded 329M reads 
[15:21:17] Read2: loaded 329M reads 
[15:21:17] Read1: loaded 330M reads 
[15:21:18] Read2: loaded 330M reads 
[15:21:18] Read1: loaded 331M reads 
[15:21:19] Read2: loaded 331M reads 
[15:21:19] Read1: loaded 332M reads 
[15:21:19] Read2: loaded 332M reads 
[15:21:19] Read1: loaded 333M reads 
[15:21:20] Read2: loaded 333M reads 
[15:21:20] Read1: loaded 334M reads 
[15:21:21] Read2: loaded 334M reads 
[15:21:21] Read1: loaded 335M reads 
[15:21:21] Read2: loaded 335M reads 
[15:21:21] Read1: loaded 336M reads 
[15:21:22] Read2: loaded 336M reads 
[15:21:22] Read1: loaded 337M reads 
[15:21:23] Read2: loaded 337M reads 
[15:21:23] Read1: loaded 338M reads 
[15:21:23] Read2: loaded 338M reads 
[15:21:24] Read1: loaded 339M reads 
[15:21:24] Read2: loaded 339M reads 
[15:21:24] Read1: loaded 340M reads 
[15:21:25] Read2: loaded 340M reads 
[15:21:25] Read1: loaded 341M reads 
[15:21:25] Read2: loaded 341M reads 
[15:21:26] Read1: loaded 342M reads 
[15:21:26] Read2: loaded 342M reads 
[15:21:26] Read1: loaded 343M reads 
[15:21:27] Read2: loaded 343M reads 
[15:21:27] Read1: loaded 344M reads 
[15:21:28] Read2: loaded 344M reads 
[15:21:28] Read1: loaded 345M reads 
[15:21:28] Read2: loaded 345M reads 
[15:21:28] Read1: loaded 346M reads 
[15:21:29] Read2: loaded 346M reads 
[15:21:29] Read1: loaded 347M reads 
[15:21:30] Read2: loaded 347M reads 
[15:21:30] Read1: loaded 348M reads 
[15:21:30] Read2: loaded 348M reads 
[15:21:30] Read1: loaded 349M reads 
[15:21:31] Read2: loaded 349M reads 
[15:21:31] Read1: loaded 350M reads 
[15:21:32] Read2: loaded 350M reads 
[15:21:32] Read1: loaded 351M reads 
[15:21:32] Read2: loaded 351M reads 
[15:21:32] Read1: loaded 352M reads 
[15:21:33] Read2: loaded 352M reads 
[15:21:33] Read1: loaded 353M reads 
[15:21:34] Read2: loaded 353M reads 
[15:21:34] Read1: loaded 354M reads 
[15:21:34] Read2: loaded 354M reads 
[15:21:34] Read1: loaded 355M reads 
[15:21:35] Read2: loaded 355M reads 
[15:21:35] Read1: loaded 356M reads 
[15:21:36] Read2: loaded 356M reads 
[15:21:36] Read1: loaded 357M reads 
[15:21:36] Read2: loaded 357M reads 
[15:21:36] Read1: loaded 358M reads 
[15:21:37] Read2: loaded 358M reads 
[15:21:37] Read1: loaded 359M reads 
[15:21:38] Read2: loaded 359M reads 
[15:21:38] Read1: loaded 360M reads 
[15:21:38] Read2: loaded 360M reads 
[15:21:38] Read1: loaded 361M reads 
[15:21:39] Read1: loading completed with 44102 packs 
[15:21:39] Read2: loaded 361M reads 
[15:21:39] Read2: loading completed with 44102 packs 
[15:21:39] [fastp 1.3.3-d0bromir] Stage: loading (238292 ms) 
[15:21:39] [fastp 1.3.3-d0bromir] Stage: filtering 
[15:21:40] thread 7 data processing completed 
[15:21:40] thread 7 finished 
[15:21:40] thread 8 data processing completed 
[15:21:40] thread 8 finished 
[15:21:40] thread 13 data processing completed 
[15:21:40] thread 13 finished 
[15:21:40] thread 32 data processing completed 
[15:21:40] thread 32 finished 
[15:21:40] thread 11 data processing completed 
[15:21:40] thread 11 finished 
[15:21:40] thread 25 data processing completed 
[15:21:40] thread 25 finished 
[15:21:40] thread 10 data processing completed 
[15:21:40] thread 10 finished 
[15:21:40] thread 3 data processing completed 
[15:21:40] thread 3 finished 
[15:21:40] thread 27 data processing completed 
[15:21:40] thread 27 finished 
[15:21:40] thread 21 data processing completed 
[15:21:40] thread 21 finished 
[15:21:40] thread 26 data processing completed 
[15:21:40] thread 26 finished 
[15:21:40] thread 5 data processing completed 
[15:21:40] thread 5 finished 
[15:21:40] thread 20 data processing completed 
[15:21:40] thread 20 finished 
[15:21:40] thread 15 data processing completed 
[15:21:40] thread 15 finished 
[15:21:40] thread 16 data processing completed 
[15:21:40] thread 16 finished 
[15:21:40] thread 1 data processing completed 
[15:21:40] thread 1 finished 
[15:21:40] thread 17 data processing completed 
[15:21:40] thread 17 finished 
[15:21:40] thread 28 data processing completed 
[15:21:40] thread 28 finished 
[15:21:40] thread 31 data processing completed 
[15:21:40] thread 31 finished 
[15:21:40] thread 18 data processing completed 
[15:21:40] thread 18 finished 
[15:21:40] thread 30 data processing completed 
[15:21:40] thread 30 finished 
[15:21:40] thread 9 data processing completed 
[15:21:40] thread 9 finished 
[15:21:40] thread 14 data processing completed 
[15:21:40] thread 14 finished 
[15:21:40] thread 2 data processing completed 
[15:21:40] thread 2 finished 
[15:21:40] thread 12 data processing completed 
[15:21:40] thread 12 finished 
[15:21:40] thread 19 data processing completed 
[15:21:40] thread 19 finished 
[15:21:40] thread 23 data processing completed 
[15:21:40] thread 23 finished 
[15:21:40] thread 22 data processing completed 
[15:21:40] thread 22 finished 
[15:21:40] thread 4 data processing completed 
[15:21:40] thread 4 finished 
[15:21:40] thread 29 data processing completed 
[15:21:40] thread 29 finished 
[15:21:40] thread 24 data processing completed 
[15:21:40] thread 24 finished 
[15:21:40] thread 6 data processing completed 
[15:21:40] thread 6 finished 
[15:21:40] [fastp 1.3.3-d0bromir] Stage: filtering (628 ms) 
[15:21:40] [fastp 1.3.3-d0bromir] Stage: writing 
[15:21:40] /dev/shm/fastp_bench_fuQXD9_R1.fq.gz writer finished 
[15:21:40] /dev/shm/fastp_bench_E74E6E_R2.fq.gz writer finished 
[15:21:40] [fastp 1.3.3-d0bromir] Stage: writing (27 ms) 
[15:21:40] [GPU] Device 0: batches=44102 reads=361283584 
[15:21:40] [GPU] Device 1: batches=44102 reads=361279638 
[15:21:40] start to generate reports
 
Read1 before filtering:
total reads: 361281611
total bases: 54192241650
Q20 bases: 54123398100(99.873%)
Q30 bases: 54123398100(99.873%)
Q40 bases: 0(0%)

Read2 before filtering:
total reads: 361281611
total bases: 54192241650
Q20 bases: 53855170050(99.378%)
Q30 bases: 53855170050(99.378%)
Q40 bases: 0(0%)

Read1 after filtering:
total reads: 358607374
total bases: 53574361382
Q20 bases: 53574361382(100%)
Q30 bases: 53574361382(100%)
Q40 bases: 0(0%)

Read2 after filtering:
total reads: 358607374
total bases: 53574361382
Q20 bases: 53574361382(100%)
Q30 bases: 53574361382(100%)
Q40 bases: 0(0%)

Filtering result:
reads passed filter: 717214748
reads failed due to low quality: 5328396
reads failed due to too many N: 20078
reads failed due to too short: 0
reads failed due to adapter dimer: 0
reads with adapter trimmed: 9627740
bases trimmed due to adapters: 442711160

Duplication rate: 5.60214%

Insert size peak (evaluated by paired-end reads): 269

JSON report: /dev/shm/fastp_bench_gc1tPS.json
HTML report: /dev/null

/home/mpiuser/bioauto_rev/fastp_d0bromir/fastp -w 32 -j /dev/shm/fastp_bench_gc1tPS.json -h /dev/null --verbose -i /home/mpiuser/FASTQ/WGS/DRR216653_1.fastq.gz -I /home/mpiuser/FASTQ/WGS/DRR216653_2.fastq.gz -o /dev/shm/fastp_bench_fuQXD9_R1.fq.gz -O /dev/shm/fastp_bench_E74E6E_R2.fq.gz 
fastp v1.3.3-d0bromir, time used: 243 seconds
================================================================
