=== Full Benchmark Log: Mon Oct  5 01:28:34 UTC 2026 ===


================================================================
 Application  : opengene (/home/mpiuser/bioauto_rev/fastp_d0bromir/../fastp_opengene/fastp)
 Dataset      : WGS PE 12.8G (ERR1044780 R1+R2)
 Files        : R1=/home/mpiuser/FASTQ/WGS/ERR1044780_1.fastq.gz
               R2=/home/mpiuser/FASTQ/WGS/ERR1044780_2.fastq.gz
 Type         : PE
 Threads      : 16
 Wall time    : 109.034 s
 reads_in     : 160629528
 reads_out    : 147153690
 vs_opengene  : baseline
--- Resource usage ---
 CPU avg/peak : 1452.2% / 2054.2%
 RSS peak     : 1414 MiB
 GPU util a/p : 0.0% / 0.0%
 GPU mem peak : 0 MiB
 Sample CSV   : /home/mpiuser/bioauto_rev/fastp_d0bromir/benchmark_results/20261005_012834/resources/resource_WGS_PE_12.8G_opengene_T16_1791163715.csv
--- Profiling output ---
[01:28:35] start to load data of read1 
[01:28:35] start to load data of read2 
[01:28:35] /dev/shm/fastp_bench_6MvH2A_R2.fq.gz writer finished 
[01:28:35] /dev/shm/fastp_bench_w575Gr_R1.fq.gz writer finished 
[01:28:37] Read1: loaded 1M reads 
[01:28:37] Read2: loaded 1M reads 
[01:28:38] Read2: loaded 2M reads 
[01:28:38] Read1: loaded 2M reads 
[01:28:39] Read1: loaded 3M reads 
[01:28:39] Read2: loaded 3M reads 
[01:28:41] Read1: loaded 4M reads 
[01:28:41] Read2: loaded 4M reads 
[01:28:42] Read1: loaded 5M reads 
[01:28:42] Read2: loaded 5M reads 
[01:28:43] Read1: loaded 6M reads 
[01:28:43] Read2: loaded 6M reads 
[01:28:45] Read1: loaded 7M reads 
[01:28:45] Read2: loaded 7M reads 
[01:28:46] Read1: loaded 8M reads 
[01:28:46] Read2: loaded 8M reads 
[01:28:48] Read1: loaded 9M reads 
[01:28:48] Read2: loaded 9M reads 
[01:28:49] Read2: loaded 10M reads 
[01:28:49] Read1: loaded 10M reads 
[01:28:50] Read1: loaded 11M reads 
[01:28:50] Read2: loaded 11M reads 
[01:28:52] Read1: loaded 12M reads 
[01:28:52] Read2: loaded 12M reads 
[01:28:53] Read1: loaded 13M reads 
[01:28:53] Read2: loaded 13M reads 
[01:28:54] Read2: loaded 14M reads 
[01:28:54] Read1: loaded 14M reads 
[01:28:56] Read2: loaded 15M reads 
[01:28:56] Read1: loaded 15M reads 
[01:28:57] Read1: loaded 16M reads 
[01:28:57] Read2: loaded 16M reads 
[01:28:58] Read1: loaded 17M reads 
[01:28:58] Read2: loaded 17M reads 
[01:29:00] Read1: loaded 18M reads 
[01:29:00] Read2: loaded 18M reads 
[01:29:01] Read2: loaded 19M reads 
[01:29:01] Read1: loaded 19M reads 
[01:29:02] Read2: loaded 20M reads 
[01:29:02] Read1: loaded 20M reads 
[01:29:04] Read1: loaded 21M reads 
[01:29:04] Read2: loaded 21M reads 
[01:29:05] Read2: loaded 22M reads 
[01:29:05] Read1: loaded 22M reads 
[01:29:06] Read2: loaded 23M reads 
[01:29:06] Read1: loaded 23M reads 
[01:29:08] Read2: loaded 24M reads 
[01:29:08] Read1: loaded 24M reads 
[01:29:09] Read1: loaded 25M reads 
[01:29:09] Read2: loaded 25M reads 
[01:29:10] Read1: loaded 26M reads 
[01:29:10] Read2: loaded 26M reads 
[01:29:12] Read1: loaded 27M reads 
[01:29:12] Read2: loaded 27M reads 
[01:29:13] Read1: loaded 28M reads 
[01:29:13] Read2: loaded 28M reads 
[01:29:14] Read1: loaded 29M reads 
[01:29:14] Read2: loaded 29M reads 
[01:29:16] Read1: loaded 30M reads 
[01:29:16] Read2: loaded 30M reads 
[01:29:17] Read1: loaded 31M reads 
[01:29:17] Read2: loaded 31M reads 
[01:29:18] Read1: loaded 32M reads 
[01:29:18] Read2: loaded 32M reads 
[01:29:20] Read2: loaded 33M reads 
[01:29:20] Read1: loaded 33M reads 
[01:29:21] Read2: loaded 34M reads 
[01:29:21] Read1: loaded 34M reads 
[01:29:22] Read2: loaded 35M reads 
[01:29:22] Read1: loaded 35M reads 
[01:29:24] Read1: loaded 36M reads 
[01:29:24] Read2: loaded 36M reads 
[01:29:25] Read2: loaded 37M reads 
[01:29:25] Read1: loaded 37M reads 
[01:29:26] Read1: loaded 38M reads 
[01:29:26] Read2: loaded 38M reads 
[01:29:28] Read1: loaded 39M reads 
[01:29:28] Read2: loaded 39M reads 
[01:29:29] Read2: loaded 40M reads 
[01:29:29] Read1: loaded 40M reads 
[01:29:30] Read1: loaded 41M reads 
[01:29:30] Read2: loaded 41M reads 
[01:29:32] Read1: loaded 42M reads 
[01:29:32] Read2: loaded 42M reads 
[01:29:33] Read1: loaded 43M reads 
[01:29:33] Read2: loaded 43M reads 
[01:29:34] Read2: loaded 44M reads 
[01:29:34] Read1: loaded 44M reads 
[01:29:36] Read1: loaded 45M reads 
[01:29:36] Read2: loaded 45M reads 
[01:29:37] Read2: loaded 46M reads 
[01:29:37] Read1: loaded 46M reads 
[01:29:38] Read1: loaded 47M reads 
[01:29:38] Read2: loaded 47M reads 
[01:29:40] Read2: loaded 48M reads 
[01:29:40] Read1: loaded 48M reads 
[01:29:41] Read1: loaded 49M reads 
[01:29:41] Read2: loaded 49M reads 
[01:29:42] Read2: loaded 50M reads 
[01:29:42] Read1: loaded 50M reads 
[01:29:44] Read1: loaded 51M reads 
[01:29:44] Read2: loaded 51M reads 
[01:29:45] Read1: loaded 52M reads 
[01:29:45] Read2: loaded 52M reads 
[01:29:46] Read2: loaded 53M reads 
[01:29:46] Read1: loaded 53M reads 
[01:29:48] Read2: loaded 54M reads 
[01:29:48] Read1: loaded 54M reads 
[01:29:49] Read1: loaded 55M reads 
[01:29:49] Read2: loaded 55M reads 
[01:29:50] Read2: loaded 56M reads 
[01:29:50] Read1: loaded 56M reads 
[01:29:52] Read2: loaded 57M reads 
[01:29:52] Read1: loaded 57M reads 
[01:29:53] Read2: loaded 58M reads 
[01:29:53] Read1: loaded 58M reads 
[01:29:54] Read2: loaded 59M reads 
[01:29:54] Read1: loaded 59M reads 
[01:29:56] Read1: loaded 60M reads 
[01:29:56] Read2: loaded 60M reads 
[01:29:57] Read1: loaded 61M reads 
[01:29:57] Read2: loaded 61M reads 
[01:29:58] Read1: loaded 62M reads 
[01:29:58] Read2: loaded 62M reads 
[01:30:00] Read2: loaded 63M reads 
[01:30:00] Read1: loaded 63M reads 
[01:30:01] Read1: loaded 64M reads 
[01:30:01] Read2: loaded 64M reads 
[01:30:02] Read1: loaded 65M reads 
[01:30:02] Read2: loaded 65M reads 
[01:30:04] Read1: loaded 66M reads 
[01:30:04] Read2: loaded 66M reads 
[01:30:05] Read1: loaded 67M reads 
[01:30:05] Read2: loaded 67M reads 
[01:30:06] Read1: loaded 68M reads 
[01:30:06] Read2: loaded 68M reads 
[01:30:08] Read2: loaded 69M reads 
[01:30:08] Read1: loaded 69M reads 
[01:30:09] Read1: loaded 70M reads 
[01:30:09] Read2: loaded 70M reads 
[01:30:10] Read2: loaded 71M reads 
[01:30:10] Read1: loaded 71M reads 
[01:30:12] Read2: loaded 72M reads 
[01:30:12] Read1: loaded 72M reads 
[01:30:13] Read2: loaded 73M reads 
[01:30:13] Read1: loaded 73M reads 
[01:30:14] Read2: loaded 74M reads 
[01:30:14] Read1: loaded 74M reads 
[01:30:16] Read2: loaded 75M reads 
[01:30:16] Read1: loaded 75M reads 
[01:30:17] Read2: loaded 76M reads 
[01:30:17] Read1: loaded 76M reads 
[01:30:18] Read1: loaded 77M reads 
[01:30:18] Read2: loaded 77M reads 
[01:30:20] Read1: loaded 78M reads 
[01:30:20] Read2: loaded 78M reads 
[01:30:21] Read2: loaded 79M reads 
[01:30:21] Read1: loaded 79M reads 
[01:30:22] Read2: loaded 80M reads 
[01:30:23] Read1: loaded 80M reads 
[01:30:23] Read2: loading completed with 80315 packs 
[01:30:23] Read1: loading completed with 80315 packs 
[01:30:23] thread 12 data processing completed 
[01:30:23] thread 12 finished 
[01:30:23] thread 13 data processing completed 
[01:30:23] thread 13 finished 
[01:30:23] thread 14 data processing completed 
[01:30:23] thread 14 finished 
[01:30:23] thread 15 data processing completed 
[01:30:23] thread 15 finished 
[01:30:23] thread 16 data processing completed 
[01:30:23] thread 16 finished 
[01:30:23] thread 1 data processing completed 
[01:30:23] thread 1 finished 
[01:30:23] thread 2 data processing completed 
[01:30:23] thread 2 finished 
[01:30:23] thread 3 data processing completed 
[01:30:23] thread 3 finished 
[01:30:23] thread 4 data processing completed 
[01:30:23] thread 4 finished 
[01:30:23] thread 5 data processing completed 
[01:30:23] thread 5 finished 
[01:30:23] thread 6 data processing completed 
[01:30:23] thread 6 finished 
[01:30:23] thread 11 data processing completed 
[01:30:23] thread 9 data processing completed 
[01:30:23] thread 9 finished 
[01:30:23] thread 11 finished 
[01:30:23] thread 10 data processing completed 
[01:30:23] thread 7 data processing completed 
[01:30:23] thread 7 finished 
[01:30:23] thread 10 finished 
[01:30:23] thread 8 data processing completed 
[01:30:23] thread 8 finished 
[01:30:23] start to generate reports
 
Read1 before filtering:
total reads: 80314764
total bases: 8031476400
Q20 bases: 7618398149(94.8568%)
Q30 bases: 7189780467(89.52%)
Q40 bases: 1372019(0.017083%)

Read2 before filtering:
total reads: 80314764
total bases: 8031476400
Q20 bases: 7301776236(90.9145%)
Q30 bases: 6735240270(83.8605%)
Q40 bases: 14983216(0.186556%)

Read1 after filtering:
total reads: 73576845
total bases: 7332470906
Q20 bases: 7132277963(97.2698%)
Q30 bases: 6786262173(92.5508%)
Q40 bases: 1340969(0.0182881%)

Read2 after filtering:
total reads: 73576845
total bases: 7332470906
Q20 bases: 6987054543(95.2892%)
Q30 bases: 6494309731(88.5692%)
Q40 bases: 14400882(0.196399%)

Filtering result:
reads passed filter: 147153690
reads failed due to low quality: 13450996
reads failed due to too many N: 24842
reads failed due to too short: 0
reads failed due to adapter dimer: 0
reads with adapter trimmed: 1431652
bases trimmed due to adapters: 51264566

Duplication rate: 0.45964%

Insert size peak (evaluated by paired-end reads): 169

JSON report: /dev/shm/fastp_bench_Hzlms2.json
HTML report: /dev/null

/home/mpiuser/bioauto_rev/fastp_d0bromir/../fastp_opengene/fastp -w 16 -j /dev/shm/fastp_bench_Hzlms2.json -h /dev/null --verbose -i /home/mpiuser/FASTQ/WGS/ERR1044780_1.fastq.gz -I /home/mpiuser/FASTQ/WGS/ERR1044780_2.fastq.gz -o /dev/shm/fastp_bench_w575Gr_R1.fq.gz -O /dev/shm/fastp_bench_6MvH2A_R2.fq.gz 
fastp v1.3.3, time used: 109 seconds
================================================================

================================================================
 Application  : d0bromir_cpu (/home/mpiuser/bioauto_rev/fastp_d0bromir/fastp-cpu)
 Dataset      : WGS PE 12.8G (ERR1044780 R1+R2)
 Files        : R1=/home/mpiuser/FASTQ/WGS/ERR1044780_1.fastq.gz
               R2=/home/mpiuser/FASTQ/WGS/ERR1044780_2.fastq.gz
 Type         : PE
 Threads      : 16
 Wall time    : 70.305 s
 reads_in     : 160629528
 reads_out    : 147153690
 vs_opengene  : -35.5%
--- Resource usage ---
 CPU avg/peak : 2073.3% / 2696.2%
 RSS peak     : 1967 MiB
 GPU util a/p : 0.0% / 0.0%
 GPU mem peak : 0 MiB
 Sample CSV   : /home/mpiuser/bioauto_rev/fastp_d0bromir/benchmark_results/20261005_012834/resources/resource_WGS_PE_12.8G_d0bromir_cpu_T16_1791163826.csv
--- Profiling output ---
[01:30:26] fastp 1.3.3-d0bromir starting 
[01:30:26] [fastp 1.3.3-d0bromir] Stage: loading 
[01:30:26] start to load data of read1 
[01:30:26] start to load data of read2 
[01:30:27] Read1: loaded 1M reads 
[01:30:27] Read2: loaded 1M reads 
[01:30:28] Read1: loaded 2M reads 
[01:30:28] Read2: loaded 2M reads 
[01:30:29] Read1: loaded 3M reads 
[01:30:29] Read2: loaded 3M reads 
[01:30:30] Read1: loaded 4M reads 
[01:30:30] Read2: loaded 4M reads 
[01:30:31] Read1: loaded 5M reads 
[01:30:31] Read2: loaded 5M reads 
[01:30:31] Read1: loaded 6M reads 
[01:30:32] Read2: loaded 6M reads 
[01:30:32] Read1: loaded 7M reads 
[01:30:33] Read2: loaded 7M reads 
[01:30:33] Read1: loaded 8M reads 
[01:30:33] Read2: loaded 8M reads 
[01:30:34] Read1: loaded 9M reads 
[01:30:34] Read2: loaded 9M reads 
[01:30:35] Read1: loaded 10M reads 
[01:30:35] Read2: loaded 10M reads 
[01:30:36] Read1: loaded 11M reads 
[01:30:36] Read2: loaded 11M reads 
[01:30:37] Read1: loaded 12M reads 
[01:30:37] Read2: loaded 12M reads 
[01:30:37] Read1: loaded 13M reads 
[01:30:38] Read2: loaded 13M reads 
[01:30:38] Read1: loaded 14M reads 
[01:30:39] Read2: loaded 14M reads 
[01:30:39] Read1: loaded 15M reads 
[01:30:39] Read2: loaded 15M reads 
[01:30:40] Read1: loaded 16M reads 
[01:30:40] Read2: loaded 16M reads 
[01:30:41] Read1: loaded 17M reads 
[01:30:41] Read2: loaded 17M reads 
[01:30:42] Read1: loaded 18M reads 
[01:30:42] Read2: loaded 18M reads 
[01:30:42] Read1: loaded 19M reads 
[01:30:43] Read2: loaded 19M reads 
[01:30:43] Read1: loaded 20M reads 
[01:30:44] Read2: loaded 20M reads 
[01:30:44] Read1: loaded 21M reads 
[01:30:45] Read2: loaded 21M reads 
[01:30:45] Read1: loaded 22M reads 
[01:30:45] Read2: loaded 22M reads 
[01:30:46] Read1: loaded 23M reads 
[01:30:46] Read2: loaded 23M reads 
[01:30:47] Read1: loaded 24M reads 
[01:30:47] Read2: loaded 24M reads 
[01:30:48] Read1: loaded 25M reads 
[01:30:48] Read2: loaded 25M reads 
[01:30:48] Read1: loaded 26M reads 
[01:30:49] Read2: loaded 26M reads 
[01:30:49] Read1: loaded 27M reads 
[01:30:50] Read2: loaded 27M reads 
[01:30:50] Read1: loaded 28M reads 
[01:30:51] Read2: loaded 28M reads 
[01:30:51] Read1: loaded 29M reads 
[01:30:51] Read2: loaded 29M reads 
[01:30:52] Read1: loaded 30M reads 
[01:30:52] Read2: loaded 30M reads 
[01:30:53] Read1: loaded 31M reads 
[01:30:53] Read2: loaded 31M reads 
[01:30:54] Read1: loaded 32M reads 
[01:30:54] Read2: loaded 32M reads 
[01:30:54] Read1: loaded 33M reads 
[01:30:55] Read2: loaded 33M reads 
[01:30:55] Read1: loaded 34M reads 
[01:30:56] Read2: loaded 34M reads 
[01:30:56] Read1: loaded 35M reads 
[01:30:57] Read2: loaded 35M reads 
[01:30:57] Read1: loaded 36M reads 
[01:30:57] Read2: loaded 36M reads 
[01:30:58] Read1: loaded 37M reads 
[01:30:58] Read2: loaded 37M reads 
[01:30:59] Read1: loaded 38M reads 
[01:30:59] Read2: loaded 38M reads 
[01:31:00] Read1: loaded 39M reads 
[01:31:00] Read2: loaded 39M reads 
[01:31:00] Read1: loaded 40M reads 
[01:31:01] Read2: loaded 40M reads 
[01:31:01] Read1: loaded 41M reads 
[01:31:02] Read2: loaded 41M reads 
[01:31:02] Read1: loaded 42M reads 
[01:31:03] Read2: loaded 42M reads 
[01:31:03] Read1: loaded 43M reads 
[01:31:03] Read2: loaded 43M reads 
[01:31:04] Read1: loaded 44M reads 
[01:31:04] Read2: loaded 44M reads 
[01:31:05] Read1: loaded 45M reads 
[01:31:05] Read2: loaded 45M reads 
[01:31:06] Read1: loaded 46M reads 
[01:31:06] Read2: loaded 46M reads 
[01:31:06] Read1: loaded 47M reads 
[01:31:07] Read2: loaded 47M reads 
[01:31:07] Read1: loaded 48M reads 
[01:31:08] Read2: loaded 48M reads 
[01:31:08] Read1: loaded 49M reads 
[01:31:08] Read2: loaded 49M reads 
[01:31:09] Read1: loaded 50M reads 
[01:31:09] Read2: loaded 50M reads 
[01:31:10] Read1: loaded 51M reads 
[01:31:10] Read2: loaded 51M reads 
[01:31:11] Read1: loaded 52M reads 
[01:31:11] Read2: loaded 52M reads 
[01:31:11] Read1: loaded 53M reads 
[01:31:12] Read2: loaded 53M reads 
[01:31:12] Read1: loaded 54M reads 
[01:31:13] Read2: loaded 54M reads 
[01:31:13] Read1: loaded 55M reads 
[01:31:13] Read2: loaded 55M reads 
[01:31:14] Read1: loaded 56M reads 
[01:31:14] Read2: loaded 56M reads 
[01:31:15] Read1: loaded 57M reads 
[01:31:15] Read2: loaded 57M reads 
[01:31:16] Read1: loaded 58M reads 
[01:31:16] Read2: loaded 58M reads 
[01:31:16] Read1: loaded 59M reads 
[01:31:17] Read2: loaded 59M reads 
[01:31:17] Read1: loaded 60M reads 
[01:31:18] Read2: loaded 60M reads 
[01:31:18] Read1: loaded 61M reads 
[01:31:19] Read2: loaded 61M reads 
[01:31:19] Read1: loaded 62M reads 
[01:31:19] Read2: loaded 62M reads 
[01:31:20] Read1: loaded 63M reads 
[01:31:20] Read2: loaded 63M reads 
[01:31:21] Read1: loaded 64M reads 
[01:31:21] Read2: loaded 64M reads 
[01:31:22] Read1: loaded 65M reads 
[01:31:22] Read2: loaded 65M reads 
[01:31:22] Read1: loaded 66M reads 
[01:31:23] Read2: loaded 66M reads 
[01:31:23] Read1: loaded 67M reads 
[01:31:24] Read2: loaded 67M reads 
[01:31:24] Read1: loaded 68M reads 
[01:31:24] Read2: loaded 68M reads 
[01:31:25] Read1: loaded 69M reads 
[01:31:25] Read2: loaded 69M reads 
[01:31:26] Read1: loaded 70M reads 
[01:31:26] Read2: loaded 70M reads 
[01:31:27] Read1: loaded 71M reads 
[01:31:27] Read2: loaded 71M reads 
[01:31:27] Read1: loaded 72M reads 
[01:31:28] Read2: loaded 72M reads 
[01:31:28] Read1: loaded 73M reads 
[01:31:29] Read2: loaded 73M reads 
[01:31:29] Read1: loaded 74M reads 
[01:31:29] Read2: loaded 74M reads 
[01:31:30] Read1: loaded 75M reads 
[01:31:30] Read2: loaded 75M reads 
[01:31:31] Read1: loaded 76M reads 
[01:31:31] Read2: loaded 76M reads 
[01:31:32] Read1: loaded 77M reads 
[01:31:32] Read2: loaded 77M reads 
[01:31:32] Read1: loaded 78M reads 
[01:31:33] Read2: loaded 78M reads 
[01:31:33] Read1: loaded 79M reads 
[01:31:34] Read2: loaded 79M reads 
[01:31:34] Read1: loaded 80M reads 
[01:31:34] Read1: loading completed with 9805 packs 
[01:31:35] Read2: loaded 80M reads 
[01:31:35] Read2: loading completed with 9805 packs 
[01:31:35] thread 8 data processing completed 
[01:31:35] thread 8 finished 
[01:31:35] thread 10 data processing completed 
[01:31:35] thread 10 finished 
[01:31:35] [fastp 1.3.3-d0bromir] Stage: loading (68402 ms) 
[01:31:35] [fastp 1.3.3-d0bromir] Stage: filtering 
[01:31:35] thread 4 data processing completed 
[01:31:35] thread 4 finished 
[01:31:35] thread 7 data processing completed 
[01:31:35] thread 7 finished 
[01:31:35] thread 1 data processing completed 
[01:31:35] thread 1 finished 
[01:31:35] thread 13 data processing completed 
[01:31:35] thread 13 finished 
[01:31:35] thread 2 data processing completed 
[01:31:35] thread 2 finished 
[01:31:35] thread 11 data processing completed 
[01:31:35] thread 11 finished 
[01:31:35] thread 5 data processing completed 
[01:31:35] thread 5 finished 
[01:31:35] thread 15 data processing completed 
[01:31:35] thread 15 finished 
[01:31:35] thread 3 data processing completed 
[01:31:35] thread 3 finished 
[01:31:35] thread 6 data processing completed 
[01:31:35] thread 6 finished 
[01:31:35] thread 9 data processing completed 
[01:31:35] thread 9 finished 
[01:31:35] thread 12 data processing completed 
[01:31:35] thread 12 finished 
[01:31:35] thread 14 data processing completed 
[01:31:35] thread 14 finished 
[01:31:35] thread 16 data processing completed 
[01:31:35] thread 16 finished 
[01:31:35] [fastp 1.3.3-d0bromir] Stage: filtering (59 ms) 
[01:31:35] [fastp 1.3.3-d0bromir] Stage: writing 
[01:31:35] /dev/shm/fastp_bench_v6hjct_R1.fq.gz writer finished 
[01:31:35] /dev/shm/fastp_bench_JX6SLj_R2.fq.gz writer finished 
[01:31:35] [fastp 1.3.3-d0bromir] Stage: writing (30 ms) 
[01:31:35] start to generate reports
 
Read1 before filtering:
total reads: 80314764
total bases: 8031476400
Q20 bases: 7618398149(94.8568%)
Q30 bases: 7189780467(89.52%)
Q40 bases: 1372019(0.017083%)

Read2 before filtering:
total reads: 80314764
total bases: 8031476400
Q20 bases: 7301776236(90.9145%)
Q30 bases: 6735240270(83.8605%)
Q40 bases: 14983216(0.186556%)

Read1 after filtering:
total reads: 73576845
total bases: 7332470906
Q20 bases: 7132277963(97.2698%)
Q30 bases: 6786262173(92.5508%)
Q40 bases: 1340969(0.0182881%)

Read2 after filtering:
total reads: 73576845
total bases: 7332470906
Q20 bases: 6987054543(95.2892%)
Q30 bases: 6494309731(88.5692%)
Q40 bases: 14400882(0.196399%)

Filtering result:
reads passed filter: 147153690
reads failed due to low quality: 13450996
reads failed due to too many N: 24842
reads failed due to too short: 0
reads failed due to adapter dimer: 0
reads with adapter trimmed: 1431652
bases trimmed due to adapters: 51264566

Duplication rate: 0.459637%

Insert size peak (evaluated by paired-end reads): 169

JSON report: /dev/shm/fastp_bench_iE8Xdo.json
HTML report: /dev/null

/home/mpiuser/bioauto_rev/fastp_d0bromir/fastp-cpu -w 16 -j /dev/shm/fastp_bench_iE8Xdo.json -h /dev/null --verbose -i /home/mpiuser/FASTQ/WGS/ERR1044780_1.fastq.gz -I /home/mpiuser/FASTQ/WGS/ERR1044780_2.fastq.gz -o /dev/shm/fastp_bench_v6hjct_R1.fq.gz -O /dev/shm/fastp_bench_JX6SLj_R2.fq.gz 
fastp v1.3.3-d0bromir, time used: 70 seconds
================================================================

================================================================
 Application  : d0bromir_gpu (/home/mpiuser/bioauto_rev/fastp_d0bromir/fastp)
 Dataset      : WGS PE 12.8G (ERR1044780 R1+R2)
 Files        : R1=/home/mpiuser/FASTQ/WGS/ERR1044780_1.fastq.gz
               R2=/home/mpiuser/FASTQ/WGS/ERR1044780_2.fastq.gz
 Type         : PE
 Threads      : 16
 Wall time    : 70.582 s
 reads_in     : 160629528
 reads_out    : 147153690
 vs_opengene  : -35.3%
--- Resource usage ---
 CPU avg/peak : 1960.8% / 2590.3%
 RSS peak     : 2688 MiB
 GPU util a/p : 9.4% / 12.0%
 GPU mem peak : 1360 MiB
 Sample CSV   : /home/mpiuser/bioauto_rev/fastp_d0bromir/benchmark_results/20261005_012834/resources/resource_WGS_PE_12.8G_d0bromir_gpu_T16_1791163898.csv
--- Profiling output ---
[01:31:38] fastp 1.3.3-d0bromir starting 
[01:31:38] [GPU] CUDA GPU available (Device 0) - statistics GPU-accelerated (slots=8) 
[01:31:39] [fastp 1.3.3-d0bromir] Stage: loading 
[01:31:39] start to load data of read1 
[01:31:39] start to load data of read2 
[01:31:39] [GPU] CUDA GPU available (Device 1) - statistics GPU-accelerated (slots=8) 
[01:31:39] [GPU] Dual-GPU mode: Device 0 + Device 1 active 
[01:31:40] Read1: loaded 1M reads 
[01:31:40] Read2: loaded 1M reads 
[01:31:40] Read1: loaded 2M reads 
[01:31:41] Read2: loaded 2M reads 
[01:31:41] Read1: loaded 3M reads 
[01:31:41] Read2: loaded 3M reads 
[01:31:42] Read1: loaded 4M reads 
[01:31:42] Read2: loaded 4M reads 
[01:31:43] Read1: loaded 5M reads 
[01:31:43] Read2: loaded 5M reads 
[01:31:44] Read1: loaded 6M reads 
[01:31:44] Read2: loaded 6M reads 
[01:31:45] Read1: loaded 7M reads 
[01:31:45] Read2: loaded 7M reads 
[01:31:45] Read1: loaded 8M reads 
[01:31:46] Read2: loaded 8M reads 
[01:31:46] Read1: loaded 9M reads 
[01:31:47] Read2: loaded 9M reads 
[01:31:47] Read1: loaded 10M reads 
[01:31:47] Read2: loaded 10M reads 
[01:31:48] Read1: loaded 11M reads 
[01:31:48] Read2: loaded 11M reads 
[01:31:49] Read1: loaded 12M reads 
[01:31:49] Read2: loaded 12M reads 
[01:31:50] Read1: loaded 13M reads 
[01:31:50] Read2: loaded 13M reads 
[01:31:50] Read1: loaded 14M reads 
[01:31:51] Read2: loaded 14M reads 
[01:31:51] Read1: loaded 15M reads 
[01:31:52] Read2: loaded 15M reads 
[01:31:52] Read1: loaded 16M reads 
[01:31:53] Read2: loaded 16M reads 
[01:31:53] Read1: loaded 17M reads 
[01:31:53] Read2: loaded 17M reads 
[01:31:54] Read1: loaded 18M reads 
[01:31:54] Read2: loaded 18M reads 
[01:31:55] Read1: loaded 19M reads 
[01:31:55] Read2: loaded 19M reads 
[01:31:56] Read1: loaded 20M reads 
[01:31:56] Read2: loaded 20M reads 
[01:31:56] Read1: loaded 21M reads 
[01:31:57] Read2: loaded 21M reads 
[01:31:57] Read1: loaded 22M reads 
[01:31:58] Read2: loaded 22M reads 
[01:31:58] Read1: loaded 23M reads 
[01:31:59] Read2: loaded 23M reads 
[01:31:59] Read1: loaded 24M reads 
[01:31:59] Read2: loaded 24M reads 
[01:32:00] Read1: loaded 25M reads 
[01:32:00] Read2: loaded 25M reads 
[01:32:01] Read1: loaded 26M reads 
[01:32:01] Read2: loaded 26M reads 
[01:32:02] Read1: loaded 27M reads 
[01:32:02] Read2: loaded 27M reads 
[01:32:02] Read1: loaded 28M reads 
[01:32:03] Read2: loaded 28M reads 
[01:32:03] Read1: loaded 29M reads 
[01:32:04] Read2: loaded 29M reads 
[01:32:04] Read1: loaded 30M reads 
[01:32:05] Read2: loaded 30M reads 
[01:32:05] Read1: loaded 31M reads 
[01:32:05] Read2: loaded 31M reads 
[01:32:06] Read1: loaded 32M reads 
[01:32:06] Read2: loaded 32M reads 
[01:32:07] Read1: loaded 33M reads 
[01:32:07] Read2: loaded 33M reads 
[01:32:08] Read1: loaded 34M reads 
[01:32:08] Read2: loaded 34M reads 
[01:32:08] Read1: loaded 35M reads 
[01:32:09] Read2: loaded 35M reads 
[01:32:09] Read1: loaded 36M reads 
[01:32:10] Read2: loaded 36M reads 
[01:32:10] Read1: loaded 37M reads 
[01:32:11] Read2: loaded 37M reads 
[01:32:11] Read1: loaded 38M reads 
[01:32:11] Read2: loaded 38M reads 
[01:32:12] Read1: loaded 39M reads 
[01:32:12] Read2: loaded 39M reads 
[01:32:13] Read1: loaded 40M reads 
[01:32:13] Read2: loaded 40M reads 
[01:32:14] Read1: loaded 41M reads 
[01:32:14] Read2: loaded 41M reads 
[01:32:14] Read1: loaded 42M reads 
[01:32:15] Read2: loaded 42M reads 
[01:32:15] Read1: loaded 43M reads 
[01:32:16] Read2: loaded 43M reads 
[01:32:16] Read1: loaded 44M reads 
[01:32:17] Read2: loaded 44M reads 
[01:32:17] Read1: loaded 45M reads 
[01:32:17] Read2: loaded 45M reads 
[01:32:18] Read1: loaded 46M reads 
[01:32:18] Read2: loaded 46M reads 
[01:32:19] Read1: loaded 47M reads 
[01:32:19] Read2: loaded 47M reads 
[01:32:20] Read1: loaded 48M reads 
[01:32:20] Read2: loaded 48M reads 
[01:32:20] Read1: loaded 49M reads 
[01:32:21] Read2: loaded 49M reads 
[01:32:21] Read1: loaded 50M reads 
[01:32:22] Read2: loaded 50M reads 
[01:32:22] Read1: loaded 51M reads 
[01:32:22] Read2: loaded 51M reads 
[01:32:23] Read1: loaded 52M reads 
[01:32:23] Read2: loaded 52M reads 
[01:32:24] Read1: loaded 53M reads 
[01:32:24] Read2: loaded 53M reads 
[01:32:25] Read1: loaded 54M reads 
[01:32:25] Read2: loaded 54M reads 
[01:32:25] Read1: loaded 55M reads 
[01:32:26] Read2: loaded 55M reads 
[01:32:26] Read1: loaded 56M reads 
[01:32:27] Read2: loaded 56M reads 
[01:32:27] Read1: loaded 57M reads 
[01:32:28] Read2: loaded 57M reads 
[01:32:28] Read1: loaded 58M reads 
[01:32:28] Read2: loaded 58M reads 
[01:32:29] Read1: loaded 59M reads 
[01:32:29] Read2: loaded 59M reads 
[01:32:30] Read1: loaded 60M reads 
[01:32:30] Read2: loaded 60M reads 
[01:32:31] Read1: loaded 61M reads 
[01:32:31] Read2: loaded 61M reads 
[01:32:31] Read1: loaded 62M reads 
[01:32:32] Read2: loaded 62M reads 
[01:32:32] Read1: loaded 63M reads 
[01:32:33] Read2: loaded 63M reads 
[01:32:33] Read1: loaded 64M reads 
[01:32:33] Read2: loaded 64M reads 
[01:32:34] Read1: loaded 65M reads 
[01:32:34] Read2: loaded 65M reads 
[01:32:35] Read1: loaded 66M reads 
[01:32:35] Read2: loaded 66M reads 
[01:32:36] Read1: loaded 67M reads 
[01:32:36] Read2: loaded 67M reads 
[01:32:36] Read1: loaded 68M reads 
[01:32:37] Read2: loaded 68M reads 
[01:32:37] Read1: loaded 69M reads 
[01:32:38] Read2: loaded 69M reads 
[01:32:38] Read1: loaded 70M reads 
[01:32:38] Read2: loaded 70M reads 
[01:32:39] Read1: loaded 71M reads 
[01:32:39] Read2: loaded 71M reads 
[01:32:40] Read1: loaded 72M reads 
[01:32:40] Read2: loaded 72M reads 
[01:32:41] Read1: loaded 73M reads 
[01:32:41] Read2: loaded 73M reads 
[01:32:41] Read1: loaded 74M reads 
[01:32:42] Read2: loaded 74M reads 
[01:32:42] Read1: loaded 75M reads 
[01:32:43] Read2: loaded 75M reads 
[01:32:43] Read1: loaded 76M reads 
[01:32:44] Read2: loaded 76M reads 
[01:32:44] Read1: loaded 77M reads 
[01:32:44] Read2: loaded 77M reads 
[01:32:45] Read1: loaded 78M reads 
[01:32:45] Read2: loaded 78M reads 
[01:32:46] Read1: loaded 79M reads 
[01:32:46] Read2: loaded 79M reads 
[01:32:47] Read1: loaded 80M reads 
[01:32:47] Read1: loading completed with 9805 packs 
[01:32:47] Read2: loaded 80M reads 
[01:32:47] Read2: loading completed with 9805 packs 
[01:32:47] thread 9 data processing completed 
[01:32:47] thread 9 finished 
[01:32:47] thread 3 data processing completed 
[01:32:47] thread 3 finished 
[01:32:47] thread 14 data processing completed 
[01:32:47] thread 14 finished 
[01:32:47] thread 10 data processing completed 
[01:32:47] thread 10 finished 
[01:32:47] [fastp 1.3.3-d0bromir] Stage: loading (68539 ms) 
[01:32:47] [fastp 1.3.3-d0bromir] Stage: filtering 
[01:32:47] thread 6 data processing completed 
[01:32:47] thread 6 finished 
[01:32:47] thread 8 data processing completed 
[01:32:47] thread 8 finished 
[01:32:47] thread 12 data processing completed 
[01:32:47] thread 12 finished 
[01:32:47] thread 7 data processing completed 
[01:32:47] thread 7 finished 
[01:32:47] thread 16 data processing completed 
[01:32:47] thread 16 finished 
[01:32:47] thread 13 data processing completed 
[01:32:47] thread 13 finished 
[01:32:47] thread 1 data processing completed 
[01:32:47] thread 1 finished 
[01:32:47] thread 4 data processing completed 
[01:32:47] thread 4 finished 
[01:32:47] thread 11 data processing completed 
[01:32:47] thread 11 finished 
[01:32:47] thread 15 data processing completed 
[01:32:47] thread 15 finished 
[01:32:47] thread 2 data processing completed 
[01:32:47] thread 2 finished 
[01:32:47] thread 5 data processing completed 
[01:32:47] thread 5 finished 
[01:32:47] [fastp 1.3.3-d0bromir] Stage: filtering (52 ms) 
[01:32:47] [fastp 1.3.3-d0bromir] Stage: writing 
[01:32:47] /dev/shm/fastp_bench_My1C0k_R1.fq.gz writer finished 
[01:32:47] /dev/shm/fastp_bench_3dCbqY_R2.fq.gz writer finished 
[01:32:47] [fastp 1.3.3-d0bromir] Stage: writing (28 ms) 
[01:32:47] [GPU] Device 0: batches=9805 reads=80314764 
[01:32:47] [GPU] Device 1: batches=9805 reads=80314764 
[01:32:47] start to generate reports
 
Read1 before filtering:
total reads: 80314764
total bases: 8031476400
Q20 bases: 7618398149(94.8568%)
Q30 bases: 7189780467(89.52%)
Q40 bases: 1372019(0.017083%)

Read2 before filtering:
total reads: 80314764
total bases: 8031476400
Q20 bases: 7301776236(90.9145%)
Q30 bases: 6735240270(83.8605%)
Q40 bases: 14983216(0.186556%)

Read1 after filtering:
total reads: 73576845
total bases: 7332470906
Q20 bases: 7132277963(97.2698%)
Q30 bases: 6786262173(92.5508%)
Q40 bases: 1340969(0.0182881%)

Read2 after filtering:
total reads: 73576845
total bases: 7332470906
Q20 bases: 6987054543(95.2892%)
Q30 bases: 6494309731(88.5692%)
Q40 bases: 14400882(0.196399%)

Filtering result:
reads passed filter: 147153690
reads failed due to low quality: 13450996
reads failed due to too many N: 24842
reads failed due to too short: 0
reads failed due to adapter dimer: 0
reads with adapter trimmed: 1431652
bases trimmed due to adapters: 51264566

Duplication rate: 0.459637%

Insert size peak (evaluated by paired-end reads): 169

JSON report: /dev/shm/fastp_bench_4JGSFA.json
HTML report: /dev/null

/home/mpiuser/bioauto_rev/fastp_d0bromir/fastp -w 16 -j /dev/shm/fastp_bench_4JGSFA.json -h /dev/null --verbose -i /home/mpiuser/FASTQ/WGS/ERR1044780_1.fastq.gz -I /home/mpiuser/FASTQ/WGS/ERR1044780_2.fastq.gz -o /dev/shm/fastp_bench_My1C0k_R1.fq.gz -O /dev/shm/fastp_bench_3dCbqY_R2.fq.gz 
fastp v1.3.3-d0bromir, time used: 70 seconds
================================================================
