[12:59:20] fastp 1.3.3-d0bromir starting 
[12:59:20] [GPU] CUDA GPU available (Device 0) - statistics GPU-accelerated (slots=8) 
[12:59:20] [GPU] CUDA GPU available (Device 1) - statistics GPU-accelerated (slots=8) 
[12:59:20] [GPU] Dual-GPU mode: Device 0 + Device 1 active 
[12:59:30] [GPU] Device 0: batches=3244 reads=26567344 total_gpu=0.000000ms pack=0.000000ms h2d=0.000000ms kernel=0.000000ms d2h=0.000000ms 
[12:59:30] [GPU] Device 1: batches=3244 reads=26567344 total_gpu=0.000000ms pack=0.000000ms h2d=0.000000ms kernel=0.000000ms d2h=0.000000ms 
[12:59:30] [PROFILE] Filter batches=3244 gpu_reads=53134688 cpu_reads=0 gpu_filter_time=5224.234430ms cpu_filter_time=0.000000ms 
Read1 before filtering:
total reads: 26567344
total bases: 949221799
Q20 bases: 903751540(95.2097%)
Q30 bases: 886904330(93.4349%)
Q40 bases: 0(0%)

Read2 before filtering:
total reads: 26567344
total bases: 949470611
Q20 bases: 884290786(93.1351%)
Q30 bases: 866016804(91.2105%)
Q40 bases: 0(0%)

Read1 after filtering:
total reads: 25930135
total bases: 926414865
Q20 bases: 884976894(95.5271%)
Q30 bases: 868981355(93.8005%)
Q40 bases: 0(0%)

Read2 after filtering:
total reads: 25930135
total bases: 926692546
Q20 bases: 874197500(94.3352%)
Q30 bases: 857352998(92.5175%)
Q40 bases: 0(0%)

Filtering result:
reads passed filter: 51860270
reads failed due to low quality: 1254278
reads failed due to too many N: 20140
reads failed due to too short: 0
reads failed due to adapter dimer: 0
reads with adapter trimmed: 33678
bases trimmed due to adapters: 100178

Duplication rate: 49.5385%

Insert size peak (evaluated by paired-end reads): 35

╔══════════════════════════════════════════════════════════════╗
║              PROFILING SUMMARY (FASTP_PROFILING)            ║
╠══════════════════════════════════════════════════════════════╣
║ Total wall time:             10503.3 ms                     ║
║ Total reads:                26567344                        ║
║ I/O bytes (compressed):            0                        ║
╠══════════════════════════════════════════════════════════════╣
║ I/O (disk read):              8045.0 ms  ( 76.6%)           ║
║ Decompression:               16770.7 ms  (159.7%)           ║
║ CPU trim+adapter:            14087.8 ms  (134.1%)           ║
║ CPU statRead:                12623.8 ms  (120.2%)           ║
║ CPU unstatRead:                  0.0 ms  (  0.0%)           ║
║ filter calls (incl. GPU):     5232.1 ms  ( 49.8%)           ║
║ CPU output format:            6758.1 ms  ( 64.3%)           ║
║ Output compression:          70260.7 ms  (668.9%)           ║
║ Output write (fwrite):         685.1 ms  (  6.5%)           ║
╠══════════════════════════════════════════════════════════════╣
║ (GPU breakdown printed by CudaStatsWrapper above)          ║
╚══════════════════════════════════════════════════════════════╝
[PROF_CSV] wall_ms,io_ms,decomp_ms,cpu_trim_ms,cpu_stat_ms,cpu_unstat_ms,filter_calls_ms,cpu_output_ms,compress_ms,write_ms,reads,io_bytes
[PROF_CSV] 10503.3,8045.0,16770.7,14087.8,12623.8,0.0,5232.1,6758.1,70260.7,685.1,26567344,0

JSON report: /tmp/bgzf_proof/gpu_bgzf_rep2.json
HTML report: /dev/null

./fastp -w 16 -i /tmp/bgzf_proof/DRR346892_1.bgzf.fastq.gz -I /tmp/bgzf_proof/DRR346892_2.bgzf.fastq.gz -o /tmp/bgzf_proof/gpu_bgzf_rep2_R1.fq.gz -O /tmp/bgzf_proof/gpu_bgzf_rep2_R2.fq.gz -j /tmp/bgzf_proof/gpu_bgzf_rep2.json -h /dev/null 
fastp v1.3.3-d0bromir, time used: 10 seconds
