[12:59:31] fastp 1.3.3-d0bromir starting 
[12:59:31] [GPU] CUDA GPU available (Device 0) - statistics GPU-accelerated (slots=8) 
[12:59:31] [GPU] CUDA GPU available (Device 1) - statistics GPU-accelerated (slots=8) 
[12:59:31] [GPU] Dual-GPU mode: Device 0 + Device 1 active 
[12:59:42] [GPU] Device 0: batches=3244 reads=26559840 total_gpu=0.000000ms pack=0.000000ms h2d=0.000000ms kernel=0.000000ms d2h=0.000000ms 
[12:59:42] [GPU] Device 1: batches=3244 reads=26574848 total_gpu=0.000000ms pack=0.000000ms h2d=0.000000ms kernel=0.000000ms d2h=0.000000ms 
[12:59:42] [PROFILE] Filter batches=3244 gpu_reads=53134688 cpu_reads=0 gpu_filter_time=5262.350013ms cpu_filter_time=0.000000ms 
Read1 before filtering:
total reads: 26567344
total bases: 949221799
Q20 bases: 903751540(95.2097%)
Q30 bases: 886904330(93.4349%)
Q40 bases: 0(0%)

Read2 before filtering:
total reads: 26567344
total bases: 949470611
Q20 bases: 884290786(93.1351%)
Q30 bases: 866016804(91.2105%)
Q40 bases: 0(0%)

Read1 after filtering:
total reads: 25930135
total bases: 926414865
Q20 bases: 884976894(95.5271%)
Q30 bases: 868981355(93.8005%)
Q40 bases: 0(0%)

Read2 after filtering:
total reads: 25930135
total bases: 926692546
Q20 bases: 874197500(94.3352%)
Q30 bases: 857352998(92.5175%)
Q40 bases: 0(0%)

Filtering result:
reads passed filter: 51860270
reads failed due to low quality: 1254278
reads failed due to too many N: 20140
reads failed due to too short: 0
reads failed due to adapter dimer: 0
reads with adapter trimmed: 33678
bases trimmed due to adapters: 100178

Duplication rate: 49.5385%

Insert size peak (evaluated by paired-end reads): 35

╔══════════════════════════════════════════════════════════════╗
║              PROFILING SUMMARY (FASTP_PROFILING)            ║
╠══════════════════════════════════════════════════════════════╣
║ Total wall time:             10958.4 ms                     ║
║ Total reads:                26567344                        ║
║ I/O bytes (compressed):            0                        ║
╠══════════════════════════════════════════════════════════════╣
║ I/O (disk read):              8625.2 ms  ( 78.7%)           ║
║ Decompression:               17479.7 ms  (159.5%)           ║
║ CPU trim+adapter:            14112.0 ms  (128.8%)           ║
║ CPU statRead:                12678.9 ms  (115.7%)           ║
║ CPU unstatRead:                  0.0 ms  (  0.0%)           ║
║ filter calls (incl. GPU):     5270.1 ms  ( 48.1%)           ║
║ CPU output format:            6837.0 ms  ( 62.4%)           ║
║ Output compression:          70425.4 ms  (642.7%)           ║
║ Output write (fwrite):         714.8 ms  (  6.5%)           ║
╠══════════════════════════════════════════════════════════════╣
║ (GPU breakdown printed by CudaStatsWrapper above)          ║
╚══════════════════════════════════════════════════════════════╝
[PROF_CSV] wall_ms,io_ms,decomp_ms,cpu_trim_ms,cpu_stat_ms,cpu_unstat_ms,filter_calls_ms,cpu_output_ms,compress_ms,write_ms,reads,io_bytes
[PROF_CSV] 10958.4,8625.2,17479.7,14112.0,12678.9,0.0,5270.1,6837.0,70425.4,714.8,26567344,0

JSON report: /tmp/bgzf_proof/gpu_bgzf_rep3.json
HTML report: /dev/null

./fastp -w 16 -i /tmp/bgzf_proof/DRR346892_1.bgzf.fastq.gz -I /tmp/bgzf_proof/DRR346892_2.bgzf.fastq.gz -o /tmp/bgzf_proof/gpu_bgzf_rep3_R1.fq.gz -O /tmp/bgzf_proof/gpu_bgzf_rep3_R2.fq.gz -j /tmp/bgzf_proof/gpu_bgzf_rep3.json -h /dev/null 
fastp v1.3.3-d0bromir, time used: 11 seconds
