=== Full Benchmark Log: Sun Oct  4 00:38:18 UTC 2026 ===


================================================================
 Application  : d0bromir_cpu (/home/mpiuser/bioauto_rev/fastp_d0bromir/fastp-cpu)
 Dataset      : WGS PE 40G (DRR216653 R1+R2)
 Files        : R1=/home/mpiuser/FASTQ/WGS/DRR216653_1.fastq.gz
               R2=/home/mpiuser/FASTQ/WGS/DRR216653_2.fastq.gz
 Type         : PE
 Threads      : 16
 Wall time    : 276.896 s
 reads_in     : 722563222
 reads_out    : 717214748
 vs_opengene  : N/A
--- Resource usage ---
 CPU avg/peak : 2903.9% / 3490.5%
 RSS peak     : 2584 MiB
 GPU util a/p : 0.0% / 0.0%
 GPU mem peak : 0 MiB
 Sample CSV   : /home/mpiuser/bioauto_rev/fastp_d0bromir/benchmark_results/20261004_003818/resources/resource_WGS_PE_40G_d0bromir_cpu_T16_1791075386.csv
--- Profiling output ---
[00:56:26] fastp 1.3.3-d0bromir starting 
[00:56:26] [fastp 1.3.3-d0bromir] Stage: loading 
[00:56:26] start to load data of read1 
[00:56:26] start to load data of read2 
[00:56:27] Read1: loaded 1M reads 
[00:56:27] Read2: loaded 1M reads 
[00:56:27] Read1: loaded 2M reads 
[00:56:27] Read2: loaded 2M reads 
[00:56:28] Read1: loaded 3M reads 
[00:56:28] Read2: loaded 3M reads 
[00:56:29] Read1: loaded 4M reads 
[00:56:29] Read2: loaded 4M reads 
[00:56:30] Read2: loaded 5M reads 
[00:56:30] Read1: loaded 5M reads 
[00:56:30] Read1: loaded 6M reads 
[00:56:30] Read2: loaded 6M reads 
[00:56:31] Read2: loaded 7M reads 
[00:56:31] Read1: loaded 7M reads 
[00:56:32] Read2: loaded 8M reads 
[00:56:32] Read1: loaded 8M reads 
[00:56:33] Read1: loaded 9M reads 
[00:56:33] Read2: loaded 9M reads 
[00:56:33] Read2: loaded 10M reads 
[00:56:33] Read1: loaded 10M reads 
[00:56:34] Read1: loaded 11M reads 
[00:56:34] Read2: loaded 11M reads 
[00:56:35] Read2: loaded 12M reads 
[00:56:35] Read1: loaded 12M reads 
[00:56:36] Read1: loaded 13M reads 
[00:56:36] Read2: loaded 13M reads 
[00:56:37] Read1: loaded 14M reads 
[00:56:37] Read2: loaded 14M reads 
[00:56:37] Read2: loaded 15M reads 
[00:56:37] Read1: loaded 15M reads 
[00:56:38] Read1: loaded 16M reads 
[00:56:38] Read2: loaded 16M reads 
[00:56:39] Read2: loaded 17M reads 
[00:56:39] Read1: loaded 17M reads 
[00:56:40] Read1: loaded 18M reads 
[00:56:40] Read2: loaded 18M reads 
[00:56:40] Read1: loaded 19M reads 
[00:56:40] Read2: loaded 19M reads 
[00:56:41] Read2: loaded 20M reads 
[00:56:41] Read1: loaded 20M reads 
[00:56:42] Read1: loaded 21M reads 
[00:56:42] Read2: loaded 21M reads 
[00:56:43] Read2: loaded 22M reads 
[00:56:43] Read1: loaded 22M reads 
[00:56:43] Read2: loaded 23M reads 
[00:56:43] Read1: loaded 23M reads 
[00:56:44] Read1: loaded 24M reads 
[00:56:44] Read2: loaded 24M reads 
[00:56:45] Read2: loaded 25M reads 
[00:56:45] Read1: loaded 25M reads 
[00:56:46] Read1: loaded 26M reads 
[00:56:46] Read2: loaded 26M reads 
[00:56:46] Read1: loaded 27M reads 
[00:56:46] Read2: loaded 27M reads 
[00:56:47] Read2: loaded 28M reads 
[00:56:47] Read1: loaded 28M reads 
[00:56:48] Read2: loaded 29M reads 
[00:56:48] Read1: loaded 29M reads 
[00:56:49] Read1: loaded 30M reads 
[00:56:49] Read2: loaded 30M reads 
[00:56:49] Read2: loaded 31M reads 
[00:56:49] Read1: loaded 31M reads 
[00:56:50] Read1: loaded 32M reads 
[00:56:50] Read2: loaded 32M reads 
[00:56:51] Read1: loaded 33M reads 
[00:56:51] Read2: loaded 33M reads 
[00:56:52] Read2: loaded 34M reads 
[00:56:52] Read1: loaded 34M reads 
[00:56:53] Read1: loaded 35M reads 
[00:56:53] Read2: loaded 35M reads 
[00:56:53] Read2: loaded 36M reads 
[00:56:53] Read1: loaded 36M reads 
[00:56:54] Read2: loaded 37M reads 
[00:56:54] Read1: loaded 37M reads 
[00:56:55] Read2: loaded 38M reads 
[00:56:55] Read1: loaded 38M reads 
[00:56:56] Read2: loaded 39M reads 
[00:56:56] Read1: loaded 39M reads 
[00:56:56] Read1: loaded 40M reads 
[00:56:56] Read2: loaded 40M reads 
[00:56:57] Read2: loaded 41M reads 
[00:56:57] Read1: loaded 41M reads 
[00:56:58] Read1: loaded 42M reads 
[00:56:58] Read2: loaded 42M reads 
[00:56:59] Read2: loaded 43M reads 
[00:56:59] Read1: loaded 43M reads 
[00:56:59] Read2: loaded 44M reads 
[00:56:59] Read1: loaded 44M reads 
[00:57:00] Read1: loaded 45M reads 
[00:57:00] Read2: loaded 45M reads 
[00:57:01] Read1: loaded 46M reads 
[00:57:01] Read2: loaded 46M reads 
[00:57:02] Read1: loaded 47M reads 
[00:57:02] Read2: loaded 47M reads 
[00:57:02] Read1: loaded 48M reads 
[00:57:02] Read2: loaded 48M reads 
[00:57:03] Read2: loaded 49M reads 
[00:57:03] Read1: loaded 49M reads 
[00:57:04] Read1: loaded 50M reads 
[00:57:04] Read2: loaded 50M reads 
[00:57:05] Read2: loaded 51M reads 
[00:57:05] Read1: loaded 51M reads 
[00:57:05] Read1: loaded 52M reads 
[00:57:05] Read2: loaded 52M reads 
[00:57:06] Read2: loaded 53M reads 
[00:57:06] Read1: loaded 53M reads 
[00:57:07] Read2: loaded 54M reads 
[00:57:07] Read1: loaded 54M reads 
[00:57:08] Read1: loaded 55M reads 
[00:57:08] Read2: loaded 55M reads 
[00:57:09] Read2: loaded 56M reads 
[00:57:09] Read1: loaded 56M reads 
[00:57:09] Read1: loaded 57M reads 
[00:57:09] Read2: loaded 57M reads 
[00:57:10] Read1: loaded 58M reads 
[00:57:10] Read2: loaded 58M reads 
[00:57:11] Read2: loaded 59M reads 
[00:57:11] Read1: loaded 59M reads 
[00:57:12] Read1: loaded 60M reads 
[00:57:12] Read2: loaded 60M reads 
[00:57:12] Read2: loaded 61M reads 
[00:57:12] Read1: loaded 61M reads 
[00:57:13] Read1: loaded 62M reads 
[00:57:13] Read2: loaded 62M reads 
[00:57:14] Read1: loaded 63M reads 
[00:57:14] Read2: loaded 63M reads 
[00:57:15] Read2: loaded 64M reads 
[00:57:15] Read1: loaded 64M reads 
[00:57:15] Read2: loaded 65M reads 
[00:57:15] Read1: loaded 65M reads 
[00:57:16] Read2: loaded 66M reads 
[00:57:16] Read1: loaded 66M reads 
[00:57:17] Read2: loaded 67M reads 
[00:57:17] Read1: loaded 67M reads 
[00:57:18] Read1: loaded 68M reads 
[00:57:18] Read2: loaded 68M reads 
[00:57:18] Read1: loaded 69M reads 
[00:57:18] Read2: loaded 69M reads 
[00:57:19] Read1: loaded 70M reads 
[00:57:19] Read2: loaded 70M reads 
[00:57:20] Read1: loaded 71M reads 
[00:57:20] Read2: loaded 71M reads 
[00:57:21] Read2: loaded 72M reads 
[00:57:21] Read1: loaded 72M reads 
[00:57:22] Read2: loaded 73M reads 
[00:57:22] Read1: loaded 73M reads 
[00:57:22] Read2: loaded 74M reads 
[00:57:22] Read1: loaded 74M reads 
[00:57:23] Read1: loaded 75M reads 
[00:57:23] Read2: loaded 75M reads 
[00:57:24] Read2: loaded 76M reads 
[00:57:24] Read1: loaded 76M reads 
[00:57:25] Read1: loaded 77M reads 
[00:57:25] Read2: loaded 77M reads 
[00:57:25] Read1: loaded 78M reads 
[00:57:25] Read2: loaded 78M reads 
[00:57:26] Read2: loaded 79M reads 
[00:57:26] Read1: loaded 79M reads 
[00:57:27] Read2: loaded 80M reads 
[00:57:27] Read1: loaded 80M reads 
[00:57:28] Read1: loaded 81M reads 
[00:57:28] Read2: loaded 81M reads 
[00:57:28] Read1: loaded 82M reads 
[00:57:28] Read2: loaded 82M reads 
[00:57:29] Read1: loaded 83M reads 
[00:57:29] Read2: loaded 83M reads 
[00:57:30] Read1: loaded 84M reads 
[00:57:30] Read2: loaded 84M reads 
[00:57:31] Read2: loaded 85M reads 
[00:57:31] Read1: loaded 85M reads 
[00:57:31] Read1: loaded 86M reads 
[00:57:31] Read2: loaded 86M reads 
[00:57:32] Read1: loaded 87M reads 
[00:57:32] Read2: loaded 87M reads 
[00:57:33] Read2: loaded 88M reads 
[00:57:33] Read1: loaded 88M reads 
[00:57:34] Read1: loaded 89M reads 
[00:57:34] Read2: loaded 89M reads 
[00:57:35] Read1: loaded 90M reads 
[00:57:35] Read2: loaded 90M reads 
[00:57:35] Read1: loaded 91M reads 
[00:57:35] Read2: loaded 91M reads 
[00:57:36] Read2: loaded 92M reads 
[00:57:36] Read1: loaded 92M reads 
[00:57:37] Read2: loaded 93M reads 
[00:57:37] Read1: loaded 93M reads 
[00:57:38] Read1: loaded 94M reads 
[00:57:38] Read2: loaded 94M reads 
[00:57:38] Read2: loaded 95M reads 
[00:57:38] Read1: loaded 95M reads 
[00:57:39] Read1: loaded 96M reads 
[00:57:39] Read2: loaded 96M reads 
[00:57:40] Read1: loaded 97M reads 
[00:57:40] Read2: loaded 97M reads 
[00:57:41] Read2: loaded 98M reads 
[00:57:41] Read1: loaded 98M reads 
[00:57:41] Read2: loaded 99M reads 
[00:57:41] Read1: loaded 99M reads 
[00:57:42] Read2: loaded 100M reads 
[00:57:42] Read1: loaded 100M reads 
[00:57:43] Read2: loaded 101M reads 
[00:57:43] Read1: loaded 101M reads 
[00:57:44] Read1: loaded 102M reads 
[00:57:44] Read2: loaded 102M reads 
[00:57:44] Read1: loaded 103M reads 
[00:57:44] Read2: loaded 103M reads 
[00:57:45] Read2: loaded 104M reads 
[00:57:45] Read1: loaded 104M reads 
[00:57:46] Read2: loaded 105M reads 
[00:57:46] Read1: loaded 105M reads 
[00:57:47] Read1: loaded 106M reads 
[00:57:47] Read2: loaded 106M reads 
[00:57:47] Read1: loaded 107M reads 
[00:57:47] Read2: loaded 107M reads 
[00:57:48] Read1: loaded 108M reads 
[00:57:48] Read2: loaded 108M reads 
[00:57:49] Read2: loaded 109M reads 
[00:57:49] Read1: loaded 109M reads 
[00:57:50] Read1: loaded 110M reads 
[00:57:50] Read2: loaded 110M reads 
[00:57:51] Read1: loaded 111M reads 
[00:57:51] Read2: loaded 111M reads 
[00:57:51] Read2: loaded 112M reads 
[00:57:51] Read1: loaded 112M reads 
[00:57:52] Read1: loaded 113M reads 
[00:57:52] Read2: loaded 113M reads 
[00:57:53] Read1: loaded 114M reads 
[00:57:53] Read2: loaded 114M reads 
[00:57:54] Read2: loaded 115M reads 
[00:57:54] Read1: loaded 115M reads 
[00:57:54] Read1: loaded 116M reads 
[00:57:54] Read2: loaded 116M reads 
[00:57:55] Read1: loaded 117M reads 
[00:57:55] Read2: loaded 117M reads 
[00:57:56] Read1: loaded 118M reads 
[00:57:56] Read2: loaded 118M reads 
[00:57:57] Read2: loaded 119M reads 
[00:57:57] Read1: loaded 119M reads 
[00:57:57] Read2: loaded 120M reads 
[00:57:57] Read1: loaded 120M reads 
[00:57:58] Read1: loaded 121M reads 
[00:57:58] Read2: loaded 121M reads 
[00:57:59] Read2: loaded 122M reads 
[00:57:59] Read1: loaded 122M reads 
[00:58:00] Read1: loaded 123M reads 
[00:58:00] Read2: loaded 123M reads 
[00:58:00] Read2: loaded 124M reads 
[00:58:00] Read1: loaded 124M reads 
[00:58:01] Read1: loaded 125M reads 
[00:58:01] Read2: loaded 125M reads 
[00:58:02] Read1: loaded 126M reads 
[00:58:02] Read2: loaded 126M reads 
[00:58:03] Read1: loaded 127M reads 
[00:58:03] Read2: loaded 127M reads 
[00:58:03] Read1: loaded 128M reads 
[00:58:03] Read2: loaded 128M reads 
[00:58:04] Read2: loaded 129M reads 
[00:58:04] Read1: loaded 129M reads 
[00:58:05] Read1: loaded 130M reads 
[00:58:05] Read2: loaded 130M reads 
[00:58:06] Read1: loaded 131M reads 
[00:58:06] Read2: loaded 131M reads 
[00:58:06] Read1: loaded 132M reads 
[00:58:06] Read2: loaded 132M reads 
[00:58:07] Read2: loaded 133M reads 
[00:58:07] Read1: loaded 133M reads 
[00:58:08] Read1: loaded 134M reads 
[00:58:08] Read2: loaded 134M reads 
[00:58:09] Read2: loaded 135M reads 
[00:58:09] Read1: loaded 135M reads 
[00:58:09] Read1: loaded 136M reads 
[00:58:09] Read2: loaded 136M reads 
[00:58:10] Read1: loaded 137M reads 
[00:58:10] Read2: loaded 137M reads 
[00:58:11] Read1: loaded 138M reads 
[00:58:11] Read2: loaded 138M reads 
[00:58:12] Read1: loaded 139M reads 
[00:58:12] Read2: loaded 139M reads 
[00:58:12] Read1: loaded 140M reads 
[00:58:12] Read2: loaded 140M reads 
[00:58:13] Read2: loaded 141M reads 
[00:58:13] Read1: loaded 141M reads 
[00:58:14] Read1: loaded 142M reads 
[00:58:14] Read2: loaded 142M reads 
[00:58:15] Read1: loaded 143M reads 
[00:58:15] Read2: loaded 143M reads 
[00:58:15] Read2: loaded 144M reads 
[00:58:15] Read1: loaded 144M reads 
[00:58:16] Read2: loaded 145M reads 
[00:58:16] Read1: loaded 145M reads 
[00:58:17] Read1: loaded 146M reads 
[00:58:17] Read2: loaded 146M reads 
[00:58:18] Read2: loaded 147M reads 
[00:58:18] Read1: loaded 147M reads 
[00:58:18] Read2: loaded 148M reads 
[00:58:18] Read1: loaded 148M reads 
[00:58:19] Read2: loaded 149M reads 
[00:58:19] Read1: loaded 149M reads 
[00:58:20] Read1: loaded 150M reads 
[00:58:20] Read2: loaded 150M reads 
[00:58:21] Read2: loaded 151M reads 
[00:58:21] Read1: loaded 151M reads 
[00:58:22] Read1: loaded 152M reads 
[00:58:22] Read2: loaded 152M reads 
[00:58:22] Read2: loaded 153M reads 
[00:58:22] Read1: loaded 153M reads 
[00:58:23] Read1: loaded 154M reads 
[00:58:23] Read2: loaded 154M reads 
[00:58:24] Read1: loaded 155M reads 
[00:58:24] Read2: loaded 155M reads 
[00:58:25] Read1: loaded 156M reads 
[00:58:25] Read2: loaded 156M reads 
[00:58:25] Read1: loaded 157M reads 
[00:58:25] Read2: loaded 157M reads 
[00:58:26] Read1: loaded 158M reads 
[00:58:26] Read2: loaded 158M reads 
[00:58:27] Read2: loaded 159M reads 
[00:58:27] Read1: loaded 159M reads 
[00:58:28] Read1: loaded 160M reads 
[00:58:28] Read2: loaded 160M reads 
[00:58:28] Read1: loaded 161M reads 
[00:58:28] Read2: loaded 161M reads 
[00:58:29] Read1: loaded 162M reads 
[00:58:29] Read2: loaded 162M reads 
[00:58:30] Read2: loaded 163M reads 
[00:58:30] Read1: loaded 163M reads 
[00:58:31] Read2: loaded 164M reads 
[00:58:31] Read1: loaded 164M reads 
[00:58:31] Read1: loaded 165M reads 
[00:58:31] Read2: loaded 165M reads 
[00:58:32] Read1: loaded 166M reads 
[00:58:32] Read2: loaded 166M reads 
[00:58:33] Read1: loaded 167M reads 
[00:58:33] Read2: loaded 167M reads 
[00:58:34] Read2: loaded 168M reads 
[00:58:34] Read1: loaded 168M reads 
[00:58:34] Read1: loaded 169M reads 
[00:58:34] Read2: loaded 169M reads 
[00:58:35] Read2: loaded 170M reads 
[00:58:35] Read1: loaded 170M reads 
[00:58:36] Read1: loaded 171M reads 
[00:58:36] Read2: loaded 171M reads 
[00:58:37] Read2: loaded 172M reads 
[00:58:37] Read1: loaded 172M reads 
[00:58:37] Read1: loaded 173M reads 
[00:58:37] Read2: loaded 173M reads 
[00:58:38] Read2: loaded 174M reads 
[00:58:38] Read1: loaded 174M reads 
[00:58:39] Read1: loaded 175M reads 
[00:58:39] Read2: loaded 175M reads 
[00:58:40] Read1: loaded 176M reads 
[00:58:40] Read2: loaded 176M reads 
[00:58:40] Read2: loaded 177M reads 
[00:58:40] Read1: loaded 177M reads 
[00:58:41] Read2: loaded 178M reads 
[00:58:41] Read1: loaded 178M reads 
[00:58:42] Read1: loaded 179M reads 
[00:58:42] Read2: loaded 179M reads 
[00:58:43] Read2: loaded 180M reads 
[00:58:43] Read1: loaded 180M reads 
[00:58:43] Read1: loaded 181M reads 
[00:58:43] Read2: loaded 181M reads 
[00:58:44] Read2: loaded 182M reads 
[00:58:44] Read1: loaded 182M reads 
[00:58:45] Read1: loaded 183M reads 
[00:58:45] Read2: loaded 183M reads 
[00:58:46] Read1: loaded 184M reads 
[00:58:46] Read2: loaded 184M reads 
[00:58:46] Read2: loaded 185M reads 
[00:58:46] Read1: loaded 185M reads 
[00:58:47] Read2: loaded 186M reads 
[00:58:47] Read1: loaded 186M reads 
[00:58:48] Read2: loaded 187M reads 
[00:58:48] Read1: loaded 187M reads 
[00:58:49] Read1: loaded 188M reads 
[00:58:49] Read2: loaded 188M reads 
[00:58:49] Read2: loaded 189M reads 
[00:58:49] Read1: loaded 189M reads 
[00:58:50] Read2: loaded 190M reads 
[00:58:50] Read1: loaded 190M reads 
[00:58:51] Read1: loaded 191M reads 
[00:58:51] Read2: loaded 191M reads 
[00:58:52] Read2: loaded 192M reads 
[00:58:52] Read1: loaded 192M reads 
[00:58:52] Read1: loaded 193M reads 
[00:58:52] Read2: loaded 193M reads 
[00:58:53] Read2: loaded 194M reads 
[00:58:53] Read1: loaded 194M reads 
[00:58:54] Read2: loaded 195M reads 
[00:58:54] Read1: loaded 195M reads 
[00:58:55] Read1: loaded 196M reads 
[00:58:55] Read2: loaded 196M reads 
[00:58:55] Read2: loaded 197M reads 
[00:58:55] Read1: loaded 197M reads 
[00:58:56] Read2: loaded 198M reads 
[00:58:56] Read1: loaded 198M reads 
[00:58:57] Read2: loaded 199M reads 
[00:58:57] Read1: loaded 199M reads 
[00:58:58] Read1: loaded 200M reads 
[00:58:58] Read2: loaded 200M reads 
[00:58:58] Read2: loaded 201M reads 
[00:58:58] Read1: loaded 201M reads 
[00:58:59] Read2: loaded 202M reads 
[00:58:59] Read1: loaded 202M reads 
[00:59:00] Read2: loaded 203M reads 
[00:59:00] Read1: loaded 203M reads 
[00:59:01] Read2: loaded 204M reads 
[00:59:01] Read1: loaded 204M reads 
[00:59:01] Read1: loaded 205M reads 
[00:59:01] Read2: loaded 205M reads 
[00:59:02] Read1: loaded 206M reads 
[00:59:02] Read2: loaded 206M reads 
[00:59:03] Read1: loaded 207M reads 
[00:59:03] Read2: loaded 207M reads 
[00:59:04] Read1: loaded 208M reads 
[00:59:04] Read2: loaded 208M reads 
[00:59:04] Read1: loaded 209M reads 
[00:59:04] Read2: loaded 209M reads 
[00:59:05] Read2: loaded 210M reads 
[00:59:05] Read1: loaded 210M reads 
[00:59:06] Read1: loaded 211M reads 
[00:59:06] Read2: loaded 211M reads 
[00:59:07] Read2: loaded 212M reads 
[00:59:07] Read1: loaded 212M reads 
[00:59:07] Read1: loaded 213M reads 
[00:59:07] Read2: loaded 213M reads 
[00:59:08] Read1: loaded 214M reads 
[00:59:08] Read2: loaded 214M reads 
[00:59:09] Read2: loaded 215M reads 
[00:59:09] Read1: loaded 215M reads 
[00:59:10] Read2: loaded 216M reads 
[00:59:10] Read1: loaded 216M reads 
[00:59:11] Read1: loaded 217M reads 
[00:59:11] Read2: loaded 217M reads 
[00:59:11] Read1: loaded 218M reads 
[00:59:11] Read2: loaded 218M reads 
[00:59:12] Read1: loaded 219M reads 
[00:59:12] Read2: loaded 219M reads 
[00:59:13] Read2: loaded 220M reads 
[00:59:13] Read1: loaded 220M reads 
[00:59:14] Read1: loaded 221M reads 
[00:59:14] Read2: loaded 221M reads 
[00:59:14] Read2: loaded 222M reads 
[00:59:14] Read1: loaded 222M reads 
[00:59:15] Read1: loaded 223M reads 
[00:59:15] Read2: loaded 223M reads 
[00:59:16] Read2: loaded 224M reads 
[00:59:16] Read1: loaded 224M reads 
[00:59:17] Read1: loaded 225M reads 
[00:59:17] Read2: loaded 225M reads 
[00:59:17] Read1: loaded 226M reads 
[00:59:17] Read2: loaded 226M reads 
[00:59:18] Read1: loaded 227M reads 
[00:59:18] Read2: loaded 227M reads 
[00:59:19] Read2: loaded 228M reads 
[00:59:19] Read1: loaded 228M reads 
[00:59:20] Read2: loaded 229M reads 
[00:59:20] Read1: loaded 229M reads 
[00:59:20] Read1: loaded 230M reads 
[00:59:20] Read2: loaded 230M reads 
[00:59:21] Read1: loaded 231M reads 
[00:59:21] Read2: loaded 231M reads 
[00:59:22] Read2: loaded 232M reads 
[00:59:22] Read1: loaded 232M reads 
[00:59:23] Read2: loaded 233M reads 
[00:59:23] Read1: loaded 233M reads 
[00:59:23] Read2: loaded 234M reads 
[00:59:23] Read1: loaded 234M reads 
[00:59:24] Read1: loaded 235M reads 
[00:59:24] Read2: loaded 235M reads 
[00:59:25] Read1: loaded 236M reads 
[00:59:25] Read2: loaded 236M reads 
[00:59:26] Read2: loaded 237M reads 
[00:59:26] Read1: loaded 237M reads 
[00:59:26] Read1: loaded 238M reads 
[00:59:26] Read2: loaded 238M reads 
[00:59:27] Read2: loaded 239M reads 
[00:59:27] Read1: loaded 239M reads 
[00:59:28] Read2: loaded 240M reads 
[00:59:28] Read1: loaded 240M reads 
[00:59:29] Read1: loaded 241M reads 
[00:59:29] Read2: loaded 241M reads 
[00:59:30] Read1: loaded 242M reads 
[00:59:30] Read2: loaded 242M reads 
[00:59:30] Read1: loaded 243M reads 
[00:59:30] Read2: loaded 243M reads 
[00:59:31] Read1: loaded 244M reads 
[00:59:31] Read2: loaded 244M reads 
[00:59:32] Read2: loaded 245M reads 
[00:59:32] Read1: loaded 245M reads 
[00:59:33] Read2: loaded 246M reads 
[00:59:33] Read1: loaded 246M reads 
[00:59:33] Read1: loaded 247M reads 
[00:59:33] Read2: loaded 247M reads 
[00:59:34] Read1: loaded 248M reads 
[00:59:34] Read2: loaded 248M reads 
[00:59:35] Read1: loaded 249M reads 
[00:59:35] Read2: loaded 249M reads 
[00:59:36] Read2: loaded 250M reads 
[00:59:36] Read1: loaded 250M reads 
[00:59:36] Read2: loaded 251M reads 
[00:59:36] Read1: loaded 251M reads 
[00:59:37] Read2: loaded 252M reads 
[00:59:37] Read1: loaded 252M reads 
[00:59:38] Read1: loaded 253M reads 
[00:59:38] Read2: loaded 253M reads 
[00:59:39] Read1: loaded 254M reads 
[00:59:39] Read2: loaded 254M reads 
[00:59:39] Read1: loaded 255M reads 
[00:59:39] Read2: loaded 255M reads 
[00:59:40] Read2: loaded 256M reads 
[00:59:40] Read1: loaded 256M reads 
[00:59:41] Read2: loaded 257M reads 
[00:59:41] Read1: loaded 257M reads 
[00:59:42] Read1: loaded 258M reads 
[00:59:42] Read2: loaded 258M reads 
[00:59:42] Read1: loaded 259M reads 
[00:59:42] Read2: loaded 259M reads 
[00:59:43] Read1: loaded 260M reads 
[00:59:43] Read2: loaded 260M reads 
[00:59:44] Read1: loaded 261M reads 
[00:59:44] Read2: loaded 261M reads 
[00:59:45] Read2: loaded 262M reads 
[00:59:45] Read1: loaded 262M reads 
[00:59:45] Read2: loaded 263M reads 
[00:59:45] Read1: loaded 263M reads 
[00:59:46] Read1: loaded 264M reads 
[00:59:46] Read2: loaded 264M reads 
[00:59:47] Read2: loaded 265M reads 
[00:59:47] Read1: loaded 265M reads 
[00:59:48] Read1: loaded 266M reads 
[00:59:48] Read2: loaded 266M reads 
[00:59:48] Read1: loaded 267M reads 
[00:59:48] Read2: loaded 267M reads 
[00:59:49] Read1: loaded 268M reads 
[00:59:49] Read2: loaded 268M reads 
[00:59:50] Read2: loaded 269M reads 
[00:59:50] Read1: loaded 269M reads 
[00:59:51] Read1: loaded 270M reads 
[00:59:51] Read2: loaded 270M reads 
[00:59:51] Read2: loaded 271M reads 
[00:59:51] Read1: loaded 271M reads 
[00:59:52] Read1: loaded 272M reads 
[00:59:52] Read2: loaded 272M reads 
[00:59:53] Read2: loaded 273M reads 
[00:59:53] Read1: loaded 273M reads 
[00:59:54] Read1: loaded 274M reads 
[00:59:54] Read2: loaded 274M reads 
[00:59:55] Read2: loaded 275M reads 
[00:59:55] Read1: loaded 275M reads 
[00:59:55] Read1: loaded 276M reads 
[00:59:55] Read2: loaded 276M reads 
[00:59:56] Read1: loaded 277M reads 
[00:59:56] Read2: loaded 277M reads 
[00:59:57] Read1: loaded 278M reads 
[00:59:57] Read2: loaded 278M reads 
[00:59:58] Read1: loaded 279M reads 
[00:59:58] Read2: loaded 279M reads 
[00:59:58] Read1: loaded 280M reads 
[00:59:58] Read2: loaded 280M reads 
[00:59:59] Read1: loaded 281M reads 
[00:59:59] Read2: loaded 281M reads 
[01:00:00] Read1: loaded 282M reads 
[01:00:00] Read2: loaded 282M reads 
[01:00:01] Read2: loaded 283M reads 
[01:00:01] Read1: loaded 283M reads 
[01:00:01] Read1: loaded 284M reads 
[01:00:01] Read2: loaded 284M reads 
[01:00:02] Read1: loaded 285M reads 
[01:00:02] Read2: loaded 285M reads 
[01:00:03] Read1: loaded 286M reads 
[01:00:03] Read2: loaded 286M reads 
[01:00:04] Read2: loaded 287M reads 
[01:00:04] Read1: loaded 287M reads 
[01:00:04] Read1: loaded 288M reads 
[01:00:04] Read2: loaded 288M reads 
[01:00:05] Read2: loaded 289M reads 
[01:00:05] Read1: loaded 289M reads 
[01:00:06] Read1: loaded 290M reads 
[01:00:06] Read2: loaded 290M reads 
[01:00:07] Read1: loaded 291M reads 
[01:00:07] Read2: loaded 291M reads 
[01:00:07] Read1: loaded 292M reads 
[01:00:07] Read2: loaded 292M reads 
[01:00:08] Read1: loaded 293M reads 
[01:00:08] Read2: loaded 293M reads 
[01:00:09] Read1: loaded 294M reads 
[01:00:09] Read2: loaded 294M reads 
[01:00:10] Read1: loaded 295M reads 
[01:00:10] Read2: loaded 295M reads 
[01:00:10] Read1: loaded 296M reads 
[01:00:10] Read2: loaded 296M reads 
[01:00:11] Read1: loaded 297M reads 
[01:00:11] Read2: loaded 297M reads 
[01:00:12] Read1: loaded 298M reads 
[01:00:12] Read2: loaded 298M reads 
[01:00:13] Read2: loaded 299M reads 
[01:00:13] Read1: loaded 299M reads 
[01:00:14] Read1: loaded 300M reads 
[01:00:14] Read2: loaded 300M reads 
[01:00:14] Read1: loaded 301M reads 
[01:00:14] Read2: loaded 301M reads 
[01:00:15] Read2: loaded 302M reads 
[01:00:15] Read1: loaded 302M reads 
[01:00:16] Read1: loaded 303M reads 
[01:00:16] Read2: loaded 303M reads 
[01:00:17] Read1: loaded 304M reads 
[01:00:17] Read2: loaded 304M reads 
[01:00:17] Read1: loaded 305M reads 
[01:00:17] Read2: loaded 305M reads 
[01:00:18] Read1: loaded 306M reads 
[01:00:18] Read2: loaded 306M reads 
[01:00:19] Read2: loaded 307M reads 
[01:00:19] Read1: loaded 307M reads 
[01:00:20] Read2: loaded 308M reads 
[01:00:20] Read1: loaded 308M reads 
[01:00:20] Read2: loaded 309M reads 
[01:00:20] Read1: loaded 309M reads 
[01:00:21] Read1: loaded 310M reads 
[01:00:21] Read2: loaded 310M reads 
[01:00:22] Read2: loaded 311M reads 
[01:00:22] Read1: loaded 311M reads 
[01:00:23] Read2: loaded 312M reads 
[01:00:23] Read1: loaded 312M reads 
[01:00:23] Read2: loaded 313M reads 
[01:00:23] Read1: loaded 313M reads 
[01:00:24] Read1: loaded 314M reads 
[01:00:24] Read2: loaded 314M reads 
[01:00:25] Read1: loaded 315M reads 
[01:00:25] Read2: loaded 315M reads 
[01:00:26] Read1: loaded 316M reads 
[01:00:26] Read2: loaded 316M reads 
[01:00:26] Read2: loaded 317M reads 
[01:00:26] Read1: loaded 317M reads 
[01:00:27] Read1: loaded 318M reads 
[01:00:27] Read2: loaded 318M reads 
[01:00:28] Read2: loaded 319M reads 
[01:00:28] Read1: loaded 319M reads 
[01:00:29] Read2: loaded 320M reads 
[01:00:29] Read1: loaded 320M reads 
[01:00:30] Read2: loaded 321M reads 
[01:00:30] Read1: loaded 321M reads 
[01:00:30] Read2: loaded 322M reads 
[01:00:30] Read1: loaded 322M reads 
[01:00:31] Read1: loaded 323M reads 
[01:00:31] Read2: loaded 323M reads 
[01:00:32] Read2: loaded 324M reads 
[01:00:32] Read1: loaded 324M reads 
[01:00:33] Read2: loaded 325M reads 
[01:00:33] Read1: loaded 325M reads 
[01:00:33] Read1: loaded 326M reads 
[01:00:33] Read2: loaded 326M reads 
[01:00:34] Read2: loaded 327M reads 
[01:00:34] Read1: loaded 327M reads 
[01:00:35] Read1: loaded 328M reads 
[01:00:35] Read2: loaded 328M reads 
[01:00:36] Read2: loaded 329M reads 
[01:00:36] Read1: loaded 329M reads 
[01:00:36] Read2: loaded 330M reads 
[01:00:36] Read1: loaded 330M reads 
[01:00:37] Read1: loaded 331M reads 
[01:00:37] Read2: loaded 331M reads 
[01:00:38] Read2: loaded 332M reads 
[01:00:38] Read1: loaded 332M reads 
[01:00:39] Read1: loaded 333M reads 
[01:00:39] Read2: loaded 333M reads 
[01:00:40] Read1: loaded 334M reads 
[01:00:40] Read2: loaded 334M reads 
[01:00:40] Read2: loaded 335M reads 
[01:00:40] Read1: loaded 335M reads 
[01:00:41] Read1: loaded 336M reads 
[01:00:41] Read2: loaded 336M reads 
[01:00:42] Read2: loaded 337M reads 
[01:00:42] Read1: loaded 337M reads 
[01:00:43] Read2: loaded 338M reads 
[01:00:43] Read1: loaded 338M reads 
[01:00:43] Read1: loaded 339M reads 
[01:00:43] Read2: loaded 339M reads 
[01:00:44] Read2: loaded 340M reads 
[01:00:44] Read1: loaded 340M reads 
[01:00:45] Read1: loaded 341M reads 
[01:00:45] Read2: loaded 341M reads 
[01:00:46] Read2: loaded 342M reads 
[01:00:46] Read1: loaded 342M reads 
[01:00:46] Read1: loaded 343M reads 
[01:00:46] Read2: loaded 343M reads 
[01:00:47] Read2: loaded 344M reads 
[01:00:47] Read1: loaded 344M reads 
[01:00:48] Read2: loaded 345M reads 
[01:00:48] Read1: loaded 345M reads 
[01:00:49] Read1: loaded 346M reads 
[01:00:49] Read2: loaded 346M reads 
[01:00:50] Read1: loaded 347M reads 
[01:00:50] Read2: loaded 347M reads 
[01:00:50] Read2: loaded 348M reads 
[01:00:50] Read1: loaded 348M reads 
[01:00:51] Read2: loaded 349M reads 
[01:00:51] Read1: loaded 349M reads 
[01:00:52] Read1: loaded 350M reads 
[01:00:52] Read2: loaded 350M reads 
[01:00:53] Read1: loaded 351M reads 
[01:00:53] Read2: loaded 351M reads 
[01:00:53] Read1: loaded 352M reads 
[01:00:53] Read2: loaded 352M reads 
[01:00:54] Read2: loaded 353M reads 
[01:00:54] Read1: loaded 353M reads 
[01:00:55] Read1: loaded 354M reads 
[01:00:55] Read2: loaded 354M reads 
[01:00:56] Read1: loaded 355M reads 
[01:00:56] Read2: loaded 355M reads 
[01:00:56] Read2: loaded 356M reads 
[01:00:56] Read1: loaded 356M reads 
[01:00:57] Read2: loaded 357M reads 
[01:00:57] Read1: loaded 357M reads 
[01:00:58] Read2: loaded 358M reads 
[01:00:58] Read1: loaded 358M reads 
[01:00:59] Read1: loaded 359M reads 
[01:00:59] Read2: loaded 359M reads 
[01:00:59] Read2: loaded 360M reads 
[01:00:59] Read1: loaded 360M reads 
[01:01:00] Read2: loaded 361M reads 
[01:01:00] Read1: loaded 361M reads 
[01:01:00] Read1: loading completed with 44102 packs 
[01:01:00] Read2: loading completed with 44102 packs 
[01:01:00] [fastp 1.3.3-d0bromir] Stage: loading (274459 ms) 
[01:01:00] [fastp 1.3.3-d0bromir] Stage: filtering 
[01:01:01] thread 6 data processing completed 
[01:01:01] thread 6 finished 
[01:01:01] thread 3 data processing completed 
[01:01:01] thread 3 finished 
[01:01:01] thread 9 data processing completed 
[01:01:01] thread 9 finished 
[01:01:01] thread 15 data processing completed 
[01:01:01] thread 15 finished 
[01:01:01] thread 13 data processing completed 
[01:01:01] thread 13 finished 
[01:01:01] thread 2 data processing completed 
[01:01:01] thread 2 finished 
[01:01:01] thread 11 data processing completed 
[01:01:01] thread 11 finished 
[01:01:01] thread 1 data processing completed 
[01:01:01] thread 1 finished 
[01:01:01] thread 12 data processing completed 
[01:01:01] thread 12 finished 
[01:01:01] thread 16 data processing completed 
[01:01:01] thread 16 finished 
[01:01:01] thread 14 data processing completed 
[01:01:01] thread 14 finished 
[01:01:01] thread 8 data processing completed 
[01:01:01] thread 8 finished 
[01:01:01] thread 5 data processing completed 
[01:01:01] thread 5 finished 
[01:01:01] thread 10 data processing completed 
[01:01:01] thread 10 finished 
[01:01:01] thread 4 data processing completed 
[01:01:01] thread 4 finished 
[01:01:01] thread 7 data processing completed 
[01:01:01] thread 7 finished 
[01:01:01] [fastp 1.3.3-d0bromir] Stage: filtering (387 ms) 
[01:01:01] [fastp 1.3.3-d0bromir] Stage: writing 
[01:01:01] /dev/shm/fastp_bench_6ou9AW_R2.fq.gz writer finished 
[01:01:01] /dev/shm/fastp_bench_t2v5uY_R1.fq.gz writer finished 
[01:01:01] [fastp 1.3.3-d0bromir] Stage: writing (28 ms) 
[01:01:01] start to generate reports
 
Read1 before filtering:
total reads: 361281611
total bases: 54192241650
Q20 bases: 54123398100(99.873%)
Q30 bases: 54123398100(99.873%)
Q40 bases: 0(0%)

Read2 before filtering:
total reads: 361281611
total bases: 54192241650
Q20 bases: 53855170050(99.378%)
Q30 bases: 53855170050(99.378%)
Q40 bases: 0(0%)

Read1 after filtering:
total reads: 358607374
total bases: 53574361382
Q20 bases: 53574361382(100%)
Q30 bases: 53574361382(100%)
Q40 bases: 0(0%)

Read2 after filtering:
total reads: 358607374
total bases: 53574361382
Q20 bases: 53574361382(100%)
Q30 bases: 53574361382(100%)
Q40 bases: 0(0%)

Filtering result:
reads passed filter: 717214748
reads failed due to low quality: 5328396
reads failed due to too many N: 20078
reads failed due to too short: 0
reads failed due to adapter dimer: 0
reads with adapter trimmed: 9627740
bases trimmed due to adapters: 442711160

Duplication rate: 5.60214%

Insert size peak (evaluated by paired-end reads): 269

JSON report: /dev/shm/fastp_bench_y6UA38.json
HTML report: /dev/null

/home/mpiuser/bioauto_rev/fastp_d0bromir/fastp-cpu -w 16 -j /dev/shm/fastp_bench_y6UA38.json -h /dev/null --verbose -i /home/mpiuser/FASTQ/WGS/DRR216653_1.fastq.gz -I /home/mpiuser/FASTQ/WGS/DRR216653_2.fastq.gz -o /dev/shm/fastp_bench_t2v5uY_R1.fq.gz -O /dev/shm/fastp_bench_6ou9AW_R2.fq.gz 
fastp v1.3.3-d0bromir, time used: 276 seconds
================================================================

================================================================
 Application  : d0bromir_gpu (/home/mpiuser/bioauto_rev/fastp_d0bromir/fastp)
 Dataset      : WGS PE 40G (DRR216653 R1+R2)
 Files        : R1=/home/mpiuser/FASTQ/WGS/DRR216653_1.fastq.gz
               R2=/home/mpiuser/FASTQ/WGS/DRR216653_2.fastq.gz
 Type         : PE
 Threads      : 16
 Wall time    : 247.887 s
 reads_in     : 722563222
 reads_out    : 717214748
 vs_opengene  : N/A
--- Resource usage ---
 CPU avg/peak : 3032.0% / 3507.5%
 RSS peak     : 3206 MiB
 GPU util a/p : 25.7% / 30.0%
 GPU mem peak : 1360 MiB
 Sample CSV   : /home/mpiuser/bioauto_rev/fastp_d0bromir/benchmark_results/20261004_003818/resources/resource_WGS_PE_40G_d0bromir_gpu_T16_1791075667.csv
--- Profiling output ---
[01:01:07] fastp 1.3.3-d0bromir starting 
[01:01:08] [GPU] CUDA GPU available (Device 0) - statistics GPU-accelerated (slots=8) 
[01:01:08] [fastp 1.3.3-d0bromir] Stage: loading 
[01:01:08] start to load data of read1 
[01:01:08] start to load data of read2 
[01:01:08] [GPU] CUDA GPU available (Device 1) - statistics GPU-accelerated (slots=8) 
[01:01:08] [GPU] Dual-GPU mode: Device 0 + Device 1 active 
[01:01:09] Read1: loaded 1M reads 
[01:01:09] Read2: loaded 1M reads 
[01:01:09] Read1: loaded 2M reads 
[01:01:09] Read2: loaded 2M reads 
[01:01:10] Read2: loaded 3M reads 
[01:01:10] Read1: loaded 3M reads 
[01:01:11] Read2: loaded 4M reads 
[01:01:11] Read1: loaded 4M reads 
[01:01:11] Read2: loaded 5M reads 
[01:01:11] Read1: loaded 5M reads 
[01:01:12] Read2: loaded 6M reads 
[01:01:12] Read1: loaded 6M reads 
[01:01:13] Read2: loaded 7M reads 
[01:01:13] Read1: loaded 7M reads 
[01:01:13] Read2: loaded 8M reads 
[01:01:13] Read1: loaded 8M reads 
[01:01:14] Read2: loaded 9M reads 
[01:01:14] Read1: loaded 9M reads 
[01:01:14] Read2: loaded 10M reads 
[01:01:15] Read1: loaded 10M reads 
[01:01:15] Read2: loaded 11M reads 
[01:01:15] Read1: loaded 11M reads 
[01:01:16] Read2: loaded 12M reads 
[01:01:16] Read1: loaded 12M reads 
[01:01:17] Read1: loaded 13M reads 
[01:01:17] Read2: loaded 13M reads 
[01:01:17] Read1: loaded 14M reads 
[01:01:17] Read2: loaded 14M reads 
[01:01:18] Read2: loaded 15M reads 
[01:01:18] Read1: loaded 15M reads 
[01:01:19] Read1: loaded 16M reads 
[01:01:19] Read2: loaded 16M reads 
[01:01:19] Read2: loaded 17M reads 
[01:01:19] Read1: loaded 17M reads 
[01:01:20] Read1: loaded 18M reads 
[01:01:20] Read2: loaded 18M reads 
[01:01:21] Read2: loaded 19M reads 
[01:01:21] Read1: loaded 19M reads 
[01:01:21] Read1: loaded 20M reads 
[01:01:21] Read2: loaded 20M reads 
[01:01:22] Read1: loaded 21M reads 
[01:01:22] Read2: loaded 21M reads 
[01:01:23] Read2: loaded 22M reads 
[01:01:23] Read1: loaded 22M reads 
[01:01:23] Read2: loaded 23M reads 
[01:01:23] Read1: loaded 23M reads 
[01:01:24] Read2: loaded 24M reads 
[01:01:24] Read1: loaded 24M reads 
[01:01:25] Read2: loaded 25M reads 
[01:01:25] Read1: loaded 25M reads 
[01:01:25] Read2: loaded 26M reads 
[01:01:25] Read1: loaded 26M reads 
[01:01:26] Read1: loaded 27M reads 
[01:01:26] Read2: loaded 27M reads 
[01:01:27] Read1: loaded 28M reads 
[01:01:27] Read2: loaded 28M reads 
[01:01:27] Read2: loaded 29M reads 
[01:01:27] Read1: loaded 29M reads 
[01:01:28] Read1: loaded 30M reads 
[01:01:28] Read2: loaded 30M reads 
[01:01:29] Read1: loaded 31M reads 
[01:01:29] Read2: loaded 31M reads 
[01:01:29] Read1: loaded 32M reads 
[01:01:29] Read2: loaded 32M reads 
[01:01:30] Read1: loaded 33M reads 
[01:01:30] Read2: loaded 33M reads 
[01:01:31] Read1: loaded 34M reads 
[01:01:31] Read2: loaded 34M reads 
[01:01:31] Read2: loaded 35M reads 
[01:01:31] Read1: loaded 35M reads 
[01:01:32] Read2: loaded 36M reads 
[01:01:32] Read1: loaded 36M reads 
[01:01:33] Read1: loaded 37M reads 
[01:01:33] Read2: loaded 37M reads 
[01:01:34] Read1: loaded 38M reads 
[01:01:34] Read2: loaded 38M reads 
[01:01:34] Read2: loaded 39M reads 
[01:01:34] Read1: loaded 39M reads 
[01:01:35] Read1: loaded 40M reads 
[01:01:35] Read2: loaded 40M reads 
[01:01:36] Read1: loaded 41M reads 
[01:01:36] Read2: loaded 41M reads 
[01:01:36] Read1: loaded 42M reads 
[01:01:36] Read2: loaded 42M reads 
[01:01:37] Read2: loaded 43M reads 
[01:01:37] Read1: loaded 43M reads 
[01:01:38] Read2: loaded 44M reads 
[01:01:38] Read1: loaded 44M reads 
[01:01:38] Read1: loaded 45M reads 
[01:01:38] Read2: loaded 45M reads 
[01:01:39] Read1: loaded 46M reads 
[01:01:39] Read2: loaded 46M reads 
[01:01:40] Read1: loaded 47M reads 
[01:01:40] Read2: loaded 47M reads 
[01:01:40] Read1: loaded 48M reads 
[01:01:40] Read2: loaded 48M reads 
[01:01:41] Read2: loaded 49M reads 
[01:01:41] Read1: loaded 49M reads 
[01:01:42] Read1: loaded 50M reads 
[01:01:42] Read2: loaded 50M reads 
[01:01:42] Read2: loaded 51M reads 
[01:01:42] Read1: loaded 51M reads 
[01:01:43] Read1: loaded 52M reads 
[01:01:43] Read2: loaded 52M reads 
[01:01:44] Read2: loaded 53M reads 
[01:01:44] Read1: loaded 53M reads 
[01:01:44] Read2: loaded 54M reads 
[01:01:44] Read1: loaded 54M reads 
[01:01:45] Read1: loaded 55M reads 
[01:01:45] Read2: loaded 55M reads 
[01:01:46] Read2: loaded 56M reads 
[01:01:46] Read1: loaded 56M reads 
[01:01:46] Read1: loaded 57M reads 
[01:01:46] Read2: loaded 57M reads 
[01:01:47] Read2: loaded 58M reads 
[01:01:47] Read1: loaded 58M reads 
[01:01:48] Read2: loaded 59M reads 
[01:01:48] Read1: loaded 59M reads 
[01:01:48] Read1: loaded 60M reads 
[01:01:48] Read2: loaded 60M reads 
[01:01:49] Read2: loaded 61M reads 
[01:01:49] Read1: loaded 61M reads 
[01:01:50] Read1: loaded 62M reads 
[01:01:50] Read2: loaded 62M reads 
[01:01:51] Read2: loaded 63M reads 
[01:01:51] Read1: loaded 63M reads 
[01:01:51] Read1: loaded 64M reads 
[01:01:51] Read2: loaded 64M reads 
[01:01:52] Read2: loaded 65M reads 
[01:01:52] Read1: loaded 65M reads 
[01:01:53] Read2: loaded 66M reads 
[01:01:53] Read1: loaded 66M reads 
[01:01:53] Read1: loaded 67M reads 
[01:01:53] Read2: loaded 67M reads 
[01:01:54] Read1: loaded 68M reads 
[01:01:54] Read2: loaded 68M reads 
[01:01:55] Read2: loaded 69M reads 
[01:01:55] Read1: loaded 69M reads 
[01:01:55] Read2: loaded 70M reads 
[01:01:55] Read1: loaded 70M reads 
[01:01:56] Read1: loaded 71M reads 
[01:01:56] Read2: loaded 71M reads 
[01:01:57] Read2: loaded 72M reads 
[01:01:57] Read1: loaded 72M reads 
[01:01:57] Read1: loaded 73M reads 
[01:01:57] Read2: loaded 73M reads 
[01:01:58] Read2: loaded 74M reads 
[01:01:58] Read1: loaded 74M reads 
[01:01:59] Read1: loaded 75M reads 
[01:01:59] Read2: loaded 75M reads 
[01:01:59] Read1: loaded 76M reads 
[01:01:59] Read2: loaded 76M reads 
[01:02:00] Read1: loaded 77M reads 
[01:02:00] Read2: loaded 77M reads 
[01:02:01] Read1: loaded 78M reads 
[01:02:01] Read2: loaded 78M reads 
[01:02:01] Read1: loaded 79M reads 
[01:02:01] Read2: loaded 79M reads 
[01:02:02] Read2: loaded 80M reads 
[01:02:02] Read1: loaded 80M reads 
[01:02:03] Read1: loaded 81M reads 
[01:02:03] Read2: loaded 81M reads 
[01:02:03] Read1: loaded 82M reads 
[01:02:03] Read2: loaded 82M reads 
[01:02:04] Read2: loaded 83M reads 
[01:02:04] Read1: loaded 83M reads 
[01:02:05] Read1: loaded 84M reads 
[01:02:05] Read2: loaded 84M reads 
[01:02:06] Read1: loaded 85M reads 
[01:02:06] Read2: loaded 85M reads 
[01:02:06] Read1: loaded 86M reads 
[01:02:06] Read2: loaded 86M reads 
[01:02:07] Read1: loaded 87M reads 
[01:02:07] Read2: loaded 87M reads 
[01:02:08] Read2: loaded 88M reads 
[01:02:08] Read1: loaded 88M reads 
[01:02:08] Read2: loaded 89M reads 
[01:02:08] Read1: loaded 89M reads 
[01:02:09] Read2: loaded 90M reads 
[01:02:09] Read1: loaded 90M reads 
[01:02:10] Read2: loaded 91M reads 
[01:02:10] Read1: loaded 91M reads 
[01:02:10] Read1: loaded 92M reads 
[01:02:10] Read2: loaded 92M reads 
[01:02:11] Read2: loaded 93M reads 
[01:02:11] Read1: loaded 93M reads 
[01:02:12] Read2: loaded 94M reads 
[01:02:12] Read1: loaded 94M reads 
[01:02:12] Read2: loaded 95M reads 
[01:02:12] Read1: loaded 95M reads 
[01:02:13] Read1: loaded 96M reads 
[01:02:13] Read2: loaded 96M reads 
[01:02:14] Read1: loaded 97M reads 
[01:02:14] Read2: loaded 97M reads 
[01:02:14] Read2: loaded 98M reads 
[01:02:14] Read1: loaded 98M reads 
[01:02:15] Read1: loaded 99M reads 
[01:02:15] Read2: loaded 99M reads 
[01:02:16] Read2: loaded 100M reads 
[01:02:16] Read1: loaded 100M reads 
[01:02:16] Read1: loaded 101M reads 
[01:02:16] Read2: loaded 101M reads 
[01:02:17] Read1: loaded 102M reads 
[01:02:17] Read2: loaded 102M reads 
[01:02:18] Read1: loaded 103M reads 
[01:02:18] Read2: loaded 103M reads 
[01:02:18] Read1: loaded 104M reads 
[01:02:18] Read2: loaded 104M reads 
[01:02:19] Read2: loaded 105M reads 
[01:02:19] Read1: loaded 105M reads 
[01:02:20] Read1: loaded 106M reads 
[01:02:20] Read2: loaded 106M reads 
[01:02:20] Read2: loaded 107M reads 
[01:02:21] Read1: loaded 107M reads 
[01:02:21] Read1: loaded 108M reads 
[01:02:21] Read2: loaded 108M reads 
[01:02:22] Read1: loaded 109M reads 
[01:02:22] Read2: loaded 109M reads 
[01:02:23] Read1: loaded 110M reads 
[01:02:23] Read2: loaded 110M reads 
[01:02:23] Read1: loaded 111M reads 
[01:02:23] Read2: loaded 111M reads 
[01:02:24] Read2: loaded 112M reads 
[01:02:24] Read1: loaded 112M reads 
[01:02:25] Read1: loaded 113M reads 
[01:02:25] Read2: loaded 113M reads 
[01:02:25] Read1: loaded 114M reads 
[01:02:25] Read2: loaded 114M reads 
[01:02:26] Read2: loaded 115M reads 
[01:02:26] Read1: loaded 115M reads 
[01:02:27] Read1: loaded 116M reads 
[01:02:27] Read2: loaded 116M reads 
[01:02:27] Read2: loaded 117M reads 
[01:02:27] Read1: loaded 117M reads 
[01:02:28] Read2: loaded 118M reads 
[01:02:28] Read1: loaded 118M reads 
[01:02:29] Read2: loaded 119M reads 
[01:02:29] Read1: loaded 119M reads 
[01:02:29] Read1: loaded 120M reads 
[01:02:29] Read2: loaded 120M reads 
[01:02:30] Read2: loaded 121M reads 
[01:02:30] Read1: loaded 121M reads 
[01:02:31] Read2: loaded 122M reads 
[01:02:31] Read1: loaded 122M reads 
[01:02:31] Read1: loaded 123M reads 
[01:02:31] Read2: loaded 123M reads 
[01:02:32] Read2: loaded 124M reads 
[01:02:32] Read1: loaded 124M reads 
[01:02:33] Read1: loaded 125M reads 
[01:02:33] Read2: loaded 125M reads 
[01:02:33] Read2: loaded 126M reads 
[01:02:33] Read1: loaded 126M reads 
[01:02:34] Read1: loaded 127M reads 
[01:02:34] Read2: loaded 127M reads 
[01:02:35] Read1: loaded 128M reads 
[01:02:35] Read2: loaded 128M reads 
[01:02:35] Read2: loaded 129M reads 
[01:02:35] Read1: loaded 129M reads 
[01:02:36] Read1: loaded 130M reads 
[01:02:36] Read2: loaded 130M reads 
[01:02:37] Read1: loaded 131M reads 
[01:02:37] Read2: loaded 131M reads 
[01:02:37] Read1: loaded 132M reads 
[01:02:37] Read2: loaded 132M reads 
[01:02:38] Read2: loaded 133M reads 
[01:02:38] Read1: loaded 133M reads 
[01:02:39] Read1: loaded 134M reads 
[01:02:39] Read2: loaded 134M reads 
[01:02:39] Read2: loaded 135M reads 
[01:02:39] Read1: loaded 135M reads 
[01:02:40] Read1: loaded 136M reads 
[01:02:40] Read2: loaded 136M reads 
[01:02:41] Read1: loaded 137M reads 
[01:02:41] Read2: loaded 137M reads 
[01:02:41] Read1: loaded 138M reads 
[01:02:41] Read2: loaded 138M reads 
[01:02:42] Read2: loaded 139M reads 
[01:02:42] Read1: loaded 139M reads 
[01:02:43] Read1: loaded 140M reads 
[01:02:43] Read2: loaded 140M reads 
[01:02:43] Read2: loaded 141M reads 
[01:02:43] Read1: loaded 141M reads 
[01:02:44] Read1: loaded 142M reads 
[01:02:44] Read2: loaded 142M reads 
[01:02:45] Read2: loaded 143M reads 
[01:02:45] Read1: loaded 143M reads 
[01:02:45] Read1: loaded 144M reads 
[01:02:46] Read2: loaded 144M reads 
[01:02:46] Read1: loaded 145M reads 
[01:02:46] Read2: loaded 145M reads 
[01:02:47] Read1: loaded 146M reads 
[01:02:47] Read2: loaded 146M reads 
[01:02:47] Read2: loaded 147M reads 
[01:02:48] Read1: loaded 147M reads 
[01:02:48] Read1: loaded 148M reads 
[01:02:48] Read2: loaded 148M reads 
[01:02:49] Read2: loaded 149M reads 
[01:02:49] Read1: loaded 149M reads 
[01:02:50] Read1: loaded 150M reads 
[01:02:50] Read2: loaded 150M reads 
[01:02:50] Read1: loaded 151M reads 
[01:02:50] Read2: loaded 151M reads 
[01:02:51] Read1: loaded 152M reads 
[01:02:51] Read2: loaded 152M reads 
[01:02:52] Read1: loaded 153M reads 
[01:02:52] Read2: loaded 153M reads 
[01:02:52] Read1: loaded 154M reads 
[01:02:52] Read2: loaded 154M reads 
[01:02:53] Read1: loaded 155M reads 
[01:02:53] Read2: loaded 155M reads 
[01:02:54] Read1: loaded 156M reads 
[01:02:54] Read2: loaded 156M reads 
[01:02:54] Read2: loaded 157M reads 
[01:02:54] Read1: loaded 157M reads 
[01:02:55] Read1: loaded 158M reads 
[01:02:55] Read2: loaded 158M reads 
[01:02:56] Read1: loaded 159M reads 
[01:02:56] Read2: loaded 159M reads 
[01:02:56] Read1: loaded 160M reads 
[01:02:56] Read2: loaded 160M reads 
[01:02:57] Read1: loaded 161M reads 
[01:02:57] Read2: loaded 161M reads 
[01:02:58] Read1: loaded 162M reads 
[01:02:58] Read2: loaded 162M reads 
[01:02:58] Read1: loaded 163M reads 
[01:02:58] Read2: loaded 163M reads 
[01:02:59] Read2: loaded 164M reads 
[01:02:59] Read1: loaded 164M reads 
[01:03:00] Read1: loaded 165M reads 
[01:03:00] Read2: loaded 165M reads 
[01:03:00] Read2: loaded 166M reads 
[01:03:00] Read1: loaded 166M reads 
[01:03:01] Read2: loaded 167M reads 
[01:03:01] Read1: loaded 167M reads 
[01:03:02] Read2: loaded 168M reads 
[01:03:02] Read1: loaded 168M reads 
[01:03:02] Read1: loaded 169M reads 
[01:03:02] Read2: loaded 169M reads 
[01:03:03] Read2: loaded 170M reads 
[01:03:03] Read1: loaded 170M reads 
[01:03:04] Read2: loaded 171M reads 
[01:03:04] Read1: loaded 171M reads 
[01:03:04] Read1: loaded 172M reads 
[01:03:04] Read2: loaded 172M reads 
[01:03:05] Read1: loaded 173M reads 
[01:03:05] Read2: loaded 173M reads 
[01:03:06] Read2: loaded 174M reads 
[01:03:06] Read1: loaded 174M reads 
[01:03:06] Read1: loaded 175M reads 
[01:03:06] Read2: loaded 175M reads 
[01:03:07] Read2: loaded 176M reads 
[01:03:07] Read1: loaded 176M reads 
[01:03:08] Read2: loaded 177M reads 
[01:03:08] Read1: loaded 177M reads 
[01:03:08] Read1: loaded 178M reads 
[01:03:08] Read2: loaded 178M reads 
[01:03:09] Read1: loaded 179M reads 
[01:03:09] Read2: loaded 179M reads 
[01:03:10] Read2: loaded 180M reads 
[01:03:10] Read1: loaded 180M reads 
[01:03:10] Read2: loaded 181M reads 
[01:03:10] Read1: loaded 181M reads 
[01:03:11] Read1: loaded 182M reads 
[01:03:11] Read2: loaded 182M reads 
[01:03:12] Read2: loaded 183M reads 
[01:03:12] Read1: loaded 183M reads 
[01:03:12] Read1: loaded 184M reads 
[01:03:12] Read2: loaded 184M reads 
[01:03:13] Read2: loaded 185M reads 
[01:03:13] Read1: loaded 185M reads 
[01:03:14] Read1: loaded 186M reads 
[01:03:14] Read2: loaded 186M reads 
[01:03:14] Read1: loaded 187M reads 
[01:03:14] Read2: loaded 187M reads 
[01:03:15] Read2: loaded 188M reads 
[01:03:15] Read1: loaded 188M reads 
[01:03:16] Read2: loaded 189M reads 
[01:03:16] Read1: loaded 189M reads 
[01:03:16] Read2: loaded 190M reads 
[01:03:16] Read1: loaded 190M reads 
[01:03:17] Read2: loaded 191M reads 
[01:03:17] Read1: loaded 191M reads 
[01:03:18] Read2: loaded 192M reads 
[01:03:18] Read1: loaded 192M reads 
[01:03:18] Read2: loaded 193M reads 
[01:03:18] Read1: loaded 193M reads 
[01:03:19] Read2: loaded 194M reads 
[01:03:19] Read1: loaded 194M reads 
[01:03:20] Read2: loaded 195M reads 
[01:03:20] Read1: loaded 195M reads 
[01:03:20] Read2: loaded 196M reads 
[01:03:20] Read1: loaded 196M reads 
[01:03:21] Read1: loaded 197M reads 
[01:03:21] Read2: loaded 197M reads 
[01:03:22] Read2: loaded 198M reads 
[01:03:22] Read1: loaded 198M reads 
[01:03:22] Read2: loaded 199M reads 
[01:03:22] Read1: loaded 199M reads 
[01:03:23] Read2: loaded 200M reads 
[01:03:23] Read1: loaded 200M reads 
[01:03:24] Read1: loaded 201M reads 
[01:03:24] Read2: loaded 201M reads 
[01:03:25] Read2: loaded 202M reads 
[01:03:25] Read1: loaded 202M reads 
[01:03:25] Read1: loaded 203M reads 
[01:03:25] Read2: loaded 203M reads 
[01:03:26] Read2: loaded 204M reads 
[01:03:26] Read1: loaded 204M reads 
[01:03:27] Read1: loaded 205M reads 
[01:03:27] Read2: loaded 205M reads 
[01:03:27] Read2: loaded 206M reads 
[01:03:27] Read1: loaded 206M reads 
[01:03:28] Read1: loaded 207M reads 
[01:03:28] Read2: loaded 207M reads 
[01:03:29] Read2: loaded 208M reads 
[01:03:29] Read1: loaded 208M reads 
[01:03:29] Read1: loaded 209M reads 
[01:03:29] Read2: loaded 209M reads 
[01:03:30] Read2: loaded 210M reads 
[01:03:30] Read1: loaded 210M reads 
[01:03:31] Read2: loaded 211M reads 
[01:03:31] Read1: loaded 211M reads 
[01:03:31] Read1: loaded 212M reads 
[01:03:31] Read2: loaded 212M reads 
[01:03:32] Read1: loaded 213M reads 
[01:03:32] Read2: loaded 213M reads 
[01:03:33] Read2: loaded 214M reads 
[01:03:33] Read1: loaded 214M reads 
[01:03:33] Read1: loaded 215M reads 
[01:03:33] Read2: loaded 215M reads 
[01:03:34] Read2: loaded 216M reads 
[01:03:34] Read1: loaded 216M reads 
[01:03:35] Read2: loaded 217M reads 
[01:03:35] Read1: loaded 217M reads 
[01:03:35] Read2: loaded 218M reads 
[01:03:35] Read1: loaded 218M reads 
[01:03:36] Read1: loaded 219M reads 
[01:03:36] Read2: loaded 219M reads 
[01:03:37] Read2: loaded 220M reads 
[01:03:37] Read1: loaded 220M reads 
[01:03:37] Read1: loaded 221M reads 
[01:03:37] Read2: loaded 221M reads 
[01:03:38] Read2: loaded 222M reads 
[01:03:38] Read1: loaded 222M reads 
[01:03:39] Read1: loaded 223M reads 
[01:03:39] Read2: loaded 223M reads 
[01:03:39] Read2: loaded 224M reads 
[01:03:39] Read1: loaded 224M reads 
[01:03:40] Read2: loaded 225M reads 
[01:03:40] Read1: loaded 225M reads 
[01:03:41] Read1: loaded 226M reads 
[01:03:41] Read2: loaded 226M reads 
[01:03:41] Read2: loaded 227M reads 
[01:03:41] Read1: loaded 227M reads 
[01:03:42] Read2: loaded 228M reads 
[01:03:42] Read1: loaded 228M reads 
[01:03:43] Read1: loaded 229M reads 
[01:03:43] Read2: loaded 229M reads 
[01:03:43] Read1: loaded 230M reads 
[01:03:43] Read2: loaded 230M reads 
[01:03:44] Read1: loaded 231M reads 
[01:03:44] Read2: loaded 231M reads 
[01:03:45] Read2: loaded 232M reads 
[01:03:45] Read1: loaded 232M reads 
[01:03:45] Read1: loaded 233M reads 
[01:03:45] Read2: loaded 233M reads 
[01:03:46] Read2: loaded 234M reads 
[01:03:46] Read1: loaded 234M reads 
[01:03:47] Read1: loaded 235M reads 
[01:03:47] Read2: loaded 235M reads 
[01:03:47] Read1: loaded 236M reads 
[01:03:47] Read2: loaded 236M reads 
[01:03:48] Read1: loaded 237M reads 
[01:03:48] Read2: loaded 237M reads 
[01:03:49] Read1: loaded 238M reads 
[01:03:49] Read2: loaded 238M reads 
[01:03:49] Read1: loaded 239M reads 
[01:03:50] Read2: loaded 239M reads 
[01:03:50] Read2: loaded 240M reads 
[01:03:50] Read1: loaded 240M reads 
[01:03:51] Read1: loaded 241M reads 
[01:03:51] Read2: loaded 241M reads 
[01:03:52] Read1: loaded 242M reads 
[01:03:52] Read2: loaded 242M reads 
[01:03:52] Read1: loaded 243M reads 
[01:03:52] Read2: loaded 243M reads 
[01:03:53] Read2: loaded 244M reads 
[01:03:53] Read1: loaded 244M reads 
[01:03:54] Read2: loaded 245M reads 
[01:03:54] Read1: loaded 245M reads 
[01:03:54] Read1: loaded 246M reads 
[01:03:54] Read2: loaded 246M reads 
[01:03:55] Read1: loaded 247M reads 
[01:03:55] Read2: loaded 247M reads 
[01:03:56] Read1: loaded 248M reads 
[01:03:56] Read2: loaded 248M reads 
[01:03:56] Read1: loaded 249M reads 
[01:03:56] Read2: loaded 249M reads 
[01:03:57] Read2: loaded 250M reads 
[01:03:57] Read1: loaded 250M reads 
[01:03:58] Read2: loaded 251M reads 
[01:03:58] Read1: loaded 251M reads 
[01:03:58] Read2: loaded 252M reads 
[01:03:58] Read1: loaded 252M reads 
[01:03:59] Read1: loaded 253M reads 
[01:03:59] Read2: loaded 253M reads 
[01:04:00] Read1: loaded 254M reads 
[01:04:00] Read2: loaded 254M reads 
[01:04:00] Read2: loaded 255M reads 
[01:04:00] Read1: loaded 255M reads 
[01:04:01] Read2: loaded 256M reads 
[01:04:01] Read1: loaded 256M reads 
[01:04:02] Read2: loaded 257M reads 
[01:04:02] Read1: loaded 257M reads 
[01:04:02] Read1: loaded 258M reads 
[01:04:02] Read2: loaded 258M reads 
[01:04:03] Read1: loaded 259M reads 
[01:04:03] Read2: loaded 259M reads 
[01:04:04] Read1: loaded 260M reads 
[01:04:04] Read2: loaded 260M reads 
[01:04:04] Read1: loaded 261M reads 
[01:04:04] Read2: loaded 261M reads 
[01:04:05] Read2: loaded 262M reads 
[01:04:05] Read1: loaded 262M reads 
[01:04:06] Read2: loaded 263M reads 
[01:04:06] Read1: loaded 263M reads 
[01:04:06] Read1: loaded 264M reads 
[01:04:06] Read2: loaded 264M reads 
[01:04:07] Read1: loaded 265M reads 
[01:04:07] Read2: loaded 265M reads 
[01:04:08] Read1: loaded 266M reads 
[01:04:08] Read2: loaded 266M reads 
[01:04:08] Read2: loaded 267M reads 
[01:04:08] Read1: loaded 267M reads 
[01:04:09] Read1: loaded 268M reads 
[01:04:09] Read2: loaded 268M reads 
[01:04:10] Read2: loaded 269M reads 
[01:04:10] Read1: loaded 269M reads 
[01:04:10] Read1: loaded 270M reads 
[01:04:10] Read2: loaded 270M reads 
[01:04:11] Read1: loaded 271M reads 
[01:04:11] Read2: loaded 271M reads 
[01:04:12] Read1: loaded 272M reads 
[01:04:12] Read2: loaded 272M reads 
[01:04:13] Read2: loaded 273M reads 
[01:04:13] Read1: loaded 273M reads 
[01:04:13] Read1: loaded 274M reads 
[01:04:13] Read2: loaded 274M reads 
[01:04:14] Read2: loaded 275M reads 
[01:04:14] Read1: loaded 275M reads 
[01:04:15] Read1: loaded 276M reads 
[01:04:15] Read2: loaded 276M reads 
[01:04:15] Read1: loaded 277M reads 
[01:04:15] Read2: loaded 277M reads 
[01:04:16] Read1: loaded 278M reads 
[01:04:16] Read2: loaded 278M reads 
[01:04:17] Read2: loaded 279M reads 
[01:04:17] Read1: loaded 279M reads 
[01:04:17] Read1: loaded 280M reads 
[01:04:17] Read2: loaded 280M reads 
[01:04:18] Read2: loaded 281M reads 
[01:04:18] Read1: loaded 281M reads 
[01:04:19] Read1: loaded 282M reads 
[01:04:19] Read2: loaded 282M reads 
[01:04:19] Read1: loaded 283M reads 
[01:04:19] Read2: loaded 283M reads 
[01:04:20] Read2: loaded 284M reads 
[01:04:20] Read1: loaded 284M reads 
[01:04:21] Read1: loaded 285M reads 
[01:04:21] Read2: loaded 285M reads 
[01:04:21] Read1: loaded 286M reads 
[01:04:21] Read2: loaded 286M reads 
[01:04:22] Read1: loaded 287M reads 
[01:04:22] Read2: loaded 287M reads 
[01:04:23] Read1: loaded 288M reads 
[01:04:23] Read2: loaded 288M reads 
[01:04:23] Read1: loaded 289M reads 
[01:04:23] Read2: loaded 289M reads 
[01:04:24] Read2: loaded 290M reads 
[01:04:24] Read1: loaded 290M reads 
[01:04:25] Read2: loaded 291M reads 
[01:04:25] Read1: loaded 291M reads 
[01:04:25] Read1: loaded 292M reads 
[01:04:25] Read2: loaded 292M reads 
[01:04:26] Read1: loaded 293M reads 
[01:04:26] Read2: loaded 293M reads 
[01:04:27] Read2: loaded 294M reads 
[01:04:27] Read1: loaded 294M reads 
[01:04:27] Read2: loaded 295M reads 
[01:04:27] Read1: loaded 295M reads 
[01:04:28] Read1: loaded 296M reads 
[01:04:28] Read2: loaded 296M reads 
[01:04:29] Read1: loaded 297M reads 
[01:04:29] Read2: loaded 297M reads 
[01:04:29] Read1: loaded 298M reads 
[01:04:29] Read2: loaded 298M reads 
[01:04:30] Read1: loaded 299M reads 
[01:04:30] Read2: loaded 299M reads 
[01:04:31] Read1: loaded 300M reads 
[01:04:31] Read2: loaded 300M reads 
[01:04:31] Read2: loaded 301M reads 
[01:04:31] Read1: loaded 301M reads 
[01:04:32] Read2: loaded 302M reads 
[01:04:32] Read1: loaded 302M reads 
[01:04:33] Read1: loaded 303M reads 
[01:04:33] Read2: loaded 303M reads 
[01:04:34] Read1: loaded 304M reads 
[01:04:34] Read2: loaded 304M reads 
[01:04:34] Read1: loaded 305M reads 
[01:04:34] Read2: loaded 305M reads 
[01:04:35] Read1: loaded 306M reads 
[01:04:35] Read2: loaded 306M reads 
[01:04:36] Read2: loaded 307M reads 
[01:04:36] Read1: loaded 307M reads 
[01:04:36] Read2: loaded 308M reads 
[01:04:36] Read1: loaded 308M reads 
[01:04:37] Read2: loaded 309M reads 
[01:04:37] Read1: loaded 309M reads 
[01:04:38] Read1: loaded 310M reads 
[01:04:38] Read2: loaded 310M reads 
[01:04:38] Read2: loaded 311M reads 
[01:04:38] Read1: loaded 311M reads 
[01:04:39] Read1: loaded 312M reads 
[01:04:39] Read2: loaded 312M reads 
[01:04:40] Read2: loaded 313M reads 
[01:04:40] Read1: loaded 313M reads 
[01:04:40] Read1: loaded 314M reads 
[01:04:40] Read2: loaded 314M reads 
[01:04:41] Read2: loaded 315M reads 
[01:04:41] Read1: loaded 315M reads 
[01:04:42] Read1: loaded 316M reads 
[01:04:42] Read2: loaded 316M reads 
[01:04:42] Read2: loaded 317M reads 
[01:04:42] Read1: loaded 317M reads 
[01:04:43] Read1: loaded 318M reads 
[01:04:43] Read2: loaded 318M reads 
[01:04:44] Read2: loaded 319M reads 
[01:04:44] Read1: loaded 319M reads 
[01:04:45] Read1: loaded 320M reads 
[01:04:45] Read2: loaded 320M reads 
[01:04:45] Read1: loaded 321M reads 
[01:04:45] Read2: loaded 321M reads 
[01:04:46] Read2: loaded 322M reads 
[01:04:46] Read1: loaded 322M reads 
[01:04:47] Read1: loaded 323M reads 
[01:04:47] Read2: loaded 323M reads 
[01:04:47] Read2: loaded 324M reads 
[01:04:47] Read1: loaded 324M reads 
[01:04:48] Read1: loaded 325M reads 
[01:04:48] Read2: loaded 325M reads 
[01:04:49] Read1: loaded 326M reads 
[01:04:49] Read2: loaded 326M reads 
[01:04:49] Read2: loaded 327M reads 
[01:04:49] Read1: loaded 327M reads 
[01:04:50] Read1: loaded 328M reads 
[01:04:50] Read2: loaded 328M reads 
[01:04:51] Read1: loaded 329M reads 
[01:04:51] Read2: loaded 329M reads 
[01:04:51] Read2: loaded 330M reads 
[01:04:51] Read1: loaded 330M reads 
[01:04:52] Read1: loaded 331M reads 
[01:04:52] Read2: loaded 331M reads 
[01:04:53] Read2: loaded 332M reads 
[01:04:53] Read1: loaded 332M reads 
[01:04:53] Read1: loaded 333M reads 
[01:04:53] Read2: loaded 333M reads 
[01:04:54] Read1: loaded 334M reads 
[01:04:54] Read2: loaded 334M reads 
[01:04:55] Read2: loaded 335M reads 
[01:04:55] Read1: loaded 335M reads 
[01:04:56] Read1: loaded 336M reads 
[01:04:56] Read2: loaded 336M reads 
[01:04:56] Read1: loaded 337M reads 
[01:04:56] Read2: loaded 337M reads 
[01:04:57] Read1: loaded 338M reads 
[01:04:57] Read2: loaded 338M reads 
[01:04:58] Read1: loaded 339M reads 
[01:04:58] Read2: loaded 339M reads 
[01:04:58] Read2: loaded 340M reads 
[01:04:58] Read1: loaded 340M reads 
[01:04:59] Read1: loaded 341M reads 
[01:04:59] Read2: loaded 341M reads 
[01:05:00] Read2: loaded 342M reads 
[01:05:00] Read1: loaded 342M reads 
[01:05:00] Read1: loaded 343M reads 
[01:05:00] Read2: loaded 343M reads 
[01:05:01] Read2: loaded 344M reads 
[01:05:01] Read1: loaded 344M reads 
[01:05:02] Read1: loaded 345M reads 
[01:05:02] Read2: loaded 345M reads 
[01:05:02] Read1: loaded 346M reads 
[01:05:02] Read2: loaded 346M reads 
[01:05:03] Read1: loaded 347M reads 
[01:05:03] Read2: loaded 347M reads 
[01:05:04] Read1: loaded 348M reads 
[01:05:04] Read2: loaded 348M reads 
[01:05:04] Read1: loaded 349M reads 
[01:05:04] Read2: loaded 349M reads 
[01:05:05] Read2: loaded 350M reads 
[01:05:05] Read1: loaded 350M reads 
[01:05:06] Read1: loaded 351M reads 
[01:05:06] Read2: loaded 351M reads 
[01:05:07] Read1: loaded 352M reads 
[01:05:07] Read2: loaded 352M reads 
[01:05:07] Read1: loaded 353M reads 
[01:05:07] Read2: loaded 353M reads 
[01:05:08] Read2: loaded 354M reads 
[01:05:08] Read1: loaded 354M reads 
[01:05:09] Read2: loaded 355M reads 
[01:05:09] Read1: loaded 355M reads 
[01:05:09] Read2: loaded 356M reads 
[01:05:09] Read1: loaded 356M reads 
[01:05:10] Read1: loaded 357M reads 
[01:05:10] Read2: loaded 357M reads 
[01:05:11] Read2: loaded 358M reads 
[01:05:11] Read1: loaded 358M reads 
[01:05:11] Read2: loaded 359M reads 
[01:05:11] Read1: loaded 359M reads 
[01:05:12] Read1: loaded 360M reads 
[01:05:12] Read2: loaded 360M reads 
[01:05:13] Read2: loaded 361M reads 
[01:05:13] Read1: loaded 361M reads 
[01:05:13] Read1: loading completed with 44102 packs 
[01:05:13] Read2: loading completed with 44102 packs 
[01:05:13] [fastp 1.3.3-d0bromir] Stage: loading (245176 ms) 
[01:05:13] [fastp 1.3.3-d0bromir] Stage: filtering 
[01:05:13] thread 9 data processing completed 
[01:05:13] thread 9 finished 
[01:05:13] thread 3 data processing completed 
[01:05:13] thread 3 finished 
[01:05:13] thread 12 data processing completed 
[01:05:13] thread 12 finished 
[01:05:13] thread 4 data processing completed 
[01:05:13] thread 4 finished 
[01:05:13] thread 7 data processing completed 
[01:05:13] thread 7 finished 
[01:05:13] thread 10 data processing completed 
[01:05:13] thread 10 finished 
[01:05:13] thread 8 data processing completed 
[01:05:13] thread 8 finished 
[01:05:13] thread 13 data processing completed 
[01:05:13] thread 13 finished 
[01:05:13] thread 15 data processing completed 
[01:05:13] thread 15 finished 
[01:05:13] thread 5 data processing completed 
[01:05:13] thread 5 finished 
[01:05:13] thread 11 data processing completed 
[01:05:13] thread 11 finished 
[01:05:13] thread 14 data processing completed 
[01:05:13] thread 14 finished 
[01:05:13] thread 1 data processing completed 
[01:05:13] thread 1 finished 
[01:05:13] thread 6 data processing completed 
[01:05:13] thread 6 finished 
[01:05:13] thread 16 data processing completed 
[01:05:13] thread 16 finished 
[01:05:13] thread 2 data processing completed 
[01:05:13] thread 2 finished 
[01:05:13] [fastp 1.3.3-d0bromir] Stage: filtering (358 ms) 
[01:05:13] [fastp 1.3.3-d0bromir] Stage: writing 
[01:05:13] /dev/shm/fastp_bench_pWq7Bm_R2.fq.gz writer finished 
[01:05:13] /dev/shm/fastp_bench_KOot21_R1.fq.gz writer finished 
[01:05:13] [fastp 1.3.3-d0bromir] Stage: writing (23 ms) 
[01:05:13] [GPU] Device 0: batches=44102 reads=361281611 
[01:05:13] [GPU] Device 1: batches=44102 reads=361281611 
[01:05:13] start to generate reports
 
Read1 before filtering:
total reads: 361281611
total bases: 54192241650
Q20 bases: 54123398100(99.873%)
Q30 bases: 54123398100(99.873%)
Q40 bases: 0(0%)

Read2 before filtering:
total reads: 361281611
total bases: 54192241650
Q20 bases: 53855170050(99.378%)
Q30 bases: 53855170050(99.378%)
Q40 bases: 0(0%)

Read1 after filtering:
total reads: 358607374
total bases: 53574361382
Q20 bases: 53574361382(100%)
Q30 bases: 53574361382(100%)
Q40 bases: 0(0%)

Read2 after filtering:
total reads: 358607374
total bases: 53574361382
Q20 bases: 53574361382(100%)
Q30 bases: 53574361382(100%)
Q40 bases: 0(0%)

Filtering result:
reads passed filter: 717214748
reads failed due to low quality: 5328396
reads failed due to too many N: 20078
reads failed due to too short: 0
reads failed due to adapter dimer: 0
reads with adapter trimmed: 9627740
bases trimmed due to adapters: 442711160

Duplication rate: 5.60214%

Insert size peak (evaluated by paired-end reads): 269

JSON report: /dev/shm/fastp_bench_m1Zhpu.json
HTML report: /dev/null

/home/mpiuser/bioauto_rev/fastp_d0bromir/fastp -w 16 -j /dev/shm/fastp_bench_m1Zhpu.json -h /dev/null --verbose -i /home/mpiuser/FASTQ/WGS/DRR216653_1.fastq.gz -I /home/mpiuser/FASTQ/WGS/DRR216653_2.fastq.gz -o /dev/shm/fastp_bench_KOot21_R1.fq.gz -O /dev/shm/fastp_bench_pWq7Bm_R2.fq.gz 
fastp v1.3.3-d0bromir, time used: 248 seconds
================================================================
