=== Full Benchmark Log: Sat Oct  3 20:35:39 UTC 2026 ===


================================================================
 Application  : opengene (/home/mpiuser/bioauto_rev/fastp_d0bromir/../fastp_opengene/fastp)
 Dataset      : WGS PE 40G (DRR216653 R1+R2)
 Files        : R1=/home/mpiuser/FASTQ/WGS/DRR216653_1.fastq.gz
               R2=/home/mpiuser/FASTQ/WGS/DRR216653_2.fastq.gz
 Type         : PE
 Threads      : 16
 Wall time    : 403.756 s
 reads_in     : 722563222
 reads_out    : 717214748
 vs_opengene  : baseline
--- Resource usage ---
 CPU avg/peak : 1907.3% / 2438.4%
 RSS peak     : 1513 MiB
 GPU util a/p : 0.0% / 0.0%
 GPU mem peak : 0 MiB
 Sample CSV   : /home/mpiuser/bioauto_rev/fastp_d0bromir/benchmark_results/20261003_203539/resources/resource_WGS_PE_40G_opengene_T16_1791059740.csv
--- Profiling output ---
[20:35:40] start to load data of read2 
[20:35:40] start to load data of read1 
[20:35:40] /dev/shm/fastp_bench_APeELw_R2.fq.gz writer finished 
[20:35:40] /dev/shm/fastp_bench_ezPbGo_R1.fq.gz writer finished 
[20:35:41] Read1: loaded 1M reads 
[20:35:41] Read2: loaded 1M reads 
[20:35:43] Read2: loaded 2M reads 
[20:35:43] Read1: loaded 2M reads 
[20:35:44] Read1: loaded 3M reads 
[20:35:44] Read2: loaded 3M reads 
[20:35:45] Read1: loaded 4M reads 
[20:35:45] Read2: loaded 4M reads 
[20:35:46] Read2: loaded 5M reads 
[20:35:46] Read1: loaded 5M reads 
[20:35:47] Read2: loaded 6M reads 
[20:35:47] Read1: loaded 6M reads 
[20:35:48] Read2: loaded 7M reads 
[20:35:48] Read1: loaded 7M reads 
[20:35:49] Read2: loaded 8M reads 
[20:35:49] Read1: loaded 8M reads 
[20:35:50] Read2: loaded 9M reads 
[20:35:50] Read1: loaded 9M reads 
[20:35:51] Read2: loaded 10M reads 
[20:35:51] Read1: loaded 10M reads 
[20:35:52] Read2: loaded 11M reads 
[20:35:52] Read1: loaded 11M reads 
[20:35:54] Read1: loaded 12M reads 
[20:35:54] Read2: loaded 12M reads 
[20:35:55] Read2: loaded 13M reads 
[20:35:55] Read1: loaded 13M reads 
[20:35:56] Read2: loaded 14M reads 
[20:35:56] Read1: loaded 14M reads 
[20:35:57] Read1: loaded 15M reads 
[20:35:57] Read2: loaded 15M reads 
[20:35:58] Read2: loaded 16M reads 
[20:35:58] Read1: loaded 16M reads 
[20:35:59] Read2: loaded 17M reads 
[20:35:59] Read1: loaded 17M reads 
[20:36:00] Read2: loaded 18M reads 
[20:36:00] Read1: loaded 18M reads 
[20:36:01] Read2: loaded 19M reads 
[20:36:01] Read1: loaded 19M reads 
[20:36:03] Read1: loaded 20M reads 
[20:36:03] Read2: loaded 20M reads 
[20:36:04] Read2: loaded 21M reads 
[20:36:04] Read1: loaded 21M reads 
[20:36:05] Read2: loaded 22M reads 
[20:36:05] Read1: loaded 22M reads 
[20:36:06] Read2: loaded 23M reads 
[20:36:06] Read1: loaded 23M reads 
[20:36:07] Read1: loaded 24M reads 
[20:36:07] Read2: loaded 24M reads 
[20:36:08] Read1: loaded 25M reads 
[20:36:08] Read2: loaded 25M reads 
[20:36:09] Read1: loaded 26M reads 
[20:36:09] Read2: loaded 26M reads 
[20:36:10] Read2: loaded 27M reads 
[20:36:10] Read1: loaded 27M reads 
[20:36:11] Read2: loaded 28M reads 
[20:36:11] Read1: loaded 28M reads 
[20:36:12] Read2: loaded 29M reads 
[20:36:12] Read1: loaded 29M reads 
[20:36:14] Read1: loaded 30M reads 
[20:36:14] Read2: loaded 30M reads 
[20:36:15] Read1: loaded 31M reads 
[20:36:15] Read2: loaded 31M reads 
[20:36:16] Read2: loaded 32M reads 
[20:36:16] Read1: loaded 32M reads 
[20:36:17] Read2: loaded 33M reads 
[20:36:17] Read1: loaded 33M reads 
[20:36:18] Read2: loaded 34M reads 
[20:36:18] Read1: loaded 34M reads 
[20:36:19] Read1: loaded 35M reads 
[20:36:19] Read2: loaded 35M reads 
[20:36:20] Read1: loaded 36M reads 
[20:36:20] Read2: loaded 36M reads 
[20:36:21] Read1: loaded 37M reads 
[20:36:21] Read2: loaded 37M reads 
[20:36:22] Read2: loaded 38M reads 
[20:36:22] Read1: loaded 38M reads 
[20:36:23] Read2: loaded 39M reads 
[20:36:23] Read1: loaded 39M reads 
[20:36:25] Read2: loaded 40M reads 
[20:36:25] Read1: loaded 40M reads 
[20:36:26] Read2: loaded 41M reads 
[20:36:26] Read1: loaded 41M reads 
[20:36:27] Read1: loaded 42M reads 
[20:36:27] Read2: loaded 42M reads 
[20:36:28] Read2: loaded 43M reads 
[20:36:28] Read1: loaded 43M reads 
[20:36:29] Read1: loaded 44M reads 
[20:36:29] Read2: loaded 44M reads 
[20:36:30] Read1: loaded 45M reads 
[20:36:30] Read2: loaded 45M reads 
[20:36:31] Read1: loaded 46M reads 
[20:36:31] Read2: loaded 46M reads 
[20:36:32] Read1: loaded 47M reads 
[20:36:32] Read2: loaded 47M reads 
[20:36:33] Read1: loaded 48M reads 
[20:36:33] Read2: loaded 48M reads 
[20:36:35] Read1: loaded 49M reads 
[20:36:35] Read2: loaded 49M reads 
[20:36:36] Read1: loaded 50M reads 
[20:36:36] Read2: loaded 50M reads 
[20:36:37] Read2: loaded 51M reads 
[20:36:37] Read1: loaded 51M reads 
[20:36:38] Read2: loaded 52M reads 
[20:36:38] Read1: loaded 52M reads 
[20:36:39] Read2: loaded 53M reads 
[20:36:39] Read1: loaded 53M reads 
[20:36:40] Read1: loaded 54M reads 
[20:36:40] Read2: loaded 54M reads 
[20:36:41] Read1: loaded 55M reads 
[20:36:41] Read2: loaded 55M reads 
[20:36:42] Read1: loaded 56M reads 
[20:36:42] Read2: loaded 56M reads 
[20:36:43] Read1: loaded 57M reads 
[20:36:43] Read2: loaded 57M reads 
[20:36:44] Read1: loaded 58M reads 
[20:36:44] Read2: loaded 58M reads 
[20:36:46] Read1: loaded 59M reads 
[20:36:46] Read2: loaded 59M reads 
[20:36:47] Read1: loaded 60M reads 
[20:36:47] Read2: loaded 60M reads 
[20:36:48] Read1: loaded 61M reads 
[20:36:48] Read2: loaded 61M reads 
[20:36:49] Read1: loaded 62M reads 
[20:36:49] Read2: loaded 62M reads 
[20:36:50] Read2: loaded 63M reads 
[20:36:50] Read1: loaded 63M reads 
[20:36:51] Read1: loaded 64M reads 
[20:36:51] Read2: loaded 64M reads 
[20:36:52] Read1: loaded 65M reads 
[20:36:52] Read2: loaded 65M reads 
[20:36:53] Read1: loaded 66M reads 
[20:36:53] Read2: loaded 66M reads 
[20:36:54] Read1: loaded 67M reads 
[20:36:54] Read2: loaded 67M reads 
[20:36:56] Read1: loaded 68M reads 
[20:36:56] Read2: loaded 68M reads 
[20:36:57] Read1: loaded 69M reads 
[20:36:57] Read2: loaded 69M reads 
[20:36:58] Read1: loaded 70M reads 
[20:36:58] Read2: loaded 70M reads 
[20:36:59] Read1: loaded 71M reads 
[20:36:59] Read2: loaded 71M reads 
[20:37:00] Read2: loaded 72M reads 
[20:37:00] Read1: loaded 72M reads 
[20:37:01] Read2: loaded 73M reads 
[20:37:01] Read1: loaded 73M reads 
[20:37:02] Read2: loaded 74M reads 
[20:37:02] Read1: loaded 74M reads 
[20:37:03] Read1: loaded 75M reads 
[20:37:03] Read2: loaded 75M reads 
[20:37:04] Read1: loaded 76M reads 
[20:37:04] Read2: loaded 76M reads 
[20:37:05] Read1: loaded 77M reads 
[20:37:05] Read2: loaded 77M reads 
[20:37:07] Read1: loaded 78M reads 
[20:37:07] Read2: loaded 78M reads 
[20:37:08] Read1: loaded 79M reads 
[20:37:08] Read2: loaded 79M reads 
[20:37:09] Read1: loaded 80M reads 
[20:37:09] Read2: loaded 80M reads 
[20:37:10] Read1: loaded 81M reads 
[20:37:10] Read2: loaded 81M reads 
[20:37:11] Read2: loaded 82M reads 
[20:37:11] Read1: loaded 82M reads 
[20:37:12] Read1: loaded 83M reads 
[20:37:12] Read2: loaded 83M reads 
[20:37:13] Read1: loaded 84M reads 
[20:37:13] Read2: loaded 84M reads 
[20:37:14] Read1: loaded 85M reads 
[20:37:14] Read2: loaded 85M reads 
[20:37:15] Read1: loaded 86M reads 
[20:37:15] Read2: loaded 86M reads 
[20:37:16] Read1: loaded 87M reads 
[20:37:16] Read2: loaded 87M reads 
[20:37:17] Read2: loaded 88M reads 
[20:37:17] Read1: loaded 88M reads 
[20:37:19] Read1: loaded 89M reads 
[20:37:19] Read2: loaded 89M reads 
[20:37:20] Read1: loaded 90M reads 
[20:37:20] Read2: loaded 90M reads 
[20:37:21] Read1: loaded 91M reads 
[20:37:21] Read2: loaded 91M reads 
[20:37:22] Read1: loaded 92M reads 
[20:37:22] Read2: loaded 92M reads 
[20:37:23] Read2: loaded 93M reads 
[20:37:23] Read1: loaded 93M reads 
[20:37:24] Read2: loaded 94M reads 
[20:37:24] Read1: loaded 94M reads 
[20:37:25] Read1: loaded 95M reads 
[20:37:25] Read2: loaded 95M reads 
[20:37:26] Read1: loaded 96M reads 
[20:37:26] Read2: loaded 96M reads 
[20:37:27] Read1: loaded 97M reads 
[20:37:27] Read2: loaded 97M reads 
[20:37:28] Read2: loaded 98M reads 
[20:37:28] Read1: loaded 98M reads 
[20:37:30] Read2: loaded 99M reads 
[20:37:30] Read1: loaded 99M reads 
[20:37:31] Read2: loaded 100M reads 
[20:37:31] Read1: loaded 100M reads 
[20:37:32] Read2: loaded 101M reads 
[20:37:32] Read1: loaded 101M reads 
[20:37:33] Read1: loaded 102M reads 
[20:37:33] Read2: loaded 102M reads 
[20:37:34] Read1: loaded 103M reads 
[20:37:34] Read2: loaded 103M reads 
[20:37:35] Read2: loaded 104M reads 
[20:37:35] Read1: loaded 104M reads 
[20:37:36] Read2: loaded 105M reads 
[20:37:36] Read1: loaded 105M reads 
[20:37:37] Read2: loaded 106M reads 
[20:37:37] Read1: loaded 106M reads 
[20:37:38] Read2: loaded 107M reads 
[20:37:38] Read1: loaded 107M reads 
[20:37:39] Read1: loaded 108M reads 
[20:37:39] Read2: loaded 108M reads 
[20:37:41] Read1: loaded 109M reads 
[20:37:41] Read2: loaded 109M reads 
[20:37:42] Read2: loaded 110M reads 
[20:37:42] Read1: loaded 110M reads 
[20:37:43] Read2: loaded 111M reads 
[20:37:43] Read1: loaded 111M reads 
[20:37:44] Read2: loaded 112M reads 
[20:37:44] Read1: loaded 112M reads 
[20:37:45] Read2: loaded 113M reads 
[20:37:45] Read1: loaded 113M reads 
[20:37:46] Read1: loaded 114M reads 
[20:37:46] Read2: loaded 114M reads 
[20:37:47] Read1: loaded 115M reads 
[20:37:47] Read2: loaded 115M reads 
[20:37:48] Read2: loaded 116M reads 
[20:37:48] Read1: loaded 116M reads 
[20:37:49] Read1: loaded 117M reads 
[20:37:49] Read2: loaded 117M reads 
[20:37:50] Read2: loaded 118M reads 
[20:37:50] Read1: loaded 118M reads 
[20:37:52] Read1: loaded 119M reads 
[20:37:52] Read2: loaded 119M reads 
[20:37:53] Read1: loaded 120M reads 
[20:37:53] Read2: loaded 120M reads 
[20:37:54] Read2: loaded 121M reads 
[20:37:54] Read1: loaded 121M reads 
[20:37:55] Read1: loaded 122M reads 
[20:37:55] Read2: loaded 122M reads 
[20:37:56] Read1: loaded 123M reads 
[20:37:56] Read2: loaded 123M reads 
[20:37:57] Read1: loaded 124M reads 
[20:37:57] Read2: loaded 124M reads 
[20:37:58] Read1: loaded 125M reads 
[20:37:58] Read2: loaded 125M reads 
[20:37:59] Read2: loaded 126M reads 
[20:37:59] Read1: loaded 126M reads 
[20:38:00] Read1: loaded 127M reads 
[20:38:00] Read2: loaded 127M reads 
[20:38:01] Read2: loaded 128M reads 
[20:38:01] Read1: loaded 128M reads 
[20:38:02] Read2: loaded 129M reads 
[20:38:02] Read1: loaded 129M reads 
[20:38:04] Read2: loaded 130M reads 
[20:38:04] Read1: loaded 130M reads 
[20:38:05] Read1: loaded 131M reads 
[20:38:05] Read2: loaded 131M reads 
[20:38:06] Read1: loaded 132M reads 
[20:38:06] Read2: loaded 132M reads 
[20:38:07] Read1: loaded 133M reads 
[20:38:07] Read2: loaded 133M reads 
[20:38:08] Read1: loaded 134M reads 
[20:38:08] Read2: loaded 134M reads 
[20:38:09] Read2: loaded 135M reads 
[20:38:09] Read1: loaded 135M reads 
[20:38:10] Read1: loaded 136M reads 
[20:38:10] Read2: loaded 136M reads 
[20:38:11] Read2: loaded 137M reads 
[20:38:11] Read1: loaded 137M reads 
[20:38:12] Read2: loaded 138M reads 
[20:38:12] Read1: loaded 138M reads 
[20:38:13] Read1: loaded 139M reads 
[20:38:13] Read2: loaded 139M reads 
[20:38:15] Read1: loaded 140M reads 
[20:38:15] Read2: loaded 140M reads 
[20:38:16] Read2: loaded 141M reads 
[20:38:16] Read1: loaded 141M reads 
[20:38:17] Read1: loaded 142M reads 
[20:38:17] Read2: loaded 142M reads 
[20:38:18] Read1: loaded 143M reads 
[20:38:18] Read2: loaded 143M reads 
[20:38:19] Read2: loaded 144M reads 
[20:38:19] Read1: loaded 144M reads 
[20:38:20] Read1: loaded 145M reads 
[20:38:20] Read2: loaded 145M reads 
[20:38:21] Read1: loaded 146M reads 
[20:38:21] Read2: loaded 146M reads 
[20:38:22] Read2: loaded 147M reads 
[20:38:22] Read1: loaded 147M reads 
[20:38:23] Read1: loaded 148M reads 
[20:38:23] Read2: loaded 148M reads 
[20:38:25] Read1: loaded 149M reads 
[20:38:25] Read2: loaded 149M reads 
[20:38:26] Read1: loaded 150M reads 
[20:38:26] Read2: loaded 150M reads 
[20:38:27] Read1: loaded 151M reads 
[20:38:27] Read2: loaded 151M reads 
[20:38:28] Read1: loaded 152M reads 
[20:38:28] Read2: loaded 152M reads 
[20:38:29] Read1: loaded 153M reads 
[20:38:29] Read2: loaded 153M reads 
[20:38:30] Read1: loaded 154M reads 
[20:38:30] Read2: loaded 154M reads 
[20:38:31] Read1: loaded 155M reads 
[20:38:32] Read2: loaded 155M reads 
[20:38:33] Read1: loaded 156M reads 
[20:38:33] Read2: loaded 156M reads 
[20:38:34] Read1: loaded 157M reads 
[20:38:34] Read2: loaded 157M reads 
[20:38:35] Read1: loaded 158M reads 
[20:38:35] Read2: loaded 158M reads 
[20:38:36] Read1: loaded 159M reads 
[20:38:36] Read2: loaded 159M reads 
[20:38:37] Read1: loaded 160M reads 
[20:38:37] Read2: loaded 160M reads 
[20:38:38] Read2: loaded 161M reads 
[20:38:38] Read1: loaded 161M reads 
[20:38:39] Read1: loaded 162M reads 
[20:38:39] Read2: loaded 162M reads 
[20:38:41] Read2: loaded 163M reads 
[20:38:41] Read1: loaded 163M reads 
[20:38:42] Read2: loaded 164M reads 
[20:38:42] Read1: loaded 164M reads 
[20:38:43] Read2: loaded 165M reads 
[20:38:43] Read1: loaded 165M reads 
[20:38:44] Read2: loaded 166M reads 
[20:38:44] Read1: loaded 166M reads 
[20:38:45] Read2: loaded 167M reads 
[20:38:45] Read1: loaded 167M reads 
[20:38:46] Read2: loaded 168M reads 
[20:38:46] Read1: loaded 168M reads 
[20:38:47] Read2: loaded 169M reads 
[20:38:47] Read1: loaded 169M reads 
[20:38:49] Read2: loaded 170M reads 
[20:38:49] Read1: loaded 170M reads 
[20:38:50] Read2: loaded 171M reads 
[20:38:50] Read1: loaded 171M reads 
[20:38:51] Read2: loaded 172M reads 
[20:38:51] Read1: loaded 172M reads 
[20:38:52] Read1: loaded 173M reads 
[20:38:52] Read2: loaded 173M reads 
[20:38:53] Read2: loaded 174M reads 
[20:38:53] Read1: loaded 174M reads 
[20:38:54] Read2: loaded 175M reads 
[20:38:54] Read1: loaded 175M reads 
[20:38:55] Read2: loaded 176M reads 
[20:38:55] Read1: loaded 176M reads 
[20:38:56] Read2: loaded 177M reads 
[20:38:56] Read1: loaded 177M reads 
[20:38:57] Read2: loaded 178M reads 
[20:38:57] Read1: loaded 178M reads 
[20:38:58] Read2: loaded 179M reads 
[20:38:58] Read1: loaded 179M reads 
[20:39:00] Read2: loaded 180M reads 
[20:39:00] Read1: loaded 180M reads 
[20:39:01] Read2: loaded 181M reads 
[20:39:01] Read1: loaded 181M reads 
[20:39:02] Read2: loaded 182M reads 
[20:39:02] Read1: loaded 182M reads 
[20:39:03] Read2: loaded 183M reads 
[20:39:03] Read1: loaded 183M reads 
[20:39:04] Read2: loaded 184M reads 
[20:39:04] Read1: loaded 184M reads 
[20:39:05] Read2: loaded 185M reads 
[20:39:05] Read1: loaded 185M reads 
[20:39:06] Read2: loaded 186M reads 
[20:39:06] Read1: loaded 186M reads 
[20:39:07] Read2: loaded 187M reads 
[20:39:07] Read1: loaded 187M reads 
[20:39:08] Read2: loaded 188M reads 
[20:39:08] Read1: loaded 188M reads 
[20:39:09] Read2: loaded 189M reads 
[20:39:09] Read1: loaded 189M reads 
[20:39:10] Read2: loaded 190M reads 
[20:39:10] Read1: loaded 190M reads 
[20:39:12] Read2: loaded 191M reads 
[20:39:12] Read1: loaded 191M reads 
[20:39:13] Read2: loaded 192M reads 
[20:39:13] Read1: loaded 192M reads 
[20:39:14] Read2: loaded 193M reads 
[20:39:14] Read1: loaded 193M reads 
[20:39:15] Read1: loaded 194M reads 
[20:39:15] Read2: loaded 194M reads 
[20:39:16] Read2: loaded 195M reads 
[20:39:16] Read1: loaded 195M reads 
[20:39:17] Read2: loaded 196M reads 
[20:39:17] Read1: loaded 196M reads 
[20:39:18] Read2: loaded 197M reads 
[20:39:18] Read1: loaded 197M reads 
[20:39:19] Read2: loaded 198M reads 
[20:39:19] Read1: loaded 198M reads 
[20:39:20] Read2: loaded 199M reads 
[20:39:20] Read1: loaded 199M reads 
[20:39:21] Read2: loaded 200M reads 
[20:39:21] Read1: loaded 200M reads 
[20:39:23] Read2: loaded 201M reads 
[20:39:23] Read1: loaded 201M reads 
[20:39:24] Read1: loaded 202M reads 
[20:39:24] Read2: loaded 202M reads 
[20:39:25] Read1: loaded 203M reads 
[20:39:25] Read2: loaded 203M reads 
[20:39:26] Read1: loaded 204M reads 
[20:39:26] Read2: loaded 204M reads 
[20:39:27] Read1: loaded 205M reads 
[20:39:27] Read2: loaded 205M reads 
[20:39:28] Read1: loaded 206M reads 
[20:39:28] Read2: loaded 206M reads 
[20:39:29] Read1: loaded 207M reads 
[20:39:29] Read2: loaded 207M reads 
[20:39:30] Read1: loaded 208M reads 
[20:39:30] Read2: loaded 208M reads 
[20:39:31] Read1: loaded 209M reads 
[20:39:31] Read2: loaded 209M reads 
[20:39:32] Read2: loaded 210M reads 
[20:39:32] Read1: loaded 210M reads 
[20:39:34] Read1: loaded 211M reads 
[20:39:34] Read2: loaded 211M reads 
[20:39:35] Read2: loaded 212M reads 
[20:39:35] Read1: loaded 212M reads 
[20:39:36] Read2: loaded 213M reads 
[20:39:36] Read1: loaded 213M reads 
[20:39:37] Read2: loaded 214M reads 
[20:39:37] Read1: loaded 214M reads 
[20:39:38] Read2: loaded 215M reads 
[20:39:38] Read1: loaded 215M reads 
[20:39:39] Read2: loaded 216M reads 
[20:39:39] Read1: loaded 216M reads 
[20:39:40] Read2: loaded 217M reads 
[20:39:40] Read1: loaded 217M reads 
[20:39:41] Read2: loaded 218M reads 
[20:39:41] Read1: loaded 218M reads 
[20:39:42] Read1: loaded 219M reads 
[20:39:42] Read2: loaded 219M reads 
[20:39:44] Read1: loaded 220M reads 
[20:39:44] Read2: loaded 220M reads 
[20:39:45] Read2: loaded 221M reads 
[20:39:45] Read1: loaded 221M reads 
[20:39:46] Read2: loaded 222M reads 
[20:39:46] Read1: loaded 222M reads 
[20:39:47] Read1: loaded 223M reads 
[20:39:47] Read2: loaded 223M reads 
[20:39:48] Read2: loaded 224M reads 
[20:39:48] Read1: loaded 224M reads 
[20:39:49] Read2: loaded 225M reads 
[20:39:49] Read1: loaded 225M reads 
[20:39:50] Read1: loaded 226M reads 
[20:39:50] Read2: loaded 226M reads 
[20:39:51] Read2: loaded 227M reads 
[20:39:51] Read1: loaded 227M reads 
[20:39:52] Read2: loaded 228M reads 
[20:39:52] Read1: loaded 228M reads 
[20:39:53] Read2: loaded 229M reads 
[20:39:53] Read1: loaded 229M reads 
[20:39:55] Read1: loaded 230M reads 
[20:39:55] Read2: loaded 230M reads 
[20:39:56] Read1: loaded 231M reads 
[20:39:56] Read2: loaded 231M reads 
[20:39:57] Read1: loaded 232M reads 
[20:39:57] Read2: loaded 232M reads 
[20:39:58] Read1: loaded 233M reads 
[20:39:58] Read2: loaded 233M reads 
[20:39:59] Read2: loaded 234M reads 
[20:39:59] Read1: loaded 234M reads 
[20:40:00] Read1: loaded 235M reads 
[20:40:00] Read2: loaded 235M reads 
[20:40:01] Read1: loaded 236M reads 
[20:40:01] Read2: loaded 236M reads 
[20:40:02] Read1: loaded 237M reads 
[20:40:02] Read2: loaded 237M reads 
[20:40:03] Read1: loaded 238M reads 
[20:40:03] Read2: loaded 238M reads 
[20:40:05] Read1: loaded 239M reads 
[20:40:05] Read2: loaded 239M reads 
[20:40:06] Read1: loaded 240M reads 
[20:40:06] Read2: loaded 240M reads 
[20:40:07] Read1: loaded 241M reads 
[20:40:07] Read2: loaded 241M reads 
[20:40:08] Read1: loaded 242M reads 
[20:40:08] Read2: loaded 242M reads 
[20:40:09] Read1: loaded 243M reads 
[20:40:09] Read2: loaded 243M reads 
[20:40:10] Read1: loaded 244M reads 
[20:40:10] Read2: loaded 244M reads 
[20:40:11] Read1: loaded 245M reads 
[20:40:11] Read2: loaded 245M reads 
[20:40:13] Read1: loaded 246M reads 
[20:40:13] Read2: loaded 246M reads 
[20:40:14] Read1: loaded 247M reads 
[20:40:14] Read2: loaded 247M reads 
[20:40:15] Read1: loaded 248M reads 
[20:40:15] Read2: loaded 248M reads 
[20:40:16] Read2: loaded 249M reads 
[20:40:16] Read1: loaded 249M reads 
[20:40:17] Read2: loaded 250M reads 
[20:40:17] Read1: loaded 250M reads 
[20:40:18] Read2: loaded 251M reads 
[20:40:18] Read1: loaded 251M reads 
[20:40:19] Read2: loaded 252M reads 
[20:40:19] Read1: loaded 252M reads 
[20:40:20] Read2: loaded 253M reads 
[20:40:20] Read1: loaded 253M reads 
[20:40:21] Read2: loaded 254M reads 
[20:40:21] Read1: loaded 254M reads 
[20:40:22] Read2: loaded 255M reads 
[20:40:22] Read1: loaded 255M reads 
[20:40:24] Read2: loaded 256M reads 
[20:40:24] Read1: loaded 256M reads 
[20:40:25] Read2: loaded 257M reads 
[20:40:25] Read1: loaded 257M reads 
[20:40:26] Read2: loaded 258M reads 
[20:40:26] Read1: loaded 258M reads 
[20:40:27] Read2: loaded 259M reads 
[20:40:27] Read1: loaded 259M reads 
[20:40:28] Read2: loaded 260M reads 
[20:40:28] Read1: loaded 260M reads 
[20:40:29] Read2: loaded 261M reads 
[20:40:29] Read1: loaded 261M reads 
[20:40:30] Read2: loaded 262M reads 
[20:40:30] Read1: loaded 262M reads 
[20:40:31] Read2: loaded 263M reads 
[20:40:31] Read1: loaded 263M reads 
[20:40:32] Read1: loaded 264M reads 
[20:40:32] Read2: loaded 264M reads 
[20:40:34] Read1: loaded 265M reads 
[20:40:34] Read2: loaded 265M reads 
[20:40:35] Read2: loaded 266M reads 
[20:40:35] Read1: loaded 266M reads 
[20:40:36] Read1: loaded 267M reads 
[20:40:36] Read2: loaded 267M reads 
[20:40:37] Read1: loaded 268M reads 
[20:40:37] Read2: loaded 268M reads 
[20:40:38] Read2: loaded 269M reads 
[20:40:38] Read1: loaded 269M reads 
[20:40:39] Read2: loaded 270M reads 
[20:40:39] Read1: loaded 270M reads 
[20:40:40] Read1: loaded 271M reads 
[20:40:40] Read2: loaded 271M reads 
[20:40:41] Read1: loaded 272M reads 
[20:40:41] Read2: loaded 272M reads 
[20:40:42] Read1: loaded 273M reads 
[20:40:42] Read2: loaded 273M reads 
[20:40:43] Read2: loaded 274M reads 
[20:40:43] Read1: loaded 274M reads 
[20:40:45] Read2: loaded 275M reads 
[20:40:45] Read1: loaded 275M reads 
[20:40:46] Read2: loaded 276M reads 
[20:40:46] Read1: loaded 276M reads 
[20:40:47] Read2: loaded 277M reads 
[20:40:47] Read1: loaded 277M reads 
[20:40:48] Read2: loaded 278M reads 
[20:40:48] Read1: loaded 278M reads 
[20:40:49] Read1: loaded 279M reads 
[20:40:49] Read2: loaded 279M reads 
[20:40:50] Read1: loaded 280M reads 
[20:40:50] Read2: loaded 280M reads 
[20:40:51] Read1: loaded 281M reads 
[20:40:51] Read2: loaded 281M reads 
[20:40:52] Read1: loaded 282M reads 
[20:40:52] Read2: loaded 282M reads 
[20:40:53] Read1: loaded 283M reads 
[20:40:53] Read2: loaded 283M reads 
[20:40:54] Read1: loaded 284M reads 
[20:40:54] Read2: loaded 284M reads 
[20:40:56] Read1: loaded 285M reads 
[20:40:56] Read2: loaded 285M reads 
[20:40:57] Read1: loaded 286M reads 
[20:40:57] Read2: loaded 286M reads 
[20:40:58] Read1: loaded 287M reads 
[20:40:58] Read2: loaded 287M reads 
[20:40:59] Read1: loaded 288M reads 
[20:40:59] Read2: loaded 288M reads 
[20:41:00] Read1: loaded 289M reads 
[20:41:00] Read2: loaded 289M reads 
[20:41:01] Read1: loaded 290M reads 
[20:41:01] Read2: loaded 290M reads 
[20:41:02] Read1: loaded 291M reads 
[20:41:02] Read2: loaded 291M reads 
[20:41:03] Read1: loaded 292M reads 
[20:41:03] Read2: loaded 292M reads 
[20:41:04] Read1: loaded 293M reads 
[20:41:04] Read2: loaded 293M reads 
[20:41:06] Read1: loaded 294M reads 
[20:41:06] Read2: loaded 294M reads 
[20:41:07] Read1: loaded 295M reads 
[20:41:07] Read2: loaded 295M reads 
[20:41:08] Read1: loaded 296M reads 
[20:41:08] Read2: loaded 296M reads 
[20:41:09] Read1: loaded 297M reads 
[20:41:09] Read2: loaded 297M reads 
[20:41:10] Read1: loaded 298M reads 
[20:41:10] Read2: loaded 298M reads 
[20:41:11] Read1: loaded 299M reads 
[20:41:11] Read2: loaded 299M reads 
[20:41:13] Read1: loaded 300M reads 
[20:41:13] Read2: loaded 300M reads 
[20:41:14] Read1: loaded 301M reads 
[20:41:14] Read2: loaded 301M reads 
[20:41:15] Read1: loaded 302M reads 
[20:41:15] Read2: loaded 302M reads 
[20:41:16] Read1: loaded 303M reads 
[20:41:16] Read2: loaded 303M reads 
[20:41:17] Read1: loaded 304M reads 
[20:41:17] Read2: loaded 304M reads 
[20:41:18] Read1: loaded 305M reads 
[20:41:18] Read2: loaded 305M reads 
[20:41:19] Read1: loaded 306M reads 
[20:41:19] Read2: loaded 306M reads 
[20:41:21] Read1: loaded 307M reads 
[20:41:21] Read2: loaded 307M reads 
[20:41:22] Read1: loaded 308M reads 
[20:41:22] Read2: loaded 308M reads 
[20:41:23] Read1: loaded 309M reads 
[20:41:23] Read2: loaded 309M reads 
[20:41:24] Read1: loaded 310M reads 
[20:41:24] Read2: loaded 310M reads 
[20:41:25] Read1: loaded 311M reads 
[20:41:25] Read2: loaded 311M reads 
[20:41:26] Read2: loaded 312M reads 
[20:41:26] Read1: loaded 312M reads 
[20:41:27] Read1: loaded 313M reads 
[20:41:27] Read2: loaded 313M reads 
[20:41:28] Read1: loaded 314M reads 
[20:41:28] Read2: loaded 314M reads 
[20:41:29] Read1: loaded 315M reads 
[20:41:29] Read2: loaded 315M reads 
[20:41:31] Read1: loaded 316M reads 
[20:41:31] Read2: loaded 316M reads 
[20:41:32] Read1: loaded 317M reads 
[20:41:32] Read2: loaded 317M reads 
[20:41:33] Read1: loaded 318M reads 
[20:41:33] Read2: loaded 318M reads 
[20:41:34] Read1: loaded 319M reads 
[20:41:34] Read2: loaded 319M reads 
[20:41:35] Read1: loaded 320M reads 
[20:41:35] Read2: loaded 320M reads 
[20:41:36] Read2: loaded 321M reads 
[20:41:36] Read1: loaded 321M reads 
[20:41:37] Read2: loaded 322M reads 
[20:41:37] Read1: loaded 322M reads 
[20:41:38] Read2: loaded 323M reads 
[20:41:38] Read1: loaded 323M reads 
[20:41:40] Read2: loaded 324M reads 
[20:41:40] Read1: loaded 324M reads 
[20:41:41] Read1: loaded 325M reads 
[20:41:41] Read2: loaded 325M reads 
[20:41:42] Read1: loaded 326M reads 
[20:41:42] Read2: loaded 326M reads 
[20:41:43] Read1: loaded 327M reads 
[20:41:43] Read2: loaded 327M reads 
[20:41:44] Read1: loaded 328M reads 
[20:41:44] Read2: loaded 328M reads 
[20:41:45] Read1: loaded 329M reads 
[20:41:45] Read2: loaded 329M reads 
[20:41:47] Read1: loaded 330M reads 
[20:41:47] Read2: loaded 330M reads 
[20:41:48] Read1: loaded 331M reads 
[20:41:48] Read2: loaded 331M reads 
[20:41:49] Read1: loaded 332M reads 
[20:41:49] Read2: loaded 332M reads 
[20:41:50] Read1: loaded 333M reads 
[20:41:50] Read2: loaded 333M reads 
[20:41:51] Read1: loaded 334M reads 
[20:41:51] Read2: loaded 334M reads 
[20:41:52] Read2: loaded 335M reads 
[20:41:52] Read1: loaded 335M reads 
[20:41:53] Read1: loaded 336M reads 
[20:41:53] Read2: loaded 336M reads 
[20:41:55] Read2: loaded 337M reads 
[20:41:55] Read1: loaded 337M reads 
[20:41:56] Read1: loaded 338M reads 
[20:41:56] Read2: loaded 338M reads 
[20:41:57] Read1: loaded 339M reads 
[20:41:57] Read2: loaded 339M reads 
[20:41:58] Read2: loaded 340M reads 
[20:41:58] Read1: loaded 340M reads 
[20:41:59] Read2: loaded 341M reads 
[20:41:59] Read1: loaded 341M reads 
[20:42:00] Read2: loaded 342M reads 
[20:42:00] Read1: loaded 342M reads 
[20:42:01] Read2: loaded 343M reads 
[20:42:01] Read1: loaded 343M reads 
[20:42:03] Read1: loaded 344M reads 
[20:42:03] Read2: loaded 344M reads 
[20:42:04] Read1: loaded 345M reads 
[20:42:04] Read2: loaded 345M reads 
[20:42:05] Read1: loaded 346M reads 
[20:42:05] Read2: loaded 346M reads 
[20:42:06] Read1: loaded 347M reads 
[20:42:06] Read2: loaded 347M reads 
[20:42:07] Read1: loaded 348M reads 
[20:42:07] Read2: loaded 348M reads 
[20:42:08] Read1: loaded 349M reads 
[20:42:08] Read2: loaded 349M reads 
[20:42:10] Read2: loaded 350M reads 
[20:42:10] Read1: loaded 350M reads 
[20:42:11] Read2: loaded 351M reads 
[20:42:11] Read1: loaded 351M reads 
[20:42:12] Read1: loaded 352M reads 
[20:42:12] Read2: loaded 352M reads 
[20:42:13] Read1: loaded 353M reads 
[20:42:13] Read2: loaded 353M reads 
[20:42:14] Read1: loaded 354M reads 
[20:42:14] Read2: loaded 354M reads 
[20:42:15] Read2: loaded 355M reads 
[20:42:15] Read1: loaded 355M reads 
[20:42:17] Read2: loaded 356M reads 
[20:42:17] Read1: loaded 356M reads 
[20:42:18] Read1: loaded 357M reads 
[20:42:18] Read2: loaded 357M reads 
[20:42:19] Read1: loaded 358M reads 
[20:42:19] Read2: loaded 358M reads 
[20:42:20] Read1: loaded 359M reads 
[20:42:20] Read2: loaded 359M reads 
[20:42:21] Read1: loaded 360M reads 
[20:42:21] Read2: loaded 360M reads 
[20:42:22] Read2: loaded 361M reads 
[20:42:22] Read1: loaded 361M reads 
[20:42:23] Read1: loading completed with 361282 packs 
[20:42:23] Read2: loading completed with 361282 packs 
[20:42:23] thread 3 data processing completed 
[20:42:23] thread 3 finished 
[20:42:23] thread 4 data processing completed 
[20:42:23] thread 4 finished 
[20:42:23] thread 5 data processing completed 
[20:42:23] thread 5 finished 
[20:42:23] thread 6 data processing completed 
[20:42:23] thread 6 finished 
[20:42:23] thread 7 data processing completed 
[20:42:23] thread 7 finished 
[20:42:23] thread 8 data processing completed 
[20:42:23] thread 8 finished 
[20:42:23] thread 9 data processing completed 
[20:42:23] thread 9 finished 
[20:42:23] thread 10 data processing completed 
[20:42:23] thread 10 finished 
[20:42:23] thread 11 data processing completed 
[20:42:23] thread 11 finished 
[20:42:23] thread 12 data processing completed 
[20:42:23] thread 12 finished 
[20:42:23] thread 13 data processing completed 
[20:42:23] thread 13 finished 
[20:42:23] thread 14 data processing completed 
[20:42:23] thread 14 finished 
[20:42:23] thread 15 data processing completed 
[20:42:23] thread 15 finished 
[20:42:23] thread 16 data processing completed 
[20:42:23] thread 16 finished 
[20:42:23] thread 1 data processing completed 
[20:42:23] thread 1 finished 
[20:42:23] thread 2 data processing completed 
[20:42:23] thread 2 finished 
[20:42:23] start to generate reports
 
Read1 before filtering:
total reads: 361281611
total bases: 54192241650
Q20 bases: 54123398100(99.873%)
Q30 bases: 54123398100(99.873%)
Q40 bases: 0(0%)

Read2 before filtering:
total reads: 361281611
total bases: 54192241650
Q20 bases: 53855170050(99.378%)
Q30 bases: 53855170050(99.378%)
Q40 bases: 0(0%)

Read1 after filtering:
total reads: 358607374
total bases: 53574361382
Q20 bases: 53574361382(100%)
Q30 bases: 53574361382(100%)
Q40 bases: 0(0%)

Read2 after filtering:
total reads: 358607374
total bases: 53574361382
Q20 bases: 53574361382(100%)
Q30 bases: 53574361382(100%)
Q40 bases: 0(0%)

Filtering result:
reads passed filter: 717214748
reads failed due to low quality: 5328396
reads failed due to too many N: 20078
reads failed due to too short: 0
reads failed due to adapter dimer: 0
reads with adapter trimmed: 9627740
bases trimmed due to adapters: 442711160

Duplication rate: 5.60214%

Insert size peak (evaluated by paired-end reads): 269

JSON report: /dev/shm/fastp_bench_GILb6j.json
HTML report: /dev/null

/home/mpiuser/bioauto_rev/fastp_d0bromir/../fastp_opengene/fastp -w 16 -j /dev/shm/fastp_bench_GILb6j.json -h /dev/null --verbose -i /home/mpiuser/FASTQ/WGS/DRR216653_1.fastq.gz -I /home/mpiuser/FASTQ/WGS/DRR216653_2.fastq.gz -o /dev/shm/fastp_bench_ezPbGo_R1.fq.gz -O /dev/shm/fastp_bench_APeELw_R2.fq.gz 
fastp v1.3.3, time used: 404 seconds
================================================================

================================================================
 Application  : d0bromir_cpu (/home/mpiuser/bioauto_rev/fastp_d0bromir/fastp-cpu)
 Dataset      : WGS PE 40G (DRR216653 R1+R2)
 Files        : R1=/home/mpiuser/FASTQ/WGS/DRR216653_1.fastq.gz
               R2=/home/mpiuser/FASTQ/WGS/DRR216653_2.fastq.gz
 Type         : PE
 Threads      : 16
 Wall time    : 276.223 s
 reads_in     : 722563222
 reads_out    : 717214748
 vs_opengene  : -31.6%
--- Resource usage ---
 CPU avg/peak : 2874.9% / 3392.5%
 RSS peak     : 2532 MiB
 GPU util a/p : 0.0% / 0.0%
 GPU mem peak : 0 MiB
 Sample CSV   : /home/mpiuser/bioauto_rev/fastp_d0bromir/benchmark_results/20261003_203539/resources/resource_WGS_PE_40G_d0bromir_cpu_T16_1791060149.csv
--- Profiling output ---
[20:42:29] fastp 1.3.3-d0bromir starting 
[20:42:29] [fastp 1.3.3-d0bromir] Stage: loading 
[20:42:29] start to load data of read1 
[20:42:29] start to load data of read2 
[20:42:30] Read1: loaded 1M reads 
[20:42:30] Read2: loaded 1M reads 
[20:42:31] Read1: loaded 2M reads 
[20:42:31] Read2: loaded 2M reads 
[20:42:31] Read1: loaded 3M reads 
[20:42:31] Read2: loaded 3M reads 
[20:42:32] Read2: loaded 4M reads 
[20:42:32] Read1: loaded 4M reads 
[20:42:33] Read2: loaded 5M reads 
[20:42:33] Read1: loaded 5M reads 
[20:42:34] Read1: loaded 6M reads 
[20:42:34] Read2: loaded 6M reads 
[20:42:34] Read1: loaded 7M reads 
[20:42:34] Read2: loaded 7M reads 
[20:42:35] Read2: loaded 8M reads 
[20:42:35] Read1: loaded 8M reads 
[20:42:36] Read1: loaded 9M reads 
[20:42:36] Read2: loaded 9M reads 
[20:42:37] Read2: loaded 10M reads 
[20:42:37] Read1: loaded 10M reads 
[20:42:37] Read1: loaded 11M reads 
[20:42:37] Read2: loaded 11M reads 
[20:42:38] Read1: loaded 12M reads 
[20:42:38] Read2: loaded 12M reads 
[20:42:39] Read1: loaded 13M reads 
[20:42:39] Read2: loaded 13M reads 
[20:42:40] Read2: loaded 14M reads 
[20:42:40] Read1: loaded 14M reads 
[20:42:40] Read2: loaded 15M reads 
[20:42:40] Read1: loaded 15M reads 
[20:42:41] Read1: loaded 16M reads 
[20:42:41] Read2: loaded 16M reads 
[20:42:42] Read2: loaded 17M reads 
[20:42:42] Read1: loaded 17M reads 
[20:42:43] Read1: loaded 18M reads 
[20:42:43] Read2: loaded 18M reads 
[20:42:43] Read1: loaded 19M reads 
[20:42:43] Read2: loaded 19M reads 
[20:42:44] Read2: loaded 20M reads 
[20:42:44] Read1: loaded 20M reads 
[20:42:45] Read1: loaded 21M reads 
[20:42:45] Read2: loaded 21M reads 
[20:42:46] Read2: loaded 22M reads 
[20:42:46] Read1: loaded 22M reads 
[20:42:46] Read2: loaded 23M reads 
[20:42:46] Read1: loaded 23M reads 
[20:42:47] Read2: loaded 24M reads 
[20:42:47] Read1: loaded 24M reads 
[20:42:48] Read1: loaded 25M reads 
[20:42:48] Read2: loaded 25M reads 
[20:42:49] Read1: loaded 26M reads 
[20:42:49] Read2: loaded 26M reads 
[20:42:50] Read2: loaded 27M reads 
[20:42:50] Read1: loaded 27M reads 
[20:42:50] Read2: loaded 28M reads 
[20:42:50] Read1: loaded 28M reads 
[20:42:51] Read2: loaded 29M reads 
[20:42:51] Read1: loaded 29M reads 
[20:42:52] Read1: loaded 30M reads 
[20:42:52] Read2: loaded 30M reads 
[20:42:53] Read1: loaded 31M reads 
[20:42:53] Read2: loaded 31M reads 
[20:42:53] Read1: loaded 32M reads 
[20:42:53] Read2: loaded 32M reads 
[20:42:54] Read1: loaded 33M reads 
[20:42:54] Read2: loaded 33M reads 
[20:42:55] Read2: loaded 34M reads 
[20:42:55] Read1: loaded 34M reads 
[20:42:56] Read1: loaded 35M reads 
[20:42:56] Read2: loaded 35M reads 
[20:42:56] Read1: loaded 36M reads 
[20:42:56] Read2: loaded 36M reads 
[20:42:57] Read1: loaded 37M reads 
[20:42:57] Read2: loaded 37M reads 
[20:42:58] Read2: loaded 38M reads 
[20:42:58] Read1: loaded 38M reads 
[20:42:59] Read2: loaded 39M reads 
[20:42:59] Read1: loaded 39M reads 
[20:42:59] Read1: loaded 40M reads 
[20:42:59] Read2: loaded 40M reads 
[20:43:00] Read2: loaded 41M reads 
[20:43:00] Read1: loaded 41M reads 
[20:43:01] Read2: loaded 42M reads 
[20:43:01] Read1: loaded 42M reads 
[20:43:02] Read1: loaded 43M reads 
[20:43:02] Read2: loaded 43M reads 
[20:43:02] Read2: loaded 44M reads 
[20:43:02] Read1: loaded 44M reads 
[20:43:03] Read1: loaded 45M reads 
[20:43:03] Read2: loaded 45M reads 
[20:43:04] Read2: loaded 46M reads 
[20:43:04] Read1: loaded 46M reads 
[20:43:05] Read2: loaded 47M reads 
[20:43:05] Read1: loaded 47M reads 
[20:43:06] Read1: loaded 48M reads 
[20:43:06] Read2: loaded 48M reads 
[20:43:06] Read2: loaded 49M reads 
[20:43:06] Read1: loaded 49M reads 
[20:43:07] Read1: loaded 50M reads 
[20:43:07] Read2: loaded 50M reads 
[20:43:08] Read2: loaded 51M reads 
[20:43:08] Read1: loaded 51M reads 
[20:43:09] Read1: loaded 52M reads 
[20:43:09] Read2: loaded 52M reads 
[20:43:09] Read2: loaded 53M reads 
[20:43:09] Read1: loaded 53M reads 
[20:43:10] Read2: loaded 54M reads 
[20:43:10] Read1: loaded 54M reads 
[20:43:11] Read1: loaded 55M reads 
[20:43:11] Read2: loaded 55M reads 
[20:43:12] Read2: loaded 56M reads 
[20:43:12] Read1: loaded 56M reads 
[20:43:12] Read2: loaded 57M reads 
[20:43:12] Read1: loaded 57M reads 
[20:43:13] Read2: loaded 58M reads 
[20:43:13] Read1: loaded 58M reads 
[20:43:14] Read1: loaded 59M reads 
[20:43:14] Read2: loaded 59M reads 
[20:43:15] Read1: loaded 60M reads 
[20:43:15] Read2: loaded 60M reads 
[20:43:15] Read2: loaded 61M reads 
[20:43:15] Read1: loaded 61M reads 
[20:43:16] Read2: loaded 62M reads 
[20:43:16] Read1: loaded 62M reads 
[20:43:17] Read1: loaded 63M reads 
[20:43:17] Read2: loaded 63M reads 
[20:43:18] Read2: loaded 64M reads 
[20:43:18] Read1: loaded 64M reads 
[20:43:18] Read2: loaded 65M reads 
[20:43:18] Read1: loaded 65M reads 
[20:43:19] Read2: loaded 66M reads 
[20:43:19] Read1: loaded 66M reads 
[20:43:20] Read1: loaded 67M reads 
[20:43:20] Read2: loaded 67M reads 
[20:43:21] Read1: loaded 68M reads 
[20:43:21] Read2: loaded 68M reads 
[20:43:22] Read1: loaded 69M reads 
[20:43:22] Read2: loaded 69M reads 
[20:43:22] Read1: loaded 70M reads 
[20:43:22] Read2: loaded 70M reads 
[20:43:23] Read1: loaded 71M reads 
[20:43:23] Read2: loaded 71M reads 
[20:43:24] Read2: loaded 72M reads 
[20:43:24] Read1: loaded 72M reads 
[20:43:25] Read2: loaded 73M reads 
[20:43:25] Read1: loaded 73M reads 
[20:43:25] Read2: loaded 74M reads 
[20:43:25] Read1: loaded 74M reads 
[20:43:26] Read1: loaded 75M reads 
[20:43:26] Read2: loaded 75M reads 
[20:43:27] Read1: loaded 76M reads 
[20:43:27] Read2: loaded 76M reads 
[20:43:28] Read1: loaded 77M reads 
[20:43:28] Read2: loaded 77M reads 
[20:43:28] Read1: loaded 78M reads 
[20:43:28] Read2: loaded 78M reads 
[20:43:29] Read1: loaded 79M reads 
[20:43:29] Read2: loaded 79M reads 
[20:43:30] Read2: loaded 80M reads 
[20:43:30] Read1: loaded 80M reads 
[20:43:31] Read2: loaded 81M reads 
[20:43:31] Read1: loaded 81M reads 
[20:43:31] Read1: loaded 82M reads 
[20:43:31] Read2: loaded 82M reads 
[20:43:32] Read2: loaded 83M reads 
[20:43:32] Read1: loaded 83M reads 
[20:43:33] Read1: loaded 84M reads 
[20:43:33] Read2: loaded 84M reads 
[20:43:34] Read1: loaded 85M reads 
[20:43:34] Read2: loaded 85M reads 
[20:43:34] Read2: loaded 86M reads 
[20:43:34] Read1: loaded 86M reads 
[20:43:35] Read1: loaded 87M reads 
[20:43:35] Read2: loaded 87M reads 
[20:43:36] Read2: loaded 88M reads 
[20:43:36] Read1: loaded 88M reads 
[20:43:37] Read2: loaded 89M reads 
[20:43:37] Read1: loaded 89M reads 
[20:43:37] Read2: loaded 90M reads 
[20:43:37] Read1: loaded 90M reads 
[20:43:38] Read1: loaded 91M reads 
[20:43:38] Read2: loaded 91M reads 
[20:43:39] Read2: loaded 92M reads 
[20:43:39] Read1: loaded 92M reads 
[20:43:40] Read2: loaded 93M reads 
[20:43:40] Read1: loaded 93M reads 
[20:43:41] Read1: loaded 94M reads 
[20:43:41] Read2: loaded 94M reads 
[20:43:41] Read1: loaded 95M reads 
[20:43:41] Read2: loaded 95M reads 
[20:43:42] Read1: loaded 96M reads 
[20:43:42] Read2: loaded 96M reads 
[20:43:43] Read1: loaded 97M reads 
[20:43:43] Read2: loaded 97M reads 
[20:43:44] Read2: loaded 98M reads 
[20:43:44] Read1: loaded 98M reads 
[20:43:44] Read2: loaded 99M reads 
[20:43:44] Read1: loaded 99M reads 
[20:43:45] Read2: loaded 100M reads 
[20:43:45] Read1: loaded 100M reads 
[20:43:46] Read1: loaded 101M reads 
[20:43:46] Read2: loaded 101M reads 
[20:43:47] Read2: loaded 102M reads 
[20:43:47] Read1: loaded 102M reads 
[20:43:47] Read1: loaded 103M reads 
[20:43:47] Read2: loaded 103M reads 
[20:43:48] Read2: loaded 104M reads 
[20:43:48] Read1: loaded 104M reads 
[20:43:49] Read1: loaded 105M reads 
[20:43:49] Read2: loaded 105M reads 
[20:43:50] Read1: loaded 106M reads 
[20:43:50] Read2: loaded 106M reads 
[20:43:50] Read2: loaded 107M reads 
[20:43:50] Read1: loaded 107M reads 
[20:43:51] Read1: loaded 108M reads 
[20:43:51] Read2: loaded 108M reads 
[20:43:52] Read2: loaded 109M reads 
[20:43:52] Read1: loaded 109M reads 
[20:43:53] Read1: loaded 110M reads 
[20:43:53] Read2: loaded 110M reads 
[20:43:53] Read1: loaded 111M reads 
[20:43:53] Read2: loaded 111M reads 
[20:43:54] Read2: loaded 112M reads 
[20:43:54] Read1: loaded 112M reads 
[20:43:55] Read1: loaded 113M reads 
[20:43:55] Read2: loaded 113M reads 
[20:43:56] Read1: loaded 114M reads 
[20:43:56] Read2: loaded 114M reads 
[20:43:57] Read2: loaded 115M reads 
[20:43:57] Read1: loaded 115M reads 
[20:43:57] Read1: loaded 116M reads 
[20:43:57] Read2: loaded 116M reads 
[20:43:58] Read1: loaded 117M reads 
[20:43:58] Read2: loaded 117M reads 
[20:43:59] Read1: loaded 118M reads 
[20:43:59] Read2: loaded 118M reads 
[20:44:00] Read2: loaded 119M reads 
[20:44:00] Read1: loaded 119M reads 
[20:44:00] Read1: loaded 120M reads 
[20:44:00] Read2: loaded 120M reads 
[20:44:01] Read1: loaded 121M reads 
[20:44:01] Read2: loaded 121M reads 
[20:44:02] Read2: loaded 122M reads 
[20:44:02] Read1: loaded 122M reads 
[20:44:03] Read1: loaded 123M reads 
[20:44:03] Read2: loaded 123M reads 
[20:44:03] Read2: loaded 124M reads 
[20:44:03] Read1: loaded 124M reads 
[20:44:04] Read2: loaded 125M reads 
[20:44:04] Read1: loaded 125M reads 
[20:44:05] Read2: loaded 126M reads 
[20:44:05] Read1: loaded 126M reads 
[20:44:06] Read1: loaded 127M reads 
[20:44:06] Read2: loaded 127M reads 
[20:44:06] Read1: loaded 128M reads 
[20:44:06] Read2: loaded 128M reads 
[20:44:07] Read2: loaded 129M reads 
[20:44:07] Read1: loaded 129M reads 
[20:44:08] Read1: loaded 130M reads 
[20:44:08] Read2: loaded 130M reads 
[20:44:09] Read1: loaded 131M reads 
[20:44:09] Read2: loaded 131M reads 
[20:44:09] Read1: loaded 132M reads 
[20:44:09] Read2: loaded 132M reads 
[20:44:10] Read2: loaded 133M reads 
[20:44:10] Read1: loaded 133M reads 
[20:44:11] Read1: loaded 134M reads 
[20:44:11] Read2: loaded 134M reads 
[20:44:12] Read2: loaded 135M reads 
[20:44:12] Read1: loaded 135M reads 
[20:44:12] Read2: loaded 136M reads 
[20:44:12] Read1: loaded 136M reads 
[20:44:13] Read1: loaded 137M reads 
[20:44:13] Read2: loaded 137M reads 
[20:44:14] Read2: loaded 138M reads 
[20:44:14] Read1: loaded 138M reads 
[20:44:15] Read2: loaded 139M reads 
[20:44:15] Read1: loaded 139M reads 
[20:44:15] Read1: loaded 140M reads 
[20:44:15] Read2: loaded 140M reads 
[20:44:16] Read2: loaded 141M reads 
[20:44:16] Read1: loaded 141M reads 
[20:44:17] Read2: loaded 142M reads 
[20:44:17] Read1: loaded 142M reads 
[20:44:18] Read2: loaded 143M reads 
[20:44:18] Read1: loaded 143M reads 
[20:44:18] Read1: loaded 144M reads 
[20:44:18] Read2: loaded 144M reads 
[20:44:19] Read2: loaded 145M reads 
[20:44:19] Read1: loaded 145M reads 
[20:44:20] Read1: loaded 146M reads 
[20:44:20] Read2: loaded 146M reads 
[20:44:21] Read2: loaded 147M reads 
[20:44:21] Read1: loaded 147M reads 
[20:44:21] Read2: loaded 148M reads 
[20:44:21] Read1: loaded 148M reads 
[20:44:22] Read2: loaded 149M reads 
[20:44:22] Read1: loaded 149M reads 
[20:44:23] Read1: loaded 150M reads 
[20:44:23] Read2: loaded 150M reads 
[20:44:24] Read1: loaded 151M reads 
[20:44:24] Read2: loaded 151M reads 
[20:44:24] Read1: loaded 152M reads 
[20:44:24] Read2: loaded 152M reads 
[20:44:25] Read1: loaded 153M reads 
[20:44:25] Read2: loaded 153M reads 
[20:44:26] Read1: loaded 154M reads 
[20:44:26] Read2: loaded 154M reads 
[20:44:27] Read1: loaded 155M reads 
[20:44:27] Read2: loaded 155M reads 
[20:44:27] Read1: loaded 156M reads 
[20:44:27] Read2: loaded 156M reads 
[20:44:28] Read1: loaded 157M reads 
[20:44:28] Read2: loaded 157M reads 
[20:44:29] Read1: loaded 158M reads 
[20:44:29] Read2: loaded 158M reads 
[20:44:30] Read2: loaded 159M reads 
[20:44:30] Read1: loaded 159M reads 
[20:44:30] Read1: loaded 160M reads 
[20:44:30] Read2: loaded 160M reads 
[20:44:31] Read2: loaded 161M reads 
[20:44:31] Read1: loaded 161M reads 
[20:44:32] Read2: loaded 162M reads 
[20:44:32] Read1: loaded 162M reads 
[20:44:33] Read1: loaded 163M reads 
[20:44:33] Read2: loaded 163M reads 
[20:44:33] Read2: loaded 164M reads 
[20:44:33] Read1: loaded 164M reads 
[20:44:34] Read1: loaded 165M reads 
[20:44:34] Read2: loaded 165M reads 
[20:44:35] Read1: loaded 166M reads 
[20:44:35] Read2: loaded 166M reads 
[20:44:36] Read2: loaded 167M reads 
[20:44:36] Read1: loaded 167M reads 
[20:44:36] Read2: loaded 168M reads 
[20:44:36] Read1: loaded 168M reads 
[20:44:37] Read1: loaded 169M reads 
[20:44:37] Read2: loaded 169M reads 
[20:44:38] Read2: loaded 170M reads 
[20:44:38] Read1: loaded 170M reads 
[20:44:39] Read1: loaded 171M reads 
[20:44:39] Read2: loaded 171M reads 
[20:44:39] Read1: loaded 172M reads 
[20:44:39] Read2: loaded 172M reads 
[20:44:40] Read1: loaded 173M reads 
[20:44:40] Read2: loaded 173M reads 
[20:44:41] Read2: loaded 174M reads 
[20:44:41] Read1: loaded 174M reads 
[20:44:42] Read1: loaded 175M reads 
[20:44:42] Read2: loaded 175M reads 
[20:44:42] Read2: loaded 176M reads 
[20:44:42] Read1: loaded 176M reads 
[20:44:43] Read1: loaded 177M reads 
[20:44:43] Read2: loaded 177M reads 
[20:44:44] Read2: loaded 178M reads 
[20:44:44] Read1: loaded 178M reads 
[20:44:45] Read2: loaded 179M reads 
[20:44:45] Read1: loaded 179M reads 
[20:44:45] Read2: loaded 180M reads 
[20:44:45] Read1: loaded 180M reads 
[20:44:46] Read2: loaded 181M reads 
[20:44:46] Read1: loaded 181M reads 
[20:44:47] Read1: loaded 182M reads 
[20:44:47] Read2: loaded 182M reads 
[20:44:48] Read1: loaded 183M reads 
[20:44:48] Read2: loaded 183M reads 
[20:44:48] Read1: loaded 184M reads 
[20:44:48] Read2: loaded 184M reads 
[20:44:49] Read1: loaded 185M reads 
[20:44:49] Read2: loaded 185M reads 
[20:44:50] Read1: loaded 186M reads 
[20:44:50] Read2: loaded 186M reads 
[20:44:51] Read2: loaded 187M reads 
[20:44:51] Read1: loaded 187M reads 
[20:44:51] Read2: loaded 188M reads 
[20:44:51] Read1: loaded 188M reads 
[20:44:52] Read2: loaded 189M reads 
[20:44:52] Read1: loaded 189M reads 
[20:44:53] Read2: loaded 190M reads 
[20:44:53] Read1: loaded 190M reads 
[20:44:54] Read2: loaded 191M reads 
[20:44:54] Read1: loaded 191M reads 
[20:44:54] Read2: loaded 192M reads 
[20:44:54] Read1: loaded 192M reads 
[20:44:55] Read2: loaded 193M reads 
[20:44:55] Read1: loaded 193M reads 
[20:44:56] Read2: loaded 194M reads 
[20:44:56] Read1: loaded 194M reads 
[20:44:57] Read1: loaded 195M reads 
[20:44:57] Read2: loaded 195M reads 
[20:44:57] Read2: loaded 196M reads 
[20:44:57] Read1: loaded 196M reads 
[20:44:58] Read2: loaded 197M reads 
[20:44:58] Read1: loaded 197M reads 
[20:44:59] Read1: loaded 198M reads 
[20:44:59] Read2: loaded 198M reads 
[20:45:00] Read2: loaded 199M reads 
[20:45:00] Read1: loaded 199M reads 
[20:45:00] Read2: loaded 200M reads 
[20:45:00] Read1: loaded 200M reads 
[20:45:01] Read1: loaded 201M reads 
[20:45:01] Read2: loaded 201M reads 
[20:45:02] Read2: loaded 202M reads 
[20:45:02] Read1: loaded 202M reads 
[20:45:03] Read1: loaded 203M reads 
[20:45:03] Read2: loaded 203M reads 
[20:45:04] Read2: loaded 204M reads 
[20:45:04] Read1: loaded 204M reads 
[20:45:04] Read1: loaded 205M reads 
[20:45:04] Read2: loaded 205M reads 
[20:45:05] Read2: loaded 206M reads 
[20:45:05] Read1: loaded 206M reads 
[20:45:06] Read2: loaded 207M reads 
[20:45:06] Read1: loaded 207M reads 
[20:45:07] Read2: loaded 208M reads 
[20:45:07] Read1: loaded 208M reads 
[20:45:07] Read1: loaded 209M reads 
[20:45:07] Read2: loaded 209M reads 
[20:45:08] Read2: loaded 210M reads 
[20:45:08] Read1: loaded 210M reads 
[20:45:09] Read2: loaded 211M reads 
[20:45:09] Read1: loaded 211M reads 
[20:45:10] Read2: loaded 212M reads 
[20:45:10] Read1: loaded 212M reads 
[20:45:10] Read1: loaded 213M reads 
[20:45:10] Read2: loaded 213M reads 
[20:45:11] Read2: loaded 214M reads 
[20:45:11] Read1: loaded 214M reads 
[20:45:12] Read2: loaded 215M reads 
[20:45:12] Read1: loaded 215M reads 
[20:45:13] Read2: loaded 216M reads 
[20:45:13] Read1: loaded 216M reads 
[20:45:13] Read2: loaded 217M reads 
[20:45:13] Read1: loaded 217M reads 
[20:45:14] Read2: loaded 218M reads 
[20:45:14] Read1: loaded 218M reads 
[20:45:15] Read1: loaded 219M reads 
[20:45:15] Read2: loaded 219M reads 
[20:45:16] Read2: loaded 220M reads 
[20:45:16] Read1: loaded 220M reads 
[20:45:16] Read1: loaded 221M reads 
[20:45:16] Read2: loaded 221M reads 
[20:45:17] Read2: loaded 222M reads 
[20:45:17] Read1: loaded 222M reads 
[20:45:18] Read1: loaded 223M reads 
[20:45:18] Read2: loaded 223M reads 
[20:45:19] Read2: loaded 224M reads 
[20:45:19] Read1: loaded 224M reads 
[20:45:19] Read2: loaded 225M reads 
[20:45:19] Read1: loaded 225M reads 
[20:45:20] Read1: loaded 226M reads 
[20:45:20] Read2: loaded 226M reads 
[20:45:21] Read2: loaded 227M reads 
[20:45:21] Read1: loaded 227M reads 
[20:45:22] Read1: loaded 228M reads 
[20:45:22] Read2: loaded 228M reads 
[20:45:22] Read1: loaded 229M reads 
[20:45:22] Read2: loaded 229M reads 
[20:45:23] Read2: loaded 230M reads 
[20:45:23] Read1: loaded 230M reads 
[20:45:24] Read1: loaded 231M reads 
[20:45:24] Read2: loaded 231M reads 
[20:45:25] Read1: loaded 232M reads 
[20:45:25] Read2: loaded 232M reads 
[20:45:25] Read1: loaded 233M reads 
[20:45:25] Read2: loaded 233M reads 
[20:45:26] Read2: loaded 234M reads 
[20:45:26] Read1: loaded 234M reads 
[20:45:27] Read2: loaded 235M reads 
[20:45:27] Read1: loaded 235M reads 
[20:45:28] Read1: loaded 236M reads 
[20:45:28] Read2: loaded 236M reads 
[20:45:28] Read1: loaded 237M reads 
[20:45:28] Read2: loaded 237M reads 
[20:45:29] Read1: loaded 238M reads 
[20:45:29] Read2: loaded 238M reads 
[20:45:30] Read2: loaded 239M reads 
[20:45:30] Read1: loaded 239M reads 
[20:45:31] Read2: loaded 240M reads 
[20:45:31] Read1: loaded 240M reads 
[20:45:31] Read1: loaded 241M reads 
[20:45:31] Read2: loaded 241M reads 
[20:45:32] Read2: loaded 242M reads 
[20:45:32] Read1: loaded 242M reads 
[20:45:33] Read1: loaded 243M reads 
[20:45:33] Read2: loaded 243M reads 
[20:45:34] Read2: loaded 244M reads 
[20:45:34] Read1: loaded 244M reads 
[20:45:34] Read2: loaded 245M reads 
[20:45:34] Read1: loaded 245M reads 
[20:45:35] Read2: loaded 246M reads 
[20:45:35] Read1: loaded 246M reads 
[20:45:36] Read2: loaded 247M reads 
[20:45:36] Read1: loaded 247M reads 
[20:45:37] Read1: loaded 248M reads 
[20:45:37] Read2: loaded 248M reads 
[20:45:38] Read1: loaded 249M reads 
[20:45:38] Read2: loaded 249M reads 
[20:45:38] Read2: loaded 250M reads 
[20:45:38] Read1: loaded 250M reads 
[20:45:39] Read2: loaded 251M reads 
[20:45:39] Read1: loaded 251M reads 
[20:45:40] Read1: loaded 252M reads 
[20:45:40] Read2: loaded 252M reads 
[20:45:41] Read2: loaded 253M reads 
[20:45:41] Read1: loaded 253M reads 
[20:45:41] Read2: loaded 254M reads 
[20:45:41] Read1: loaded 254M reads 
[20:45:42] Read1: loaded 255M reads 
[20:45:42] Read2: loaded 255M reads 
[20:45:43] Read1: loaded 256M reads 
[20:45:43] Read2: loaded 256M reads 
[20:45:44] Read2: loaded 257M reads 
[20:45:44] Read1: loaded 257M reads 
[20:45:44] Read2: loaded 258M reads 
[20:45:44] Read1: loaded 258M reads 
[20:45:45] Read1: loaded 259M reads 
[20:45:45] Read2: loaded 259M reads 
[20:45:46] Read2: loaded 260M reads 
[20:45:46] Read1: loaded 260M reads 
[20:45:47] Read2: loaded 261M reads 
[20:45:47] Read1: loaded 261M reads 
[20:45:47] Read2: loaded 262M reads 
[20:45:47] Read1: loaded 262M reads 
[20:45:48] Read1: loaded 263M reads 
[20:45:48] Read2: loaded 263M reads 
[20:45:49] Read1: loaded 264M reads 
[20:45:49] Read2: loaded 264M reads 
[20:45:50] Read1: loaded 265M reads 
[20:45:50] Read2: loaded 265M reads 
[20:45:50] Read1: loaded 266M reads 
[20:45:50] Read2: loaded 266M reads 
[20:45:51] Read1: loaded 267M reads 
[20:45:51] Read2: loaded 267M reads 
[20:45:52] Read1: loaded 268M reads 
[20:45:52] Read2: loaded 268M reads 
[20:45:53] Read2: loaded 269M reads 
[20:45:53] Read1: loaded 269M reads 
[20:45:53] Read2: loaded 270M reads 
[20:45:53] Read1: loaded 270M reads 
[20:45:54] Read1: loaded 271M reads 
[20:45:54] Read2: loaded 271M reads 
[20:45:55] Read1: loaded 272M reads 
[20:45:55] Read2: loaded 272M reads 
[20:45:56] Read2: loaded 273M reads 
[20:45:56] Read1: loaded 273M reads 
[20:45:56] Read1: loaded 274M reads 
[20:45:56] Read2: loaded 274M reads 
[20:45:57] Read2: loaded 275M reads 
[20:45:57] Read1: loaded 275M reads 
[20:45:58] Read1: loaded 276M reads 
[20:45:58] Read2: loaded 276M reads 
[20:45:59] Read1: loaded 277M reads 
[20:45:59] Read2: loaded 277M reads 
[20:45:59] Read2: loaded 278M reads 
[20:45:59] Read1: loaded 278M reads 
[20:46:00] Read1: loaded 279M reads 
[20:46:00] Read2: loaded 279M reads 
[20:46:01] Read1: loaded 280M reads 
[20:46:01] Read2: loaded 280M reads 
[20:46:02] Read1: loaded 281M reads 
[20:46:02] Read2: loaded 281M reads 
[20:46:02] Read1: loaded 282M reads 
[20:46:02] Read2: loaded 282M reads 
[20:46:03] Read1: loaded 283M reads 
[20:46:03] Read2: loaded 283M reads 
[20:46:04] Read1: loaded 284M reads 
[20:46:04] Read2: loaded 284M reads 
[20:46:05] Read1: loaded 285M reads 
[20:46:05] Read2: loaded 285M reads 
[20:46:05] Read2: loaded 286M reads 
[20:46:05] Read1: loaded 286M reads 
[20:46:06] Read1: loaded 287M reads 
[20:46:06] Read2: loaded 287M reads 
[20:46:07] Read2: loaded 288M reads 
[20:46:07] Read1: loaded 288M reads 
[20:46:08] Read1: loaded 289M reads 
[20:46:08] Read2: loaded 289M reads 
[20:46:09] Read1: loaded 290M reads 
[20:46:09] Read2: loaded 290M reads 
[20:46:09] Read1: loaded 291M reads 
[20:46:09] Read2: loaded 291M reads 
[20:46:10] Read1: loaded 292M reads 
[20:46:10] Read2: loaded 292M reads 
[20:46:11] Read2: loaded 293M reads 
[20:46:11] Read1: loaded 293M reads 
[20:46:12] Read1: loaded 294M reads 
[20:46:12] Read2: loaded 294M reads 
[20:46:12] Read2: loaded 295M reads 
[20:46:12] Read1: loaded 295M reads 
[20:46:13] Read2: loaded 296M reads 
[20:46:13] Read1: loaded 296M reads 
[20:46:14] Read2: loaded 297M reads 
[20:46:14] Read1: loaded 297M reads 
[20:46:15] Read1: loaded 298M reads 
[20:46:15] Read2: loaded 298M reads 
[20:46:15] Read2: loaded 299M reads 
[20:46:15] Read1: loaded 299M reads 
[20:46:16] Read1: loaded 300M reads 
[20:46:16] Read2: loaded 300M reads 
[20:46:17] Read1: loaded 301M reads 
[20:46:17] Read2: loaded 301M reads 
[20:46:18] Read1: loaded 302M reads 
[20:46:18] Read2: loaded 302M reads 
[20:46:18] Read1: loaded 303M reads 
[20:46:18] Read2: loaded 303M reads 
[20:46:19] Read1: loaded 304M reads 
[20:46:19] Read2: loaded 304M reads 
[20:46:20] Read2: loaded 305M reads 
[20:46:20] Read1: loaded 305M reads 
[20:46:21] Read1: loaded 306M reads 
[20:46:21] Read2: loaded 306M reads 
[20:46:21] Read2: loaded 307M reads 
[20:46:21] Read1: loaded 307M reads 
[20:46:22] Read2: loaded 308M reads 
[20:46:22] Read1: loaded 308M reads 
[20:46:23] Read1: loaded 309M reads 
[20:46:23] Read2: loaded 309M reads 
[20:46:24] Read2: loaded 310M reads 
[20:46:24] Read1: loaded 310M reads 
[20:46:24] Read2: loaded 311M reads 
[20:46:24] Read1: loaded 311M reads 
[20:46:25] Read1: loaded 312M reads 
[20:46:25] Read2: loaded 312M reads 
[20:46:26] Read2: loaded 313M reads 
[20:46:26] Read1: loaded 313M reads 
[20:46:27] Read1: loaded 314M reads 
[20:46:27] Read2: loaded 314M reads 
[20:46:28] Read2: loaded 315M reads 
[20:46:28] Read1: loaded 315M reads 
[20:46:28] Read1: loaded 316M reads 
[20:46:28] Read2: loaded 316M reads 
[20:46:29] Read1: loaded 317M reads 
[20:46:29] Read2: loaded 317M reads 
[20:46:30] Read1: loaded 318M reads 
[20:46:30] Read2: loaded 318M reads 
[20:46:31] Read2: loaded 319M reads 
[20:46:31] Read1: loaded 319M reads 
[20:46:31] Read1: loaded 320M reads 
[20:46:31] Read2: loaded 320M reads 
[20:46:32] Read1: loaded 321M reads 
[20:46:32] Read2: loaded 321M reads 
[20:46:33] Read2: loaded 322M reads 
[20:46:33] Read1: loaded 322M reads 
[20:46:34] Read2: loaded 323M reads 
[20:46:34] Read1: loaded 323M reads 
[20:46:34] Read2: loaded 324M reads 
[20:46:34] Read1: loaded 324M reads 
[20:46:35] Read2: loaded 325M reads 
[20:46:35] Read1: loaded 325M reads 
[20:46:36] Read1: loaded 326M reads 
[20:46:36] Read2: loaded 326M reads 
[20:46:37] Read2: loaded 327M reads 
[20:46:37] Read1: loaded 327M reads 
[20:46:37] Read2: loaded 328M reads 
[20:46:37] Read1: loaded 328M reads 
[20:46:38] Read2: loaded 329M reads 
[20:46:38] Read1: loaded 329M reads 
[20:46:39] Read2: loaded 330M reads 
[20:46:39] Read1: loaded 330M reads 
[20:46:40] Read1: loaded 331M reads 
[20:46:40] Read2: loaded 331M reads 
[20:46:41] Read2: loaded 332M reads 
[20:46:41] Read1: loaded 332M reads 
[20:46:41] Read1: loaded 333M reads 
[20:46:41] Read2: loaded 333M reads 
[20:46:42] Read1: loaded 334M reads 
[20:46:42] Read2: loaded 334M reads 
[20:46:43] Read2: loaded 335M reads 
[20:46:43] Read1: loaded 335M reads 
[20:46:44] Read1: loaded 336M reads 
[20:46:44] Read2: loaded 336M reads 
[20:46:44] Read2: loaded 337M reads 
[20:46:44] Read1: loaded 337M reads 
[20:46:45] Read1: loaded 338M reads 
[20:46:45] Read2: loaded 338M reads 
[20:46:46] Read2: loaded 339M reads 
[20:46:46] Read1: loaded 339M reads 
[20:46:47] Read2: loaded 340M reads 
[20:46:47] Read1: loaded 340M reads 
[20:46:47] Read1: loaded 341M reads 
[20:46:47] Read2: loaded 341M reads 
[20:46:48] Read1: loaded 342M reads 
[20:46:48] Read2: loaded 342M reads 
[20:46:49] Read2: loaded 343M reads 
[20:46:49] Read1: loaded 343M reads 
[20:46:50] Read2: loaded 344M reads 
[20:46:50] Read1: loaded 344M reads 
[20:46:50] Read2: loaded 345M reads 
[20:46:50] Read1: loaded 345M reads 
[20:46:51] Read1: loaded 346M reads 
[20:46:51] Read2: loaded 346M reads 
[20:46:52] Read1: loaded 347M reads 
[20:46:52] Read2: loaded 347M reads 
[20:46:53] Read2: loaded 348M reads 
[20:46:53] Read1: loaded 348M reads 
[20:46:54] Read1: loaded 349M reads 
[20:46:54] Read2: loaded 349M reads 
[20:46:54] Read2: loaded 350M reads 
[20:46:54] Read1: loaded 350M reads 
[20:46:55] Read1: loaded 351M reads 
[20:46:55] Read2: loaded 351M reads 
[20:46:56] Read1: loaded 352M reads 
[20:46:56] Read2: loaded 352M reads 
[20:46:57] Read2: loaded 353M reads 
[20:46:57] Read1: loaded 353M reads 
[20:46:57] Read2: loaded 354M reads 
[20:46:57] Read1: loaded 354M reads 
[20:46:58] Read1: loaded 355M reads 
[20:46:58] Read2: loaded 355M reads 
[20:46:59] Read2: loaded 356M reads 
[20:46:59] Read1: loaded 356M reads 
[20:47:00] Read1: loaded 357M reads 
[20:47:00] Read2: loaded 357M reads 
[20:47:00] Read2: loaded 358M reads 
[20:47:00] Read1: loaded 358M reads 
[20:47:01] Read2: loaded 359M reads 
[20:47:01] Read1: loaded 359M reads 
[20:47:02] Read1: loaded 360M reads 
[20:47:02] Read2: loaded 360M reads 
[20:47:03] Read2: loaded 361M reads 
[20:47:03] Read1: loaded 361M reads 
[20:47:03] Read2: loading completed with 44102 packs 
[20:47:03] Read1: loading completed with 44102 packs 
[20:47:03] [fastp 1.3.3-d0bromir] Stage: loading (273738 ms) 
[20:47:03] [fastp 1.3.3-d0bromir] Stage: filtering 
[20:47:03] thread 15 data processing completed 
[20:47:03] thread 15 finished 
[20:47:03] thread 8 data processing completed 
[20:47:03] thread 8 finished 
[20:47:03] thread 14 data processing completed 
[20:47:03] thread 14 finished 
[20:47:03] thread 4 data processing completed 
[20:47:03] thread 4 finished 
[20:47:03] thread 6 data processing completed 
[20:47:03] thread 6 finished 
[20:47:03] thread 5 data processing completed 
[20:47:03] thread 5 finished 
[20:47:03] thread 16 data processing completed 
[20:47:03] thread 16 finished 
[20:47:03] thread 13 data processing completed 
[20:47:03] thread 13 finished 
[20:47:03] thread 10 data processing completed 
[20:47:03] thread 10 finished 
[20:47:03] thread 2 data processing completed 
[20:47:03] thread 2 finished 
[20:47:03] thread 12 data processing completed 
[20:47:03] thread 12 finished 
[20:47:03] thread 3 data processing completed 
[20:47:03] thread 3 finished 
[20:47:03] thread 11 data processing completed 
[20:47:03] thread 11 finished 
[20:47:03] thread 7 data processing completed 
[20:47:03] thread 7 finished 
[20:47:03] thread 9 data processing completed 
[20:47:03] thread 9 finished 
[20:47:03] thread 1 data processing completed 
[20:47:03] thread 1 finished 
[20:47:03] [fastp 1.3.3-d0bromir] Stage: filtering (403 ms) 
[20:47:03] [fastp 1.3.3-d0bromir] Stage: writing 
[20:47:03] /dev/shm/fastp_bench_Fe5ePy_R2.fq.gz writer finished 
[20:47:03] /dev/shm/fastp_bench_yV2uMC_R1.fq.gz writer finished 
[20:47:03] [fastp 1.3.3-d0bromir] Stage: writing (25 ms) 
[20:47:03] start to generate reports
 
Read1 before filtering:
total reads: 361281611
total bases: 54192241650
Q20 bases: 54123398100(99.873%)
Q30 bases: 54123398100(99.873%)
Q40 bases: 0(0%)

Read2 before filtering:
total reads: 361281611
total bases: 54192241650
Q20 bases: 53855170050(99.378%)
Q30 bases: 53855170050(99.378%)
Q40 bases: 0(0%)

Read1 after filtering:
total reads: 358607374
total bases: 53574361382
Q20 bases: 53574361382(100%)
Q30 bases: 53574361382(100%)
Q40 bases: 0(0%)

Read2 after filtering:
total reads: 358607374
total bases: 53574361382
Q20 bases: 53574361382(100%)
Q30 bases: 53574361382(100%)
Q40 bases: 0(0%)

Filtering result:
reads passed filter: 717214748
reads failed due to low quality: 5328396
reads failed due to too many N: 20078
reads failed due to too short: 0
reads failed due to adapter dimer: 0
reads with adapter trimmed: 9627740
bases trimmed due to adapters: 442711160

Duplication rate: 5.60214%

Insert size peak (evaluated by paired-end reads): 269

JSON report: /dev/shm/fastp_bench_XLyvUN.json
HTML report: /dev/null

/home/mpiuser/bioauto_rev/fastp_d0bromir/fastp-cpu -w 16 -j /dev/shm/fastp_bench_XLyvUN.json -h /dev/null --verbose -i /home/mpiuser/FASTQ/WGS/DRR216653_1.fastq.gz -I /home/mpiuser/FASTQ/WGS/DRR216653_2.fastq.gz -o /dev/shm/fastp_bench_yV2uMC_R1.fq.gz -O /dev/shm/fastp_bench_Fe5ePy_R2.fq.gz 
fastp v1.3.3-d0bromir, time used: 276 seconds
================================================================

================================================================
 Application  : d0bromir_gpu (/home/mpiuser/bioauto_rev/fastp_d0bromir/fastp)
 Dataset      : WGS PE 40G (DRR216653 R1+R2)
 Files        : R1=/home/mpiuser/FASTQ/WGS/DRR216653_1.fastq.gz
               R2=/home/mpiuser/FASTQ/WGS/DRR216653_2.fastq.gz
 Type         : PE
 Threads      : 16
 Wall time    : 248.323 s
 reads_in     : 722563222
 reads_out    : 717214748
 vs_opengene  : -38.5%
--- Resource usage ---
 CPU avg/peak : 3009.8% / 3505.5%
 RSS peak     : 3210 MiB
 GPU util a/p : 25.6% / 28.0%
 GPU mem peak : 1360 MiB
 Sample CSV   : /home/mpiuser/bioauto_rev/fastp_d0bromir/benchmark_results/20261003_203539/resources/resource_WGS_PE_40G_d0bromir_gpu_T16_1791060430.csv
--- Profiling output ---
[20:47:10] fastp 1.3.3-d0bromir starting 
[20:47:10] [GPU] CUDA GPU available (Device 0) - statistics GPU-accelerated (slots=8) 
[20:47:10] [fastp 1.3.3-d0bromir] Stage: loading 
[20:47:10] start to load data of read1 
[20:47:10] start to load data of read2 
[20:47:10] [GPU] CUDA GPU available (Device 1) - statistics GPU-accelerated (slots=8) 
[20:47:11] [GPU] Dual-GPU mode: Device 0 + Device 1 active 
[20:47:11] Read2: loaded 1M reads 
[20:47:11] Read1: loaded 1M reads 
[20:47:12] Read2: loaded 2M reads 
[20:47:12] Read1: loaded 2M reads 
[20:47:13] Read2: loaded 3M reads 
[20:47:13] Read1: loaded 3M reads 
[20:47:13] Read2: loaded 4M reads 
[20:47:13] Read1: loaded 4M reads 
[20:47:14] Read2: loaded 5M reads 
[20:47:14] Read1: loaded 5M reads 
[20:47:14] Read2: loaded 6M reads 
[20:47:15] Read1: loaded 6M reads 
[20:47:15] Read2: loaded 7M reads 
[20:47:15] Read1: loaded 7M reads 
[20:47:16] Read2: loaded 8M reads 
[20:47:16] Read1: loaded 8M reads 
[20:47:16] Read2: loaded 9M reads 
[20:47:16] Read1: loaded 9M reads 
[20:47:17] Read2: loaded 10M reads 
[20:47:17] Read1: loaded 10M reads 
[20:47:18] Read2: loaded 11M reads 
[20:47:18] Read1: loaded 11M reads 
[20:47:18] Read2: loaded 12M reads 
[20:47:18] Read1: loaded 12M reads 
[20:47:19] Read1: loaded 13M reads 
[20:47:19] Read2: loaded 13M reads 
[20:47:20] Read2: loaded 14M reads 
[20:47:20] Read1: loaded 14M reads 
[20:47:21] Read1: loaded 15M reads 
[20:47:21] Read2: loaded 15M reads 
[20:47:21] Read2: loaded 16M reads 
[20:47:21] Read1: loaded 16M reads 
[20:47:22] Read2: loaded 17M reads 
[20:47:22] Read1: loaded 17M reads 
[20:47:23] Read1: loaded 18M reads 
[20:47:23] Read2: loaded 18M reads 
[20:47:23] Read2: loaded 19M reads 
[20:47:23] Read1: loaded 19M reads 
[20:47:24] Read2: loaded 20M reads 
[20:47:24] Read1: loaded 20M reads 
[20:47:25] Read1: loaded 21M reads 
[20:47:25] Read2: loaded 21M reads 
[20:47:25] Read2: loaded 22M reads 
[20:47:25] Read1: loaded 22M reads 
[20:47:26] Read1: loaded 23M reads 
[20:47:26] Read2: loaded 23M reads 
[20:47:27] Read1: loaded 24M reads 
[20:47:27] Read2: loaded 24M reads 
[20:47:27] Read1: loaded 25M reads 
[20:47:27] Read2: loaded 25M reads 
[20:47:28] Read1: loaded 26M reads 
[20:47:28] Read2: loaded 26M reads 
[20:47:29] Read2: loaded 27M reads 
[20:47:29] Read1: loaded 27M reads 
[20:47:29] Read1: loaded 28M reads 
[20:47:29] Read2: loaded 28M reads 
[20:47:30] Read2: loaded 29M reads 
[20:47:30] Read1: loaded 29M reads 
[20:47:31] Read1: loaded 30M reads 
[20:47:31] Read2: loaded 30M reads 
[20:47:31] Read1: loaded 31M reads 
[20:47:31] Read2: loaded 31M reads 
[20:47:32] Read1: loaded 32M reads 
[20:47:32] Read2: loaded 32M reads 
[20:47:33] Read2: loaded 33M reads 
[20:47:33] Read1: loaded 33M reads 
[20:47:33] Read2: loaded 34M reads 
[20:47:33] Read1: loaded 34M reads 
[20:47:34] Read1: loaded 35M reads 
[20:47:34] Read2: loaded 35M reads 
[20:47:35] Read2: loaded 36M reads 
[20:47:35] Read1: loaded 36M reads 
[20:47:35] Read2: loaded 37M reads 
[20:47:35] Read1: loaded 37M reads 
[20:47:36] Read1: loaded 38M reads 
[20:47:36] Read2: loaded 38M reads 
[20:47:37] Read2: loaded 39M reads 
[20:47:37] Read1: loaded 39M reads 
[20:47:38] Read1: loaded 40M reads 
[20:47:38] Read2: loaded 40M reads 
[20:47:38] Read1: loaded 41M reads 
[20:47:38] Read2: loaded 41M reads 
[20:47:39] Read1: loaded 42M reads 
[20:47:39] Read2: loaded 42M reads 
[20:47:40] Read2: loaded 43M reads 
[20:47:40] Read1: loaded 43M reads 
[20:47:40] Read2: loaded 44M reads 
[20:47:40] Read1: loaded 44M reads 
[20:47:41] Read1: loaded 45M reads 
[20:47:41] Read2: loaded 45M reads 
[20:47:42] Read1: loaded 46M reads 
[20:47:42] Read2: loaded 46M reads 
[20:47:42] Read1: loaded 47M reads 
[20:47:42] Read2: loaded 47M reads 
[20:47:43] Read1: loaded 48M reads 
[20:47:43] Read2: loaded 48M reads 
[20:47:44] Read2: loaded 49M reads 
[20:47:44] Read1: loaded 49M reads 
[20:47:44] Read1: loaded 50M reads 
[20:47:44] Read2: loaded 50M reads 
[20:47:45] Read2: loaded 51M reads 
[20:47:45] Read1: loaded 51M reads 
[20:47:46] Read1: loaded 52M reads 
[20:47:46] Read2: loaded 52M reads 
[20:47:46] Read2: loaded 53M reads 
[20:47:46] Read1: loaded 53M reads 
[20:47:47] Read2: loaded 54M reads 
[20:47:47] Read1: loaded 54M reads 
[20:47:48] Read1: loaded 55M reads 
[20:47:48] Read2: loaded 55M reads 
[20:47:48] Read2: loaded 56M reads 
[20:47:48] Read1: loaded 56M reads 
[20:47:49] Read1: loaded 57M reads 
[20:47:49] Read2: loaded 57M reads 
[20:47:50] Read1: loaded 58M reads 
[20:47:50] Read2: loaded 58M reads 
[20:47:50] Read2: loaded 59M reads 
[20:47:50] Read1: loaded 59M reads 
[20:47:51] Read1: loaded 60M reads 
[20:47:51] Read2: loaded 60M reads 
[20:47:52] Read2: loaded 61M reads 
[20:47:52] Read1: loaded 61M reads 
[20:47:52] Read1: loaded 62M reads 
[20:47:52] Read2: loaded 62M reads 
[20:47:53] Read1: loaded 63M reads 
[20:47:53] Read2: loaded 63M reads 
[20:47:54] Read1: loaded 64M reads 
[20:47:54] Read2: loaded 64M reads 
[20:47:55] Read2: loaded 65M reads 
[20:47:55] Read1: loaded 65M reads 
[20:47:55] Read2: loaded 66M reads 
[20:47:55] Read1: loaded 66M reads 
[20:47:56] Read1: loaded 67M reads 
[20:47:56] Read2: loaded 67M reads 
[20:47:57] Read1: loaded 68M reads 
[20:47:57] Read2: loaded 68M reads 
[20:47:57] Read1: loaded 69M reads 
[20:47:57] Read2: loaded 69M reads 
[20:47:58] Read1: loaded 70M reads 
[20:47:58] Read2: loaded 70M reads 
[20:47:59] Read1: loaded 71M reads 
[20:47:59] Read2: loaded 71M reads 
[20:47:59] Read2: loaded 72M reads 
[20:47:59] Read1: loaded 72M reads 
[20:48:00] Read2: loaded 73M reads 
[20:48:00] Read1: loaded 73M reads 
[20:48:01] Read2: loaded 74M reads 
[20:48:01] Read1: loaded 74M reads 
[20:48:01] Read2: loaded 75M reads 
[20:48:01] Read1: loaded 75M reads 
[20:48:02] Read2: loaded 76M reads 
[20:48:02] Read1: loaded 76M reads 
[20:48:03] Read2: loaded 77M reads 
[20:48:03] Read1: loaded 77M reads 
[20:48:03] Read1: loaded 78M reads 
[20:48:03] Read2: loaded 78M reads 
[20:48:04] Read1: loaded 79M reads 
[20:48:04] Read2: loaded 79M reads 
[20:48:05] Read2: loaded 80M reads 
[20:48:05] Read1: loaded 80M reads 
[20:48:05] Read2: loaded 81M reads 
[20:48:05] Read1: loaded 81M reads 
[20:48:06] Read1: loaded 82M reads 
[20:48:06] Read2: loaded 82M reads 
[20:48:07] Read2: loaded 83M reads 
[20:48:07] Read1: loaded 83M reads 
[20:48:08] Read1: loaded 84M reads 
[20:48:08] Read2: loaded 84M reads 
[20:48:08] Read1: loaded 85M reads 
[20:48:08] Read2: loaded 85M reads 
[20:48:09] Read1: loaded 86M reads 
[20:48:09] Read2: loaded 86M reads 
[20:48:10] Read1: loaded 87M reads 
[20:48:10] Read2: loaded 87M reads 
[20:48:10] Read2: loaded 88M reads 
[20:48:10] Read1: loaded 88M reads 
[20:48:11] Read1: loaded 89M reads 
[20:48:11] Read2: loaded 89M reads 
[20:48:12] Read1: loaded 90M reads 
[20:48:12] Read2: loaded 90M reads 
[20:48:12] Read1: loaded 91M reads 
[20:48:12] Read2: loaded 91M reads 
[20:48:13] Read2: loaded 92M reads 
[20:48:13] Read1: loaded 92M reads 
[20:48:14] Read2: loaded 93M reads 
[20:48:14] Read1: loaded 93M reads 
[20:48:14] Read1: loaded 94M reads 
[20:48:14] Read2: loaded 94M reads 
[20:48:15] Read2: loaded 95M reads 
[20:48:15] Read1: loaded 95M reads 
[20:48:16] Read1: loaded 96M reads 
[20:48:16] Read2: loaded 96M reads 
[20:48:16] Read1: loaded 97M reads 
[20:48:16] Read2: loaded 97M reads 
[20:48:17] Read2: loaded 98M reads 
[20:48:17] Read1: loaded 98M reads 
[20:48:18] Read1: loaded 99M reads 
[20:48:18] Read2: loaded 99M reads 
[20:48:18] Read2: loaded 100M reads 
[20:48:18] Read1: loaded 100M reads 
[20:48:19] Read2: loaded 101M reads 
[20:48:19] Read1: loaded 101M reads 
[20:48:20] Read2: loaded 102M reads 
[20:48:20] Read1: loaded 102M reads 
[20:48:20] Read1: loaded 103M reads 
[20:48:21] Read2: loaded 103M reads 
[20:48:21] Read2: loaded 104M reads 
[20:48:21] Read1: loaded 104M reads 
[20:48:22] Read2: loaded 105M reads 
[20:48:22] Read1: loaded 105M reads 
[20:48:23] Read1: loaded 106M reads 
[20:48:23] Read2: loaded 106M reads 
[20:48:23] Read2: loaded 107M reads 
[20:48:23] Read1: loaded 107M reads 
[20:48:24] Read1: loaded 108M reads 
[20:48:24] Read2: loaded 108M reads 
[20:48:25] Read1: loaded 109M reads 
[20:48:25] Read2: loaded 109M reads 
[20:48:25] Read1: loaded 110M reads 
[20:48:25] Read2: loaded 110M reads 
[20:48:26] Read1: loaded 111M reads 
[20:48:26] Read2: loaded 111M reads 
[20:48:27] Read1: loaded 112M reads 
[20:48:27] Read2: loaded 112M reads 
[20:48:27] Read1: loaded 113M reads 
[20:48:27] Read2: loaded 113M reads 
[20:48:28] Read1: loaded 114M reads 
[20:48:28] Read2: loaded 114M reads 
[20:48:29] Read2: loaded 115M reads 
[20:48:29] Read1: loaded 115M reads 
[20:48:29] Read1: loaded 116M reads 
[20:48:29] Read2: loaded 116M reads 
[20:48:30] Read2: loaded 117M reads 
[20:48:30] Read1: loaded 117M reads 
[20:48:31] Read1: loaded 118M reads 
[20:48:31] Read2: loaded 118M reads 
[20:48:31] Read1: loaded 119M reads 
[20:48:31] Read2: loaded 119M reads 
[20:48:32] Read1: loaded 120M reads 
[20:48:32] Read2: loaded 120M reads 
[20:48:33] Read1: loaded 121M reads 
[20:48:33] Read2: loaded 121M reads 
[20:48:33] Read2: loaded 122M reads 
[20:48:33] Read1: loaded 122M reads 
[20:48:34] Read1: loaded 123M reads 
[20:48:34] Read2: loaded 123M reads 
[20:48:35] Read2: loaded 124M reads 
[20:48:35] Read1: loaded 124M reads 
[20:48:36] Read1: loaded 125M reads 
[20:48:36] Read2: loaded 125M reads 
[20:48:36] Read2: loaded 126M reads 
[20:48:36] Read1: loaded 126M reads 
[20:48:37] Read1: loaded 127M reads 
[20:48:37] Read2: loaded 127M reads 
[20:48:38] Read1: loaded 128M reads 
[20:48:38] Read2: loaded 128M reads 
[20:48:38] Read2: loaded 129M reads 
[20:48:38] Read1: loaded 129M reads 
[20:48:39] Read1: loaded 130M reads 
[20:48:39] Read2: loaded 130M reads 
[20:48:40] Read1: loaded 131M reads 
[20:48:40] Read2: loaded 131M reads 
[20:48:40] Read2: loaded 132M reads 
[20:48:40] Read1: loaded 132M reads 
[20:48:41] Read2: loaded 133M reads 
[20:48:41] Read1: loaded 133M reads 
[20:48:42] Read1: loaded 134M reads 
[20:48:42] Read2: loaded 134M reads 
[20:48:42] Read2: loaded 135M reads 
[20:48:42] Read1: loaded 135M reads 
[20:48:43] Read1: loaded 136M reads 
[20:48:43] Read2: loaded 136M reads 
[20:48:44] Read1: loaded 137M reads 
[20:48:44] Read2: loaded 137M reads 
[20:48:44] Read1: loaded 138M reads 
[20:48:44] Read2: loaded 138M reads 
[20:48:45] Read2: loaded 139M reads 
[20:48:45] Read1: loaded 139M reads 
[20:48:46] Read1: loaded 140M reads 
[20:48:46] Read2: loaded 140M reads 
[20:48:46] Read2: loaded 141M reads 
[20:48:46] Read1: loaded 141M reads 
[20:48:47] Read1: loaded 142M reads 
[20:48:47] Read2: loaded 142M reads 
[20:48:48] Read2: loaded 143M reads 
[20:48:48] Read1: loaded 143M reads 
[20:48:48] Read1: loaded 144M reads 
[20:48:48] Read2: loaded 144M reads 
[20:48:49] Read2: loaded 145M reads 
[20:48:49] Read1: loaded 145M reads 
[20:48:50] Read1: loaded 146M reads 
[20:48:50] Read2: loaded 146M reads 
[20:48:50] Read2: loaded 147M reads 
[20:48:50] Read1: loaded 147M reads 
[20:48:51] Read1: loaded 148M reads 
[20:48:51] Read2: loaded 148M reads 
[20:48:52] Read2: loaded 149M reads 
[20:48:52] Read1: loaded 149M reads 
[20:48:52] Read1: loaded 150M reads 
[20:48:52] Read2: loaded 150M reads 
[20:48:53] Read1: loaded 151M reads 
[20:48:53] Read2: loaded 151M reads 
[20:48:54] Read1: loaded 152M reads 
[20:48:54] Read2: loaded 152M reads 
[20:48:54] Read1: loaded 153M reads 
[20:48:54] Read2: loaded 153M reads 
[20:48:55] Read1: loaded 154M reads 
[20:48:55] Read2: loaded 154M reads 
[20:48:56] Read1: loaded 155M reads 
[20:48:56] Read2: loaded 155M reads 
[20:48:56] Read1: loaded 156M reads 
[20:48:56] Read2: loaded 156M reads 
[20:48:57] Read1: loaded 157M reads 
[20:48:57] Read2: loaded 157M reads 
[20:48:58] Read2: loaded 158M reads 
[20:48:58] Read1: loaded 158M reads 
[20:48:58] Read1: loaded 159M reads 
[20:48:58] Read2: loaded 159M reads 
[20:48:59] Read1: loaded 160M reads 
[20:48:59] Read2: loaded 160M reads 
[20:49:00] Read1: loaded 161M reads 
[20:49:00] Read2: loaded 161M reads 
[20:49:00] Read1: loaded 162M reads 
[20:49:00] Read2: loaded 162M reads 
[20:49:01] Read2: loaded 163M reads 
[20:49:01] Read1: loaded 163M reads 
[20:49:02] Read2: loaded 164M reads 
[20:49:02] Read1: loaded 164M reads 
[20:49:02] Read1: loaded 165M reads 
[20:49:02] Read2: loaded 165M reads 
[20:49:03] Read1: loaded 166M reads 
[20:49:03] Read2: loaded 166M reads 
[20:49:04] Read1: loaded 167M reads 
[20:49:04] Read2: loaded 167M reads 
[20:49:04] Read2: loaded 168M reads 
[20:49:04] Read1: loaded 168M reads 
[20:49:05] Read2: loaded 169M reads 
[20:49:05] Read1: loaded 169M reads 
[20:49:06] Read2: loaded 170M reads 
[20:49:06] Read1: loaded 170M reads 
[20:49:06] Read1: loaded 171M reads 
[20:49:06] Read2: loaded 171M reads 
[20:49:07] Read1: loaded 172M reads 
[20:49:07] Read2: loaded 172M reads 
[20:49:08] Read2: loaded 173M reads 
[20:49:08] Read1: loaded 173M reads 
[20:49:08] Read2: loaded 174M reads 
[20:49:09] Read1: loaded 174M reads 
[20:49:09] Read2: loaded 175M reads 
[20:49:09] Read1: loaded 175M reads 
[20:49:10] Read2: loaded 176M reads 
[20:49:10] Read1: loaded 176M reads 
[20:49:11] Read1: loaded 177M reads 
[20:49:11] Read2: loaded 177M reads 
[20:49:11] Read2: loaded 178M reads 
[20:49:11] Read1: loaded 178M reads 
[20:49:12] Read2: loaded 179M reads 
[20:49:12] Read1: loaded 179M reads 
[20:49:13] Read2: loaded 180M reads 
[20:49:13] Read1: loaded 180M reads 
[20:49:13] Read1: loaded 181M reads 
[20:49:13] Read2: loaded 181M reads 
[20:49:14] Read1: loaded 182M reads 
[20:49:14] Read2: loaded 182M reads 
[20:49:15] Read2: loaded 183M reads 
[20:49:15] Read1: loaded 183M reads 
[20:49:15] Read1: loaded 184M reads 
[20:49:15] Read2: loaded 184M reads 
[20:49:16] Read2: loaded 185M reads 
[20:49:16] Read1: loaded 185M reads 
[20:49:17] Read2: loaded 186M reads 
[20:49:17] Read1: loaded 186M reads 
[20:49:17] Read2: loaded 187M reads 
[20:49:17] Read1: loaded 187M reads 
[20:49:18] Read1: loaded 188M reads 
[20:49:18] Read2: loaded 188M reads 
[20:49:19] Read2: loaded 189M reads 
[20:49:19] Read1: loaded 189M reads 
[20:49:19] Read1: loaded 190M reads 
[20:49:19] Read2: loaded 190M reads 
[20:49:20] Read2: loaded 191M reads 
[20:49:20] Read1: loaded 191M reads 
[20:49:21] Read2: loaded 192M reads 
[20:49:21] Read1: loaded 192M reads 
[20:49:21] Read2: loaded 193M reads 
[20:49:21] Read1: loaded 193M reads 
[20:49:22] Read2: loaded 194M reads 
[20:49:22] Read1: loaded 194M reads 
[20:49:23] Read2: loaded 195M reads 
[20:49:23] Read1: loaded 195M reads 
[20:49:23] Read1: loaded 196M reads 
[20:49:23] Read2: loaded 196M reads 
[20:49:24] Read2: loaded 197M reads 
[20:49:24] Read1: loaded 197M reads 
[20:49:25] Read2: loaded 198M reads 
[20:49:25] Read1: loaded 198M reads 
[20:49:25] Read1: loaded 199M reads 
[20:49:25] Read2: loaded 199M reads 
[20:49:26] Read2: loaded 200M reads 
[20:49:26] Read1: loaded 200M reads 
[20:49:27] Read1: loaded 201M reads 
[20:49:27] Read2: loaded 201M reads 
[20:49:27] Read2: loaded 202M reads 
[20:49:27] Read1: loaded 202M reads 
[20:49:28] Read1: loaded 203M reads 
[20:49:28] Read2: loaded 203M reads 
[20:49:29] Read1: loaded 204M reads 
[20:49:29] Read2: loaded 204M reads 
[20:49:29] Read1: loaded 205M reads 
[20:49:29] Read2: loaded 205M reads 
[20:49:30] Read2: loaded 206M reads 
[20:49:30] Read1: loaded 206M reads 
[20:49:31] Read1: loaded 207M reads 
[20:49:31] Read2: loaded 207M reads 
[20:49:31] Read1: loaded 208M reads 
[20:49:31] Read2: loaded 208M reads 
[20:49:32] Read2: loaded 209M reads 
[20:49:32] Read1: loaded 209M reads 
[20:49:33] Read1: loaded 210M reads 
[20:49:33] Read2: loaded 210M reads 
[20:49:33] Read2: loaded 211M reads 
[20:49:33] Read1: loaded 211M reads 
[20:49:34] Read2: loaded 212M reads 
[20:49:34] Read1: loaded 212M reads 
[20:49:35] Read1: loaded 213M reads 
[20:49:35] Read2: loaded 213M reads 
[20:49:35] Read1: loaded 214M reads 
[20:49:35] Read2: loaded 214M reads 
[20:49:36] Read2: loaded 215M reads 
[20:49:36] Read1: loaded 215M reads 
[20:49:37] Read2: loaded 216M reads 
[20:49:37] Read1: loaded 216M reads 
[20:49:37] Read2: loaded 217M reads 
[20:49:37] Read1: loaded 217M reads 
[20:49:38] Read2: loaded 218M reads 
[20:49:38] Read1: loaded 218M reads 
[20:49:39] Read1: loaded 219M reads 
[20:49:39] Read2: loaded 219M reads 
[20:49:40] Read2: loaded 220M reads 
[20:49:40] Read1: loaded 220M reads 
[20:49:40] Read1: loaded 221M reads 
[20:49:40] Read2: loaded 221M reads 
[20:49:41] Read2: loaded 222M reads 
[20:49:41] Read1: loaded 222M reads 
[20:49:42] Read1: loaded 223M reads 
[20:49:42] Read2: loaded 223M reads 
[20:49:42] Read2: loaded 224M reads 
[20:49:42] Read1: loaded 224M reads 
[20:49:43] Read1: loaded 225M reads 
[20:49:43] Read2: loaded 225M reads 
[20:49:44] Read1: loaded 226M reads 
[20:49:44] Read2: loaded 226M reads 
[20:49:44] Read2: loaded 227M reads 
[20:49:44] Read1: loaded 227M reads 
[20:49:45] Read2: loaded 228M reads 
[20:49:45] Read1: loaded 228M reads 
[20:49:46] Read2: loaded 229M reads 
[20:49:46] Read1: loaded 229M reads 
[20:49:46] Read1: loaded 230M reads 
[20:49:46] Read2: loaded 230M reads 
[20:49:47] Read1: loaded 231M reads 
[20:49:47] Read2: loaded 231M reads 
[20:49:48] Read2: loaded 232M reads 
[20:49:48] Read1: loaded 232M reads 
[20:49:48] Read1: loaded 233M reads 
[20:49:48] Read2: loaded 233M reads 
[20:49:49] Read1: loaded 234M reads 
[20:49:49] Read2: loaded 234M reads 
[20:49:50] Read2: loaded 235M reads 
[20:49:50] Read1: loaded 235M reads 
[20:49:50] Read1: loaded 236M reads 
[20:49:50] Read2: loaded 236M reads 
[20:49:51] Read1: loaded 237M reads 
[20:49:51] Read2: loaded 237M reads 
[20:49:52] Read1: loaded 238M reads 
[20:49:52] Read2: loaded 238M reads 
[20:49:52] Read2: loaded 239M reads 
[20:49:52] Read1: loaded 239M reads 
[20:49:53] Read2: loaded 240M reads 
[20:49:53] Read1: loaded 240M reads 
[20:49:54] Read2: loaded 241M reads 
[20:49:54] Read1: loaded 241M reads 
[20:49:54] Read1: loaded 242M reads 
[20:49:54] Read2: loaded 242M reads 
[20:49:55] Read1: loaded 243M reads 
[20:49:55] Read2: loaded 243M reads 
[20:49:56] Read2: loaded 244M reads 
[20:49:56] Read1: loaded 244M reads 
[20:49:56] Read2: loaded 245M reads 
[20:49:57] Read1: loaded 245M reads 
[20:49:57] Read2: loaded 246M reads 
[20:49:57] Read1: loaded 246M reads 
[20:49:58] Read1: loaded 247M reads 
[20:49:58] Read2: loaded 247M reads 
[20:49:59] Read1: loaded 248M reads 
[20:49:59] Read2: loaded 248M reads 
[20:49:59] Read1: loaded 249M reads 
[20:49:59] Read2: loaded 249M reads 
[20:50:00] Read2: loaded 250M reads 
[20:50:00] Read1: loaded 250M reads 
[20:50:01] Read2: loaded 251M reads 
[20:50:01] Read1: loaded 251M reads 
[20:50:01] Read2: loaded 252M reads 
[20:50:01] Read1: loaded 252M reads 
[20:50:02] Read1: loaded 253M reads 
[20:50:02] Read2: loaded 253M reads 
[20:50:03] Read1: loaded 254M reads 
[20:50:03] Read2: loaded 254M reads 
[20:50:03] Read2: loaded 255M reads 
[20:50:03] Read1: loaded 255M reads 
[20:50:04] Read2: loaded 256M reads 
[20:50:04] Read1: loaded 256M reads 
[20:50:05] Read2: loaded 257M reads 
[20:50:05] Read1: loaded 257M reads 
[20:50:05] Read1: loaded 258M reads 
[20:50:05] Read2: loaded 258M reads 
[20:50:06] Read1: loaded 259M reads 
[20:50:06] Read2: loaded 259M reads 
[20:50:07] Read2: loaded 260M reads 
[20:50:07] Read1: loaded 260M reads 
[20:50:07] Read2: loaded 261M reads 
[20:50:07] Read1: loaded 261M reads 
[20:50:08] Read1: loaded 262M reads 
[20:50:08] Read2: loaded 262M reads 
[20:50:09] Read2: loaded 263M reads 
[20:50:09] Read1: loaded 263M reads 
[20:50:09] Read1: loaded 264M reads 
[20:50:09] Read2: loaded 264M reads 
[20:50:10] Read1: loaded 265M reads 
[20:50:10] Read2: loaded 265M reads 
[20:50:11] Read1: loaded 266M reads 
[20:50:11] Read2: loaded 266M reads 
[20:50:11] Read2: loaded 267M reads 
[20:50:11] Read1: loaded 267M reads 
[20:50:12] Read1: loaded 268M reads 
[20:50:12] Read2: loaded 268M reads 
[20:50:13] Read2: loaded 269M reads 
[20:50:13] Read1: loaded 269M reads 
[20:50:13] Read1: loaded 270M reads 
[20:50:13] Read2: loaded 270M reads 
[20:50:14] Read2: loaded 271M reads 
[20:50:14] Read1: loaded 271M reads 
[20:50:15] Read1: loaded 272M reads 
[20:50:15] Read2: loaded 272M reads 
[20:50:15] Read1: loaded 273M reads 
[20:50:15] Read2: loaded 273M reads 
[20:50:16] Read1: loaded 274M reads 
[20:50:16] Read2: loaded 274M reads 
[20:50:17] Read2: loaded 275M reads 
[20:50:17] Read1: loaded 275M reads 
[20:50:17] Read1: loaded 276M reads 
[20:50:17] Read2: loaded 276M reads 
[20:50:18] Read1: loaded 277M reads 
[20:50:18] Read2: loaded 277M reads 
[20:50:19] Read1: loaded 278M reads 
[20:50:19] Read2: loaded 278M reads 
[20:50:20] Read1: loaded 279M reads 
[20:50:20] Read2: loaded 279M reads 
[20:50:20] Read1: loaded 280M reads 
[20:50:20] Read2: loaded 280M reads 
[20:50:21] Read2: loaded 281M reads 
[20:50:21] Read1: loaded 281M reads 
[20:50:22] Read2: loaded 282M reads 
[20:50:22] Read1: loaded 282M reads 
[20:50:22] Read1: loaded 283M reads 
[20:50:22] Read2: loaded 283M reads 
[20:50:23] Read2: loaded 284M reads 
[20:50:23] Read1: loaded 284M reads 
[20:50:24] Read2: loaded 285M reads 
[20:50:24] Read1: loaded 285M reads 
[20:50:24] Read1: loaded 286M reads 
[20:50:24] Read2: loaded 286M reads 
[20:50:25] Read1: loaded 287M reads 
[20:50:25] Read2: loaded 287M reads 
[20:50:26] Read1: loaded 288M reads 
[20:50:26] Read2: loaded 288M reads 
[20:50:26] Read1: loaded 289M reads 
[20:50:26] Read2: loaded 289M reads 
[20:50:27] Read1: loaded 290M reads 
[20:50:27] Read2: loaded 290M reads 
[20:50:28] Read1: loaded 291M reads 
[20:50:28] Read2: loaded 291M reads 
[20:50:28] Read1: loaded 292M reads 
[20:50:28] Read2: loaded 292M reads 
[20:50:29] Read1: loaded 293M reads 
[20:50:29] Read2: loaded 293M reads 
[20:50:30] Read1: loaded 294M reads 
[20:50:30] Read2: loaded 294M reads 
[20:50:30] Read1: loaded 295M reads 
[20:50:30] Read2: loaded 295M reads 
[20:50:31] Read1: loaded 296M reads 
[20:50:31] Read2: loaded 296M reads 
[20:50:32] Read1: loaded 297M reads 
[20:50:32] Read2: loaded 297M reads 
[20:50:32] Read1: loaded 298M reads 
[20:50:32] Read2: loaded 298M reads 
[20:50:33] Read2: loaded 299M reads 
[20:50:33] Read1: loaded 299M reads 
[20:50:34] Read1: loaded 300M reads 
[20:50:34] Read2: loaded 300M reads 
[20:50:34] Read2: loaded 301M reads 
[20:50:34] Read1: loaded 301M reads 
[20:50:35] Read1: loaded 302M reads 
[20:50:35] Read2: loaded 302M reads 
[20:50:36] Read1: loaded 303M reads 
[20:50:36] Read2: loaded 303M reads 
[20:50:37] Read2: loaded 304M reads 
[20:50:37] Read1: loaded 304M reads 
[20:50:37] Read1: loaded 305M reads 
[20:50:37] Read2: loaded 305M reads 
[20:50:38] Read2: loaded 306M reads 
[20:50:38] Read1: loaded 306M reads 
[20:50:39] Read2: loaded 307M reads 
[20:50:39] Read1: loaded 307M reads 
[20:50:39] Read2: loaded 308M reads 
[20:50:39] Read1: loaded 308M reads 
[20:50:40] Read2: loaded 309M reads 
[20:50:40] Read1: loaded 309M reads 
[20:50:41] Read1: loaded 310M reads 
[20:50:41] Read2: loaded 310M reads 
[20:50:41] Read1: loaded 311M reads 
[20:50:41] Read2: loaded 311M reads 
[20:50:42] Read1: loaded 312M reads 
[20:50:42] Read2: loaded 312M reads 
[20:50:43] Read2: loaded 313M reads 
[20:50:43] Read1: loaded 313M reads 
[20:50:43] Read1: loaded 314M reads 
[20:50:43] Read2: loaded 314M reads 
[20:50:44] Read2: loaded 315M reads 
[20:50:44] Read1: loaded 315M reads 
[20:50:45] Read1: loaded 316M reads 
[20:50:45] Read2: loaded 316M reads 
[20:50:45] Read2: loaded 317M reads 
[20:50:45] Read1: loaded 317M reads 
[20:50:46] Read2: loaded 318M reads 
[20:50:46] Read1: loaded 318M reads 
[20:50:47] Read1: loaded 319M reads 
[20:50:47] Read2: loaded 319M reads 
[20:50:48] Read2: loaded 320M reads 
[20:50:48] Read1: loaded 320M reads 
[20:50:48] Read1: loaded 321M reads 
[20:50:48] Read2: loaded 321M reads 
[20:50:49] Read2: loaded 322M reads 
[20:50:49] Read1: loaded 322M reads 
[20:50:50] Read1: loaded 323M reads 
[20:50:50] Read2: loaded 323M reads 
[20:50:50] Read2: loaded 324M reads 
[20:50:50] Read1: loaded 324M reads 
[20:50:51] Read1: loaded 325M reads 
[20:50:51] Read2: loaded 325M reads 
[20:50:52] Read1: loaded 326M reads 
[20:50:52] Read2: loaded 326M reads 
[20:50:52] Read2: loaded 327M reads 
[20:50:52] Read1: loaded 327M reads 
[20:50:53] Read2: loaded 328M reads 
[20:50:53] Read1: loaded 328M reads 
[20:50:54] Read1: loaded 329M reads 
[20:50:54] Read2: loaded 329M reads 
[20:50:54] Read2: loaded 330M reads 
[20:50:54] Read1: loaded 330M reads 
[20:50:55] Read1: loaded 331M reads 
[20:50:55] Read2: loaded 331M reads 
[20:50:56] Read2: loaded 332M reads 
[20:50:56] Read1: loaded 332M reads 
[20:50:56] Read1: loaded 333M reads 
[20:50:56] Read2: loaded 333M reads 
[20:50:57] Read1: loaded 334M reads 
[20:50:57] Read2: loaded 334M reads 
[20:50:58] Read2: loaded 335M reads 
[20:50:58] Read1: loaded 335M reads 
[20:50:58] Read1: loaded 336M reads 
[20:50:59] Read2: loaded 336M reads 
[20:50:59] Read2: loaded 337M reads 
[20:50:59] Read1: loaded 337M reads 
[20:51:00] Read2: loaded 338M reads 
[20:51:00] Read1: loaded 338M reads 
[20:51:01] Read1: loaded 339M reads 
[20:51:01] Read2: loaded 339M reads 
[20:51:01] Read2: loaded 340M reads 
[20:51:01] Read1: loaded 340M reads 
[20:51:02] Read1: loaded 341M reads 
[20:51:02] Read2: loaded 341M reads 
[20:51:03] Read2: loaded 342M reads 
[20:51:03] Read1: loaded 342M reads 
[20:51:03] Read1: loaded 343M reads 
[20:51:03] Read2: loaded 343M reads 
[20:51:04] Read2: loaded 344M reads 
[20:51:04] Read1: loaded 344M reads 
[20:51:05] Read1: loaded 345M reads 
[20:51:05] Read2: loaded 345M reads 
[20:51:05] Read1: loaded 346M reads 
[20:51:05] Read2: loaded 346M reads 
[20:51:06] Read2: loaded 347M reads 
[20:51:06] Read1: loaded 347M reads 
[20:51:07] Read1: loaded 348M reads 
[20:51:07] Read2: loaded 348M reads 
[20:51:07] Read1: loaded 349M reads 
[20:51:07] Read2: loaded 349M reads 
[20:51:08] Read2: loaded 350M reads 
[20:51:08] Read1: loaded 350M reads 
[20:51:09] Read2: loaded 351M reads 
[20:51:09] Read1: loaded 351M reads 
[20:51:10] Read1: loaded 352M reads 
[20:51:10] Read2: loaded 352M reads 
[20:51:10] Read1: loaded 353M reads 
[20:51:10] Read2: loaded 353M reads 
[20:51:11] Read1: loaded 354M reads 
[20:51:11] Read2: loaded 354M reads 
[20:51:12] Read1: loaded 355M reads 
[20:51:12] Read2: loaded 355M reads 
[20:51:12] Read2: loaded 356M reads 
[20:51:12] Read1: loaded 356M reads 
[20:51:13] Read1: loaded 357M reads 
[20:51:13] Read2: loaded 357M reads 
[20:51:14] Read2: loaded 358M reads 
[20:51:14] Read1: loaded 358M reads 
[20:51:14] Read2: loaded 359M reads 
[20:51:14] Read1: loaded 359M reads 
[20:51:15] Read2: loaded 360M reads 
[20:51:15] Read1: loaded 360M reads 
[20:51:16] Read2: loaded 361M reads 
[20:51:16] Read1: loaded 361M reads 
[20:51:16] Read2: loading completed with 44102 packs 
[20:51:16] Read1: loading completed with 44102 packs 
[20:51:16] [fastp 1.3.3-d0bromir] Stage: loading (245601 ms) 
[20:51:16] [fastp 1.3.3-d0bromir] Stage: filtering 
[20:51:16] thread 15 data processing completed 
[20:51:16] thread 15 finished 
[20:51:16] thread 5 data processing completed 
[20:51:16] thread 5 finished 
[20:51:16] thread 8 data processing completed 
[20:51:16] thread 8 finished 
[20:51:16] thread 13 data processing completed 
[20:51:16] thread 13 finished 
[20:51:16] thread 12 data processing completed 
[20:51:16] thread 12 finished 
[20:51:16] thread 3 data processing completed 
[20:51:16] thread 3 finished 
[20:51:16] thread 2 data processing completed 
[20:51:16] thread 2 finished 
[20:51:16] thread 11 data processing completed 
[20:51:16] thread 11 finished 
[20:51:16] thread 4 data processing completed 
[20:51:16] thread 4 finished 
[20:51:16] thread 9 data processing completed 
[20:51:16] thread 9 finished 
[20:51:16] thread 16 data processing completed 
[20:51:16] thread 16 finished 
[20:51:16] thread 6 data processing completed 
[20:51:16] thread 6 finished 
[20:51:16] thread 14 data processing completed 
[20:51:16] thread 14 finished 
[20:51:16] thread 10 data processing completed 
[20:51:16] thread 10 finished 
[20:51:16] thread 1 data processing completed 
[20:51:16] thread 1 finished 
[20:51:16] thread 7 data processing completed 
[20:51:16] thread 7 finished 
[20:51:16] [fastp 1.3.3-d0bromir] Stage: filtering (358 ms) 
[20:51:16] [fastp 1.3.3-d0bromir] Stage: writing 
[20:51:16] /dev/shm/fastp_bench_H6bTSu_R1.fq.gz writer finished 
[20:51:16] /dev/shm/fastp_bench_IoSyMA_R2.fq.gz writer finished 
[20:51:16] [fastp 1.3.3-d0bromir] Stage: writing (27 ms) 
[20:51:16] [GPU] Device 0: batches=44102 reads=361281611 
[20:51:16] [GPU] Device 1: batches=44102 reads=361281611 
[20:51:16] start to generate reports
 
Read1 before filtering:
total reads: 361281611
total bases: 54192241650
Q20 bases: 54123398100(99.873%)
Q30 bases: 54123398100(99.873%)
Q40 bases: 0(0%)

Read2 before filtering:
total reads: 361281611
total bases: 54192241650
Q20 bases: 53855170050(99.378%)
Q30 bases: 53855170050(99.378%)
Q40 bases: 0(0%)

Read1 after filtering:
total reads: 358607374
total bases: 53574361382
Q20 bases: 53574361382(100%)
Q30 bases: 53574361382(100%)
Q40 bases: 0(0%)

Read2 after filtering:
total reads: 358607374
total bases: 53574361382
Q20 bases: 53574361382(100%)
Q30 bases: 53574361382(100%)
Q40 bases: 0(0%)

Filtering result:
reads passed filter: 717214748
reads failed due to low quality: 5328396
reads failed due to too many N: 20078
reads failed due to too short: 0
reads failed due to adapter dimer: 0
reads with adapter trimmed: 9627740
bases trimmed due to adapters: 442711160

Duplication rate: 5.60214%

Insert size peak (evaluated by paired-end reads): 269

JSON report: /dev/shm/fastp_bench_remFuv.json
HTML report: /dev/null

/home/mpiuser/bioauto_rev/fastp_d0bromir/fastp -w 16 -j /dev/shm/fastp_bench_remFuv.json -h /dev/null --verbose -i /home/mpiuser/FASTQ/WGS/DRR216653_1.fastq.gz -I /home/mpiuser/FASTQ/WGS/DRR216653_2.fastq.gz -o /dev/shm/fastp_bench_H6bTSu_R1.fq.gz -O /dev/shm/fastp_bench_IoSyMA_R2.fq.gz 
fastp v1.3.3-d0bromir, time used: 248 seconds
================================================================
