=== Full Benchmark Log: Sat Oct  3 13:57:55 UTC 2026 ===


================================================================
 Application  : opengene (/home/mpiuser/bioauto_rev/fastp_d0bromir/../fastp_opengene/fastp)
 Dataset      : WGS PE 40G (DRR216653 R1+R2)
 Files        : R1=/home/mpiuser/FASTQ/WGS/DRR216653_1.fastq.gz
               R2=/home/mpiuser/FASTQ/WGS/DRR216653_2.fastq.gz
 Type         : PE
 Threads      : 8
 Wall time    : 691.025 s
 reads_in     : 722563222
 reads_out    : 717214748
 vs_opengene  : baseline
--- Resource usage ---
 CPU avg/peak : 1177.8% / 1617.5%
 RSS peak     : 1310 MiB
 GPU util a/p : 0.0% / 0.0%
 GPU mem peak : 0 MiB
 Sample CSV   : /home/mpiuser/bioauto_rev/fastp_d0bromir/benchmark_results/20261003_135755/resources/resource_WGS_PE_40G_opengene_T8_1791035875.csv
--- Profiling output ---
[13:57:56] start to load data of read1 
[13:57:56] start to load data of read2 
[13:57:56] /dev/shm/fastp_bench_uNGYPj_R1.fq.gz writer finished 
[13:57:56] /dev/shm/fastp_bench_4dHIfZ_R2.fq.gz writer finished 
[13:57:58] Read2: loaded 1M reads 
[13:57:58] Read1: loaded 1M reads 
[13:58:00] Read2: loaded 2M reads 
[13:58:00] Read1: loaded 2M reads 
[13:58:01] Read1: loaded 3M reads 
[13:58:01] Read2: loaded 3M reads 
[13:58:03] Read1: loaded 4M reads 
[13:58:03] Read2: loaded 4M reads 
[13:58:05] Read2: loaded 5M reads 
[13:58:05] Read1: loaded 5M reads 
[13:58:07] Read1: loaded 6M reads 
[13:58:07] Read2: loaded 6M reads 
[13:58:09] Read2: loaded 7M reads 
[13:58:09] Read1: loaded 7M reads 
[13:58:11] Read2: loaded 8M reads 
[13:58:11] Read1: loaded 8M reads 
[13:58:13] Read1: loaded 9M reads 
[13:58:13] Read2: loaded 9M reads 
[13:58:15] Read2: loaded 10M reads 
[13:58:15] Read1: loaded 10M reads 
[13:58:17] Read2: loaded 11M reads 
[13:58:17] Read1: loaded 11M reads 
[13:58:19] Read1: loaded 12M reads 
[13:58:19] Read2: loaded 12M reads 
[13:58:20] Read2: loaded 13M reads 
[13:58:20] Read1: loaded 13M reads 
[13:58:22] Read1: loaded 14M reads 
[13:58:22] Read2: loaded 14M reads 
[13:58:24] Read1: loaded 15M reads 
[13:58:24] Read2: loaded 15M reads 
[13:58:26] Read2: loaded 16M reads 
[13:58:26] Read1: loaded 16M reads 
[13:58:28] Read2: loaded 17M reads 
[13:58:28] Read1: loaded 17M reads 
[13:58:30] Read1: loaded 18M reads 
[13:58:30] Read2: loaded 18M reads 
[13:58:32] Read1: loaded 19M reads 
[13:58:32] Read2: loaded 19M reads 
[13:58:34] Read1: loaded 20M reads 
[13:58:34] Read2: loaded 20M reads 
[13:58:36] Read1: loaded 21M reads 
[13:58:36] Read2: loaded 21M reads 
[13:58:38] Read2: loaded 22M reads 
[13:58:38] Read1: loaded 22M reads 
[13:58:40] Read2: loaded 23M reads 
[13:58:40] Read1: loaded 23M reads 
[13:58:42] Read1: loaded 24M reads 
[13:58:42] Read2: loaded 24M reads 
[13:58:43] Read1: loaded 25M reads 
[13:58:43] Read2: loaded 25M reads 
[13:58:45] Read1: loaded 26M reads 
[13:58:45] Read2: loaded 26M reads 
[13:58:47] Read2: loaded 27M reads 
[13:58:47] Read1: loaded 27M reads 
[13:58:49] Read2: loaded 28M reads 
[13:58:49] Read1: loaded 28M reads 
[13:58:51] Read2: loaded 29M reads 
[13:58:51] Read1: loaded 29M reads 
[13:58:53] Read1: loaded 30M reads 
[13:58:53] Read2: loaded 30M reads 
[13:58:55] Read1: loaded 31M reads 
[13:58:55] Read2: loaded 31M reads 
[13:58:57] Read2: loaded 32M reads 
[13:58:57] Read1: loaded 32M reads 
[13:58:59] Read2: loaded 33M reads 
[13:58:59] Read1: loaded 33M reads 
[13:59:01] Read2: loaded 34M reads 
[13:59:01] Read1: loaded 34M reads 
[13:59:03] Read1: loaded 35M reads 
[13:59:03] Read2: loaded 35M reads 
[13:59:05] Read1: loaded 36M reads 
[13:59:05] Read2: loaded 36M reads 
[13:59:06] Read1: loaded 37M reads 
[13:59:06] Read2: loaded 37M reads 
[13:59:08] Read2: loaded 38M reads 
[13:59:08] Read1: loaded 38M reads 
[13:59:10] Read2: loaded 39M reads 
[13:59:10] Read1: loaded 39M reads 
[13:59:12] Read2: loaded 40M reads 
[13:59:12] Read1: loaded 40M reads 
[13:59:14] Read2: loaded 41M reads 
[13:59:14] Read1: loaded 41M reads 
[13:59:16] Read1: loaded 42M reads 
[13:59:16] Read2: loaded 42M reads 
[13:59:18] Read1: loaded 43M reads 
[13:59:18] Read2: loaded 43M reads 
[13:59:20] Read1: loaded 44M reads 
[13:59:20] Read2: loaded 44M reads 
[13:59:22] Read2: loaded 45M reads 
[13:59:22] Read1: loaded 45M reads 
[13:59:24] Read2: loaded 46M reads 
[13:59:24] Read1: loaded 46M reads 
[13:59:26] Read1: loaded 47M reads 
[13:59:26] Read2: loaded 47M reads 
[13:59:27] Read1: loaded 48M reads 
[13:59:27] Read2: loaded 48M reads 
[13:59:29] Read2: loaded 49M reads 
[13:59:29] Read1: loaded 49M reads 
[13:59:31] Read1: loaded 50M reads 
[13:59:31] Read2: loaded 50M reads 
[13:59:33] Read2: loaded 51M reads 
[13:59:33] Read1: loaded 51M reads 
[13:59:35] Read2: loaded 52M reads 
[13:59:35] Read1: loaded 52M reads 
[13:59:37] Read1: loaded 53M reads 
[13:59:37] Read2: loaded 53M reads 
[13:59:39] Read1: loaded 54M reads 
[13:59:39] Read2: loaded 54M reads 
[13:59:41] Read1: loaded 55M reads 
[13:59:41] Read2: loaded 55M reads 
[13:59:43] Read2: loaded 56M reads 
[13:59:43] Read1: loaded 56M reads 
[13:59:45] Read1: loaded 57M reads 
[13:59:45] Read2: loaded 57M reads 
[13:59:47] Read2: loaded 58M reads 
[13:59:47] Read1: loaded 58M reads 
[13:59:49] Read2: loaded 59M reads 
[13:59:49] Read1: loaded 59M reads 
[13:59:51] Read1: loaded 60M reads 
[13:59:51] Read2: loaded 60M reads 
[13:59:52] Read1: loaded 61M reads 
[13:59:52] Read2: loaded 61M reads 
[13:59:54] Read2: loaded 62M reads 
[13:59:54] Read1: loaded 62M reads 
[13:59:56] Read2: loaded 63M reads 
[13:59:56] Read1: loaded 63M reads 
[13:59:58] Read1: loaded 64M reads 
[13:59:58] Read2: loaded 64M reads 
[14:00:00] Read2: loaded 65M reads 
[14:00:00] Read1: loaded 65M reads 
[14:00:02] Read1: loaded 66M reads 
[14:00:02] Read2: loaded 66M reads 
[14:00:04] Read1: loaded 67M reads 
[14:00:04] Read2: loaded 67M reads 
[14:00:06] Read1: loaded 68M reads 
[14:00:06] Read2: loaded 68M reads 
[14:00:08] Read1: loaded 69M reads 
[14:00:08] Read2: loaded 69M reads 
[14:00:10] Read1: loaded 70M reads 
[14:00:10] Read2: loaded 70M reads 
[14:00:12] Read1: loaded 71M reads 
[14:00:12] Read2: loaded 71M reads 
[14:00:14] Read2: loaded 72M reads 
[14:00:14] Read1: loaded 72M reads 
[14:00:16] Read2: loaded 73M reads 
[14:00:16] Read1: loaded 73M reads 
[14:00:17] Read2: loaded 74M reads 
[14:00:17] Read1: loaded 74M reads 
[14:00:19] Read1: loaded 75M reads 
[14:00:19] Read2: loaded 75M reads 
[14:00:21] Read2: loaded 76M reads 
[14:00:21] Read1: loaded 76M reads 
[14:00:23] Read1: loaded 77M reads 
[14:00:23] Read2: loaded 77M reads 
[14:00:25] Read1: loaded 78M reads 
[14:00:25] Read2: loaded 78M reads 
[14:00:27] Read1: loaded 79M reads 
[14:00:27] Read2: loaded 79M reads 
[14:00:29] Read1: loaded 80M reads 
[14:00:29] Read2: loaded 80M reads 
[14:00:31] Read1: loaded 81M reads 
[14:00:31] Read2: loaded 81M reads 
[14:00:33] Read2: loaded 82M reads 
[14:00:33] Read1: loaded 82M reads 
[14:00:35] Read2: loaded 83M reads 
[14:00:35] Read1: loaded 83M reads 
[14:00:37] Read1: loaded 84M reads 
[14:00:37] Read2: loaded 84M reads 
[14:00:38] Read1: loaded 85M reads 
[14:00:38] Read2: loaded 85M reads 
[14:00:40] Read1: loaded 86M reads 
[14:00:40] Read2: loaded 86M reads 
[14:00:42] Read1: loaded 87M reads 
[14:00:42] Read2: loaded 87M reads 
[14:00:44] Read2: loaded 88M reads 
[14:00:44] Read1: loaded 88M reads 
[14:00:46] Read1: loaded 89M reads 
[14:00:46] Read2: loaded 89M reads 
[14:00:48] Read1: loaded 90M reads 
[14:00:48] Read2: loaded 90M reads 
[14:00:50] Read1: loaded 91M reads 
[14:00:50] Read2: loaded 91M reads 
[14:00:52] Read1: loaded 92M reads 
[14:00:52] Read2: loaded 92M reads 
[14:00:54] Read2: loaded 93M reads 
[14:00:54] Read1: loaded 93M reads 
[14:00:56] Read2: loaded 94M reads 
[14:00:56] Read1: loaded 94M reads 
[14:00:58] Read1: loaded 95M reads 
[14:00:58] Read2: loaded 95M reads 
[14:00:59] Read2: loaded 96M reads 
[14:00:59] Read1: loaded 96M reads 
[14:01:01] Read1: loaded 97M reads 
[14:01:01] Read2: loaded 97M reads 
[14:01:03] Read2: loaded 98M reads 
[14:01:03] Read1: loaded 98M reads 
[14:01:05] Read2: loaded 99M reads 
[14:01:05] Read1: loaded 99M reads 
[14:01:07] Read2: loaded 100M reads 
[14:01:07] Read1: loaded 100M reads 
[14:01:09] Read2: loaded 101M reads 
[14:01:09] Read1: loaded 101M reads 
[14:01:11] Read1: loaded 102M reads 
[14:01:11] Read2: loaded 102M reads 
[14:01:13] Read1: loaded 103M reads 
[14:01:13] Read2: loaded 103M reads 
[14:01:15] Read2: loaded 104M reads 
[14:01:15] Read1: loaded 104M reads 
[14:01:17] Read2: loaded 105M reads 
[14:01:17] Read1: loaded 105M reads 
[14:01:19] Read2: loaded 106M reads 
[14:01:19] Read1: loaded 106M reads 
[14:01:21] Read2: loaded 107M reads 
[14:01:21] Read1: loaded 107M reads 
[14:01:22] Read1: loaded 108M reads 
[14:01:22] Read2: loaded 108M reads 
[14:01:24] Read1: loaded 109M reads 
[14:01:24] Read2: loaded 109M reads 
[14:01:26] Read2: loaded 110M reads 
[14:01:26] Read1: loaded 110M reads 
[14:01:28] Read2: loaded 111M reads 
[14:01:28] Read1: loaded 111M reads 
[14:01:30] Read2: loaded 112M reads 
[14:01:30] Read1: loaded 112M reads 
[14:01:32] Read1: loaded 113M reads 
[14:01:32] Read2: loaded 113M reads 
[14:01:34] Read1: loaded 114M reads 
[14:01:34] Read2: loaded 114M reads 
[14:01:36] Read2: loaded 115M reads 
[14:01:36] Read1: loaded 115M reads 
[14:01:38] Read2: loaded 116M reads 
[14:01:38] Read1: loaded 116M reads 
[14:01:40] Read2: loaded 117M reads 
[14:01:40] Read1: loaded 117M reads 
[14:01:42] Read1: loaded 118M reads 
[14:01:42] Read2: loaded 118M reads 
[14:01:43] Read1: loaded 119M reads 
[14:01:44] Read2: loaded 119M reads 
[14:01:45] Read1: loaded 120M reads 
[14:01:45] Read2: loaded 120M reads 
[14:01:47] Read1: loaded 121M reads 
[14:01:47] Read2: loaded 121M reads 
[14:01:49] Read2: loaded 122M reads 
[14:01:49] Read1: loaded 122M reads 
[14:01:51] Read1: loaded 123M reads 
[14:01:51] Read2: loaded 123M reads 
[14:01:53] Read2: loaded 124M reads 
[14:01:53] Read1: loaded 124M reads 
[14:01:55] Read1: loaded 125M reads 
[14:01:55] Read2: loaded 125M reads 
[14:01:57] Read1: loaded 126M reads 
[14:01:57] Read2: loaded 126M reads 
[14:01:59] Read1: loaded 127M reads 
[14:01:59] Read2: loaded 127M reads 
[14:02:01] Read1: loaded 128M reads 
[14:02:01] Read2: loaded 128M reads 
[14:02:03] Read1: loaded 129M reads 
[14:02:03] Read2: loaded 129M reads 
[14:02:04] Read1: loaded 130M reads 
[14:02:04] Read2: loaded 130M reads 
[14:02:06] Read1: loaded 131M reads 
[14:02:06] Read2: loaded 131M reads 
[14:02:08] Read1: loaded 132M reads 
[14:02:08] Read2: loaded 132M reads 
[14:02:10] Read1: loaded 133M reads 
[14:02:10] Read2: loaded 133M reads 
[14:02:12] Read1: loaded 134M reads 
[14:02:12] Read2: loaded 134M reads 
[14:02:14] Read2: loaded 135M reads 
[14:02:14] Read1: loaded 135M reads 
[14:02:16] Read1: loaded 136M reads 
[14:02:16] Read2: loaded 136M reads 
[14:02:18] Read1: loaded 137M reads 
[14:02:18] Read2: loaded 137M reads 
[14:02:20] Read2: loaded 138M reads 
[14:02:20] Read1: loaded 138M reads 
[14:02:22] Read2: loaded 139M reads 
[14:02:22] Read1: loaded 139M reads 
[14:02:23] Read1: loaded 140M reads 
[14:02:23] Read2: loaded 140M reads 
[14:02:25] Read2: loaded 141M reads 
[14:02:25] Read1: loaded 141M reads 
[14:02:27] Read2: loaded 142M reads 
[14:02:27] Read1: loaded 142M reads 
[14:02:29] Read2: loaded 143M reads 
[14:02:29] Read1: loaded 143M reads 
[14:02:31] Read2: loaded 144M reads 
[14:02:31] Read1: loaded 144M reads 
[14:02:33] Read2: loaded 145M reads 
[14:02:33] Read1: loaded 145M reads 
[14:02:35] Read2: loaded 146M reads 
[14:02:35] Read1: loaded 146M reads 
[14:02:37] Read2: loaded 147M reads 
[14:02:37] Read1: loaded 147M reads 
[14:02:39] Read2: loaded 148M reads 
[14:02:39] Read1: loaded 148M reads 
[14:02:41] Read1: loaded 149M reads 
[14:02:41] Read2: loaded 149M reads 
[14:02:43] Read2: loaded 150M reads 
[14:02:43] Read1: loaded 150M reads 
[14:02:44] Read1: loaded 151M reads 
[14:02:44] Read2: loaded 151M reads 
[14:02:46] Read1: loaded 152M reads 
[14:02:46] Read2: loaded 152M reads 
[14:02:48] Read1: loaded 153M reads 
[14:02:48] Read2: loaded 153M reads 
[14:02:50] Read1: loaded 154M reads 
[14:02:50] Read2: loaded 154M reads 
[14:02:52] Read1: loaded 155M reads 
[14:02:52] Read2: loaded 155M reads 
[14:02:54] Read1: loaded 156M reads 
[14:02:54] Read2: loaded 156M reads 
[14:02:56] Read1: loaded 157M reads 
[14:02:56] Read2: loaded 157M reads 
[14:02:58] Read1: loaded 158M reads 
[14:02:58] Read2: loaded 158M reads 
[14:03:00] Read1: loaded 159M reads 
[14:03:00] Read2: loaded 159M reads 
[14:03:02] Read1: loaded 160M reads 
[14:03:02] Read2: loaded 160M reads 
[14:03:04] Read2: loaded 161M reads 
[14:03:04] Read1: loaded 161M reads 
[14:03:06] Read1: loaded 162M reads 
[14:03:06] Read2: loaded 162M reads 
[14:03:07] Read2: loaded 163M reads 
[14:03:07] Read1: loaded 163M reads 
[14:03:09] Read2: loaded 164M reads 
[14:03:09] Read1: loaded 164M reads 
[14:03:11] Read2: loaded 165M reads 
[14:03:11] Read1: loaded 165M reads 
[14:03:13] Read2: loaded 166M reads 
[14:03:13] Read1: loaded 166M reads 
[14:03:15] Read2: loaded 167M reads 
[14:03:15] Read1: loaded 167M reads 
[14:03:17] Read2: loaded 168M reads 
[14:03:17] Read1: loaded 168M reads 
[14:03:19] Read2: loaded 169M reads 
[14:03:19] Read1: loaded 169M reads 
[14:03:21] Read2: loaded 170M reads 
[14:03:21] Read1: loaded 170M reads 
[14:03:23] Read2: loaded 171M reads 
[14:03:23] Read1: loaded 171M reads 
[14:03:25] Read2: loaded 172M reads 
[14:03:25] Read1: loaded 172M reads 
[14:03:27] Read1: loaded 173M reads 
[14:03:27] Read2: loaded 173M reads 
[14:03:28] Read2: loaded 174M reads 
[14:03:28] Read1: loaded 174M reads 
[14:03:30] Read2: loaded 175M reads 
[14:03:30] Read1: loaded 175M reads 
[14:03:32] Read2: loaded 176M reads 
[14:03:32] Read1: loaded 176M reads 
[14:03:34] Read2: loaded 177M reads 
[14:03:34] Read1: loaded 177M reads 
[14:03:36] Read2: loaded 178M reads 
[14:03:36] Read1: loaded 178M reads 
[14:03:38] Read1: loaded 179M reads 
[14:03:38] Read2: loaded 179M reads 
[14:03:40] Read2: loaded 180M reads 
[14:03:40] Read1: loaded 180M reads 
[14:03:42] Read2: loaded 181M reads 
[14:03:42] Read1: loaded 181M reads 
[14:03:44] Read2: loaded 182M reads 
[14:03:44] Read1: loaded 182M reads 
[14:03:46] Read2: loaded 183M reads 
[14:03:46] Read1: loaded 183M reads 
[14:03:47] Read1: loaded 184M reads 
[14:03:47] Read2: loaded 184M reads 
[14:03:49] Read2: loaded 185M reads 
[14:03:49] Read1: loaded 185M reads 
[14:03:51] Read1: loaded 186M reads 
[14:03:51] Read2: loaded 186M reads 
[14:03:53] Read1: loaded 187M reads 
[14:03:53] Read2: loaded 187M reads 
[14:03:55] Read1: loaded 188M reads 
[14:03:55] Read2: loaded 188M reads 
[14:03:57] Read2: loaded 189M reads 
[14:03:57] Read1: loaded 189M reads 
[14:03:59] Read2: loaded 190M reads 
[14:03:59] Read1: loaded 190M reads 
[14:04:01] Read2: loaded 191M reads 
[14:04:01] Read1: loaded 191M reads 
[14:04:03] Read2: loaded 192M reads 
[14:04:03] Read1: loaded 192M reads 
[14:04:05] Read2: loaded 193M reads 
[14:04:05] Read1: loaded 193M reads 
[14:04:06] Read1: loaded 194M reads 
[14:04:06] Read2: loaded 194M reads 
[14:04:08] Read2: loaded 195M reads 
[14:04:08] Read1: loaded 195M reads 
[14:04:10] Read2: loaded 196M reads 
[14:04:10] Read1: loaded 196M reads 
[14:04:12] Read2: loaded 197M reads 
[14:04:12] Read1: loaded 197M reads 
[14:04:14] Read2: loaded 198M reads 
[14:04:14] Read1: loaded 198M reads 
[14:04:16] Read2: loaded 199M reads 
[14:04:16] Read1: loaded 199M reads 
[14:04:18] Read2: loaded 200M reads 
[14:04:18] Read1: loaded 200M reads 
[14:04:20] Read2: loaded 201M reads 
[14:04:20] Read1: loaded 201M reads 
[14:04:22] Read1: loaded 202M reads 
[14:04:22] Read2: loaded 202M reads 
[14:04:24] Read1: loaded 203M reads 
[14:04:24] Read2: loaded 203M reads 
[14:04:25] Read1: loaded 204M reads 
[14:04:25] Read2: loaded 204M reads 
[14:04:27] Read1: loaded 205M reads 
[14:04:27] Read2: loaded 205M reads 
[14:04:29] Read1: loaded 206M reads 
[14:04:29] Read2: loaded 206M reads 
[14:04:31] Read1: loaded 207M reads 
[14:04:31] Read2: loaded 207M reads 
[14:04:33] Read1: loaded 208M reads 
[14:04:33] Read2: loaded 208M reads 
[14:04:35] Read1: loaded 209M reads 
[14:04:35] Read2: loaded 209M reads 
[14:04:37] Read2: loaded 210M reads 
[14:04:37] Read1: loaded 210M reads 
[14:04:39] Read1: loaded 211M reads 
[14:04:39] Read2: loaded 211M reads 
[14:04:41] Read2: loaded 212M reads 
[14:04:41] Read1: loaded 212M reads 
[14:04:43] Read2: loaded 213M reads 
[14:04:43] Read1: loaded 213M reads 
[14:04:45] Read2: loaded 214M reads 
[14:04:45] Read1: loaded 214M reads 
[14:04:46] Read2: loaded 215M reads 
[14:04:47] Read1: loaded 215M reads 
[14:04:48] Read2: loaded 216M reads 
[14:04:48] Read1: loaded 216M reads 
[14:04:50] Read2: loaded 217M reads 
[14:04:50] Read1: loaded 217M reads 
[14:04:52] Read2: loaded 218M reads 
[14:04:52] Read1: loaded 218M reads 
[14:04:54] Read1: loaded 219M reads 
[14:04:54] Read2: loaded 219M reads 
[14:04:56] Read1: loaded 220M reads 
[14:04:56] Read2: loaded 220M reads 
[14:04:58] Read2: loaded 221M reads 
[14:04:58] Read1: loaded 221M reads 
[14:05:00] Read2: loaded 222M reads 
[14:05:00] Read1: loaded 222M reads 
[14:05:02] Read1: loaded 223M reads 
[14:05:02] Read2: loaded 223M reads 
[14:05:04] Read2: loaded 224M reads 
[14:05:04] Read1: loaded 224M reads 
[14:05:06] Read1: loaded 225M reads 
[14:05:06] Read2: loaded 225M reads 
[14:05:07] Read1: loaded 226M reads 
[14:05:07] Read2: loaded 226M reads 
[14:05:09] Read1: loaded 227M reads 
[14:05:09] Read2: loaded 227M reads 
[14:05:11] Read2: loaded 228M reads 
[14:05:11] Read1: loaded 228M reads 
[14:05:13] Read2: loaded 229M reads 
[14:05:13] Read1: loaded 229M reads 
[14:05:15] Read1: loaded 230M reads 
[14:05:15] Read2: loaded 230M reads 
[14:05:17] Read1: loaded 231M reads 
[14:05:17] Read2: loaded 231M reads 
[14:05:19] Read1: loaded 232M reads 
[14:05:19] Read2: loaded 232M reads 
[14:05:21] Read2: loaded 233M reads 
[14:05:21] Read1: loaded 233M reads 
[14:05:23] Read2: loaded 234M reads 
[14:05:23] Read1: loaded 234M reads 
[14:05:25] Read1: loaded 235M reads 
[14:05:25] Read2: loaded 235M reads 
[14:05:26] Read1: loaded 236M reads 
[14:05:26] Read2: loaded 236M reads 
[14:05:28] Read1: loaded 237M reads 
[14:05:28] Read2: loaded 237M reads 
[14:05:30] Read1: loaded 238M reads 
[14:05:30] Read2: loaded 238M reads 
[14:05:32] Read1: loaded 239M reads 
[14:05:32] Read2: loaded 239M reads 
[14:05:34] Read1: loaded 240M reads 
[14:05:34] Read2: loaded 240M reads 
[14:05:36] Read1: loaded 241M reads 
[14:05:36] Read2: loaded 241M reads 
[14:05:38] Read1: loaded 242M reads 
[14:05:38] Read2: loaded 242M reads 
[14:05:40] Read1: loaded 243M reads 
[14:05:40] Read2: loaded 243M reads 
[14:05:42] Read1: loaded 244M reads 
[14:05:42] Read2: loaded 244M reads 
[14:05:44] Read1: loaded 245M reads 
[14:05:44] Read2: loaded 245M reads 
[14:05:46] Read1: loaded 246M reads 
[14:05:46] Read2: loaded 246M reads 
[14:05:47] Read1: loaded 247M reads 
[14:05:47] Read2: loaded 247M reads 
[14:05:49] Read1: loaded 248M reads 
[14:05:49] Read2: loaded 248M reads 
[14:05:51] Read2: loaded 249M reads 
[14:05:51] Read1: loaded 249M reads 
[14:05:53] Read2: loaded 250M reads 
[14:05:53] Read1: loaded 250M reads 
[14:05:55] Read2: loaded 251M reads 
[14:05:55] Read1: loaded 251M reads 
[14:05:57] Read2: loaded 252M reads 
[14:05:57] Read1: loaded 252M reads 
[14:05:59] Read2: loaded 253M reads 
[14:05:59] Read1: loaded 253M reads 
[14:06:01] Read2: loaded 254M reads 
[14:06:01] Read1: loaded 254M reads 
[14:06:03] Read2: loaded 255M reads 
[14:06:03] Read1: loaded 255M reads 
[14:06:05] Read2: loaded 256M reads 
[14:06:05] Read1: loaded 256M reads 
[14:06:06] Read1: loaded 257M reads 
[14:06:06] Read2: loaded 257M reads 
[14:06:08] Read2: loaded 258M reads 
[14:06:08] Read1: loaded 258M reads 
[14:06:10] Read2: loaded 259M reads 
[14:06:10] Read1: loaded 259M reads 
[14:06:12] Read2: loaded 260M reads 
[14:06:12] Read1: loaded 260M reads 
[14:06:14] Read1: loaded 261M reads 
[14:06:14] Read2: loaded 261M reads 
[14:06:16] Read2: loaded 262M reads 
[14:06:16] Read1: loaded 262M reads 
[14:06:18] Read2: loaded 263M reads 
[14:06:18] Read1: loaded 263M reads 
[14:06:20] Read1: loaded 264M reads 
[14:06:20] Read2: loaded 264M reads 
[14:06:22] Read1: loaded 265M reads 
[14:06:22] Read2: loaded 265M reads 
[14:06:24] Read1: loaded 266M reads 
[14:06:24] Read2: loaded 266M reads 
[14:06:26] Read1: loaded 267M reads 
[14:06:26] Read2: loaded 267M reads 
[14:06:27] Read1: loaded 268M reads 
[14:06:27] Read2: loaded 268M reads 
[14:06:29] Read1: loaded 269M reads 
[14:06:29] Read2: loaded 269M reads 
[14:06:31] Read1: loaded 270M reads 
[14:06:31] Read2: loaded 270M reads 
[14:06:33] Read1: loaded 271M reads 
[14:06:33] Read2: loaded 271M reads 
[14:06:35] Read1: loaded 272M reads 
[14:06:35] Read2: loaded 272M reads 
[14:06:37] Read2: loaded 273M reads 
[14:06:37] Read1: loaded 273M reads 
[14:06:39] Read1: loaded 274M reads 
[14:06:39] Read2: loaded 274M reads 
[14:06:41] Read1: loaded 275M reads 
[14:06:41] Read2: loaded 275M reads 
[14:06:43] Read2: loaded 276M reads 
[14:06:43] Read1: loaded 276M reads 
[14:06:45] Read2: loaded 277M reads 
[14:06:45] Read1: loaded 277M reads 
[14:06:47] Read1: loaded 278M reads 
[14:06:47] Read2: loaded 278M reads 
[14:06:48] Read1: loaded 279M reads 
[14:06:48] Read2: loaded 279M reads 
[14:06:50] Read1: loaded 280M reads 
[14:06:50] Read2: loaded 280M reads 
[14:06:52] Read1: loaded 281M reads 
[14:06:52] Read2: loaded 281M reads 
[14:06:54] Read1: loaded 282M reads 
[14:06:54] Read2: loaded 282M reads 
[14:06:56] Read1: loaded 283M reads 
[14:06:56] Read2: loaded 283M reads 
[14:06:58] Read1: loaded 284M reads 
[14:06:58] Read2: loaded 284M reads 
[14:07:00] Read1: loaded 285M reads 
[14:07:00] Read2: loaded 285M reads 
[14:07:02] Read1: loaded 286M reads 
[14:07:02] Read2: loaded 286M reads 
[14:07:04] Read1: loaded 287M reads 
[14:07:04] Read2: loaded 287M reads 
[14:07:06] Read1: loaded 288M reads 
[14:07:06] Read2: loaded 288M reads 
[14:07:08] Read1: loaded 289M reads 
[14:07:08] Read2: loaded 289M reads 
[14:07:09] Read1: loaded 290M reads 
[14:07:09] Read2: loaded 290M reads 
[14:07:11] Read1: loaded 291M reads 
[14:07:11] Read2: loaded 291M reads 
[14:07:13] Read2: loaded 292M reads 
[14:07:13] Read1: loaded 292M reads 
[14:07:15] Read1: loaded 293M reads 
[14:07:15] Read2: loaded 293M reads 
[14:07:17] Read1: loaded 294M reads 
[14:07:17] Read2: loaded 294M reads 
[14:07:19] Read1: loaded 295M reads 
[14:07:19] Read2: loaded 295M reads 
[14:07:21] Read1: loaded 296M reads 
[14:07:21] Read2: loaded 296M reads 
[14:07:23] Read1: loaded 297M reads 
[14:07:23] Read2: loaded 297M reads 
[14:07:25] Read2: loaded 298M reads 
[14:07:25] Read1: loaded 298M reads 
[14:07:27] Read1: loaded 299M reads 
[14:07:27] Read2: loaded 299M reads 
[14:07:29] Read1: loaded 300M reads 
[14:07:29] Read2: loaded 300M reads 
[14:07:30] Read1: loaded 301M reads 
[14:07:30] Read2: loaded 301M reads 
[14:07:32] Read1: loaded 302M reads 
[14:07:32] Read2: loaded 302M reads 
[14:07:34] Read2: loaded 303M reads 
[14:07:34] Read1: loaded 303M reads 
[14:07:36] Read1: loaded 304M reads 
[14:07:36] Read2: loaded 304M reads 
[14:07:38] Read2: loaded 305M reads 
[14:07:38] Read1: loaded 305M reads 
[14:07:40] Read2: loaded 306M reads 
[14:07:40] Read1: loaded 306M reads 
[14:07:42] Read1: loaded 307M reads 
[14:07:42] Read2: loaded 307M reads 
[14:07:44] Read1: loaded 308M reads 
[14:07:44] Read2: loaded 308M reads 
[14:07:46] Read2: loaded 309M reads 
[14:07:46] Read1: loaded 309M reads 
[14:07:48] Read2: loaded 310M reads 
[14:07:48] Read1: loaded 310M reads 
[14:07:50] Read2: loaded 311M reads 
[14:07:50] Read1: loaded 311M reads 
[14:07:51] Read2: loaded 312M reads 
[14:07:51] Read1: loaded 312M reads 
[14:07:53] Read1: loaded 313M reads 
[14:07:53] Read2: loaded 313M reads 
[14:07:55] Read1: loaded 314M reads 
[14:07:55] Read2: loaded 314M reads 
[14:07:57] Read1: loaded 315M reads 
[14:07:57] Read2: loaded 315M reads 
[14:07:59] Read1: loaded 316M reads 
[14:07:59] Read2: loaded 316M reads 
[14:08:01] Read2: loaded 317M reads 
[14:08:01] Read1: loaded 317M reads 
[14:08:03] Read2: loaded 318M reads 
[14:08:03] Read1: loaded 318M reads 
[14:08:05] Read2: loaded 319M reads 
[14:08:05] Read1: loaded 319M reads 
[14:08:07] Read1: loaded 320M reads 
[14:08:07] Read2: loaded 320M reads 
[14:08:09] Read1: loaded 321M reads 
[14:08:09] Read2: loaded 321M reads 
[14:08:11] Read2: loaded 322M reads 
[14:08:11] Read1: loaded 322M reads 
[14:08:13] Read2: loaded 323M reads 
[14:08:13] Read1: loaded 323M reads 
[14:08:14] Read1: loaded 324M reads 
[14:08:14] Read2: loaded 324M reads 
[14:08:16] Read1: loaded 325M reads 
[14:08:16] Read2: loaded 325M reads 
[14:08:18] Read1: loaded 326M reads 
[14:08:18] Read2: loaded 326M reads 
[14:08:20] Read2: loaded 327M reads 
[14:08:20] Read1: loaded 327M reads 
[14:08:22] Read2: loaded 328M reads 
[14:08:22] Read1: loaded 328M reads 
[14:08:24] Read1: loaded 329M reads 
[14:08:24] Read2: loaded 329M reads 
[14:08:26] Read2: loaded 330M reads 
[14:08:26] Read1: loaded 330M reads 
[14:08:28] Read1: loaded 331M reads 
[14:08:28] Read2: loaded 331M reads 
[14:08:30] Read2: loaded 332M reads 
[14:08:30] Read1: loaded 332M reads 
[14:08:32] Read2: loaded 333M reads 
[14:08:32] Read1: loaded 333M reads 
[14:08:34] Read1: loaded 334M reads 
[14:08:34] Read2: loaded 334M reads 
[14:08:35] Read1: loaded 335M reads 
[14:08:35] Read2: loaded 335M reads 
[14:08:37] Read1: loaded 336M reads 
[14:08:37] Read2: loaded 336M reads 
[14:08:39] Read1: loaded 337M reads 
[14:08:39] Read2: loaded 337M reads 
[14:08:41] Read2: loaded 338M reads 
[14:08:41] Read1: loaded 338M reads 
[14:08:43] Read2: loaded 339M reads 
[14:08:43] Read1: loaded 339M reads 
[14:08:45] Read2: loaded 340M reads 
[14:08:45] Read1: loaded 340M reads 
[14:08:47] Read2: loaded 341M reads 
[14:08:47] Read1: loaded 341M reads 
[14:08:49] Read2: loaded 342M reads 
[14:08:49] Read1: loaded 342M reads 
[14:08:51] Read2: loaded 343M reads 
[14:08:51] Read1: loaded 343M reads 
[14:08:53] Read2: loaded 344M reads 
[14:08:53] Read1: loaded 344M reads 
[14:08:55] Read2: loaded 345M reads 
[14:08:55] Read1: loaded 345M reads 
[14:08:56] Read1: loaded 346M reads 
[14:08:56] Read2: loaded 346M reads 
[14:08:58] Read1: loaded 347M reads 
[14:08:58] Read2: loaded 347M reads 
[14:09:00] Read1: loaded 348M reads 
[14:09:00] Read2: loaded 348M reads 
[14:09:02] Read2: loaded 349M reads 
[14:09:02] Read1: loaded 349M reads 
[14:09:04] Read2: loaded 350M reads 
[14:09:04] Read1: loaded 350M reads 
[14:09:06] Read2: loaded 351M reads 
[14:09:06] Read1: loaded 351M reads 
[14:09:08] Read1: loaded 352M reads 
[14:09:08] Read2: loaded 352M reads 
[14:09:10] Read1: loaded 353M reads 
[14:09:10] Read2: loaded 353M reads 
[14:09:12] Read1: loaded 354M reads 
[14:09:12] Read2: loaded 354M reads 
[14:09:14] Read2: loaded 355M reads 
[14:09:14] Read1: loaded 355M reads 
[14:09:16] Read2: loaded 356M reads 
[14:09:16] Read1: loaded 356M reads 
[14:09:18] Read2: loaded 357M reads 
[14:09:18] Read1: loaded 357M reads 
[14:09:19] Read1: loaded 358M reads 
[14:09:19] Read2: loaded 358M reads 
[14:09:21] Read1: loaded 359M reads 
[14:09:21] Read2: loaded 359M reads 
[14:09:23] Read1: loaded 360M reads 
[14:09:23] Read2: loaded 360M reads 
[14:09:25] Read2: loaded 361M reads 
[14:09:25] Read1: loaded 361M reads 
[14:09:26] Read2: loading completed with 361282 packs 
[14:09:26] Read1: loading completed with 361282 packs 
[14:09:26] thread 3 data processing completed 
[14:09:26] thread 3 finished 
[14:09:26] thread 4 data processing completed 
[14:09:26] thread 4 finished 
[14:09:26] thread 5 data processing completed 
[14:09:26] thread 5 finished 
[14:09:26] thread 6 data processing completed 
[14:09:26] thread 6 finished 
[14:09:26] thread 7 data processing completed 
[14:09:26] thread 7 finished 
[14:09:26] thread 8 data processing completed 
[14:09:26] thread 8 finished 
[14:09:26] thread 1 data processing completed 
[14:09:26] thread 1 finished 
[14:09:26] thread 2 data processing completed 
[14:09:26] thread 2 finished 
[14:09:26] start to generate reports
 
Read1 before filtering:
total reads: 361281611
total bases: 54192241650
Q20 bases: 54123398100(99.873%)
Q30 bases: 54123398100(99.873%)
Q40 bases: 0(0%)

Read2 before filtering:
total reads: 361281611
total bases: 54192241650
Q20 bases: 53855170050(99.378%)
Q30 bases: 53855170050(99.378%)
Q40 bases: 0(0%)

Read1 after filtering:
total reads: 358607374
total bases: 53574361382
Q20 bases: 53574361382(100%)
Q30 bases: 53574361382(100%)
Q40 bases: 0(0%)

Read2 after filtering:
total reads: 358607374
total bases: 53574361382
Q20 bases: 53574361382(100%)
Q30 bases: 53574361382(100%)
Q40 bases: 0(0%)

Filtering result:
reads passed filter: 717214748
reads failed due to low quality: 5328396
reads failed due to too many N: 20078
reads failed due to too short: 0
reads failed due to adapter dimer: 0
reads with adapter trimmed: 9627740
bases trimmed due to adapters: 442711160

Duplication rate: 5.60214%

Insert size peak (evaluated by paired-end reads): 269

JSON report: /dev/shm/fastp_bench_b4MmkK.json
HTML report: /dev/null

/home/mpiuser/bioauto_rev/fastp_d0bromir/../fastp_opengene/fastp -w 8 -j /dev/shm/fastp_bench_b4MmkK.json -h /dev/null --verbose -i /home/mpiuser/FASTQ/WGS/DRR216653_1.fastq.gz -I /home/mpiuser/FASTQ/WGS/DRR216653_2.fastq.gz -o /dev/shm/fastp_bench_uNGYPj_R1.fq.gz -O /dev/shm/fastp_bench_4dHIfZ_R2.fq.gz 
fastp v1.3.3, time used: 691 seconds
================================================================

================================================================
 Application  : d0bromir_cpu (/home/mpiuser/bioauto_rev/fastp_d0bromir/fastp-cpu)
 Dataset      : WGS PE 40G (DRR216653 R1+R2)
 Files        : R1=/home/mpiuser/FASTQ/WGS/DRR216653_1.fastq.gz
               R2=/home/mpiuser/FASTQ/WGS/DRR216653_2.fastq.gz
 Type         : PE
 Threads      : 8
 Wall time    : 532.806 s
 reads_in     : 722563222
 reads_out    : 717214748
 vs_opengene  : -22.9%
--- Resource usage ---
 CPU avg/peak : 1580.9% / 2076.5%
 RSS peak     : 2263 MiB
 GPU util a/p : 0.0% / 0.0%
 GPU mem peak : 0 MiB
 Sample CSV   : /home/mpiuser/bioauto_rev/fastp_d0bromir/benchmark_results/20261003_135755/resources/resource_WGS_PE_40G_d0bromir_cpu_T8_1791037832.csv
--- Profiling output ---
[14:30:32] fastp 1.3.3-d0bromir starting 
[14:30:33] [fastp 1.3.3-d0bromir] Stage: loading 
[14:30:33] start to load data of read1 
[14:30:33] start to load data of read2 
[14:30:34] Read2: loaded 1M reads 
[14:30:34] Read1: loaded 1M reads 
[14:30:35] Read1: loaded 2M reads 
[14:30:35] Read2: loaded 2M reads 
[14:30:36] Read2: loaded 3M reads 
[14:30:36] Read1: loaded 3M reads 
[14:30:38] Read2: loaded 4M reads 
[14:30:38] Read1: loaded 4M reads 
[14:30:39] Read2: loaded 5M reads 
[14:30:39] Read1: loaded 5M reads 
[14:30:41] Read1: loaded 6M reads 
[14:30:41] Read2: loaded 6M reads 
[14:30:42] Read2: loaded 7M reads 
[14:30:42] Read1: loaded 7M reads 
[14:30:44] Read2: loaded 8M reads 
[14:30:44] Read1: loaded 8M reads 
[14:30:45] Read1: loaded 9M reads 
[14:30:45] Read2: loaded 9M reads 
[14:30:47] Read2: loaded 10M reads 
[14:30:47] Read1: loaded 10M reads 
[14:30:48] Read2: loaded 11M reads 
[14:30:48] Read1: loaded 11M reads 
[14:30:50] Read2: loaded 12M reads 
[14:30:50] Read1: loaded 12M reads 
[14:30:51] Read1: loaded 13M reads 
[14:30:51] Read2: loaded 13M reads 
[14:30:53] Read2: loaded 14M reads 
[14:30:53] Read1: loaded 14M reads 
[14:30:54] Read2: loaded 15M reads 
[14:30:54] Read1: loaded 15M reads 
[14:30:56] Read1: loaded 16M reads 
[14:30:56] Read2: loaded 16M reads 
[14:30:57] Read1: loaded 17M reads 
[14:30:57] Read2: loaded 17M reads 
[14:30:59] Read1: loaded 18M reads 
[14:30:59] Read2: loaded 18M reads 
[14:31:00] Read2: loaded 19M reads 
[14:31:00] Read1: loaded 19M reads 
[14:31:02] Read1: loaded 20M reads 
[14:31:02] Read2: loaded 20M reads 
[14:31:03] Read1: loaded 21M reads 
[14:31:03] Read2: loaded 21M reads 
[14:31:05] Read2: loaded 22M reads 
[14:31:05] Read1: loaded 22M reads 
[14:31:06] Read1: loaded 23M reads 
[14:31:06] Read2: loaded 23M reads 
[14:31:08] Read2: loaded 24M reads 
[14:31:08] Read1: loaded 24M reads 
[14:31:09] Read1: loaded 25M reads 
[14:31:09] Read2: loaded 25M reads 
[14:31:11] Read2: loaded 26M reads 
[14:31:11] Read1: loaded 26M reads 
[14:31:12] Read1: loaded 27M reads 
[14:31:12] Read2: loaded 27M reads 
[14:31:14] Read2: loaded 28M reads 
[14:31:14] Read1: loaded 28M reads 
[14:31:15] Read1: loaded 29M reads 
[14:31:15] Read2: loaded 29M reads 
[14:31:16] Read1: loaded 30M reads 
[14:31:16] Read2: loaded 30M reads 
[14:31:18] Read2: loaded 31M reads 
[14:31:18] Read1: loaded 31M reads 
[14:31:19] Read2: loaded 32M reads 
[14:31:19] Read1: loaded 32M reads 
[14:31:21] Read1: loaded 33M reads 
[14:31:21] Read2: loaded 33M reads 
[14:31:22] Read2: loaded 34M reads 
[14:31:22] Read1: loaded 34M reads 
[14:31:24] Read1: loaded 35M reads 
[14:31:24] Read2: loaded 35M reads 
[14:31:25] Read1: loaded 36M reads 
[14:31:25] Read2: loaded 36M reads 
[14:31:27] Read1: loaded 37M reads 
[14:31:27] Read2: loaded 37M reads 
[14:31:28] Read1: loaded 38M reads 
[14:31:28] Read2: loaded 38M reads 
[14:31:30] Read2: loaded 39M reads 
[14:31:30] Read1: loaded 39M reads 
[14:31:31] Read1: loaded 40M reads 
[14:31:31] Read2: loaded 40M reads 
[14:31:33] Read1: loaded 41M reads 
[14:31:33] Read2: loaded 41M reads 
[14:31:34] Read2: loaded 42M reads 
[14:31:34] Read1: loaded 42M reads 
[14:31:36] Read1: loaded 43M reads 
[14:31:36] Read2: loaded 43M reads 
[14:31:37] Read1: loaded 44M reads 
[14:31:37] Read2: loaded 44M reads 
[14:31:39] Read1: loaded 45M reads 
[14:31:39] Read2: loaded 45M reads 
[14:31:40] Read2: loaded 46M reads 
[14:31:40] Read1: loaded 46M reads 
[14:31:42] Read2: loaded 47M reads 
[14:31:42] Read1: loaded 47M reads 
[14:31:43] Read2: loaded 48M reads 
[14:31:43] Read1: loaded 48M reads 
[14:31:45] Read1: loaded 49M reads 
[14:31:45] Read2: loaded 49M reads 
[14:31:46] Read2: loaded 50M reads 
[14:31:46] Read1: loaded 50M reads 
[14:31:48] Read2: loaded 51M reads 
[14:31:48] Read1: loaded 51M reads 
[14:31:49] Read1: loaded 52M reads 
[14:31:49] Read2: loaded 52M reads 
[14:31:50] Read2: loaded 53M reads 
[14:31:50] Read1: loaded 53M reads 
[14:31:52] Read2: loaded 54M reads 
[14:31:52] Read1: loaded 54M reads 
[14:31:53] Read1: loaded 55M reads 
[14:31:53] Read2: loaded 55M reads 
[14:31:55] Read2: loaded 56M reads 
[14:31:55] Read1: loaded 56M reads 
[14:31:56] Read1: loaded 57M reads 
[14:31:56] Read2: loaded 57M reads 
[14:31:58] Read2: loaded 58M reads 
[14:31:58] Read1: loaded 58M reads 
[14:31:59] Read1: loaded 59M reads 
[14:31:59] Read2: loaded 59M reads 
[14:32:01] Read2: loaded 60M reads 
[14:32:01] Read1: loaded 60M reads 
[14:32:02] Read2: loaded 61M reads 
[14:32:02] Read1: loaded 61M reads 
[14:32:04] Read2: loaded 62M reads 
[14:32:04] Read1: loaded 62M reads 
[14:32:05] Read2: loaded 63M reads 
[14:32:05] Read1: loaded 63M reads 
[14:32:07] Read2: loaded 64M reads 
[14:32:07] Read1: loaded 64M reads 
[14:32:08] Read1: loaded 65M reads 
[14:32:08] Read2: loaded 65M reads 
[14:32:10] Read2: loaded 66M reads 
[14:32:10] Read1: loaded 66M reads 
[14:32:11] Read2: loaded 67M reads 
[14:32:11] Read1: loaded 67M reads 
[14:32:13] Read1: loaded 68M reads 
[14:32:13] Read2: loaded 68M reads 
[14:32:14] Read1: loaded 69M reads 
[14:32:14] Read2: loaded 69M reads 
[14:32:16] Read2: loaded 70M reads 
[14:32:16] Read1: loaded 70M reads 
[14:32:17] Read1: loaded 71M reads 
[14:32:17] Read2: loaded 71M reads 
[14:32:19] Read1: loaded 72M reads 
[14:32:19] Read2: loaded 72M reads 
[14:32:20] Read2: loaded 73M reads 
[14:32:20] Read1: loaded 73M reads 
[14:32:22] Read2: loaded 74M reads 
[14:32:22] Read1: loaded 74M reads 
[14:32:23] Read2: loaded 75M reads 
[14:32:23] Read1: loaded 75M reads 
[14:32:25] Read2: loaded 76M reads 
[14:32:25] Read1: loaded 76M reads 
[14:32:26] Read1: loaded 77M reads 
[14:32:26] Read2: loaded 77M reads 
[14:32:27] Read1: loaded 78M reads 
[14:32:27] Read2: loaded 78M reads 
[14:32:29] Read1: loaded 79M reads 
[14:32:29] Read2: loaded 79M reads 
[14:32:30] Read1: loaded 80M reads 
[14:32:30] Read2: loaded 80M reads 
[14:32:32] Read1: loaded 81M reads 
[14:32:32] Read2: loaded 81M reads 
[14:32:33] Read1: loaded 82M reads 
[14:32:33] Read2: loaded 82M reads 
[14:32:35] Read2: loaded 83M reads 
[14:32:35] Read1: loaded 83M reads 
[14:32:36] Read1: loaded 84M reads 
[14:32:36] Read2: loaded 84M reads 
[14:32:38] Read2: loaded 85M reads 
[14:32:38] Read1: loaded 85M reads 
[14:32:39] Read2: loaded 86M reads 
[14:32:39] Read1: loaded 86M reads 
[14:32:41] Read2: loaded 87M reads 
[14:32:41] Read1: loaded 87M reads 
[14:32:42] Read2: loaded 88M reads 
[14:32:42] Read1: loaded 88M reads 
[14:32:44] Read1: loaded 89M reads 
[14:32:44] Read2: loaded 89M reads 
[14:32:45] Read1: loaded 90M reads 
[14:32:45] Read2: loaded 90M reads 
[14:32:47] Read2: loaded 91M reads 
[14:32:47] Read1: loaded 91M reads 
[14:32:48] Read1: loaded 92M reads 
[14:32:48] Read2: loaded 92M reads 
[14:32:50] Read1: loaded 93M reads 
[14:32:50] Read2: loaded 93M reads 
[14:32:51] Read2: loaded 94M reads 
[14:32:51] Read1: loaded 94M reads 
[14:32:53] Read2: loaded 95M reads 
[14:32:53] Read1: loaded 95M reads 
[14:32:54] Read2: loaded 96M reads 
[14:32:54] Read1: loaded 96M reads 
[14:32:56] Read2: loaded 97M reads 
[14:32:56] Read1: loaded 97M reads 
[14:32:57] Read2: loaded 98M reads 
[14:32:57] Read1: loaded 98M reads 
[14:32:59] Read2: loaded 99M reads 
[14:32:59] Read1: loaded 99M reads 
[14:33:00] Read1: loaded 100M reads 
[14:33:00] Read2: loaded 100M reads 
[14:33:02] Read1: loaded 101M reads 
[14:33:02] Read2: loaded 101M reads 
[14:33:03] Read2: loaded 102M reads 
[14:33:03] Read1: loaded 102M reads 
[14:33:04] Read1: loaded 103M reads 
[14:33:04] Read2: loaded 103M reads 
[14:33:06] Read1: loaded 104M reads 
[14:33:06] Read2: loaded 104M reads 
[14:33:07] Read2: loaded 105M reads 
[14:33:07] Read1: loaded 105M reads 
[14:33:09] Read1: loaded 106M reads 
[14:33:09] Read2: loaded 106M reads 
[14:33:10] Read1: loaded 107M reads 
[14:33:10] Read2: loaded 107M reads 
[14:33:12] Read1: loaded 108M reads 
[14:33:12] Read2: loaded 108M reads 
[14:33:13] Read1: loaded 109M reads 
[14:33:13] Read2: loaded 109M reads 
[14:33:15] Read1: loaded 110M reads 
[14:33:15] Read2: loaded 110M reads 
[14:33:16] Read2: loaded 111M reads 
[14:33:16] Read1: loaded 111M reads 
[14:33:18] Read2: loaded 112M reads 
[14:33:18] Read1: loaded 112M reads 
[14:33:19] Read2: loaded 113M reads 
[14:33:19] Read1: loaded 113M reads 
[14:33:21] Read1: loaded 114M reads 
[14:33:21] Read2: loaded 114M reads 
[14:33:22] Read1: loaded 115M reads 
[14:33:22] Read2: loaded 115M reads 
[14:33:24] Read2: loaded 116M reads 
[14:33:24] Read1: loaded 116M reads 
[14:33:25] Read1: loaded 117M reads 
[14:33:25] Read2: loaded 117M reads 
[14:33:27] Read1: loaded 118M reads 
[14:33:27] Read2: loaded 118M reads 
[14:33:28] Read1: loaded 119M reads 
[14:33:28] Read2: loaded 119M reads 
[14:33:30] Read2: loaded 120M reads 
[14:33:30] Read1: loaded 120M reads 
[14:33:31] Read2: loaded 121M reads 
[14:33:31] Read1: loaded 121M reads 
[14:33:33] Read1: loaded 122M reads 
[14:33:33] Read2: loaded 122M reads 
[14:33:34] Read1: loaded 123M reads 
[14:33:34] Read2: loaded 123M reads 
[14:33:36] Read2: loaded 124M reads 
[14:33:36] Read1: loaded 124M reads 
[14:33:37] Read1: loaded 125M reads 
[14:33:37] Read2: loaded 125M reads 
[14:33:39] Read2: loaded 126M reads 
[14:33:39] Read1: loaded 126M reads 
[14:33:40] Read1: loaded 127M reads 
[14:33:40] Read2: loaded 127M reads 
[14:33:41] Read1: loaded 128M reads 
[14:33:41] Read2: loaded 128M reads 
[14:33:43] Read2: loaded 129M reads 
[14:33:43] Read1: loaded 129M reads 
[14:33:44] Read1: loaded 130M reads 
[14:33:44] Read2: loaded 130M reads 
[14:33:46] Read1: loaded 131M reads 
[14:33:46] Read2: loaded 131M reads 
[14:33:47] Read2: loaded 132M reads 
[14:33:47] Read1: loaded 132M reads 
[14:33:49] Read2: loaded 133M reads 
[14:33:49] Read1: loaded 133M reads 
[14:33:50] Read1: loaded 134M reads 
[14:33:50] Read2: loaded 134M reads 
[14:33:52] Read1: loaded 135M reads 
[14:33:52] Read2: loaded 135M reads 
[14:33:53] Read1: loaded 136M reads 
[14:33:53] Read2: loaded 136M reads 
[14:33:54] Read2: loaded 137M reads 
[14:33:54] Read1: loaded 137M reads 
[14:33:56] Read1: loaded 138M reads 
[14:33:56] Read2: loaded 138M reads 
[14:33:57] Read1: loaded 139M reads 
[14:33:57] Read2: loaded 139M reads 
[14:33:59] Read1: loaded 140M reads 
[14:33:59] Read2: loaded 140M reads 
[14:34:00] Read2: loaded 141M reads 
[14:34:00] Read1: loaded 141M reads 
[14:34:02] Read1: loaded 142M reads 
[14:34:02] Read2: loaded 142M reads 
[14:34:03] Read2: loaded 143M reads 
[14:34:03] Read1: loaded 143M reads 
[14:34:05] Read1: loaded 144M reads 
[14:34:05] Read2: loaded 144M reads 
[14:34:06] Read1: loaded 145M reads 
[14:34:06] Read2: loaded 145M reads 
[14:34:08] Read1: loaded 146M reads 
[14:34:08] Read2: loaded 146M reads 
[14:34:09] Read2: loaded 147M reads 
[14:34:09] Read1: loaded 147M reads 
[14:34:11] Read2: loaded 148M reads 
[14:34:11] Read1: loaded 148M reads 
[14:34:12] Read2: loaded 149M reads 
[14:34:12] Read1: loaded 149M reads 
[14:34:13] Read2: loaded 150M reads 
[14:34:13] Read1: loaded 150M reads 
[14:34:15] Read1: loaded 151M reads 
[14:34:15] Read2: loaded 151M reads 
[14:34:16] Read2: loaded 152M reads 
[14:34:16] Read1: loaded 152M reads 
[14:34:18] Read1: loaded 153M reads 
[14:34:18] Read2: loaded 153M reads 
[14:34:19] Read1: loaded 154M reads 
[14:34:19] Read2: loaded 154M reads 
[14:34:21] Read2: loaded 155M reads 
[14:34:21] Read1: loaded 155M reads 
[14:34:22] Read2: loaded 156M reads 
[14:34:22] Read1: loaded 156M reads 
[14:34:24] Read2: loaded 157M reads 
[14:34:24] Read1: loaded 157M reads 
[14:34:25] Read1: loaded 158M reads 
[14:34:25] Read2: loaded 158M reads 
[14:34:27] Read2: loaded 159M reads 
[14:34:27] Read1: loaded 159M reads 
[14:34:28] Read2: loaded 160M reads 
[14:34:28] Read1: loaded 160M reads 
[14:34:30] Read1: loaded 161M reads 
[14:34:30] Read2: loaded 161M reads 
[14:34:31] Read1: loaded 162M reads 
[14:34:31] Read2: loaded 162M reads 
[14:34:32] Read1: loaded 163M reads 
[14:34:32] Read2: loaded 163M reads 
[14:34:34] Read2: loaded 164M reads 
[14:34:34] Read1: loaded 164M reads 
[14:34:35] Read1: loaded 165M reads 
[14:34:35] Read2: loaded 165M reads 
[14:34:37] Read2: loaded 166M reads 
[14:34:37] Read1: loaded 166M reads 
[14:34:38] Read2: loaded 167M reads 
[14:34:38] Read1: loaded 167M reads 
[14:34:40] Read2: loaded 168M reads 
[14:34:40] Read1: loaded 168M reads 
[14:34:41] Read1: loaded 169M reads 
[14:34:41] Read2: loaded 169M reads 
[14:34:43] Read2: loaded 170M reads 
[14:34:43] Read1: loaded 170M reads 
[14:34:44] Read1: loaded 171M reads 
[14:34:44] Read2: loaded 171M reads 
[14:34:46] Read2: loaded 172M reads 
[14:34:46] Read1: loaded 172M reads 
[14:34:47] Read1: loaded 173M reads 
[14:34:47] Read2: loaded 173M reads 
[14:34:48] Read2: loaded 174M reads 
[14:34:48] Read1: loaded 174M reads 
[14:34:50] Read2: loaded 175M reads 
[14:34:50] Read1: loaded 175M reads 
[14:34:51] Read2: loaded 176M reads 
[14:34:51] Read1: loaded 176M reads 
[14:34:53] Read1: loaded 177M reads 
[14:34:53] Read2: loaded 177M reads 
[14:34:54] Read2: loaded 178M reads 
[14:34:54] Read1: loaded 178M reads 
[14:34:56] Read1: loaded 179M reads 
[14:34:56] Read2: loaded 179M reads 
[14:34:57] Read1: loaded 180M reads 
[14:34:57] Read2: loaded 180M reads 
[14:34:59] Read2: loaded 181M reads 
[14:34:59] Read1: loaded 181M reads 
[14:35:00] Read2: loaded 182M reads 
[14:35:00] Read1: loaded 182M reads 
[14:35:02] Read1: loaded 183M reads 
[14:35:02] Read2: loaded 183M reads 
[14:35:03] Read1: loaded 184M reads 
[14:35:03] Read2: loaded 184M reads 
[14:35:05] Read1: loaded 185M reads 
[14:35:05] Read2: loaded 185M reads 
[14:35:06] Read1: loaded 186M reads 
[14:35:06] Read2: loaded 186M reads 
[14:35:07] Read1: loaded 187M reads 
[14:35:07] Read2: loaded 187M reads 
[14:35:09] Read2: loaded 188M reads 
[14:35:09] Read1: loaded 188M reads 
[14:35:10] Read2: loaded 189M reads 
[14:35:10] Read1: loaded 189M reads 
[14:35:12] Read2: loaded 190M reads 
[14:35:12] Read1: loaded 190M reads 
[14:35:13] Read2: loaded 191M reads 
[14:35:13] Read1: loaded 191M reads 
[14:35:15] Read1: loaded 192M reads 
[14:35:15] Read2: loaded 192M reads 
[14:35:16] Read2: loaded 193M reads 
[14:35:16] Read1: loaded 193M reads 
[14:35:18] Read1: loaded 194M reads 
[14:35:18] Read2: loaded 194M reads 
[14:35:19] Read2: loaded 195M reads 
[14:35:19] Read1: loaded 195M reads 
[14:35:21] Read2: loaded 196M reads 
[14:35:21] Read1: loaded 196M reads 
[14:35:22] Read2: loaded 197M reads 
[14:35:22] Read1: loaded 197M reads 
[14:35:24] Read1: loaded 198M reads 
[14:35:24] Read2: loaded 198M reads 
[14:35:25] Read2: loaded 199M reads 
[14:35:25] Read1: loaded 199M reads 
[14:35:26] Read2: loaded 200M reads 
[14:35:26] Read1: loaded 200M reads 
[14:35:28] Read2: loaded 201M reads 
[14:35:28] Read1: loaded 201M reads 
[14:35:29] Read1: loaded 202M reads 
[14:35:29] Read2: loaded 202M reads 
[14:35:31] Read2: loaded 203M reads 
[14:35:31] Read1: loaded 203M reads 
[14:35:32] Read2: loaded 204M reads 
[14:35:32] Read1: loaded 204M reads 
[14:35:34] Read1: loaded 205M reads 
[14:35:34] Read2: loaded 205M reads 
[14:35:35] Read1: loaded 206M reads 
[14:35:35] Read2: loaded 206M reads 
[14:35:37] Read1: loaded 207M reads 
[14:35:37] Read2: loaded 207M reads 
[14:35:38] Read2: loaded 208M reads 
[14:35:38] Read1: loaded 208M reads 
[14:35:40] Read2: loaded 209M reads 
[14:35:40] Read1: loaded 209M reads 
[14:35:41] Read2: loaded 210M reads 
[14:35:41] Read1: loaded 210M reads 
[14:35:43] Read1: loaded 211M reads 
[14:35:43] Read2: loaded 211M reads 
[14:35:44] Read2: loaded 212M reads 
[14:35:44] Read1: loaded 212M reads 
[14:35:45] Read2: loaded 213M reads 
[14:35:45] Read1: loaded 213M reads 
[14:35:47] Read2: loaded 214M reads 
[14:35:47] Read1: loaded 214M reads 
[14:35:48] Read2: loaded 215M reads 
[14:35:48] Read1: loaded 215M reads 
[14:35:50] Read2: loaded 216M reads 
[14:35:50] Read1: loaded 216M reads 
[14:35:51] Read2: loaded 217M reads 
[14:35:51] Read1: loaded 217M reads 
[14:35:53] Read2: loaded 218M reads 
[14:35:53] Read1: loaded 218M reads 
[14:35:54] Read1: loaded 219M reads 
[14:35:54] Read2: loaded 219M reads 
[14:35:56] Read1: loaded 220M reads 
[14:35:56] Read2: loaded 220M reads 
[14:35:57] Read2: loaded 221M reads 
[14:35:57] Read1: loaded 221M reads 
[14:35:59] Read2: loaded 222M reads 
[14:35:59] Read1: loaded 222M reads 
[14:36:00] Read2: loaded 223M reads 
[14:36:00] Read1: loaded 223M reads 
[14:36:02] Read1: loaded 224M reads 
[14:36:02] Read2: loaded 224M reads 
[14:36:03] Read1: loaded 225M reads 
[14:36:03] Read2: loaded 225M reads 
[14:36:04] Read2: loaded 226M reads 
[14:36:04] Read1: loaded 226M reads 
[14:36:06] Read2: loaded 227M reads 
[14:36:06] Read1: loaded 227M reads 
[14:36:07] Read2: loaded 228M reads 
[14:36:07] Read1: loaded 228M reads 
[14:36:09] Read1: loaded 229M reads 
[14:36:09] Read2: loaded 229M reads 
[14:36:10] Read2: loaded 230M reads 
[14:36:10] Read1: loaded 230M reads 
[14:36:12] Read1: loaded 231M reads 
[14:36:12] Read2: loaded 231M reads 
[14:36:13] Read2: loaded 232M reads 
[14:36:13] Read1: loaded 232M reads 
[14:36:15] Read1: loaded 233M reads 
[14:36:15] Read2: loaded 233M reads 
[14:36:16] Read2: loaded 234M reads 
[14:36:16] Read1: loaded 234M reads 
[14:36:18] Read2: loaded 235M reads 
[14:36:18] Read1: loaded 235M reads 
[14:36:19] Read2: loaded 236M reads 
[14:36:19] Read1: loaded 236M reads 
[14:36:21] Read2: loaded 237M reads 
[14:36:21] Read1: loaded 237M reads 
[14:36:22] Read1: loaded 238M reads 
[14:36:22] Read2: loaded 238M reads 
[14:36:23] Read2: loaded 239M reads 
[14:36:23] Read1: loaded 239M reads 
[14:36:25] Read2: loaded 240M reads 
[14:36:25] Read1: loaded 240M reads 
[14:36:26] Read1: loaded 241M reads 
[14:36:26] Read2: loaded 241M reads 
[14:36:28] Read1: loaded 242M reads 
[14:36:28] Read2: loaded 242M reads 
[14:36:29] Read2: loaded 243M reads 
[14:36:29] Read1: loaded 243M reads 
[14:36:31] Read2: loaded 244M reads 
[14:36:31] Read1: loaded 244M reads 
[14:36:32] Read2: loaded 245M reads 
[14:36:32] Read1: loaded 245M reads 
[14:36:34] Read1: loaded 246M reads 
[14:36:34] Read2: loaded 246M reads 
[14:36:35] Read1: loaded 247M reads 
[14:36:35] Read2: loaded 247M reads 
[14:36:37] Read1: loaded 248M reads 
[14:36:37] Read2: loaded 248M reads 
[14:36:38] Read1: loaded 249M reads 
[14:36:38] Read2: loaded 249M reads 
[14:36:40] Read1: loaded 250M reads 
[14:36:40] Read2: loaded 250M reads 
[14:36:41] Read2: loaded 251M reads 
[14:36:41] Read1: loaded 251M reads 
[14:36:42] Read2: loaded 252M reads 
[14:36:42] Read1: loaded 252M reads 
[14:36:44] Read1: loaded 253M reads 
[14:36:44] Read2: loaded 253M reads 
[14:36:45] Read2: loaded 254M reads 
[14:36:45] Read1: loaded 254M reads 
[14:36:47] Read1: loaded 255M reads 
[14:36:47] Read2: loaded 255M reads 
[14:36:48] Read2: loaded 256M reads 
[14:36:48] Read1: loaded 256M reads 
[14:36:50] Read2: loaded 257M reads 
[14:36:50] Read1: loaded 257M reads 
[14:36:51] Read1: loaded 258M reads 
[14:36:51] Read2: loaded 258M reads 
[14:36:53] Read1: loaded 259M reads 
[14:36:53] Read2: loaded 259M reads 
[14:36:54] Read1: loaded 260M reads 
[14:36:54] Read2: loaded 260M reads 
[14:36:56] Read1: loaded 261M reads 
[14:36:56] Read2: loaded 261M reads 
[14:36:57] Read2: loaded 262M reads 
[14:36:57] Read1: loaded 262M reads 
[14:36:59] Read1: loaded 263M reads 
[14:36:59] Read2: loaded 263M reads 
[14:37:00] Read2: loaded 264M reads 
[14:37:00] Read1: loaded 264M reads 
[14:37:02] Read2: loaded 265M reads 
[14:37:02] Read1: loaded 265M reads 
[14:37:03] Read1: loaded 266M reads 
[14:37:03] Read2: loaded 266M reads 
[14:37:04] Read2: loaded 267M reads 
[14:37:04] Read1: loaded 267M reads 
[14:37:06] Read1: loaded 268M reads 
[14:37:06] Read2: loaded 268M reads 
[14:37:07] Read2: loaded 269M reads 
[14:37:07] Read1: loaded 269M reads 
[14:37:09] Read2: loaded 270M reads 
[14:37:09] Read1: loaded 270M reads 
[14:37:10] Read2: loaded 271M reads 
[14:37:10] Read1: loaded 271M reads 
[14:37:12] Read1: loaded 272M reads 
[14:37:12] Read2: loaded 272M reads 
[14:37:13] Read2: loaded 273M reads 
[14:37:13] Read1: loaded 273M reads 
[14:37:15] Read1: loaded 274M reads 
[14:37:15] Read2: loaded 274M reads 
[14:37:16] Read2: loaded 275M reads 
[14:37:16] Read1: loaded 275M reads 
[14:37:18] Read2: loaded 276M reads 
[14:37:18] Read1: loaded 276M reads 
[14:37:19] Read2: loaded 277M reads 
[14:37:19] Read1: loaded 277M reads 
[14:37:21] Read2: loaded 278M reads 
[14:37:21] Read1: loaded 278M reads 
[14:37:22] Read1: loaded 279M reads 
[14:37:22] Read2: loaded 279M reads 
[14:37:23] Read2: loaded 280M reads 
[14:37:23] Read1: loaded 280M reads 
[14:37:25] Read1: loaded 281M reads 
[14:37:25] Read2: loaded 281M reads 
[14:37:26] Read2: loaded 282M reads 
[14:37:26] Read1: loaded 282M reads 
[14:37:28] Read2: loaded 283M reads 
[14:37:28] Read1: loaded 283M reads 
[14:37:29] Read1: loaded 284M reads 
[14:37:29] Read2: loaded 284M reads 
[14:37:31] Read1: loaded 285M reads 
[14:37:31] Read2: loaded 285M reads 
[14:37:32] Read2: loaded 286M reads 
[14:37:32] Read1: loaded 286M reads 
[14:37:34] Read1: loaded 287M reads 
[14:37:34] Read2: loaded 287M reads 
[14:37:35] Read2: loaded 288M reads 
[14:37:35] Read1: loaded 288M reads 
[14:37:37] Read1: loaded 289M reads 
[14:37:37] Read2: loaded 289M reads 
[14:37:38] Read1: loaded 290M reads 
[14:37:38] Read2: loaded 290M reads 
[14:37:40] Read2: loaded 291M reads 
[14:37:40] Read1: loaded 291M reads 
[14:37:41] Read2: loaded 292M reads 
[14:37:41] Read1: loaded 292M reads 
[14:37:42] Read1: loaded 293M reads 
[14:37:42] Read2: loaded 293M reads 
[14:37:44] Read1: loaded 294M reads 
[14:37:44] Read2: loaded 294M reads 
[14:37:45] Read2: loaded 295M reads 
[14:37:45] Read1: loaded 295M reads 
[14:37:47] Read1: loaded 296M reads 
[14:37:47] Read2: loaded 296M reads 
[14:37:48] Read2: loaded 297M reads 
[14:37:48] Read1: loaded 297M reads 
[14:37:50] Read2: loaded 298M reads 
[14:37:50] Read1: loaded 298M reads 
[14:37:51] Read2: loaded 299M reads 
[14:37:51] Read1: loaded 299M reads 
[14:37:53] Read1: loaded 300M reads 
[14:37:53] Read2: loaded 300M reads 
[14:37:54] Read2: loaded 301M reads 
[14:37:54] Read1: loaded 301M reads 
[14:37:56] Read2: loaded 302M reads 
[14:37:56] Read1: loaded 302M reads 
[14:37:57] Read2: loaded 303M reads 
[14:37:57] Read1: loaded 303M reads 
[14:37:59] Read2: loaded 304M reads 
[14:37:59] Read1: loaded 304M reads 
[14:38:00] Read1: loaded 305M reads 
[14:38:00] Read2: loaded 305M reads 
[14:38:01] Read2: loaded 306M reads 
[14:38:01] Read1: loaded 306M reads 
[14:38:03] Read1: loaded 307M reads 
[14:38:03] Read2: loaded 307M reads 
[14:38:04] Read1: loaded 308M reads 
[14:38:04] Read2: loaded 308M reads 
[14:38:06] Read2: loaded 309M reads 
[14:38:06] Read1: loaded 309M reads 
[14:38:07] Read2: loaded 310M reads 
[14:38:07] Read1: loaded 310M reads 
[14:38:09] Read2: loaded 311M reads 
[14:38:09] Read1: loaded 311M reads 
[14:38:10] Read1: loaded 312M reads 
[14:38:10] Read2: loaded 312M reads 
[14:38:12] Read1: loaded 313M reads 
[14:38:12] Read2: loaded 313M reads 
[14:38:13] Read2: loaded 314M reads 
[14:38:13] Read1: loaded 314M reads 
[14:38:15] Read1: loaded 315M reads 
[14:38:15] Read2: loaded 315M reads 
[14:38:16] Read1: loaded 316M reads 
[14:38:16] Read2: loaded 316M reads 
[14:38:18] Read1: loaded 317M reads 
[14:38:18] Read2: loaded 317M reads 
[14:38:19] Read1: loaded 318M reads 
[14:38:19] Read2: loaded 318M reads 
[14:38:21] Read2: loaded 319M reads 
[14:38:21] Read1: loaded 319M reads 
[14:38:22] Read1: loaded 320M reads 
[14:38:22] Read2: loaded 320M reads 
[14:38:24] Read2: loaded 321M reads 
[14:38:24] Read1: loaded 321M reads 
[14:38:25] Read1: loaded 322M reads 
[14:38:25] Read2: loaded 322M reads 
[14:38:27] Read1: loaded 323M reads 
[14:38:27] Read2: loaded 323M reads 
[14:38:28] Read2: loaded 324M reads 
[14:38:28] Read1: loaded 324M reads 
[14:38:30] Read1: loaded 325M reads 
[14:38:30] Read2: loaded 325M reads 
[14:38:31] Read2: loaded 326M reads 
[14:38:31] Read1: loaded 326M reads 
[14:38:33] Read1: loaded 327M reads 
[14:38:33] Read2: loaded 327M reads 
[14:38:34] Read2: loaded 328M reads 
[14:38:34] Read1: loaded 328M reads 
[14:38:35] Read2: loaded 329M reads 
[14:38:35] Read1: loaded 329M reads 
[14:38:37] Read2: loaded 330M reads 
[14:38:37] Read1: loaded 330M reads 
[14:38:38] Read1: loaded 331M reads 
[14:38:38] Read2: loaded 331M reads 
[14:38:40] Read2: loaded 332M reads 
[14:38:40] Read1: loaded 332M reads 
[14:38:41] Read2: loaded 333M reads 
[14:38:41] Read1: loaded 333M reads 
[14:38:43] Read1: loaded 334M reads 
[14:38:43] Read2: loaded 334M reads 
[14:38:44] Read2: loaded 335M reads 
[14:38:44] Read1: loaded 335M reads 
[14:38:46] Read1: loaded 336M reads 
[14:38:46] Read2: loaded 336M reads 
[14:38:47] Read1: loaded 337M reads 
[14:38:47] Read2: loaded 337M reads 
[14:38:49] Read2: loaded 338M reads 
[14:38:49] Read1: loaded 338M reads 
[14:38:50] Read2: loaded 339M reads 
[14:38:50] Read1: loaded 339M reads 
[14:38:52] Read2: loaded 340M reads 
[14:38:52] Read1: loaded 340M reads 
[14:38:53] Read2: loaded 341M reads 
[14:38:53] Read1: loaded 341M reads 
[14:38:55] Read2: loaded 342M reads 
[14:38:55] Read1: loaded 342M reads 
[14:38:56] Read2: loaded 343M reads 
[14:38:56] Read1: loaded 343M reads 
[14:38:58] Read2: loaded 344M reads 
[14:38:58] Read1: loaded 344M reads 
[14:38:59] Read1: loaded 345M reads 
[14:38:59] Read2: loaded 345M reads 
[14:39:01] Read2: loaded 346M reads 
[14:39:01] Read1: loaded 346M reads 
[14:39:02] Read1: loaded 347M reads 
[14:39:02] Read2: loaded 347M reads 
[14:39:04] Read1: loaded 348M reads 
[14:39:04] Read2: loaded 348M reads 
[14:39:05] Read1: loaded 349M reads 
[14:39:05] Read2: loaded 349M reads 
[14:39:07] Read1: loaded 350M reads 
[14:39:07] Read2: loaded 350M reads 
[14:39:08] Read1: loaded 351M reads 
[14:39:08] Read2: loaded 351M reads 
[14:39:10] Read1: loaded 352M reads 
[14:39:10] Read2: loaded 352M reads 
[14:39:11] Read2: loaded 353M reads 
[14:39:11] Read1: loaded 353M reads 
[14:39:13] Read2: loaded 354M reads 
[14:39:13] Read1: loaded 354M reads 
[14:39:14] Read1: loaded 355M reads 
[14:39:14] Read2: loaded 355M reads 
[14:39:15] Read2: loaded 356M reads 
[14:39:15] Read1: loaded 356M reads 
[14:39:17] Read1: loaded 357M reads 
[14:39:17] Read2: loaded 357M reads 
[14:39:18] Read2: loaded 358M reads 
[14:39:18] Read1: loaded 358M reads 
[14:39:20] Read1: loaded 359M reads 
[14:39:20] Read2: loaded 359M reads 
[14:39:21] Read2: loaded 360M reads 
[14:39:21] Read1: loaded 360M reads 
[14:39:23] Read1: loaded 361M reads 
[14:39:23] Read2: loaded 361M reads 
[14:39:23] Read1: loading completed with 44102 packs 
[14:39:23] Read2: loading completed with 44102 packs 
[14:39:23] [fastp 1.3.3-d0bromir] Stage: loading (530580 ms) 
[14:39:23] [fastp 1.3.3-d0bromir] Stage: filtering 
[14:39:24] thread 4 data processing completed 
[14:39:24] thread 4 finished 
[14:39:24] thread 1 data processing completed 
[14:39:24] thread 1 finished 
[14:39:24] thread 5 data processing completed 
[14:39:24] thread 5 finished 
[14:39:24] thread 3 data processing completed 
[14:39:24] thread 3 finished 
[14:39:24] thread 6 data processing completed 
[14:39:24] thread 6 finished 
[14:39:24] thread 2 data processing completed 
[14:39:24] thread 2 finished 
[14:39:24] thread 8 data processing completed 
[14:39:24] thread 8 finished 
[14:39:24] thread 7 data processing completed 
[14:39:24] thread 7 finished 
[14:39:24] [fastp 1.3.3-d0bromir] Stage: filtering (774 ms) 
[14:39:24] [fastp 1.3.3-d0bromir] Stage: writing 
[14:39:24] /dev/shm/fastp_bench_qiu6LN_R1.fq.gz writer finished 
[14:39:24] /dev/shm/fastp_bench_DrpeJ1_R2.fq.gz writer finished 
[14:39:24] [fastp 1.3.3-d0bromir] Stage: writing (27 ms) 
[14:39:24] start to generate reports
 
Read1 before filtering:
total reads: 361281611
total bases: 54192241650
Q20 bases: 54123398100(99.873%)
Q30 bases: 54123398100(99.873%)
Q40 bases: 0(0%)

Read2 before filtering:
total reads: 361281611
total bases: 54192241650
Q20 bases: 53855170050(99.378%)
Q30 bases: 53855170050(99.378%)
Q40 bases: 0(0%)

Read1 after filtering:
total reads: 358607374
total bases: 53574361382
Q20 bases: 53574361382(100%)
Q30 bases: 53574361382(100%)
Q40 bases: 0(0%)

Read2 after filtering:
total reads: 358607374
total bases: 53574361382
Q20 bases: 53574361382(100%)
Q30 bases: 53574361382(100%)
Q40 bases: 0(0%)

Filtering result:
reads passed filter: 717214748
reads failed due to low quality: 5328396
reads failed due to too many N: 20078
reads failed due to too short: 0
reads failed due to adapter dimer: 0
reads with adapter trimmed: 9627740
bases trimmed due to adapters: 442711160

Duplication rate: 5.60214%

Insert size peak (evaluated by paired-end reads): 269

JSON report: /dev/shm/fastp_bench_0aszrp.json
HTML report: /dev/null

/home/mpiuser/bioauto_rev/fastp_d0bromir/fastp-cpu -w 8 -j /dev/shm/fastp_bench_0aszrp.json -h /dev/null --verbose -i /home/mpiuser/FASTQ/WGS/DRR216653_1.fastq.gz -I /home/mpiuser/FASTQ/WGS/DRR216653_2.fastq.gz -o /dev/shm/fastp_bench_qiu6LN_R1.fq.gz -O /dev/shm/fastp_bench_DrpeJ1_R2.fq.gz 
fastp v1.3.3-d0bromir, time used: 533 seconds
================================================================

================================================================
 Application  : d0bromir_gpu (/home/mpiuser/bioauto_rev/fastp_d0bromir/fastp)
 Dataset      : WGS PE 40G (DRR216653 R1+R2)
 Files        : R1=/home/mpiuser/FASTQ/WGS/DRR216653_1.fastq.gz
               R2=/home/mpiuser/FASTQ/WGS/DRR216653_2.fastq.gz
 Type         : PE
 Threads      : 8
 Wall time    : 468.795 s
 reads_in     : 722563222
 reads_out    : 717214748
 vs_opengene  : -32.2%
--- Resource usage ---
 CPU avg/peak : 1699.7% / 2149.5%
 RSS peak     : 2946 MiB
 GPU util a/p : 13.7% / 16.0%
 GPU mem peak : 1360 MiB
 Sample CSV   : /home/mpiuser/bioauto_rev/fastp_d0bromir/benchmark_results/20261003_135755/resources/resource_WGS_PE_40G_d0bromir_gpu_T8_1791039644.csv
--- Profiling output ---
[15:00:44] fastp 1.3.3-d0bromir starting 
[15:00:44] [GPU] CUDA GPU available (Device 0) - statistics GPU-accelerated (slots=8) 
[15:00:44] [fastp 1.3.3-d0bromir] Stage: loading 
[15:00:44] start to load data of read1 
[15:00:44] start to load data of read2 
[15:00:45] [GPU] CUDA GPU available (Device 1) - statistics GPU-accelerated (slots=8) 
[15:00:45] [GPU] Dual-GPU mode: Device 0 + Device 1 active 
[15:00:45] Read1: loaded 1M reads 
[15:00:45] Read2: loaded 1M reads 
[15:00:47] Read1: loaded 2M reads 
[15:00:47] Read2: loaded 2M reads 
[15:00:48] Read1: loaded 3M reads 
[15:00:48] Read2: loaded 3M reads 
[15:00:49] Read1: loaded 4M reads 
[15:00:49] Read2: loaded 4M reads 
[15:00:51] Read2: loaded 5M reads 
[15:00:51] Read1: loaded 5M reads 
[15:00:52] Read2: loaded 6M reads 
[15:00:52] Read1: loaded 6M reads 
[15:00:53] Read1: loaded 7M reads 
[15:00:53] Read2: loaded 7M reads 
[15:00:54] Read1: loaded 8M reads 
[15:00:54] Read2: loaded 8M reads 
[15:00:56] Read1: loaded 9M reads 
[15:00:56] Read2: loaded 9M reads 
[15:00:57] Read2: loaded 10M reads 
[15:00:57] Read1: loaded 10M reads 
[15:00:58] Read2: loaded 11M reads 
[15:00:58] Read1: loaded 11M reads 
[15:01:00] Read2: loaded 12M reads 
[15:01:00] Read1: loaded 12M reads 
[15:01:01] Read1: loaded 13M reads 
[15:01:01] Read2: loaded 13M reads 
[15:01:02] Read2: loaded 14M reads 
[15:01:02] Read1: loaded 14M reads 
[15:01:04] Read2: loaded 15M reads 
[15:01:04] Read1: loaded 15M reads 
[15:01:05] Read2: loaded 16M reads 
[15:01:05] Read1: loaded 16M reads 
[15:01:06] Read1: loaded 17M reads 
[15:01:06] Read2: loaded 17M reads 
[15:01:07] Read2: loaded 18M reads 
[15:01:07] Read1: loaded 18M reads 
[15:01:09] Read1: loaded 19M reads 
[15:01:09] Read2: loaded 19M reads 
[15:01:10] Read1: loaded 20M reads 
[15:01:10] Read2: loaded 20M reads 
[15:01:11] Read2: loaded 21M reads 
[15:01:11] Read1: loaded 21M reads 
[15:01:13] Read2: loaded 22M reads 
[15:01:13] Read1: loaded 22M reads 
[15:01:14] Read2: loaded 23M reads 
[15:01:14] Read1: loaded 23M reads 
[15:01:15] Read1: loaded 24M reads 
[15:01:15] Read2: loaded 24M reads 
[15:01:17] Read1: loaded 25M reads 
[15:01:17] Read2: loaded 25M reads 
[15:01:18] Read2: loaded 26M reads 
[15:01:18] Read1: loaded 26M reads 
[15:01:19] Read2: loaded 27M reads 
[15:01:19] Read1: loaded 27M reads 
[15:01:20] Read1: loaded 28M reads 
[15:01:20] Read2: loaded 28M reads 
[15:01:22] Read2: loaded 29M reads 
[15:01:22] Read1: loaded 29M reads 
[15:01:23] Read2: loaded 30M reads 
[15:01:23] Read1: loaded 30M reads 
[15:01:24] Read1: loaded 31M reads 
[15:01:24] Read2: loaded 31M reads 
[15:01:26] Read1: loaded 32M reads 
[15:01:26] Read2: loaded 32M reads 
[15:01:27] Read2: loaded 33M reads 
[15:01:27] Read1: loaded 33M reads 
[15:01:28] Read1: loaded 34M reads 
[15:01:28] Read2: loaded 34M reads 
[15:01:30] Read1: loaded 35M reads 
[15:01:30] Read2: loaded 35M reads 
[15:01:31] Read1: loaded 36M reads 
[15:01:31] Read2: loaded 36M reads 
[15:01:32] Read1: loaded 37M reads 
[15:01:32] Read2: loaded 37M reads 
[15:01:33] Read1: loaded 38M reads 
[15:01:33] Read2: loaded 38M reads 
[15:01:35] Read2: loaded 39M reads 
[15:01:35] Read1: loaded 39M reads 
[15:01:36] Read1: loaded 40M reads 
[15:01:36] Read2: loaded 40M reads 
[15:01:37] Read2: loaded 41M reads 
[15:01:37] Read1: loaded 41M reads 
[15:01:39] Read2: loaded 42M reads 
[15:01:39] Read1: loaded 42M reads 
[15:01:40] Read1: loaded 43M reads 
[15:01:40] Read2: loaded 43M reads 
[15:01:41] Read1: loaded 44M reads 
[15:01:41] Read2: loaded 44M reads 
[15:01:43] Read2: loaded 45M reads 
[15:01:43] Read1: loaded 45M reads 
[15:01:44] Read2: loaded 46M reads 
[15:01:44] Read1: loaded 46M reads 
[15:01:45] Read1: loaded 47M reads 
[15:01:45] Read2: loaded 47M reads 
[15:01:46] Read1: loaded 48M reads 
[15:01:46] Read2: loaded 48M reads 
[15:01:48] Read1: loaded 49M reads 
[15:01:48] Read2: loaded 49M reads 
[15:01:49] Read2: loaded 50M reads 
[15:01:49] Read1: loaded 50M reads 
[15:01:50] Read2: loaded 51M reads 
[15:01:50] Read1: loaded 51M reads 
[15:01:52] Read1: loaded 52M reads 
[15:01:52] Read2: loaded 52M reads 
[15:01:53] Read2: loaded 53M reads 
[15:01:53] Read1: loaded 53M reads 
[15:01:54] Read2: loaded 54M reads 
[15:01:54] Read1: loaded 54M reads 
[15:01:56] Read1: loaded 55M reads 
[15:01:56] Read2: loaded 55M reads 
[15:01:57] Read2: loaded 56M reads 
[15:01:57] Read1: loaded 56M reads 
[15:01:58] Read1: loaded 57M reads 
[15:01:58] Read2: loaded 57M reads 
[15:01:59] Read2: loaded 58M reads 
[15:01:59] Read1: loaded 58M reads 
[15:02:01] Read1: loaded 59M reads 
[15:02:01] Read2: loaded 59M reads 
[15:02:02] Read1: loaded 60M reads 
[15:02:02] Read2: loaded 60M reads 
[15:02:03] Read2: loaded 61M reads 
[15:02:03] Read1: loaded 61M reads 
[15:02:05] Read2: loaded 62M reads 
[15:02:05] Read1: loaded 62M reads 
[15:02:06] Read2: loaded 63M reads 
[15:02:06] Read1: loaded 63M reads 
[15:02:07] Read1: loaded 64M reads 
[15:02:07] Read2: loaded 64M reads 
[15:02:09] Read2: loaded 65M reads 
[15:02:09] Read1: loaded 65M reads 
[15:02:10] Read1: loaded 66M reads 
[15:02:10] Read2: loaded 66M reads 
[15:02:11] Read2: loaded 67M reads 
[15:02:11] Read1: loaded 67M reads 
[15:02:12] Read2: loaded 68M reads 
[15:02:12] Read1: loaded 68M reads 
[15:02:14] Read1: loaded 69M reads 
[15:02:14] Read2: loaded 69M reads 
[15:02:15] Read2: loaded 70M reads 
[15:02:15] Read1: loaded 70M reads 
[15:02:16] Read1: loaded 71M reads 
[15:02:16] Read2: loaded 71M reads 
[15:02:18] Read2: loaded 72M reads 
[15:02:18] Read1: loaded 72M reads 
[15:02:19] Read1: loaded 73M reads 
[15:02:19] Read2: loaded 73M reads 
[15:02:20] Read1: loaded 74M reads 
[15:02:20] Read2: loaded 74M reads 
[15:02:22] Read2: loaded 75M reads 
[15:02:22] Read1: loaded 75M reads 
[15:02:23] Read1: loaded 76M reads 
[15:02:23] Read2: loaded 76M reads 
[15:02:24] Read1: loaded 77M reads 
[15:02:24] Read2: loaded 77M reads 
[15:02:26] Read2: loaded 78M reads 
[15:02:26] Read1: loaded 78M reads 
[15:02:27] Read2: loaded 79M reads 
[15:02:27] Read1: loaded 79M reads 
[15:02:28] Read2: loaded 80M reads 
[15:02:28] Read1: loaded 80M reads 
[15:02:29] Read1: loaded 81M reads 
[15:02:29] Read2: loaded 81M reads 
[15:02:31] Read1: loaded 82M reads 
[15:02:31] Read2: loaded 82M reads 
[15:02:32] Read2: loaded 83M reads 
[15:02:32] Read1: loaded 83M reads 
[15:02:33] Read1: loaded 84M reads 
[15:02:33] Read2: loaded 84M reads 
[15:02:35] Read1: loaded 85M reads 
[15:02:35] Read2: loaded 85M reads 
[15:02:36] Read2: loaded 86M reads 
[15:02:36] Read1: loaded 86M reads 
[15:02:37] Read2: loaded 87M reads 
[15:02:37] Read1: loaded 87M reads 
[15:02:39] Read2: loaded 88M reads 
[15:02:39] Read1: loaded 88M reads 
[15:02:40] Read2: loaded 89M reads 
[15:02:40] Read1: loaded 89M reads 
[15:02:41] Read2: loaded 90M reads 
[15:02:41] Read1: loaded 90M reads 
[15:02:42] Read1: loaded 91M reads 
[15:02:42] Read2: loaded 91M reads 
[15:02:44] Read1: loaded 92M reads 
[15:02:44] Read2: loaded 92M reads 
[15:02:45] Read2: loaded 93M reads 
[15:02:45] Read1: loaded 93M reads 
[15:02:46] Read1: loaded 94M reads 
[15:02:46] Read2: loaded 94M reads 
[15:02:48] Read2: loaded 95M reads 
[15:02:48] Read1: loaded 95M reads 
[15:02:49] Read2: loaded 96M reads 
[15:02:49] Read1: loaded 96M reads 
[15:02:50] Read1: loaded 97M reads 
[15:02:50] Read2: loaded 97M reads 
[15:02:52] Read2: loaded 98M reads 
[15:02:52] Read1: loaded 98M reads 
[15:02:53] Read1: loaded 99M reads 
[15:02:53] Read2: loaded 99M reads 
[15:02:54] Read1: loaded 100M reads 
[15:02:54] Read2: loaded 100M reads 
[15:02:55] Read1: loaded 101M reads 
[15:02:55] Read2: loaded 101M reads 
[15:02:57] Read1: loaded 102M reads 
[15:02:57] Read2: loaded 102M reads 
[15:02:58] Read2: loaded 103M reads 
[15:02:58] Read1: loaded 103M reads 
[15:02:59] Read1: loaded 104M reads 
[15:02:59] Read2: loaded 104M reads 
[15:03:01] Read2: loaded 105M reads 
[15:03:01] Read1: loaded 105M reads 
[15:03:02] Read2: loaded 106M reads 
[15:03:02] Read1: loaded 106M reads 
[15:03:03] Read2: loaded 107M reads 
[15:03:03] Read1: loaded 107M reads 
[15:03:05] Read1: loaded 108M reads 
[15:03:05] Read2: loaded 108M reads 
[15:03:06] Read1: loaded 109M reads 
[15:03:06] Read2: loaded 109M reads 
[15:03:07] Read2: loaded 110M reads 
[15:03:07] Read1: loaded 110M reads 
[15:03:09] Read1: loaded 111M reads 
[15:03:09] Read2: loaded 111M reads 
[15:03:10] Read2: loaded 112M reads 
[15:03:10] Read1: loaded 112M reads 
[15:03:11] Read1: loaded 113M reads 
[15:03:11] Read2: loaded 113M reads 
[15:03:12] Read1: loaded 114M reads 
[15:03:12] Read2: loaded 114M reads 
[15:03:14] Read1: loaded 115M reads 
[15:03:14] Read2: loaded 115M reads 
[15:03:15] Read2: loaded 116M reads 
[15:03:15] Read1: loaded 116M reads 
[15:03:16] Read2: loaded 117M reads 
[15:03:16] Read1: loaded 117M reads 
[15:03:18] Read1: loaded 118M reads 
[15:03:18] Read2: loaded 118M reads 
[15:03:19] Read2: loaded 119M reads 
[15:03:19] Read1: loaded 119M reads 
[15:03:20] Read2: loaded 120M reads 
[15:03:20] Read1: loaded 120M reads 
[15:03:22] Read2: loaded 121M reads 
[15:03:22] Read1: loaded 121M reads 
[15:03:23] Read2: loaded 122M reads 
[15:03:23] Read1: loaded 122M reads 
[15:03:24] Read1: loaded 123M reads 
[15:03:24] Read2: loaded 123M reads 
[15:03:25] Read2: loaded 124M reads 
[15:03:25] Read1: loaded 124M reads 
[15:03:27] Read2: loaded 125M reads 
[15:03:27] Read1: loaded 125M reads 
[15:03:28] Read2: loaded 126M reads 
[15:03:28] Read1: loaded 126M reads 
[15:03:29] Read1: loaded 127M reads 
[15:03:29] Read2: loaded 127M reads 
[15:03:31] Read1: loaded 128M reads 
[15:03:31] Read2: loaded 128M reads 
[15:03:32] Read2: loaded 129M reads 
[15:03:32] Read1: loaded 129M reads 
[15:03:33] Read2: loaded 130M reads 
[15:03:33] Read1: loaded 130M reads 
[15:03:34] Read2: loaded 131M reads 
[15:03:34] Read1: loaded 131M reads 
[15:03:36] Read1: loaded 132M reads 
[15:03:36] Read2: loaded 132M reads 
[15:03:37] Read2: loaded 133M reads 
[15:03:37] Read1: loaded 133M reads 
[15:03:38] Read1: loaded 134M reads 
[15:03:38] Read2: loaded 134M reads 
[15:03:39] Read2: loaded 135M reads 
[15:03:39] Read1: loaded 135M reads 
[15:03:41] Read2: loaded 136M reads 
[15:03:41] Read1: loaded 136M reads 
[15:03:42] Read1: loaded 137M reads 
[15:03:42] Read2: loaded 137M reads 
[15:03:43] Read2: loaded 138M reads 
[15:03:43] Read1: loaded 138M reads 
[15:03:45] Read1: loaded 139M reads 
[15:03:45] Read2: loaded 139M reads 
[15:03:46] Read2: loaded 140M reads 
[15:03:46] Read1: loaded 140M reads 
[15:03:47] Read2: loaded 141M reads 
[15:03:47] Read1: loaded 141M reads 
[15:03:48] Read2: loaded 142M reads 
[15:03:48] Read1: loaded 142M reads 
[15:03:50] Read1: loaded 143M reads 
[15:03:50] Read2: loaded 143M reads 
[15:03:51] Read2: loaded 144M reads 
[15:03:51] Read1: loaded 144M reads 
[15:03:52] Read1: loaded 145M reads 
[15:03:52] Read2: loaded 145M reads 
[15:03:54] Read1: loaded 146M reads 
[15:03:54] Read2: loaded 146M reads 
[15:03:55] Read1: loaded 147M reads 
[15:03:55] Read2: loaded 147M reads 
[15:03:56] Read2: loaded 148M reads 
[15:03:56] Read1: loaded 148M reads 
[15:03:57] Read1: loaded 149M reads 
[15:03:57] Read2: loaded 149M reads 
[15:03:59] Read2: loaded 150M reads 
[15:03:59] Read1: loaded 150M reads 
[15:04:00] Read1: loaded 151M reads 
[15:04:00] Read2: loaded 151M reads 
[15:04:01] Read1: loaded 152M reads 
[15:04:01] Read2: loaded 152M reads 
[15:04:03] Read2: loaded 153M reads 
[15:04:03] Read1: loaded 153M reads 
[15:04:04] Read2: loaded 154M reads 
[15:04:04] Read1: loaded 154M reads 
[15:04:05] Read2: loaded 155M reads 
[15:04:05] Read1: loaded 155M reads 
[15:04:06] Read2: loaded 156M reads 
[15:04:06] Read1: loaded 156M reads 
[15:04:08] Read2: loaded 157M reads 
[15:04:08] Read1: loaded 157M reads 
[15:04:09] Read1: loaded 158M reads 
[15:04:09] Read2: loaded 158M reads 
[15:04:10] Read2: loaded 159M reads 
[15:04:10] Read1: loaded 159M reads 
[15:04:11] Read1: loaded 160M reads 
[15:04:11] Read2: loaded 160M reads 
[15:04:13] Read2: loaded 161M reads 
[15:04:13] Read1: loaded 161M reads 
[15:04:14] Read1: loaded 162M reads 
[15:04:14] Read2: loaded 162M reads 
[15:04:15] Read1: loaded 163M reads 
[15:04:15] Read2: loaded 163M reads 
[15:04:17] Read2: loaded 164M reads 
[15:04:17] Read1: loaded 164M reads 
[15:04:18] Read2: loaded 165M reads 
[15:04:18] Read1: loaded 165M reads 
[15:04:19] Read1: loaded 166M reads 
[15:04:19] Read2: loaded 166M reads 
[15:04:20] Read2: loaded 167M reads 
[15:04:20] Read1: loaded 167M reads 
[15:04:22] Read2: loaded 168M reads 
[15:04:22] Read1: loaded 168M reads 
[15:04:23] Read2: loaded 169M reads 
[15:04:23] Read1: loaded 169M reads 
[15:04:24] Read2: loaded 170M reads 
[15:04:24] Read1: loaded 170M reads 
[15:04:26] Read1: loaded 171M reads 
[15:04:26] Read2: loaded 171M reads 
[15:04:27] Read2: loaded 172M reads 
[15:04:27] Read1: loaded 172M reads 
[15:04:28] Read2: loaded 173M reads 
[15:04:28] Read1: loaded 173M reads 
[15:04:29] Read1: loaded 174M reads 
[15:04:29] Read2: loaded 174M reads 
[15:04:31] Read2: loaded 175M reads 
[15:04:31] Read1: loaded 175M reads 
[15:04:32] Read2: loaded 176M reads 
[15:04:32] Read1: loaded 176M reads 
[15:04:33] Read2: loaded 177M reads 
[15:04:33] Read1: loaded 177M reads 
[15:04:35] Read2: loaded 178M reads 
[15:04:35] Read1: loaded 178M reads 
[15:04:36] Read2: loaded 179M reads 
[15:04:36] Read1: loaded 179M reads 
[15:04:37] Read2: loaded 180M reads 
[15:04:37] Read1: loaded 180M reads 
[15:04:38] Read1: loaded 181M reads 
[15:04:38] Read2: loaded 181M reads 
[15:04:40] Read1: loaded 182M reads 
[15:04:40] Read2: loaded 182M reads 
[15:04:41] Read1: loaded 183M reads 
[15:04:41] Read2: loaded 183M reads 
[15:04:42] Read1: loaded 184M reads 
[15:04:42] Read2: loaded 184M reads 
[15:04:43] Read2: loaded 185M reads 
[15:04:43] Read1: loaded 185M reads 
[15:04:45] Read1: loaded 186M reads 
[15:04:45] Read2: loaded 186M reads 
[15:04:46] Read1: loaded 187M reads 
[15:04:46] Read2: loaded 187M reads 
[15:04:47] Read1: loaded 188M reads 
[15:04:47] Read2: loaded 188M reads 
[15:04:49] Read2: loaded 189M reads 
[15:04:49] Read1: loaded 189M reads 
[15:04:50] Read2: loaded 190M reads 
[15:04:50] Read1: loaded 190M reads 
[15:04:51] Read1: loaded 191M reads 
[15:04:51] Read2: loaded 191M reads 
[15:04:52] Read2: loaded 192M reads 
[15:04:52] Read1: loaded 192M reads 
[15:04:54] Read2: loaded 193M reads 
[15:04:54] Read1: loaded 193M reads 
[15:04:55] Read2: loaded 194M reads 
[15:04:55] Read1: loaded 194M reads 
[15:04:56] Read1: loaded 195M reads 
[15:04:56] Read2: loaded 195M reads 
[15:04:58] Read1: loaded 196M reads 
[15:04:58] Read2: loaded 196M reads 
[15:04:59] Read1: loaded 197M reads 
[15:04:59] Read2: loaded 197M reads 
[15:05:00] Read2: loaded 198M reads 
[15:05:00] Read1: loaded 198M reads 
[15:05:01] Read2: loaded 199M reads 
[15:05:01] Read1: loaded 199M reads 
[15:05:03] Read1: loaded 200M reads 
[15:05:03] Read2: loaded 200M reads 
[15:05:04] Read1: loaded 201M reads 
[15:05:04] Read2: loaded 201M reads 
[15:05:05] Read1: loaded 202M reads 
[15:05:05] Read2: loaded 202M reads 
[15:05:07] Read1: loaded 203M reads 
[15:05:07] Read2: loaded 203M reads 
[15:05:08] Read2: loaded 204M reads 
[15:05:08] Read1: loaded 204M reads 
[15:05:09] Read1: loaded 205M reads 
[15:05:09] Read2: loaded 205M reads 
[15:05:10] Read2: loaded 206M reads 
[15:05:10] Read1: loaded 206M reads 
[15:05:12] Read1: loaded 207M reads 
[15:05:12] Read2: loaded 207M reads 
[15:05:13] Read1: loaded 208M reads 
[15:05:13] Read2: loaded 208M reads 
[15:05:14] Read2: loaded 209M reads 
[15:05:14] Read1: loaded 209M reads 
[15:05:16] Read1: loaded 210M reads 
[15:05:16] Read2: loaded 210M reads 
[15:05:17] Read2: loaded 211M reads 
[15:05:17] Read1: loaded 211M reads 
[15:05:18] Read1: loaded 212M reads 
[15:05:18] Read2: loaded 212M reads 
[15:05:19] Read2: loaded 213M reads 
[15:05:19] Read1: loaded 213M reads 
[15:05:21] Read2: loaded 214M reads 
[15:05:21] Read1: loaded 214M reads 
[15:05:22] Read1: loaded 215M reads 
[15:05:22] Read2: loaded 215M reads 
[15:05:23] Read2: loaded 216M reads 
[15:05:23] Read1: loaded 216M reads 
[15:05:25] Read2: loaded 217M reads 
[15:05:25] Read1: loaded 217M reads 
[15:05:26] Read2: loaded 218M reads 
[15:05:26] Read1: loaded 218M reads 
[15:05:27] Read1: loaded 219M reads 
[15:05:27] Read2: loaded 219M reads 
[15:05:28] Read1: loaded 220M reads 
[15:05:28] Read2: loaded 220M reads 
[15:05:30] Read1: loaded 221M reads 
[15:05:30] Read2: loaded 221M reads 
[15:05:31] Read2: loaded 222M reads 
[15:05:31] Read1: loaded 222M reads 
[15:05:32] Read2: loaded 223M reads 
[15:05:32] Read1: loaded 223M reads 
[15:05:34] Read1: loaded 224M reads 
[15:05:34] Read2: loaded 224M reads 
[15:05:35] Read2: loaded 225M reads 
[15:05:35] Read1: loaded 225M reads 
[15:05:36] Read1: loaded 226M reads 
[15:05:36] Read2: loaded 226M reads 
[15:05:37] Read1: loaded 227M reads 
[15:05:37] Read2: loaded 227M reads 
[15:05:39] Read2: loaded 228M reads 
[15:05:39] Read1: loaded 228M reads 
[15:05:40] Read1: loaded 229M reads 
[15:05:40] Read2: loaded 229M reads 
[15:05:41] Read1: loaded 230M reads 
[15:05:41] Read2: loaded 230M reads 
[15:05:43] Read1: loaded 231M reads 
[15:05:43] Read2: loaded 231M reads 
[15:05:44] Read2: loaded 232M reads 
[15:05:44] Read1: loaded 232M reads 
[15:05:45] Read1: loaded 233M reads 
[15:05:45] Read2: loaded 233M reads 
[15:05:46] Read2: loaded 234M reads 
[15:05:46] Read1: loaded 234M reads 
[15:05:48] Read1: loaded 235M reads 
[15:05:48] Read2: loaded 235M reads 
[15:05:49] Read2: loaded 236M reads 
[15:05:49] Read1: loaded 236M reads 
[15:05:50] Read2: loaded 237M reads 
[15:05:50] Read1: loaded 237M reads 
[15:05:52] Read1: loaded 238M reads 
[15:05:52] Read2: loaded 238M reads 
[15:05:53] Read1: loaded 239M reads 
[15:05:53] Read2: loaded 239M reads 
[15:05:54] Read2: loaded 240M reads 
[15:05:54] Read1: loaded 240M reads 
[15:05:55] Read1: loaded 241M reads 
[15:05:55] Read2: loaded 241M reads 
[15:05:57] Read1: loaded 242M reads 
[15:05:57] Read2: loaded 242M reads 
[15:05:58] Read1: loaded 243M reads 
[15:05:58] Read2: loaded 243M reads 
[15:05:59] Read2: loaded 244M reads 
[15:05:59] Read1: loaded 244M reads 
[15:06:01] Read1: loaded 245M reads 
[15:06:01] Read2: loaded 245M reads 
[15:06:02] Read2: loaded 246M reads 
[15:06:02] Read1: loaded 246M reads 
[15:06:03] Read1: loaded 247M reads 
[15:06:03] Read2: loaded 247M reads 
[15:06:04] Read2: loaded 248M reads 
[15:06:04] Read1: loaded 248M reads 
[15:06:06] Read1: loaded 249M reads 
[15:06:06] Read2: loaded 249M reads 
[15:06:07] Read1: loaded 250M reads 
[15:06:07] Read2: loaded 250M reads 
[15:06:08] Read2: loaded 251M reads 
[15:06:08] Read1: loaded 251M reads 
[15:06:09] Read2: loaded 252M reads 
[15:06:09] Read1: loaded 252M reads 
[15:06:11] Read2: loaded 253M reads 
[15:06:11] Read1: loaded 253M reads 
[15:06:12] Read1: loaded 254M reads 
[15:06:12] Read2: loaded 254M reads 
[15:06:13] Read1: loaded 255M reads 
[15:06:13] Read2: loaded 255M reads 
[15:06:15] Read2: loaded 256M reads 
[15:06:15] Read1: loaded 256M reads 
[15:06:16] Read2: loaded 257M reads 
[15:06:16] Read1: loaded 257M reads 
[15:06:17] Read2: loaded 258M reads 
[15:06:17] Read1: loaded 258M reads 
[15:06:18] Read2: loaded 259M reads 
[15:06:18] Read1: loaded 259M reads 
[15:06:20] Read1: loaded 260M reads 
[15:06:20] Read2: loaded 260M reads 
[15:06:21] Read1: loaded 261M reads 
[15:06:21] Read2: loaded 261M reads 
[15:06:22] Read2: loaded 262M reads 
[15:06:22] Read1: loaded 262M reads 
[15:06:24] Read1: loaded 263M reads 
[15:06:24] Read2: loaded 263M reads 
[15:06:25] Read2: loaded 264M reads 
[15:06:25] Read1: loaded 264M reads 
[15:06:26] Read1: loaded 265M reads 
[15:06:26] Read2: loaded 265M reads 
[15:06:27] Read1: loaded 266M reads 
[15:06:27] Read2: loaded 266M reads 
[15:06:29] Read2: loaded 267M reads 
[15:06:29] Read1: loaded 267M reads 
[15:06:30] Read1: loaded 268M reads 
[15:06:30] Read2: loaded 268M reads 
[15:06:31] Read2: loaded 269M reads 
[15:06:31] Read1: loaded 269M reads 
[15:06:33] Read1: loaded 270M reads 
[15:06:33] Read2: loaded 270M reads 
[15:06:34] Read2: loaded 271M reads 
[15:06:34] Read1: loaded 271M reads 
[15:06:35] Read1: loaded 272M reads 
[15:06:35] Read2: loaded 272M reads 
[15:06:36] Read1: loaded 273M reads 
[15:06:36] Read2: loaded 273M reads 
[15:06:38] Read1: loaded 274M reads 
[15:06:38] Read2: loaded 274M reads 
[15:06:39] Read2: loaded 275M reads 
[15:06:39] Read1: loaded 275M reads 
[15:06:40] Read2: loaded 276M reads 
[15:06:40] Read1: loaded 276M reads 
[15:06:42] Read1: loaded 277M reads 
[15:06:42] Read2: loaded 277M reads 
[15:06:43] Read1: loaded 278M reads 
[15:06:43] Read2: loaded 278M reads 
[15:06:44] Read1: loaded 279M reads 
[15:06:44] Read2: loaded 279M reads 
[15:06:45] Read2: loaded 280M reads 
[15:06:45] Read1: loaded 280M reads 
[15:06:47] Read1: loaded 281M reads 
[15:06:47] Read2: loaded 281M reads 
[15:06:48] Read2: loaded 282M reads 
[15:06:48] Read1: loaded 282M reads 
[15:06:49] Read1: loaded 283M reads 
[15:06:49] Read2: loaded 283M reads 
[15:06:51] Read1: loaded 284M reads 
[15:06:51] Read2: loaded 284M reads 
[15:06:52] Read2: loaded 285M reads 
[15:06:52] Read1: loaded 285M reads 
[15:06:53] Read2: loaded 286M reads 
[15:06:53] Read1: loaded 286M reads 
[15:06:54] Read1: loaded 287M reads 
[15:06:55] Read2: loaded 287M reads 
[15:06:56] Read1: loaded 288M reads 
[15:06:56] Read2: loaded 288M reads 
[15:06:57] Read2: loaded 289M reads 
[15:06:57] Read1: loaded 289M reads 
[15:06:58] Read1: loaded 290M reads 
[15:06:58] Read2: loaded 290M reads 
[15:07:00] Read1: loaded 291M reads 
[15:07:00] Read2: loaded 291M reads 
[15:07:01] Read1: loaded 292M reads 
[15:07:01] Read2: loaded 292M reads 
[15:07:02] Read2: loaded 293M reads 
[15:07:02] Read1: loaded 293M reads 
[15:07:03] Read1: loaded 294M reads 
[15:07:03] Read2: loaded 294M reads 
[15:07:05] Read2: loaded 295M reads 
[15:07:05] Read1: loaded 295M reads 
[15:07:06] Read1: loaded 296M reads 
[15:07:06] Read2: loaded 296M reads 
[15:07:07] Read1: loaded 297M reads 
[15:07:07] Read2: loaded 297M reads 
[15:07:09] Read1: loaded 298M reads 
[15:07:09] Read2: loaded 298M reads 
[15:07:10] Read2: loaded 299M reads 
[15:07:10] Read1: loaded 299M reads 
[15:07:11] Read1: loaded 300M reads 
[15:07:11] Read2: loaded 300M reads 
[15:07:12] Read1: loaded 301M reads 
[15:07:12] Read2: loaded 301M reads 
[15:07:14] Read2: loaded 302M reads 
[15:07:14] Read1: loaded 302M reads 
[15:07:15] Read2: loaded 303M reads 
[15:07:15] Read1: loaded 303M reads 
[15:07:16] Read2: loaded 304M reads 
[15:07:16] Read1: loaded 304M reads 
[15:07:18] Read1: loaded 305M reads 
[15:07:18] Read2: loaded 305M reads 
[15:07:19] Read1: loaded 306M reads 
[15:07:19] Read2: loaded 306M reads 
[15:07:20] Read2: loaded 307M reads 
[15:07:20] Read1: loaded 307M reads 
[15:07:21] Read2: loaded 308M reads 
[15:07:21] Read1: loaded 308M reads 
[15:07:23] Read2: loaded 309M reads 
[15:07:23] Read1: loaded 309M reads 
[15:07:24] Read2: loaded 310M reads 
[15:07:24] Read1: loaded 310M reads 
[15:07:25] Read1: loaded 311M reads 
[15:07:25] Read2: loaded 311M reads 
[15:07:27] Read2: loaded 312M reads 
[15:07:27] Read1: loaded 312M reads 
[15:07:28] Read1: loaded 313M reads 
[15:07:28] Read2: loaded 313M reads 
[15:07:29] Read2: loaded 314M reads 
[15:07:29] Read1: loaded 314M reads 
[15:07:31] Read1: loaded 315M reads 
[15:07:31] Read2: loaded 315M reads 
[15:07:32] Read1: loaded 316M reads 
[15:07:32] Read2: loaded 316M reads 
[15:07:33] Read1: loaded 317M reads 
[15:07:33] Read2: loaded 317M reads 
[15:07:34] Read2: loaded 318M reads 
[15:07:34] Read1: loaded 318M reads 
[15:07:36] Read2: loaded 319M reads 
[15:07:36] Read1: loaded 319M reads 
[15:07:37] Read2: loaded 320M reads 
[15:07:37] Read1: loaded 320M reads 
[15:07:38] Read1: loaded 321M reads 
[15:07:38] Read2: loaded 321M reads 
[15:07:40] Read1: loaded 322M reads 
[15:07:40] Read2: loaded 322M reads 
[15:07:41] Read2: loaded 323M reads 
[15:07:41] Read1: loaded 323M reads 
[15:07:42] Read2: loaded 324M reads 
[15:07:42] Read1: loaded 324M reads 
[15:07:44] Read2: loaded 325M reads 
[15:07:44] Read1: loaded 325M reads 
[15:07:45] Read2: loaded 326M reads 
[15:07:45] Read1: loaded 326M reads 
[15:07:46] Read1: loaded 327M reads 
[15:07:46] Read2: loaded 327M reads 
[15:07:47] Read2: loaded 328M reads 
[15:07:47] Read1: loaded 328M reads 
[15:07:49] Read2: loaded 329M reads 
[15:07:49] Read1: loaded 329M reads 
[15:07:50] Read1: loaded 330M reads 
[15:07:50] Read2: loaded 330M reads 
[15:07:51] Read1: loaded 331M reads 
[15:07:51] Read2: loaded 331M reads 
[15:07:53] Read2: loaded 332M reads 
[15:07:53] Read1: loaded 332M reads 
[15:07:54] Read2: loaded 333M reads 
[15:07:54] Read1: loaded 333M reads 
[15:07:55] Read2: loaded 334M reads 
[15:07:55] Read1: loaded 334M reads 
[15:07:57] Read2: loaded 335M reads 
[15:07:57] Read1: loaded 335M reads 
[15:07:58] Read1: loaded 336M reads 
[15:07:58] Read2: loaded 336M reads 
[15:07:59] Read2: loaded 337M reads 
[15:07:59] Read1: loaded 337M reads 
[15:08:01] Read1: loaded 338M reads 
[15:08:01] Read2: loaded 338M reads 
[15:08:02] Read2: loaded 339M reads 
[15:08:02] Read1: loaded 339M reads 
[15:08:03] Read2: loaded 340M reads 
[15:08:03] Read1: loaded 340M reads 
[15:08:04] Read1: loaded 341M reads 
[15:08:04] Read2: loaded 341M reads 
[15:08:06] Read2: loaded 342M reads 
[15:08:06] Read1: loaded 342M reads 
[15:08:07] Read2: loaded 343M reads 
[15:08:07] Read1: loaded 343M reads 
[15:08:08] Read2: loaded 344M reads 
[15:08:08] Read1: loaded 344M reads 
[15:08:10] Read2: loaded 345M reads 
[15:08:10] Read1: loaded 345M reads 
[15:08:11] Read2: loaded 346M reads 
[15:08:11] Read1: loaded 346M reads 
[15:08:12] Read1: loaded 347M reads 
[15:08:12] Read2: loaded 347M reads 
[15:08:14] Read2: loaded 348M reads 
[15:08:14] Read1: loaded 348M reads 
[15:08:15] Read1: loaded 349M reads 
[15:08:15] Read2: loaded 349M reads 
[15:08:16] Read2: loaded 350M reads 
[15:08:16] Read1: loaded 350M reads 
[15:08:17] Read1: loaded 351M reads 
[15:08:17] Read2: loaded 351M reads 
[15:08:19] Read2: loaded 352M reads 
[15:08:19] Read1: loaded 352M reads 
[15:08:20] Read1: loaded 353M reads 
[15:08:20] Read2: loaded 353M reads 
[15:08:21] Read1: loaded 354M reads 
[15:08:21] Read2: loaded 354M reads 
[15:08:23] Read1: loaded 355M reads 
[15:08:23] Read2: loaded 355M reads 
[15:08:24] Read2: loaded 356M reads 
[15:08:24] Read1: loaded 356M reads 
[15:08:25] Read1: loaded 357M reads 
[15:08:25] Read2: loaded 357M reads 
[15:08:27] Read1: loaded 358M reads 
[15:08:27] Read2: loaded 358M reads 
[15:08:28] Read2: loaded 359M reads 
[15:08:28] Read1: loaded 359M reads 
[15:08:29] Read1: loaded 360M reads 
[15:08:29] Read2: loaded 360M reads 
[15:08:30] Read2: loaded 361M reads 
[15:08:30] Read1: loaded 361M reads 
[15:08:31] Read1: loading completed with 44102 packs 
[15:08:31] Read2: loading completed with 44102 packs 
[15:08:31] [fastp 1.3.3-d0bromir] Stage: loading (466350 ms) 
[15:08:31] [fastp 1.3.3-d0bromir] Stage: filtering 
[15:08:31] thread 5 data processing completed 
[15:08:31] thread 5 finished 
[15:08:31] thread 1 data processing completed 
[15:08:31] thread 1 finished 
[15:08:31] thread 8 data processing completed 
[15:08:31] thread 8 finished 
[15:08:31] thread 4 data processing completed 
[15:08:31] thread 4 finished 
[15:08:31] thread 3 data processing completed 
[15:08:31] thread 3 finished 
[15:08:31] thread 7 data processing completed 
[15:08:31] thread 7 finished 
[15:08:31] thread 2 data processing completed 
[15:08:31] thread 2 finished 
[15:08:31] thread 6 data processing completed 
[15:08:31] thread 6 finished 
[15:08:31] [fastp 1.3.3-d0bromir] Stage: filtering (694 ms) 
[15:08:31] [fastp 1.3.3-d0bromir] Stage: writing 
[15:08:32] /dev/shm/fastp_bench_bhYH6R_R2.fq.gz writer finished 
[15:08:32] /dev/shm/fastp_bench_kcQnrj_R1.fq.gz writer finished 
[15:08:32] [fastp 1.3.3-d0bromir] Stage: writing (20 ms) 
[15:08:32] [GPU] Device 0: batches=44102 reads=361281611 
[15:08:32] [GPU] Device 1: batches=44102 reads=361281611 
[15:08:32] start to generate reports
 
Read1 before filtering:
total reads: 361281611
total bases: 54192241650
Q20 bases: 54123398100(99.873%)
Q30 bases: 54123398100(99.873%)
Q40 bases: 0(0%)

Read2 before filtering:
total reads: 361281611
total bases: 54192241650
Q20 bases: 53855170050(99.378%)
Q30 bases: 53855170050(99.378%)
Q40 bases: 0(0%)

Read1 after filtering:
total reads: 358607374
total bases: 53574361382
Q20 bases: 53574361382(100%)
Q30 bases: 53574361382(100%)
Q40 bases: 0(0%)

Read2 after filtering:
total reads: 358607374
total bases: 53574361382
Q20 bases: 53574361382(100%)
Q30 bases: 53574361382(100%)
Q40 bases: 0(0%)

Filtering result:
reads passed filter: 717214748
reads failed due to low quality: 5328396
reads failed due to too many N: 20078
reads failed due to too short: 0
reads failed due to adapter dimer: 0
reads with adapter trimmed: 9627740
bases trimmed due to adapters: 442711160

Duplication rate: 5.60214%

Insert size peak (evaluated by paired-end reads): 269

JSON report: /dev/shm/fastp_bench_YTqctJ.json
HTML report: /dev/null

/home/mpiuser/bioauto_rev/fastp_d0bromir/fastp -w 8 -j /dev/shm/fastp_bench_YTqctJ.json -h /dev/null --verbose -i /home/mpiuser/FASTQ/WGS/DRR216653_1.fastq.gz -I /home/mpiuser/FASTQ/WGS/DRR216653_2.fastq.gz -o /dev/shm/fastp_bench_kcQnrj_R1.fq.gz -O /dev/shm/fastp_bench_bhYH6R_R2.fq.gz 
fastp v1.3.3-d0bromir, time used: 468 seconds
================================================================
