=== Full Benchmark Log: Sun Oct  4 01:05:20 UTC 2026 ===


================================================================
 Application  : d0bromir_cpu (/home/mpiuser/bioauto_rev/fastp_d0bromir/fastp-cpu)
 Dataset      : WGS PE 40G (DRR216653 R1+R2)
 Files        : R1=/home/mpiuser/FASTQ/WGS/DRR216653_1.fastq.gz
               R2=/home/mpiuser/FASTQ/WGS/DRR216653_2.fastq.gz
 Type         : PE
 Threads      : 16
 Wall time    : 276.716 s
 reads_in     : 722563222
 reads_out    : 717214748
 vs_opengene  : N/A
--- Resource usage ---
 CPU avg/peak : 2991.0% / 3583.3%
 RSS peak     : 2565 MiB
 GPU util a/p : 0.0% / 0.0%
 GPU mem peak : 0 MiB
 Sample CSV   : /home/mpiuser/bioauto_rev/fastp_d0bromir/benchmark_results/20261004_010520/resources/resource_WGS_PE_40G_d0bromir_cpu_T16_1791077045.csv
--- Profiling output ---
[01:24:05] fastp 1.3.3-d0bromir starting 
[01:24:06] [fastp 1.3.3-d0bromir] Stage: loading 
[01:24:06] start to load data of read1 
[01:24:06] start to load data of read2 
[01:24:06] Read2: loaded 1M reads 
[01:24:06] Read1: loaded 1M reads 
[01:24:07] Read2: loaded 2M reads 
[01:24:07] Read1: loaded 2M reads 
[01:24:08] Read2: loaded 3M reads 
[01:24:08] Read1: loaded 3M reads 
[01:24:09] Read1: loaded 4M reads 
[01:24:09] Read2: loaded 4M reads 
[01:24:09] Read2: loaded 5M reads 
[01:24:09] Read1: loaded 5M reads 
[01:24:10] Read2: loaded 6M reads 
[01:24:10] Read1: loaded 6M reads 
[01:24:11] Read2: loaded 7M reads 
[01:24:11] Read1: loaded 7M reads 
[01:24:12] Read1: loaded 8M reads 
[01:24:12] Read2: loaded 8M reads 
[01:24:12] Read2: loaded 9M reads 
[01:24:12] Read1: loaded 9M reads 
[01:24:13] Read2: loaded 10M reads 
[01:24:13] Read1: loaded 10M reads 
[01:24:14] Read2: loaded 11M reads 
[01:24:14] Read1: loaded 11M reads 
[01:24:15] Read1: loaded 12M reads 
[01:24:15] Read2: loaded 12M reads 
[01:24:15] Read1: loaded 13M reads 
[01:24:15] Read2: loaded 13M reads 
[01:24:16] Read2: loaded 14M reads 
[01:24:16] Read1: loaded 14M reads 
[01:24:17] Read1: loaded 15M reads 
[01:24:17] Read2: loaded 15M reads 
[01:24:18] Read1: loaded 16M reads 
[01:24:18] Read2: loaded 16M reads 
[01:24:18] Read2: loaded 17M reads 
[01:24:18] Read1: loaded 17M reads 
[01:24:19] Read1: loaded 18M reads 
[01:24:19] Read2: loaded 18M reads 
[01:24:20] Read1: loaded 19M reads 
[01:24:20] Read2: loaded 19M reads 
[01:24:21] Read2: loaded 20M reads 
[01:24:21] Read1: loaded 20M reads 
[01:24:21] Read1: loaded 21M reads 
[01:24:21] Read2: loaded 21M reads 
[01:24:22] Read2: loaded 22M reads 
[01:24:22] Read1: loaded 22M reads 
[01:24:23] Read2: loaded 23M reads 
[01:24:23] Read1: loaded 23M reads 
[01:24:24] Read1: loaded 24M reads 
[01:24:24] Read2: loaded 24M reads 
[01:24:24] Read1: loaded 25M reads 
[01:24:24] Read2: loaded 25M reads 
[01:24:25] Read2: loaded 26M reads 
[01:24:25] Read1: loaded 26M reads 
[01:24:26] Read2: loaded 27M reads 
[01:24:26] Read1: loaded 27M reads 
[01:24:27] Read1: loaded 28M reads 
[01:24:27] Read2: loaded 28M reads 
[01:24:28] Read2: loaded 29M reads 
[01:24:28] Read1: loaded 29M reads 
[01:24:28] Read1: loaded 30M reads 
[01:24:28] Read2: loaded 30M reads 
[01:24:29] Read2: loaded 31M reads 
[01:24:29] Read1: loaded 31M reads 
[01:24:30] Read1: loaded 32M reads 
[01:24:30] Read2: loaded 32M reads 
[01:24:31] Read1: loaded 33M reads 
[01:24:31] Read2: loaded 33M reads 
[01:24:31] Read2: loaded 34M reads 
[01:24:31] Read1: loaded 34M reads 
[01:24:32] Read1: loaded 35M reads 
[01:24:32] Read2: loaded 35M reads 
[01:24:33] Read2: loaded 36M reads 
[01:24:33] Read1: loaded 36M reads 
[01:24:34] Read1: loaded 37M reads 
[01:24:34] Read2: loaded 37M reads 
[01:24:34] Read2: loaded 38M reads 
[01:24:34] Read1: loaded 38M reads 
[01:24:35] Read2: loaded 39M reads 
[01:24:35] Read1: loaded 39M reads 
[01:24:36] Read2: loaded 40M reads 
[01:24:36] Read1: loaded 40M reads 
[01:24:37] Read1: loaded 41M reads 
[01:24:37] Read2: loaded 41M reads 
[01:24:37] Read1: loaded 42M reads 
[01:24:37] Read2: loaded 42M reads 
[01:24:38] Read1: loaded 43M reads 
[01:24:38] Read2: loaded 43M reads 
[01:24:39] Read2: loaded 44M reads 
[01:24:39] Read1: loaded 44M reads 
[01:24:40] Read1: loaded 45M reads 
[01:24:40] Read2: loaded 45M reads 
[01:24:40] Read2: loaded 46M reads 
[01:24:40] Read1: loaded 46M reads 
[01:24:41] Read2: loaded 47M reads 
[01:24:41] Read1: loaded 47M reads 
[01:24:42] Read1: loaded 48M reads 
[01:24:42] Read2: loaded 48M reads 
[01:24:43] Read2: loaded 49M reads 
[01:24:43] Read1: loaded 49M reads 
[01:24:44] Read1: loaded 50M reads 
[01:24:44] Read2: loaded 50M reads 
[01:24:44] Read2: loaded 51M reads 
[01:24:44] Read1: loaded 51M reads 
[01:24:45] Read2: loaded 52M reads 
[01:24:45] Read1: loaded 52M reads 
[01:24:46] Read2: loaded 53M reads 
[01:24:46] Read1: loaded 53M reads 
[01:24:47] Read1: loaded 54M reads 
[01:24:47] Read2: loaded 54M reads 
[01:24:47] Read1: loaded 55M reads 
[01:24:47] Read2: loaded 55M reads 
[01:24:48] Read2: loaded 56M reads 
[01:24:48] Read1: loaded 56M reads 
[01:24:49] Read1: loaded 57M reads 
[01:24:49] Read2: loaded 57M reads 
[01:24:50] Read2: loaded 58M reads 
[01:24:50] Read1: loaded 58M reads 
[01:24:50] Read1: loaded 59M reads 
[01:24:50] Read2: loaded 59M reads 
[01:24:51] Read1: loaded 60M reads 
[01:24:51] Read2: loaded 60M reads 
[01:24:52] Read2: loaded 61M reads 
[01:24:52] Read1: loaded 61M reads 
[01:24:53] Read2: loaded 62M reads 
[01:24:53] Read1: loaded 62M reads 
[01:24:53] Read2: loaded 63M reads 
[01:24:53] Read1: loaded 63M reads 
[01:24:54] Read1: loaded 64M reads 
[01:24:54] Read2: loaded 64M reads 
[01:24:55] Read1: loaded 65M reads 
[01:24:55] Read2: loaded 65M reads 
[01:24:56] Read2: loaded 66M reads 
[01:24:56] Read1: loaded 66M reads 
[01:24:56] Read1: loaded 67M reads 
[01:24:56] Read2: loaded 67M reads 
[01:24:57] Read2: loaded 68M reads 
[01:24:57] Read1: loaded 68M reads 
[01:24:58] Read1: loaded 69M reads 
[01:24:58] Read2: loaded 69M reads 
[01:24:59] Read1: loaded 70M reads 
[01:24:59] Read2: loaded 70M reads 
[01:25:00] Read1: loaded 71M reads 
[01:25:00] Read2: loaded 71M reads 
[01:25:00] Read2: loaded 72M reads 
[01:25:00] Read1: loaded 72M reads 
[01:25:01] Read2: loaded 73M reads 
[01:25:01] Read1: loaded 73M reads 
[01:25:02] Read2: loaded 74M reads 
[01:25:02] Read1: loaded 74M reads 
[01:25:03] Read2: loaded 75M reads 
[01:25:03] Read1: loaded 75M reads 
[01:25:03] Read2: loaded 76M reads 
[01:25:03] Read1: loaded 76M reads 
[01:25:04] Read1: loaded 77M reads 
[01:25:04] Read2: loaded 77M reads 
[01:25:05] Read2: loaded 78M reads 
[01:25:05] Read1: loaded 78M reads 
[01:25:06] Read1: loaded 79M reads 
[01:25:06] Read2: loaded 79M reads 
[01:25:06] Read1: loaded 80M reads 
[01:25:06] Read2: loaded 80M reads 
[01:25:07] Read2: loaded 81M reads 
[01:25:07] Read1: loaded 81M reads 
[01:25:08] Read1: loaded 82M reads 
[01:25:08] Read2: loaded 82M reads 
[01:25:09] Read1: loaded 83M reads 
[01:25:09] Read2: loaded 83M reads 
[01:25:09] Read1: loaded 84M reads 
[01:25:09] Read2: loaded 84M reads 
[01:25:10] Read1: loaded 85M reads 
[01:25:10] Read2: loaded 85M reads 
[01:25:11] Read2: loaded 86M reads 
[01:25:11] Read1: loaded 86M reads 
[01:25:12] Read1: loaded 87M reads 
[01:25:12] Read2: loaded 87M reads 
[01:25:12] Read2: loaded 88M reads 
[01:25:13] Read1: loaded 88M reads 
[01:25:13] Read1: loaded 89M reads 
[01:25:13] Read2: loaded 89M reads 
[01:25:14] Read1: loaded 90M reads 
[01:25:14] Read2: loaded 90M reads 
[01:25:15] Read1: loaded 91M reads 
[01:25:15] Read2: loaded 91M reads 
[01:25:16] Read1: loaded 92M reads 
[01:25:16] Read2: loaded 92M reads 
[01:25:16] Read1: loaded 93M reads 
[01:25:16] Read2: loaded 93M reads 
[01:25:17] Read2: loaded 94M reads 
[01:25:17] Read1: loaded 94M reads 
[01:25:18] Read1: loaded 95M reads 
[01:25:18] Read2: loaded 95M reads 
[01:25:19] Read1: loaded 96M reads 
[01:25:19] Read2: loaded 96M reads 
[01:25:19] Read2: loaded 97M reads 
[01:25:19] Read1: loaded 97M reads 
[01:25:20] Read2: loaded 98M reads 
[01:25:20] Read1: loaded 98M reads 
[01:25:21] Read1: loaded 99M reads 
[01:25:21] Read2: loaded 99M reads 
[01:25:22] Read1: loaded 100M reads 
[01:25:22] Read2: loaded 100M reads 
[01:25:22] Read2: loaded 101M reads 
[01:25:22] Read1: loaded 101M reads 
[01:25:23] Read1: loaded 102M reads 
[01:25:23] Read2: loaded 102M reads 
[01:25:24] Read1: loaded 103M reads 
[01:25:24] Read2: loaded 103M reads 
[01:25:25] Read2: loaded 104M reads 
[01:25:25] Read1: loaded 104M reads 
[01:25:25] Read1: loaded 105M reads 
[01:25:25] Read2: loaded 105M reads 
[01:25:26] Read2: loaded 106M reads 
[01:25:26] Read1: loaded 106M reads 
[01:25:27] Read1: loaded 107M reads 
[01:25:27] Read2: loaded 107M reads 
[01:25:28] Read1: loaded 108M reads 
[01:25:28] Read2: loaded 108M reads 
[01:25:29] Read2: loaded 109M reads 
[01:25:29] Read1: loaded 109M reads 
[01:25:29] Read1: loaded 110M reads 
[01:25:29] Read2: loaded 110M reads 
[01:25:30] Read1: loaded 111M reads 
[01:25:30] Read2: loaded 111M reads 
[01:25:31] Read2: loaded 112M reads 
[01:25:31] Read1: loaded 112M reads 
[01:25:32] Read1: loaded 113M reads 
[01:25:32] Read2: loaded 113M reads 
[01:25:32] Read2: loaded 114M reads 
[01:25:32] Read1: loaded 114M reads 
[01:25:33] Read1: loaded 115M reads 
[01:25:33] Read2: loaded 115M reads 
[01:25:34] Read2: loaded 116M reads 
[01:25:34] Read1: loaded 116M reads 
[01:25:35] Read2: loaded 117M reads 
[01:25:35] Read1: loaded 117M reads 
[01:25:35] Read1: loaded 118M reads 
[01:25:35] Read2: loaded 118M reads 
[01:25:36] Read2: loaded 119M reads 
[01:25:36] Read1: loaded 119M reads 
[01:25:37] Read1: loaded 120M reads 
[01:25:37] Read2: loaded 120M reads 
[01:25:38] Read1: loaded 121M reads 
[01:25:38] Read2: loaded 121M reads 
[01:25:38] Read2: loaded 122M reads 
[01:25:38] Read1: loaded 122M reads 
[01:25:39] Read1: loaded 123M reads 
[01:25:39] Read2: loaded 123M reads 
[01:25:40] Read2: loaded 124M reads 
[01:25:40] Read1: loaded 124M reads 
[01:25:41] Read1: loaded 125M reads 
[01:25:41] Read2: loaded 125M reads 
[01:25:41] Read1: loaded 126M reads 
[01:25:41] Read2: loaded 126M reads 
[01:25:42] Read1: loaded 127M reads 
[01:25:42] Read2: loaded 127M reads 
[01:25:43] Read2: loaded 128M reads 
[01:25:43] Read1: loaded 128M reads 
[01:25:44] Read1: loaded 129M reads 
[01:25:44] Read2: loaded 129M reads 
[01:25:44] Read2: loaded 130M reads 
[01:25:44] Read1: loaded 130M reads 
[01:25:45] Read1: loaded 131M reads 
[01:25:45] Read2: loaded 131M reads 
[01:25:46] Read1: loaded 132M reads 
[01:25:46] Read2: loaded 132M reads 
[01:25:47] Read2: loaded 133M reads 
[01:25:47] Read1: loaded 133M reads 
[01:25:47] Read1: loaded 134M reads 
[01:25:48] Read2: loaded 134M reads 
[01:25:48] Read2: loaded 135M reads 
[01:25:48] Read1: loaded 135M reads 
[01:25:49] Read2: loaded 136M reads 
[01:25:49] Read1: loaded 136M reads 
[01:25:50] Read2: loaded 137M reads 
[01:25:50] Read1: loaded 137M reads 
[01:25:50] Read1: loaded 138M reads 
[01:25:51] Read2: loaded 138M reads 
[01:25:51] Read2: loaded 139M reads 
[01:25:51] Read1: loaded 139M reads 
[01:25:52] Read1: loaded 140M reads 
[01:25:52] Read2: loaded 140M reads 
[01:25:53] Read2: loaded 141M reads 
[01:25:53] Read1: loaded 141M reads 
[01:25:54] Read1: loaded 142M reads 
[01:25:54] Read2: loaded 142M reads 
[01:25:54] Read1: loaded 143M reads 
[01:25:54] Read2: loaded 143M reads 
[01:25:55] Read1: loaded 144M reads 
[01:25:55] Read2: loaded 144M reads 
[01:25:56] Read2: loaded 145M reads 
[01:25:56] Read1: loaded 145M reads 
[01:25:57] Read1: loaded 146M reads 
[01:25:57] Read2: loaded 146M reads 
[01:25:57] Read2: loaded 147M reads 
[01:25:57] Read1: loaded 147M reads 
[01:25:58] Read1: loaded 148M reads 
[01:25:58] Read2: loaded 148M reads 
[01:25:59] Read1: loaded 149M reads 
[01:25:59] Read2: loaded 149M reads 
[01:26:00] Read2: loaded 150M reads 
[01:26:00] Read1: loaded 150M reads 
[01:26:00] Read1: loaded 151M reads 
[01:26:00] Read2: loaded 151M reads 
[01:26:01] Read1: loaded 152M reads 
[01:26:01] Read2: loaded 152M reads 
[01:26:02] Read1: loaded 153M reads 
[01:26:02] Read2: loaded 153M reads 
[01:26:03] Read1: loaded 154M reads 
[01:26:03] Read2: loaded 154M reads 
[01:26:03] Read2: loaded 155M reads 
[01:26:03] Read1: loaded 155M reads 
[01:26:04] Read1: loaded 156M reads 
[01:26:04] Read2: loaded 156M reads 
[01:26:05] Read1: loaded 157M reads 
[01:26:05] Read2: loaded 157M reads 
[01:26:06] Read1: loaded 158M reads 
[01:26:06] Read2: loaded 158M reads 
[01:26:06] Read1: loaded 159M reads 
[01:26:06] Read2: loaded 159M reads 
[01:26:07] Read2: loaded 160M reads 
[01:26:07] Read1: loaded 160M reads 
[01:26:08] Read1: loaded 161M reads 
[01:26:08] Read2: loaded 161M reads 
[01:26:09] Read1: loaded 162M reads 
[01:26:09] Read2: loaded 162M reads 
[01:26:09] Read1: loaded 163M reads 
[01:26:09] Read2: loaded 163M reads 
[01:26:10] Read2: loaded 164M reads 
[01:26:10] Read1: loaded 164M reads 
[01:26:11] Read1: loaded 165M reads 
[01:26:11] Read2: loaded 165M reads 
[01:26:12] Read1: loaded 166M reads 
[01:26:12] Read2: loaded 166M reads 
[01:26:12] Read1: loaded 167M reads 
[01:26:12] Read2: loaded 167M reads 
[01:26:13] Read2: loaded 168M reads 
[01:26:13] Read1: loaded 168M reads 
[01:26:14] Read1: loaded 169M reads 
[01:26:14] Read2: loaded 169M reads 
[01:26:15] Read2: loaded 170M reads 
[01:26:15] Read1: loaded 170M reads 
[01:26:15] Read1: loaded 171M reads 
[01:26:15] Read2: loaded 171M reads 
[01:26:16] Read1: loaded 172M reads 
[01:26:16] Read2: loaded 172M reads 
[01:26:17] Read1: loaded 173M reads 
[01:26:17] Read2: loaded 173M reads 
[01:26:18] Read2: loaded 174M reads 
[01:26:18] Read1: loaded 174M reads 
[01:26:18] Read1: loaded 175M reads 
[01:26:18] Read2: loaded 175M reads 
[01:26:19] Read1: loaded 176M reads 
[01:26:19] Read2: loaded 176M reads 
[01:26:20] Read2: loaded 177M reads 
[01:26:20] Read1: loaded 177M reads 
[01:26:21] Read2: loaded 178M reads 
[01:26:21] Read1: loaded 178M reads 
[01:26:21] Read1: loaded 179M reads 
[01:26:21] Read2: loaded 179M reads 
[01:26:22] Read2: loaded 180M reads 
[01:26:22] Read1: loaded 180M reads 
[01:26:23] Read2: loaded 181M reads 
[01:26:23] Read1: loaded 181M reads 
[01:26:24] Read1: loaded 182M reads 
[01:26:24] Read2: loaded 182M reads 
[01:26:24] Read1: loaded 183M reads 
[01:26:24] Read2: loaded 183M reads 
[01:26:25] Read1: loaded 184M reads 
[01:26:25] Read2: loaded 184M reads 
[01:26:26] Read2: loaded 185M reads 
[01:26:26] Read1: loaded 185M reads 
[01:26:27] Read2: loaded 186M reads 
[01:26:27] Read1: loaded 186M reads 
[01:26:27] Read1: loaded 187M reads 
[01:26:27] Read2: loaded 187M reads 
[01:26:28] Read2: loaded 188M reads 
[01:26:28] Read1: loaded 188M reads 
[01:26:29] Read2: loaded 189M reads 
[01:26:29] Read1: loaded 189M reads 
[01:26:30] Read2: loaded 190M reads 
[01:26:30] Read1: loaded 190M reads 
[01:26:30] Read2: loaded 191M reads 
[01:26:30] Read1: loaded 191M reads 
[01:26:31] Read2: loaded 192M reads 
[01:26:31] Read1: loaded 192M reads 
[01:26:32] Read1: loaded 193M reads 
[01:26:32] Read2: loaded 193M reads 
[01:26:33] Read1: loaded 194M reads 
[01:26:33] Read2: loaded 194M reads 
[01:26:33] Read2: loaded 195M reads 
[01:26:33] Read1: loaded 195M reads 
[01:26:34] Read2: loaded 196M reads 
[01:26:34] Read1: loaded 196M reads 
[01:26:35] Read2: loaded 197M reads 
[01:26:35] Read1: loaded 197M reads 
[01:26:36] Read1: loaded 198M reads 
[01:26:36] Read2: loaded 198M reads 
[01:26:36] Read2: loaded 199M reads 
[01:26:36] Read1: loaded 199M reads 
[01:26:37] Read2: loaded 200M reads 
[01:26:37] Read1: loaded 200M reads 
[01:26:38] Read2: loaded 201M reads 
[01:26:38] Read1: loaded 201M reads 
[01:26:39] Read2: loaded 202M reads 
[01:26:39] Read1: loaded 202M reads 
[01:26:39] Read1: loaded 203M reads 
[01:26:39] Read2: loaded 203M reads 
[01:26:40] Read2: loaded 204M reads 
[01:26:40] Read1: loaded 204M reads 
[01:26:41] Read1: loaded 205M reads 
[01:26:41] Read2: loaded 205M reads 
[01:26:42] Read1: loaded 206M reads 
[01:26:42] Read2: loaded 206M reads 
[01:26:43] Read2: loaded 207M reads 
[01:26:43] Read1: loaded 207M reads 
[01:26:43] Read2: loaded 208M reads 
[01:26:43] Read1: loaded 208M reads 
[01:26:44] Read1: loaded 209M reads 
[01:26:44] Read2: loaded 209M reads 
[01:26:45] Read2: loaded 210M reads 
[01:26:45] Read1: loaded 210M reads 
[01:26:46] Read2: loaded 211M reads 
[01:26:46] Read1: loaded 211M reads 
[01:26:46] Read2: loaded 212M reads 
[01:26:46] Read1: loaded 212M reads 
[01:26:47] Read1: loaded 213M reads 
[01:26:47] Read2: loaded 213M reads 
[01:26:48] Read2: loaded 214M reads 
[01:26:48] Read1: loaded 214M reads 
[01:26:49] Read2: loaded 215M reads 
[01:26:49] Read1: loaded 215M reads 
[01:26:49] Read2: loaded 216M reads 
[01:26:49] Read1: loaded 216M reads 
[01:26:50] Read1: loaded 217M reads 
[01:26:50] Read2: loaded 217M reads 
[01:26:51] Read2: loaded 218M reads 
[01:26:51] Read1: loaded 218M reads 
[01:26:52] Read1: loaded 219M reads 
[01:26:52] Read2: loaded 219M reads 
[01:26:52] Read1: loaded 220M reads 
[01:26:52] Read2: loaded 220M reads 
[01:26:53] Read2: loaded 221M reads 
[01:26:53] Read1: loaded 221M reads 
[01:26:54] Read2: loaded 222M reads 
[01:26:54] Read1: loaded 222M reads 
[01:26:55] Read1: loaded 223M reads 
[01:26:55] Read2: loaded 223M reads 
[01:26:55] Read1: loaded 224M reads 
[01:26:55] Read2: loaded 224M reads 
[01:26:56] Read1: loaded 225M reads 
[01:26:56] Read2: loaded 225M reads 
[01:26:57] Read1: loaded 226M reads 
[01:26:57] Read2: loaded 226M reads 
[01:26:58] Read1: loaded 227M reads 
[01:26:58] Read2: loaded 227M reads 
[01:26:58] Read2: loaded 228M reads 
[01:26:58] Read1: loaded 228M reads 
[01:26:59] Read2: loaded 229M reads 
[01:26:59] Read1: loaded 229M reads 
[01:27:00] Read1: loaded 230M reads 
[01:27:00] Read2: loaded 230M reads 
[01:27:01] Read1: loaded 231M reads 
[01:27:01] Read2: loaded 231M reads 
[01:27:01] Read1: loaded 232M reads 
[01:27:01] Read2: loaded 232M reads 
[01:27:02] Read2: loaded 233M reads 
[01:27:02] Read1: loaded 233M reads 
[01:27:03] Read2: loaded 234M reads 
[01:27:03] Read1: loaded 234M reads 
[01:27:04] Read1: loaded 235M reads 
[01:27:04] Read2: loaded 235M reads 
[01:27:04] Read1: loaded 236M reads 
[01:27:05] Read2: loaded 236M reads 
[01:27:05] Read1: loaded 237M reads 
[01:27:05] Read2: loaded 237M reads 
[01:27:06] Read1: loaded 238M reads 
[01:27:06] Read2: loaded 238M reads 
[01:27:07] Read2: loaded 239M reads 
[01:27:07] Read1: loaded 239M reads 
[01:27:08] Read2: loaded 240M reads 
[01:27:08] Read1: loaded 240M reads 
[01:27:08] Read1: loaded 241M reads 
[01:27:08] Read2: loaded 241M reads 
[01:27:09] Read1: loaded 242M reads 
[01:27:09] Read2: loaded 242M reads 
[01:27:10] Read1: loaded 243M reads 
[01:27:10] Read2: loaded 243M reads 
[01:27:11] Read2: loaded 244M reads 
[01:27:11] Read1: loaded 244M reads 
[01:27:11] Read2: loaded 245M reads 
[01:27:11] Read1: loaded 245M reads 
[01:27:12] Read2: loaded 246M reads 
[01:27:12] Read1: loaded 246M reads 
[01:27:13] Read1: loaded 247M reads 
[01:27:13] Read2: loaded 247M reads 
[01:27:14] Read1: loaded 248M reads 
[01:27:14] Read2: loaded 248M reads 
[01:27:14] Read1: loaded 249M reads 
[01:27:14] Read2: loaded 249M reads 
[01:27:15] Read2: loaded 250M reads 
[01:27:15] Read1: loaded 250M reads 
[01:27:16] Read2: loaded 251M reads 
[01:27:16] Read1: loaded 251M reads 
[01:27:17] Read2: loaded 252M reads 
[01:27:17] Read1: loaded 252M reads 
[01:27:17] Read1: loaded 253M reads 
[01:27:17] Read2: loaded 253M reads 
[01:27:18] Read1: loaded 254M reads 
[01:27:18] Read2: loaded 254M reads 
[01:27:19] Read1: loaded 255M reads 
[01:27:19] Read2: loaded 255M reads 
[01:27:20] Read2: loaded 256M reads 
[01:27:20] Read1: loaded 256M reads 
[01:27:20] Read2: loaded 257M reads 
[01:27:20] Read1: loaded 257M reads 
[01:27:21] Read1: loaded 258M reads 
[01:27:21] Read2: loaded 258M reads 
[01:27:22] Read2: loaded 259M reads 
[01:27:22] Read1: loaded 259M reads 
[01:27:23] Read2: loaded 260M reads 
[01:27:23] Read1: loaded 260M reads 
[01:27:23] Read1: loaded 261M reads 
[01:27:23] Read2: loaded 261M reads 
[01:27:24] Read1: loaded 262M reads 
[01:27:24] Read2: loaded 262M reads 
[01:27:25] Read2: loaded 263M reads 
[01:27:25] Read1: loaded 263M reads 
[01:27:26] Read1: loaded 264M reads 
[01:27:26] Read2: loaded 264M reads 
[01:27:26] Read1: loaded 265M reads 
[01:27:26] Read2: loaded 265M reads 
[01:27:27] Read1: loaded 266M reads 
[01:27:27] Read2: loaded 266M reads 
[01:27:28] Read1: loaded 267M reads 
[01:27:28] Read2: loaded 267M reads 
[01:27:29] Read1: loaded 268M reads 
[01:27:29] Read2: loaded 268M reads 
[01:27:29] Read2: loaded 269M reads 
[01:27:29] Read1: loaded 269M reads 
[01:27:30] Read1: loaded 270M reads 
[01:27:30] Read2: loaded 270M reads 
[01:27:31] Read1: loaded 271M reads 
[01:27:31] Read2: loaded 271M reads 
[01:27:32] Read1: loaded 272M reads 
[01:27:32] Read2: loaded 272M reads 
[01:27:32] Read1: loaded 273M reads 
[01:27:32] Read2: loaded 273M reads 
[01:27:33] Read1: loaded 274M reads 
[01:27:33] Read2: loaded 274M reads 
[01:27:34] Read2: loaded 275M reads 
[01:27:34] Read1: loaded 275M reads 
[01:27:35] Read1: loaded 276M reads 
[01:27:35] Read2: loaded 276M reads 
[01:27:36] Read1: loaded 277M reads 
[01:27:36] Read2: loaded 277M reads 
[01:27:36] Read1: loaded 278M reads 
[01:27:36] Read2: loaded 278M reads 
[01:27:37] Read1: loaded 279M reads 
[01:27:37] Read2: loaded 279M reads 
[01:27:38] Read1: loaded 280M reads 
[01:27:38] Read2: loaded 280M reads 
[01:27:39] Read1: loaded 281M reads 
[01:27:39] Read2: loaded 281M reads 
[01:27:39] Read2: loaded 282M reads 
[01:27:39] Read1: loaded 282M reads 
[01:27:40] Read1: loaded 283M reads 
[01:27:40] Read2: loaded 283M reads 
[01:27:41] Read1: loaded 284M reads 
[01:27:41] Read2: loaded 284M reads 
[01:27:42] Read1: loaded 285M reads 
[01:27:42] Read2: loaded 285M reads 
[01:27:42] Read1: loaded 286M reads 
[01:27:42] Read2: loaded 286M reads 
[01:27:43] Read1: loaded 287M reads 
[01:27:43] Read2: loaded 287M reads 
[01:27:44] Read1: loaded 288M reads 
[01:27:44] Read2: loaded 288M reads 
[01:27:45] Read1: loaded 289M reads 
[01:27:45] Read2: loaded 289M reads 
[01:27:45] Read1: loaded 290M reads 
[01:27:45] Read2: loaded 290M reads 
[01:27:46] Read1: loaded 291M reads 
[01:27:46] Read2: loaded 291M reads 
[01:27:47] Read1: loaded 292M reads 
[01:27:47] Read2: loaded 292M reads 
[01:27:48] Read1: loaded 293M reads 
[01:27:48] Read2: loaded 293M reads 
[01:27:48] Read2: loaded 294M reads 
[01:27:48] Read1: loaded 294M reads 
[01:27:49] Read1: loaded 295M reads 
[01:27:49] Read2: loaded 295M reads 
[01:27:50] Read2: loaded 296M reads 
[01:27:50] Read1: loaded 296M reads 
[01:27:51] Read1: loaded 297M reads 
[01:27:51] Read2: loaded 297M reads 
[01:27:51] Read1: loaded 298M reads 
[01:27:51] Read2: loaded 298M reads 
[01:27:52] Read2: loaded 299M reads 
[01:27:52] Read1: loaded 299M reads 
[01:27:53] Read2: loaded 300M reads 
[01:27:53] Read1: loaded 300M reads 
[01:27:54] Read1: loaded 301M reads 
[01:27:54] Read2: loaded 301M reads 
[01:27:54] Read1: loaded 302M reads 
[01:27:54] Read2: loaded 302M reads 
[01:27:55] Read2: loaded 303M reads 
[01:27:55] Read1: loaded 303M reads 
[01:27:56] Read1: loaded 304M reads 
[01:27:56] Read2: loaded 304M reads 
[01:27:57] Read1: loaded 305M reads 
[01:27:57] Read2: loaded 305M reads 
[01:27:58] Read2: loaded 306M reads 
[01:27:58] Read1: loaded 306M reads 
[01:27:58] Read2: loaded 307M reads 
[01:27:58] Read1: loaded 307M reads 
[01:27:59] Read2: loaded 308M reads 
[01:27:59] Read1: loaded 308M reads 
[01:28:00] Read1: loaded 309M reads 
[01:28:00] Read2: loaded 309M reads 
[01:28:01] Read2: loaded 310M reads 
[01:28:01] Read1: loaded 310M reads 
[01:28:01] Read2: loaded 311M reads 
[01:28:01] Read1: loaded 311M reads 
[01:28:02] Read1: loaded 312M reads 
[01:28:02] Read2: loaded 312M reads 
[01:28:03] Read2: loaded 313M reads 
[01:28:03] Read1: loaded 313M reads 
[01:28:04] Read2: loaded 314M reads 
[01:28:04] Read1: loaded 314M reads 
[01:28:04] Read2: loaded 315M reads 
[01:28:04] Read1: loaded 315M reads 
[01:28:05] Read1: loaded 316M reads 
[01:28:05] Read2: loaded 316M reads 
[01:28:06] Read2: loaded 317M reads 
[01:28:06] Read1: loaded 317M reads 
[01:28:07] Read2: loaded 318M reads 
[01:28:07] Read1: loaded 318M reads 
[01:28:07] Read2: loaded 319M reads 
[01:28:07] Read1: loaded 319M reads 
[01:28:08] Read1: loaded 320M reads 
[01:28:08] Read2: loaded 320M reads 
[01:28:09] Read1: loaded 321M reads 
[01:28:09] Read2: loaded 321M reads 
[01:28:10] Read2: loaded 322M reads 
[01:28:10] Read1: loaded 322M reads 
[01:28:11] Read1: loaded 323M reads 
[01:28:11] Read2: loaded 323M reads 
[01:28:11] Read1: loaded 324M reads 
[01:28:11] Read2: loaded 324M reads 
[01:28:12] Read1: loaded 325M reads 
[01:28:12] Read2: loaded 325M reads 
[01:28:13] Read1: loaded 326M reads 
[01:28:13] Read2: loaded 326M reads 
[01:28:14] Read1: loaded 327M reads 
[01:28:14] Read2: loaded 327M reads 
[01:28:14] Read2: loaded 328M reads 
[01:28:14] Read1: loaded 328M reads 
[01:28:15] Read2: loaded 329M reads 
[01:28:15] Read1: loaded 329M reads 
[01:28:16] Read2: loaded 330M reads 
[01:28:16] Read1: loaded 330M reads 
[01:28:17] Read1: loaded 331M reads 
[01:28:17] Read2: loaded 331M reads 
[01:28:17] Read1: loaded 332M reads 
[01:28:17] Read2: loaded 332M reads 
[01:28:18] Read2: loaded 333M reads 
[01:28:18] Read1: loaded 333M reads 
[01:28:19] Read1: loaded 334M reads 
[01:28:19] Read2: loaded 334M reads 
[01:28:20] Read2: loaded 335M reads 
[01:28:20] Read1: loaded 335M reads 
[01:28:20] Read1: loaded 336M reads 
[01:28:21] Read2: loaded 336M reads 
[01:28:21] Read2: loaded 337M reads 
[01:28:21] Read1: loaded 337M reads 
[01:28:22] Read1: loaded 338M reads 
[01:28:22] Read2: loaded 338M reads 
[01:28:23] Read2: loaded 339M reads 
[01:28:23] Read1: loaded 339M reads 
[01:28:24] Read2: loaded 340M reads 
[01:28:24] Read1: loaded 340M reads 
[01:28:24] Read1: loaded 341M reads 
[01:28:24] Read2: loaded 341M reads 
[01:28:25] Read2: loaded 342M reads 
[01:28:25] Read1: loaded 342M reads 
[01:28:26] Read2: loaded 343M reads 
[01:28:26] Read1: loaded 343M reads 
[01:28:27] Read2: loaded 344M reads 
[01:28:27] Read1: loaded 344M reads 
[01:28:27] Read2: loaded 345M reads 
[01:28:27] Read1: loaded 345M reads 
[01:28:28] Read1: loaded 346M reads 
[01:28:28] Read2: loaded 346M reads 
[01:28:29] Read1: loaded 347M reads 
[01:28:29] Read2: loaded 347M reads 
[01:28:30] Read2: loaded 348M reads 
[01:28:30] Read1: loaded 348M reads 
[01:28:30] Read2: loaded 349M reads 
[01:28:30] Read1: loaded 349M reads 
[01:28:31] Read2: loaded 350M reads 
[01:28:31] Read1: loaded 350M reads 
[01:28:32] Read1: loaded 351M reads 
[01:28:32] Read2: loaded 351M reads 
[01:28:33] Read1: loaded 352M reads 
[01:28:33] Read2: loaded 352M reads 
[01:28:34] Read2: loaded 353M reads 
[01:28:34] Read1: loaded 353M reads 
[01:28:34] Read2: loaded 354M reads 
[01:28:34] Read1: loaded 354M reads 
[01:28:35] Read1: loaded 355M reads 
[01:28:35] Read2: loaded 355M reads 
[01:28:36] Read2: loaded 356M reads 
[01:28:36] Read1: loaded 356M reads 
[01:28:37] Read1: loaded 357M reads 
[01:28:37] Read2: loaded 357M reads 
[01:28:37] Read2: loaded 358M reads 
[01:28:37] Read1: loaded 358M reads 
[01:28:38] Read2: loaded 359M reads 
[01:28:38] Read1: loaded 359M reads 
[01:28:39] Read2: loaded 360M reads 
[01:28:39] Read1: loaded 360M reads 
[01:28:40] Read2: loaded 361M reads 
[01:28:40] Read1: loaded 361M reads 
[01:28:40] Read1: loading completed with 44102 packs 
[01:28:40] Read2: loading completed with 44102 packs 
[01:28:40] [fastp 1.3.3-d0bromir] Stage: loading (274288 ms) 
[01:28:40] [fastp 1.3.3-d0bromir] Stage: filtering 
[01:28:40] thread 12 data processing completed 
[01:28:40] thread 12 finished 
[01:28:40] thread 10 data processing completed 
[01:28:40] thread 10 finished 
[01:28:40] thread 15 data processing completed 
[01:28:40] thread 15 finished 
[01:28:40] thread 11 data processing completed 
[01:28:40] thread 11 finished 
[01:28:40] thread 7 data processing completed 
[01:28:40] thread 7 finished 
[01:28:40] thread 5 data processing completed 
[01:28:40] thread 5 finished 
[01:28:40] thread 2 data processing completed 
[01:28:40] thread 2 finished 
[01:28:40] thread 13 data processing completed 
[01:28:40] thread 13 finished 
[01:28:40] thread 16 data processing completed 
[01:28:40] thread 16 finished 
[01:28:40] thread 8 data processing completed 
[01:28:40] thread 8 finished 
[01:28:40] thread 3 data processing completed 
[01:28:40] thread 3 finished 
[01:28:40] thread 14 data processing completed 
[01:28:40] thread 14 finished 
[01:28:40] thread 4 data processing completed 
[01:28:40] thread 4 finished 
[01:28:40] thread 9 data processing completed 
[01:28:40] thread 9 finished 
[01:28:40] thread 6 data processing completed 
[01:28:40] thread 6 finished 
[01:28:40] thread 1 data processing completed 
[01:28:40] thread 1 finished 
[01:28:40] [fastp 1.3.3-d0bromir] Stage: filtering (400 ms) 
[01:28:40] [fastp 1.3.3-d0bromir] Stage: writing 
[01:28:40] /dev/shm/fastp_bench_GPhl3s_R2.fq.gz writer finished 
[01:28:40] /dev/shm/fastp_bench_98K40F_R1.fq.gz writer finished 
[01:28:40] [fastp 1.3.3-d0bromir] Stage: writing (26 ms) 
[01:28:40] start to generate reports
 
Read1 before filtering:
total reads: 361281611
total bases: 54192241650
Q20 bases: 54123398100(99.873%)
Q30 bases: 54123398100(99.873%)
Q40 bases: 0(0%)

Read2 before filtering:
total reads: 361281611
total bases: 54192241650
Q20 bases: 53855170050(99.378%)
Q30 bases: 53855170050(99.378%)
Q40 bases: 0(0%)

Read1 after filtering:
total reads: 358607374
total bases: 53574361382
Q20 bases: 53574361382(100%)
Q30 bases: 53574361382(100%)
Q40 bases: 0(0%)

Read2 after filtering:
total reads: 358607374
total bases: 53574361382
Q20 bases: 53574361382(100%)
Q30 bases: 53574361382(100%)
Q40 bases: 0(0%)

Filtering result:
reads passed filter: 717214748
reads failed due to low quality: 5328396
reads failed due to too many N: 20078
reads failed due to too short: 0
reads failed due to adapter dimer: 0
reads with adapter trimmed: 9627740
bases trimmed due to adapters: 442711160

Duplication rate: 5.60214%

Insert size peak (evaluated by paired-end reads): 269

JSON report: /dev/shm/fastp_bench_wlhxAs.json
HTML report: /dev/null

/home/mpiuser/bioauto_rev/fastp_d0bromir/fastp-cpu -w 16 -j /dev/shm/fastp_bench_wlhxAs.json -h /dev/null --verbose -i /home/mpiuser/FASTQ/WGS/DRR216653_1.fastq.gz -I /home/mpiuser/FASTQ/WGS/DRR216653_2.fastq.gz -o /dev/shm/fastp_bench_98K40F_R1.fq.gz -O /dev/shm/fastp_bench_GPhl3s_R2.fq.gz 
fastp v1.3.3-d0bromir, time used: 277 seconds
================================================================

================================================================
 Application  : d0bromir_gpu (/home/mpiuser/bioauto_rev/fastp_d0bromir/fastp)
 Dataset      : WGS PE 40G (DRR216653 R1+R2)
 Files        : R1=/home/mpiuser/FASTQ/WGS/DRR216653_1.fastq.gz
               R2=/home/mpiuser/FASTQ/WGS/DRR216653_2.fastq.gz
 Type         : PE
 Threads      : 16
 Wall time    : 248.325 s
 reads_in     : 722563222
 reads_out    : 717214748
 vs_opengene  : N/A
--- Resource usage ---
 CPU avg/peak : 3017.4% / 3504.5%
 RSS peak     : 3213 MiB
 GPU util a/p : 25.8% / 28.0%
 GPU mem peak : 1360 MiB
 Sample CSV   : /home/mpiuser/bioauto_rev/fastp_d0bromir/benchmark_results/20261004_010520/resources/resource_WGS_PE_40G_d0bromir_gpu_T16_1791077327.csv
--- Profiling output ---
[01:28:47] fastp 1.3.3-d0bromir starting 
[01:28:47] [GPU] CUDA GPU available (Device 0) - statistics GPU-accelerated (slots=8) 
[01:28:47] [fastp 1.3.3-d0bromir] Stage: loading 
[01:28:47] start to load data of read1 
[01:28:47] start to load data of read2 
[01:28:47] [GPU] CUDA GPU available (Device 1) - statistics GPU-accelerated (slots=8) 
[01:28:47] [GPU] Dual-GPU mode: Device 0 + Device 1 active 
[01:28:48] Read1: loaded 1M reads 
[01:28:48] Read2: loaded 1M reads 
[01:28:49] Read1: loaded 2M reads 
[01:28:49] Read2: loaded 2M reads 
[01:28:49] Read2: loaded 3M reads 
[01:28:49] Read1: loaded 3M reads 
[01:28:50] Read1: loaded 4M reads 
[01:28:50] Read2: loaded 4M reads 
[01:28:51] Read2: loaded 5M reads 
[01:28:51] Read1: loaded 5M reads 
[01:28:51] Read1: loaded 6M reads 
[01:28:51] Read2: loaded 6M reads 
[01:28:52] Read1: loaded 7M reads 
[01:28:52] Read2: loaded 7M reads 
[01:28:53] Read2: loaded 8M reads 
[01:28:53] Read1: loaded 8M reads 
[01:28:53] Read1: loaded 9M reads 
[01:28:53] Read2: loaded 9M reads 
[01:28:54] Read2: loaded 10M reads 
[01:28:54] Read1: loaded 10M reads 
[01:28:55] Read1: loaded 11M reads 
[01:28:55] Read2: loaded 11M reads 
[01:28:55] Read2: loaded 12M reads 
[01:28:55] Read1: loaded 12M reads 
[01:28:56] Read1: loaded 13M reads 
[01:28:56] Read2: loaded 13M reads 
[01:28:57] Read2: loaded 14M reads 
[01:28:57] Read1: loaded 14M reads 
[01:28:57] Read2: loaded 15M reads 
[01:28:57] Read1: loaded 15M reads 
[01:28:58] Read2: loaded 16M reads 
[01:28:58] Read1: loaded 16M reads 
[01:28:59] Read2: loaded 17M reads 
[01:28:59] Read1: loaded 17M reads 
[01:28:59] Read2: loaded 18M reads 
[01:28:59] Read1: loaded 18M reads 
[01:29:00] Read1: loaded 19M reads 
[01:29:00] Read2: loaded 19M reads 
[01:29:01] Read2: loaded 20M reads 
[01:29:01] Read1: loaded 20M reads 
[01:29:01] Read1: loaded 21M reads 
[01:29:01] Read2: loaded 21M reads 
[01:29:02] Read2: loaded 22M reads 
[01:29:02] Read1: loaded 22M reads 
[01:29:03] Read1: loaded 23M reads 
[01:29:03] Read2: loaded 23M reads 
[01:29:03] Read1: loaded 24M reads 
[01:29:03] Read2: loaded 24M reads 
[01:29:04] Read1: loaded 25M reads 
[01:29:04] Read2: loaded 25M reads 
[01:29:05] Read2: loaded 26M reads 
[01:29:05] Read1: loaded 26M reads 
[01:29:05] Read1: loaded 27M reads 
[01:29:05] Read2: loaded 27M reads 
[01:29:06] Read1: loaded 28M reads 
[01:29:06] Read2: loaded 28M reads 
[01:29:07] Read2: loaded 29M reads 
[01:29:07] Read1: loaded 29M reads 
[01:29:08] Read1: loaded 30M reads 
[01:29:08] Read2: loaded 30M reads 
[01:29:08] Read2: loaded 31M reads 
[01:29:08] Read1: loaded 31M reads 
[01:29:09] Read1: loaded 32M reads 
[01:29:09] Read2: loaded 32M reads 
[01:29:10] Read2: loaded 33M reads 
[01:29:10] Read1: loaded 33M reads 
[01:29:10] Read2: loaded 34M reads 
[01:29:10] Read1: loaded 34M reads 
[01:29:11] Read1: loaded 35M reads 
[01:29:11] Read2: loaded 35M reads 
[01:29:12] Read1: loaded 36M reads 
[01:29:12] Read2: loaded 36M reads 
[01:29:12] Read1: loaded 37M reads 
[01:29:12] Read2: loaded 37M reads 
[01:29:13] Read1: loaded 38M reads 
[01:29:13] Read2: loaded 38M reads 
[01:29:14] Read2: loaded 39M reads 
[01:29:14] Read1: loaded 39M reads 
[01:29:14] Read1: loaded 40M reads 
[01:29:14] Read2: loaded 40M reads 
[01:29:15] Read1: loaded 41M reads 
[01:29:15] Read2: loaded 41M reads 
[01:29:16] Read1: loaded 42M reads 
[01:29:16] Read2: loaded 42M reads 
[01:29:16] Read1: loaded 43M reads 
[01:29:16] Read2: loaded 43M reads 
[01:29:17] Read1: loaded 44M reads 
[01:29:17] Read2: loaded 44M reads 
[01:29:18] Read2: loaded 45M reads 
[01:29:18] Read1: loaded 45M reads 
[01:29:18] Read1: loaded 46M reads 
[01:29:18] Read2: loaded 46M reads 
[01:29:19] Read1: loaded 47M reads 
[01:29:19] Read2: loaded 47M reads 
[01:29:20] Read1: loaded 48M reads 
[01:29:20] Read2: loaded 48M reads 
[01:29:20] Read2: loaded 49M reads 
[01:29:20] Read1: loaded 49M reads 
[01:29:21] Read1: loaded 50M reads 
[01:29:21] Read2: loaded 50M reads 
[01:29:22] Read2: loaded 51M reads 
[01:29:22] Read1: loaded 51M reads 
[01:29:22] Read1: loaded 52M reads 
[01:29:22] Read2: loaded 52M reads 
[01:29:23] Read2: loaded 53M reads 
[01:29:23] Read1: loaded 53M reads 
[01:29:24] Read2: loaded 54M reads 
[01:29:24] Read1: loaded 54M reads 
[01:29:25] Read1: loaded 55M reads 
[01:29:25] Read2: loaded 55M reads 
[01:29:25] Read2: loaded 56M reads 
[01:29:25] Read1: loaded 56M reads 
[01:29:26] Read1: loaded 57M reads 
[01:29:26] Read2: loaded 57M reads 
[01:29:27] Read2: loaded 58M reads 
[01:29:27] Read1: loaded 58M reads 
[01:29:27] Read2: loaded 59M reads 
[01:29:27] Read1: loaded 59M reads 
[01:29:28] Read1: loaded 60M reads 
[01:29:28] Read2: loaded 60M reads 
[01:29:29] Read2: loaded 61M reads 
[01:29:29] Read1: loaded 61M reads 
[01:29:29] Read1: loaded 62M reads 
[01:29:29] Read2: loaded 62M reads 
[01:29:30] Read2: loaded 63M reads 
[01:29:30] Read1: loaded 63M reads 
[01:29:31] Read2: loaded 64M reads 
[01:29:31] Read1: loaded 64M reads 
[01:29:31] Read2: loaded 65M reads 
[01:29:31] Read1: loaded 65M reads 
[01:29:32] Read2: loaded 66M reads 
[01:29:32] Read1: loaded 66M reads 
[01:29:33] Read1: loaded 67M reads 
[01:29:33] Read2: loaded 67M reads 
[01:29:33] Read1: loaded 68M reads 
[01:29:33] Read2: loaded 68M reads 
[01:29:34] Read1: loaded 69M reads 
[01:29:34] Read2: loaded 69M reads 
[01:29:35] Read1: loaded 70M reads 
[01:29:35] Read2: loaded 70M reads 
[01:29:35] Read1: loaded 71M reads 
[01:29:35] Read2: loaded 71M reads 
[01:29:36] Read2: loaded 72M reads 
[01:29:36] Read1: loaded 72M reads 
[01:29:37] Read1: loaded 73M reads 
[01:29:37] Read2: loaded 73M reads 
[01:29:37] Read1: loaded 74M reads 
[01:29:37] Read2: loaded 74M reads 
[01:29:38] Read1: loaded 75M reads 
[01:29:38] Read2: loaded 75M reads 
[01:29:39] Read1: loaded 76M reads 
[01:29:39] Read2: loaded 76M reads 
[01:29:40] Read2: loaded 77M reads 
[01:29:40] Read1: loaded 77M reads 
[01:29:40] Read2: loaded 78M reads 
[01:29:40] Read1: loaded 78M reads 
[01:29:41] Read1: loaded 79M reads 
[01:29:41] Read2: loaded 79M reads 
[01:29:42] Read2: loaded 80M reads 
[01:29:42] Read1: loaded 80M reads 
[01:29:42] Read2: loaded 81M reads 
[01:29:42] Read1: loaded 81M reads 
[01:29:43] Read2: loaded 82M reads 
[01:29:43] Read1: loaded 82M reads 
[01:29:44] Read1: loaded 83M reads 
[01:29:44] Read2: loaded 83M reads 
[01:29:44] Read1: loaded 84M reads 
[01:29:44] Read2: loaded 84M reads 
[01:29:45] Read1: loaded 85M reads 
[01:29:45] Read2: loaded 85M reads 
[01:29:46] Read1: loaded 86M reads 
[01:29:46] Read2: loaded 86M reads 
[01:29:46] Read1: loaded 87M reads 
[01:29:46] Read2: loaded 87M reads 
[01:29:47] Read2: loaded 88M reads 
[01:29:47] Read1: loaded 88M reads 
[01:29:48] Read1: loaded 89M reads 
[01:29:48] Read2: loaded 89M reads 
[01:29:48] Read1: loaded 90M reads 
[01:29:48] Read2: loaded 90M reads 
[01:29:49] Read1: loaded 91M reads 
[01:29:49] Read2: loaded 91M reads 
[01:29:50] Read2: loaded 92M reads 
[01:29:50] Read1: loaded 92M reads 
[01:29:50] Read2: loaded 93M reads 
[01:29:50] Read1: loaded 93M reads 
[01:29:51] Read1: loaded 94M reads 
[01:29:51] Read2: loaded 94M reads 
[01:29:52] Read2: loaded 95M reads 
[01:29:52] Read1: loaded 95M reads 
[01:29:52] Read1: loaded 96M reads 
[01:29:52] Read2: loaded 96M reads 
[01:29:53] Read1: loaded 97M reads 
[01:29:53] Read2: loaded 97M reads 
[01:29:54] Read2: loaded 98M reads 
[01:29:54] Read1: loaded 98M reads 
[01:29:55] Read1: loaded 99M reads 
[01:29:55] Read2: loaded 99M reads 
[01:29:55] Read2: loaded 100M reads 
[01:29:55] Read1: loaded 100M reads 
[01:29:56] Read1: loaded 101M reads 
[01:29:56] Read2: loaded 101M reads 
[01:29:57] Read1: loaded 102M reads 
[01:29:57] Read2: loaded 102M reads 
[01:29:57] Read2: loaded 103M reads 
[01:29:57] Read1: loaded 103M reads 
[01:29:58] Read1: loaded 104M reads 
[01:29:58] Read2: loaded 104M reads 
[01:29:59] Read2: loaded 105M reads 
[01:29:59] Read1: loaded 105M reads 
[01:29:59] Read1: loaded 106M reads 
[01:29:59] Read2: loaded 106M reads 
[01:30:00] Read2: loaded 107M reads 
[01:30:00] Read1: loaded 107M reads 
[01:30:01] Read1: loaded 108M reads 
[01:30:01] Read2: loaded 108M reads 
[01:30:01] Read1: loaded 109M reads 
[01:30:01] Read2: loaded 109M reads 
[01:30:02] Read1: loaded 110M reads 
[01:30:02] Read2: loaded 110M reads 
[01:30:03] Read1: loaded 111M reads 
[01:30:03] Read2: loaded 111M reads 
[01:30:03] Read2: loaded 112M reads 
[01:30:03] Read1: loaded 112M reads 
[01:30:04] Read1: loaded 113M reads 
[01:30:04] Read2: loaded 113M reads 
[01:30:05] Read2: loaded 114M reads 
[01:30:05] Read1: loaded 114M reads 
[01:30:05] Read1: loaded 115M reads 
[01:30:05] Read2: loaded 115M reads 
[01:30:06] Read1: loaded 116M reads 
[01:30:06] Read2: loaded 116M reads 
[01:30:07] Read1: loaded 117M reads 
[01:30:07] Read2: loaded 117M reads 
[01:30:07] Read1: loaded 118M reads 
[01:30:07] Read2: loaded 118M reads 
[01:30:08] Read2: loaded 119M reads 
[01:30:08] Read1: loaded 119M reads 
[01:30:09] Read1: loaded 120M reads 
[01:30:09] Read2: loaded 120M reads 
[01:30:10] Read1: loaded 121M reads 
[01:30:10] Read2: loaded 121M reads 
[01:30:10] Read2: loaded 122M reads 
[01:30:10] Read1: loaded 122M reads 
[01:30:11] Read1: loaded 123M reads 
[01:30:11] Read2: loaded 123M reads 
[01:30:12] Read2: loaded 124M reads 
[01:30:12] Read1: loaded 124M reads 
[01:30:12] Read1: loaded 125M reads 
[01:30:12] Read2: loaded 125M reads 
[01:30:13] Read2: loaded 126M reads 
[01:30:13] Read1: loaded 126M reads 
[01:30:14] Read1: loaded 127M reads 
[01:30:14] Read2: loaded 127M reads 
[01:30:14] Read1: loaded 128M reads 
[01:30:14] Read2: loaded 128M reads 
[01:30:15] Read2: loaded 129M reads 
[01:30:15] Read1: loaded 129M reads 
[01:30:16] Read1: loaded 130M reads 
[01:30:16] Read2: loaded 130M reads 
[01:30:16] Read1: loaded 131M reads 
[01:30:16] Read2: loaded 131M reads 
[01:30:17] Read2: loaded 132M reads 
[01:30:17] Read1: loaded 132M reads 
[01:30:18] Read2: loaded 133M reads 
[01:30:18] Read1: loaded 133M reads 
[01:30:18] Read1: loaded 134M reads 
[01:30:18] Read2: loaded 134M reads 
[01:30:19] Read2: loaded 135M reads 
[01:30:19] Read1: loaded 135M reads 
[01:30:20] Read1: loaded 136M reads 
[01:30:20] Read2: loaded 136M reads 
[01:30:20] Read2: loaded 137M reads 
[01:30:20] Read1: loaded 137M reads 
[01:30:21] Read2: loaded 138M reads 
[01:30:21] Read1: loaded 138M reads 
[01:30:22] Read2: loaded 139M reads 
[01:30:22] Read1: loaded 139M reads 
[01:30:22] Read1: loaded 140M reads 
[01:30:22] Read2: loaded 140M reads 
[01:30:23] Read2: loaded 141M reads 
[01:30:23] Read1: loaded 141M reads 
[01:30:24] Read1: loaded 142M reads 
[01:30:24] Read2: loaded 142M reads 
[01:30:24] Read2: loaded 143M reads 
[01:30:24] Read1: loaded 143M reads 
[01:30:25] Read1: loaded 144M reads 
[01:30:25] Read2: loaded 144M reads 
[01:30:26] Read2: loaded 145M reads 
[01:30:26] Read1: loaded 145M reads 
[01:30:26] Read1: loaded 146M reads 
[01:30:26] Read2: loaded 146M reads 
[01:30:27] Read2: loaded 147M reads 
[01:30:27] Read1: loaded 147M reads 
[01:30:28] Read2: loaded 148M reads 
[01:30:28] Read1: loaded 148M reads 
[01:30:28] Read1: loaded 149M reads 
[01:30:28] Read2: loaded 149M reads 
[01:30:29] Read1: loaded 150M reads 
[01:30:29] Read2: loaded 150M reads 
[01:30:30] Read1: loaded 151M reads 
[01:30:30] Read2: loaded 151M reads 
[01:30:30] Read1: loaded 152M reads 
[01:30:30] Read2: loaded 152M reads 
[01:30:31] Read1: loaded 153M reads 
[01:30:31] Read2: loaded 153M reads 
[01:30:32] Read2: loaded 154M reads 
[01:30:32] Read1: loaded 154M reads 
[01:30:32] Read1: loaded 155M reads 
[01:30:32] Read2: loaded 155M reads 
[01:30:33] Read1: loaded 156M reads 
[01:30:33] Read2: loaded 156M reads 
[01:30:34] Read1: loaded 157M reads 
[01:30:34] Read2: loaded 157M reads 
[01:30:34] Read1: loaded 158M reads 
[01:30:34] Read2: loaded 158M reads 
[01:30:35] Read2: loaded 159M reads 
[01:30:35] Read1: loaded 159M reads 
[01:30:36] Read1: loaded 160M reads 
[01:30:36] Read2: loaded 160M reads 
[01:30:36] Read1: loaded 161M reads 
[01:30:36] Read2: loaded 161M reads 
[01:30:37] Read2: loaded 162M reads 
[01:30:37] Read1: loaded 162M reads 
[01:30:38] Read1: loaded 163M reads 
[01:30:38] Read2: loaded 163M reads 
[01:30:38] Read2: loaded 164M reads 
[01:30:38] Read1: loaded 164M reads 
[01:30:39] Read1: loaded 165M reads 
[01:30:39] Read2: loaded 165M reads 
[01:30:40] Read1: loaded 166M reads 
[01:30:40] Read2: loaded 166M reads 
[01:30:40] Read2: loaded 167M reads 
[01:30:40] Read1: loaded 167M reads 
[01:30:41] Read2: loaded 168M reads 
[01:30:41] Read1: loaded 168M reads 
[01:30:42] Read1: loaded 169M reads 
[01:30:42] Read2: loaded 169M reads 
[01:30:43] Read2: loaded 170M reads 
[01:30:43] Read1: loaded 170M reads 
[01:30:43] Read1: loaded 171M reads 
[01:30:43] Read2: loaded 171M reads 
[01:30:44] Read1: loaded 172M reads 
[01:30:44] Read2: loaded 172M reads 
[01:30:45] Read1: loaded 173M reads 
[01:30:45] Read2: loaded 173M reads 
[01:30:45] Read2: loaded 174M reads 
[01:30:45] Read1: loaded 174M reads 
[01:30:46] Read2: loaded 175M reads 
[01:30:46] Read1: loaded 175M reads 
[01:30:47] Read1: loaded 176M reads 
[01:30:47] Read2: loaded 176M reads 
[01:30:47] Read2: loaded 177M reads 
[01:30:47] Read1: loaded 177M reads 
[01:30:48] Read1: loaded 178M reads 
[01:30:48] Read2: loaded 178M reads 
[01:30:49] Read1: loaded 179M reads 
[01:30:49] Read2: loaded 179M reads 
[01:30:49] Read2: loaded 180M reads 
[01:30:49] Read1: loaded 180M reads 
[01:30:50] Read2: loaded 181M reads 
[01:30:50] Read1: loaded 181M reads 
[01:30:51] Read1: loaded 182M reads 
[01:30:51] Read2: loaded 182M reads 
[01:30:51] Read2: loaded 183M reads 
[01:30:51] Read1: loaded 183M reads 
[01:30:52] Read1: loaded 184M reads 
[01:30:52] Read2: loaded 184M reads 
[01:30:53] Read1: loaded 185M reads 
[01:30:53] Read2: loaded 185M reads 
[01:30:53] Read1: loaded 186M reads 
[01:30:53] Read2: loaded 186M reads 
[01:30:54] Read1: loaded 187M reads 
[01:30:54] Read2: loaded 187M reads 
[01:30:55] Read2: loaded 188M reads 
[01:30:55] Read1: loaded 188M reads 
[01:30:55] Read2: loaded 189M reads 
[01:30:55] Read1: loaded 189M reads 
[01:30:56] Read2: loaded 190M reads 
[01:30:56] Read1: loaded 190M reads 
[01:30:57] Read2: loaded 191M reads 
[01:30:57] Read1: loaded 191M reads 
[01:30:57] Read1: loaded 192M reads 
[01:30:57] Read2: loaded 192M reads 
[01:30:58] Read1: loaded 193M reads 
[01:30:58] Read2: loaded 193M reads 
[01:30:59] Read2: loaded 194M reads 
[01:30:59] Read1: loaded 194M reads 
[01:30:59] Read1: loaded 195M reads 
[01:30:59] Read2: loaded 195M reads 
[01:31:00] Read2: loaded 196M reads 
[01:31:00] Read1: loaded 196M reads 
[01:31:01] Read2: loaded 197M reads 
[01:31:01] Read1: loaded 197M reads 
[01:31:01] Read2: loaded 198M reads 
[01:31:01] Read1: loaded 198M reads 
[01:31:02] Read1: loaded 199M reads 
[01:31:02] Read2: loaded 199M reads 
[01:31:03] Read2: loaded 200M reads 
[01:31:03] Read1: loaded 200M reads 
[01:31:03] Read2: loaded 201M reads 
[01:31:03] Read1: loaded 201M reads 
[01:31:04] Read2: loaded 202M reads 
[01:31:04] Read1: loaded 202M reads 
[01:31:05] Read1: loaded 203M reads 
[01:31:05] Read2: loaded 203M reads 
[01:31:05] Read2: loaded 204M reads 
[01:31:05] Read1: loaded 204M reads 
[01:31:06] Read1: loaded 205M reads 
[01:31:06] Read2: loaded 205M reads 
[01:31:07] Read2: loaded 206M reads 
[01:31:07] Read1: loaded 206M reads 
[01:31:07] Read1: loaded 207M reads 
[01:31:07] Read2: loaded 207M reads 
[01:31:08] Read1: loaded 208M reads 
[01:31:08] Read2: loaded 208M reads 
[01:31:09] Read1: loaded 209M reads 
[01:31:09] Read2: loaded 209M reads 
[01:31:09] Read1: loaded 210M reads 
[01:31:09] Read2: loaded 210M reads 
[01:31:10] Read1: loaded 211M reads 
[01:31:10] Read2: loaded 211M reads 
[01:31:11] Read2: loaded 212M reads 
[01:31:11] Read1: loaded 212M reads 
[01:31:11] Read1: loaded 213M reads 
[01:31:11] Read2: loaded 213M reads 
[01:31:12] Read2: loaded 214M reads 
[01:31:12] Read1: loaded 214M reads 
[01:31:13] Read2: loaded 215M reads 
[01:31:13] Read1: loaded 215M reads 
[01:31:14] Read2: loaded 216M reads 
[01:31:14] Read1: loaded 216M reads 
[01:31:14] Read2: loaded 217M reads 
[01:31:14] Read1: loaded 217M reads 
[01:31:15] Read2: loaded 218M reads 
[01:31:15] Read1: loaded 218M reads 
[01:31:16] Read2: loaded 219M reads 
[01:31:16] Read1: loaded 219M reads 
[01:31:16] Read1: loaded 220M reads 
[01:31:16] Read2: loaded 220M reads 
[01:31:17] Read2: loaded 221M reads 
[01:31:17] Read1: loaded 221M reads 
[01:31:18] Read2: loaded 222M reads 
[01:31:18] Read1: loaded 222M reads 
[01:31:18] Read1: loaded 223M reads 
[01:31:18] Read2: loaded 223M reads 
[01:31:19] Read2: loaded 224M reads 
[01:31:19] Read1: loaded 224M reads 
[01:31:20] Read2: loaded 225M reads 
[01:31:20] Read1: loaded 225M reads 
[01:31:20] Read1: loaded 226M reads 
[01:31:20] Read2: loaded 226M reads 
[01:31:21] Read2: loaded 227M reads 
[01:31:21] Read1: loaded 227M reads 
[01:31:22] Read2: loaded 228M reads 
[01:31:22] Read1: loaded 228M reads 
[01:31:22] Read1: loaded 229M reads 
[01:31:22] Read2: loaded 229M reads 
[01:31:23] Read1: loaded 230M reads 
[01:31:23] Read2: loaded 230M reads 
[01:31:24] Read1: loaded 231M reads 
[01:31:24] Read2: loaded 231M reads 
[01:31:24] Read2: loaded 232M reads 
[01:31:24] Read1: loaded 232M reads 
[01:31:25] Read2: loaded 233M reads 
[01:31:25] Read1: loaded 233M reads 
[01:31:26] Read1: loaded 234M reads 
[01:31:26] Read2: loaded 234M reads 
[01:31:26] Read1: loaded 235M reads 
[01:31:26] Read2: loaded 235M reads 
[01:31:27] Read2: loaded 236M reads 
[01:31:27] Read1: loaded 236M reads 
[01:31:28] Read1: loaded 237M reads 
[01:31:28] Read2: loaded 237M reads 
[01:31:28] Read1: loaded 238M reads 
[01:31:28] Read2: loaded 238M reads 
[01:31:29] Read2: loaded 239M reads 
[01:31:29] Read1: loaded 239M reads 
[01:31:30] Read1: loaded 240M reads 
[01:31:30] Read2: loaded 240M reads 
[01:31:30] Read1: loaded 241M reads 
[01:31:30] Read2: loaded 241M reads 
[01:31:31] Read1: loaded 242M reads 
[01:31:31] Read2: loaded 242M reads 
[01:31:32] Read1: loaded 243M reads 
[01:31:32] Read2: loaded 243M reads 
[01:31:33] Read2: loaded 244M reads 
[01:31:33] Read1: loaded 244M reads 
[01:31:33] Read2: loaded 245M reads 
[01:31:33] Read1: loaded 245M reads 
[01:31:34] Read2: loaded 246M reads 
[01:31:34] Read1: loaded 246M reads 
[01:31:35] Read1: loaded 247M reads 
[01:31:35] Read2: loaded 247M reads 
[01:31:35] Read1: loaded 248M reads 
[01:31:35] Read2: loaded 248M reads 
[01:31:36] Read1: loaded 249M reads 
[01:31:36] Read2: loaded 249M reads 
[01:31:37] Read2: loaded 250M reads 
[01:31:37] Read1: loaded 250M reads 
[01:31:37] Read2: loaded 251M reads 
[01:31:37] Read1: loaded 251M reads 
[01:31:38] Read2: loaded 252M reads 
[01:31:38] Read1: loaded 252M reads 
[01:31:39] Read1: loaded 253M reads 
[01:31:39] Read2: loaded 253M reads 
[01:31:39] Read1: loaded 254M reads 
[01:31:39] Read2: loaded 254M reads 
[01:31:40] Read2: loaded 255M reads 
[01:31:40] Read1: loaded 255M reads 
[01:31:41] Read2: loaded 256M reads 
[01:31:41] Read1: loaded 256M reads 
[01:31:41] Read2: loaded 257M reads 
[01:31:41] Read1: loaded 257M reads 
[01:31:42] Read1: loaded 258M reads 
[01:31:42] Read2: loaded 258M reads 
[01:31:43] Read1: loaded 259M reads 
[01:31:43] Read2: loaded 259M reads 
[01:31:43] Read1: loaded 260M reads 
[01:31:43] Read2: loaded 260M reads 
[01:31:44] Read1: loaded 261M reads 
[01:31:44] Read2: loaded 261M reads 
[01:31:45] Read2: loaded 262M reads 
[01:31:45] Read1: loaded 262M reads 
[01:31:45] Read2: loaded 263M reads 
[01:31:45] Read1: loaded 263M reads 
[01:31:46] Read1: loaded 264M reads 
[01:31:46] Read2: loaded 264M reads 
[01:31:47] Read1: loaded 265M reads 
[01:31:47] Read2: loaded 265M reads 
[01:31:47] Read1: loaded 266M reads 
[01:31:47] Read2: loaded 266M reads 
[01:31:48] Read2: loaded 267M reads 
[01:31:48] Read1: loaded 267M reads 
[01:31:49] Read1: loaded 268M reads 
[01:31:49] Read2: loaded 268M reads 
[01:31:49] Read2: loaded 269M reads 
[01:31:49] Read1: loaded 269M reads 
[01:31:50] Read1: loaded 270M reads 
[01:31:50] Read2: loaded 270M reads 
[01:31:51] Read2: loaded 271M reads 
[01:31:51] Read1: loaded 271M reads 
[01:31:52] Read1: loaded 272M reads 
[01:31:52] Read2: loaded 272M reads 
[01:31:52] Read2: loaded 273M reads 
[01:31:52] Read1: loaded 273M reads 
[01:31:53] Read1: loaded 274M reads 
[01:31:53] Read2: loaded 274M reads 
[01:31:54] Read2: loaded 275M reads 
[01:31:54] Read1: loaded 275M reads 
[01:31:54] Read1: loaded 276M reads 
[01:31:54] Read2: loaded 276M reads 
[01:31:55] Read1: loaded 277M reads 
[01:31:55] Read2: loaded 277M reads 
[01:31:56] Read1: loaded 278M reads 
[01:31:56] Read2: loaded 278M reads 
[01:31:56] Read2: loaded 279M reads 
[01:31:56] Read1: loaded 279M reads 
[01:31:57] Read1: loaded 280M reads 
[01:31:57] Read2: loaded 280M reads 
[01:31:58] Read1: loaded 281M reads 
[01:31:58] Read2: loaded 281M reads 
[01:31:58] Read1: loaded 282M reads 
[01:31:58] Read2: loaded 282M reads 
[01:31:59] Read1: loaded 283M reads 
[01:31:59] Read2: loaded 283M reads 
[01:32:00] Read1: loaded 284M reads 
[01:32:00] Read2: loaded 284M reads 
[01:32:00] Read2: loaded 285M reads 
[01:32:00] Read1: loaded 285M reads 
[01:32:01] Read2: loaded 286M reads 
[01:32:01] Read1: loaded 286M reads 
[01:32:02] Read1: loaded 287M reads 
[01:32:02] Read2: loaded 287M reads 
[01:32:02] Read2: loaded 288M reads 
[01:32:02] Read1: loaded 288M reads 
[01:32:03] Read1: loaded 289M reads 
[01:32:03] Read2: loaded 289M reads 
[01:32:04] Read1: loaded 290M reads 
[01:32:04] Read2: loaded 290M reads 
[01:32:04] Read1: loaded 291M reads 
[01:32:04] Read2: loaded 291M reads 
[01:32:05] Read1: loaded 292M reads 
[01:32:05] Read2: loaded 292M reads 
[01:32:06] Read2: loaded 293M reads 
[01:32:06] Read1: loaded 293M reads 
[01:32:06] Read2: loaded 294M reads 
[01:32:06] Read1: loaded 294M reads 
[01:32:07] Read2: loaded 295M reads 
[01:32:07] Read1: loaded 295M reads 
[01:32:08] Read1: loaded 296M reads 
[01:32:08] Read2: loaded 296M reads 
[01:32:09] Read1: loaded 297M reads 
[01:32:09] Read2: loaded 297M reads 
[01:32:09] Read1: loaded 298M reads 
[01:32:09] Read2: loaded 298M reads 
[01:32:10] Read2: loaded 299M reads 
[01:32:10] Read1: loaded 299M reads 
[01:32:11] Read2: loaded 300M reads 
[01:32:11] Read1: loaded 300M reads 
[01:32:11] Read2: loaded 301M reads 
[01:32:11] Read1: loaded 301M reads 
[01:32:12] Read2: loaded 302M reads 
[01:32:12] Read1: loaded 302M reads 
[01:32:13] Read1: loaded 303M reads 
[01:32:13] Read2: loaded 303M reads 
[01:32:13] Read1: loaded 304M reads 
[01:32:13] Read2: loaded 304M reads 
[01:32:14] Read1: loaded 305M reads 
[01:32:14] Read2: loaded 305M reads 
[01:32:15] Read1: loaded 306M reads 
[01:32:15] Read2: loaded 306M reads 
[01:32:15] Read1: loaded 307M reads 
[01:32:15] Read2: loaded 307M reads 
[01:32:16] Read2: loaded 308M reads 
[01:32:16] Read1: loaded 308M reads 
[01:32:17] Read1: loaded 309M reads 
[01:32:17] Read2: loaded 309M reads 
[01:32:17] Read2: loaded 310M reads 
[01:32:17] Read1: loaded 310M reads 
[01:32:18] Read1: loaded 311M reads 
[01:32:18] Read2: loaded 311M reads 
[01:32:19] Read2: loaded 312M reads 
[01:32:19] Read1: loaded 312M reads 
[01:32:19] Read2: loaded 313M reads 
[01:32:19] Read1: loaded 313M reads 
[01:32:20] Read1: loaded 314M reads 
[01:32:20] Read2: loaded 314M reads 
[01:32:21] Read1: loaded 315M reads 
[01:32:21] Read2: loaded 315M reads 
[01:32:22] Read1: loaded 316M reads 
[01:32:22] Read2: loaded 316M reads 
[01:32:22] Read2: loaded 317M reads 
[01:32:22] Read1: loaded 317M reads 
[01:32:23] Read1: loaded 318M reads 
[01:32:23] Read2: loaded 318M reads 
[01:32:24] Read2: loaded 319M reads 
[01:32:24] Read1: loaded 319M reads 
[01:32:24] Read2: loaded 320M reads 
[01:32:24] Read1: loaded 320M reads 
[01:32:25] Read1: loaded 321M reads 
[01:32:25] Read2: loaded 321M reads 
[01:32:26] Read2: loaded 322M reads 
[01:32:26] Read1: loaded 322M reads 
[01:32:26] Read2: loaded 323M reads 
[01:32:26] Read1: loaded 323M reads 
[01:32:27] Read2: loaded 324M reads 
[01:32:27] Read1: loaded 324M reads 
[01:32:28] Read1: loaded 325M reads 
[01:32:28] Read2: loaded 325M reads 
[01:32:28] Read1: loaded 326M reads 
[01:32:28] Read2: loaded 326M reads 
[01:32:29] Read2: loaded 327M reads 
[01:32:29] Read1: loaded 327M reads 
[01:32:30] Read1: loaded 328M reads 
[01:32:30] Read2: loaded 328M reads 
[01:32:30] Read2: loaded 329M reads 
[01:32:30] Read1: loaded 329M reads 
[01:32:31] Read2: loaded 330M reads 
[01:32:31] Read1: loaded 330M reads 
[01:32:32] Read1: loaded 331M reads 
[01:32:32] Read2: loaded 331M reads 
[01:32:33] Read2: loaded 332M reads 
[01:32:33] Read1: loaded 332M reads 
[01:32:33] Read1: loaded 333M reads 
[01:32:33] Read2: loaded 333M reads 
[01:32:34] Read1: loaded 334M reads 
[01:32:34] Read2: loaded 334M reads 
[01:32:35] Read2: loaded 335M reads 
[01:32:35] Read1: loaded 335M reads 
[01:32:35] Read2: loaded 336M reads 
[01:32:35] Read1: loaded 336M reads 
[01:32:36] Read2: loaded 337M reads 
[01:32:36] Read1: loaded 337M reads 
[01:32:37] Read1: loaded 338M reads 
[01:32:37] Read2: loaded 338M reads 
[01:32:37] Read1: loaded 339M reads 
[01:32:37] Read2: loaded 339M reads 
[01:32:38] Read2: loaded 340M reads 
[01:32:38] Read1: loaded 340M reads 
[01:32:39] Read1: loaded 341M reads 
[01:32:39] Read2: loaded 341M reads 
[01:32:39] Read2: loaded 342M reads 
[01:32:39] Read1: loaded 342M reads 
[01:32:40] Read1: loaded 343M reads 
[01:32:40] Read2: loaded 343M reads 
[01:32:41] Read2: loaded 344M reads 
[01:32:41] Read1: loaded 344M reads 
[01:32:41] Read2: loaded 345M reads 
[01:32:41] Read1: loaded 345M reads 
[01:32:42] Read1: loaded 346M reads 
[01:32:42] Read2: loaded 346M reads 
[01:32:43] Read1: loaded 347M reads 
[01:32:43] Read2: loaded 347M reads 
[01:32:44] Read2: loaded 348M reads 
[01:32:44] Read1: loaded 348M reads 
[01:32:44] Read1: loaded 349M reads 
[01:32:44] Read2: loaded 349M reads 
[01:32:45] Read1: loaded 350M reads 
[01:32:45] Read2: loaded 350M reads 
[01:32:46] Read1: loaded 351M reads 
[01:32:46] Read2: loaded 351M reads 
[01:32:46] Read1: loaded 352M reads 
[01:32:46] Read2: loaded 352M reads 
[01:32:47] Read1: loaded 353M reads 
[01:32:47] Read2: loaded 353M reads 
[01:32:48] Read1: loaded 354M reads 
[01:32:48] Read2: loaded 354M reads 
[01:32:48] Read1: loaded 355M reads 
[01:32:48] Read2: loaded 355M reads 
[01:32:49] Read2: loaded 356M reads 
[01:32:49] Read1: loaded 356M reads 
[01:32:50] Read1: loaded 357M reads 
[01:32:50] Read2: loaded 357M reads 
[01:32:50] Read2: loaded 358M reads 
[01:32:50] Read1: loaded 358M reads 
[01:32:51] Read1: loaded 359M reads 
[01:32:51] Read2: loaded 359M reads 
[01:32:52] Read2: loaded 360M reads 
[01:32:52] Read1: loaded 360M reads 
[01:32:52] Read2: loaded 361M reads 
[01:32:53] Read1: loaded 361M reads 
[01:32:53] Read1: loading completed with 44102 packs 
[01:32:53] Read2: loading completed with 44102 packs 
[01:32:53] [fastp 1.3.3-d0bromir] Stage: loading (245549 ms) 
[01:32:53] [fastp 1.3.3-d0bromir] Stage: filtering 
[01:32:53] thread 12 data processing completed 
[01:32:53] thread 12 finished 
[01:32:53] thread 15 data processing completed 
[01:32:53] thread 15 finished 
[01:32:53] thread 13 data processing completed 
[01:32:53] thread 13 finished 
[01:32:53] thread 2 data processing completed 
[01:32:53] thread 2 finished 
[01:32:53] thread 11 data processing completed 
[01:32:53] thread 11 finished 
[01:32:53] thread 8 data processing completed 
[01:32:53] thread 8 finished 
[01:32:53] thread 10 data processing completed 
[01:32:53] thread 10 finished 
[01:32:53] thread 16 data processing completed 
[01:32:53] thread 16 finished 
[01:32:53] thread 14 data processing completed 
[01:32:53] thread 14 finished 
[01:32:53] thread 4 data processing completed 
[01:32:53] thread 4 finished 
[01:32:53] thread 6 data processing completed 
[01:32:53] thread 6 finished 
[01:32:53] thread 9 data processing completed 
[01:32:53] thread 9 finished 
[01:32:53] thread 5 data processing completed 
[01:32:53] thread 5 finished 
[01:32:53] thread 3 data processing completed 
[01:32:53] thread 3 finished 
[01:32:53] thread 1 data processing completed 
[01:32:53] thread 1 finished 
[01:32:53] thread 7 data processing completed 
[01:32:53] thread 7 finished 
[01:32:53] [fastp 1.3.3-d0bromir] Stage: filtering (354 ms) 
[01:32:53] [fastp 1.3.3-d0bromir] Stage: writing 
[01:32:53] /dev/shm/fastp_bench_gDCehX_R1.fq.gz writer finished 
[01:32:53] /dev/shm/fastp_bench_YPfees_R2.fq.gz writer finished 
[01:32:53] [fastp 1.3.3-d0bromir] Stage: writing (26 ms) 
[01:32:53] [GPU] Device 0: batches=44102 reads=361279638 
[01:32:53] [GPU] Device 1: batches=44102 reads=361283584 
[01:32:53] start to generate reports
 
Read1 before filtering:
total reads: 361281611
total bases: 54192241650
Q20 bases: 54123398100(99.873%)
Q30 bases: 54123398100(99.873%)
Q40 bases: 0(0%)

Read2 before filtering:
total reads: 361281611
total bases: 54192241650
Q20 bases: 53855170050(99.378%)
Q30 bases: 53855170050(99.378%)
Q40 bases: 0(0%)

Read1 after filtering:
total reads: 358607374
total bases: 53574361382
Q20 bases: 53574361382(100%)
Q30 bases: 53574361382(100%)
Q40 bases: 0(0%)

Read2 after filtering:
total reads: 358607374
total bases: 53574361382
Q20 bases: 53574361382(100%)
Q30 bases: 53574361382(100%)
Q40 bases: 0(0%)

Filtering result:
reads passed filter: 717214748
reads failed due to low quality: 5328396
reads failed due to too many N: 20078
reads failed due to too short: 0
reads failed due to adapter dimer: 0
reads with adapter trimmed: 9627740
bases trimmed due to adapters: 442711160

Duplication rate: 5.60214%

Insert size peak (evaluated by paired-end reads): 269

JSON report: /dev/shm/fastp_bench_75i4Nz.json
HTML report: /dev/null

/home/mpiuser/bioauto_rev/fastp_d0bromir/fastp -w 16 -j /dev/shm/fastp_bench_75i4Nz.json -h /dev/null --verbose -i /home/mpiuser/FASTQ/WGS/DRR216653_1.fastq.gz -I /home/mpiuser/FASTQ/WGS/DRR216653_2.fastq.gz -o /dev/shm/fastp_bench_gDCehX_R1.fq.gz -O /dev/shm/fastp_bench_YPfees_R2.fq.gz 
fastp v1.3.3-d0bromir, time used: 247 seconds
================================================================
